2026-08-20 00:00:05,048 - INFO - Running backup for tag: q3-sony-au-prod-app
2026-08-20 00:00:05,630 - INFO - Creating backup for: i-06d38c59f8fbeafd7
2026-08-20 00:00:06,418 - INFO - Backup Job ID: 718f57b9-999e-45a7-9192-01aff9c02c70 started at 2026-08-20 00:00:06
2026-08-20 00:00:06,418 - INFO - Creating backup for: i-064f24ae34d9379f7
2026-08-20 00:00:06,766 - INFO - Backup Job ID: 01d5e7af-5052-47a4-b2b2-5c65b6e969c7 started at 2026-08-20 00:00:06
2026-08-20 00:05:02,764 - INFO - Running backup for tag: q3-sony-au-prod-batch
2026-08-20 00:05:03,412 - INFO - Creating backup for: i-012703a28d4ae0ad3
2026-08-20 00:05:04,148 - INFO - Backup Job ID: 41932ced-48aa-488c-a8d1-832e5835f0a1 started at 2026-08-20 00:05:04
2026-08-20 00:09:52,335 - INFO - Backup completed: 718f57b9-999e-45a7-9192-01aff9c02c70
2026-08-20 00:13:20,908 - INFO - Backup completed: 01d5e7af-5052-47a4-b2b2-5c65b6e969c7
2026-08-20 00:13:26,060 - INFO - Backup total time: 0:13:18.865986
2026-08-20 00:13:26,126 - INFO - Completed backups: ['i-064f24ae34d9379f7', 'i-06d38c59f8fbeafd7']
2026-08-20 00:21:24,714 - INFO - Backup completed: 41932ced-48aa-488c-a8d1-832e5835f0a1
2026-08-20 00:21:29,858 - INFO - Backup total time: 0:16:25.269334
2026-08-20 00:21:29,927 - INFO - Completed backups: ['i-012703a28d4ae0ad3']
2026-08-20 04:02:03,450 - INFO - Running backup for tag: q3-sony-au-prod-app
2026-08-20 04:02:03,937 - INFO - Creating backup for: i-06d38c59f8fbeafd7
2026-08-20 04:02:04,699 - INFO - Backup Job ID: 0882b5d3-6229-4dac-abde-20158234beab started at 2026-08-20 04:02:04
2026-08-20 04:02:04,699 - INFO - Creating backup for: i-064f24ae34d9379f7
2026-08-20 04:02:05,015 - INFO - Backup Job ID: 0204497b-12ed-483b-9c60-afee7c917d3d started at 2026-08-20 04:02:04
2026-08-20 04:03:02,552 - INFO - Running backup for tag: q3-sony-au-prod-batch
2026-08-20 04:03:02,971 - INFO - Creating backup for: i-012703a28d4ae0ad3
2026-08-20 04:03:03,710 - INFO - Backup Job ID: 405835b5-bd5c-4cd4-b667-49eb899dd58b started at 2026-08-20 04:03:03
2026-08-20 04:07:20,700 - INFO - Backup completed: 0882b5d3-6229-4dac-abde-20158234beab
2026-08-20 04:09:31,624 - INFO - Backup completed: 0204497b-12ed-483b-9c60-afee7c917d3d
2026-08-20 04:09:36,817 - INFO - Backup total time: 0:07:31.397938
2026-08-20 04:09:36,898 - INFO - Completed backups: ['i-064f24ae34d9379f7', 'i-06d38c59f8fbeafd7']
2026-08-20 04:21:23,314 - INFO - Backup completed: 405835b5-bd5c-4cd4-b667-49eb899dd58b
2026-08-20 04:21:28,455 - INFO - Backup total time: 0:18:24.383848
2026-08-20 04:21:28,545 - INFO - Completed backups: ['i-012703a28d4ae0ad3']
