2026-07-06 00:00:04,907 - INFO - Running backup for tag: q3-colehaan-uat
2026-07-06 00:00:05,608 - INFO - Creating backup for: i-0e3c9019c3899fc24
2026-07-06 00:00:05,792 - INFO - Backup Job ID: 4535e8ac-2fc0-4385-86bc-4acc933f4a04 started at 2026-07-06 00:00:05
2026-07-06 01:01:28,587 - INFO - Backup completed: 4535e8ac-2fc0-4385-86bc-4acc933f4a04
2026-07-06 01:01:33,726 - INFO - Backup total time: 1:01:27.297489
2026-07-06 01:01:33,807 - INFO - Completed backups: ['i-0e3c9019c3899fc24']
2026-07-06 20:02:03,390 - INFO - Running backup for tag: DIB-Dev
2026-07-06 20:02:03,764 - INFO - Creating backup for: i-0a0d1c277699e6002
2026-07-06 20:02:03,959 - INFO - Backup Job ID: 880e7f88-b338-4e83-8b1a-acf46dc3993a started at 2026-07-06 20:02:03
2026-07-06 20:10:03,101 - INFO - Running backup for tag: DIB-UAT-1
2026-07-06 20:10:03,706 - INFO - Creating backup for: i-0da9db3fe030f8a9e
2026-07-06 20:10:03,858 - INFO - Backup Job ID: 1f3be548-5277-4ffc-8fbc-856a2707f982 started at 2026-07-06 20:10:03
2026-07-06 20:10:03,858 - INFO - Creating backup for: i-08a386754cd949103
2026-07-06 20:10:03,955 - INFO - Backup Job ID: 4aa5177b-e308-4c11-b37c-191861f55610 started at 2026-07-06 20:10:03
2026-07-06 20:10:03,955 - INFO - Creating backup for: i-0b2f0394db704a938
2026-07-06 20:10:04,119 - INFO - Backup Job ID: ff50193c-f188-4be2-9d15-db8a34b78f0d started at 2026-07-06 20:10:04
2026-07-06 20:12:15,447 - INFO - Backup completed: ff50193c-f188-4be2-9d15-db8a34b78f0d
2026-07-06 20:12:20,474 - INFO - Backup completed: 1f3be548-5277-4ffc-8fbc-856a2707f982
2026-07-06 20:14:11,154 - INFO - Backup completed: 4aa5177b-e308-4c11-b37c-191861f55610
2026-07-06 20:14:16,298 - INFO - Backup total time: 0:04:11.739456
2026-07-06 20:14:16,370 - INFO - Completed backups: ['i-0b2f0394db704a938', 'i-0da9db3fe030f8a9e', 'i-08a386754cd949103']
2026-07-06 20:20:03,114 - INFO - Running backup for tag: DIB-UAT-2
2026-07-06 20:20:03,762 - INFO - Creating backup for: i-07347549ed5dc615a
2026-07-06 20:20:03,906 - INFO - Backup Job ID: 60c4cc70-1eed-4de6-8552-690747ddf0f6 started at 2026-07-06 20:20:03
2026-07-06 20:20:03,906 - INFO - Creating backup for: i-00d7f255d0917e22c
2026-07-06 20:20:04,010 - INFO - Backup Job ID: bbdc247f-f76b-411d-82fb-7bd60fdbc78f started at 2026-07-06 20:20:03
2026-07-06 20:20:04,011 - INFO - Creating backup for: i-0061e0ca24620c596
2026-07-06 20:20:04,165 - INFO - Backup Job ID: 82d0225a-7164-4e41-927d-94516ad5f854 started at 2026-07-06 20:20:04
2026-07-06 20:20:04,165 - INFO - Creating backup for: i-0d9ded21646d6e67a
2026-07-06 20:20:04,286 - INFO - Backup Job ID: 0a3e5c24-dc5a-4f13-9dee-22733356e159 started at 2026-07-06 20:20:04
2026-07-06 20:21:58,080 - INFO - Backup completed: 880e7f88-b338-4e83-8b1a-acf46dc3993a
2026-07-06 20:22:03,235 - INFO - Backup total time: 0:19:58.919225
2026-07-06 20:22:03,307 - INFO - Completed backups: ['i-0a0d1c277699e6002']
2026-07-06 20:28:18,089 - INFO - Backup completed: 82d0225a-7164-4e41-927d-94516ad5f854
2026-07-06 20:28:23,111 - INFO - Backup completed: 0a3e5c24-dc5a-4f13-9dee-22733356e159
2026-07-06 20:28:28,136 - INFO - Backup completed: 60c4cc70-1eed-4de6-8552-690747ddf0f6
2026-07-06 21:00:03,064 - INFO - Running backup for tag: ITS-UAT
2026-07-06 21:00:03,911 - INFO - Creating backup for: i-007f3279cd85abd77
2026-07-06 21:00:04,274 - INFO - Backup Job ID: d88bb534-2dfb-4c1b-ae35-dea2babeefab started at 2026-07-06 21:00:04
2026-07-06 21:36:27,171 - INFO - Backup completed: bbdc247f-f76b-411d-82fb-7bd60fdbc78f
2026-07-06 21:36:32,332 - INFO - Backup total time: 1:16:27.637551
2026-07-06 21:36:32,406 - INFO - Completed backups: ['i-0d9ded21646d6e67a', 'i-00d7f255d0917e22c', 'i-07347549ed5dc615a', 'i-0061e0ca24620c596']
2026-07-06 22:00:03,215 - INFO - Running backup for tag: Kendra-UAT
2026-07-06 22:00:03,944 - INFO - Creating backup for: i-045587ea8e67eeeac
2026-07-06 22:00:04,175 - INFO - Backup Job ID: 3b8c36c9-94fa-4a53-998d-4f4b69a13121 started at 2026-07-06 22:00:04
2026-07-06 22:12:16,777 - INFO - Backup completed: d88bb534-2dfb-4c1b-ae35-dea2babeefab
2026-07-06 22:12:21,912 - INFO - Backup total time: 1:12:16.927052
2026-07-06 22:12:21,989 - INFO - Completed backups: ['i-007f3279cd85abd77']
2026-07-06 22:21:53,606 - INFO - Backup completed: 3b8c36c9-94fa-4a53-998d-4f4b69a13121
2026-07-06 22:21:58,751 - INFO - Backup total time: 0:21:53.408054
2026-07-06 22:21:58,828 - INFO - Completed backups: ['i-045587ea8e67eeeac']
2026-07-06 23:00:02,967 - INFO - Running backup for tag: Kinaxis-UAT
2026-07-06 23:00:03,955 - INFO - Creating backup for: i-0adb606fcd1978c0b
2026-07-06 23:00:04,189 - INFO - Backup Job ID: b9cb8c69-adb8-4e6d-837e-4e736a3a893c started at 2026-07-06 23:00:04
2026-07-06 23:00:04,189 - INFO - Creating backup for: i-05d9c53918f5e3f48
2026-07-06 23:00:04,382 - INFO - Backup Job ID: a1f1e5be-8013-4537-8c92-d787f29a2af7 started at 2026-07-06 23:00:04
2026-07-06 23:09:34,342 - INFO - Backup completed: a1f1e5be-8013-4537-8c92-d787f29a2af7
2026-07-06 23:09:39,358 - INFO - Backup completed: b9cb8c69-adb8-4e6d-837e-4e736a3a893c
2026-07-06 23:09:44,507 - INFO - Backup total time: 0:09:38.874835
2026-07-06 23:09:44,579 - INFO - Completed backups: ['i-0adb606fcd1978c0b', 'i-05d9c53918f5e3f48']
