2026-07-04 02:00:05,117 - INFO - Running backup for tag: q3-ceva-uat
2026-07-04 02:00:06,385 - INFO - Creating backup for: i-0389983084ba71b11
2026-07-04 02:00:06,526 - INFO - Backup Job ID: f1ac7ee1-495f-4d3f-8cac-f8e2c358e459 started at 2026-07-04 02:00:06
2026-07-04 02:13:32,588 - INFO - Backup completed: f1ac7ee1-495f-4d3f-8cac-f8e2c358e459
2026-07-04 02:13:37,726 - INFO - Backup total time: 0:13:30.164757
2026-07-04 02:13:37,796 - INFO - Completed backups: ['i-0389983084ba71b11']
2026-07-04 20:05:03,066 - INFO - Running backup for tag: q3-CoolDrive-uat
2026-07-04 20:05:03,172 - INFO - Running backup for tag: q3-UPS-Phillips-UAT
2026-07-04 20:05:03,572 - INFO - Creating backup for: i-0ad717fcfefd6d159
2026-07-04 20:05:03,614 - INFO - Creating backup for: i-0fbfb37de825ca2ab
2026-07-04 20:05:03,766 - INFO - Backup Job ID: 38088370-c728-47de-9baa-1563cecc3472 started at 2026-07-04 20:05:03
2026-07-04 20:05:04,319 - INFO - Backup Job ID: af6d8e22-c696-416b-9a93-545c9cd6249e started at 2026-07-04 20:05:04
2026-07-04 20:09:11,306 - INFO - Backup completed: af6d8e22-c696-416b-9a93-545c9cd6249e
2026-07-04 20:09:16,439 - INFO - Backup total time: 0:04:11.730490
2026-07-04 20:09:16,510 - INFO - Completed backups: ['i-0ad717fcfefd6d159']
2026-07-04 20:13:17,503 - INFO - Backup completed: 38088370-c728-47de-9baa-1563cecc3472
2026-07-04 20:13:22,640 - INFO - Backup total time: 0:08:18.417788
2026-07-04 20:13:22,725 - INFO - Completed backups: ['i-0fbfb37de825ca2ab']
2026-07-04 20:15:03,386 - INFO - Running backup for tag: q3-incomm-wms-uat
2026-07-04 20:15:03,819 - INFO - Creating backup for: i-0a74b65d459b12c6c
2026-07-04 20:15:03,983 - INFO - Backup Job ID: d07f03fd-7e85-4b30-b3c9-31e2d2c002be started at 2026-07-04 20:15:03
2026-07-04 20:23:17,347 - INFO - Backup completed: d07f03fd-7e85-4b30-b3c9-31e2d2c002be
2026-07-04 20:23:22,489 - INFO - Backup total time: 0:08:18.096801
2026-07-04 20:23:22,559 - INFO - Completed backups: ['i-0a74b65d459b12c6c']
2026-07-04 20:30:04,085 - INFO - Running backup for tag: q3-ups-post-sale-uat
2026-07-04 20:30:04,669 - INFO - Creating backup for: i-0bcc8aeb2016a4635
2026-07-04 20:30:04,816 - INFO - Backup Job ID: 510ef630-7fb3-401a-a753-8ee20f07dbd6 started at 2026-07-04 20:30:04
2026-07-04 20:30:04,816 - INFO - Creating backup for: i-0a0d76f998eafb87b
2026-07-04 20:30:04,937 - INFO - Backup Job ID: 80712da6-2f68-42c2-bc7a-14d35b8b6f6b started at 2026-07-04 20:30:04
2026-07-04 20:34:16,976 - INFO - Backup completed: 510ef630-7fb3-401a-a753-8ee20f07dbd6
2026-07-04 20:46:26,255 - INFO - Backup completed: 80712da6-2f68-42c2-bc7a-14d35b8b6f6b
2026-07-04 20:46:31,399 - INFO - Backup total time: 0:16:26.002550
2026-07-04 20:46:31,479 - INFO - Completed backups: ['i-0bcc8aeb2016a4635', 'i-0a0d76f998eafb87b']
2026-07-04 20:50:03,283 - INFO - Running backup for tag: q3-ups-productionization-uat-1
2026-07-04 20:50:03,786 - INFO - Creating backup for: i-0aa0af4bf368a2b47
2026-07-04 20:50:03,917 - INFO - Backup Job ID: 364aa6a4-20f3-4137-8a26-a00d2b169bd7 started at 2026-07-04 20:50:03
2026-07-04 20:50:03,917 - INFO - Creating backup for: i-0bb8fc1b391cfcd9f
2026-07-04 20:50:04,076 - INFO - Backup Job ID: 78c2c9f2-f4ac-4b46-af74-c32c1ad23c7a started at 2026-07-04 20:50:04
2026-07-04 20:50:04,076 - INFO - Creating backup for: i-0aa7e0754fce91add
2026-07-04 20:50:04,226 - INFO - Backup Job ID: bd0c26d5-aabc-4b64-aa6f-b19b199f64a4 started at 2026-07-04 20:50:04
2026-07-04 20:50:04,226 - INFO - Creating backup for: i-01f18453cd5d000fe
2026-07-04 20:50:04,364 - INFO - Backup Job ID: dbc13135-41f8-4249-8ea9-da9c0254f69b started at 2026-07-04 20:50:04
2026-07-04 20:50:04,364 - INFO - Creating backup for: i-0cdf42cadd65dbfc9
2026-07-04 20:50:04,490 - INFO - Backup Job ID: 6ace1528-2261-4976-b409-9fc0ec141666 started at 2026-07-04 20:50:04
2026-07-04 20:54:26,743 - INFO - Backup completed: bd0c26d5-aabc-4b64-aa6f-b19b199f64a4
2026-07-04 20:58:33,128 - INFO - Backup completed: dbc13135-41f8-4249-8ea9-da9c0254f69b
2026-07-04 21:00:03,651 - INFO - Running backup for tag: q3-ups-productionization-uat-2
2026-07-04 21:00:04,711 - INFO - Creating backup for: i-037f30b6a12aa2425
2026-07-04 21:00:04,892 - INFO - Backup Job ID: 5d01cd79-96b3-40fb-a038-1f489036bd01 started at 2026-07-04 21:00:04
2026-07-04 21:00:04,893 - INFO - Creating backup for: i-071e5bd83a1496e91
2026-07-04 21:00:05,082 - INFO - Backup Job ID: 1301a2f9-01e1-4f0f-9e68-ece9910b4443 started at 2026-07-04 21:00:05
2026-07-04 21:00:05,082 - INFO - Creating backup for: i-07f2be0392345f537
2026-07-04 21:00:05,203 - INFO - Backup Job ID: 5d671f81-487e-4166-a406-1fd81039dd8d started at 2026-07-04 21:00:05
2026-07-04 21:00:05,203 - INFO - Creating backup for: i-0c7bf16d87523f2a8
2026-07-04 21:00:05,338 - INFO - Backup Job ID: 2dd741e6-edac-4cf2-abba-b46591b7b3cb started at 2026-07-04 21:00:05
2026-07-04 21:06:25,643 - INFO - Backup completed: 6ace1528-2261-4976-b409-9fc0ec141666
2026-07-04 21:16:24,027 - INFO - Backup completed: 364aa6a4-20f3-4137-8a26-a00d2b169bd7
2026-07-04 21:21:23,110 - INFO - Backup completed: 5d671f81-487e-4166-a406-1fd81039dd8d
2026-07-04 21:21:53,279 - INFO - Backup completed: 1301a2f9-01e1-4f0f-9e68-ece9910b4443
2026-07-04 21:21:58,313 - INFO - Backup completed: 2dd741e6-edac-4cf2-abba-b46591b7b3cb
2026-07-04 21:30:03,431 - INFO - Running backup for tag: q3-ups-Swarovski-uat
2026-07-04 21:30:04,200 - INFO - Creating backup for: i-0fc40ca6203f3eb1f
2026-07-04 21:30:04,388 - INFO - Backup Job ID: 9e96fa3b-ba13-4ac1-b5e7-78ef08288024 started at 2026-07-04 21:30:04
2026-07-04 21:38:17,290 - INFO - Backup completed: 9e96fa3b-ba13-4ac1-b5e7-78ef08288024
2026-07-04 21:38:22,422 - INFO - Backup total time: 0:08:17.610450
2026-07-04 21:38:22,509 - INFO - Completed backups: ['i-0fc40ca6203f3eb1f']
2026-07-04 21:41:24,738 - INFO - Backup completed: 5d01cd79-96b3-40fb-a038-1f489036bd01
2026-07-04 21:41:29,886 - INFO - Backup total time: 0:41:23.907306
2026-07-04 21:41:29,959 - INFO - Completed backups: ['i-037f30b6a12aa2425', 'i-0c7bf16d87523f2a8', 'i-071e5bd83a1496e91', 'i-07f2be0392345f537']
2026-07-04 21:45:02,628 - INFO - Running backup for tag: q3-ups-pilot-uat
2026-07-04 21:45:03,493 - INFO - Creating backup for: i-0752e0f70eb423eaf
2026-07-04 21:45:03,673 - INFO - Backup Job ID: 4a901caf-a47a-47d9-b646-a48d0a6a5ccc started at 2026-07-04 21:45:03
2026-07-04 21:45:03,673 - INFO - Creating backup for: i-013844432aeb1e503
2026-07-04 21:45:03,819 - INFO - Backup Job ID: 8ca79a0d-1638-4442-8dc3-b3f671779e8f started at 2026-07-04 21:45:03
2026-07-04 21:46:28,603 - INFO - Backup completed: 78c2c9f2-f4ac-4b46-af74-c32c1ad23c7a
2026-07-04 21:46:33,771 - INFO - Backup total time: 0:56:28.641850
2026-07-04 21:46:33,847 - INFO - Completed backups: ['i-01f18453cd5d000fe', 'i-0cdf42cadd65dbfc9', 'i-0bb8fc1b391cfcd9f', 'i-0aa0af4bf368a2b47', 'i-0aa7e0754fce91add']
2026-07-04 21:47:14,977 - INFO - Backup completed: 4a901caf-a47a-47d9-b646-a48d0a6a5ccc
2026-07-04 21:49:15,727 - INFO - Backup completed: 8ca79a0d-1638-4442-8dc3-b3f671779e8f
2026-07-04 21:49:20,866 - INFO - Backup total time: 0:04:16.649975
2026-07-04 21:49:20,941 - INFO - Completed backups: ['i-0752e0f70eb423eaf', 'i-013844432aeb1e503']
2026-07-04 22:00:02,587 - INFO - Running backup for tag: q3-ups-apacpzn-uat
2026-07-04 22:00:03,693 - INFO - Creating backup for: i-0cd29f94757bc66a5
2026-07-04 22:00:03,914 - INFO - Backup Job ID: 134c73bf-d8e1-426f-a2f9-452843a6026a started at 2026-07-04 22:00:03
2026-07-04 22:15:02,832 - INFO - Running backup for tag: q3-ups-apac-uat
2026-07-04 22:15:03,257 - INFO - Creating backup for: i-0d575a06152aaaafe
2026-07-04 22:15:03,444 - INFO - Backup Job ID: 739e9961-5843-4a49-a6c7-43e5b5440ee2 started at 2026-07-04 22:15:03
2026-07-04 22:15:03,444 - INFO - Creating backup for: i-01e4f216ed1583097
2026-07-04 22:15:03,562 - INFO - Backup Job ID: 7d4ed4f2-d543-4a66-aff3-986c2614bc01 started at 2026-07-04 22:15:03
2026-07-04 22:17:09,672 - INFO - Backup completed: 7d4ed4f2-d543-4a66-aff3-986c2614bc01
2026-07-04 22:23:16,836 - INFO - Backup completed: 739e9961-5843-4a49-a6c7-43e5b5440ee2
2026-07-04 22:23:21,972 - INFO - Backup total time: 0:08:17.992476
2026-07-04 22:23:22,047 - INFO - Completed backups: ['i-0d575a06152aaaafe', 'i-01e4f216ed1583097']
2026-07-04 22:31:41,081 - INFO - Backup completed: 134c73bf-d8e1-426f-a2f9-452843a6026a
2026-07-04 22:31:46,259 - INFO - Backup total time: 0:31:41.440196
2026-07-04 22:31:46,336 - INFO - Completed backups: ['i-0cd29f94757bc66a5']
2026-07-04 23:00:04,623 - INFO - Running backup for tag: q3-Shiperoo-uat
2026-07-04 23:00:05,194 - INFO - Creating backup for: i-0f7b5fe724a125b6a
2026-07-04 23:00:06,047 - INFO - Backup Job ID: 3ce03409-2e8e-44f8-8f21-992aed13281c started at 2026-07-04 23:00:05
2026-07-04 23:21:26,559 - INFO - Backup completed: 3ce03409-2e8e-44f8-8f21-992aed13281c
2026-07-04 23:21:31,729 - INFO - Backup total time: 0:21:25.017848
2026-07-04 23:21:31,809 - INFO - Completed backups: ['i-0f7b5fe724a125b6a']
