2026-04-26 01:00:03,470 - INFO - Running backup for tag: q2-crane-prod-app
2026-04-26 01:00:04,434 - INFO - Creating backup for: i-0c4344749ed74f7ac
2026-04-26 01:00:04,633 - INFO - Backup Job ID: acfddc50-44a9-4464-bd8b-ca02f29ef1eb started at 2026-04-26 01:00:04
2026-04-26 01:00:04,634 - INFO - Creating backup for: i-0880c60a55367b904
2026-04-26 01:00:04,795 - INFO - Backup Job ID: 9082ac3e-d5e6-4ea8-bfc8-3cc711dc1adf started at 2026-04-26 01:00:04
2026-04-26 01:05:02,368 - INFO - Running backup for tag: q2-crane-prod-batch
2026-04-26 01:05:02,753 - INFO - Creating backup for: i-03eea58b221703725
2026-04-26 01:05:02,939 - INFO - Backup Job ID: 36fe81e9-047c-457f-a824-9932e38521f4 started at 2026-04-26 01:05:02
2026-04-26 01:13:15,237 - INFO - Backup completed: 9082ac3e-d5e6-4ea8-bfc8-3cc711dc1adf
2026-04-26 01:13:16,348 - INFO - Backup completed: 36fe81e9-047c-457f-a824-9932e38521f4
2026-04-26 01:13:20,272 - INFO - Backup completed: acfddc50-44a9-4464-bd8b-ca02f29ef1eb
2026-04-26 01:13:21,489 - INFO - Backup total time: 0:08:17.928591
2026-04-26 01:13:21,562 - INFO - Completed backups: ['i-03eea58b221703725']
2026-04-26 01:13:25,400 - INFO - Backup total time: 0:13:19.771997
2026-04-26 01:13:25,473 - INFO - Completed backups: ['i-0880c60a55367b904', 'i-0c4344749ed74f7ac']
2026-04-26 01:20:03,137 - INFO - Running backup for tag: q2-crane252-prod-app
2026-04-26 01:20:03,530 - INFO - Creating backup for: i-060618a5e572c4069
2026-04-26 01:20:04,175 - INFO - Backup Job ID: 31a1a58a-fec3-4ca9-8e65-b3a4d883f129 started at 2026-04-26 01:20:04
2026-04-26 01:20:04,175 - INFO - Creating backup for: i-0ad455e726a353339
2026-04-26 01:20:04,332 - INFO - Backup Job ID: 80050f42-fb1b-4538-a284-c26b3a2f6a66 started at 2026-04-26 01:20:04
2026-04-26 01:25:02,566 - INFO - Running backup for tag: q2-crane252-prod-batch
2026-04-26 01:25:02,909 - INFO - Creating backup for: i-086c4e6f6bca3f40c
2026-04-26 01:25:03,071 - INFO - Backup Job ID: 3f539eec-65fb-43ba-856b-343729139103 started at 2026-04-26 01:25:03
2026-04-26 01:28:17,770 - INFO - Backup completed: 31a1a58a-fec3-4ca9-8e65-b3a4d883f129
2026-04-26 01:28:22,785 - INFO - Backup completed: 80050f42-fb1b-4538-a284-c26b3a2f6a66
2026-04-26 01:28:27,919 - INFO - Backup total time: 0:08:23.204746
2026-04-26 01:28:28,003 - INFO - Completed backups: ['i-0ad455e726a353339', 'i-060618a5e572c4069']
2026-04-26 01:33:21,608 - INFO - Backup completed: 3f539eec-65fb-43ba-856b-343729139103
2026-04-26 01:33:26,751 - INFO - Backup total time: 0:08:23.167914
2026-04-26 01:33:26,822 - INFO - Completed backups: ['i-086c4e6f6bca3f40c']
