2026-06-13 01:30:04,137 - INFO - Running backup for tag: Allen-Production-new-app
2026-06-13 01:30:04,525 - INFO - Creating backup for: i-01e92af40fbec2353
2026-06-13 01:30:04,787 - INFO - Backup Job ID: 75315d5f-2b44-48a9-bd8d-f276a7e8c859 started at 2026-06-13 01:30:04
2026-06-13 01:30:04,787 - INFO - Creating backup for: i-03a0bd8e0a240fdff
2026-06-13 01:30:04,911 - INFO - Backup Job ID: dbfd8c73-a912-48df-aee9-976ebfff3a55 started at 2026-06-13 01:30:04
2026-06-13 01:35:02,693 - INFO - Running backup for tag: Allen-Production-new-batch
2026-06-13 01:35:03,056 - INFO - Creating backup for: i-0729ab018b722d3c8
2026-06-13 01:35:03,180 - INFO - Backup Job ID: 859036d8-8260-4fd7-b942-93b579f00066 started at 2026-06-13 01:35:03
2026-06-13 02:01:45,956 - INFO - Backup completed: 75315d5f-2b44-48a9-bd8d-f276a7e8c859
2026-06-13 02:02:11,081 - INFO - Backup completed: dbfd8c73-a912-48df-aee9-976ebfff3a55
2026-06-13 02:02:16,222 - INFO - Backup total time: 0:32:10.880059
2026-06-13 02:02:16,317 - INFO - Completed backups: ['i-03a0bd8e0a240fdff', 'i-01e92af40fbec2353']
2026-06-13 02:41:26,841 - INFO - Backup completed: 859036d8-8260-4fd7-b942-93b579f00066
2026-06-13 02:41:31,984 - INFO - Backup total time: 1:06:28.227684
2026-06-13 02:41:32,069 - INFO - Completed backups: ['i-0729ab018b722d3c8']
2026-06-13 20:05:03,396 - INFO - Running backup for tag: Hensley-Prod-App1
2026-06-13 20:05:03,815 - INFO - Creating backup for: i-0d54f051788f0b3aa
2026-06-13 20:05:04,174 - INFO - Backup Job ID: c75c812a-d9ae-4646-bea8-433c24d6dca2 started at 2026-06-13 20:05:04
2026-06-13 20:05:04,175 - INFO - Creating backup for: i-00e26194a46cb0af8
2026-06-13 20:05:04,372 - INFO - Backup Job ID: 3ae4683f-1279-43ad-929d-26a54a059ea0 started at 2026-06-13 20:05:04
2026-06-13 20:07:12,169 - INFO - Backup completed: 3ae4683f-1279-43ad-929d-26a54a059ea0
2026-06-13 20:09:14,117 - INFO - Backup completed: c75c812a-d9ae-4646-bea8-433c24d6dca2
2026-06-13 20:09:19,256 - INFO - Backup total time: 0:04:14.472467
2026-06-13 20:09:19,326 - INFO - Completed backups: ['i-0d54f051788f0b3aa', 'i-00e26194a46cb0af8']
2026-06-13 20:10:03,246 - INFO - Running backup for tag: Hensley-Prod-App2
2026-06-13 20:10:03,966 - INFO - Creating backup for: i-0a6f71344879ac7c1
2026-06-13 20:10:04,241 - INFO - Backup Job ID: a6b3b05c-8c04-466e-a37b-7f9cea68afde started at 2026-06-13 20:10:04
2026-06-13 20:10:04,241 - INFO - Creating backup for: i-0694678df69f621fe
2026-06-13 20:10:04,405 - INFO - Backup Job ID: 0fb76804-149e-4c51-9ba4-4e41e4f1fddb started at 2026-06-13 20:10:04
2026-06-13 20:18:18,023 - INFO - Backup completed: 0fb76804-149e-4c51-9ba4-4e41e4f1fddb
2026-06-13 20:18:23,112 - INFO - Backup completed: a6b3b05c-8c04-466e-a37b-7f9cea68afde
2026-06-13 20:18:28,249 - INFO - Backup total time: 0:08:23.365398
2026-06-13 20:18:28,319 - INFO - Completed backups: ['i-0694678df69f621fe', 'i-0a6f71344879ac7c1']
2026-06-13 20:20:03,289 - INFO - Running backup for tag: Hensly-Prod-Batch
2026-06-13 20:20:03,863 - INFO - Creating backup for: i-077f36c5d38050c4b
2026-06-13 20:20:04,155 - INFO - Backup Job ID: 88c1b7e3-7cda-4650-b18a-53843d0cf049 started at 2026-06-13 20:20:04
2026-06-13 20:36:25,750 - INFO - Backup completed: 88c1b7e3-7cda-4650-b18a-53843d0cf049
2026-06-13 20:36:30,910 - INFO - Backup total time: 0:16:26.174649
2026-06-13 20:36:30,987 - INFO - Completed backups: ['i-077f36c5d38050c4b']
2026-06-13 22:00:03,902 - INFO - Running backup for tag: Ceva-Prod
2026-06-13 22:00:04,584 - INFO - Creating backup for: i-089c259a3173722d1
2026-06-13 22:00:04,754 - INFO - Backup Job ID: 8af3dfdf-ccae-4684-be18-5de06a081246 started at 2026-06-13 22:00:04
2026-06-13 22:00:04,754 - INFO - Creating backup for: i-0572516943d5167f6
2026-06-13 22:00:04,959 - INFO - Backup Job ID: 1176f690-c0fa-4b15-ad9b-f69a1e0e65fb started at 2026-06-13 22:00:04
2026-06-13 22:13:45,697 - INFO - Backup completed: 1176f690-c0fa-4b15-ad9b-f69a1e0e65fb
2026-06-13 22:21:48,613 - INFO - Backup completed: 8af3dfdf-ccae-4684-be18-5de06a081246
2026-06-13 22:21:53,755 - INFO - Backup total time: 0:21:48.253016
2026-06-13 22:21:53,856 - INFO - Completed backups: ['i-089c259a3173722d1', 'i-0572516943d5167f6']
