2026-05-18 21:46:02,601 - INFO - Running backup for tag: UPSHC-EU-UAT
2026-05-18 21:46:03,053 - INFO - Creating backup for: i-073e2740b6549b5f9
2026-05-18 21:46:03,425 - INFO - Backup Job ID: 0376e78b-b1b4-4f4d-8134-63afb006555f started at 2026-05-18 21:46:03
2026-05-18 21:46:03,425 - INFO - Creating backup for: i-0511266cd357919c5
2026-05-18 21:46:03,608 - INFO - Backup Job ID: ce512e50-cf05-49d3-b2ac-060b2a738908 started at 2026-05-18 21:46:03
2026-05-18 21:47:02,362 - INFO - Running backup for tag: UPSHC-Prod-Stage
2026-05-18 21:47:02,804 - INFO - Creating backup for: i-039e34b7b90680f92
2026-05-18 21:47:02,966 - INFO - Backup Job ID: 1c3f86ac-149b-4a51-b715-0177be418f0e started at 2026-05-18 21:47:02
2026-05-18 21:48:03,370 - INFO - Running backup for tag: UPSHC-UAT-App
2026-05-18 21:48:03,812 - INFO - Creating backup for: i-08c3d022cc8a6f875
2026-05-18 21:48:03,972 - INFO - Backup Job ID: 7005fb09-537b-4740-bcd7-489294b57790 started at 2026-05-18 21:48:03
2026-05-18 21:48:03,972 - INFO - Creating backup for: i-0e75968f961a6c24e
2026-05-18 21:48:04,152 - INFO - Backup Job ID: 399cf0f8-2951-4f88-b0f4-c4841323440d started at 2026-05-18 21:48:04
2026-05-18 21:49:02,638 - INFO - Running backup for tag: UPSHC-UAT-Batch
2026-05-18 21:49:02,975 - INFO - Creating backup for: i-05db489fb69802280
2026-05-18 21:49:03,109 - INFO - Backup Job ID: c5f86ac0-4dc7-49fe-8f3f-1643ecbcd87d started at 2026-05-18 21:49:03
2026-05-18 21:50:02,900 - INFO - Running backup for tag: UPSHC-VAC-Stage
2026-05-18 21:50:03,557 - INFO - Creating backup for: i-0894052f74e1461ea
2026-05-18 21:50:03,710 - INFO - Backup Job ID: 9faf1a20-b2db-4b8e-8663-e9ae220caf1a started at 2026-05-18 21:50:03
2026-05-18 21:54:23,346 - INFO - Backup completed: 0376e78b-b1b4-4f4d-8134-63afb006555f
2026-05-18 21:56:16,927 - INFO - Backup completed: 7005fb09-537b-4740-bcd7-489294b57790
2026-05-18 21:57:15,902 - INFO - Backup completed: c5f86ac0-4dc7-49fe-8f3f-1643ecbcd87d
2026-05-18 21:57:21,102 - INFO - Backup total time: 0:08:17.564366
2026-05-18 21:57:21,179 - INFO - Completed backups: ['i-05db489fb69802280']
2026-05-18 22:03:22,822 - INFO - Backup completed: 1c3f86ac-149b-4a51-b715-0177be418f0e
2026-05-18 22:03:27,956 - INFO - Backup total time: 0:16:24.636525
2026-05-18 22:03:28,029 - INFO - Completed backups: ['i-039e34b7b90680f92']
2026-05-18 22:12:22,843 - INFO - Backup completed: ce512e50-cf05-49d3-b2ac-060b2a738908
2026-05-18 22:12:27,987 - INFO - Backup total time: 0:26:23.997376
2026-05-18 22:12:28,058 - INFO - Completed backups: ['i-073e2740b6549b5f9', 'i-0511266cd357919c5']
2026-05-18 22:16:22,713 - INFO - Backup completed: 9faf1a20-b2db-4b8e-8663-e9ae220caf1a
2026-05-18 22:16:27,866 - INFO - Backup total time: 0:26:23.476412
2026-05-18 22:16:27,936 - INFO - Completed backups: ['i-0894052f74e1461ea']
2026-05-18 23:04:25,298 - INFO - Backup completed: 399cf0f8-2951-4f88-b0f4-c4841323440d
2026-05-18 23:04:30,437 - INFO - Backup total time: 1:16:25.937678
2026-05-18 23:04:30,535 - INFO - Completed backups: ['i-0e75968f961a6c24e', 'i-08c3d022cc8a6f875']
