2026-07-10 00:00:05,796 - INFO - Running backup for tag: Technicolor-UAT
2026-07-10 00:00:06,959 - INFO - Creating backup for: i-05a5f0ff3e5796950
2026-07-10 00:00:07,125 - INFO - Backup Job ID: 0a6a27ec-28f7-4743-99c4-27f16200d60e started at 2026-07-10 00:00:07
2026-07-10 00:15:03,273 - INFO - Running backup for tag: Vantiva-UAT
2026-07-10 00:15:03,867 - INFO - Creating backup for: i-0485c4be2af60c982
2026-07-10 00:15:04,041 - INFO - Backup Job ID: 43525cce-cad5-461a-808b-72821f105e1c started at 2026-07-10 00:15:04
2026-07-10 00:21:50,599 - INFO - Backup completed: 0a6a27ec-28f7-4743-99c4-27f16200d60e
2026-07-10 00:21:55,732 - INFO - Backup total time: 0:21:47.832764
2026-07-10 00:21:55,799 - INFO - Completed backups: ['i-05a5f0ff3e5796950']
2026-07-10 01:52:20,284 - INFO - Backup completed: 43525cce-cad5-461a-808b-72821f105e1c
2026-07-10 01:52:25,431 - INFO - Backup total time: 1:37:20.939531
2026-07-10 01:52:25,499 - INFO - Completed backups: ['i-0485c4be2af60c982']
2026-07-10 02:00:04,289 - INFO - Running backup for tag: Sony-App-UAT
2026-07-10 02:00:05,315 - INFO - Creating backup for: i-0a8a8c33aa4939171
2026-07-10 02:00:06,095 - INFO - Backup Job ID: d3512849-2eb5-4e37-ab2b-18c13f9eb5ef started at 2026-07-10 02:00:05
2026-07-10 02:00:06,095 - INFO - Creating backup for: i-024b33ce28aa1ec6b
2026-07-10 02:00:06,452 - INFO - Backup Job ID: 1070d126-09e4-409a-b296-156d3c5e61e0 started at 2026-07-10 02:00:06
2026-07-10 02:07:11,683 - INFO - Backup completed: 1070d126-09e4-409a-b296-156d3c5e61e0
2026-07-10 02:07:16,911 - INFO - Backup completed: d3512849-2eb5-4e37-ab2b-18c13f9eb5ef
2026-07-10 02:07:22,067 - INFO - Backup total time: 0:07:14.917019
2026-07-10 02:07:22,130 - INFO - Completed backups: ['i-0a8a8c33aa4939171', 'i-024b33ce28aa1ec6b']
2026-07-10 02:10:03,333 - INFO - Running backup for tag: Sony-Batch-UAT
2026-07-10 02:10:04,036 - INFO - Creating backup for: i-0fe5f9fddddbe90d4
2026-07-10 02:10:04,782 - INFO - Backup Job ID: f576564e-766b-49db-a908-d0182ca3955b started at 2026-07-10 02:10:04
2026-07-10 02:18:17,703 - INFO - Backup completed: f576564e-766b-49db-a908-d0182ca3955b
2026-07-10 02:18:22,842 - INFO - Backup total time: 0:08:17.508545
2026-07-10 02:18:22,919 - INFO - Completed backups: ['i-0fe5f9fddddbe90d4']
2026-07-10 18:30:04,302 - INFO - Running backup for tag: q3-UPS-Europe-UAT
2026-07-10 18:30:04,894 - INFO - Creating backup for: i-0d7a0d13fb486b16c
2026-07-10 18:30:05,236 - INFO - Backup Job ID: e768e044-96ad-4e6e-b589-26be7b7d6636 started at 2026-07-10 18:30:05
2026-07-10 18:30:05,236 - INFO - Creating backup for: i-00ec4313927ed1fd3
2026-07-10 18:30:05,458 - INFO - Backup Job ID: 9d5f4fc2-fb2b-478e-a310-4d2c806bfb5f started at 2026-07-10 18:30:05
2026-07-10 18:30:05,458 - INFO - Creating backup for: i-0714ff8b1eb72c978
2026-07-10 18:30:05,645 - INFO - Backup Job ID: 2e073afb-3311-47ba-a226-130e7095b845 started at 2026-07-10 18:30:05
2026-07-10 18:32:19,008 - INFO - Backup completed: 2e073afb-3311-47ba-a226-130e7095b845
2026-07-10 18:38:20,645 - INFO - Backup completed: e768e044-96ad-4e6e-b589-26be7b7d6636
2026-07-10 18:56:25,292 - INFO - Backup completed: 9d5f4fc2-fb2b-478e-a310-4d2c806bfb5f
2026-07-10 18:56:30,439 - INFO - Backup total time: 0:26:24.217264
2026-07-10 18:56:30,519 - INFO - Completed backups: ['i-00ec4313927ed1fd3', 'i-0714ff8b1eb72c978', 'i-0d7a0d13fb486b16c']
2026-07-10 20:05:03,363 - INFO - Running backup for tag: q3-Tekton-uat
2026-07-10 20:05:03,764 - INFO - Creating backup for: i-0b08617cde29d6435
2026-07-10 20:05:03,935 - INFO - Backup Job ID: 28005a53-5619-4b21-8797-65adbbbf43de started at 2026-07-10 20:05:03
2026-07-10 20:13:18,257 - INFO - Backup completed: 28005a53-5619-4b21-8797-65adbbbf43de
2026-07-10 20:13:23,394 - INFO - Backup total time: 0:08:19.005550
2026-07-10 20:13:23,478 - INFO - Completed backups: ['i-0b08617cde29d6435']
2026-07-10 21:00:04,753 - INFO - Running backup for tag: q3-TIG-uat
2026-07-10 21:00:05,589 - INFO - Creating backup for: i-02b64cbbcb8336483
2026-07-10 21:00:05,793 - INFO - Backup Job ID: ad545348-4969-455e-b8c5-9f33d1d065fa started at 2026-07-10 21:00:05
2026-07-10 21:13:32,485 - INFO - Backup completed: ad545348-4969-455e-b8c5-9f33d1d065fa
2026-07-10 21:13:37,629 - INFO - Backup total time: 0:13:31.073945
2026-07-10 21:13:37,708 - INFO - Completed backups: ['i-02b64cbbcb8336483']
2026-07-10 22:00:03,649 - INFO - Running backup for tag: q3-TouchStone-uat
2026-07-10 22:00:04,673 - INFO - Creating backup for: i-0b34eb0e5dfecdada
2026-07-10 22:00:04,879 - INFO - Backup Job ID: 6596500c-839e-4621-b88d-1042f0739cef started at 2026-07-10 22:00:04
2026-07-10 22:07:18,925 - INFO - Backup completed: 6596500c-839e-4621-b88d-1042f0739cef
2026-07-10 22:07:24,064 - INFO - Backup total time: 0:07:18.229853
2026-07-10 22:07:24,145 - INFO - Completed backups: ['i-0b34eb0e5dfecdada']
2026-07-10 23:00:03,302 - INFO - Running backup for tag: q3-UMG-uat
2026-07-10 23:00:04,034 - INFO - Creating backup for: i-0470afe7b1e5f392a
2026-07-10 23:00:04,254 - INFO - Backup Job ID: edaf65aa-b07a-4103-8a20-4ae60f703444 started at 2026-07-10 23:00:04
2026-07-10 23:00:04,254 - INFO - Creating backup for: i-07fdba81ab496dc88
2026-07-10 23:00:04,402 - INFO - Backup Job ID: 7c11186d-4f6e-453f-8ade-69095fb55b1c started at 2026-07-10 23:00:04
2026-07-10 23:00:04,402 - INFO - Creating backup for: i-0e0c1a737d880c781
2026-07-10 23:00:04,551 - INFO - Backup Job ID: 3936c928-09c0-445d-a8a0-422e94d1be76 started at 2026-07-10 23:00:04
2026-07-10 23:09:39,073 - INFO - Backup completed: edaf65aa-b07a-4103-8a20-4ae60f703444
2026-07-10 23:09:49,139 - INFO - Backup completed: 3936c928-09c0-445d-a8a0-422e94d1be76
2026-07-10 23:09:59,206 - INFO - Backup completed: 7c11186d-4f6e-453f-8ade-69095fb55b1c
2026-07-10 23:10:04,426 - INFO - Backup total time: 0:09:59.092074
2026-07-10 23:10:04,499 - INFO - Completed backups: ['i-0470afe7b1e5f392a', 'i-0e0c1a737d880c781', 'i-07fdba81ab496dc88']
