2026-04-20 19:05:02,439 - INFO - Running backup for tag: UPSHC-HAB-Stage
2026-04-20 19:05:02,908 - INFO - Creating backup for: i-00547e7dc641fbc29
2026-04-20 19:05:03,055 - INFO - Backup Job ID: 8fb990f9-94fb-4bde-9c06-f0b3cb955ea1 started at 2026-04-20 19:05:03
2026-04-20 19:07:09,454 - INFO - Backup completed: 8fb990f9-94fb-4bde-9c06-f0b3cb955ea1
2026-04-20 19:07:14,590 - INFO - Backup total time: 0:02:11.022705
2026-04-20 19:07:14,663 - INFO - Completed backups: ['i-00547e7dc641fbc29']
2026-04-20 19:30:03,792 - INFO - Running backup for tag: UPSHC-HAB-UAT
2026-04-20 19:30:04,198 - INFO - Creating backup for: i-03878907b98ea0469
2026-04-20 19:30:04,392 - INFO - Backup Job ID: 500ebdb6-fe44-42f6-8d01-3caca1dec691 started at 2026-04-20 19:30:04
2026-04-20 19:30:04,393 - INFO - Creating backup for: i-0e87970bfe3028a6d
2026-04-20 19:30:04,623 - INFO - Backup Job ID: 2faee48b-939c-43bd-b894-4ce6658b4db0 started at 2026-04-20 19:30:04
2026-04-20 19:38:18,333 - INFO - Backup completed: 500ebdb6-fe44-42f6-8d01-3caca1dec691
2026-04-20 19:38:23,353 - INFO - Backup completed: 2faee48b-939c-43bd-b894-4ce6658b4db0
2026-04-20 19:38:28,494 - INFO - Backup total time: 0:08:23.392560
2026-04-20 19:38:28,561 - INFO - Completed backups: ['i-03878907b98ea0469', 'i-0e87970bfe3028a6d']
2026-04-20 20:05:02,240 - INFO - Running backup for tag: UPSHC-VAC-UAT
2026-04-20 20:05:02,608 - INFO - Creating backup for: i-08a236b6682eed07d
2026-04-20 20:05:02,826 - INFO - Backup Job ID: e33af291-4cf9-4224-85ff-c981c30963b4 started at 2026-04-20 20:05:02
2026-04-20 20:21:24,451 - INFO - Backup completed: e33af291-4cf9-4224-85ff-c981c30963b4
2026-04-20 20:21:29,592 - INFO - Backup total time: 0:16:26.334423
2026-04-20 20:21:29,661 - INFO - Completed backups: ['i-08a236b6682eed07d']
2026-04-20 20:30:03,859 - INFO - Running backup for tag: UPSHC-VAC-UAT-2
2026-04-20 20:30:04,238 - INFO - Creating backup for: i-047f23d1e9808d2c1
2026-04-20 20:30:04,392 - INFO - Backup Job ID: 3ec8d038-b5f7-403f-9176-946e252a9845 started at 2026-04-20 20:30:04
2026-04-20 20:46:25,709 - INFO - Backup completed: 3ec8d038-b5f7-403f-9176-946e252a9845
2026-04-20 20:46:30,853 - INFO - Backup total time: 0:16:25.933220
2026-04-20 20:46:30,933 - INFO - Completed backups: ['i-047f23d1e9808d2c1']
