2026-04-07 00:05:03,013 - INFO - Running backup for tag: RXO-UAT
2026-04-07 00:05:03,498 - INFO - Creating backup for: i-0c105f68f4ac76e91
2026-04-07 00:05:03,816 - INFO - Backup Job ID: 53f66798-93f0-4251-9526-7ce1c998f43a started at 2026-04-07 00:05:03
2026-04-07 00:51:25,558 - INFO - Backup completed: 53f66798-93f0-4251-9526-7ce1c998f43a
2026-04-07 00:51:30,698 - INFO - Backup total time: 0:46:26.401677
2026-04-07 00:51:30,771 - INFO - Completed backups: ['i-0c105f68f4ac76e91']
2026-04-07 20:05:02,602 - INFO - Running backup for tag: ScootersCoffee-UAT
2026-04-07 20:05:03,070 - INFO - Creating backup for: i-0495a320189fd64e9
2026-04-07 20:05:03,243 - INFO - Backup Job ID: 036731f6-eacb-453c-b97c-e18b51e58036 started at 2026-04-07 20:05:03
2026-04-07 20:13:17,155 - INFO - Backup completed: 036731f6-eacb-453c-b97c-e18b51e58036
2026-04-07 20:13:22,304 - INFO - Backup total time: 0:08:18.608629
2026-04-07 20:13:22,382 - INFO - Completed backups: ['i-0495a320189fd64e9']
2026-04-07 21:05:02,424 - INFO - Running backup for tag: Sears-UAT
2026-04-07 21:05:02,800 - INFO - Creating backup for: i-08e2f9a488387780d
2026-04-07 21:05:03,021 - INFO - Backup Job ID: fb15cfc0-78ce-42ba-bfef-9f0fe287ec9f started at 2026-04-07 21:05:02
2026-04-07 21:05:03,021 - INFO - Creating backup for: i-003648fd2b691277c
2026-04-07 21:05:03,164 - INFO - Backup Job ID: 05f396fe-4ab5-41e4-bb2c-ef3ebebd5aaa started at 2026-04-07 21:05:03
2026-04-07 21:07:14,657 - INFO - Backup completed: fb15cfc0-78ce-42ba-bfef-9f0fe287ec9f
2026-04-07 21:13:17,077 - INFO - Backup completed: 05f396fe-4ab5-41e4-bb2c-ef3ebebd5aaa
2026-04-07 21:13:22,238 - INFO - Backup total time: 0:08:18.644095
2026-04-07 21:13:22,311 - INFO - Completed backups: ['i-003648fd2b691277c', 'i-08e2f9a488387780d']
