2026-06-05 22:00:03,411 - INFO - Running backup for tag: Hilco-Production-App
2026-06-05 22:00:04,860 - INFO - Creating backup for: i-069ada2ac82c4e6b9
2026-06-05 22:00:05,051 - INFO - Backup Job ID: 0149f8ce-b6d1-4d3b-b687-9fab23f26ac8 started at 2026-06-05 22:00:05
2026-06-05 22:00:05,053 - INFO - Creating backup for: i-00535ac12a64d48a8
2026-06-05 22:00:05,219 - INFO - Backup Job ID: 630f23eb-de9d-4b87-a1c3-ed89461ce3cc started at 2026-06-05 22:00:05
2026-06-05 22:05:02,686 - INFO - Running backup for tag: Hilco-Production-batch
2026-06-05 22:05:03,104 - INFO - Creating backup for: i-089a4a0cc6382e05c
2026-06-05 22:05:03,276 - INFO - Backup Job ID: edf36adf-5902-448b-bff3-f42b6926bc97 started at 2026-06-05 22:05:03
2026-06-05 22:13:41,329 - INFO - Backup completed: 0149f8ce-b6d1-4d3b-b687-9fab23f26ac8
2026-06-05 22:13:51,410 - INFO - Backup completed: 630f23eb-de9d-4b87-a1c3-ed89461ce3cc
2026-06-05 22:13:56,549 - INFO - Backup total time: 0:13:50.731301
2026-06-05 22:13:56,618 - INFO - Completed backups: ['i-069ada2ac82c4e6b9', 'i-00535ac12a64d48a8']
2026-06-05 22:21:25,313 - INFO - Backup completed: edf36adf-5902-448b-bff3-f42b6926bc97
2026-06-05 22:21:30,459 - INFO - Backup total time: 0:16:26.786482
2026-06-05 22:21:30,540 - INFO - Completed backups: ['i-089a4a0cc6382e05c']
2026-06-05 23:12:03,022 - INFO - Running backup for tag: Technicolor-prod-batch2
2026-06-05 23:12:03,475 - INFO - Creating backup for: i-0aebce2b269d02212
2026-06-05 23:12:03,608 - INFO - Backup Job ID: c9c9da9b-5ebd-49f4-a418-b5456c6c2b49 started at 2026-06-05 23:12:03
2026-06-05 23:16:15,354 - INFO - Backup completed: c9c9da9b-5ebd-49f4-a418-b5456c6c2b49
2026-06-05 23:16:20,503 - INFO - Backup total time: 0:04:16.519544
2026-06-05 23:16:20,587 - INFO - Completed backups: ['i-0aebce2b269d02212']
