2026-05-30 00:30:03,567 - INFO - Running backup for tag: CaseysANK-prod-app
2026-05-30 00:30:04,084 - INFO - Creating backup for: i-0b2e2ad50ba35a3d6
2026-05-30 00:30:04,296 - INFO - Backup Job ID: 74ec0a6c-2a5c-4759-8e55-00ee2228aaf9 started at 2026-05-30 00:30:04
2026-05-30 00:30:04,297 - INFO - Creating backup for: i-021fc16cda6b12260
2026-05-30 00:30:04,444 - INFO - Backup Job ID: 35588386-424e-45b8-b780-a6860c5097fc started at 2026-05-30 00:30:04
2026-05-30 00:35:02,052 - INFO - Running backup for tag: CaseysANK-prod-batch
2026-05-30 00:35:02,936 - INFO - Creating backup for: i-003ad50abffe596af
2026-05-30 00:35:03,073 - INFO - Backup Job ID: 97973557-15f5-4c11-b663-8e63f98e2876 started at 2026-05-30 00:35:03
2026-05-30 00:35:03,073 - INFO - Creating backup for: i-0e50d850cd873d2fb
2026-05-30 00:35:03,205 - INFO - Backup Job ID: 8d5909ab-f4ef-49f3-8515-7aea9dc81d80 started at 2026-05-30 00:35:03
2026-05-30 00:38:23,316 - INFO - Backup completed: 35588386-424e-45b8-b780-a6860c5097fc
2026-05-30 00:46:26,235 - INFO - Backup completed: 74ec0a6c-2a5c-4759-8e55-00ee2228aaf9
2026-05-30 00:46:31,398 - INFO - Backup total time: 0:16:26.606703
2026-05-30 00:46:31,487 - INFO - Completed backups: ['i-021fc16cda6b12260', 'i-0b2e2ad50ba35a3d6']
2026-05-30 00:51:29,554 - INFO - Backup completed: 97973557-15f5-4c11-b663-8e63f98e2876
2026-05-30 01:01:23,636 - INFO - Backup completed: 8d5909ab-f4ef-49f3-8515-7aea9dc81d80
2026-05-30 01:01:28,783 - INFO - Backup total time: 0:26:25.198016
2026-05-30 01:01:28,858 - INFO - Completed backups: ['i-0e50d850cd873d2fb', 'i-003ad50abffe596af']
2026-05-30 02:00:03,068 - INFO - Running backup for tag: CaseysJOP-prod-app
2026-05-30 02:00:03,686 - INFO - Creating backup for: i-0b9bbf816fc27da89
2026-05-30 02:00:03,851 - INFO - Backup Job ID: 8963c8ca-667f-445b-9a88-009f7d746db5 started at 2026-05-30 02:00:03
2026-05-30 02:00:03,851 - INFO - Creating backup for: i-0bf3d1bd53c0454c1
2026-05-30 02:00:04,001 - INFO - Backup Job ID: f08d607c-bfb8-44f5-a077-fb6f53e57ffe started at 2026-05-30 02:00:03
2026-05-30 02:05:02,512 - INFO - Running backup for tag: CaseysJOP-prod-batch
2026-05-30 02:05:02,924 - INFO - Creating backup for: i-00c5ce5ff59e37b26
2026-05-30 02:05:03,088 - INFO - Backup Job ID: 2d714189-874b-4ee0-9603-25cdd8a050bc started at 2026-05-30 02:05:03
2026-05-30 02:05:03,088 - INFO - Creating backup for: i-0f22131bbc55a66a0
2026-05-30 02:05:03,227 - INFO - Backup Job ID: 882894ef-b32f-4b66-acfb-01f4491e8800 started at 2026-05-30 02:05:03
2026-05-30 02:05:03,227 - INFO - Creating backup for: i-094ab73d3edbdb6f5
2026-05-30 02:05:03,341 - INFO - Backup Job ID: e4d1be21-bb68-4a4d-be86-7c575fad2680 started at 2026-05-30 02:05:03
2026-05-30 02:07:14,697 - INFO - Backup completed: e4d1be21-bb68-4a4d-be86-7c575fad2680
2026-05-30 02:13:45,503 - INFO - Backup completed: f08d607c-bfb8-44f5-a077-fb6f53e57ffe
2026-05-30 02:21:23,491 - INFO - Backup completed: 8963c8ca-667f-445b-9a88-009f7d746db5
2026-05-30 02:21:24,751 - INFO - Backup completed: 2d714189-874b-4ee0-9603-25cdd8a050bc
2026-05-30 02:21:28,648 - INFO - Backup total time: 0:21:23.966870
2026-05-30 02:21:28,719 - INFO - Completed backups: ['i-0b9bbf816fc27da89', 'i-0bf3d1bd53c0454c1']
2026-05-30 02:21:29,776 - INFO - Backup completed: 882894ef-b32f-4b66-acfb-01f4491e8800
2026-05-30 02:21:34,911 - INFO - Backup total time: 0:16:31.031372
2026-05-30 02:21:34,987 - INFO - Completed backups: ['i-094ab73d3edbdb6f5', 'i-0f22131bbc55a66a0', 'i-00c5ce5ff59e37b26']
2026-05-30 03:00:03,277 - INFO - Running backup for tag: ScootersCoffee-prod-app
2026-05-30 03:00:04,060 - INFO - Creating backup for: i-0fd39683ed57ee303
2026-05-30 03:00:04,223 - INFO - Backup Job ID: f78b690d-57d9-44f6-ad4b-44169f9ea503 started at 2026-05-30 03:00:04
2026-05-30 03:00:04,223 - INFO - Creating backup for: i-011a8e6a57dfc60e7
2026-05-30 03:00:04,371 - INFO - Backup Job ID: 6e333cfc-b6c5-4e67-a792-916f50b7e67e started at 2026-05-30 03:00:04
2026-05-30 03:05:02,407 - INFO - Running backup for tag: ScootersCoffee-prod-batch
2026-05-30 03:05:02,905 - INFO - Creating backup for: i-022104122a06a9413
2026-05-30 03:05:03,036 - INFO - Backup Job ID: 9fbf9e6e-7b9f-4924-ae14-dba28005ea5a started at 2026-05-30 03:05:03
2026-05-30 03:07:33,365 - INFO - Backup completed: 6e333cfc-b6c5-4e67-a792-916f50b7e67e
2026-05-30 03:13:16,449 - INFO - Backup completed: 9fbf9e6e-7b9f-4924-ae14-dba28005ea5a
2026-05-30 03:13:21,593 - INFO - Backup total time: 0:08:18.095311
2026-05-30 03:13:21,669 - INFO - Completed backups: ['i-022104122a06a9413']
2026-05-30 03:13:40,672 - INFO - Backup completed: f78b690d-57d9-44f6-ad4b-44169f9ea503
2026-05-30 03:13:45,800 - INFO - Backup total time: 0:13:40.844506
2026-05-30 03:13:45,878 - INFO - Completed backups: ['i-011a8e6a57dfc60e7', 'i-0fd39683ed57ee303']
2026-05-30 05:00:03,583 - INFO - Running backup for tag: CaseysTHT-prod-app
2026-05-30 05:00:04,054 - INFO - Creating backup for: i-05cfeb855e5c57f60
2026-05-30 05:00:04,293 - INFO - Backup Job ID: bafd7702-a1d2-4ce5-a5a1-e09f5eb79ada started at 2026-05-30 05:00:04
2026-05-30 05:00:04,293 - INFO - Creating backup for: i-0e3b72abbce3a3304
2026-05-30 05:00:04,408 - INFO - Backup Job ID: 08096562-d6d1-43e8-b5b2-602f70df9078 started at 2026-05-30 05:00:04
2026-05-30 05:07:08,247 - INFO - Backup completed: bafd7702-a1d2-4ce5-a5a1-e09f5eb79ada
2026-05-30 05:07:28,375 - INFO - Backup completed: 08096562-d6d1-43e8-b5b2-602f70df9078
2026-05-30 05:07:33,515 - INFO - Backup total time: 0:07:28.534749
2026-05-30 05:07:33,590 - INFO - Completed backups: ['i-0e3b72abbce3a3304', 'i-05cfeb855e5c57f60']
2026-05-30 05:10:03,202 - INFO - Running backup for tag: CaseysTHT-prod-batch
2026-05-30 05:10:03,857 - INFO - Creating backup for: i-037713bd0a4a35c20
2026-05-30 05:10:04,002 - INFO - Backup Job ID: 3383a85b-25ea-437c-ae7f-2157d61cb7cd started at 2026-05-30 05:10:03
2026-05-30 05:10:04,002 - INFO - Creating backup for: i-0f63cbbd53b20c862
2026-05-30 05:10:04,136 - INFO - Backup Job ID: 37fa0f85-16db-4ee1-99e5-f68908bd9714 started at 2026-05-30 05:10:04
2026-05-30 05:12:10,465 - INFO - Backup completed: 37fa0f85-16db-4ee1-99e5-f68908bd9714
2026-05-30 05:12:20,529 - INFO - Backup completed: 3383a85b-25ea-437c-ae7f-2157d61cb7cd
2026-05-30 05:12:25,672 - INFO - Backup total time: 0:02:21.198041
2026-05-30 05:12:25,746 - INFO - Completed backups: ['i-0f63cbbd53b20c862', 'i-037713bd0a4a35c20']
2026-05-30 20:15:02,979 - INFO - Running backup for tag: UMGOMS-EU-prod-app
2026-05-30 20:15:03,559 - INFO - Creating backup for: i-0c12c7859fa813549
2026-05-30 20:15:03,928 - INFO - Backup Job ID: d8d03922-9804-4d5d-be8e-e76d10fa5984 started at 2026-05-30 20:15:03
2026-05-30 20:15:03,928 - INFO - Creating backup for: i-0f7ab626d036683e2
2026-05-30 20:15:04,140 - INFO - Backup Job ID: cc19bffd-77ff-4961-b350-6b91fb5b76ea started at 2026-05-30 20:15:04
2026-05-30 20:17:12,033 - INFO - Backup completed: cc19bffd-77ff-4961-b350-6b91fb5b76ea
2026-05-30 20:17:17,115 - INFO - Backup completed: d8d03922-9804-4d5d-be8e-e76d10fa5984
2026-05-30 20:17:22,256 - INFO - Backup total time: 0:02:17.736618
2026-05-30 20:17:22,328 - INFO - Completed backups: ['i-0f7ab626d036683e2', 'i-0c12c7859fa813549']
2026-05-30 20:20:03,206 - INFO - Running backup for tag: UMGOMS-EU-prod-Batch
2026-05-30 20:20:03,553 - INFO - Creating backup for: i-063f79e7448d6bf81
2026-05-30 20:20:03,903 - INFO - Backup Job ID: be8b4a94-c211-42b7-96df-806b71981691 started at 2026-05-30 20:20:03
2026-05-30 20:24:14,314 - INFO - Backup completed: be8b4a94-c211-42b7-96df-806b71981691
2026-05-30 20:24:19,454 - INFO - Backup total time: 0:04:15.078040
2026-05-30 20:24:19,529 - INFO - Completed backups: ['i-063f79e7448d6bf81']
2026-05-30 21:15:03,460 - INFO - Running backup for tag: PTS-PROD-APP
2026-05-30 21:15:03,886 - INFO - Creating backup for: i-0b6626698c865b22b
2026-05-30 21:15:04,032 - INFO - Backup Job ID: d791e7b9-c429-4bb3-860b-1d5859d041ab started at 2026-05-30 21:15:04
2026-05-30 21:15:04,032 - INFO - Creating backup for: i-0977a2a8c911b5f45
2026-05-30 21:15:04,242 - INFO - Backup Job ID: 579f3ce6-c463-4742-b16d-26360aa34404 started at 2026-05-30 21:15:04
2026-05-30 21:17:10,640 - INFO - Backup completed: 579f3ce6-c463-4742-b16d-26360aa34404
2026-05-30 21:17:15,660 - INFO - Backup completed: d791e7b9-c429-4bb3-860b-1d5859d041ab
2026-05-30 21:17:20,804 - INFO - Backup total time: 0:02:16.138733
2026-05-30 21:17:20,879 - INFO - Completed backups: ['i-0977a2a8c911b5f45', 'i-0b6626698c865b22b']
2026-05-30 22:00:03,260 - INFO - Running backup for tag: its-prod-app
2026-05-30 22:00:04,097 - INFO - Creating backup for: i-0bd7b814a6400587a
2026-05-30 22:00:04,468 - INFO - Backup Job ID: a85bf075-303b-4795-8aca-e413e48a8859 started at 2026-05-30 22:00:04
2026-05-30 22:00:04,468 - INFO - Creating backup for: i-06bf04220d91ed475
2026-05-30 22:00:04,709 - INFO - Backup Job ID: 0554b975-38bf-488d-af4a-ce1b3a8d9955 started at 2026-05-30 22:00:04
2026-05-30 22:05:02,378 - INFO - Running backup for tag: its-prod-batch
2026-05-30 22:05:02,852 - INFO - Creating backup for: i-0d1f5e04979c4c9c3
2026-05-30 22:05:03,201 - INFO - Backup Job ID: f3168a6d-5043-4082-aae5-2af5291d219c started at 2026-05-30 22:05:03
2026-05-30 22:09:55,619 - INFO - Backup completed: a85bf075-303b-4795-8aca-e413e48a8859
2026-05-30 22:13:49,394 - INFO - Backup completed: 0554b975-38bf-488d-af4a-ce1b3a8d9955
2026-05-30 22:13:54,545 - INFO - Backup total time: 0:13:49.257964
2026-05-30 22:13:54,617 - INFO - Completed backups: ['i-06bf04220d91ed475', 'i-0bd7b814a6400587a']
2026-05-30 23:01:23,726 - INFO - Backup completed: f3168a6d-5043-4082-aae5-2af5291d219c
2026-05-30 23:01:28,875 - INFO - Backup total time: 0:56:25.316247
2026-05-30 23:01:28,946 - INFO - Completed backups: ['i-0d1f5e04979c4c9c3']
