2026-03-31 21:25:02,466 - INFO - Running backup for tag: jas-UAT-1
2026-03-31 21:25:02,480 - INFO - Running backup for tag: JAS-UAT-2
2026-03-31 21:25:02,990 - INFO - Creating backup for: i-08f0405118a8fa28e
2026-03-31 21:25:02,990 - INFO - Creating backup for: i-05794805ef320641a
2026-03-31 21:25:03,179 - INFO - Backup Job ID: 46a2f728-2f51-4788-b449-08bfb7f57c25 started at 2026-03-31 21:25:03
2026-03-31 21:25:03,194 - INFO - Backup Job ID: 71128a13-ed6b-444d-8817-0af38f493550 started at 2026-03-31 21:25:03
2026-03-31 21:27:02,215 - INFO - Running backup for tag: ACT-UAT
2026-03-31 21:27:02,699 - INFO - Creating backup for: i-047fbd4a2a96ec8f3
2026-03-31 21:27:03,020 - INFO - Backup Job ID: a633516f-25b9-4f15-8567-51f9c1b56587 started at 2026-03-31 21:27:02
2026-03-31 21:35:16,753 - INFO - Backup completed: a633516f-25b9-4f15-8567-51f9c1b56587
2026-03-31 21:35:21,898 - INFO - Backup total time: 0:08:18.525087
2026-03-31 21:35:21,980 - INFO - Completed backups: ['i-047fbd4a2a96ec8f3']
2026-03-31 22:00:02,542 - INFO - Running backup for tag: Allen-UAT-1
2026-03-31 22:00:03,455 - INFO - Creating backup for: i-0b533bf915dbd6475
2026-03-31 22:00:03,624 - INFO - Backup Job ID: 25222229-2f76-4114-a160-6b9299389e39 started at 2026-03-31 22:00:03
2026-03-31 22:10:02,599 - INFO - Running backup for tag: Allen-UAT-2
2026-03-31 22:10:03,009 - INFO - Creating backup for: i-08db7328c1263ecc9
2026-03-31 22:10:03,138 - INFO - Backup Job ID: 87509e91-76c1-4e33-85c0-54e2f4a0d163 started at 2026-03-31 22:10:03
2026-03-31 22:10:03,138 - INFO - Creating backup for: i-0f039080c1f1a323f
2026-03-31 22:10:03,260 - INFO - Backup Job ID: 786b3488-54ed-4f12-9444-e9326f1efa58 started at 2026-03-31 22:10:03
2026-03-31 22:11:24,884 - INFO - Backup completed: 71128a13-ed6b-444d-8817-0af38f493550
2026-03-31 22:11:30,061 - INFO - Backup total time: 0:46:26.409150
2026-03-31 22:11:30,134 - INFO - Completed backups: ['i-05794805ef320641a']
2026-03-31 22:14:19,945 - INFO - Backup completed: 786b3488-54ed-4f12-9444-e9326f1efa58
2026-03-31 22:20:02,580 - INFO - Running backup for tag: Allen-UAT-3
2026-03-31 22:20:03,030 - INFO - Creating backup for: i-05c3b6ea3d95c3570
2026-03-31 22:20:03,156 - INFO - Backup Job ID: f91ec713-3ea5-4282-a719-281a7dfc754d started at 2026-03-31 22:20:03
2026-03-31 22:20:03,156 - INFO - Creating backup for: i-0d2623c2c6a4ee0b4
2026-03-31 22:20:03,282 - INFO - Backup Job ID: 61f22c2c-71b7-4670-bedc-7697560edc5e started at 2026-03-31 22:20:03
2026-03-31 22:21:24,480 - INFO - Backup completed: 46a2f728-2f51-4788-b449-08bfb7f57c25
2026-03-31 22:21:29,620 - INFO - Backup total time: 0:56:25.983760
2026-03-31 22:21:29,694 - INFO - Completed backups: ['i-08f0405118a8fa28e']
2026-03-31 22:22:09,243 - INFO - Backup completed: 61f22c2c-71b7-4670-bedc-7697560edc5e
2026-03-31 22:24:14,830 - INFO - Backup completed: f91ec713-3ea5-4282-a719-281a7dfc754d
2026-03-31 22:24:19,967 - INFO - Backup total time: 0:04:16.320432
2026-03-31 22:24:20,041 - INFO - Completed backups: ['i-05c3b6ea3d95c3570', 'i-0d2623c2c6a4ee0b4']
2026-03-31 22:31:49,755 - INFO - Backup completed: 25222229-2f76-4114-a160-6b9299389e39
2026-03-31 22:31:54,918 - INFO - Backup total time: 0:31:50.630368
2026-03-31 22:31:54,990 - INFO - Completed backups: ['i-0b533bf915dbd6475']
2026-03-31 22:56:23,511 - INFO - Backup completed: 87509e91-76c1-4e33-85c0-54e2f4a0d163
2026-03-31 22:56:28,651 - INFO - Backup total time: 0:46:25.025438
2026-03-31 22:56:28,733 - INFO - Completed backups: ['i-08db7328c1263ecc9', 'i-0f039080c1f1a323f']
2026-03-31 23:00:02,659 - INFO - Running backup for tag: BFA-UAT
2026-03-31 23:00:03,449 - INFO - Creating backup for: i-0325eb05c396d9242
2026-03-31 23:00:03,765 - INFO - Backup Job ID: a1b1667d-93d4-464b-8015-9906fe6468d1 started at 2026-03-31 23:00:03
2026-03-31 23:14:00,079 - INFO - Backup completed: a1b1667d-93d4-464b-8015-9906fe6468d1
2026-03-31 23:14:05,234 - INFO - Backup total time: 0:14:00.865719
2026-03-31 23:14:05,311 - INFO - Completed backups: ['i-0325eb05c396d9242']
