2026-05-24 01:30:03,357 - INFO - Running backup for tag: durodyne-App
2026-05-24 01:30:04,446 - INFO - Creating backup for: i-0ca5df1a770e5ef25
2026-05-24 01:30:04,647 - INFO - Backup Job ID: b11d68ab-3a0e-4860-9472-666d0d0b8abd started at 2026-05-24 01:30:04
2026-05-24 01:30:04,647 - INFO - Creating backup for: i-0391bdd1578394707
2026-05-24 01:30:04,819 - INFO - Backup Job ID: 2e954522-509c-40d6-b59b-cba90455de61 started at 2026-05-24 01:30:04
2026-05-24 01:32:51,395 - INFO - Backup completed: 2e954522-509c-40d6-b59b-cba90455de61
2026-05-24 01:33:01,463 - INFO - Backup completed: b11d68ab-3a0e-4860-9472-666d0d0b8abd
2026-05-24 01:33:06,609 - INFO - Backup total time: 0:03:01.346812
2026-05-24 01:33:06,678 - INFO - Completed backups: ['i-0ca5df1a770e5ef25', 'i-0391bdd1578394707']
2026-05-24 01:45:02,116 - INFO - Running backup for tag: Durodyne-Batch
2026-05-24 01:45:03,145 - INFO - Creating backup for: i-0a9e9959991701a40
2026-05-24 01:45:03,256 - INFO - Backup Job ID: fedaadb1-9f58-4293-bc62-9682a5ec0df4 started at 2026-05-24 01:45:03
2026-05-24 01:53:16,701 - INFO - Backup completed: fedaadb1-9f58-4293-bc62-9682a5ec0df4
2026-05-24 01:53:21,832 - INFO - Backup total time: 0:08:18.231756
2026-05-24 01:53:21,906 - INFO - Completed backups: ['i-0a9e9959991701a40']
2026-05-24 03:00:03,871 - INFO - Running backup for tag: Incomm-WMS-App
2026-05-24 03:00:04,570 - INFO - Creating backup for: i-0d4653f60754a19d9
2026-05-24 03:00:04,731 - INFO - Backup Job ID: 0fe8d106-6393-43a1-ac7c-a728bc441193 started at 2026-05-24 03:00:04
2026-05-24 03:00:04,733 - INFO - Creating backup for: i-0a1b1438be60d05ae
2026-05-24 03:00:04,875 - INFO - Backup Job ID: 41eada3e-5f2c-42b7-8fe4-671222fe9ac4 started at 2026-05-24 03:00:04
2026-05-24 03:07:28,337 - INFO - Backup completed: 0fe8d106-6393-43a1-ac7c-a728bc441193
2026-05-24 03:07:48,456 - INFO - Backup completed: 41eada3e-5f2c-42b7-8fe4-671222fe9ac4
2026-05-24 03:07:53,607 - INFO - Backup total time: 0:07:47.994544
2026-05-24 03:07:53,687 - INFO - Completed backups: ['i-0d4653f60754a19d9', 'i-0a1b1438be60d05ae']
2026-05-24 03:15:03,091 - INFO - Running backup for tag: Incomm-Batch
2026-05-24 03:15:03,505 - INFO - Creating backup for: i-0d41da18211973981
2026-05-24 03:15:03,701 - INFO - Backup Job ID: b437c856-10dd-4dc6-9e2d-476f3e85c567 started at 2026-05-24 03:15:03
2026-05-24 03:17:10,145 - INFO - Backup completed: b437c856-10dd-4dc6-9e2d-476f3e85c567
2026-05-24 03:17:15,280 - INFO - Backup total time: 0:02:10.996773
2026-05-24 03:17:15,355 - INFO - Completed backups: ['i-0d41da18211973981']
