2026-08-16 03:00:04,868 - 978366 - INFO - Email sent successfully to ['CloudOps@softeon.com']
2026-08-16 03:13:26,737 - 978366 - INFO - Email sent successfully to ['CloudOps@softeon.com']
2026-08-16 03:13:26,911 - 978366 - INFO - Log file ./logs/backup_2026-08-16.log uploaded to s3://q3-2025-aws-security-patching/Hayes-Production-App_Patch_Backup/2026-08-16/backup_2026-08-16.log
2026-08-16 07:00:04,237 - 1053767 - INFO - Logger setup has been removed, using shared logger from common.logs.logger.
2026-08-16 07:00:04,238 - 1053767 - INFO - Script Start Time: 2026-08-16 07:00:04
2026-08-16 07:00:04,656 - 1053767 - INFO - Tag: Hayes-Production-App, IPs: ['172.30.166.13', '172.30.166.39'], Environment: prod
2026-08-16 07:00:04,656 - 1053767 - INFO - Starting log monitor
2026-08-16 07:00:11,669 - 1053767 - INFO - Log monitor started for: /data/patching_v4/logs/patching_2026-08-16_Hayes-Production-App.log
2026-08-16 07:00:11,670 - 1053767 - INFO - Instance(s) selected for Patching: {'i-09c2b197658418e30': '172.30.166.13', 'i-0e228a867bab4f06b': '172.30.166.39'}
2026-08-16 07:00:11,769 - 1053767 - INFO - Email sent successfully to ['CloudOps@softeon.com']
2026-08-16 07:00:11,769 - 1053767 - INFO - Now patching instances at: 2026-08-16 07:00:11
2026-08-16 07:00:12,029 - 1053767 - INFO - Sent app_validation.py to i-0e228a867bab4f06b (command_id: 4f5371f4-c7dc-4d35-906a-6b322da12c8c)
2026-08-16 07:00:42,119 - 1053767 - INFO - SSM Command Status: Success
2026-08-16 07:00:42,119 - 1053767 - INFO - app_validation.py output for i-0e228a867bab4f06b:

==============================================================================
Server Availability Check Started | 2026-08-16 11:00:12.305368
==============================================================================

==============================================================================
SYSTEM INFORMATION
==============================================================================
Server IP | 172.30.166.39
Hostname | ip-172-30-166-39.us-east-2.compute.internal
Current User | root
Working Directory | /usr/bin
Time Zone | UTC

==============================================================================
STORAGE CHECK | /data mounts
==============================================================================
Filesystem | Size | Used | Avail | Use% | Mounted on
/dev/nvme1n1p2 | 239.9G | 23.7G | 216.2G | 9% | /data
fs-0583183a6c29fb240.efs.us-east-2.amazonaws.com:/ | 0B | 46.5G | 0B | 0% | /data2

==============================================================================
SYMLINK CHECK | root (/)
==============================================================================
Symlinks Total | 4
Symlinks Valid | 4
Symlinks Invalid | 0
Symlink | ResolvedTarget
/bin | /usr/bin
/lib | /usr/lib
/lib64 | /usr/lib64
/sbin | /usr/sbin

==============================================================================
NFS CHECK
==============================================================================
NFS Package Installed | Yes
nfs-server.service Active | No
nfs-client.target Active | Yes
/etc/exports Present | Yes
EXPORTS_LINE | (empty)
NFS_MOUNT | Device | MountPoint | FSType
NFS_MOUNT | fs-0583183a6c29fb240.efs.us-east-2.amazonaws.com:/ | /data2 | nfs4

==============================================================================
CUPS CHECK
==============================================================================
CUPS Installed | Yes
CUPS Running | Yes
CUPS Version | cups-2.4.19-1.amzn2023.0.1.x86_64
CUPS IP URL (http://172.30.166.39:631) | 200
Cups server Http Status | 200
Cups printers Http Status | 200
Printers Configured | 50

==============================================================================
FTP CHECK
==============================================================================
FTP Installed | No
FTP Running (Port 21 localhost) | No
FTP Port 21 Reachable on 172.30.166.39 | No
FTP Processes | None

==============================================================================
JAVA CHECK
==============================================================================
Total Java Processes | 3
Batch/Daemon Java Processes | 0
Non-Standalone Java Processes | Not Found

==============================================================================
BATCH/DAEMON JAVA DETAILS
==============================================================================
Batch/Daemon Java Processes | 0
Batch/Daemon Java Details | None

==============================================================================
JBOSS/WILDFLY APPS (simple table)
==============================================================================
JBoss App Processes | 3
PID | AppName | JbossVersion | Java-Name | Port | URL | Status | Code | SSL-Status | App-Path
1993290 | hayesprod | jboss800eap | hayesprod_jb8 | 8080 | 172.30.166.39:8080 | UP | 200 | Disabled | /data/app/jboss800eap/softeon/hayesprod/standalone
1993581 | hayesrfprod | jboss800eap | hayesrfprod_jb8 | 8081 | 172.30.166.39:8081 | UP | 200 | Disabled | /data/app/jboss800eap/softeon/hayesrfprod/standalone
1993854 | hayeswsprod | jboss800eap | hayeswsprod_jb8 | 8082 | 172.30.166.39:8082 | UP | 200 | Disabled | /data/app/jboss800eap/softeon/hayeswsprod/standalone

==============================================================================
HEALTH MONITOR CRONTAB STATUS
==============================================================================
Health Monitor Crontab | Not Found

==============================================================================
Server Availability Check Completed | 2026-08-16 11:00:13.399894
==============================================================================

2026-08-16 07:00:42,121 - 1053767 - INFO - Before patching log saved: /data/patching_report/validation-2026-08-16/Hayes-Production-App/172.30.166.39/172.30.166.39-BeforePatching-2026-08-16-07-00-42-121.log
2026-08-16 07:00:42,382 - 1053767 - INFO - Sent app_validation.py to i-09c2b197658418e30 (command_id: 6d850611-a2b2-4f10-be9c-7c5611fb3274)
2026-08-16 07:01:12,475 - 1053767 - INFO - SSM Command Status: Success
2026-08-16 07:01:12,475 - 1053767 - INFO - app_validation.py output for i-09c2b197658418e30:

==============================================================================
Server Availability Check Started | 2026-08-16 11:00:42.616111
==============================================================================

==============================================================================
SYSTEM INFORMATION
==============================================================================
Server IP | 172.30.166.13
Hostname | ip-172-30-166-13.us-east-2.compute.internal
Current User | root
Working Directory | /usr/bin
Time Zone | UTC

==============================================================================
STORAGE CHECK | /data mounts
==============================================================================
Filesystem | Size | Used | Avail | Use% | Mounted on
/dev/nvme1n1p2 | 239.9G | 28.6G | 211.3G | 11% | /data
fs-0583183a6c29fb240.efs.us-east-2.amazonaws.com:/ | 0B | 46.5G | 0B | 0% | /data2

==============================================================================
SYMLINK CHECK | root (/)
==============================================================================
Symlinks Total | 4
Symlinks Valid | 4
Symlinks Invalid | 0
Symlink | ResolvedTarget
/bin | /usr/bin
/lib | /usr/lib
/lib64 | /usr/lib64
/sbin | /usr/sbin

==============================================================================
NFS CHECK
==============================================================================
NFS Package Installed | Yes
nfs-server.service Active | No
nfs-client.target Active | Yes
/etc/exports Present | Yes
EXPORTS_LINE | (empty)
NFS_MOUNT | Device | MountPoint | FSType
NFS_MOUNT | fs-0583183a6c29fb240.efs.us-east-2.amazonaws.com:/ | /data2 | nfs4

==============================================================================
CUPS CHECK
==============================================================================
CUPS Installed | Yes
CUPS Running | Yes
CUPS Version | cups-2.4.19-1.amzn2023.0.1.x86_64
CUPS IP URL (http://172.30.166.13:631) | 200
Cups server Http Status | 200
Cups printers Http Status | 200
Printers Configured | 50

==============================================================================
FTP CHECK
==============================================================================
FTP Installed | No
FTP Running (Port 21 localhost) | No
FTP Port 21 Reachable on 172.30.166.13 | No
FTP Processes | None

==============================================================================
JAVA CHECK
==============================================================================
Total Java Processes | 3
Batch/Daemon Java Processes | 0
Non-Standalone Java Processes | Not Found

==============================================================================
BATCH/DAEMON JAVA DETAILS
==============================================================================
Batch/Daemon Java Processes | 0
Batch/Daemon Java Details | None

==============================================================================
JBOSS/WILDFLY APPS (simple table)
==============================================================================
JBoss App Processes | 3
PID | AppName | JbossVersion | Java-Name | Port | URL | Status | Code | SSL-Status | App-Path
1624128 | hayesprod | jboss800eap | hayesprod_jb8 | 8080 | 172.30.166.13:8080 | UP | 200 | Disabled | /data/app/jboss800eap/softeon/hayesprod/standalone
1624260 | hayesrfprod | jboss800eap | hayesrfprod_jb8 | 8081 | 172.30.166.13:8081 | UP | 200 | Disabled | /data/app/jboss800eap/softeon/hayesrfprod/standalone
1624540 | hayeswsprod | jboss800eap | hayeswsprod_jb8 | 8082 | 172.30.166.13:8082 | UP | 200 | Disabled | /data/app/jboss800eap/softeon/hayeswsprod/standalone

==============================================================================
HEALTH MONITOR CRONTAB STATUS
==============================================================================
Health Monitor Crontab | Not Found

==============================================================================
Server Availability Check Completed | 2026-08-16 11:00:43.640196
==============================================================================

2026-08-16 07:01:12,477 - 1053767 - INFO - Before patching log saved: /data/patching_report/validation-2026-08-16/Hayes-Production-App/172.30.166.13/172.30.166.13-BeforePatching-2026-08-16-07-01-12-476.log
2026-08-16 07:01:17,801 - 1053767 - INFO - i-0e228a867bab4f06b: Cron was active = False
2026-08-16 07:01:23,048 - 1053767 - INFO - i-09c2b197658418e30: Cron was active = False
2026-08-16 07:01:23,049 - 1053767 - INFO - No active cron is found on any instance, skipping disable step.
2026-08-16 07:01:23,135 - 1053767 - INFO - Sending patch command to instance i-0e228a867bab4f06b
2026-08-16 07:01:23,290 - 1053767 - INFO - Command sent successfully to instance i-0e228a867bab4f06b. Command ID: ae4ec149-a9e2-49e9-b777-72ff3785319a
2026-08-16 07:01:23,443 - 1053767 - INFO - Sending patch command to instance i-09c2b197658418e30
2026-08-16 07:01:23,538 - 1053767 - INFO - Command sent successfully to instance i-09c2b197658418e30. Command ID: 9fe2826a-607a-4c3a-8fb1-d989f53f63d3
2026-08-16 07:05:55,024 - 1053767 - INFO - All patches applied successfully.
2026-08-16 07:05:55,025 - 1053767 - INFO - Patching end time: 2026-08-16 07:05:55
2026-08-16 07:05:55,025 - 1053767 - INFO - Patch Elapsed time: 0:05:43.255404
2026-08-16 07:05:55,097 - 1053767 - INFO - Email sent successfully to ['CloudOps@softeon.com']
2026-08-16 07:05:55,097 - 1053767 - INFO - Confirmed - services are stopped
2026-08-16 07:06:01,556 - 1053767 - INFO - Discovered TG map: {'i-09c2b197658418e30': ['arn:aws:elasticloadbalancing:us-east-2:835314132208:targetgroup/Hayes-Prod-API/9b608774416cca7d', 'arn:aws:elasticloadbalancing:us-east-2:835314132208:targetgroup/Hayes-Prod-Desktop/903d57bbf0434b6a', 'arn:aws:elasticloadbalancing:us-east-2:835314132208:targetgroup/Hayes-Prod-RF/118b7908a4005ab6', 'arn:aws:elasticloadbalancing:us-east-2:835314132208:targetgroup/Hayes-Prod-WS/602129234d4daa55'], 'i-0e228a867bab4f06b': ['arn:aws:elasticloadbalancing:us-east-2:835314132208:targetgroup/Hayes-Prod-API/9b608774416cca7d', 'arn:aws:elasticloadbalancing:us-east-2:835314132208:targetgroup/Hayes-Prod-Desktop/903d57bbf0434b6a', 'arn:aws:elasticloadbalancing:us-east-2:835314132208:targetgroup/Hayes-Prod-RF/118b7908a4005ab6', 'arn:aws:elasticloadbalancing:us-east-2:835314132208:targetgroup/Hayes-Prod-WS/602129234d4daa55']}
2026-08-16 07:06:02,730 - 1053767 - INFO - Deregistering i-0e228a867bab4f06b from TG arn:aws:elasticloadbalancing:us-east-2:835314132208:targetgroup/Hayes-Prod-API/9b608774416cca7d
2026-08-16 07:06:02,893 - 1053767 - INFO - Deregistering i-0e228a867bab4f06b from TG arn:aws:elasticloadbalancing:us-east-2:835314132208:targetgroup/Hayes-Prod-Desktop/903d57bbf0434b6a
2026-08-16 07:06:02,956 - 1053767 - INFO - Deregistering i-0e228a867bab4f06b from TG arn:aws:elasticloadbalancing:us-east-2:835314132208:targetgroup/Hayes-Prod-RF/118b7908a4005ab6
2026-08-16 07:06:03,016 - 1053767 - INFO - Deregistering i-0e228a867bab4f06b from TG arn:aws:elasticloadbalancing:us-east-2:835314132208:targetgroup/Hayes-Prod-WS/602129234d4daa55
2026-08-16 07:06:03,074 - 1053767 - INFO - Stopping EC2 instance: i-0e228a867bab4f06b at 2026-08-16 07:06:03
2026-08-16 07:07:49,538 - 1053767 - INFO - Instance i-0e228a867bab4f06b stopped successfully.
2026-08-16 07:07:49,801 - 1053767 - INFO - Stopped i-0e228a867bab4f06b in 0:01:46.727410
2026-08-16 07:07:49,802 - 1053767 - INFO - Starting EC2 instance: i-0e228a867bab4f06b
2026-08-16 07:08:05,649 - 1053767 - INFO - Instance i-0e228a867bab4f06b started successfully.
2026-08-16 07:08:05,649 - 1053767 - INFO - Waiting 100 seconds for SSM agent to be ready on i-0e228a867bab4f06b...
2026-08-16 07:09:45,709 - 1053767 - INFO - Registering i-0e228a867bab4f06b to TG arn:aws:elasticloadbalancing:us-east-2:835314132208:targetgroup/Hayes-Prod-API/9b608774416cca7d
2026-08-16 07:09:45,917 - 1053767 - INFO - Registering i-0e228a867bab4f06b to TG arn:aws:elasticloadbalancing:us-east-2:835314132208:targetgroup/Hayes-Prod-Desktop/903d57bbf0434b6a
2026-08-16 07:09:46,053 - 1053767 - INFO - Registering i-0e228a867bab4f06b to TG arn:aws:elasticloadbalancing:us-east-2:835314132208:targetgroup/Hayes-Prod-RF/118b7908a4005ab6
2026-08-16 07:09:46,183 - 1053767 - INFO - Registering i-0e228a867bab4f06b to TG arn:aws:elasticloadbalancing:us-east-2:835314132208:targetgroup/Hayes-Prod-WS/602129234d4daa55
2026-08-16 07:17:47,390 - 1053767 - WARNING - i-0e228a867bab4f06b not healthy in arn:aws:elasticloadbalancing:us-east-2:835314132208:targetgroup/Hayes-Prod-API/9b608774416cca7d after timeout.
2026-08-16 07:17:47,519 - 1053767 - WARNING - i-0e228a867bab4f06b not healthy in arn:aws:elasticloadbalancing:us-east-2:835314132208:targetgroup/Hayes-Prod-Desktop/903d57bbf0434b6a after timeout.
2026-08-16 07:17:47,804 - 1053767 - INFO - Email sent successfully to ['kishlayk@softeon.com', 'CloudOps@softeon.com']
2026-08-16 07:17:47,804 - 1053767 - ERROR - Aborting workflow: i-0e228a867bab4f06b is not healthy after restart.
2026-08-16 07:17:47,807 - 1053767 - INFO - Restart Total time: 0:11:52.581717
2026-08-16 07:17:47,808 - 1053767 - INFO - Auto-confirmed services are restarted
2026-08-16 07:17:47,808 - 1053767 - INFO - Confirmed - services are started
2026-08-16 07:17:47,934 - 1053767 - INFO - The following instances have failed the patch: []
2026-08-16 07:17:47,934 - 1053767 - INFO - No instances have failed the patch.
2026-08-16 07:17:47,934 - 1053767 - INFO - Total Patch Process time: 0:17:43.696246
2026-08-16 07:18:48,462 - 1053767 - INFO - Log file ./logs/patching_2026-08-16_Hayes-Production-App.log uploaded to s3://q3-2026-aws-security-patching/Hayes-Production-App_Patch/2026-08-16/patching_2026-08-16_Hayes-Production-App.log
