2026-07-07 02:00:02,820 - 3884555 - INFO - Logger setup has been removed, using shared logger from common.logs.logger.
2026-07-07 02:00:02,822 - 3884555 - INFO - Script Start Time: 2026-07-07 02:00:02
2026-07-07 02:00:03,959 - 3884555 - INFO - Instance(s) selected for Patching: {'i-045587ea8e67eeeac': '172.31.26.80'}
2026-07-07 02:00:04,100 - 3884555 - INFO - Email sent successfully to ['CloudOps@softeon.com']
2026-07-07 02:00:04,100 - 3884555 - INFO - Now patching instances at: 2026-07-07 02:00:04
2026-07-07 02:00:09,457 - 3884555 - INFO - i-045587ea8e67eeeac: Cron was active = True
2026-07-07 02:00:09,624 - 3884555 - INFO - Health monitor crontab disabled on all instances
2026-07-07 02:00:09,626 - 3884555 - INFO - Disabled cron for: ['i-045587ea8e67eeeac']
2026-07-07 02:00:09,880 - 3884555 - INFO - Sent app_validation.py to i-045587ea8e67eeeac (command_id: 2d0344f9-286b-4753-9058-2deca4d40b17)
2026-07-07 02:00:40,002 - 3884555 - INFO - app_validation.py output for i-045587ea8e67eeeac:

==============================================================================
Server Availability Check Started | 2026-07-07 01:00:10.393039
==============================================================================

==============================================================================
SYSTEM INFORMATION
==============================================================================
Server IP | 172.31.26.80
Hostname | ip-172-31-26-80
Current User | root
Working Directory | /usr/bin
Time Zone | CDT

==============================================================================
STORAGE CHECK | /data mounts
==============================================================================
Filesystem | Size | Used | Avail | Use% | Mounted on
/dev/nvme1n1p2 | 279.9G | 181.8G | 98.1G | 64% | /data

==============================================================================
SYMLINK CHECK | root (/)
==============================================================================
Symlinks Total | 6
Symlinks Valid | 6
Symlinks Invalid | 0
Symlink | ResolvedTarget
/bin | /usr/bin
/data2 | /data/data2
/data3 | /data/data3
/lib | /usr/lib
/lib64 | /usr/lib64
/sbin | /usr/sbin

==============================================================================
NFS CHECK
==============================================================================
NFS Package Installed | Yes
nfs-server.service Active | No
nfs-client.target Active | Yes
/etc/exports Present | Yes
EXPORTS_LINE | (empty)
NFS Mounted Shares | None

==============================================================================
CUPS CHECK
==============================================================================
CUPS Installed | Yes
CUPS Running | Yes
CUPS Version | 1.7.5
CUPS IP URL (http://172.31.26.80:631) | 200
Cups server Http Status | 200
Cups printers Http Status | 200
Printers Configured | 53

==============================================================================
FTP CHECK
==============================================================================
FTP Installed | No
FTP Running (Port 21 localhost) | No
FTP Port 21 Reachable on 172.31.26.80 | No
FTP Processes | None

==============================================================================
JAVA CHECK
==============================================================================
Total Java Processes | 50
Batch/Daemon Java Processes | 46
Non-Standalone Java Processes | ksuat_downloaddaemon, ksuat_eventdaemon, ksuat_integritydaemon, ksuat_labeldaemon, ksuat_reportdaemon, ksuat_reportjqgriddaemon, ksuat_schedulerdaemon, ksuat_uploaddaemon, ksuat_wavelaunchdaemon, ksdev_downloaddaemon, ksdev_eventdaemon, ksdev_integritydaemon, ksdev_labeldaemon, ksdev_replenishmentdaemon, ksdev_reportdaemon, ksdev_reportjqgriddaemon, ksdev_schedulerdaemon, ksdev_uploaddaemon, ksdev_wavelaunchdaemon, ksdev_replpickloccanceldaemon, ksdev_ftpdaemon, ksdev_ptcdaemon, ksdev_printpackputlpcndaemon, ksdev_1_reportdaemon, ksdev_autobatchdistributiondaemon, ksdev_wldecom, ksuatnew_downloaddaemon, ksuatnew_eventdaemon, ksuatnew_integritydaemon, ksuatnew_labeldaemon, ksuatnew_replenishmentdaemon, ksuatnew_reportdaemon, ksuatnew_reportjqgriddaemon, ks_newsch, ksuatnew_uploaddaemon, ksuatnew_wavelaunchdaemon, ksuatnew_replpickloccanceldaemon, ksuatnew_ftpdaemon, ksuatnew_ptcdaemon, ksuatnew_printpackputlpcndaemon, ksuatnew_1_reportdaemon, ksuatnew_autobatchdistributiondaemon, ksuatnew_wldecom, ksuatnew_1ftp, ksuatnew_1dwa, ksuatnew_picktooldaemon

==============================================================================
BATCH/DAEMON JAVA DETAILS
==============================================================================
Batch/Daemon Java Processes | 46
Java-Name | Java-Path
ksuat_downloaddaemon | /data/app/java/jdk1.7.0_80/bin/ksuat_downloaddaemon
ksuat_eventdaemon | /data/app/java/jdk1.7.0_80/bin/ksuat_eventdaemon
ksuat_integritydaemon | /data/app/java/jdk1.7.0_80/bin/ksuat_integritydaemon
ksuat_labeldaemon | /data/app/java/jdk1.7.0_80/bin/ksuat_labeldaemon
ksuat_reportdaemon | /data/app/java/jdk1.7.0_80/bin/ksuat_reportdaemon
ksuat_reportjqgriddaemon | /data/app/java/jdk1.7.0_80/bin/ksuat_reportjqgriddaemon
ksuat_schedulerdaemon | /data/app/java/jdk1.7.0_80/bin/ksuat_schedulerdaemon
ksuat_uploaddaemon | /data/app/java/jdk1.7.0_80/bin/ksuat_uploaddaemon
ksuat_wavelaunchdaemon | /data/app/java/jdk1.7.0_80/bin/ksuat_wavelaunchdaemon
ksdev_downloaddaemon | /data/app/java/jdk1.7.0_80/bin/ksdev_downloaddaemon
ksdev_eventdaemon | /data/app/java/jdk1.7.0_80/bin/ksdev_eventdaemon
ksdev_integritydaemon | /data/app/java/jdk1.7.0_80/bin/ksdev_integritydaemon
ksdev_labeldaemon | /data/app/java/jdk1.7.0_80/bin/ksdev_labeldaemon
ksdev_replenishmentdaemon | /data/app/java/jdk1.7.0_80/bin/ksdev_replenishmentdaemon
ksdev_reportdaemon | /data/app/java/jdk1.7.0_80/bin/ksdev_reportdaemon
ksdev_reportjqgriddaemon | /data/app/java/jdk1.7.0_80/bin/ksdev_reportjqgriddaemon
ksdev_schedulerdaemon | /data/app/java/jdk1.7.0_80/bin/ksdev_schedulerdaemon
ksdev_uploaddaemon | /data/app/java/jdk1.7.0_80/bin/ksdev_uploaddaemon
ksdev_wavelaunchdaemon | /data/app/java/jdk1.7.0_80/bin/ksdev_wavelaunchdaemon
ksdev_replpickloccanceldaemon | /data/app/java/jdk1.7.0_80/bin/ksdev_replpickloccanceldaemon
ksdev_ftpdaemon | /data/app/java/jdk1.7.0_80/bin/ksdev_ftpdaemon
ksdev_ptcdaemon | /data/app/java/jdk1.7.0_80/bin/ksdev_ptcdaemon
ksdev_printpackputlpcndaemon | /data/app/java/jdk1.7.0_80/bin/ksdev_printpackputlpcndaemon
ksdev_1_reportdaemon | /data/app/java/jdk1.7.0_80/bin/ksdev_1_reportdaemon
ksdev_autobatchdistributiondaemon | /data/app/java/jdk1.7.0_80/bin/ksdev_autobatchdistributiondaemon
ksdev_wldecom | /data/app/java/jdk1.7.0_80/bin/ksdev_wldecom
ksuatnew_downloaddaemon | /data/app/java/jdk1.7.0_80/bin/ksuatnew_downloaddaemon
ksuatnew_eventdaemon | /data/app/java/jdk1.7.0_80/bin/ksuatnew_eventdaemon
ksuatnew_integritydaemon | /data/app/java/jdk1.7.0_80/bin/ksuatnew_integritydaemon
ksuatnew_labeldaemon | /data/app/java/jdk1.7.0_80/bin/ksuatnew_labeldaemon
ksuatnew_replenishmentdaemon | /data/app/java/jdk1.7.0_80/bin/ksuatnew_replenishmentdaemon
ksuatnew_reportdaemon | /data/app/java/jdk1.7.0_80/bin/ksuatnew_reportdaemon
ksuatnew_reportjqgriddaemon | /data/app/java/jdk1.7.0_80/bin/ksuatnew_reportjqgriddaemon
ks_newsch | /data/app/java/jdk1.7.0_80/bin/ks_newsch
ksuatnew_uploaddaemon | /data/app/java/jdk1.7.0_80/bin/ksuatnew_uploaddaemon
ksuatnew_wavelaunchdaemon | /data/app/java/jdk1.7.0_80/bin/ksuatnew_wavelaunchdaemon
ksuatnew_replpickloccanceldaemon | /data/app/java/jdk1.7.0_80/bin/ksuatnew_replpickloccanceldaemon
ksuatnew_ftpdaemon | /data/app/java/jdk1.7.0_80/bin/ksuatnew_ftpdaemon
ksuatnew_ptcdaemon | /data/app/java/jdk1.7.0_80/bin/ksuatnew_ptcdaemon
ksuatnew_printpackputlpcndaemon | /data/app/java/jdk1.7.0_80/bin/ksuatnew_printpackputlpcndaemon
ksuatnew_1_reportdaemon | /data/app/java/jdk1.7.0_80/bin/ksuatnew_1_reportdaemon
ksuatnew_autobatchdistributiondaemon | /data/app/java/jdk1.7.0_80/bin/ksuatnew_autobatchdistributiondaemon
ksuatnew_wldecom | /data/app/java/jdk1.7.0_80/bin/ksuatnew_wldecom
ksuatnew_1ftp | /data/batchapp/softeonuatnew/ftpdaemon1
ksuatnew_1dwa | /data/batchapp/softeonuatnew/downloaddaemon1
ksuatnew_picktooldaemon | /data/app/java/jdk1.7.0_80/bin/ksuatnew_picktooldaemon

==============================================================================
JBOSS/WILDFLY APPS (simple table)
==============================================================================
JBoss App Processes | 3
PID | AppName | JbossVersion | Java-Name | Port | URL | Status | Code | SSL-Status | App-Path
310707 | ksdev | app | ksdev_jboss62 | 8081 | 172.31.26.80:8081 | UP | 200 | Disabled | /data/app/jboss62eap/ksdev/standalone
314314 | softeonrfuatnew | app | ksrfuatnew_jboss | 8080 | 172.31.26.80:8080 | UP | 200 | Disabled | /data/app/jboss62eap/softeonrfuatnew/standalone
313683 | softeonuatnew | app | ksuatnew_jboss | 80 | 172.31.26.80:80 | UP | 200 | Disabled | /data/app/jboss62eap/softeonuatnew/standalone

==============================================================================
Server Availability Check Completed | 2026-07-07 01:00:12.515196
==============================================================================

2026-07-07 02:00:40,002 - 3884555 - ERROR - app_validation.py errors for i-045587ea8e67eeeac:

2026-07-07 02:00:40,003 - 3884555 - INFO - Before patching log saved: /data/patching_report/validation-2026-07-07/Kendra-UAT/172.31.26.80/172.31.26.80-BeforePatching-2026-07-07-02-00-40-003.log
2026-07-07 02:00:40,088 - 3884555 - INFO - Sending patch command to instance i-045587ea8e67eeeac
2026-07-07 02:00:40,206 - 3884555 - INFO - Command sent successfully to instance i-045587ea8e67eeeac. Command ID: 19d08796-4b39-4c89-94b1-64d038d83eb5
2026-07-07 02:12:13,125 - 3884555 - INFO - All patches applied successfully.
2026-07-07 02:12:13,126 - 3884555 - INFO - Patching end time: 2026-07-07 02:12:13
2026-07-07 02:12:13,126 - 3884555 - INFO - Patch Elapsed time: 0:12:09.026379
2026-07-07 02:12:13,207 - 3884555 - INFO - Email sent successfully to ['CloudOps@softeon.com']
2026-07-07 02:12:13,207 - 3884555 - INFO - Confirmed - services are stopped
2026-07-07 02:12:33,636 - 3884555 - INFO - Discovered TG map: {'i-045587ea8e67eeeac': ['arn:aws:elasticloadbalancing:us-east-1:835314132208:targetgroup/Kendra-Scott-External/0363d1c8d2f1c4a4', 'arn:aws:elasticloadbalancing:us-east-1:835314132208:targetgroup/Kendra-Scott-Sandbox/0f647acc9a353ee7', 'arn:aws:elasticloadbalancing:us-east-1:835314132208:targetgroup/Kendra-Scott-Sandbox-Ext/d063e3e02027f5d4', 'arn:aws:elasticloadbalancing:us-east-1:835314132208:targetgroup/Kendra-Scott-UAT-Desktop/e9221f4cf98042f5']}
2026-07-07 02:12:33,867 - 3884555 - INFO - Deregistering i-045587ea8e67eeeac from TG arn:aws:elasticloadbalancing:us-east-1:835314132208:targetgroup/Kendra-Scott-External/0363d1c8d2f1c4a4
2026-07-07 02:12:34,002 - 3884555 - INFO - Deregistering i-045587ea8e67eeeac from TG arn:aws:elasticloadbalancing:us-east-1:835314132208:targetgroup/Kendra-Scott-Sandbox/0f647acc9a353ee7
2026-07-07 02:12:34,066 - 3884555 - INFO - Deregistering i-045587ea8e67eeeac from TG arn:aws:elasticloadbalancing:us-east-1:835314132208:targetgroup/Kendra-Scott-Sandbox-Ext/d063e3e02027f5d4
2026-07-07 02:12:34,119 - 3884555 - INFO - Deregistering i-045587ea8e67eeeac from TG arn:aws:elasticloadbalancing:us-east-1:835314132208:targetgroup/Kendra-Scott-UAT-Desktop/e9221f4cf98042f5
2026-07-07 02:12:34,185 - 3884555 - INFO - Stopping EC2 instance: i-045587ea8e67eeeac at 2026-07-07 02:12:34
2026-07-07 02:15:21,042 - 3884555 - INFO - Instance i-045587ea8e67eeeac stopped successfully.
2026-07-07 02:15:21,174 - 3884555 - INFO - Stopped i-045587ea8e67eeeac in 0:02:46.988786
2026-07-07 02:15:21,175 - 3884555 - INFO - Starting EC2 instance: i-045587ea8e67eeeac
2026-07-07 02:15:37,180 - 3884555 - INFO - Instance i-045587ea8e67eeeac started successfully.
2026-07-07 02:15:37,180 - 3884555 - INFO - Waiting 100 seconds for SSM agent to be ready on i-045587ea8e67eeeac...
2026-07-07 02:17:17,280 - 3884555 - INFO - Registering i-045587ea8e67eeeac to TG arn:aws:elasticloadbalancing:us-east-1:835314132208:targetgroup/Kendra-Scott-External/0363d1c8d2f1c4a4
2026-07-07 02:17:17,449 - 3884555 - INFO - Registering i-045587ea8e67eeeac to TG arn:aws:elasticloadbalancing:us-east-1:835314132208:targetgroup/Kendra-Scott-Sandbox/0f647acc9a353ee7
2026-07-07 02:17:17,596 - 3884555 - INFO - Registering i-045587ea8e67eeeac to TG arn:aws:elasticloadbalancing:us-east-1:835314132208:targetgroup/Kendra-Scott-Sandbox-Ext/d063e3e02027f5d4
2026-07-07 02:17:17,771 - 3884555 - INFO - Registering i-045587ea8e67eeeac to TG arn:aws:elasticloadbalancing:us-east-1:835314132208:targetgroup/Kendra-Scott-UAT-Desktop/e9221f4cf98042f5
2026-07-07 02:20:48,672 - 3884555 - INFO - Sent app_validation.py to i-045587ea8e67eeeac (command_id: ee0a3f3e-7132-41da-9f82-7554d5b20cd2)
2026-07-07 02:21:18,807 - 3884555 - INFO - app_validation.py output for i-045587ea8e67eeeac:

==============================================================================
Server Availability Check Started | 2026-07-07 01:20:49.268213
==============================================================================

==============================================================================
SYSTEM INFORMATION
==============================================================================
Server IP | 172.31.26.80
Hostname | ip-172-31-26-80
Current User | root
Working Directory | /usr/bin
Time Zone | CDT

==============================================================================
STORAGE CHECK | /data mounts
==============================================================================
Filesystem | Size | Used | Avail | Use% | Mounted on
/dev/nvme1n1p2 | 279.9G | 179.0G | 100.9G | 63% | /data

==============================================================================
SYMLINK CHECK | root (/)
==============================================================================
Symlinks Total | 6
Symlinks Valid | 6
Symlinks Invalid | 0
Symlink | ResolvedTarget
/bin | /usr/bin
/data2 | /data/data2
/data3 | /data/data3
/lib | /usr/lib
/lib64 | /usr/lib64
/sbin | /usr/sbin

==============================================================================
NFS CHECK
==============================================================================
NFS Package Installed | Yes
nfs-server.service Active | No
nfs-client.target Active | Yes
/etc/exports Present | Yes
EXPORTS_LINE | (empty)
NFS Mounted Shares | None

==============================================================================
CUPS CHECK
==============================================================================
CUPS Installed | Yes
CUPS Running | No
CUPS Version | 1.7.5
CUPS IP Port 631 Reachable | No
Cups server Http Status | Not Found
Cups printers Http Status | Not Found
Printers Configured | 0

==============================================================================
FTP CHECK
==============================================================================
FTP Installed | No
FTP Running (Port 21 localhost) | No
FTP Port 21 Reachable on 172.31.26.80 | No
FTP Processes | None

==============================================================================
JAVA CHECK
==============================================================================
Total Java Processes | 50
Batch/Daemon Java Processes | 47
Non-Standalone Java Processes | ksuat_downloaddaemon, ksuatnew_downloaddaemon, ksdev_downloaddaemon, ksuat_eventdaemon, ksuatnew_eventdaemon, ksdev_eventdaemon, ksuat_integritydaemon, ksuatnew_integritydaemon, ksuat_labeldaemon, ksdev_integritydaemon, ksuatnew_labeldaemon, ksuat_reportdaemon, ksdev_labeldaemon, ksuatnew_replenishmentdaemon, ksuat_reportjqgriddaemon, ksuat_schedulerdaemon, ksuatnew_reportdaemon, ksdev_replenishmentdaemon, ksuat_uploaddaemon, ksuat_wavelaunchdaemon, ksuatnew_reportjqgriddaemon, ksdev_reportdaemon, ks_newsch, ksdev_reportjqgriddaemon, ksuatnew_uploaddaemon, ksdev_schedulerdaemon, ksuatnew_wavelaunchdaemon, ksdev_uploaddaemon, ksuatnew_replpickloccanceldaemon, ksdev_wavelaunchdaemon, ksuatnew_ftpdaemon, ksuatnew_ptcdaemon, ksdev_replpickloccanceldaemon, ksdev_ftpdaemon, ksuatnew_printpackputlpcndaemon, ksuatnew_1_reportdaemon, ksdev_ptcdaemon, ksuatnew_autobatchdistributiondaemon, ksdev_printpackputlpcndaemon, ksuatnew_wldecom, ksdev_1_reportdaemon, ksuatnew_ptlpk, ksdev_autobatchdistributiondaemon, ksuatnew_1ftp, ksdev_wldecom, ksuatnew_1dwa, ksuatnew_picktooldaemon

==============================================================================
BATCH/DAEMON JAVA DETAILS
==============================================================================
Batch/Daemon Java Processes | 47
Java-Name | Java-Path
ksuat_downloaddaemon | /data/app/java/jdk1.7.0_80/bin/ksuat_downloaddaemon
ksuatnew_downloaddaemon | /data/app/java/jdk1.7.0_80/bin/ksuatnew_downloaddaemon
ksdev_downloaddaemon | /data/app/java/jdk1.7.0_80/bin/ksdev_downloaddaemon
ksuat_eventdaemon | /data/app/java/jdk1.7.0_80/bin/ksuat_eventdaemon
ksuatnew_eventdaemon | /data/app/java/jdk1.7.0_80/bin/ksuatnew_eventdaemon
ksdev_eventdaemon | /data/app/java/jdk1.7.0_80/bin/ksdev_eventdaemon
ksuat_integritydaemon | /data/app/java/jdk1.7.0_80/bin/ksuat_integritydaemon
ksuatnew_integritydaemon | /data/app/java/jdk1.7.0_80/bin/ksuatnew_integritydaemon
ksuat_labeldaemon | /data/app/java/jdk1.7.0_80/bin/ksuat_labeldaemon
ksdev_integritydaemon | /data/app/java/jdk1.7.0_80/bin/ksdev_integritydaemon
ksuatnew_labeldaemon | /data/app/java/jdk1.7.0_80/bin/ksuatnew_labeldaemon
ksuat_reportdaemon | /data/app/java/jdk1.7.0_80/bin/ksuat_reportdaemon
ksdev_labeldaemon | /data/app/java/jdk1.7.0_80/bin/ksdev_labeldaemon
ksuatnew_replenishmentdaemon | /data/app/java/jdk1.7.0_80/bin/ksuatnew_replenishmentdaemon
ksuat_reportjqgriddaemon | /data/app/java/jdk1.7.0_80/bin/ksuat_reportjqgriddaemon
ksuat_schedulerdaemon | /data/app/java/jdk1.7.0_80/bin/ksuat_schedulerdaemon
ksuatnew_reportdaemon | /data/app/java/jdk1.7.0_80/bin/ksuatnew_reportdaemon
ksdev_replenishmentdaemon | /data/app/java/jdk1.7.0_80/bin/ksdev_replenishmentdaemon
ksuat_uploaddaemon | /data/app/java/jdk1.7.0_80/bin/ksuat_uploaddaemon
ksuat_wavelaunchdaemon | /data/app/java/jdk1.7.0_80/bin/ksuat_wavelaunchdaemon
ksuatnew_reportjqgriddaemon | /data/app/java/jdk1.7.0_80/bin/ksuatnew_reportjqgriddaemon
ksdev_reportdaemon | /data/app/java/jdk1.7.0_80/bin/ksdev_reportdaemon
ks_newsch | /data/app/java/jdk1.7.0_80/bin/ks_newsch
ksdev_reportjqgriddaemon | /data/app/java/jdk1.7.0_80/bin/ksdev_reportjqgriddaemon
ksuatnew_uploaddaemon | /data/app/java/jdk1.7.0_80/bin/ksuatnew_uploaddaemon
ksdev_schedulerdaemon | /data/app/java/jdk1.7.0_80/bin/ksdev_schedulerdaemon
ksuatnew_wavelaunchdaemon | /data/app/java/jdk1.7.0_80/bin/ksuatnew_wavelaunchdaemon
ksdev_uploaddaemon | /data/app/java/jdk1.7.0_80/bin/ksdev_uploaddaemon
ksuatnew_replpickloccanceldaemon | /data/app/java/jdk1.7.0_80/bin/ksuatnew_replpickloccanceldaemon
ksdev_wavelaunchdaemon | /data/app/java/jdk1.7.0_80/bin/ksdev_wavelaunchdaemon
ksuatnew_ftpdaemon | /data/app/java/jdk1.7.0_80/bin/ksuatnew_ftpdaemon
ksuatnew_ptcdaemon | /data/app/java/jdk1.7.0_80/bin/ksuatnew_ptcdaemon
ksdev_replpickloccanceldaemon | /data/app/java/jdk1.7.0_80/bin/ksdev_replpickloccanceldaemon
ksdev_ftpdaemon | /data/app/java/jdk1.7.0_80/bin/ksdev_ftpdaemon
ksuatnew_printpackputlpcndaemon | /data/app/java/jdk1.7.0_80/bin/ksuatnew_printpackputlpcndaemon
ksuatnew_1_reportdaemon | /data/app/java/jdk1.7.0_80/bin/ksuatnew_1_reportdaemon
ksdev_ptcdaemon | /data/app/java/jdk1.7.0_80/bin/ksdev_ptcdaemon
ksuatnew_autobatchdistributiondaemon | /data/app/java/jdk1.7.0_80/bin/ksuatnew_autobatchdistributiondaemon
ksdev_printpackputlpcndaemon | /data/app/java/jdk1.7.0_80/bin/ksdev_printpackputlpcndaemon
ksuatnew_wldecom | /data/app/java/jdk1.7.0_80/bin/ksuatnew_wldecom
ksdev_1_reportdaemon | /data/app/java/jdk1.7.0_80/bin/ksdev_1_reportdaemon
ksuatnew_ptlpk | /data/app/java/jdk1.7.0_80/bin/ksuatnew_ptlpk
ksdev_autobatchdistributiondaemon | /data/app/java/jdk1.7.0_80/bin/ksdev_autobatchdistributiondaemon
ksuatnew_1ftp | /data/batchapp/softeonuatnew/ftpdaemon1
ksdev_wldecom | /data/app/java/jdk1.7.0_80/bin/ksdev_wldecom
ksuatnew_1dwa | /data/batchapp/softeonuatnew/downloaddaemon1
ksuatnew_picktooldaemon | /data/app/java/jdk1.7.0_80/bin/ksuatnew_picktooldaemon

==============================================================================
JBOSS/WILDFLY APPS (simple table)
==============================================================================
JBoss App Processes | 3
PID | AppName | JbossVersion | Java-Name | Port | URL | Status | Code | SSL-Status | App-Path
3741 | ksdev | app | ksdev_jboss62 | 8081 | 172.31.26.80:8081 | UP | 200 | Disabled | /data/app/jboss62eap/ksdev/standalone
3691 | softeonrfuatnew | app | ksrfuatnew_jboss | 8080 | 172.31.26.80:8080 | UP | 200 | Disabled | /data/app/jboss62eap/softeonrfuatnew/standalone
3799 | softeonuatnew | app | ksuatnew_jboss | 80 | 172.31.26.80:80 | UP | 200 | Disabled | /data/app/jboss62eap/softeonuatnew/standalone

==============================================================================
Server Availability Check Completed | 2026-07-07 01:20:54.796958
==============================================================================

2026-07-07 02:21:18,807 - 3884555 - ERROR - app_validation.py errors for i-045587ea8e67eeeac:

2026-07-07 02:21:18,808 - 3884555 - INFO - After patching validation saved to: /data/patching_report/validation-2026-07-07/Kendra-UAT/172.31.26.80/172.31.26.80-AfterPatching-2026-07-07-02-21-18-808.log
2026-07-07 02:21:18,861 - 3884555 - INFO - Validation comparison report generated: /data/patching_report/validation-2026-07-07/Kendra-UAT/172.31.26.80/172.31.26.80-Validation-details-2026-07-07-02-21-18-808.html
2026-07-07 02:21:19,069 - 3884555 - INFO - Email sent successfully to ['kishlayk@softeon.com', 'CloudOps@softeon.com']
2026-07-07 02:21:19,069 - 3884555 - INFO - HTML validation report email sent for i-045587ea8e67eeeac
2026-07-07 02:21:19,070 - 3884555 - INFO - [Retry-1] Waiting 600s for i-045587ea8e67eeeac...
2026-07-07 02:21:19,070 - 3884555 - INFO - RED - Background retry thread started for i-045587ea8e67eeeac
2026-07-07 02:21:19,382 - 3884555 - INFO - Started i-045587ea8e67eeeac in 0:05:58.207258
2026-07-07 02:21:19,383 - 3884555 - INFO - All instances processed.
2026-07-07 02:21:19,387 - 3884555 - INFO - Restart Total time: 0:09:06.055820
2026-07-07 02:21:19,387 - 3884555 - INFO - Auto-confirmed services are restarted
2026-07-07 02:21:19,387 - 3884555 - INFO - Confirmed - services are started
2026-07-07 02:21:19,505 - 3884555 - INFO - The following instances have failed the patch: []
2026-07-07 02:21:19,505 - 3884555 - INFO - No instances have failed the patch.
2026-07-07 02:21:19,505 - 3884555 - INFO - Total Patch Process time: 0:21:16.683034
2026-07-07 02:22:20,134 - 3884555 - INFO - Log file ./logs/patching_2026-07-07_Kendra-UAT.log uploaded to s3://q3-2026-aws-security-patching/Kendra-UAT_Patch/2026-07-07/patching_2026-07-07_Kendra-UAT.log
2026-07-07 02:31:19,289 - 3884555 - INFO - Sent app_validation.py to i-045587ea8e67eeeac (command_id: e97eb4d1-0643-4790-a71f-7639e7d9fe22)
2026-07-07 02:31:49,452 - 3884555 - INFO - app_validation.py output for i-045587ea8e67eeeac:

==============================================================================
Server Availability Check Started | 2026-07-07 01:31:19.654425
==============================================================================

==============================================================================
SYSTEM INFORMATION
==============================================================================
Server IP | 172.31.26.80
Hostname | ip-172-31-26-80
Current User | root
Working Directory | /usr/bin
Time Zone | CDT

==============================================================================
STORAGE CHECK | /data mounts
==============================================================================
Filesystem | Size | Used | Avail | Use% | Mounted on
/dev/nvme1n1p2 | 279.9G | 179.0G | 100.8G | 63% | /data

==============================================================================
SYMLINK CHECK | root (/)
==============================================================================
Symlinks Total | 6
Symlinks Valid | 6
Symlinks Invalid | 0
Symlink | ResolvedTarget
/bin | /usr/bin
/data2 | /data/data2
/data3 | /data/data3
/lib | /usr/lib
/lib64 | /usr/lib64
/sbin | /usr/sbin

==============================================================================
NFS CHECK
==============================================================================
NFS Package Installed | Yes
nfs-server.service Active | No
nfs-client.target Active | Yes
/etc/exports Present | Yes
EXPORTS_LINE | (empty)
NFS Mounted Shares | None

==============================================================================
CUPS CHECK
==============================================================================
CUPS Installed | Yes
CUPS Running | No
CUPS Version | 1.7.5
CUPS IP Port 631 Reachable | No
Cups server Http Status | Not Found
Cups printers Http Status | Not Found
Printers Configured | 0

==============================================================================
FTP CHECK
==============================================================================
FTP Installed | No
FTP Running (Port 21 localhost) | No
FTP Port 21 Reachable on 172.31.26.80 | No
FTP Processes | None

==============================================================================
JAVA CHECK
==============================================================================
Total Java Processes | 50
Batch/Daemon Java Processes | 47
Non-Standalone Java Processes | ksuat_downloaddaemon, ksuatnew_downloaddaemon, ksdev_downloaddaemon, ksuat_eventdaemon, ksuatnew_eventdaemon, ksdev_eventdaemon, ksuat_integritydaemon, ksuatnew_integritydaemon, ksuat_labeldaemon, ksdev_integritydaemon, ksuatnew_labeldaemon, ksuat_reportdaemon, ksdev_labeldaemon, ksuatnew_replenishmentdaemon, ksuat_reportjqgriddaemon, ksuat_schedulerdaemon, ksuatnew_reportdaemon, ksdev_replenishmentdaemon, ksuat_uploaddaemon, ksuat_wavelaunchdaemon, ksuatnew_reportjqgriddaemon, ksdev_reportdaemon, ks_newsch, ksdev_reportjqgriddaemon, ksuatnew_uploaddaemon, ksdev_schedulerdaemon, ksuatnew_wavelaunchdaemon, ksdev_uploaddaemon, ksuatnew_replpickloccanceldaemon, ksdev_wavelaunchdaemon, ksuatnew_ftpdaemon, ksuatnew_ptcdaemon, ksdev_replpickloccanceldaemon, ksdev_ftpdaemon, ksuatnew_printpackputlpcndaemon, ksuatnew_1_reportdaemon, ksdev_ptcdaemon, ksuatnew_autobatchdistributiondaemon, ksdev_printpackputlpcndaemon, ksuatnew_wldecom, ksdev_1_reportdaemon, ksuatnew_ptlpk, ksdev_autobatchdistributiondaemon, ksuatnew_1ftp, ksdev_wldecom, ksuatnew_1dwa, ksuatnew_picktooldaemon

==============================================================================
BATCH/DAEMON JAVA DETAILS
==============================================================================
Batch/Daemon Java Processes | 47
Java-Name | Java-Path
ksuat_downloaddaemon | /data/app/java/jdk1.7.0_80/bin/ksuat_downloaddaemon
ksuatnew_downloaddaemon | /data/app/java/jdk1.7.0_80/bin/ksuatnew_downloaddaemon
ksdev_downloaddaemon | /data/app/java/jdk1.7.0_80/bin/ksdev_downloaddaemon
ksuat_eventdaemon | /data/app/java/jdk1.7.0_80/bin/ksuat_eventdaemon
ksuatnew_eventdaemon | /data/app/java/jdk1.7.0_80/bin/ksuatnew_eventdaemon
ksdev_eventdaemon | /data/app/java/jdk1.7.0_80/bin/ksdev_eventdaemon
ksuat_integritydaemon | /data/app/java/jdk1.7.0_80/bin/ksuat_integritydaemon
ksuatnew_integritydaemon | /data/app/java/jdk1.7.0_80/bin/ksuatnew_integritydaemon
ksuat_labeldaemon | /data/app/java/jdk1.7.0_80/bin/ksuat_labeldaemon
ksdev_integritydaemon | /data/app/java/jdk1.7.0_80/bin/ksdev_integritydaemon
ksuatnew_labeldaemon | /data/app/java/jdk1.7.0_80/bin/ksuatnew_labeldaemon
ksuat_reportdaemon | /data/app/java/jdk1.7.0_80/bin/ksuat_reportdaemon
ksdev_labeldaemon | /data/app/java/jdk1.7.0_80/bin/ksdev_labeldaemon
ksuatnew_replenishmentdaemon | /data/app/java/jdk1.7.0_80/bin/ksuatnew_replenishmentdaemon
ksuat_reportjqgriddaemon | /data/app/java/jdk1.7.0_80/bin/ksuat_reportjqgriddaemon
ksuat_schedulerdaemon | /data/app/java/jdk1.7.0_80/bin/ksuat_schedulerdaemon
ksuatnew_reportdaemon | /data/app/java/jdk1.7.0_80/bin/ksuatnew_reportdaemon
ksdev_replenishmentdaemon | /data/app/java/jdk1.7.0_80/bin/ksdev_replenishmentdaemon
ksuat_uploaddaemon | /data/app/java/jdk1.7.0_80/bin/ksuat_uploaddaemon
ksuat_wavelaunchdaemon | /data/app/java/jdk1.7.0_80/bin/ksuat_wavelaunchdaemon
ksuatnew_reportjqgriddaemon | /data/app/java/jdk1.7.0_80/bin/ksuatnew_reportjqgriddaemon
ksdev_reportdaemon | /data/app/java/jdk1.7.0_80/bin/ksdev_reportdaemon
ks_newsch | /data/app/java/jdk1.7.0_80/bin/ks_newsch
ksdev_reportjqgriddaemon | /data/app/java/jdk1.7.0_80/bin/ksdev_reportjqgriddaemon
ksuatnew_uploaddaemon | /data/app/java/jdk1.7.0_80/bin/ksuatnew_uploaddaemon
ksdev_schedulerdaemon | /data/app/java/jdk1.7.0_80/bin/ksdev_schedulerdaemon
ksuatnew_wavelaunchdaemon | /data/app/java/jdk1.7.0_80/bin/ksuatnew_wavelaunchdaemon
ksdev_uploaddaemon | /data/app/java/jdk1.7.0_80/bin/ksdev_uploaddaemon
ksuatnew_replpickloccanceldaemon | /data/app/java/jdk1.7.0_80/bin/ksuatnew_replpickloccanceldaemon
ksdev_wavelaunchdaemon | /data/app/java/jdk1.7.0_80/bin/ksdev_wavelaunchdaemon
ksuatnew_ftpdaemon | /data/app/java/jdk1.7.0_80/bin/ksuatnew_ftpdaemon
ksuatnew_ptcdaemon | /data/app/java/jdk1.7.0_80/bin/ksuatnew_ptcdaemon
ksdev_replpickloccanceldaemon | /data/app/java/jdk1.7.0_80/bin/ksdev_replpickloccanceldaemon
ksdev_ftpdaemon | /data/app/java/jdk1.7.0_80/bin/ksdev_ftpdaemon
ksuatnew_printpackputlpcndaemon | /data/app/java/jdk1.7.0_80/bin/ksuatnew_printpackputlpcndaemon
ksuatnew_1_reportdaemon | /data/app/java/jdk1.7.0_80/bin/ksuatnew_1_reportdaemon
ksdev_ptcdaemon | /data/app/java/jdk1.7.0_80/bin/ksdev_ptcdaemon
ksuatnew_autobatchdistributiondaemon | /data/app/java/jdk1.7.0_80/bin/ksuatnew_autobatchdistributiondaemon
ksdev_printpackputlpcndaemon | /data/app/java/jdk1.7.0_80/bin/ksdev_printpackputlpcndaemon
ksuatnew_wldecom | /data/app/java/jdk1.7.0_80/bin/ksuatnew_wldecom
ksdev_1_reportdaemon | /data/app/java/jdk1.7.0_80/bin/ksdev_1_reportdaemon
ksuatnew_ptlpk | /data/app/java/jdk1.7.0_80/bin/ksuatnew_ptlpk
ksdev_autobatchdistributiondaemon | /data/app/java/jdk1.7.0_80/bin/ksdev_autobatchdistributiondaemon
ksuatnew_1ftp | /data/batchapp/softeonuatnew/ftpdaemon1
ksdev_wldecom | /data/app/java/jdk1.7.0_80/bin/ksdev_wldecom
ksuatnew_1dwa | /data/batchapp/softeonuatnew/downloaddaemon1
ksuatnew_picktooldaemon | /data/app/java/jdk1.7.0_80/bin/ksuatnew_picktooldaemon

==============================================================================
JBOSS/WILDFLY APPS (simple table)
==============================================================================
JBoss App Processes | 3
PID | AppName | JbossVersion | Java-Name | Port | URL | Status | Code | SSL-Status | App-Path
3741 | ksdev | app | ksdev_jboss62 | 8081 | 172.31.26.80:8081 | UP | 200 | Disabled | /data/app/jboss62eap/ksdev/standalone
3691 | softeonrfuatnew | app | ksrfuatnew_jboss | 8080 | 172.31.26.80:8080 | UP | 200 | Disabled | /data/app/jboss62eap/softeonrfuatnew/standalone
3799 | softeonuatnew | app | ksuatnew_jboss | 80 | 172.31.26.80:80 | UP | 200 | Disabled | /data/app/jboss62eap/softeonuatnew/standalone

==============================================================================
Server Availability Check Completed | 2026-07-07 01:31:20.824822
==============================================================================

2026-07-07 02:31:49,452 - 3884555 - ERROR - app_validation.py errors for i-045587ea8e67eeeac:

2026-07-07 02:31:49,454 - 3884555 - INFO - [Retry-1] After log saved: /data/patching_report/validation-2026-07-07/Kendra-UAT/172.31.26.80/172.31.26.80-AfterPatching-Retry1-2026-07-07-02-31-49-454.log
2026-07-07 02:31:49,509 - 3884555 - INFO - [Retry-1] RED detected for Kendra Scott UAT Application and Batch Server (172.31.26.80), retrying... (Total waited: 600s)
2026-07-07 02:31:49,509 - 3884555 - INFO - [Retry-2] Waiting 600s for i-045587ea8e67eeeac...
2026-07-07 02:41:49,934 - 3884555 - INFO - Sent app_validation.py to i-045587ea8e67eeeac (command_id: 00655e6d-6f8a-4884-8bac-14bf9b9e9770)
2026-07-07 02:42:20,019 - 3884555 - INFO - app_validation.py output for i-045587ea8e67eeeac:

==============================================================================
Server Availability Check Started | 2026-07-07 01:41:50.355959
==============================================================================

==============================================================================
SYSTEM INFORMATION
==============================================================================
Server IP | 172.31.26.80
Hostname | ip-172-31-26-80
Current User | root
Working Directory | /usr/bin
Time Zone | CDT

==============================================================================
STORAGE CHECK | /data mounts
==============================================================================
Filesystem | Size | Used | Avail | Use% | Mounted on
/dev/nvme1n1p2 | 279.9G | 179.1G | 100.8G | 63% | /data

==============================================================================
SYMLINK CHECK | root (/)
==============================================================================
Symlinks Total | 6
Symlinks Valid | 6
Symlinks Invalid | 0
Symlink | ResolvedTarget
/bin | /usr/bin
/data2 | /data/data2
/data3 | /data/data3
/lib | /usr/lib
/lib64 | /usr/lib64
/sbin | /usr/sbin

==============================================================================
NFS CHECK
==============================================================================
NFS Package Installed | Yes
nfs-server.service Active | No
nfs-client.target Active | Yes
/etc/exports Present | Yes
EXPORTS_LINE | (empty)
NFS Mounted Shares | None

==============================================================================
CUPS CHECK
==============================================================================
CUPS Installed | Yes
CUPS Running | No
CUPS Version | 1.7.5
CUPS IP Port 631 Reachable | No
Cups server Http Status | Not Found
Cups printers Http Status | Not Found
Printers Configured | 0

==============================================================================
FTP CHECK
==============================================================================
FTP Installed | No
FTP Running (Port 21 localhost) | No
FTP Port 21 Reachable on 172.31.26.80 | No
FTP Processes | None

==============================================================================
JAVA CHECK
==============================================================================
Total Java Processes | 50
Batch/Daemon Java Processes | 47
Non-Standalone Java Processes | ksuat_downloaddaemon, ksuatnew_downloaddaemon, ksdev_downloaddaemon, ksuat_eventdaemon, ksuatnew_eventdaemon, ksdev_eventdaemon, ksuat_integritydaemon, ksuatnew_integritydaemon, ksuat_labeldaemon, ksdev_integritydaemon, ksuatnew_labeldaemon, ksuat_reportdaemon, ksdev_labeldaemon, ksuatnew_replenishmentdaemon, ksuat_reportjqgriddaemon, ksuat_schedulerdaemon, ksuatnew_reportdaemon, ksdev_replenishmentdaemon, ksuat_uploaddaemon, ksuat_wavelaunchdaemon, ksuatnew_reportjqgriddaemon, ksdev_reportdaemon, ks_newsch, ksdev_reportjqgriddaemon, ksuatnew_uploaddaemon, ksdev_schedulerdaemon, ksuatnew_wavelaunchdaemon, ksdev_uploaddaemon, ksuatnew_replpickloccanceldaemon, ksdev_wavelaunchdaemon, ksuatnew_ftpdaemon, ksuatnew_ptcdaemon, ksdev_replpickloccanceldaemon, ksdev_ftpdaemon, ksuatnew_printpackputlpcndaemon, ksuatnew_1_reportdaemon, ksdev_ptcdaemon, ksuatnew_autobatchdistributiondaemon, ksdev_printpackputlpcndaemon, ksuatnew_wldecom, ksdev_1_reportdaemon, ksuatnew_ptlpk, ksdev_autobatchdistributiondaemon, ksuatnew_1ftp, ksdev_wldecom, ksuatnew_1dwa, ksuatnew_picktooldaemon

==============================================================================
BATCH/DAEMON JAVA DETAILS
==============================================================================
Batch/Daemon Java Processes | 47
Java-Name | Java-Path
ksuat_downloaddaemon | /data/app/java/jdk1.7.0_80/bin/ksuat_downloaddaemon
ksuatnew_downloaddaemon | /data/app/java/jdk1.7.0_80/bin/ksuatnew_downloaddaemon
ksdev_downloaddaemon | /data/app/java/jdk1.7.0_80/bin/ksdev_downloaddaemon
ksuat_eventdaemon | /data/app/java/jdk1.7.0_80/bin/ksuat_eventdaemon
ksuatnew_eventdaemon | /data/app/java/jdk1.7.0_80/bin/ksuatnew_eventdaemon
ksdev_eventdaemon | /data/app/java/jdk1.7.0_80/bin/ksdev_eventdaemon
ksuat_integritydaemon | /data/app/java/jdk1.7.0_80/bin/ksuat_integritydaemon
ksuatnew_integritydaemon | /data/app/java/jdk1.7.0_80/bin/ksuatnew_integritydaemon
ksuat_labeldaemon | /data/app/java/jdk1.7.0_80/bin/ksuat_labeldaemon
ksdev_integritydaemon | /data/app/java/jdk1.7.0_80/bin/ksdev_integritydaemon
ksuatnew_labeldaemon | /data/app/java/jdk1.7.0_80/bin/ksuatnew_labeldaemon
ksuat_reportdaemon | /data/app/java/jdk1.7.0_80/bin/ksuat_reportdaemon
ksdev_labeldaemon | /data/app/java/jdk1.7.0_80/bin/ksdev_labeldaemon
ksuatnew_replenishmentdaemon | /data/app/java/jdk1.7.0_80/bin/ksuatnew_replenishmentdaemon
ksuat_reportjqgriddaemon | /data/app/java/jdk1.7.0_80/bin/ksuat_reportjqgriddaemon
ksuat_schedulerdaemon | /data/app/java/jdk1.7.0_80/bin/ksuat_schedulerdaemon
ksuatnew_reportdaemon | /data/app/java/jdk1.7.0_80/bin/ksuatnew_reportdaemon
ksdev_replenishmentdaemon | /data/app/java/jdk1.7.0_80/bin/ksdev_replenishmentdaemon
ksuat_uploaddaemon | /data/app/java/jdk1.7.0_80/bin/ksuat_uploaddaemon
ksuat_wavelaunchdaemon | /data/app/java/jdk1.7.0_80/bin/ksuat_wavelaunchdaemon
ksuatnew_reportjqgriddaemon | /data/app/java/jdk1.7.0_80/bin/ksuatnew_reportjqgriddaemon
ksdev_reportdaemon | /data/app/java/jdk1.7.0_80/bin/ksdev_reportdaemon
ks_newsch | /data/app/java/jdk1.7.0_80/bin/ks_newsch
ksdev_reportjqgriddaemon | /data/app/java/jdk1.7.0_80/bin/ksdev_reportjqgriddaemon
ksuatnew_uploaddaemon | /data/app/java/jdk1.7.0_80/bin/ksuatnew_uploaddaemon
ksdev_schedulerdaemon | /data/app/java/jdk1.7.0_80/bin/ksdev_schedulerdaemon
ksuatnew_wavelaunchdaemon | /data/app/java/jdk1.7.0_80/bin/ksuatnew_wavelaunchdaemon
ksdev_uploaddaemon | /data/app/java/jdk1.7.0_80/bin/ksdev_uploaddaemon
ksuatnew_replpickloccanceldaemon | /data/app/java/jdk1.7.0_80/bin/ksuatnew_replpickloccanceldaemon
ksdev_wavelaunchdaemon | /data/app/java/jdk1.7.0_80/bin/ksdev_wavelaunchdaemon
ksuatnew_ftpdaemon | /data/app/java/jdk1.7.0_80/bin/ksuatnew_ftpdaemon
ksuatnew_ptcdaemon | /data/app/java/jdk1.7.0_80/bin/ksuatnew_ptcdaemon
ksdev_replpickloccanceldaemon | /data/app/java/jdk1.7.0_80/bin/ksdev_replpickloccanceldaemon
ksdev_ftpdaemon | /data/app/java/jdk1.7.0_80/bin/ksdev_ftpdaemon
ksuatnew_printpackputlpcndaemon | /data/app/java/jdk1.7.0_80/bin/ksuatnew_printpackputlpcndaemon
ksuatnew_1_reportdaemon | /data/app/java/jdk1.7.0_80/bin/ksuatnew_1_reportdaemon
ksdev_ptcdaemon | /data/app/java/jdk1.7.0_80/bin/ksdev_ptcdaemon
ksuatnew_autobatchdistributiondaemon | /data/app/java/jdk1.7.0_80/bin/ksuatnew_autobatchdistributiondaemon
ksdev_printpackputlpcndaemon | /data/app/java/jdk1.7.0_80/bin/ksdev_printpackputlpcndaemon
ksuatnew_wldecom | /data/app/java/jdk1.7.0_80/bin/ksuatnew_wldecom
ksdev_1_reportdaemon | /data/app/java/jdk1.7.0_80/bin/ksdev_1_reportdaemon
ksuatnew_ptlpk | /data/app/java/jdk1.7.0_80/bin/ksuatnew_ptlpk
ksdev_autobatchdistributiondaemon | /data/app/java/jdk1.7.0_80/bin/ksdev_autobatchdistributiondaemon
ksuatnew_1ftp | /data/batchapp/softeonuatnew/ftpdaemon1
ksdev_wldecom | /data/app/java/jdk1.7.0_80/bin/ksdev_wldecom
ksuatnew_1dwa | /data/batchapp/softeonuatnew/downloaddaemon1
ksuatnew_picktooldaemon | /data/app/java/jdk1.7.0_80/bin/ksuatnew_picktooldaemon

==============================================================================
JBOSS/WILDFLY APPS (simple table)
==============================================================================
JBoss App Processes | 3
PID | AppName | JbossVersion | Java-Name | Port | URL | Status | Code | SSL-Status | App-Path
3741 | ksdev | app | ksdev_jboss62 | 8081 | 172.31.26.80:8081 | UP | 200 | Disabled | /data/app/jboss62eap/ksdev/standalone
3691 | softeonrfuatnew | app | ksrfuatnew_jboss | 8080 | 172.31.26.80:8080 | UP | 200 | Disabled | /data/app/jboss62eap/softeonrfuatnew/standalone
3799 | softeonuatnew | app | ksuatnew_jboss | 80 | 172.31.26.80:80 | UP | 200 | Disabled | /data/app/jboss62eap/softeonuatnew/standalone

==============================================================================
Server Availability Check Completed | 2026-07-07 01:41:51.933769
==============================================================================

2026-07-07 02:42:20,019 - 3884555 - ERROR - app_validation.py errors for i-045587ea8e67eeeac:

2026-07-07 02:42:20,020 - 3884555 - INFO - [Retry-2] After log saved: /data/patching_report/validation-2026-07-07/Kendra-UAT/172.31.26.80/172.31.26.80-AfterPatching-Retry2-2026-07-07-02-42-20-020.log
2026-07-07 02:42:20,074 - 3884555 - INFO - [Retry-2] RED detected for Kendra Scott UAT Application and Batch Server (172.31.26.80), retrying... (Total waited: 1200s)
2026-07-07 02:42:20,074 - 3884555 - INFO - [Retry-3] Waiting 600s for i-045587ea8e67eeeac...
2026-07-07 02:52:20,332 - 3884555 - INFO - Sent app_validation.py to i-045587ea8e67eeeac (command_id: ecb8af39-af9c-46fb-86ed-ad60b6b20972)
2026-07-07 02:52:50,490 - 3884555 - INFO - app_validation.py output for i-045587ea8e67eeeac:

==============================================================================
Server Availability Check Started | 2026-07-07 01:52:20.909814
==============================================================================

==============================================================================
SYSTEM INFORMATION
==============================================================================
Server IP | 172.31.26.80
Hostname | ip-172-31-26-80
Current User | root
Working Directory | /usr/bin
Time Zone | CDT

==============================================================================
STORAGE CHECK | /data mounts
==============================================================================
Filesystem | Size | Used | Avail | Use% | Mounted on
/dev/nvme1n1p2 | 279.9G | 179.1G | 100.7G | 64% | /data

==============================================================================
SYMLINK CHECK | root (/)
==============================================================================
Symlinks Total | 6
Symlinks Valid | 6
Symlinks Invalid | 0
Symlink | ResolvedTarget
/bin | /usr/bin
/data2 | /data/data2
/data3 | /data/data3
/lib | /usr/lib
/lib64 | /usr/lib64
/sbin | /usr/sbin

==============================================================================
NFS CHECK
==============================================================================
NFS Package Installed | Yes
nfs-server.service Active | No
nfs-client.target Active | Yes
/etc/exports Present | Yes
EXPORTS_LINE | (empty)
NFS Mounted Shares | None

==============================================================================
CUPS CHECK
==============================================================================
CUPS Installed | Yes
CUPS Running | Yes
CUPS Version | 1.7.5
CUPS IP URL (http://172.31.26.80:631) | 200
Cups server Http Status | 200
Cups printers Http Status | 200
Printers Configured | 53

==============================================================================
FTP CHECK
==============================================================================
FTP Installed | No
FTP Running (Port 21 localhost) | No
FTP Port 21 Reachable on 172.31.26.80 | No
FTP Processes | None

==============================================================================
JAVA CHECK
==============================================================================
Total Java Processes | 51
Batch/Daemon Java Processes | 47
Non-Standalone Java Processes | ksuat_downloaddaemon, ksuatnew_downloaddaemon, ksdev_downloaddaemon, ksuat_eventdaemon, ksuatnew_eventdaemon, ksdev_eventdaemon, ksuat_integritydaemon, ksuatnew_integritydaemon, ksuat_labeldaemon, ksdev_integritydaemon, ksuatnew_labeldaemon, ksuat_reportdaemon, ksdev_labeldaemon, ksuatnew_replenishmentdaemon, ksuat_reportjqgriddaemon, ksuat_schedulerdaemon, ksuatnew_reportdaemon, ksdev_replenishmentdaemon, ksuat_uploaddaemon, ksuat_wavelaunchdaemon, ksuatnew_reportjqgriddaemon, ksdev_reportdaemon, ks_newsch, ksdev_reportjqgriddaemon, ksuatnew_uploaddaemon, ksdev_schedulerdaemon, ksuatnew_wavelaunchdaemon, ksdev_uploaddaemon, ksuatnew_replpickloccanceldaemon, ksdev_wavelaunchdaemon, ksuatnew_ftpdaemon, ksuatnew_ptcdaemon, ksdev_replpickloccanceldaemon, ksdev_ftpdaemon, ksuatnew_printpackputlpcndaemon, ksuatnew_1_reportdaemon, ksdev_ptcdaemon, ksuatnew_autobatchdistributiondaemon, ksdev_printpackputlpcndaemon, ksuatnew_wldecom, ksdev_1_reportdaemon, ksuatnew_ptlpk, ksdev_autobatchdistributiondaemon, ksuatnew_1ftp, ksdev_wldecom, ksuatnew_1dwa, ksuatnew_picktooldaemon

==============================================================================
BATCH/DAEMON JAVA DETAILS
==============================================================================
Batch/Daemon Java Processes | 47
Java-Name | Java-Path
ksuat_downloaddaemon | /data/app/java/jdk1.7.0_80/bin/ksuat_downloaddaemon
ksuatnew_downloaddaemon | /data/app/java/jdk1.7.0_80/bin/ksuatnew_downloaddaemon
ksdev_downloaddaemon | /data/app/java/jdk1.7.0_80/bin/ksdev_downloaddaemon
ksuat_eventdaemon | /data/app/java/jdk1.7.0_80/bin/ksuat_eventdaemon
ksuatnew_eventdaemon | /data/app/java/jdk1.7.0_80/bin/ksuatnew_eventdaemon
ksdev_eventdaemon | /data/app/java/jdk1.7.0_80/bin/ksdev_eventdaemon
ksuat_integritydaemon | /data/app/java/jdk1.7.0_80/bin/ksuat_integritydaemon
ksuatnew_integritydaemon | /data/app/java/jdk1.7.0_80/bin/ksuatnew_integritydaemon
ksuat_labeldaemon | /data/app/java/jdk1.7.0_80/bin/ksuat_labeldaemon
ksdev_integritydaemon | /data/app/java/jdk1.7.0_80/bin/ksdev_integritydaemon
ksuatnew_labeldaemon | /data/app/java/jdk1.7.0_80/bin/ksuatnew_labeldaemon
ksuat_reportdaemon | /data/app/java/jdk1.7.0_80/bin/ksuat_reportdaemon
ksdev_labeldaemon | /data/app/java/jdk1.7.0_80/bin/ksdev_labeldaemon
ksuatnew_replenishmentdaemon | /data/app/java/jdk1.7.0_80/bin/ksuatnew_replenishmentdaemon
ksuat_reportjqgriddaemon | /data/app/java/jdk1.7.0_80/bin/ksuat_reportjqgriddaemon
ksuat_schedulerdaemon | /data/app/java/jdk1.7.0_80/bin/ksuat_schedulerdaemon
ksuatnew_reportdaemon | /data/app/java/jdk1.7.0_80/bin/ksuatnew_reportdaemon
ksdev_replenishmentdaemon | /data/app/java/jdk1.7.0_80/bin/ksdev_replenishmentdaemon
ksuat_uploaddaemon | /data/app/java/jdk1.7.0_80/bin/ksuat_uploaddaemon
ksuat_wavelaunchdaemon | /data/app/java/jdk1.7.0_80/bin/ksuat_wavelaunchdaemon
ksuatnew_reportjqgriddaemon | /data/app/java/jdk1.7.0_80/bin/ksuatnew_reportjqgriddaemon
ksdev_reportdaemon | /data/app/java/jdk1.7.0_80/bin/ksdev_reportdaemon
ks_newsch | /data/app/java/jdk1.7.0_80/bin/ks_newsch
ksdev_reportjqgriddaemon | /data/app/java/jdk1.7.0_80/bin/ksdev_reportjqgriddaemon
ksuatnew_uploaddaemon | /data/app/java/jdk1.7.0_80/bin/ksuatnew_uploaddaemon
ksdev_schedulerdaemon | /data/app/java/jdk1.7.0_80/bin/ksdev_schedulerdaemon
ksuatnew_wavelaunchdaemon | /data/app/java/jdk1.7.0_80/bin/ksuatnew_wavelaunchdaemon
ksdev_uploaddaemon | /data/app/java/jdk1.7.0_80/bin/ksdev_uploaddaemon
ksuatnew_replpickloccanceldaemon | /data/app/java/jdk1.7.0_80/bin/ksuatnew_replpickloccanceldaemon
ksdev_wavelaunchdaemon | /data/app/java/jdk1.7.0_80/bin/ksdev_wavelaunchdaemon
ksuatnew_ftpdaemon | /data/app/java/jdk1.7.0_80/bin/ksuatnew_ftpdaemon
ksuatnew_ptcdaemon | /data/app/java/jdk1.7.0_80/bin/ksuatnew_ptcdaemon
ksdev_replpickloccanceldaemon | /data/app/java/jdk1.7.0_80/bin/ksdev_replpickloccanceldaemon
ksdev_ftpdaemon | /data/app/java/jdk1.7.0_80/bin/ksdev_ftpdaemon
ksuatnew_printpackputlpcndaemon | /data/app/java/jdk1.7.0_80/bin/ksuatnew_printpackputlpcndaemon
ksuatnew_1_reportdaemon | /data/app/java/jdk1.7.0_80/bin/ksuatnew_1_reportdaemon
ksdev_ptcdaemon | /data/app/java/jdk1.7.0_80/bin/ksdev_ptcdaemon
ksuatnew_autobatchdistributiondaemon | /data/app/java/jdk1.7.0_80/bin/ksuatnew_autobatchdistributiondaemon
ksdev_printpackputlpcndaemon | /data/app/java/jdk1.7.0_80/bin/ksdev_printpackputlpcndaemon
ksuatnew_wldecom | /data/app/java/jdk1.7.0_80/bin/ksuatnew_wldecom
ksdev_1_reportdaemon | /data/app/java/jdk1.7.0_80/bin/ksdev_1_reportdaemon
ksuatnew_ptlpk | /data/app/java/jdk1.7.0_80/bin/ksuatnew_ptlpk
ksdev_autobatchdistributiondaemon | /data/app/java/jdk1.7.0_80/bin/ksdev_autobatchdistributiondaemon
ksuatnew_1ftp | /data/batchapp/softeonuatnew/ftpdaemon1
ksdev_wldecom | /data/app/java/jdk1.7.0_80/bin/ksdev_wldecom
ksuatnew_1dwa | /data/batchapp/softeonuatnew/downloaddaemon1
ksuatnew_picktooldaemon | /data/app/java/jdk1.7.0_80/bin/ksuatnew_picktooldaemon

==============================================================================
JBOSS/WILDFLY APPS (simple table)
==============================================================================
JBoss App Processes | 3
PID | AppName | JbossVersion | Java-Name | Port | URL | Status | Code | SSL-Status | App-Path
3741 | ksdev | app | ksdev_jboss62 | 8081 | 172.31.26.80:8081 | UP | 200 | Disabled | /data/app/jboss62eap/ksdev/standalone
3691 | softeonrfuatnew | app | ksrfuatnew_jboss | 8080 | 172.31.26.80:8080 | UP | 200 | Disabled | /data/app/jboss62eap/softeonrfuatnew/standalone
3799 | softeonuatnew | app | ksuatnew_jboss | 80 | 172.31.26.80:80 | UP | 200 | Disabled | /data/app/jboss62eap/softeonuatnew/standalone

==============================================================================
Server Availability Check Completed | 2026-07-07 01:52:22.860337
==============================================================================

2026-07-07 02:52:50,490 - 3884555 - ERROR - app_validation.py errors for i-045587ea8e67eeeac:

2026-07-07 02:52:50,491 - 3884555 - INFO - [Retry-3] After log saved: /data/patching_report/validation-2026-07-07/Kendra-UAT/172.31.26.80/172.31.26.80-AfterPatching-Retry3-2026-07-07-02-52-50-491.log
2026-07-07 02:52:50,832 - 3884555 - INFO - Health monitor crontab enabled on all instances
2026-07-07 02:52:50,834 - 3884555 - WARNING - [Retry] Timeout - auto cron enabled for i-045587ea8e67eeeac
