2026-04-04 02:05:03,273 - 66756 - INFO - Email sent successfully to ['CloudOps@softeon.com']
2026-04-04 02:13:22,801 - 66756 - INFO - Email sent successfully to ['CloudOps@softeon.com']
2026-04-04 02:13:22,984 - 66756 - INFO - Log file ./logs/backup_2026-04-04.log uploaded to s3://q3-2025-aws-security-patching/Gabes-UAT_Patch_Backup/2026-04-04/backup_2026-04-04.log
2026-04-04 06:05:02,702 - 75318 - INFO - Logger setup has been removed, using shared logger from common.logs.logger.
2026-04-04 06:05:02,702 - 75318 - INFO - Script Start Time: 2026-04-04 06:05:02
2026-04-04 06:05:02,909 - 75318 - INFO - Instance(s) selected for Patching: {'i-081b24d2550e0400b': '172.30.144.13'}
2026-04-04 06:05:03,002 - 75318 - INFO - Email sent successfully to ['a80af5b5.softeon.com@in.teams.ms', 'CloudOps@softeon.com']
2026-04-04 06:05:03,003 - 75318 - INFO - Now patching instances at: 2026-04-04 06:05:03
2026-04-04 06:05:03,111 - 75318 - INFO - Sending patch command to instance i-081b24d2550e0400b
2026-04-04 06:05:03,287 - 75318 - INFO - Command sent successfully to instance i-081b24d2550e0400b. Command ID: 1380934a-5fb6-445d-805f-3ba481760940
2026-04-04 06:09:04,607 - 75318 - INFO - All patches applied successfully.
2026-04-04 06:09:04,608 - 75318 - INFO - Patching end time: 2026-04-04 06:09:04
2026-04-04 06:09:04,608 - 75318 - INFO - Patch Elapsed time: 0:04:01.604598
2026-04-04 06:09:04,681 - 75318 - INFO - Email sent successfully to ['a80af5b5.softeon.com@in.teams.ms', 'CloudOps@softeon.com']
2026-04-04 06:09:04,681 - 75318 - INFO - Confirmed - services are stopped
2026-04-04 06:09:12,799 - 75318 - INFO - Discovered TG map: {'i-081b24d2550e0400b': ['arn:aws:elasticloadbalancing:us-east-2:835314132208:targetgroup/Gabes-Dev-Desktop/bd7377f0cd639287', 'arn:aws:elasticloadbalancing:us-east-2:835314132208:targetgroup/Gabes-Dev-RF/9ab88dfd69c86235']}
2026-04-04 06:09:13,270 - 75318 - INFO - Sent app_validation.py to i-081b24d2550e0400b (command_id: 70187649-2698-4890-9498-8eba39f7c718)
2026-04-04 06:09:43,402 - 75318 - INFO - app_validation.py output for i-081b24d2550e0400b:

==============================================================================
Server Availability Check Started | 2026-04-04 10:09:13.528058
==============================================================================

==============================================================================
SYSTEM INFORMATION
==============================================================================
Server IP | 172.30.144.13
Hostname | ip-172-30-144-13.us-east-2.compute.internal
Current User | root
Working Directory | /usr/bin
Time Zone | UTC

==============================================================================
STORAGE CHECK | /data mounts
==============================================================================
Filesystem | Size | Used | Avail | Use% | Mounted on
/dev/nvme1n1p2 | 289.9G | 80.2G | 209.6G | 27% | /data

==============================================================================
SYMLINK CHECK | root (/)
==============================================================================
Symlinks Total | 6
Symlinks Valid | 6
Symlinks Invalid | 0
Symlink | ResolvedTarget
/bin | /usr/bin
/data2 | /data/data2
/data3 | /data/data3
/lib | /usr/lib
/lib64 | /usr/lib64
/sbin | /usr/sbin

==============================================================================
NFS CHECK
==============================================================================
NFS Package Installed | Yes
nfs-server.service Active | No
nfs-client.target Active | Yes
/etc/exports Present | Yes
EXPORTS_LINE | (empty)
NFS Mounted Shares | None

==============================================================================
CUPS CHECK
==============================================================================
CUPS Installed | Yes
CUPS Running | Yes
CUPS Version | 1.7.5
CUPS IP URL (http://172.30.144.13:631) | 200
Cups server Http Status | 200
Cups printers Http Status | 200
Printers Configured | 8

==============================================================================
FTP CHECK
==============================================================================
FTP Installed | No
FTP Running (Port 21 localhost) | No
FTP Port 21 Reachable on 172.30.144.13 | No
FTP Processes | None

==============================================================================
JAVA CHECK
==============================================================================
Total Java Processes | 21
Batch/Daemon Java Processes | 16
Non-Standalone Java Processes | gabesdev_apick, gabesdev_dwa, gabesdev_event, gabesdev_ftp, gabesdev_harp, gabesdev_lbl, gabesdev_repl, gabesdev_rccl, gabesdev_rpt, gabesdev_jqgrid, gabesdev_sch, gabesdev_inbq, gabesdev_wld, gabesdev_wcsi, gabesdev_wcso, gabesdev_bpcd

==============================================================================
BATCH/DAEMON JAVA DETAILS
==============================================================================
Batch/Daemon Java Processes | 16
Java-Name | Java-Path
gabesdev_apick | /data/batchapp/softeon/gabesdev/autopicktooldaemon
gabesdev_dwa | /data/batchapp/softeon/gabesdev/downloaddaemon
gabesdev_event | /data/batchapp/softeon/gabesdev/eventdaemon
gabesdev_ftp | /data/batchapp/softeon/gabesdev/ftpdaemon
gabesdev_harp | /data/batchapp/softeon/gabesdev/hardallocationdaemon
gabesdev_lbl | /data/batchapp/softeon/gabesdev/labeldaemon
gabesdev_repl | /data/batchapp/softeon/gabesdev/replenishmentdaemon
gabesdev_rccl | /data/batchapp/softeon/gabesdev/replenishmentpickloccanceldaemon
gabesdev_rpt | /data/batchapp/softeon/gabesdev/reportdaemon
gabesdev_jqgrid | /data/batchapp/softeon/gabesdev/reportjqgridexportdaemon
gabesdev_sch | /data/batchapp/softeon/gabesdev/schedulerdaemon
gabesdev_inbq | /data/batchapp/softeon/gabesdev/uploaddaemon
gabesdev_wld | /data/batchapp/softeon/gabesdev/wavelaunchdaemon
gabesdev_wcsi | /data/batchapp/softeon/gabesdev/wcsinbounddaemon
gabesdev_wcso | /data/batchapp/softeon/gabesdev/wcsoutbounddaemon
gabesdev_bpcd | /data/batchapp/softeon/gabesdev/batchpalletcreationdaemon

==============================================================================
JBOSS/WILDFLY APPS (simple table)
==============================================================================
JBoss App Processes | 3
PID | AppName | JbossVersion | Java-Name | Port | URL | Status | Code | SSL-Status | App-Path
4507 | gabesdev | jboss730eap | gabesdev_jb73 | 8080 | 172.30.144.13:8080 | UP | 200 | Disabled | /data/app/jboss730eap/softeon/gabesdev/standalone
4689 | gabesdevrf | jboss730eap | gabesdevrf_jb73 | 8081 | 172.30.144.13:8081 | UP | 200 | Disabled | /data/app/jboss730eap/softeon/gabesdevrf/standalone
4893 | gabesuat | jboss730eap | gabesuat_730eap | 8082 | 172.30.144.13:8082 | UP | 200 | Disabled | /data/app/jboss730eap/softeon/gabesuat/standalone

==============================================================================
Server Availability Check Completed | 2026-04-04 10:09:14.560138
==============================================================================

2026-04-04 06:09:43,403 - 75318 - ERROR - app_validation.py errors for i-081b24d2550e0400b:

2026-04-04 06:09:43,404 - 75318 - INFO - Before patching validation saved to: output/validation-2026-04-04/172.30.144.13-BeforePatching-2026-04-04-06-09-43-404.log
2026-04-04 06:09:43,404 - 75318 - INFO - Deregistering i-081b24d2550e0400b from TG arn:aws:elasticloadbalancing:us-east-2:835314132208:targetgroup/Gabes-Dev-Desktop/bd7377f0cd639287
2026-04-04 06:09:43,512 - 75318 - INFO - Deregistering i-081b24d2550e0400b from TG arn:aws:elasticloadbalancing:us-east-2:835314132208:targetgroup/Gabes-Dev-RF/9ab88dfd69c86235
2026-04-04 06:09:43,574 - 75318 - INFO - Stopping EC2 instance: i-081b24d2550e0400b at 2026-04-04 06:09:43
2026-04-04 06:10:44,628 - 75318 - INFO - Instance i-081b24d2550e0400b stopped successfully.
2026-04-04 06:10:44,807 - 75318 - INFO - Stopped i-081b24d2550e0400b in 0:01:01.233590
2026-04-04 06:10:44,808 - 75318 - INFO - Starting EC2 instance: i-081b24d2550e0400b
2026-04-04 06:11:00,656 - 75318 - INFO - Instance i-081b24d2550e0400b started successfully.
2026-04-04 06:11:00,657 - 75318 - INFO - Waiting 100 seconds for SSM agent to be ready on i-081b24d2550e0400b...
2026-04-04 06:12:40,686 - 75318 - INFO - Registering i-081b24d2550e0400b to TG arn:aws:elasticloadbalancing:us-east-2:835314132208:targetgroup/Gabes-Dev-Desktop/bd7377f0cd639287
2026-04-04 06:12:40,927 - 75318 - INFO - Registering i-081b24d2550e0400b to TG arn:aws:elasticloadbalancing:us-east-2:835314132208:targetgroup/Gabes-Dev-RF/9ab88dfd69c86235
2026-04-04 06:14:11,652 - 75318 - INFO - Sent app_validation.py to i-081b24d2550e0400b (command_id: 8860d0b9-e826-4f82-97da-0e88bdaa38b2)
2026-04-04 06:14:41,779 - 75318 - INFO - app_validation.py output for i-081b24d2550e0400b:

==============================================================================
Server Availability Check Started | 2026-04-04 10:14:11.876606
==============================================================================

==============================================================================
SYSTEM INFORMATION
==============================================================================
Server IP | 172.30.144.13
Hostname | ip-172-30-144-13.us-east-2.compute.internal
Current User | root
Working Directory | /usr/bin
Time Zone | UTC

==============================================================================
STORAGE CHECK | /data mounts
==============================================================================
Filesystem | Size | Used | Avail | Use% | Mounted on
/dev/nvme1n1p2 | 289.9G | 80.2G | 209.6G | 27% | /data

==============================================================================
SYMLINK CHECK | root (/)
==============================================================================
Symlinks Total | 6
Symlinks Valid | 6
Symlinks Invalid | 0
Symlink | ResolvedTarget
/bin | /usr/bin
/data2 | /data/data2
/data3 | /data/data3
/lib | /usr/lib
/lib64 | /usr/lib64
/sbin | /usr/sbin

==============================================================================
NFS CHECK
==============================================================================
NFS Package Installed | Yes
nfs-server.service Active | No
nfs-client.target Active | Yes
/etc/exports Present | Yes
EXPORTS_LINE | (empty)
NFS Mounted Shares | None

==============================================================================
CUPS CHECK
==============================================================================
CUPS Installed | Yes
CUPS Running | Yes
CUPS Version | 1.7.5
CUPS IP URL (http://172.30.144.13:631) | 200
Cups server Http Status | 200
Cups printers Http Status | 200
Printers Configured | 8

==============================================================================
FTP CHECK
==============================================================================
FTP Installed | No
FTP Running (Port 21 localhost) | No
FTP Port 21 Reachable on 172.30.144.13 | No
FTP Processes | None

==============================================================================
JAVA CHECK
==============================================================================
Total Java Processes | 21
Batch/Daemon Java Processes | 16
Non-Standalone Java Processes | gabesdev_apick, gabesdev_dwa, gabesdev_event, gabesdev_ftp, gabesdev_harp, gabesdev_lbl, gabesdev_repl, gabesdev_rccl, gabesdev_rpt, gabesdev_jqgrid, gabesdev_sch, gabesdev_inbq, gabesdev_wld, gabesdev_wcsi, gabesdev_wcso, gabesdev_bpcd

==============================================================================
BATCH/DAEMON JAVA DETAILS
==============================================================================
Batch/Daemon Java Processes | 16
Java-Name | Java-Path
gabesdev_apick | /data/batchapp/softeon/gabesdev/autopicktooldaemon
gabesdev_dwa | /data/batchapp/softeon/gabesdev/downloaddaemon
gabesdev_event | /data/batchapp/softeon/gabesdev/eventdaemon
gabesdev_ftp | /data/batchapp/softeon/gabesdev/ftpdaemon
gabesdev_harp | /data/batchapp/softeon/gabesdev/hardallocationdaemon
gabesdev_lbl | /data/batchapp/softeon/gabesdev/labeldaemon
gabesdev_repl | /data/batchapp/softeon/gabesdev/replenishmentdaemon
gabesdev_rccl | /data/batchapp/softeon/gabesdev/replenishmentpickloccanceldaemon
gabesdev_rpt | /data/batchapp/softeon/gabesdev/reportdaemon
gabesdev_jqgrid | /data/batchapp/softeon/gabesdev/reportjqgridexportdaemon
gabesdev_sch | /data/batchapp/softeon/gabesdev/schedulerdaemon
gabesdev_inbq | /data/batchapp/softeon/gabesdev/uploaddaemon
gabesdev_wld | /data/batchapp/softeon/gabesdev/wavelaunchdaemon
gabesdev_wcsi | /data/batchapp/softeon/gabesdev/wcsinbounddaemon
gabesdev_wcso | /data/batchapp/softeon/gabesdev/wcsoutbounddaemon
gabesdev_bpcd | /data/batchapp/softeon/gabesdev/batchpalletcreationdaemon

==============================================================================
JBOSS/WILDFLY APPS (simple table)
==============================================================================
JBoss App Processes | 3
PID | AppName | JbossVersion | Java-Name | Port | URL | Status | Code | SSL-Status | App-Path
4537 | gabesdev | jboss730eap | gabesdev_jb73 | 8080 | 172.30.144.13:8080 | UP | 200 | Disabled | /data/app/jboss730eap/softeon/gabesdev/standalone
4725 | gabesdevrf | jboss730eap | gabesdevrf_jb73 | 8081 | 172.30.144.13:8081 | UP | 200 | Disabled | /data/app/jboss730eap/softeon/gabesdevrf/standalone
4902 | gabesuat | jboss730eap | gabesuat_730eap | 8082 | 172.30.144.13:8082 | UP | 200 | Disabled | /data/app/jboss730eap/softeon/gabesuat/standalone

==============================================================================
Server Availability Check Completed | 2026-04-04 10:14:15.011838
==============================================================================

2026-04-04 06:14:41,780 - 75318 - ERROR - app_validation.py errors for i-081b24d2550e0400b:

2026-04-04 06:14:41,781 - 75318 - INFO - After patching validation saved to: output/validation-2026-04-04/172.30.144.13-AfterPatching-2026-04-04-06-14-41-781.log
2026-04-04 06:14:41,833 - 75318 - INFO - Validation comparison report generated: output/validation-2026-04-04/172.30.144.13-Validation-details-2026-04-04-06-14-41-781.html
2026-04-04 06:14:41,912 - 75318 - INFO - Email sent successfully to ['CloudOps@softeon.com', 'kishlayk@softeon.com']
2026-04-04 06:14:41,913 - 75318 - INFO - HTML validation report email sent for i-081b24d2550e0400b
2026-04-04 06:14:42,050 - 75318 - INFO - Started i-081b24d2550e0400b in 0:03:57.241981
2026-04-04 06:14:42,050 - 75318 - INFO - All instances processed.
2026-04-04 06:14:42,054 - 75318 - INFO - Restart Total time: 0:05:37.239303
2026-04-04 06:14:42,054 - 75318 - INFO - Auto-confirmed services are restarted
2026-04-04 06:14:42,054 - 75318 - INFO - Confirmed - services are started
2026-04-04 06:14:42,170 - 75318 - INFO - The following instances have failed the patch: []
2026-04-04 06:14:42,171 - 75318 - INFO - No instances have failed the patch.
2026-04-04 06:14:42,171 - 75318 - INFO - Total Patch Process time: 0:09:39.468278
2026-04-04 06:15:42,653 - 75318 - INFO - Log file ./logs/patching_2026-04-04_Gabes-UAT.log uploaded to s3://q2-2026-aws-security-patching/Gabes-UAT_Patch/2026-04-04/patching_2026-04-04_Gabes-UAT.log
