2026-07-26 01:50:02,928 - 357453 - INFO - Logger setup has been removed, using shared logger from common.logs.logger.
2026-07-26 01:50:02,928 - 357453 - INFO - Script Start Time: 2026-07-26 01:50:02
2026-07-26 01:50:03,376 - 357453 - INFO - Tag: UPS-PZN-Doms-APP, IPs: ['172.29.59.22', '172.29.59.47'], Environment: prod
2026-07-26 01:50:03,376 - 357453 - INFO - Instance(s) selected for Patching: {'i-0e357a69bf29b0417': '172.29.59.22', 'i-04c168dd16c26cd37': '172.29.59.47'}
2026-07-26 01:50:03,449 - 357453 - INFO - Email sent successfully to ['CloudOps@softeon.com']
2026-07-26 01:50:03,450 - 357453 - INFO - Now patching instances at: 2026-07-26 01:50:03
2026-07-26 01:50:03,658 - 357453 - INFO - Sent app_validation.py to i-04c168dd16c26cd37 (command_id: 292ae0de-6eee-4834-8da3-16e76e3b052b)
2026-07-26 01:50:33,770 - 357453 - INFO - app_validation.py output for i-04c168dd16c26cd37:

==============================================================================
Server Availability Check Started | 2026-07-26 05:50:03.906037
==============================================================================

==============================================================================
SYSTEM INFORMATION
==============================================================================
Server IP | 172.29.59.47
Hostname | ip-172-29-59-47
Current User | root
Working Directory | /usr/bin
Time Zone | UTC

==============================================================================
STORAGE CHECK | /data mounts
==============================================================================
Filesystem | Size | Used | Avail | Use% | Mounted on
/dev/nvme1n1p2 | 239.9G | 13.3G | 226.6G | 5% | /data
fs-9aa41dd2.efs.us-east-1.amazonaws.com:/ | 0B | 36.5T | 0B | 0% | /data2

==============================================================================
SYMLINK CHECK | root (/)
==============================================================================
Symlinks Total | 4
Symlinks Valid | 4
Symlinks Invalid | 0
Symlink | ResolvedTarget
/bin | /usr/bin
/lib | /usr/lib
/lib64 | /usr/lib64
/sbin | /usr/sbin

==============================================================================
NFS CHECK
==============================================================================
NFS Package Installed | Yes
nfs-server.service Active | No
nfs-client.target Active | Yes
/etc/exports Present | Yes
EXPORTS_LINE | (empty)
NFS_MOUNT | Device | MountPoint | FSType
NFS_MOUNT | fs-9aa41dd2.efs.us-east-1.amazonaws.com:/ | /data2 | nfs4

==============================================================================
CUPS CHECK
==============================================================================
CUPS Installed | Yes
CUPS Running | Yes
CUPS Version | 1.7.5
CUPS IP URL (http://172.29.59.47:631) | 200
Cups server Http Status | 200
Cups printers Http Status | 200
Printers Configured | 0

==============================================================================
FTP CHECK
==============================================================================
FTP Installed | No
FTP Running (Port 21 localhost) | No
FTP Port 21 Reachable on 172.29.59.47 | No
FTP Processes | None

==============================================================================
JAVA CHECK
==============================================================================
Total Java Processes | 1
Batch/Daemon Java Processes | 0
Non-Standalone Java Processes | Not Found

==============================================================================
BATCH/DAEMON JAVA DETAILS
==============================================================================
Batch/Daemon Java Processes | 0
Batch/Daemon Java Details | None

==============================================================================
JBOSS/WILDFLY APPS (simple table)
==============================================================================
JBoss App Processes | 1
PID | AppName | JbossVersion | Java-Name | Port | URL | Status | Code | SSL-Status | App-Path
3132 | domsupspznprod | jboss730eap | domsupspd_jb730 | 8080 | 172.29.59.47:8080 | UP | 200 | Disabled | /data/app/jboss730eap/softeon/domsupspznprod/standalone

==============================================================================
HEALTH MONITOR CRONTAB STATUS
==============================================================================

2026-07-26 01:50:33,770 - 357453 - ERROR - app_validation.py errors for i-04c168dd16c26cd37:
Traceback (most recent call last):
  File "<stdin>", line 873, in <module>
  File "<stdin>", line 864, in main
UnboundLocalError: local variable 'found' referenced before assignment
failed to run commands: exit status 1
2026-07-26 01:50:33,771 - 357453 - INFO - Before patching log saved: /data/patching_report/validation-2026-07-26/UPS-PZN-Doms-APP/172.29.59.47/172.29.59.47-BeforePatching-2026-07-26-01-50-33-771.log
2026-07-26 01:50:33,942 - 357453 - INFO - Sent app_validation.py to i-0e357a69bf29b0417 (command_id: feb04e89-3454-4265-9ea8-63474851b0fe)
2026-07-26 01:51:04,044 - 357453 - INFO - app_validation.py output for i-0e357a69bf29b0417:

==============================================================================
Server Availability Check Started | 2026-07-26 05:50:34.305641
==============================================================================

==============================================================================
SYSTEM INFORMATION
==============================================================================
Server IP | 172.29.59.22
Hostname | ip-172-29-59-22
Current User | root
Working Directory | /usr/bin
Time Zone | UTC

==============================================================================
STORAGE CHECK | /data mounts
==============================================================================
Filesystem | Size | Used | Avail | Use% | Mounted on
/dev/nvme1n1p2 | 239.9G | 8.9G | 230.9G | 3% | /data
fs-9aa41dd2.efs.us-east-1.amazonaws.com:/ | 0B | 36.5T | 0B | 0% | /data2

==============================================================================
SYMLINK CHECK | root (/)
==============================================================================
Symlinks Total | 4
Symlinks Valid | 4
Symlinks Invalid | 0
Symlink | ResolvedTarget
/bin | /usr/bin
/lib | /usr/lib
/lib64 | /usr/lib64
/sbin | /usr/sbin

==============================================================================
NFS CHECK
==============================================================================
NFS Package Installed | Yes
nfs-server.service Active | No
nfs-client.target Active | Yes
/etc/exports Present | Yes
EXPORTS_LINE | (empty)
NFS_MOUNT | Device | MountPoint | FSType
NFS_MOUNT | fs-9aa41dd2.efs.us-east-1.amazonaws.com:/ | /data2 | nfs4

==============================================================================
CUPS CHECK
==============================================================================
CUPS Installed | Yes
CUPS Running | Yes
CUPS Version | 1.7.5
CUPS IP URL (http://172.29.59.22:631) | 200
Cups server Http Status | 200
Cups printers Http Status | 200
Printers Configured | 0

==============================================================================
FTP CHECK
==============================================================================
FTP Installed | No
FTP Running (Port 21 localhost) | No
FTP Port 21 Reachable on 172.29.59.22 | No
FTP Processes | None

==============================================================================
JAVA CHECK
==============================================================================
Total Java Processes | 3
Batch/Daemon Java Processes | 0
Non-Standalone Java Processes | Not Found

==============================================================================
BATCH/DAEMON JAVA DETAILS
==============================================================================
Batch/Daemon Java Processes | 0
Batch/Daemon Java Details | None

==============================================================================
JBOSS/WILDFLY APPS (simple table)
==============================================================================
JBoss App Processes | 1
PID | AppName | JbossVersion | Java-Name | Port | URL | Status | Code | SSL-Status | App-Path
3114 | domsupspznprod | jboss730eap | domsupspd_jb730 | 8080 | 172.29.59.22:8080 | UP | 200 | Disabled | /data/app/jboss730eap/softeon/domsupspznprod/standalone

==============================================================================
HEALTH MONITOR CRONTAB STATUS
==============================================================================

2026-07-26 01:51:04,044 - 357453 - ERROR - app_validation.py errors for i-0e357a69bf29b0417:
Traceback (most recent call last):
  File "<stdin>", line 873, in <module>
  File "<stdin>", line 864, in main
UnboundLocalError: local variable 'found' referenced before assignment
failed to run commands: exit status 1
2026-07-26 01:51:04,046 - 357453 - INFO - Before patching log saved: /data/patching_report/validation-2026-07-26/UPS-PZN-Doms-APP/172.29.59.22/172.29.59.22-BeforePatching-2026-07-26-01-51-04-045.log
2026-07-26 01:51:09,309 - 357453 - INFO - i-04c168dd16c26cd37: Cron was active = False
2026-07-26 01:51:14,502 - 357453 - INFO - i-0e357a69bf29b0417: Cron was active = False
2026-07-26 01:51:14,503 - 357453 - INFO - No active cron is found on any instance, skipping disable step.
2026-07-26 01:51:14,588 - 357453 - INFO - Sending patch command to instance i-04c168dd16c26cd37
2026-07-26 01:51:14,691 - 357453 - INFO - Command sent successfully to instance i-04c168dd16c26cd37. Command ID: b9bbc2a8-75cd-440b-9e43-637b6d6410ac
2026-07-26 01:51:14,841 - 357453 - INFO - Sending patch command to instance i-0e357a69bf29b0417
2026-07-26 01:51:14,923 - 357453 - INFO - Command sent successfully to instance i-0e357a69bf29b0417. Command ID: d30a8da0-4ec2-4945-a44a-a7b5fb19e17d
2026-07-26 01:59:47,217 - 357453 - INFO - All patches applied successfully.
2026-07-26 01:59:47,218 - 357453 - INFO - Patching end time: 2026-07-26 01:59:47
2026-07-26 01:59:47,218 - 357453 - INFO - Patch Elapsed time: 0:09:43.768136
2026-07-26 01:59:47,279 - 357453 - INFO - Email sent successfully to ['CloudOps@softeon.com']
2026-07-26 01:59:47,279 - 357453 - INFO - Confirmed - services are stopped
2026-07-26 02:00:09,307 - 357453 - INFO - Discovered TG map: {'i-0e357a69bf29b0417': ['arn:aws:elasticloadbalancing:us-east-1:835314132208:targetgroup/UPS-PZN-DOMS-PROD/657a23de46aaf9db'], 'i-04c168dd16c26cd37': ['arn:aws:elasticloadbalancing:us-east-1:835314132208:targetgroup/UPS-PZN-DOMS-PROD/657a23de46aaf9db']}
2026-07-26 02:00:09,495 - 357453 - INFO - Deregistering i-04c168dd16c26cd37 from TG arn:aws:elasticloadbalancing:us-east-1:835314132208:targetgroup/UPS-PZN-DOMS-PROD/657a23de46aaf9db
2026-07-26 02:00:09,559 - 357453 - INFO - Stopping EC2 instance: i-04c168dd16c26cd37 at 2026-07-26 02:00:09
2026-07-26 02:01:41,015 - 357453 - INFO - Instance i-04c168dd16c26cd37 stopped successfully.
2026-07-26 02:01:41,270 - 357453 - INFO - Stopped i-04c168dd16c26cd37 in 0:01:31.710606
2026-07-26 02:01:41,270 - 357453 - INFO - Starting EC2 instance: i-04c168dd16c26cd37
2026-07-26 02:01:57,141 - 357453 - INFO - Instance i-04c168dd16c26cd37 started successfully.
2026-07-26 02:01:57,141 - 357453 - INFO - Waiting 100 seconds for SSM agent to be ready on i-04c168dd16c26cd37...
2026-07-26 02:03:37,189 - 357453 - INFO - Registering i-04c168dd16c26cd37 to TG arn:aws:elasticloadbalancing:us-east-1:835314132208:targetgroup/UPS-PZN-DOMS-PROD/657a23de46aaf9db
2026-07-26 02:04:07,705 - 357453 - INFO - Sent app_validation.py to i-04c168dd16c26cd37 (command_id: 5875898b-39c5-4ae5-9f45-c102455dea67)
2026-07-26 02:04:37,816 - 357453 - INFO - app_validation.py output for i-04c168dd16c26cd37:

==============================================================================
Server Availability Check Started | 2026-07-26 06:04:08.031979
==============================================================================

==============================================================================
SYSTEM INFORMATION
==============================================================================
Server IP | 172.29.59.47
Hostname | ip-172-29-59-47
Current User | root
Working Directory | /usr/bin
Time Zone | UTC

==============================================================================
STORAGE CHECK | /data mounts
==============================================================================
Filesystem | Size | Used | Avail | Use% | Mounted on
/dev/nvme1n1p2 | 239.9G | 13.2G | 226.7G | 5% | /data
fs-9aa41dd2.efs.us-east-1.amazonaws.com:/ | 0B | 36.5T | 0B | 0% | /data2

==============================================================================
SYMLINK CHECK | root (/)
==============================================================================
Symlinks Total | 4
Symlinks Valid | 4
Symlinks Invalid | 0
Symlink | ResolvedTarget
/bin | /usr/bin
/lib | /usr/lib
/lib64 | /usr/lib64
/sbin | /usr/sbin

==============================================================================
NFS CHECK
==============================================================================
NFS Package Installed | Yes
nfs-server.service Active | No
nfs-client.target Active | Yes
/etc/exports Present | Yes
EXPORTS_LINE | (empty)
NFS_MOUNT | Device | MountPoint | FSType
NFS_MOUNT | fs-9aa41dd2.efs.us-east-1.amazonaws.com:/ | /data2 | nfs4

==============================================================================
CUPS CHECK
==============================================================================
CUPS Installed | Yes
CUPS Running | Yes
CUPS Version | 1.7.5
CUPS IP URL (http://172.29.59.47:631) | 200
Cups server Http Status | 200
Cups printers Http Status | 200
Printers Configured | 0

==============================================================================
FTP CHECK
==============================================================================
FTP Installed | No
FTP Running (Port 21 localhost) | No
FTP Port 21 Reachable on 172.29.59.47 | No
FTP Processes | None

==============================================================================
JAVA CHECK
==============================================================================
Total Java Processes | 1
Batch/Daemon Java Processes | 0
Non-Standalone Java Processes | Not Found

==============================================================================
BATCH/DAEMON JAVA DETAILS
==============================================================================
Batch/Daemon Java Processes | 0
Batch/Daemon Java Details | None

==============================================================================
JBOSS/WILDFLY APPS (simple table)
==============================================================================
JBoss App Processes | 1
PID | AppName | JbossVersion | Java-Name | Port | URL | Status | Code | SSL-Status | App-Path
3158 | domsupspznprod | jboss730eap | domsupspd_jb730 | 8080 | 172.29.59.47:8080 | UP | 200 | Disabled | /data/app/jboss730eap/softeon/domsupspznprod/standalone

==============================================================================
HEALTH MONITOR CRONTAB STATUS
==============================================================================

2026-07-26 02:04:37,816 - 357453 - ERROR - app_validation.py errors for i-04c168dd16c26cd37:
Traceback (most recent call last):
  File "<stdin>", line 873, in <module>
  File "<stdin>", line 864, in main
UnboundLocalError: local variable 'found' referenced before assignment
failed to run commands: exit status 1
2026-07-26 02:04:37,818 - 357453 - INFO - After patching validation saved to: /data/patching_report/validation-2026-07-26/UPS-PZN-Doms-APP/172.29.59.47/172.29.59.47-AfterPatching-2026-07-26-02-04-37-818.log
2026-07-26 02:04:37,876 - 357453 - INFO - Validation comparison report generated: /data/patching_report/validation-2026-07-26/UPS-PZN-Doms-APP/172.29.59.47/172.29.59.47-Validation-details-2026-07-26-02-04-37-818.html
2026-07-26 02:04:38,059 - 357453 - INFO - i-04c168dd16c26cd37: Cron was not active - skipping enable
2026-07-26 02:04:38,127 - 357453 - INFO - Email sent successfully to ['kishlayk@softeon.com', 'CloudOps@softeon.com']
2026-07-26 02:04:38,128 - 357453 - INFO - GREEN mail sent for i-04c168dd16c26cd37
2026-07-26 02:04:38,416 - 357453 - INFO - Started i-04c168dd16c26cd37 in 0:02:57.146082
2026-07-26 02:04:38,417 - 357453 - INFO - Waiting 120 seconds before proceeding to the next instance...
2026-07-26 02:06:38,511 - 357453 - INFO - Deregistering i-0e357a69bf29b0417 from TG arn:aws:elasticloadbalancing:us-east-1:835314132208:targetgroup/UPS-PZN-DOMS-PROD/657a23de46aaf9db
2026-07-26 02:06:38,589 - 357453 - INFO - Stopping EC2 instance: i-0e357a69bf29b0417 at 2026-07-26 02:06:38
2026-07-26 02:07:39,611 - 357453 - INFO - Instance i-0e357a69bf29b0417 stopped successfully.
2026-07-26 02:07:39,938 - 357453 - INFO - Stopped i-0e357a69bf29b0417 in 0:01:01.348809
2026-07-26 02:07:39,938 - 357453 - INFO - Starting EC2 instance: i-0e357a69bf29b0417
2026-07-26 02:07:55,945 - 357453 - INFO - Instance i-0e357a69bf29b0417 started successfully.
2026-07-26 02:07:55,945 - 357453 - INFO - Waiting 100 seconds for SSM agent to be ready on i-0e357a69bf29b0417...
2026-07-26 02:09:36,046 - 357453 - INFO - Registering i-0e357a69bf29b0417 to TG arn:aws:elasticloadbalancing:us-east-1:835314132208:targetgroup/UPS-PZN-DOMS-PROD/657a23de46aaf9db
2026-07-26 02:10:06,572 - 357453 - INFO - Sent app_validation.py to i-0e357a69bf29b0417 (command_id: 437a6701-1a71-4549-8421-a5a48109a8a3)
2026-07-26 02:10:36,771 - 357453 - INFO - app_validation.py output for i-0e357a69bf29b0417:

==============================================================================
Server Availability Check Started | 2026-07-26 06:10:06.921099
==============================================================================

==============================================================================
SYSTEM INFORMATION
==============================================================================
Server IP | 172.29.59.22
Hostname | ip-172-29-59-22
Current User | root
Working Directory | /usr/bin
Time Zone | UTC

==============================================================================
STORAGE CHECK | /data mounts
==============================================================================
Filesystem | Size | Used | Avail | Use% | Mounted on
/dev/nvme1n1p2 | 239.9G | 8.9G | 231.0G | 3% | /data
fs-9aa41dd2.efs.us-east-1.amazonaws.com:/ | 0B | 36.5T | 0B | 0% | /data2

==============================================================================
SYMLINK CHECK | root (/)
==============================================================================
Symlinks Total | 4
Symlinks Valid | 4
Symlinks Invalid | 0
Symlink | ResolvedTarget
/bin | /usr/bin
/lib | /usr/lib
/lib64 | /usr/lib64
/sbin | /usr/sbin

==============================================================================
NFS CHECK
==============================================================================
NFS Package Installed | Yes
nfs-server.service Active | No
nfs-client.target Active | Yes
/etc/exports Present | Yes
EXPORTS_LINE | (empty)
NFS_MOUNT | Device | MountPoint | FSType
NFS_MOUNT | fs-9aa41dd2.efs.us-east-1.amazonaws.com:/ | /data2 | nfs4

==============================================================================
CUPS CHECK
==============================================================================
CUPS Installed | Yes
CUPS Running | Yes
CUPS Version | 1.7.5
CUPS IP URL (http://172.29.59.22:631) | 200
Cups server Http Status | 200
Cups printers Http Status | 200
Printers Configured | 0

==============================================================================
FTP CHECK
==============================================================================
FTP Installed | No
FTP Running (Port 21 localhost) | No
FTP Port 21 Reachable on 172.29.59.22 | No
FTP Processes | None

==============================================================================
JAVA CHECK
==============================================================================
Total Java Processes | 1
Batch/Daemon Java Processes | 0
Non-Standalone Java Processes | Not Found

==============================================================================
BATCH/DAEMON JAVA DETAILS
==============================================================================
Batch/Daemon Java Processes | 0
Batch/Daemon Java Details | None

==============================================================================
JBOSS/WILDFLY APPS (simple table)
==============================================================================
JBoss App Processes | 1
PID | AppName | JbossVersion | Java-Name | Port | URL | Status | Code | SSL-Status | App-Path
3155 | domsupspznprod | jboss730eap | domsupspd_jb730 | 8080 | 172.29.59.22:8080 | UP | 200 | Disabled | /data/app/jboss730eap/softeon/domsupspznprod/standalone

==============================================================================
HEALTH MONITOR CRONTAB STATUS
==============================================================================

2026-07-26 02:10:36,771 - 357453 - ERROR - app_validation.py errors for i-0e357a69bf29b0417:
Traceback (most recent call last):
  File "<stdin>", line 873, in <module>
  File "<stdin>", line 864, in main
UnboundLocalError: local variable 'found' referenced before assignment
failed to run commands: exit status 1
2026-07-26 02:10:36,776 - 357453 - INFO - After patching validation saved to: /data/patching_report/validation-2026-07-26/UPS-PZN-Doms-APP/172.29.59.22/172.29.59.22-AfterPatching-2026-07-26-02-10-36-775.log
2026-07-26 02:10:36,832 - 357453 - INFO - Validation comparison report generated: /data/patching_report/validation-2026-07-26/UPS-PZN-Doms-APP/172.29.59.22/172.29.59.22-Validation-details-2026-07-26-02-10-36-775.html
2026-07-26 02:10:37,015 - 357453 - INFO - Daemon count - Pre: 0, Post: 0
2026-07-26 02:10:37,015 - 357453 - INFO - CUPS: before=running after=running version=1.7.5
2026-07-26 02:10:37,015 - 357453 - INFO - Manage_cron: False, daemon_action: False, cups_action: False
2026-07-26 02:10:37,089 - 357453 - INFO - Email sent successfully to ['kishlayk@softeon.com', 'CloudOps@softeon.com']
2026-07-26 02:10:37,089 - 357453 - INFO - RED mail sent for i-0e357a69bf29b0417 - no daemon/cups issue
2026-07-26 02:10:37,089 - 357453 - INFO - [Retry-1] Waiting 300s for i-0e357a69bf29b0417...
2026-07-26 02:10:37,089 - 357453 - INFO - Retry thread started for i-0e357a69bf29b0417
2026-07-26 02:10:37,405 - 357453 - INFO - Started i-0e357a69bf29b0417 in 0:02:57.466916
2026-07-26 02:10:37,406 - 357453 - INFO - All instances processed.
2026-07-26 02:10:37,410 - 357453 - INFO - Restart Total time: 0:10:49.995885
2026-07-26 02:10:37,411 - 357453 - INFO - Auto-confirmed services are restarted
2026-07-26 02:10:37,411 - 357453 - INFO - Confirmed - services are started
2026-07-26 02:10:37,527 - 357453 - INFO - The following instances have failed the patch: []
2026-07-26 02:10:37,527 - 357453 - INFO - No instances have failed the patch.
2026-07-26 02:10:37,528 - 357453 - INFO - Total Patch Process time: 0:20:34.598808
2026-07-26 02:11:38,085 - 357453 - INFO - Log file ./logs/patching_2026-07-26_UPS-PZN-Doms-APP.log uploaded to s3://q3-2026-aws-security-patching/UPS-PZN-Doms-APP_Patch/2026-07-26/patching_2026-07-26_UPS-PZN-Doms-APP.log
2026-07-26 02:15:37,508 - 357453 - INFO - Sent app_validation.py to i-0e357a69bf29b0417 (command_id: 08a70931-0ad9-42b2-8a2a-828a5e45b309)
2026-07-26 02:16:07,635 - 357453 - INFO - app_validation.py output for i-0e357a69bf29b0417:

==============================================================================
Server Availability Check Started | 2026-07-26 06:15:37.768606
==============================================================================

==============================================================================
SYSTEM INFORMATION
==============================================================================
Server IP | 172.29.59.22
Hostname | ip-172-29-59-22
Current User | root
Working Directory | /usr/bin
Time Zone | UTC

==============================================================================
STORAGE CHECK | /data mounts
==============================================================================
Filesystem | Size | Used | Avail | Use% | Mounted on
/dev/nvme1n1p2 | 239.9G | 8.9G | 231.0G | 3% | /data
fs-9aa41dd2.efs.us-east-1.amazonaws.com:/ | 0B | 36.6T | 0B | 0% | /data2

==============================================================================
SYMLINK CHECK | root (/)
==============================================================================
Symlinks Total | 4
Symlinks Valid | 4
Symlinks Invalid | 0
Symlink | ResolvedTarget
/bin | /usr/bin
/lib | /usr/lib
/lib64 | /usr/lib64
/sbin | /usr/sbin

==============================================================================
NFS CHECK
==============================================================================
NFS Package Installed | Yes
nfs-server.service Active | No
nfs-client.target Active | Yes
/etc/exports Present | Yes
EXPORTS_LINE | (empty)
NFS_MOUNT | Device | MountPoint | FSType
NFS_MOUNT | fs-9aa41dd2.efs.us-east-1.amazonaws.com:/ | /data2 | nfs4

==============================================================================
CUPS CHECK
==============================================================================
CUPS Installed | Yes
CUPS Running | Yes
CUPS Version | 1.7.5
CUPS IP URL (http://172.29.59.22:631) | 200
Cups server Http Status | 200
Cups printers Http Status | 200
Printers Configured | 0

==============================================================================
FTP CHECK
==============================================================================
FTP Installed | No
FTP Running (Port 21 localhost) | No
FTP Port 21 Reachable on 172.29.59.22 | No
FTP Processes | None

==============================================================================
JAVA CHECK
==============================================================================
Total Java Processes | 1
Batch/Daemon Java Processes | 0
Non-Standalone Java Processes | Not Found

==============================================================================
BATCH/DAEMON JAVA DETAILS
==============================================================================
Batch/Daemon Java Processes | 0
Batch/Daemon Java Details | None

==============================================================================
JBOSS/WILDFLY APPS (simple table)
==============================================================================
JBoss App Processes | 1
PID | AppName | JbossVersion | Java-Name | Port | URL | Status | Code | SSL-Status | App-Path
3155 | domsupspznprod | jboss730eap | domsupspd_jb730 | 8080 | 172.29.59.22:8080 | UP | 200 | Disabled | /data/app/jboss730eap/softeon/domsupspznprod/standalone

==============================================================================
HEALTH MONITOR CRONTAB STATUS
==============================================================================

2026-07-26 02:16:07,635 - 357453 - ERROR - app_validation.py errors for i-0e357a69bf29b0417:
Traceback (most recent call last):
  File "<stdin>", line 873, in <module>
  File "<stdin>", line 864, in main
UnboundLocalError: local variable 'found' referenced before assignment
failed to run commands: exit status 1
2026-07-26 02:16:07,637 - 357453 - INFO - [Retry-1] After log saved: /data/patching_report/validation-2026-07-26/UPS-PZN-Doms-APP/172.29.59.22/172.29.59.22-AfterPatching-Retry1-2026-07-26-02-16-07-637.log
2026-07-26 02:16:07,695 - 357453 - INFO - [Retry-1] RED for UPS Productionization DOMS Production Application Server - 1 (172.29.59.22), retrying... (Total waited: 300s)
2026-07-26 02:16:07,696 - 357453 - INFO - [Retry-2] Waiting 300s for i-0e357a69bf29b0417...
2026-07-26 02:21:07,925 - 357453 - INFO - Sent app_validation.py to i-0e357a69bf29b0417 (command_id: 298aa9eb-3078-4f55-ba39-d115dd0f7cee)
2026-07-26 02:21:38,010 - 357453 - INFO - app_validation.py output for i-0e357a69bf29b0417:

==============================================================================
Server Availability Check Started | 2026-07-26 06:21:08.194688
==============================================================================

==============================================================================
SYSTEM INFORMATION
==============================================================================
Server IP | 172.29.59.22
Hostname | ip-172-29-59-22
Current User | root
Working Directory | /usr/bin
Time Zone | UTC

==============================================================================
STORAGE CHECK | /data mounts
==============================================================================
Filesystem | Size | Used | Avail | Use% | Mounted on
/dev/nvme1n1p2 | 239.9G | 8.9G | 231.0G | 3% | /data
fs-9aa41dd2.efs.us-east-1.amazonaws.com:/ | 0B | 36.6T | 0B | 0% | /data2

==============================================================================
SYMLINK CHECK | root (/)
==============================================================================
Symlinks Total | 4
Symlinks Valid | 4
Symlinks Invalid | 0
Symlink | ResolvedTarget
/bin | /usr/bin
/lib | /usr/lib
/lib64 | /usr/lib64
/sbin | /usr/sbin

==============================================================================
NFS CHECK
==============================================================================
NFS Package Installed | Yes
nfs-server.service Active | No
nfs-client.target Active | Yes
/etc/exports Present | Yes
EXPORTS_LINE | (empty)
NFS_MOUNT | Device | MountPoint | FSType
NFS_MOUNT | fs-9aa41dd2.efs.us-east-1.amazonaws.com:/ | /data2 | nfs4

==============================================================================
CUPS CHECK
==============================================================================
CUPS Installed | Yes
CUPS Running | Yes
CUPS Version | 1.7.5
CUPS IP URL (http://172.29.59.22:631) | 200
Cups server Http Status | 200
Cups printers Http Status | 200
Printers Configured | 0

==============================================================================
FTP CHECK
==============================================================================
FTP Installed | No
FTP Running (Port 21 localhost) | No
FTP Port 21 Reachable on 172.29.59.22 | No
FTP Processes | None

==============================================================================
JAVA CHECK
==============================================================================
Total Java Processes | 1
Batch/Daemon Java Processes | 0
Non-Standalone Java Processes | Not Found

==============================================================================
BATCH/DAEMON JAVA DETAILS
==============================================================================
Batch/Daemon Java Processes | 0
Batch/Daemon Java Details | None

==============================================================================
JBOSS/WILDFLY APPS (simple table)
==============================================================================
JBoss App Processes | 1
PID | AppName | JbossVersion | Java-Name | Port | URL | Status | Code | SSL-Status | App-Path
3155 | domsupspznprod | jboss730eap | domsupspd_jb730 | 8080 | 172.29.59.22:8080 | UP | 200 | Disabled | /data/app/jboss730eap/softeon/domsupspznprod/standalone

==============================================================================
HEALTH MONITOR CRONTAB STATUS
==============================================================================

2026-07-26 02:21:38,010 - 357453 - ERROR - app_validation.py errors for i-0e357a69bf29b0417:
Traceback (most recent call last):
  File "<stdin>", line 873, in <module>
  File "<stdin>", line 864, in main
UnboundLocalError: local variable 'found' referenced before assignment
failed to run commands: exit status 1
2026-07-26 02:21:38,012 - 357453 - INFO - [Retry-2] After log saved: /data/patching_report/validation-2026-07-26/UPS-PZN-Doms-APP/172.29.59.22/172.29.59.22-AfterPatching-Retry2-2026-07-26-02-21-38-011.log
2026-07-26 02:21:38,069 - 357453 - INFO - [Retry-2] RED for UPS Productionization DOMS Production Application Server - 1 (172.29.59.22), retrying... (Total waited: 600s)
2026-07-26 02:21:38,070 - 357453 - INFO - [Retry-3] Waiting 300s for i-0e357a69bf29b0417...
2026-07-26 02:26:38,304 - 357453 - INFO - Sent app_validation.py to i-0e357a69bf29b0417 (command_id: 4535a016-fee4-429f-aac0-9cf091fbe4e6)
2026-07-26 02:27:08,418 - 357453 - INFO - app_validation.py output for i-0e357a69bf29b0417:

==============================================================================
Server Availability Check Started | 2026-07-26 06:26:38.588106
==============================================================================

==============================================================================
SYSTEM INFORMATION
==============================================================================
Server IP | 172.29.59.22
Hostname | ip-172-29-59-22
Current User | root
Working Directory | /usr/bin
Time Zone | UTC

==============================================================================
STORAGE CHECK | /data mounts
==============================================================================
Filesystem | Size | Used | Avail | Use% | Mounted on
/dev/nvme1n1p2 | 239.9G | 8.9G | 231.0G | 3% | /data
fs-9aa41dd2.efs.us-east-1.amazonaws.com:/ | 0B | 36.6T | 0B | 0% | /data2

==============================================================================
SYMLINK CHECK | root (/)
==============================================================================
Symlinks Total | 4
Symlinks Valid | 4
Symlinks Invalid | 0
Symlink | ResolvedTarget
/bin | /usr/bin
/lib | /usr/lib
/lib64 | /usr/lib64
/sbin | /usr/sbin

==============================================================================
NFS CHECK
==============================================================================
NFS Package Installed | Yes
nfs-server.service Active | No
nfs-client.target Active | Yes
/etc/exports Present | Yes
EXPORTS_LINE | (empty)
NFS_MOUNT | Device | MountPoint | FSType
NFS_MOUNT | fs-9aa41dd2.efs.us-east-1.amazonaws.com:/ | /data2 | nfs4

==============================================================================
CUPS CHECK
==============================================================================
CUPS Installed | Yes
CUPS Running | Yes
CUPS Version | 1.7.5
CUPS IP URL (http://172.29.59.22:631) | 200
Cups server Http Status | 200
Cups printers Http Status | 200
Printers Configured | 0

==============================================================================
FTP CHECK
==============================================================================
FTP Installed | No
FTP Running (Port 21 localhost) | No
FTP Port 21 Reachable on 172.29.59.22 | No
FTP Processes | None

==============================================================================
JAVA CHECK
==============================================================================
Total Java Processes | 1
Batch/Daemon Java Processes | 0
Non-Standalone Java Processes | Not Found

==============================================================================
BATCH/DAEMON JAVA DETAILS
==============================================================================
Batch/Daemon Java Processes | 0
Batch/Daemon Java Details | None

==============================================================================
JBOSS/WILDFLY APPS (simple table)
==============================================================================
JBoss App Processes | 1
PID | AppName | JbossVersion | Java-Name | Port | URL | Status | Code | SSL-Status | App-Path
3155 | domsupspznprod | jboss730eap | domsupspd_jb730 | 8080 | 172.29.59.22:8080 | UP | 200 | Disabled | /data/app/jboss730eap/softeon/domsupspznprod/standalone

==============================================================================
HEALTH MONITOR CRONTAB STATUS
==============================================================================

2026-07-26 02:27:08,418 - 357453 - ERROR - app_validation.py errors for i-0e357a69bf29b0417:
Traceback (most recent call last):
  File "<stdin>", line 873, in <module>
  File "<stdin>", line 864, in main
UnboundLocalError: local variable 'found' referenced before assignment
failed to run commands: exit status 1
2026-07-26 02:27:08,420 - 357453 - INFO - [Retry-3] After log saved: /data/patching_report/validation-2026-07-26/UPS-PZN-Doms-APP/172.29.59.22/172.29.59.22-AfterPatching-Retry3-2026-07-26-02-27-08-419.log
2026-07-26 02:27:08,478 - 357453 - INFO - [Retry-3] RED for UPS Productionization DOMS Production Application Server - 1 (172.29.59.22), retrying... (Total waited: 900s)
2026-07-26 02:27:08,478 - 357453 - INFO - [Retry-4] Waiting 300s for i-0e357a69bf29b0417...
2026-07-26 02:32:08,877 - 357453 - INFO - Sent app_validation.py to i-0e357a69bf29b0417 (command_id: b6a203f0-62ae-41f2-b889-04e7c6ded7e2)
2026-07-26 02:32:38,962 - 357453 - INFO - app_validation.py output for i-0e357a69bf29b0417:

==============================================================================
Server Availability Check Started | 2026-07-26 06:32:09.139018
==============================================================================

==============================================================================
SYSTEM INFORMATION
==============================================================================
Server IP | 172.29.59.22
Hostname | ip-172-29-59-22
Current User | root
Working Directory | /usr/bin
Time Zone | UTC

==============================================================================
STORAGE CHECK | /data mounts
==============================================================================
Filesystem | Size | Used | Avail | Use% | Mounted on
/dev/nvme1n1p2 | 239.9G | 8.9G | 231.0G | 3% | /data
fs-9aa41dd2.efs.us-east-1.amazonaws.com:/ | 0B | 36.6T | 0B | 0% | /data2

==============================================================================
SYMLINK CHECK | root (/)
==============================================================================
Symlinks Total | 4
Symlinks Valid | 4
Symlinks Invalid | 0
Symlink | ResolvedTarget
/bin | /usr/bin
/lib | /usr/lib
/lib64 | /usr/lib64
/sbin | /usr/sbin

==============================================================================
NFS CHECK
==============================================================================
NFS Package Installed | Yes
nfs-server.service Active | No
nfs-client.target Active | Yes
/etc/exports Present | Yes
EXPORTS_LINE | (empty)
NFS_MOUNT | Device | MountPoint | FSType
NFS_MOUNT | fs-9aa41dd2.efs.us-east-1.amazonaws.com:/ | /data2 | nfs4

==============================================================================
CUPS CHECK
==============================================================================
CUPS Installed | Yes
CUPS Running | Yes
CUPS Version | 1.7.5
CUPS IP URL (http://172.29.59.22:631) | 200
Cups server Http Status | 200
Cups printers Http Status | 200
Printers Configured | 0

==============================================================================
FTP CHECK
==============================================================================
FTP Installed | No
FTP Running (Port 21 localhost) | No
FTP Port 21 Reachable on 172.29.59.22 | No
FTP Processes | None

==============================================================================
JAVA CHECK
==============================================================================
Total Java Processes | 1
Batch/Daemon Java Processes | 0
Non-Standalone Java Processes | Not Found

==============================================================================
BATCH/DAEMON JAVA DETAILS
==============================================================================
Batch/Daemon Java Processes | 0
Batch/Daemon Java Details | None

==============================================================================
JBOSS/WILDFLY APPS (simple table)
==============================================================================
JBoss App Processes | 1
PID | AppName | JbossVersion | Java-Name | Port | URL | Status | Code | SSL-Status | App-Path
3155 | domsupspznprod | jboss730eap | domsupspd_jb730 | 8080 | 172.29.59.22:8080 | UP | 200 | Disabled | /data/app/jboss730eap/softeon/domsupspznprod/standalone

==============================================================================
HEALTH MONITOR CRONTAB STATUS
==============================================================================

2026-07-26 02:32:38,962 - 357453 - ERROR - app_validation.py errors for i-0e357a69bf29b0417:
Traceback (most recent call last):
  File "<stdin>", line 873, in <module>
  File "<stdin>", line 864, in main
UnboundLocalError: local variable 'found' referenced before assignment
failed to run commands: exit status 1
2026-07-26 02:32:38,964 - 357453 - INFO - [Retry-4] After log saved: /data/patching_report/validation-2026-07-26/UPS-PZN-Doms-APP/172.29.59.22/172.29.59.22-AfterPatching-Retry4-2026-07-26-02-32-38-964.log
2026-07-26 02:32:39,023 - 357453 - INFO - [Retry-4] RED for UPS Productionization DOMS Production Application Server - 1 (172.29.59.22), retrying... (Total waited: 1200s)
2026-07-26 02:32:39,023 - 357453 - INFO - [Retry-5] Waiting 300s for i-0e357a69bf29b0417...
2026-07-26 02:37:39,301 - 357453 - INFO - Sent app_validation.py to i-0e357a69bf29b0417 (command_id: af5ceaa6-b392-4c25-a896-c2e840ea33d0)
2026-07-26 02:38:09,405 - 357453 - INFO - app_validation.py output for i-0e357a69bf29b0417:

==============================================================================
Server Availability Check Started | 2026-07-26 06:37:39.550134
==============================================================================

==============================================================================
SYSTEM INFORMATION
==============================================================================
Server IP | 172.29.59.22
Hostname | ip-172-29-59-22
Current User | root
Working Directory | /usr/bin
Time Zone | UTC

==============================================================================
STORAGE CHECK | /data mounts
==============================================================================
Filesystem | Size | Used | Avail | Use% | Mounted on
/dev/nvme1n1p2 | 239.9G | 8.9G | 231.0G | 3% | /data
fs-9aa41dd2.efs.us-east-1.amazonaws.com:/ | 0B | 36.6T | 0B | 0% | /data2

==============================================================================
SYMLINK CHECK | root (/)
==============================================================================
Symlinks Total | 4
Symlinks Valid | 4
Symlinks Invalid | 0
Symlink | ResolvedTarget
/bin | /usr/bin
/lib | /usr/lib
/lib64 | /usr/lib64
/sbin | /usr/sbin

==============================================================================
NFS CHECK
==============================================================================
NFS Package Installed | Yes
nfs-server.service Active | No
nfs-client.target Active | Yes
/etc/exports Present | Yes
EXPORTS_LINE | (empty)
NFS_MOUNT | Device | MountPoint | FSType
NFS_MOUNT | fs-9aa41dd2.efs.us-east-1.amazonaws.com:/ | /data2 | nfs4

==============================================================================
CUPS CHECK
==============================================================================
CUPS Installed | Yes
CUPS Running | Yes
CUPS Version | 1.7.5
CUPS IP URL (http://172.29.59.22:631) | 200
Cups server Http Status | 200
Cups printers Http Status | 200
Printers Configured | 0

==============================================================================
FTP CHECK
==============================================================================
FTP Installed | No
FTP Running (Port 21 localhost) | No
FTP Port 21 Reachable on 172.29.59.22 | No
FTP Processes | None

==============================================================================
JAVA CHECK
==============================================================================
Total Java Processes | 1
Batch/Daemon Java Processes | 0
Non-Standalone Java Processes | Not Found

==============================================================================
BATCH/DAEMON JAVA DETAILS
==============================================================================
Batch/Daemon Java Processes | 0
Batch/Daemon Java Details | None

==============================================================================
JBOSS/WILDFLY APPS (simple table)
==============================================================================
JBoss App Processes | 1
PID | AppName | JbossVersion | Java-Name | Port | URL | Status | Code | SSL-Status | App-Path
3155 | domsupspznprod | jboss730eap | domsupspd_jb730 | 8080 | 172.29.59.22:8080 | UP | 200 | Disabled | /data/app/jboss730eap/softeon/domsupspznprod/standalone

==============================================================================
HEALTH MONITOR CRONTAB STATUS
==============================================================================

2026-07-26 02:38:09,405 - 357453 - ERROR - app_validation.py errors for i-0e357a69bf29b0417:
Traceback (most recent call last):
  File "<stdin>", line 873, in <module>
  File "<stdin>", line 864, in main
UnboundLocalError: local variable 'found' referenced before assignment
failed to run commands: exit status 1
2026-07-26 02:38:09,407 - 357453 - INFO - [Retry-5] After log saved: /data/patching_report/validation-2026-07-26/UPS-PZN-Doms-APP/172.29.59.22/172.29.59.22-AfterPatching-Retry5-2026-07-26-02-38-09-406.log
2026-07-26 02:38:09,465 - 357453 - INFO - [Retry-5] RED for UPS Productionization DOMS Production Application Server - 1 (172.29.59.22), retrying... (Total waited: 1500s)
2026-07-26 02:38:09,466 - 357453 - INFO - [Retry-6] Waiting 300s for i-0e357a69bf29b0417...
2026-07-26 02:43:09,784 - 357453 - INFO - Sent app_validation.py to i-0e357a69bf29b0417 (command_id: 51ed28af-f1a7-473e-9301-d0097b362c6f)
2026-07-26 02:43:39,897 - 357453 - INFO - app_validation.py output for i-0e357a69bf29b0417:

==============================================================================
Server Availability Check Started | 2026-07-26 06:43:10.061219
==============================================================================

==============================================================================
SYSTEM INFORMATION
==============================================================================
Server IP | 172.29.59.22
Hostname | ip-172-29-59-22
Current User | root
Working Directory | /usr/bin
Time Zone | UTC

==============================================================================
STORAGE CHECK | /data mounts
==============================================================================
Filesystem | Size | Used | Avail | Use% | Mounted on
/dev/nvme1n1p2 | 239.9G | 8.9G | 231.0G | 3% | /data
fs-9aa41dd2.efs.us-east-1.amazonaws.com:/ | 0B | 36.6T | 0B | 0% | /data2

==============================================================================
SYMLINK CHECK | root (/)
==============================================================================
Symlinks Total | 4
Symlinks Valid | 4
Symlinks Invalid | 0
Symlink | ResolvedTarget
/bin | /usr/bin
/lib | /usr/lib
/lib64 | /usr/lib64
/sbin | /usr/sbin

==============================================================================
NFS CHECK
==============================================================================
NFS Package Installed | Yes
nfs-server.service Active | No
nfs-client.target Active | Yes
/etc/exports Present | Yes
EXPORTS_LINE | (empty)
NFS_MOUNT | Device | MountPoint | FSType
NFS_MOUNT | fs-9aa41dd2.efs.us-east-1.amazonaws.com:/ | /data2 | nfs4

==============================================================================
CUPS CHECK
==============================================================================
CUPS Installed | Yes
CUPS Running | Yes
CUPS Version | 1.7.5
CUPS IP URL (http://172.29.59.22:631) | 200
Cups server Http Status | 200
Cups printers Http Status | 200
Printers Configured | 0

==============================================================================
FTP CHECK
==============================================================================
FTP Installed | No
FTP Running (Port 21 localhost) | No
FTP Port 21 Reachable on 172.29.59.22 | No
FTP Processes | None

==============================================================================
JAVA CHECK
==============================================================================
Total Java Processes | 1
Batch/Daemon Java Processes | 0
Non-Standalone Java Processes | Not Found

==============================================================================
BATCH/DAEMON JAVA DETAILS
==============================================================================
Batch/Daemon Java Processes | 0
Batch/Daemon Java Details | None

==============================================================================
JBOSS/WILDFLY APPS (simple table)
==============================================================================
JBoss App Processes | 1
PID | AppName | JbossVersion | Java-Name | Port | URL | Status | Code | SSL-Status | App-Path
3155 | domsupspznprod | jboss730eap | domsupspd_jb730 | 8080 | 172.29.59.22:8080 | UP | 200 | Disabled | /data/app/jboss730eap/softeon/domsupspznprod/standalone

==============================================================================
HEALTH MONITOR CRONTAB STATUS
==============================================================================

2026-07-26 02:43:39,897 - 357453 - ERROR - app_validation.py errors for i-0e357a69bf29b0417:
Traceback (most recent call last):
  File "<stdin>", line 873, in <module>
  File "<stdin>", line 864, in main
UnboundLocalError: local variable 'found' referenced before assignment
failed to run commands: exit status 1
2026-07-26 02:43:39,901 - 357453 - INFO - [Retry-6] After log saved: /data/patching_report/validation-2026-07-26/UPS-PZN-Doms-APP/172.29.59.22/172.29.59.22-AfterPatching-Retry6-2026-07-26-02-43-39-901.log
2026-07-26 02:43:39,958 - 357453 - WARNING - i-0e357a69bf29b0417: Timeout - cron was not active, skipping enable
