2026-07-18 00:10:02,373 - 306724 - INFO - Logger setup has been removed, using shared logger from common.logs.logger.
2026-07-18 00:10:02,374 - 306724 - INFO - Script Start Time: 2026-07-18 00:10:02
2026-07-18 00:10:03,121 - 306724 - INFO - Tag: q3-Caseys-ank-prod-batch, IPs: ['172.30.64.27', '172.30.64.107'], Environment: prod
2026-07-18 00:10:03,121 - 306724 - INFO - Instance(s) selected for Patching: {'i-003ad50abffe596af': '172.30.64.27', 'i-0e50d850cd873d2fb': '172.30.64.107'}
2026-07-18 00:10:03,189 - 306724 - INFO - Email sent successfully to ['CloudOps@softeon.com']
2026-07-18 00:10:03,189 - 306724 - INFO - Now patching instances at: 2026-07-18 00:10:03
2026-07-18 00:10:03,407 - 306724 - INFO - Sent app_validation.py to i-0e50d850cd873d2fb (command_id: 1f08e1f9-872c-42f3-abc4-18c8f6720d7f)
2026-07-18 00:10:33,505 - 306724 - INFO - app_validation.py output for i-0e50d850cd873d2fb:

==============================================================================
Server Availability Check Started | 2026-07-18 04:10:03.739053
==============================================================================

==============================================================================
SYSTEM INFORMATION
==============================================================================
Server IP | 172.30.64.107
Hostname | ip-172-30-64-107.us-east-2.compute.internal
Current User | root
Working Directory | /usr/bin
Time Zone | UTC

==============================================================================
STORAGE CHECK | /data mounts
==============================================================================
Filesystem | Size | Used | Avail | Use% | Mounted on
/dev/mapper/vg01-lv02 | 239.9G | 68.6G | 171.3G | 28% | /data
fs-0ffeea77e997c124f.efs.us-east-2.amazonaws.com:/ | 0B | 1.2T | 0B | 0% | /data2

==============================================================================
SYMLINK CHECK | root (/)
==============================================================================
Symlinks Total | 5
Symlinks Valid | 5
Symlinks Invalid | 0
Symlink | ResolvedTarget
/bin | /usr/bin
/data3 | /data/data3
/lib | /usr/lib
/lib64 | /usr/lib64
/sbin | /usr/sbin

==============================================================================
NFS CHECK
==============================================================================
NFS Package Installed | Yes
nfs-server.service Active | No
nfs-client.target Active | Yes
/etc/exports Present | Yes
EXPORTS_LINE | (empty)
NFS_MOUNT | Device | MountPoint | FSType
NFS_MOUNT | fs-0ffeea77e997c124f.efs.us-east-2.amazonaws.com:/ | /data2 | nfs4

==============================================================================
CUPS CHECK
==============================================================================
CUPS Installed | Yes
CUPS Running | Yes
CUPS Version | 1.7.5
CUPS IP URL (http://172.30.64.107:631) | 200
Cups server Http Status | 200
Cups printers Http Status | 200
Printers Configured | 18

==============================================================================
FTP CHECK
==============================================================================
FTP Installed | No
FTP Running (Port 21 localhost) | No
FTP Port 21 Reachable on 172.30.64.107 | No
FTP Processes | None

==============================================================================
JAVA CHECK
==============================================================================
Total Java Processes | 17
Batch/Daemon Java Processes | 16
Non-Standalone Java Processes | casank_lpick, casank_csyconvo, casank_plreplen, casank_putwallb, casank_plcindb, casank_csyconvi, casank_lbldn, casank_mhei, casank_mheo, casank_panda, casank_vomobadm, casank_vomob1, casank_vomob2, casank_stgvom, casank_putwall, casank_plcinda

==============================================================================
BATCH/DAEMON JAVA DETAILS
==============================================================================
Batch/Daemon Java Processes | 16
Java-Name | Java-Path
casank_lpick | /data/batchapp/softeon/caseysankwcsprod/ptcdaemon
casank_csyconvo | /data/batchapp/softeon/caseysankwcsprod/conveyoroutbounddaemon
casank_plreplen | /data/batchapp/softeon/caseysankwcsprod/plcdaemon_replen
casank_putwallb | /data/batchapp/softeon/caseysankwcsprod/putwalldaemon_lineb
casank_plcindb | /data/batchapp/softeon/caseysankwcsprod/plcdaemon_indexerb
casank_csyconvi | /data/batchapp/softeon/caseysankwcsprod/conveyorinbounddaemon
casank_lbldn | /data/batchapp/softeon/caseysankwcsprod/labeldaemon
casank_mhei | /data/batchapp/softeon/caseysankwcsprod/mheinbounddaemon
casank_mheo | /data/batchapp/softeon/caseysankwcsprod/mheoutbounddaemon
casank_panda | /data/batchapp/softeon/caseysankwcsprod/plcdaemon_panda
casank_vomobadm | /data/batchapp/softeon/caseysankprod/voiceadminserver
casank_vomob1 | /data/batchapp/softeon/caseysankprod/voicemobiledaemon1
casank_vomob2 | /data/batchapp/softeon/caseysankprod/voicemobiledaemon2
casank_stgvom | /data/batchapp/softeon/caseysankstageprod/voicemobilestagedaemon
casank_putwall | /data/batchapp/softeon/caseysankwcsprod/putwalldaemon_linea
casank_plcinda | /data/batchapp/softeon/caseysankwcsprod/plcdaemon_indexera

==============================================================================
JBOSS/WILDFLY APPS (simple table)
==============================================================================
JBoss App Processes | 0
JBoss Apps | None

==============================================================================
HEALTH MONITOR CRONTAB STATUS
==============================================================================

2026-07-18 00:10:33,505 - 306724 - ERROR - app_validation.py errors for i-0e50d850cd873d2fb:
Traceback (most recent call last):
  File "<stdin>", line 873, in <module>
  File "<stdin>", line 864, in main
UnboundLocalError: local variable 'found' referenced before assignment
failed to run commands: exit status 1
2026-07-18 00:10:33,506 - 306724 - INFO - Before patching log saved: /data/patching_report/validation-2026-07-18/q3-Caseys-ank-prod-batch/172.30.64.107/172.30.64.107-BeforePatching-2026-07-18-00-10-33-506.log
2026-07-18 00:10:33,703 - 306724 - INFO - Sent app_validation.py to i-003ad50abffe596af (command_id: 0aac77d9-6957-4bc2-beae-ff639fda80d1)
2026-07-18 00:11:03,781 - 306724 - INFO - app_validation.py output for i-003ad50abffe596af:

==============================================================================
Server Availability Check Started | 2026-07-18 04:10:34.003308
==============================================================================

==============================================================================
SYSTEM INFORMATION
==============================================================================
Server IP | 172.30.64.27
Hostname | ip-172-30-64-27.us-east-2.compute.internal
Current User | root
Working Directory | /usr/bin
Time Zone | UTC

==============================================================================
STORAGE CHECK | /data mounts
==============================================================================
Filesystem | Size | Used | Avail | Use% | Mounted on
/dev/mapper/vg01-lv02 | 239.9G | 52.7G | 187.2G | 21% | /data
fs-0ffeea77e997c124f.efs.us-east-2.amazonaws.com:/ | 0B | 1.2T | 0B | 0% | /data2

==============================================================================
SYMLINK CHECK | root (/)
==============================================================================
Symlinks Total | 5
Symlinks Valid | 5
Symlinks Invalid | 0
Symlink | ResolvedTarget
/bin | /usr/bin
/data3 | /data/data3
/lib | /usr/lib
/lib64 | /usr/lib64
/sbin | /usr/sbin

==============================================================================
NFS CHECK
==============================================================================
NFS Package Installed | Yes
nfs-server.service Active | No
nfs-client.target Active | Yes
/etc/exports Present | Yes
EXPORTS_LINE | (empty)
NFS_MOUNT | Device | MountPoint | FSType
NFS_MOUNT | fs-0ffeea77e997c124f.efs.us-east-2.amazonaws.com:/ | /data2 | nfs4

==============================================================================
CUPS CHECK
==============================================================================
CUPS Installed | Yes
CUPS Running | Yes
CUPS Version | 1.7.5
CUPS IP URL (http://172.30.64.27:631) | 200
Cups server Http Status | 200
Cups printers Http Status | 200
Printers Configured | 14

==============================================================================
FTP CHECK
==============================================================================
FTP Installed | No
FTP Running (Port 21 localhost) | No
FTP Port 21 Reachable on 172.30.64.27 | No
FTP Processes | None

==============================================================================
JAVA CHECK
==============================================================================
Total Java Processes | 21
Batch/Daemon Java Processes | 20
Non-Standalone Java Processes | casank_dwa, casank_event, casank_lbl, casank_nupai, casank_nupao, casank_repl, casank_rccl, casank_rplpri, casank_rpt, casank_jqgrid, casank_sch, casank_inbq, casank_wld, casank_otp, casank_lpick, casank_apick, casank_ict, casank_1rpt, casank_wcsi, casank_wcso

==============================================================================
BATCH/DAEMON JAVA DETAILS
==============================================================================
Batch/Daemon Java Processes | 20
Java-Name | Java-Path
casank_dwa | /data/batchapp/softeon/caseysankprod/downloaddaemon
casank_event | /data/batchapp/softeon/caseysankprod/eventdaemon
casank_lbl | /data/batchapp/softeon/caseysankprod/labeldaemon
casank_nupai | /data/batchapp/softeon/caseysankprod/numinainbounddaemon
casank_nupao | /data/batchapp/softeon/caseysankprod/numinaoutbounddaemon
casank_repl | /data/batchapp/softeon/caseysankprod/replenishmentdaemon
casank_rccl | /data/batchapp/softeon/caseysankprod/replenishmentpickloccanceldaemon
casank_rplpri | /data/batchapp/softeon/caseysankprod/replenishmentpriorityupdatedaemon
casank_rpt | /data/batchapp/softeon/caseysankprod/reportdaemon
casank_jqgrid | /data/batchapp/softeon/caseysankprod/reportjqgridexportdaemon
casank_sch | /data/batchapp/softeon/caseysankprod/schedulardaemon
casank_inbq | /data/batchapp/softeon/caseysankprod/uploaddeamon
casank_wld | /data/batchapp/softeon/caseysankprod/wavelaunchdaemon
casank_otp | /data/batchapp/softeon/caseysankprod/ordertruckplanning
casank_lpick | /data/batchapp/softeon/caseysankprod/ptcdaemon
casank_apick | /data/batchapp/softeon/caseysankprod/putwallpickconfirmationdaemon
casank_ict | /data/batchapp/softeon/caseysankprod/ictdaemon
casank_1rpt | /data/batchapp/softeon/caseysankprod/reportdaemon1
casank_wcsi | /data/batchapp/softeon/caseysankprod/wcsinbounddaemon
casank_wcso | /data/batchapp/softeon/caseysankprod/wcsoutbounddaemon

==============================================================================
JBOSS/WILDFLY APPS (simple table)
==============================================================================
JBoss App Processes | 0
JBoss Apps | None

==============================================================================
HEALTH MONITOR CRONTAB STATUS
==============================================================================
Health Monitor Crontab | Active

==============================================================================
Server Availability Check Completed | 2026-07-18 04:10:34.760847
==============================================================================

2026-07-18 00:11:03,781 - 306724 - ERROR - app_validation.py errors for i-003ad50abffe596af:

2026-07-18 00:11:03,783 - 306724 - INFO - Before patching log saved: /data/patching_report/validation-2026-07-18/q3-Caseys-ank-prod-batch/172.30.64.27/172.30.64.27-BeforePatching-2026-07-18-00-11-03-783.log
2026-07-18 00:11:09,058 - 306724 - INFO - i-0e50d850cd873d2fb: Cron was active = False
2026-07-18 00:11:14,298 - 306724 - INFO - i-003ad50abffe596af: Cron was active = True
2026-07-18 00:11:14,512 - 306724 - INFO - Health monitor crontab disabled on all instances
2026-07-18 00:11:14,513 - 306724 - INFO - Disabled cron for: ['i-003ad50abffe596af']
2026-07-18 00:11:14,669 - 306724 - INFO - Sending patch command to instance i-0e50d850cd873d2fb
2026-07-18 00:11:14,846 - 306724 - INFO - Command sent successfully to instance i-0e50d850cd873d2fb. Command ID: 8e1c485e-cc4e-4959-84a1-90591225632c
2026-07-18 00:11:15,013 - 306724 - INFO - Sending patch command to instance i-003ad50abffe596af
2026-07-18 00:11:15,087 - 306724 - INFO - Command sent successfully to instance i-003ad50abffe596af. Command ID: 7333aedc-78d4-4cdb-9481-5b377c743537
2026-07-18 00:17:46,820 - 306724 - INFO - All patches applied successfully.
2026-07-18 00:17:46,821 - 306724 - INFO - Patching end time: 2026-07-18 00:17:46
2026-07-18 00:17:46,821 - 306724 - INFO - Patch Elapsed time: 0:07:43.631487
2026-07-18 00:17:46,879 - 306724 - INFO - Email sent successfully to ['CloudOps@softeon.com']
2026-07-18 00:17:46,879 - 306724 - INFO - Confirmed - services are stopped
2026-07-18 00:17:54,191 - 306724 - INFO - Discovered TG map: {}
2026-07-18 00:17:54,361 - 306724 - INFO - Stopping EC2 instance: i-0e50d850cd873d2fb at 2026-07-18 00:17:54
2026-07-18 00:20:26,165 - 306724 - INFO - Instance i-0e50d850cd873d2fb stopped successfully.
2026-07-18 00:20:26,473 - 306724 - INFO - Stopped i-0e50d850cd873d2fb in 0:02:32.111888
2026-07-18 00:20:26,473 - 306724 - INFO - Starting EC2 instance: i-0e50d850cd873d2fb
2026-07-18 00:20:42,351 - 306724 - INFO - Instance i-0e50d850cd873d2fb started successfully.
2026-07-18 00:20:42,351 - 306724 - INFO - Waiting 100 seconds for SSM agent to be ready on i-0e50d850cd873d2fb...
2026-07-18 00:22:22,401 - 306724 - ERROR - Error starting instance i-0e50d850cd873d2fb: max_workers must be greater than 0
2026-07-18 00:22:22,403 - 306724 - INFO - Stopping EC2 instance: i-003ad50abffe596af at 2026-07-18 00:22:22
2026-07-18 00:24:08,801 - 306724 - INFO - Instance i-003ad50abffe596af stopped successfully.
2026-07-18 00:24:09,052 - 306724 - INFO - Stopped i-003ad50abffe596af in 0:01:46.649426
2026-07-18 00:24:09,053 - 306724 - INFO - Starting EC2 instance: i-003ad50abffe596af
2026-07-18 00:24:25,144 - 306724 - INFO - Instance i-003ad50abffe596af started successfully.
2026-07-18 00:24:25,144 - 306724 - INFO - Waiting 100 seconds for SSM agent to be ready on i-003ad50abffe596af...
2026-07-18 00:26:05,201 - 306724 - ERROR - Error starting instance i-003ad50abffe596af: max_workers must be greater than 0
2026-07-18 00:26:05,201 - 306724 - INFO - All instances processed.
2026-07-18 00:26:05,202 - 306724 - INFO - Restart Total time: 0:08:18.189512
2026-07-18 00:26:05,203 - 306724 - INFO - Auto-confirmed services are restarted
2026-07-18 00:26:05,203 - 306724 - INFO - Confirmed - services are started
2026-07-18 00:26:05,324 - 306724 - INFO - The following instances have failed the patch: []
2026-07-18 00:26:05,325 - 306724 - INFO - No instances have failed the patch.
2026-07-18 00:26:05,325 - 306724 - INFO - Total Patch Process time: 0:16:02.950553
2026-07-18 00:27:05,830 - 306724 - INFO - Log file ./logs/patching_2026-07-18_q3-Caseys-ank-prod-batch.log uploaded to s3://q3-2026-aws-security-patching/q3-Caseys-ank-prod-batch_Patch/2026-07-18/patching_2026-07-18_q3-Caseys-ank-prod-batch.log
