2026-08-08 02:05:03,546 - 1383328 - INFO - Email sent successfully to ['CloudOps@softeon.com']
2026-08-08 02:21:31,219 - 1383328 - INFO - Email sent successfully to ['CloudOps@softeon.com']
2026-08-08 02:21:31,391 - 1383328 - INFO - Log file ./logs/backup_2026-08-08.log uploaded to s3://q3-2025-aws-security-patching/q3-gabes-prod-batch_Patch_Backup/2026-08-08/backup_2026-08-08.log
2026-08-08 06:05:02,631 - 1458834 - INFO - Logger setup has been removed, using shared logger from common.logs.logger.
2026-08-08 06:05:02,631 - 1458834 - INFO - Script Start Time: 2026-08-08 06:05:02
2026-08-08 06:05:02,971 - 1458834 - INFO - Tag: q3-gabes-prod-batch, IPs: ['172.30.144.53'], Environment: prod
2026-08-08 06:05:02,972 - 1458834 - INFO - Instance(s) selected for Patching: {'i-0289ba0d4cf6f24fc': '172.30.144.53'}
2026-08-08 06:05:03,056 - 1458834 - INFO - Email sent successfully to ['CloudOps@softeon.com']
2026-08-08 06:05:03,056 - 1458834 - INFO - Now patching instances at: 2026-08-08 06:05:03
2026-08-08 06:05:03,305 - 1458834 - INFO - Sent app_validation.py to i-0289ba0d4cf6f24fc (command_id: 3fdea424-b318-444f-acc3-64ff2bfefd85)
2026-08-08 06:05:33,380 - 1458834 - INFO - SSM Command Status: Success
2026-08-08 06:05:33,380 - 1458834 - INFO - app_validation.py output for i-0289ba0d4cf6f24fc:

==============================================================================
Server Availability Check Started | 2026-08-08 10:05:03.623218
==============================================================================

==============================================================================
SYSTEM INFORMATION
==============================================================================
Server IP | 172.30.144.53
Hostname | ip-172-30-144-53.us-east-2.compute.internal
Current User | root
Working Directory | /usr/bin
Time Zone | UTC

==============================================================================
STORAGE CHECK | /data mounts
==============================================================================
Filesystem | Size | Used | Avail | Use% | Mounted on
/dev/mapper/vg01-lv02 | 239.9G | 71.5G | 168.4G | 29% | /data
fs-0043e733010122936.efs.us-east-2.amazonaws.com:/ | 0B | 78.8G | 0B | 0% | /data2

==============================================================================
SYMLINK CHECK | root (/)
==============================================================================
Symlinks Total | 4
Symlinks Valid | 4
Symlinks Invalid | 0
Symlink | ResolvedTarget
/bin | /usr/bin
/lib | /usr/lib
/lib64 | /usr/lib64
/sbin | /usr/sbin

==============================================================================
NFS CHECK
==============================================================================
NFS Package Installed | Yes
nfs-server.service Active | No
nfs-client.target Active | Yes
/etc/exports Present | Yes
EXPORTS_LINE | (empty)
NFS_MOUNT | Device | MountPoint | FSType
NFS_MOUNT | fs-0043e733010122936.efs.us-east-2.amazonaws.com:/ | /data2 | nfs4

==============================================================================
CUPS CHECK
==============================================================================
CUPS Installed | Yes
CUPS Running | Yes
CUPS Version | cups-2.4.16-1.amzn2023.0.3.x86_64
CUPS IP URL (http://172.30.144.53:631) | 200
Cups server Http Status | 200
Cups printers Http Status | 200
Printers Configured | 19

==============================================================================
FTP CHECK
==============================================================================
FTP Installed | No
FTP Running (Port 21 localhost) | No
FTP Port 21 Reachable on 172.30.144.53 | No
FTP Processes | None

==============================================================================
JAVA CHECK
==============================================================================
Total Java Processes | 18
Batch/Daemon Java Processes | 16
Non-Standalone Java Processes | gabesprod_apick, gabesprod_bpcd, gabesprod_dwa, gabesprod_event, gabesprod_ftp, gabesprod_harp, gabesprod_lbl, gabesprod_repl, gabesprod_rccl, gabesprod_rpt, gabesprd_jqgrid, gabesprod_sch, gabesprod_inbq, gabesprod_wld, gabesprod_wcsi, gabesprod_wcso

==============================================================================
BATCH/DAEMON JAVA DETAILS
==============================================================================
Batch/Daemon Java Processes | 16
Java-Name | Java-Path
gabesprod_apick | /data/batchapp/softeon/gabesprod/autopicktooldaemon
gabesprod_bpcd | /data/batchapp/softeon/gabesprod/batchpalletcreationdaemon
gabesprod_dwa | /data/batchapp/softeon/gabesprod/downloaddaemon
gabesprod_event | /data/batchapp/softeon/gabesprod/eventdaemon
gabesprod_ftp | /data/batchapp/softeon/gabesprod/ftpdaemon
gabesprod_harp | /data/batchapp/softeon/gabesprod/hardallocationdaemon
gabesprod_lbl | /data/batchapp/softeon/gabesprod/labeldaemon
gabesprod_repl | /data/batchapp/softeon/gabesprod/replenishmentdaemon
gabesprod_rccl | /data/batchapp/softeon/gabesprod/replenishmentpickloccanceldaemon
gabesprod_rpt | /data/batchapp/softeon/gabesprod/reportdaemon
gabesprd_jqgrid | /data/batchapp/softeon/gabesprod/reportjqgridexportdaemon
gabesprod_sch | /data/batchapp/softeon/gabesprod/schedulerdaemon
gabesprod_inbq | /data/batchapp/softeon/gabesprod/uploaddaemon
gabesprod_wld | /data/batchapp/softeon/gabesprod/wavelaunchdaemon
gabesprod_wcsi | /data/batchapp/softeon/gabesprod/wcsinbounddaemon
gabesprod_wcso | /data/batchapp/softeon/gabesprod/wcsoutbounddaemon

==============================================================================
JBOSS/WILDFLY APPS (simple table)
==============================================================================
JBoss App Processes | 0
JBoss Apps | None

==============================================================================
HEALTH MONITOR CRONTAB STATUS
==============================================================================
Health Monitor Crontab | Active

==============================================================================
Server Availability Check Completed | 2026-08-08 10:05:04.559592
==============================================================================

2026-08-08 06:05:33,382 - 1458834 - INFO - Before patching log saved: /data/patching_report/validation-2026-08-08/q3-gabes-prod-batch/172.30.144.53/172.30.144.53-BeforePatching-2026-08-08-06-05-33-381.log
2026-08-08 06:05:38,635 - 1458834 - INFO - i-0289ba0d4cf6f24fc: Cron was active = True
2026-08-08 06:05:38,915 - 1458834 - INFO - Health monitor crontab disabled on all instances
2026-08-08 06:05:38,916 - 1458834 - INFO - Disabled cron for: ['i-0289ba0d4cf6f24fc']
2026-08-08 06:05:39,012 - 1458834 - INFO - Sending patch command to instance i-0289ba0d4cf6f24fc
2026-08-08 06:05:39,160 - 1458834 - INFO - Command sent successfully to instance i-0289ba0d4cf6f24fc. Command ID: f8a4bfe9-0157-4306-8c38-1161c2ee8db5
2026-08-08 06:14:11,240 - 1458834 - INFO - All patches applied successfully.
2026-08-08 06:14:11,241 - 1458834 - INFO - Patching end time: 2026-08-08 06:14:11
2026-08-08 06:14:11,241 - 1458834 - INFO - Patch Elapsed time: 0:09:08.184529
2026-08-08 06:14:11,327 - 1458834 - INFO - Email sent successfully to ['CloudOps@softeon.com']
2026-08-08 06:14:11,327 - 1458834 - INFO - Confirmed - services are stopped
2026-08-08 06:14:18,130 - 1458834 - INFO - Discovered TG map: {}
2026-08-08 06:14:18,388 - 1458834 - INFO - Stopping EC2 instance: i-0289ba0d4cf6f24fc at 2026-08-08 06:14:18
2026-08-08 06:16:04,867 - 1458834 - INFO - Instance i-0289ba0d4cf6f24fc stopped successfully.
2026-08-08 06:16:04,995 - 1458834 - INFO - Stopped i-0289ba0d4cf6f24fc in 0:01:46.606740
2026-08-08 06:16:04,995 - 1458834 - INFO - Starting EC2 instance: i-0289ba0d4cf6f24fc
2026-08-08 06:16:20,797 - 1458834 - INFO - Instance i-0289ba0d4cf6f24fc started successfully.
2026-08-08 06:16:20,797 - 1458834 - INFO - Waiting 100 seconds for SSM agent to be ready on i-0289ba0d4cf6f24fc...
2026-08-08 06:18:01,139 - 1458834 - INFO - Sent app_validation.py to i-0289ba0d4cf6f24fc (command_id: 5c9cef44-0b55-42bf-83ac-7db2ebd39e55)
2026-08-08 06:18:31,224 - 1458834 - INFO - SSM Command Status: Success
2026-08-08 06:18:31,224 - 1458834 - INFO - app_validation.py output for i-0289ba0d4cf6f24fc:

==============================================================================
Server Availability Check Started | 2026-08-08 10:18:01.479145
==============================================================================

==============================================================================
SYSTEM INFORMATION
==============================================================================
Server IP | 172.30.144.53
Hostname | ip-172-30-144-53.us-east-2.compute.internal
Current User | root
Working Directory | /usr/bin
Time Zone | UTC

==============================================================================
STORAGE CHECK | /data mounts
==============================================================================
Filesystem | Size | Used | Avail | Use% | Mounted on
/dev/mapper/vg01-lv02 | 239.9G | 71.1G | 168.7G | 29% | /data
fs-0043e733010122936.efs.us-east-2.amazonaws.com:/ | 0B | 78.8G | 0B | 0% | /data2

==============================================================================
SYMLINK CHECK | root (/)
==============================================================================
Symlinks Total | 4
Symlinks Valid | 4
Symlinks Invalid | 0
Symlink | ResolvedTarget
/bin | /usr/bin
/lib | /usr/lib
/lib64 | /usr/lib64
/sbin | /usr/sbin

==============================================================================
NFS CHECK
==============================================================================
NFS Package Installed | Yes
nfs-server.service Active | No
nfs-client.target Active | Yes
/etc/exports Present | Yes
EXPORTS_LINE | (empty)
NFS_MOUNT | Device | MountPoint | FSType
NFS_MOUNT | fs-0043e733010122936.efs.us-east-2.amazonaws.com:/ | /data2 | nfs4

==============================================================================
CUPS CHECK
==============================================================================
CUPS Installed | Yes
CUPS Running | Yes
CUPS Version | cups-2.4.19-1.amzn2023.0.1.x86_64
CUPS IP URL (http://172.30.144.53:631) | 200
Cups server Http Status | 200
Cups printers Http Status | 200
Printers Configured | 19

==============================================================================
FTP CHECK
==============================================================================
FTP Installed | No
FTP Running (Port 21 localhost) | No
FTP Port 21 Reachable on 172.30.144.53 | No
FTP Processes | None

==============================================================================
JAVA CHECK
==============================================================================
Total Java Processes | 18
Batch/Daemon Java Processes | 16
Non-Standalone Java Processes | gabesprod_apick, gabesprod_bpcd, gabesprod_dwa, gabesprod_event, gabesprod_ftp, gabesprod_harp, gabesprod_lbl, gabesprod_repl, gabesprod_rccl, gabesprod_rpt, gabesprd_jqgrid, gabesprod_sch, gabesprod_inbq, gabesprod_wld, gabesprod_wcsi, gabesprod_wcso

==============================================================================
BATCH/DAEMON JAVA DETAILS
==============================================================================
Batch/Daemon Java Processes | 16
Java-Name | Java-Path
gabesprod_apick | /data/batchapp/softeon/gabesprod/autopicktooldaemon
gabesprod_bpcd | /data/batchapp/softeon/gabesprod/batchpalletcreationdaemon
gabesprod_dwa | /data/batchapp/softeon/gabesprod/downloaddaemon
gabesprod_event | /data/batchapp/softeon/gabesprod/eventdaemon
gabesprod_ftp | /data/batchapp/softeon/gabesprod/ftpdaemon
gabesprod_harp | /data/batchapp/softeon/gabesprod/hardallocationdaemon
gabesprod_lbl | /data/batchapp/softeon/gabesprod/labeldaemon
gabesprod_repl | /data/batchapp/softeon/gabesprod/replenishmentdaemon
gabesprod_rccl | /data/batchapp/softeon/gabesprod/replenishmentpickloccanceldaemon
gabesprod_rpt | /data/batchapp/softeon/gabesprod/reportdaemon
gabesprd_jqgrid | /data/batchapp/softeon/gabesprod/reportjqgridexportdaemon
gabesprod_sch | /data/batchapp/softeon/gabesprod/schedulerdaemon
gabesprod_inbq | /data/batchapp/softeon/gabesprod/uploaddaemon
gabesprod_wld | /data/batchapp/softeon/gabesprod/wavelaunchdaemon
gabesprod_wcsi | /data/batchapp/softeon/gabesprod/wcsinbounddaemon
gabesprod_wcso | /data/batchapp/softeon/gabesprod/wcsoutbounddaemon

==============================================================================
JBOSS/WILDFLY APPS (simple table)
==============================================================================
JBoss App Processes | 0
JBoss Apps | None

==============================================================================
HEALTH MONITOR CRONTAB STATUS
==============================================================================
Health Monitor Crontab | Disabled

==============================================================================
Server Availability Check Completed | 2026-08-08 10:18:02.480410
==============================================================================

2026-08-08 06:18:31,225 - 1458834 - INFO - After patching validation saved to: /data/patching_report/validation-2026-08-08/q3-gabes-prod-batch/172.30.144.53/172.30.144.53-AfterPatching-2026-08-08-06-18-31-225.log
2026-08-08 06:18:31,281 - 1458834 - INFO - Validation comparison report generated: /data/patching_report/validation-2026-08-08/q3-gabes-prod-batch/172.30.144.53/172.30.144.53-Validation-details-2026-08-08-06-18-31-225.html
2026-08-08 06:18:31,805 - 1458834 - INFO - Health monitor crontab enabled on all instances
2026-08-08 06:18:31,807 - 1458834 - INFO - Green - cron enabled for i-0289ba0d4cf6f24fc
2026-08-08 06:18:31,886 - 1458834 - INFO - Email sent successfully to ['kishlayk@softeon.com', 'CloudOps@softeon.com']
2026-08-08 06:18:31,886 - 1458834 - INFO - GREEN mail sent for i-0289ba0d4cf6f24fc
2026-08-08 06:18:32,020 - 1458834 - INFO - Started i-0289ba0d4cf6f24fc in 0:02:27.024845
2026-08-08 06:18:32,020 - 1458834 - INFO - All instances processed.
2026-08-08 06:18:32,023 - 1458834 - INFO - Restart Total time: 0:04:20.547068
2026-08-08 06:18:32,024 - 1458834 - INFO - Auto-confirmed services are restarted
2026-08-08 06:18:32,024 - 1458834 - INFO - Confirmed - services are started
2026-08-08 06:18:32,134 - 1458834 - INFO - The following instances have failed the patch: []
2026-08-08 06:18:32,134 - 1458834 - INFO - No instances have failed the patch.
2026-08-08 06:18:32,134 - 1458834 - INFO - Total Patch Process time: 0:13:29.502787
2026-08-08 06:19:32,499 - 1458834 - INFO - Log file ./logs/patching_2026-08-08_q3-gabes-prod-batch.log uploaded to s3://q3-2026-aws-security-patching/q3-gabes-prod-batch_Patch/2026-08-08/patching_2026-08-08_q3-gabes-prod-batch.log
