2026-04-08 00:05:02,625 - 288585 - INFO - Logger setup has been removed, using shared logger from common.logs.logger.
2026-04-08 00:05:02,625 - 288585 - INFO - Script Start Time: 2026-04-08 00:05:02
2026-04-08 00:05:02,905 - 288585 - INFO - Instance(s) selected for Patching: {'i-0495a320189fd64e9': '172.30.162.19'}
2026-04-08 00:05:02,993 - 288585 - INFO - Email sent successfully to ['a80af5b5.softeon.com@in.teams.ms', 'CloudOps@softeon.com']
2026-04-08 00:05:02,993 - 288585 - INFO - Now patching instances at: 2026-04-08 00:05:02
2026-04-08 00:05:03,099 - 288585 - INFO - Sending patch command to instance i-0495a320189fd64e9
2026-04-08 00:05:03,318 - 288585 - INFO - Command sent successfully to instance i-0495a320189fd64e9. Command ID: 6b50d23e-3df7-425f-ac25-969031de0447
2026-04-08 00:11:05,171 - 288585 - INFO - All patches applied successfully.
2026-04-08 00:11:05,171 - 288585 - INFO - Patching end time: 2026-04-08 00:11:05
2026-04-08 00:11:05,171 - 288585 - INFO - Patch Elapsed time: 0:06:02.178273
2026-04-08 00:11:05,243 - 288585 - INFO - Email sent successfully to ['a80af5b5.softeon.com@in.teams.ms', 'CloudOps@softeon.com']
2026-04-08 00:11:05,243 - 288585 - INFO - Confirmed - services are stopped
2026-04-08 00:11:13,520 - 288585 - INFO - Discovered TG map: {'i-0495a320189fd64e9': ['arn:aws:elasticloadbalancing:us-east-2:835314132208:targetgroup/ScootersCoffee-UAT-Desktop/3b90fc93e0d2e359', 'arn:aws:elasticloadbalancing:us-east-2:835314132208:targetgroup/ScootersCoffee-UAT-RF/53857146845cb6be', 'arn:aws:elasticloadbalancing:us-east-2:835314132208:targetgroup/ScootersCoffee-UAT-WS/4446a27bf317d8b9']}
2026-04-08 00:11:13,990 - 288585 - INFO - Sent app_validation.py to i-0495a320189fd64e9 (command_id: 757d7afb-c088-4193-a8a7-cb961a733218)
2026-04-08 00:11:44,158 - 288585 - INFO - app_validation.py output for i-0495a320189fd64e9:

==============================================================================
Server Availability Check Started | 2026-04-08 04:11:14.265674
==============================================================================

==============================================================================
SYSTEM INFORMATION
==============================================================================
Server IP | 172.30.162.19
Hostname | ip-172-30-162-19.us-east-2.compute.internal
Current User | root
Working Directory | /usr/bin
Time Zone | UTC

==============================================================================
STORAGE CHECK | /data mounts
==============================================================================
Filesystem | Size | Used | Avail | Use% | Mounted on
/dev/mapper/vg01-lv02 | 239.9G | 47.6G | 192.2G | 19% | /data

==============================================================================
SYMLINK CHECK | root (/)
==============================================================================
Symlinks Total | 6
Symlinks Valid | 6
Symlinks Invalid | 0
Symlink | ResolvedTarget
/bin | /usr/bin
/data2 | /data/data2
/data3 | /data/data3
/lib | /usr/lib
/lib64 | /usr/lib64
/sbin | /usr/sbin

==============================================================================
NFS CHECK
==============================================================================
NFS Package Installed | Yes
nfs-server.service Active | No
nfs-client.target Active | Yes
/etc/exports Present | Yes
EXPORTS_LINE | (empty)
NFS Mounted Shares | None

==============================================================================
CUPS CHECK
==============================================================================
CUPS Installed | Yes
CUPS Running | Yes
CUPS Version | 1.7.5
CUPS IP URL (http://172.30.162.19:631) | 200
Cups server Http Status | 200
Cups printers Http Status | 200
Printers Configured | 13

==============================================================================
FTP CHECK
==============================================================================
FTP Installed | No
FTP Running (Port 21 localhost) | No
FTP Port 21 Reachable on 172.30.162.19 | No
FTP Processes | None

==============================================================================
JAVA CHECK
==============================================================================
Total Java Processes | 18
Batch/Daemon Java Processes | 14
Non-Standalone Java Processes | scooters_apick, scooters_dwa, scooters_event, scooters_ftp, scooters_lbl, scooters_repl, scooters_rccl, scooters_rplpu, scooters_rpt, scooters_jqgrid, scooters_sch, scooters_inbq, scooters_wld, scooters_ccd

==============================================================================
BATCH/DAEMON JAVA DETAILS
==============================================================================
Batch/Daemon Java Processes | 14
Java-Name | Java-Path
scooters_apick | /data/batchapp/softeon/scootersuat/autopicktooldaemon
scooters_dwa | /data/batchapp/softeon/scootersuat/downloaddaemon
scooters_event | /data/batchapp/softeon/scootersuat/eventdaemon
scooters_ftp | /data/batchapp/softeon/scootersuat/ftpdaemon
scooters_lbl | /data/batchapp/softeon/scootersuat/labeldaemon
scooters_repl | /data/batchapp/softeon/scootersuat/replenishmentdaemon
scooters_rccl | /data/batchapp/softeon/scootersuat/replenishmentpickloccanceldaemon
scooters_rplpu | /data/batchapp/softeon/scootersuat/replenishmentpriorityupdatedaemon
scooters_rpt | /data/batchapp/softeon/scootersuat/reportdaemon
scooters_jqgrid | /data/batchapp/softeon/scootersuat/reportjqgridexportdaemon
scooters_sch | /data/batchapp/softeon/scootersuat/schedulerdaemon
scooters_inbq | /data/batchapp/softeon/scootersuat/uploaddaemon
scooters_wld | /data/batchapp/softeon/scootersuat/wavelaunchdaemon
scooters_ccd | /data/batchapp/softeon/scootersuat/clustercreationdaemon

==============================================================================
JBOSS/WILDFLY APPS (simple table)
==============================================================================
JBoss App Processes | 2
PID | AppName | JbossVersion | Java-Name | Port | URL | Status | Code | SSL-Status | App-Path
2064365 | scootersuat | jboss740eap | scooterc_jb740 | 8080 | 172.30.162.19:8080 | UP | 200 | Disabled | /data/app/jboss740eap/softeon/scootersuat/standalone
2064565 | scootersuatrf | jboss740eap | scooterrf_jb74 | 8081 | 172.30.162.19:8081 | UP | 200 | Disabled | /data/app/jboss740eap/softeon/scootersuatrf/standalone

==============================================================================
Server Availability Check Completed | 2026-04-08 04:11:15.028522
==============================================================================

2026-04-08 00:11:44,158 - 288585 - ERROR - app_validation.py errors for i-0495a320189fd64e9:

2026-04-08 00:11:44,160 - 288585 - INFO - Before patching validation saved to: /data/patching_report/validation-2026-04-08/ScootersCoffee-UAT/172.30.162.19/172.30.162.19-BeforePatching-2026-04-08-00-11-44-159.log
2026-04-08 00:11:44,160 - 288585 - INFO - Deregistering i-0495a320189fd64e9 from TG arn:aws:elasticloadbalancing:us-east-2:835314132208:targetgroup/ScootersCoffee-UAT-Desktop/3b90fc93e0d2e359
2026-04-08 00:11:44,282 - 288585 - INFO - Deregistering i-0495a320189fd64e9 from TG arn:aws:elasticloadbalancing:us-east-2:835314132208:targetgroup/ScootersCoffee-UAT-RF/53857146845cb6be
2026-04-08 00:11:44,340 - 288585 - INFO - Deregistering i-0495a320189fd64e9 from TG arn:aws:elasticloadbalancing:us-east-2:835314132208:targetgroup/ScootersCoffee-UAT-WS/4446a27bf317d8b9
2026-04-08 00:11:44,394 - 288585 - INFO - Stopping EC2 instance: i-0495a320189fd64e9 at 2026-04-08 00:11:44
2026-04-08 00:13:46,052 - 288585 - INFO - Instance i-0495a320189fd64e9 stopped successfully.
2026-04-08 00:13:46,197 - 288585 - INFO - Stopped i-0495a320189fd64e9 in 0:02:01.802758
2026-04-08 00:13:46,197 - 288585 - INFO - Starting EC2 instance: i-0495a320189fd64e9
2026-04-08 00:14:02,122 - 288585 - INFO - Instance i-0495a320189fd64e9 started successfully.
2026-04-08 00:14:02,122 - 288585 - INFO - Waiting 50 seconds for SSM agent to be ready on i-0495a320189fd64e9...
2026-04-08 00:14:52,129 - 288585 - INFO - Registering i-0495a320189fd64e9 to TG arn:aws:elasticloadbalancing:us-east-2:835314132208:targetgroup/ScootersCoffee-UAT-Desktop/3b90fc93e0d2e359
2026-04-08 00:14:52,327 - 288585 - INFO - Registering i-0495a320189fd64e9 to TG arn:aws:elasticloadbalancing:us-east-2:835314132208:targetgroup/ScootersCoffee-UAT-RF/53857146845cb6be
2026-04-08 00:14:52,478 - 288585 - INFO - Registering i-0495a320189fd64e9 to TG arn:aws:elasticloadbalancing:us-east-2:835314132208:targetgroup/ScootersCoffee-UAT-WS/4446a27bf317d8b9
2026-04-08 00:18:23,562 - 288585 - INFO - Sent app_validation.py to i-0495a320189fd64e9 (command_id: 16360f33-208a-4a3f-89b5-b2c0bf70d18e)
2026-04-08 00:18:53,683 - 288585 - INFO - app_validation.py output for i-0495a320189fd64e9:

==============================================================================
Server Availability Check Started | 2026-04-08 04:18:23.819275
==============================================================================

==============================================================================
SYSTEM INFORMATION
==============================================================================
Server IP | 172.30.162.19
Hostname | ip-172-30-162-19.us-east-2.compute.internal
Current User | root
Working Directory | /usr/bin
Time Zone | UTC

==============================================================================
STORAGE CHECK | /data mounts
==============================================================================
Filesystem | Size | Used | Avail | Use% | Mounted on
/dev/mapper/vg01-lv02 | 239.9G | 47.6G | 192.3G | 19% | /data

==============================================================================
SYMLINK CHECK | root (/)
==============================================================================
Symlinks Total | 6
Symlinks Valid | 6
Symlinks Invalid | 0
Symlink | ResolvedTarget
/bin | /usr/bin
/data2 | /data/data2
/data3 | /data/data3
/lib | /usr/lib
/lib64 | /usr/lib64
/sbin | /usr/sbin

==============================================================================
NFS CHECK
==============================================================================
NFS Package Installed | Yes
nfs-server.service Active | No
nfs-client.target Active | Yes
/etc/exports Present | Yes
EXPORTS_LINE | (empty)
NFS Mounted Shares | None

==============================================================================
CUPS CHECK
==============================================================================
CUPS Installed | Yes
CUPS Running | Yes
CUPS Version | 1.7.5
CUPS IP URL (http://172.30.162.19:631) | 200
Cups server Http Status | 200
Cups printers Http Status | 200
Printers Configured | 13

==============================================================================
FTP CHECK
==============================================================================
FTP Installed | No
FTP Running (Port 21 localhost) | No
FTP Port 21 Reachable on 172.30.162.19 | No
FTP Processes | None

==============================================================================
JAVA CHECK
==============================================================================
Total Java Processes | 18
Batch/Daemon Java Processes | 14
Non-Standalone Java Processes | scooters_apick, scooters_dwa, scooters_event, scooters_ftp, scooters_lbl, scooters_repl, scooters_rccl, scooters_rplpu, scooters_rpt, scooters_jqgrid, scooters_sch, scooters_inbq, scooters_wld, scooters_ccd

==============================================================================
BATCH/DAEMON JAVA DETAILS
==============================================================================
Batch/Daemon Java Processes | 14
Java-Name | Java-Path
scooters_apick | /data/batchapp/softeon/scootersuat/autopicktooldaemon
scooters_dwa | /data/batchapp/softeon/scootersuat/downloaddaemon
scooters_event | /data/batchapp/softeon/scootersuat/eventdaemon
scooters_ftp | /data/batchapp/softeon/scootersuat/ftpdaemon
scooters_lbl | /data/batchapp/softeon/scootersuat/labeldaemon
scooters_repl | /data/batchapp/softeon/scootersuat/replenishmentdaemon
scooters_rccl | /data/batchapp/softeon/scootersuat/replenishmentpickloccanceldaemon
scooters_rplpu | /data/batchapp/softeon/scootersuat/replenishmentpriorityupdatedaemon
scooters_rpt | /data/batchapp/softeon/scootersuat/reportdaemon
scooters_jqgrid | /data/batchapp/softeon/scootersuat/reportjqgridexportdaemon
scooters_sch | /data/batchapp/softeon/scootersuat/schedulerdaemon
scooters_inbq | /data/batchapp/softeon/scootersuat/uploaddaemon
scooters_wld | /data/batchapp/softeon/scootersuat/wavelaunchdaemon
scooters_ccd | /data/batchapp/softeon/scootersuat/clustercreationdaemon

==============================================================================
JBOSS/WILDFLY APPS (simple table)
==============================================================================
JBoss App Processes | 2
PID | AppName | JbossVersion | Java-Name | Port | URL | Status | Code | SSL-Status | App-Path
4174 | scootersuat | jboss740eap | scooterc_jb740 | 8080 | 172.30.162.19:8080 | UP | 200 | Disabled | /data/app/jboss740eap/softeon/scootersuat/standalone
3937 | scootersuatrf | jboss740eap | scooterrf_jb74 | 8081 | 172.30.162.19:8081 | UP | 200 | Disabled | /data/app/jboss740eap/softeon/scootersuatrf/standalone

==============================================================================
Server Availability Check Completed | 2026-04-08 04:18:25.396555
==============================================================================

2026-04-08 00:18:53,683 - 288585 - ERROR - app_validation.py errors for i-0495a320189fd64e9:

2026-04-08 00:18:53,685 - 288585 - INFO - After patching validation saved to: /data/patching_report/validation-2026-04-08/ScootersCoffee-UAT/172.30.162.19/172.30.162.19-AfterPatching-2026-04-08-00-18-53-684.log
2026-04-08 00:18:53,746 - 288585 - INFO - Validation comparison report generated: /data/patching_report/validation-2026-04-08/ScootersCoffee-UAT/172.30.162.19/172.30.162.19-Validation-details-2026-04-08-00-18-53-684.html
2026-04-08 00:18:53,822 - 288585 - INFO - Email sent successfully to ['CloudOps@softeon.com', 'kishlayk@softeon.com']
2026-04-08 00:18:53,822 - 288585 - INFO - HTML validation report email sent for i-0495a320189fd64e9
2026-04-08 00:18:53,957 - 288585 - INFO - Started i-0495a320189fd64e9 in 0:05:07.759467
2026-04-08 00:18:53,957 - 288585 - INFO - All instances processed.
2026-04-08 00:18:53,961 - 288585 - INFO - Restart Total time: 0:07:48.585496
2026-04-08 00:18:53,961 - 288585 - INFO - Auto-confirmed services are restarted
2026-04-08 00:18:53,961 - 288585 - INFO - Confirmed - services are started
2026-04-08 00:18:54,075 - 288585 - INFO - The following instances have failed the patch: []
2026-04-08 00:18:54,076 - 288585 - INFO - No instances have failed the patch.
2026-04-08 00:18:54,076 - 288585 - INFO - Total Patch Process time: 0:13:51.449744
2026-04-08 00:19:54,546 - 288585 - INFO - Log file ./logs/patching_2026-04-08_ScootersCoffee-UAT.log uploaded to s3://q2-2026-aws-security-patching/ScootersCoffee-UAT_Patch/2026-04-08/patching_2026-04-08_ScootersCoffee-UAT.log
