2026-05-10 00:05:02,848 - 587275 - INFO - Logger setup has been removed, using shared logger from common.logs.logger.
2026-05-10 00:05:02,849 - 587275 - INFO - Script Start Time: 2026-05-10 00:05:02
2026-05-10 00:05:03,113 - 587275 - INFO - Instance(s) selected for Patching: {'i-070ba43ca7fa4ce81': '172.29.61.24', 'i-06609110769968c82': '172.29.61.146'}
2026-05-10 00:05:03,185 - 587275 - INFO - Email sent successfully to ['CloudOps@softeon.com']
2026-05-10 00:05:03,185 - 587275 - INFO - Now patching instances at: 2026-05-10 00:05:03
2026-05-10 00:05:03,274 - 587275 - INFO - Sending patch command to instance i-06609110769968c82
2026-05-10 00:05:03,434 - 587275 - INFO - Command sent successfully to instance i-06609110769968c82. Command ID: 04ab9689-d84d-48d0-a042-f3a0f7908d3f
2026-05-10 00:05:03,585 - 587275 - INFO - Sending patch command to instance i-070ba43ca7fa4ce81
2026-05-10 00:05:03,714 - 587275 - INFO - Command sent successfully to instance i-070ba43ca7fa4ce81. Command ID: 97fd86bf-5394-421b-8df0-8eea102d30ac
2026-05-10 00:10:05,612 - 587275 - INFO - All patches applied successfully.
2026-05-10 00:10:05,612 - 587275 - INFO - Patching end time: 2026-05-10 00:10:05
2026-05-10 00:10:05,613 - 587275 - INFO - Patch Elapsed time: 0:05:02.427193
2026-05-10 00:10:05,679 - 587275 - INFO - Email sent successfully to ['CloudOps@softeon.com']
2026-05-10 00:10:05,679 - 587275 - INFO - Confirmed - services are stopped
2026-05-10 00:10:26,083 - 587275 - INFO - Discovered TG map: {'i-06609110769968c82': ['arn:aws:elasticloadbalancing:us-east-1:835314132208:targetgroup/UPS-Philips-Prod-ALB-RF/3eb4f474203c59aa', 'arn:aws:elasticloadbalancing:us-east-1:835314132208:targetgroup/UPS-Philips-Prod-ALB-Desktop/bb8e70bfb2aba919'], 'i-070ba43ca7fa4ce81': ['arn:aws:elasticloadbalancing:us-east-1:835314132208:targetgroup/UPS-Philips-Prod-ALB-RF/3eb4f474203c59aa', 'arn:aws:elasticloadbalancing:us-east-1:835314132208:targetgroup/UPS-Philips-Prod-ALB-Desktop/bb8e70bfb2aba919']}
2026-05-10 00:10:26,482 - 587275 - INFO - Sent app_validation.py to i-06609110769968c82 (command_id: d6a90376-92a6-47eb-8bb4-47fa2d6709d1)
2026-05-10 00:10:56,629 - 587275 - INFO - app_validation.py output for i-06609110769968c82:

==============================================================================
Server Availability Check Started | 2026-05-10 04:10:26.779969
==============================================================================

==============================================================================
SYSTEM INFORMATION
==============================================================================
Server IP | 172.29.61.146
Hostname | ip-172-29-61-146
Current User | root
Working Directory | /usr/bin
Time Zone | UTC

==============================================================================
STORAGE CHECK | /data mounts
==============================================================================
Filesystem | Size | Used | Avail | Use% | Mounted on
/dev/nvme1n1p2 | 177.0G | 50.1G | 117.9G | 28% | /data
fs-6db0bc26.efs.us-east-1.amazonaws.com:/ | 0B | 180.9G | 0B | 0% | /data2

==============================================================================
SYMLINK CHECK | root (/)
==============================================================================
Symlinks Total | 4
Symlinks Valid | 4
Symlinks Invalid | 0
Symlink | ResolvedTarget
/bin | /usr/bin
/lib | /usr/lib
/lib64 | /usr/lib64
/sbin | /usr/sbin

==============================================================================
NFS CHECK
==============================================================================
NFS Package Installed | Yes
nfs-server.service Active | No
nfs-client.target Active | Yes
/etc/exports Present | Yes
EXPORTS_LINE | (empty)
NFS_MOUNT | Device | MountPoint | FSType
NFS_MOUNT | fs-6db0bc26.efs.us-east-1.amazonaws.com:/ | /data2 | nfs4

==============================================================================
CUPS CHECK
==============================================================================
CUPS Installed | Yes
CUPS Running | Yes
CUPS Version | 1.7.5
CUPS IP URL (http://172.29.61.146:631) | 200
Cups server Http Status | 200
Cups printers Http Status | 500
Printers Configured | 0

==============================================================================
FTP CHECK
==============================================================================
FTP Installed | No
FTP Running (Port 21 localhost) | No
FTP Port 21 Reachable on 172.29.61.146 | No
FTP Processes | None

==============================================================================
JAVA CHECK
==============================================================================
Total Java Processes | 2
Batch/Daemon Java Processes | 0
Non-Standalone Java Processes | Not Found

==============================================================================
BATCH/DAEMON JAVA DETAILS
==============================================================================
Batch/Daemon Java Processes | 0
Batch/Daemon Java Details | None

==============================================================================
JBOSS/WILDFLY APPS (simple table)
==============================================================================
JBoss App Processes | 2
PID | AppName | JbossVersion | Java-Name | Port | URL | Status | Code | SSL-Status | App-Path
2165759 | upsphilipsv8prod | jboss730eap | philv8prod_jb73 | 8080 | 172.29.61.146:8080 | UP | 200 | Disabled | /data/app/jboss730eap/softeon/upsphilipsv8prod/standalone
2165927 | upsphilipsv8rfprod | jboss730eap | philv8rfpd_jb73 | 8081 | 172.29.61.146:8081 | UP | 200 | Disabled | /data/app/jboss730eap/softeon/upsphilipsv8rfprod/standalone

==============================================================================
Server Availability Check Completed | 2026-05-10 04:10:27.102050
==============================================================================

2026-05-10 00:10:56,629 - 587275 - ERROR - app_validation.py errors for i-06609110769968c82:

2026-05-10 00:10:56,631 - 587275 - INFO - Before patching validation saved to: /data/patching_report/validation-2026-05-10/UPS-Philips-App/172.29.61.146/172.29.61.146-BeforePatching-2026-05-10-00-10-56-630.log
2026-05-10 00:10:56,631 - 587275 - INFO - Deregistering i-06609110769968c82 from TG arn:aws:elasticloadbalancing:us-east-1:835314132208:targetgroup/UPS-Philips-Prod-ALB-RF/3eb4f474203c59aa
2026-05-10 00:10:56,700 - 587275 - INFO - Deregistering i-06609110769968c82 from TG arn:aws:elasticloadbalancing:us-east-1:835314132208:targetgroup/UPS-Philips-Prod-ALB-Desktop/bb8e70bfb2aba919
2026-05-10 00:10:56,754 - 587275 - INFO - Stopping EC2 instance: i-06609110769968c82 at 2026-05-10 00:10:56
2026-05-10 00:12:12,982 - 587275 - INFO - Instance i-06609110769968c82 stopped successfully.
2026-05-10 00:12:13,241 - 587275 - INFO - Stopped i-06609110769968c82 in 0:01:16.487307
2026-05-10 00:12:13,242 - 587275 - INFO - Starting EC2 instance: i-06609110769968c82
2026-05-10 00:12:29,294 - 587275 - INFO - Instance i-06609110769968c82 started successfully.
2026-05-10 00:12:29,295 - 587275 - INFO - Waiting 100 seconds for SSM agent to be ready on i-06609110769968c82...
2026-05-10 00:14:09,324 - 587275 - INFO - Registering i-06609110769968c82 to TG arn:aws:elasticloadbalancing:us-east-1:835314132208:targetgroup/UPS-Philips-Prod-ALB-RF/3eb4f474203c59aa
2026-05-10 00:14:09,527 - 587275 - INFO - Registering i-06609110769968c82 to TG arn:aws:elasticloadbalancing:us-east-1:835314132208:targetgroup/UPS-Philips-Prod-ALB-Desktop/bb8e70bfb2aba919
2026-05-10 00:14:40,045 - 587275 - INFO - Sent app_validation.py to i-06609110769968c82 (command_id: faa673cf-5e0e-48e3-b6be-c09232c6860f)
2026-05-10 00:15:10,155 - 587275 - INFO - app_validation.py output for i-06609110769968c82:

==============================================================================
Server Availability Check Started | 2026-05-10 04:14:40.412301
==============================================================================

==============================================================================
SYSTEM INFORMATION
==============================================================================
Server IP | 172.29.61.146
Hostname | ip-172-29-61-146
Current User | root
Working Directory | /usr/bin
Time Zone | UTC

==============================================================================
STORAGE CHECK | /data mounts
==============================================================================
Filesystem | Size | Used | Avail | Use% | Mounted on
/dev/nvme1n1p2 | 177.0G | 50.0G | 118.0G | 28% | /data
fs-6db0bc26.efs.us-east-1.amazonaws.com:/ | 0B | 180.9G | 0B | 0% | /data2

==============================================================================
SYMLINK CHECK | root (/)
==============================================================================
Symlinks Total | 4
Symlinks Valid | 4
Symlinks Invalid | 0
Symlink | ResolvedTarget
/bin | /usr/bin
/lib | /usr/lib
/lib64 | /usr/lib64
/sbin | /usr/sbin

==============================================================================
NFS CHECK
==============================================================================
NFS Package Installed | Yes
nfs-server.service Active | No
nfs-client.target Active | Yes
/etc/exports Present | Yes
EXPORTS_LINE | (empty)
NFS_MOUNT | Device | MountPoint | FSType
NFS_MOUNT | fs-6db0bc26.efs.us-east-1.amazonaws.com:/ | /data2 | nfs4

==============================================================================
CUPS CHECK
==============================================================================
CUPS Installed | Yes
CUPS Running | No
CUPS Version | 1.7.5
CUPS IP Port 631 Reachable | No
Cups server Http Status | Not Found
Cups printers Http Status | Not Found
Printers Configured | 0

==============================================================================
FTP CHECK
==============================================================================
FTP Installed | No
FTP Running (Port 21 localhost) | No
FTP Port 21 Reachable on 172.29.61.146 | No
FTP Processes | None

==============================================================================
JAVA CHECK
==============================================================================
Total Java Processes | 2
Batch/Daemon Java Processes | 0
Non-Standalone Java Processes | Not Found

==============================================================================
BATCH/DAEMON JAVA DETAILS
==============================================================================
Batch/Daemon Java Processes | 0
Batch/Daemon Java Details | None

==============================================================================
JBOSS/WILDFLY APPS (simple table)
==============================================================================
JBoss App Processes | 2
PID | AppName | JbossVersion | Java-Name | Port | URL | Status | Code | SSL-Status | App-Path
3493 | upsphilipsv8prod | jboss730eap | philv8prod_jb73 | 8080 | 172.29.61.146:8080 | UP | 200 | Disabled | /data/app/jboss730eap/softeon/upsphilipsv8prod/standalone
3492 | upsphilipsv8rfprod | jboss730eap | philv8rfpd_jb73 | 8081 | 172.29.61.146:8081 | UP | 200 | Disabled | /data/app/jboss730eap/softeon/upsphilipsv8rfprod/standalone

==============================================================================
Server Availability Check Completed | 2026-05-10 04:14:41.396936
==============================================================================

2026-05-10 00:15:10,155 - 587275 - ERROR - app_validation.py errors for i-06609110769968c82:

2026-05-10 00:15:10,157 - 587275 - INFO - After patching validation saved to: /data/patching_report/validation-2026-05-10/UPS-Philips-App/172.29.61.146/172.29.61.146-AfterPatching-2026-05-10-00-15-10-157.log
2026-05-10 00:15:10,209 - 587275 - INFO - Validation comparison report generated: /data/patching_report/validation-2026-05-10/UPS-Philips-App/172.29.61.146/172.29.61.146-Validation-details-2026-05-10-00-15-10-157.html
2026-05-10 00:15:10,437 - 587275 - INFO - Email sent successfully to ['CloudOps@softeon.com', 'kishlayk@softeon.com']
2026-05-10 00:15:10,437 - 587275 - INFO - HTML validation report email sent for i-06609110769968c82
2026-05-10 00:15:10,694 - 587275 - INFO - Started i-06609110769968c82 in 0:02:57.452046
2026-05-10 00:15:10,695 - 587275 - INFO - Waiting 120 seconds before proceeding to the next instance...
2026-05-10 00:17:10,945 - 587275 - INFO - Sent app_validation.py to i-070ba43ca7fa4ce81 (command_id: 9773212a-5189-42f7-bbcd-e9afb1d84a0c)
2026-05-10 00:17:41,034 - 587275 - INFO - app_validation.py output for i-070ba43ca7fa4ce81:

==============================================================================
Server Availability Check Started | 2026-05-10 04:17:11.230312
==============================================================================

==============================================================================
SYSTEM INFORMATION
==============================================================================
Server IP | 172.29.61.24
Hostname | ip-172-29-61-24
Current User | root
Working Directory | /usr/bin
Time Zone | UTC

==============================================================================
STORAGE CHECK | /data mounts
==============================================================================
Filesystem | Size | Used | Avail | Use% | Mounted on
/dev/nvme1n1p2 | 177.0G | 56.1G | 111.9G | 31% | /data
fs-6db0bc26.efs.us-east-1.amazonaws.com:/ | 0B | 180.9G | 0B | 0% | /data2

==============================================================================
SYMLINK CHECK | root (/)
==============================================================================
Symlinks Total | 4
Symlinks Valid | 4
Symlinks Invalid | 0
Symlink | ResolvedTarget
/bin | /usr/bin
/lib | /usr/lib
/lib64 | /usr/lib64
/sbin | /usr/sbin

==============================================================================
NFS CHECK
==============================================================================
NFS Package Installed | Yes
nfs-server.service Active | No
nfs-client.target Active | Yes
/etc/exports Present | Yes
EXPORTS_LINE | (empty)
NFS_MOUNT | Device | MountPoint | FSType
NFS_MOUNT | fs-6db0bc26.efs.us-east-1.amazonaws.com:/ | /data2 | nfs4

==============================================================================
CUPS CHECK
==============================================================================
CUPS Installed | Yes
CUPS Running | Yes
CUPS Version | 1.7.5
CUPS IP URL (http://172.29.61.24:631) | 200
Cups server Http Status | 200
Cups printers Http Status | 500
Printers Configured | 0

==============================================================================
FTP CHECK
==============================================================================
FTP Installed | No
FTP Running (Port 21 localhost) | No
FTP Port 21 Reachable on 172.29.61.24 | No
FTP Processes | None

==============================================================================
JAVA CHECK
==============================================================================
Total Java Processes | 2
Batch/Daemon Java Processes | 0
Non-Standalone Java Processes | Not Found

==============================================================================
BATCH/DAEMON JAVA DETAILS
==============================================================================
Batch/Daemon Java Processes | 0
Batch/Daemon Java Details | None

==============================================================================
JBOSS/WILDFLY APPS (simple table)
==============================================================================
JBoss App Processes | 2
PID | AppName | JbossVersion | Java-Name | Port | URL | Status | Code | SSL-Status | App-Path
2288019 | upsphilipsv8prod | jboss730eap | philv8prod_jb73 | 8080 | 172.29.61.24:8080 | UP | 200 | Disabled | /data/app/jboss730eap/softeon/upsphilipsv8prod/standalone
2288212 | upsphilipsv8rfprod | jboss730eap | philv8rfpd_jb73 | 8081 | 172.29.61.24:8081 | UP | 200 | Disabled | /data/app/jboss730eap/softeon/upsphilipsv8rfprod/standalone

==============================================================================
Server Availability Check Completed | 2026-05-10 04:17:11.568087
==============================================================================

2026-05-10 00:17:41,034 - 587275 - ERROR - app_validation.py errors for i-070ba43ca7fa4ce81:

2026-05-10 00:17:41,036 - 587275 - INFO - Before patching validation saved to: /data/patching_report/validation-2026-05-10/UPS-Philips-App/172.29.61.24/172.29.61.24-BeforePatching-2026-05-10-00-17-41-035.log
2026-05-10 00:17:41,036 - 587275 - INFO - Deregistering i-070ba43ca7fa4ce81 from TG arn:aws:elasticloadbalancing:us-east-1:835314132208:targetgroup/UPS-Philips-Prod-ALB-RF/3eb4f474203c59aa
2026-05-10 00:17:41,116 - 587275 - INFO - Deregistering i-070ba43ca7fa4ce81 from TG arn:aws:elasticloadbalancing:us-east-1:835314132208:targetgroup/UPS-Philips-Prod-ALB-Desktop/bb8e70bfb2aba919
2026-05-10 00:17:41,179 - 587275 - INFO - Stopping EC2 instance: i-070ba43ca7fa4ce81 at 2026-05-10 00:17:41
2026-05-10 00:18:57,344 - 587275 - INFO - Instance i-070ba43ca7fa4ce81 stopped successfully.
2026-05-10 00:18:57,612 - 587275 - INFO - Stopped i-070ba43ca7fa4ce81 in 0:01:16.432879
2026-05-10 00:18:57,612 - 587275 - INFO - Starting EC2 instance: i-070ba43ca7fa4ce81
2026-05-10 00:19:13,691 - 587275 - INFO - Instance i-070ba43ca7fa4ce81 started successfully.
2026-05-10 00:19:13,691 - 587275 - INFO - Waiting 100 seconds for SSM agent to be ready on i-070ba43ca7fa4ce81...
2026-05-10 00:20:53,763 - 587275 - INFO - Registering i-070ba43ca7fa4ce81 to TG arn:aws:elasticloadbalancing:us-east-1:835314132208:targetgroup/UPS-Philips-Prod-ALB-RF/3eb4f474203c59aa
2026-05-10 00:20:53,919 - 587275 - INFO - Registering i-070ba43ca7fa4ce81 to TG arn:aws:elasticloadbalancing:us-east-1:835314132208:targetgroup/UPS-Philips-Prod-ALB-Desktop/bb8e70bfb2aba919
2026-05-10 00:21:54,469 - 587275 - INFO - Sent app_validation.py to i-070ba43ca7fa4ce81 (command_id: 6147c901-d563-496c-995a-ef016284335e)
2026-05-10 00:22:24,620 - 587275 - INFO - app_validation.py output for i-070ba43ca7fa4ce81:

==============================================================================
Server Availability Check Started | 2026-05-10 04:21:54.908942
==============================================================================

==============================================================================
SYSTEM INFORMATION
==============================================================================
Server IP | 172.29.61.24
Hostname | ip-172-29-61-24
Current User | root
Working Directory | /usr/bin
Time Zone | UTC

==============================================================================
STORAGE CHECK | /data mounts
==============================================================================
Filesystem | Size | Used | Avail | Use% | Mounted on
/dev/nvme1n1p2 | 177.0G | 55.9G | 112.0G | 31% | /data
fs-6db0bc26.efs.us-east-1.amazonaws.com:/ | 0B | 180.9G | 0B | 0% | /data2

==============================================================================
SYMLINK CHECK | root (/)
==============================================================================
Symlinks Total | 4
Symlinks Valid | 4
Symlinks Invalid | 0
Symlink | ResolvedTarget
/bin | /usr/bin
/lib | /usr/lib
/lib64 | /usr/lib64
/sbin | /usr/sbin

==============================================================================
NFS CHECK
==============================================================================
NFS Package Installed | Yes
nfs-server.service Active | No
nfs-client.target Active | Yes
/etc/exports Present | Yes
EXPORTS_LINE | (empty)
NFS_MOUNT | Device | MountPoint | FSType
NFS_MOUNT | fs-6db0bc26.efs.us-east-1.amazonaws.com:/ | /data2 | nfs4

==============================================================================
CUPS CHECK
==============================================================================
CUPS Installed | Yes
CUPS Running | No
CUPS Version | 1.7.5
CUPS IP Port 631 Reachable | No
Cups server Http Status | Not Found
Cups printers Http Status | Not Found
Printers Configured | 0

==============================================================================
FTP CHECK
==============================================================================
FTP Installed | No
FTP Running (Port 21 localhost) | No
FTP Port 21 Reachable on 172.29.61.24 | No
FTP Processes | None

==============================================================================
JAVA CHECK
==============================================================================
Total Java Processes | 2
Batch/Daemon Java Processes | 0
Non-Standalone Java Processes | Not Found

==============================================================================
BATCH/DAEMON JAVA DETAILS
==============================================================================
Batch/Daemon Java Processes | 0
Batch/Daemon Java Details | None

==============================================================================
JBOSS/WILDFLY APPS (simple table)
==============================================================================
JBoss App Processes | 2
PID | AppName | JbossVersion | Java-Name | Port | URL | Status | Code | SSL-Status | App-Path
3514 | upsphilipsv8prod | jboss730eap | philv8prod_jb73 | 8080 | 172.29.61.24:8080 | UP | 200 | Disabled | /data/app/jboss730eap/softeon/upsphilipsv8prod/standalone
3494 | upsphilipsv8rfprod | jboss730eap | philv8rfpd_jb73 | 8081 | 172.29.61.24:8081 | UP | 200 | Disabled | /data/app/jboss730eap/softeon/upsphilipsv8rfprod/standalone

==============================================================================
Server Availability Check Completed | 2026-05-10 04:21:55.529651
==============================================================================

2026-05-10 00:22:24,620 - 587275 - ERROR - app_validation.py errors for i-070ba43ca7fa4ce81:

2026-05-10 00:22:24,622 - 587275 - INFO - After patching validation saved to: /data/patching_report/validation-2026-05-10/UPS-Philips-App/172.29.61.24/172.29.61.24-AfterPatching-2026-05-10-00-22-24-622.log
2026-05-10 00:22:24,676 - 587275 - INFO - Validation comparison report generated: /data/patching_report/validation-2026-05-10/UPS-Philips-App/172.29.61.24/172.29.61.24-Validation-details-2026-05-10-00-22-24-622.html
2026-05-10 00:22:24,926 - 587275 - INFO - Email sent successfully to ['CloudOps@softeon.com', 'kishlayk@softeon.com']
2026-05-10 00:22:24,926 - 587275 - INFO - HTML validation report email sent for i-070ba43ca7fa4ce81
2026-05-10 00:22:25,170 - 587275 - INFO - Started i-070ba43ca7fa4ce81 in 0:03:27.558241
2026-05-10 00:22:25,171 - 587275 - INFO - All instances processed.
2026-05-10 00:22:25,176 - 587275 - INFO - Restart Total time: 0:12:19.260318
2026-05-10 00:22:25,176 - 587275 - INFO - Auto-confirmed services are restarted
2026-05-10 00:22:25,176 - 587275 - INFO - Confirmed - services are started
2026-05-10 00:22:25,292 - 587275 - INFO - The following instances have failed the patch: []
2026-05-10 00:22:25,293 - 587275 - INFO - No instances have failed the patch.
2026-05-10 00:22:25,293 - 587275 - INFO - Total Patch Process time: 0:17:22.443293
2026-05-10 00:23:25,887 - 587275 - INFO - Log file ./logs/patching_2026-05-10_UPS-Philips-App.log uploaded to s3://q2-2026-aws-security-patching/UPS-Philips-App_Patch/2026-05-10/patching_2026-05-10_UPS-Philips-App.log
