2026-08-16 03:10:03,637 - 981565 - INFO - Email sent successfully to ['CloudOps@softeon.com']
2026-08-16 03:36:30,687 - 981565 - INFO - Email sent successfully to ['CloudOps@softeon.com']
2026-08-16 03:36:30,869 - 981565 - INFO - Log file ./logs/backup_2026-08-16.log uploaded to s3://q3-2025-aws-security-patching/Hayes-Production-Batch_Patch_Backup/2026-08-16/backup_2026-08-16.log
2026-08-16 07:10:03,312 - 1056732 - INFO - Logger setup has been removed, using shared logger from common.logs.logger.
2026-08-16 07:10:03,312 - 1056732 - INFO - Script Start Time: 2026-08-16 07:10:03
2026-08-16 07:10:03,598 - 1056732 - INFO - Tag: Hayes-Production-Batch, IPs: ['172.30.166.61'], Environment: prod
2026-08-16 07:10:03,598 - 1056732 - INFO - Starting log monitor
2026-08-16 07:10:10,612 - 1056732 - INFO - Log monitor started for: /data/patching_v4/logs/patching_2026-08-16_Hayes-Production-Batch.log
2026-08-16 07:10:10,613 - 1056732 - INFO - Instance(s) selected for Patching: {'i-04dceda90d1b0abae': '172.30.166.61'}
2026-08-16 07:10:10,677 - 1056732 - INFO - Email sent successfully to ['CloudOps@softeon.com']
2026-08-16 07:10:10,677 - 1056732 - INFO - Now patching instances at: 2026-08-16 07:10:10
2026-08-16 07:10:10,921 - 1056732 - INFO - Sent app_validation.py to i-04dceda90d1b0abae (command_id: 096fefb6-41a7-4338-ac41-5c37413d4076)
2026-08-16 07:10:40,996 - 1056732 - INFO - SSM Command Status: Success
2026-08-16 07:10:40,996 - 1056732 - INFO - app_validation.py output for i-04dceda90d1b0abae:

==============================================================================
Server Availability Check Started | 2026-08-16 11:10:11.183063
==============================================================================

==============================================================================
SYSTEM INFORMATION
==============================================================================
Server IP | 172.30.166.61
Hostname | ip-172-30-166-61.us-east-2.compute.internal
Current User | root
Working Directory | /usr/bin
Time Zone | UTC

==============================================================================
STORAGE CHECK | /data mounts
==============================================================================
Filesystem | Size | Used | Avail | Use% | Mounted on
/dev/nvme1n1p2 | 239.9G | 114.5G | 125.4G | 47% | /data
fs-0583183a6c29fb240.efs.us-east-2.amazonaws.com:/ | 0B | 46.5G | 0B | 0% | /data2

==============================================================================
SYMLINK CHECK | root (/)
==============================================================================
Symlinks Total | 4
Symlinks Valid | 4
Symlinks Invalid | 0
Symlink | ResolvedTarget
/bin | /usr/bin
/lib | /usr/lib
/lib64 | /usr/lib64
/sbin | /usr/sbin

==============================================================================
NFS CHECK
==============================================================================
NFS Package Installed | Yes
nfs-server.service Active | No
nfs-client.target Active | Yes
/etc/exports Present | Yes
EXPORTS_LINE | (empty)
NFS_MOUNT | Device | MountPoint | FSType
NFS_MOUNT | fs-0583183a6c29fb240.efs.us-east-2.amazonaws.com:/ | /data2 | nfs4

==============================================================================
CUPS CHECK
==============================================================================
CUPS Installed | Yes
CUPS Running | Yes
CUPS Version | cups-2.4.19-1.amzn2023.0.1.x86_64
CUPS IP URL (http://172.30.166.61:631) | 200
Cups server Http Status | 200
Cups printers Http Status | 200
Printers Configured | 51

==============================================================================
FTP CHECK
==============================================================================
FTP Installed | No
FTP Running (Port 21 localhost) | No
FTP Port 21 Reachable on 172.30.166.61 | No
FTP Processes | None

==============================================================================
JAVA CHECK
==============================================================================
Total Java Processes | 25
Batch/Daemon Java Processes | 23
Non-Standalone Java Processes | hayesprd_dwa, hayesprd_event, hayesprd_ftp, hayesprd_harp, hayesprd_lbl, hayesprd_repl, hayesprd_rccl, hayesprd_rplpu, hayesprd_rpt, hayesprd_1rpt, hayesprd_jqgrid, hayesprd_sch, hayesprd_inbq, hayesprd_wld, hayesprd_tiad, hayesprd_apick, hayesprd_lpick, hayesprd_abchdi, haysprd19_harp, haysprd19_rccl, haysprd19_lpick, haysprd19_abchd, haysprd19_wld

==============================================================================
BATCH/DAEMON JAVA DETAILS
==============================================================================
Batch/Daemon Java Processes | 23
Java-Name | Java-Path
hayesprd_dwa | /data/batchapp/softeon/hayesprod/downloaddaemon
hayesprd_event | /data/batchapp/softeon/hayesprod/eventdaemon
hayesprd_ftp | /data/batchapp/softeon/hayesprod/ftpdaemon
hayesprd_harp | /data/batchapp/softeon/hayesprod/hardallocationdaemon
hayesprd_lbl | /data/batchapp/softeon/hayesprod/labeldaemon
hayesprd_repl | /data/batchapp/softeon/hayesprod/replenishmentdaemon
hayesprd_rccl | /data/batchapp/softeon/hayesprod/replenishmentpickloccanceldaemon
hayesprd_rplpu | /data/batchapp/softeon/hayesprod/replenishmentpriorityupdatedaemon
hayesprd_rpt | /data/batchapp/softeon/hayesprod/reportdaemon
hayesprd_1rpt | /data/batchapp/softeon/hayesprod/reportdaemon1
hayesprd_jqgrid | /data/batchapp/softeon/hayesprod/reportjqgridexportdaemon
hayesprd_sch | /data/batchapp/softeon/hayesprod/schedulerdaemon
hayesprd_inbq | /data/batchapp/softeon/hayesprod/uploaddaemon
hayesprd_wld | /data/batchapp/softeon/hayesprod/wavelaunchdaemon
hayesprd_tiad | /data/batchapp/softeon/hayesprod/tasklevelinventoryallocationdaemon
hayesprd_apick | /data/batchapp/softeon/hayesprod/autopicktooldaemon
hayesprd_lpick | /data/batchapp/softeon/hayesprod/ptcdaemon
hayesprd_abchdi | /data/batchapp/softeon/hayesprod/autobatchdistributiondaemon
haysprd19_harp | /data/batchapp/softeon/hayesprod_tx019/hardallocationdaemon
haysprd19_rccl | /data/batchapp/softeon/hayesprod_tx019/replenishmentpickloccanceldaemon
haysprd19_lpick | /data/batchapp/softeon/hayesprod_tx019/ptcdaemon
haysprd19_abchd | /data/batchapp/softeon/hayesprod_tx019/autobatchdistributiondaemon
haysprd19_wld | /data/batchapp/softeon/hayesprod_tx019/wavelaunchdaemon

==============================================================================
JBOSS/WILDFLY APPS (simple table)
==============================================================================
JBoss App Processes | 0
JBoss Apps | None

==============================================================================
HEALTH MONITOR CRONTAB STATUS
==============================================================================
Health Monitor Crontab | Disabled

==============================================================================
Server Availability Check Completed | 2026-08-16 11:10:12.416422
==============================================================================

2026-08-16 07:10:40,998 - 1056732 - INFO - Before patching log saved: /data/patching_report/validation-2026-08-16/Hayes-Production-Batch/172.30.166.61/172.30.166.61-BeforePatching-2026-08-16-07-10-40-997.log
2026-08-16 07:10:46,258 - 1056732 - INFO - i-04dceda90d1b0abae: Cron was active = True
2026-08-16 07:10:46,504 - 1056732 - INFO - Health monitor crontab disabled on all instances
2026-08-16 07:10:46,505 - 1056732 - INFO - Disabled cron for: ['i-04dceda90d1b0abae']
2026-08-16 07:10:46,592 - 1056732 - INFO - Sending patch command to instance i-04dceda90d1b0abae
2026-08-16 07:10:46,713 - 1056732 - INFO - Command sent successfully to instance i-04dceda90d1b0abae. Command ID: 7d48ce2b-2a37-4002-a254-e7de452a74d8
2026-08-16 07:14:47,933 - 1056732 - INFO - All patches applied successfully.
2026-08-16 07:14:47,934 - 1056732 - INFO - Patching end time: 2026-08-16 07:14:47
2026-08-16 07:14:47,934 - 1056732 - INFO - Patch Elapsed time: 0:04:37.256797
2026-08-16 07:14:48,009 - 1056732 - INFO - Email sent successfully to ['CloudOps@softeon.com']
2026-08-16 07:14:48,010 - 1056732 - INFO - Confirmed - services are stopped
2026-08-16 07:14:54,405 - 1056732 - INFO - Discovered TG map: {}
2026-08-16 07:14:54,646 - 1056732 - INFO - Stopping EC2 instance: i-04dceda90d1b0abae at 2026-08-16 07:14:54
2026-08-16 07:16:10,733 - 1056732 - INFO - Instance i-04dceda90d1b0abae stopped successfully.
2026-08-16 07:16:10,873 - 1056732 - INFO - Stopped i-04dceda90d1b0abae in 0:01:16.226227
2026-08-16 07:16:10,873 - 1056732 - INFO - Starting EC2 instance: i-04dceda90d1b0abae
2026-08-16 07:16:26,728 - 1056732 - INFO - Instance i-04dceda90d1b0abae started successfully.
2026-08-16 07:16:26,728 - 1056732 - INFO - Waiting 100 seconds for SSM agent to be ready on i-04dceda90d1b0abae...
2026-08-16 07:18:07,077 - 1056732 - INFO - Sent app_validation.py to i-04dceda90d1b0abae (command_id: 6130a896-60ef-4cdd-bba9-9d3d8e28e550)
2026-08-16 07:18:37,155 - 1056732 - INFO - SSM Command Status: Success
2026-08-16 07:18:37,155 - 1056732 - INFO - app_validation.py output for i-04dceda90d1b0abae:

==============================================================================
Server Availability Check Started | 2026-08-16 11:18:07.406225
==============================================================================

==============================================================================
SYSTEM INFORMATION
==============================================================================
Server IP | 172.30.166.61
Hostname | ip-172-30-166-61.us-east-2.compute.internal
Current User | root
Working Directory | /usr/bin
Time Zone | UTC

==============================================================================
STORAGE CHECK | /data mounts
==============================================================================
Filesystem | Size | Used | Avail | Use% | Mounted on
/dev/nvme1n1p2 | 239.9G | 114.3G | 125.5G | 47% | /data
fs-0583183a6c29fb240.efs.us-east-2.amazonaws.com:/ | 0B | 46.5G | 0B | 0% | /data2

==============================================================================
SYMLINK CHECK | root (/)
==============================================================================
Symlinks Total | 4
Symlinks Valid | 4
Symlinks Invalid | 0
Symlink | ResolvedTarget
/bin | /usr/bin
/lib | /usr/lib
/lib64 | /usr/lib64
/sbin | /usr/sbin

==============================================================================
NFS CHECK
==============================================================================
NFS Package Installed | Yes
nfs-server.service Active | No
nfs-client.target Active | Yes
/etc/exports Present | Yes
EXPORTS_LINE | (empty)
NFS_MOUNT | Device | MountPoint | FSType
NFS_MOUNT | fs-0583183a6c29fb240.efs.us-east-2.amazonaws.com:/ | /data2 | nfs4

==============================================================================
CUPS CHECK
==============================================================================
CUPS Installed | Yes
CUPS Running | Yes
CUPS Version | cups-2.4.19-1.amzn2023.0.1.x86_64
CUPS IP URL (http://172.30.166.61:631) | 200
Cups server Http Status | 200
Cups printers Http Status | 200
Printers Configured | 51

==============================================================================
FTP CHECK
==============================================================================
FTP Installed | No
FTP Running (Port 21 localhost) | No
FTP Port 21 Reachable on 172.30.166.61 | No
FTP Processes | None

==============================================================================
JAVA CHECK
==============================================================================
Total Java Processes | 2
Batch/Daemon Java Processes | 0
Non-Standalone Java Processes | Not Found

==============================================================================
BATCH/DAEMON JAVA DETAILS
==============================================================================
Batch/Daemon Java Processes | 0
Batch/Daemon Java Details | None

==============================================================================
JBOSS/WILDFLY APPS (simple table)
==============================================================================
JBoss App Processes | 0
JBoss Apps | None

==============================================================================
HEALTH MONITOR CRONTAB STATUS
==============================================================================
Health Monitor Crontab | Disabled

==============================================================================
Server Availability Check Completed | 2026-08-16 11:18:07.829006
==============================================================================

2026-08-16 07:18:37,157 - 1056732 - INFO - After patching validation saved to: /data/patching_report/validation-2026-08-16/Hayes-Production-Batch/172.30.166.61/172.30.166.61-AfterPatching-2026-08-16-07-18-37-157.log
2026-08-16 07:18:37,221 - 1056732 - INFO - Validation comparison report generated: /data/patching_report/validation-2026-08-16/Hayes-Production-Batch/172.30.166.61/172.30.166.61-Validation-details-2026-08-16-07-18-37-157.html
2026-08-16 07:18:37,413 - 1056732 - INFO - Daemon count - Pre: 23, Post: 0
2026-08-16 07:18:37,413 - 1056732 - INFO - CUPS: before=running after=running version=cups-2.4.19-1.amzn2023.0.1.x86_64
2026-08-16 07:18:37,413 - 1056732 - INFO - Manage_cron: True, daemon_action: True, cups_action: False
2026-08-16 07:18:37,413 - 1056732 - INFO - Background: restarting daemons on i-04dceda90d1b0abae
2026-08-16 07:18:37,413 - 1056732 - INFO - Background thread started for i-04dceda90d1b0abae - daemon:True cups:False
2026-08-16 07:18:37,674 - 1056732 - INFO - Started i-04dceda90d1b0abae in 0:02:26.801041
2026-08-16 07:18:37,674 - 1056732 - INFO - All instances processed.
2026-08-16 07:18:37,677 - 1056732 - INFO - Restart Total time: 0:03:49.532470
2026-08-16 07:18:37,678 - 1056732 - INFO - Auto-confirmed services are restarted
2026-08-16 07:18:37,678 - 1056732 - INFO - Confirmed - services are started
2026-08-16 07:18:37,792 - 1056732 - INFO - The following instances have failed the patch: []
2026-08-16 07:18:37,792 - 1056732 - INFO - No instances have failed the patch.
2026-08-16 07:18:37,792 - 1056732 - INFO - Total Patch Process time: 0:08:34.479591
2026-08-16 07:19:07,820 - 1056732 - INFO - Daemon restart output: Found base path: /data/batchapp/softeon
Checking folder: DBALERTS
Checking folder: hayesprod
/data/batchapp/softeon/hayesprod/startall-hayesprod-daemon.sh


Starting downloaddaemon


Starting eventdaemon


Starting ftpdaemon


Starting hardallocationdaemon


Starting labeldaemon


Starting replenishmentdaemon


Starting replenishmentpickloccanceldaemon


Starting replenishmentpriorityupdatedaemon


Starting reportdaemon


Starting reportdaemon1


Starting reportjqgridexportdaemon


Starting schedulerdaemon


Starting uploaddaemon


Starting wavelaunchdaemon


Starting tasklevelinventoryallocationdaemon


Starting autopicktooldaemon


Starting ptcdaemon


Starting autobatchdistributiondaemon
Checking folder: hayesprod_tx019
/data/batchapp/softeon/hayesprod_tx019/startall-hayesprod_tx019-daemon.sh






Starting replenishmentpickloccanceldaemon

Starting hardallocationdaemon

Starting wavelaunchdaemon

Starting autobatchdistributiondaemon

Starting ptcdaemon

2026-08-16 07:19:07,822 - 1056732 - INFO - Waiting 100 sec for daemons to start on i-04dceda90d1b0abae
2026-08-16 07:19:38,192 - 1056732 - INFO - Log file ./logs/patching_2026-08-16_Hayes-Production-Batch.log uploaded to s3://q3-2026-aws-security-patching/Hayes-Production-Batch_Patch/2026-08-16/patching_2026-08-16_Hayes-Production-Batch.log
2026-08-16 07:20:47,913 - 1056732 - INFO - CUPS no action needed for i-04dceda90d1b0abae - before:running after:running version:cups-2.4.19-1.amzn2023.0.1.x86_64
2026-08-16 07:20:48,347 - 1056732 - INFO - Sent app_validation.py to i-04dceda90d1b0abae (command_id: a01d2f72-dad1-456c-bd01-c2201b29b6fb)
2026-08-16 07:21:18,424 - 1056732 - INFO - SSM Command Status: Success
2026-08-16 07:21:18,424 - 1056732 - INFO - app_validation.py output for i-04dceda90d1b0abae:

==============================================================================
Server Availability Check Started | 2026-08-16 11:20:48.602615
==============================================================================

==============================================================================
SYSTEM INFORMATION
==============================================================================
Server IP | 172.30.166.61
Hostname | ip-172-30-166-61.us-east-2.compute.internal
Current User | root
Working Directory | /usr/bin
Time Zone | UTC

==============================================================================
STORAGE CHECK | /data mounts
==============================================================================
Filesystem | Size | Used | Avail | Use% | Mounted on
/dev/nvme1n1p2 | 239.9G | 114.5G | 125.4G | 47% | /data
fs-0583183a6c29fb240.efs.us-east-2.amazonaws.com:/ | 0B | 46.5G | 0B | 0% | /data2

==============================================================================
SYMLINK CHECK | root (/)
==============================================================================
Symlinks Total | 4
Symlinks Valid | 4
Symlinks Invalid | 0
Symlink | ResolvedTarget
/bin | /usr/bin
/lib | /usr/lib
/lib64 | /usr/lib64
/sbin | /usr/sbin

==============================================================================
NFS CHECK
==============================================================================
NFS Package Installed | Yes
nfs-server.service Active | No
nfs-client.target Active | Yes
/etc/exports Present | Yes
EXPORTS_LINE | (empty)
NFS_MOUNT | Device | MountPoint | FSType
NFS_MOUNT | fs-0583183a6c29fb240.efs.us-east-2.amazonaws.com:/ | /data2 | nfs4

==============================================================================
CUPS CHECK
==============================================================================
CUPS Installed | Yes
CUPS Running | Yes
CUPS Version | cups-2.4.19-1.amzn2023.0.1.x86_64
CUPS IP URL (http://172.30.166.61:631) | 200
Cups server Http Status | 200
Cups printers Http Status | 200
Printers Configured | 51

==============================================================================
FTP CHECK
==============================================================================
FTP Installed | No
FTP Running (Port 21 localhost) | No
FTP Port 21 Reachable on 172.30.166.61 | No
FTP Processes | None

==============================================================================
JAVA CHECK
==============================================================================
Total Java Processes | 23
Batch/Daemon Java Processes | 21
Non-Standalone Java Processes | hayesprd_dwa, hayesprd_event, hayesprd_ftp, hayesprd_harp, hayesprd_lbl, hayesprd_repl, hayesprd_rccl, hayesprd_rplpu, hayesprd_rpt, hayesprd_1rpt, hayesprd_jqgrid, hayesprd_sch, hayesprd_inbq, hayesprd_wld, hayesprd_tiad, hayesprd_apick, hayesprd_abchdi, haysprd19_rccl, haysprd19_harp, haysprd19_wld, haysprd19_abchd

==============================================================================
BATCH/DAEMON JAVA DETAILS
==============================================================================
Batch/Daemon Java Processes | 21
Java-Name | Java-Path
hayesprd_dwa | /data/batchapp/softeon/hayesprod/downloaddaemon
hayesprd_event | /data/batchapp/softeon/hayesprod/eventdaemon
hayesprd_ftp | /data/batchapp/softeon/hayesprod/ftpdaemon
hayesprd_harp | /data/batchapp/softeon/hayesprod/hardallocationdaemon
hayesprd_lbl | /data/batchapp/softeon/hayesprod/labeldaemon
hayesprd_repl | /data/batchapp/softeon/hayesprod/replenishmentdaemon
hayesprd_rccl | /data/batchapp/softeon/hayesprod/replenishmentpickloccanceldaemon
hayesprd_rplpu | /data/batchapp/softeon/hayesprod/replenishmentpriorityupdatedaemon
hayesprd_rpt | /data/batchapp/softeon/hayesprod/reportdaemon
hayesprd_1rpt | /data/batchapp/softeon/hayesprod/reportdaemon1
hayesprd_jqgrid | /data/batchapp/softeon/hayesprod/reportjqgridexportdaemon
hayesprd_sch | /data/batchapp/softeon/hayesprod/schedulerdaemon
hayesprd_inbq | /data/batchapp/softeon/hayesprod/uploaddaemon
hayesprd_wld | /data/batchapp/softeon/hayesprod/wavelaunchdaemon
hayesprd_tiad | /data/batchapp/softeon/hayesprod/tasklevelinventoryallocationdaemon
hayesprd_apick | /data/batchapp/softeon/hayesprod/autopicktooldaemon
hayesprd_abchdi | /data/batchapp/softeon/hayesprod/autobatchdistributiondaemon
haysprd19_rccl | /data/batchapp/softeon/hayesprod_tx019/replenishmentpickloccanceldaemon
haysprd19_harp | /data/batchapp/softeon/hayesprod_tx019/hardallocationdaemon
haysprd19_wld | /data/batchapp/softeon/hayesprod_tx019/wavelaunchdaemon
haysprd19_abchd | /data/batchapp/softeon/hayesprod_tx019/autobatchdistributiondaemon

==============================================================================
JBOSS/WILDFLY APPS (simple table)
==============================================================================
JBoss App Processes | 0
JBoss Apps | None

==============================================================================
HEALTH MONITOR CRONTAB STATUS
==============================================================================
Health Monitor Crontab | Disabled

==============================================================================
Server Availability Check Completed | 2026-08-16 11:20:49.630991
==============================================================================

2026-08-16 07:21:18,554 - 1056732 - INFO - Email sent successfully to ['kishlayk@softeon.com', 'CloudOps@softeon.com']
2026-08-16 07:21:18,555 - 1056732 - INFO - RED re-validation mail sent for i-04dceda90d1b0abae
2026-08-16 07:21:18,555 - 1056732 - INFO - Still Red after restart - starting retry for i-04dceda90d1b0abae
2026-08-16 07:21:18,555 - 1056732 - INFO - [Retry-1] Waiting 300s for i-04dceda90d1b0abae...
2026-08-16 07:26:18,957 - 1056732 - INFO - Sent app_validation.py to i-04dceda90d1b0abae (command_id: 1770d009-c871-490c-8ccd-11de447eeff9)
2026-08-16 07:26:49,035 - 1056732 - INFO - SSM Command Status: Success
2026-08-16 07:26:49,035 - 1056732 - INFO - app_validation.py output for i-04dceda90d1b0abae:

==============================================================================
Server Availability Check Started | 2026-08-16 11:26:19.215936
==============================================================================

==============================================================================
SYSTEM INFORMATION
==============================================================================
Server IP | 172.30.166.61
Hostname | ip-172-30-166-61.us-east-2.compute.internal
Current User | root
Working Directory | /usr/bin
Time Zone | UTC

==============================================================================
STORAGE CHECK | /data mounts
==============================================================================
Filesystem | Size | Used | Avail | Use% | Mounted on
/dev/nvme1n1p2 | 239.9G | 114.6G | 125.3G | 47% | /data
fs-0583183a6c29fb240.efs.us-east-2.amazonaws.com:/ | 0B | 46.5G | 0B | 0% | /data2

==============================================================================
SYMLINK CHECK | root (/)
==============================================================================
Symlinks Total | 4
Symlinks Valid | 4
Symlinks Invalid | 0
Symlink | ResolvedTarget
/bin | /usr/bin
/lib | /usr/lib
/lib64 | /usr/lib64
/sbin | /usr/sbin

==============================================================================
NFS CHECK
==============================================================================
NFS Package Installed | Yes
nfs-server.service Active | No
nfs-client.target Active | Yes
/etc/exports Present | Yes
EXPORTS_LINE | (empty)
NFS_MOUNT | Device | MountPoint | FSType
NFS_MOUNT | fs-0583183a6c29fb240.efs.us-east-2.amazonaws.com:/ | /data2 | nfs4

==============================================================================
CUPS CHECK
==============================================================================
CUPS Installed | Yes
CUPS Running | Yes
CUPS Version | cups-2.4.19-1.amzn2023.0.1.x86_64
CUPS IP URL (http://172.30.166.61:631) | 200
Cups server Http Status | 200
Cups printers Http Status | 200
Printers Configured | 51

==============================================================================
FTP CHECK
==============================================================================
FTP Installed | No
FTP Running (Port 21 localhost) | No
FTP Port 21 Reachable on 172.30.166.61 | No
FTP Processes | None

==============================================================================
JAVA CHECK
==============================================================================
Total Java Processes | 23
Batch/Daemon Java Processes | 21
Non-Standalone Java Processes | hayesprd_dwa, hayesprd_event, hayesprd_ftp, hayesprd_harp, hayesprd_lbl, hayesprd_repl, hayesprd_rccl, hayesprd_rplpu, hayesprd_rpt, hayesprd_1rpt, hayesprd_jqgrid, hayesprd_sch, hayesprd_inbq, hayesprd_wld, hayesprd_tiad, hayesprd_apick, hayesprd_abchdi, haysprd19_rccl, haysprd19_harp, haysprd19_wld, haysprd19_abchd

==============================================================================
BATCH/DAEMON JAVA DETAILS
==============================================================================
Batch/Daemon Java Processes | 21
Java-Name | Java-Path
hayesprd_dwa | /data/batchapp/softeon/hayesprod/downloaddaemon
hayesprd_event | /data/batchapp/softeon/hayesprod/eventdaemon
hayesprd_ftp | /data/batchapp/softeon/hayesprod/ftpdaemon
hayesprd_harp | /data/batchapp/softeon/hayesprod/hardallocationdaemon
hayesprd_lbl | /data/batchapp/softeon/hayesprod/labeldaemon
hayesprd_repl | /data/batchapp/softeon/hayesprod/replenishmentdaemon
hayesprd_rccl | /data/batchapp/softeon/hayesprod/replenishmentpickloccanceldaemon
hayesprd_rplpu | /data/batchapp/softeon/hayesprod/replenishmentpriorityupdatedaemon
hayesprd_rpt | /data/batchapp/softeon/hayesprod/reportdaemon
hayesprd_1rpt | /data/batchapp/softeon/hayesprod/reportdaemon1
hayesprd_jqgrid | /data/batchapp/softeon/hayesprod/reportjqgridexportdaemon
hayesprd_sch | /data/batchapp/softeon/hayesprod/schedulerdaemon
hayesprd_inbq | /data/batchapp/softeon/hayesprod/uploaddaemon
hayesprd_wld | /data/batchapp/softeon/hayesprod/wavelaunchdaemon
hayesprd_tiad | /data/batchapp/softeon/hayesprod/tasklevelinventoryallocationdaemon
hayesprd_apick | /data/batchapp/softeon/hayesprod/autopicktooldaemon
hayesprd_abchdi | /data/batchapp/softeon/hayesprod/autobatchdistributiondaemon
haysprd19_rccl | /data/batchapp/softeon/hayesprod_tx019/replenishmentpickloccanceldaemon
haysprd19_harp | /data/batchapp/softeon/hayesprod_tx019/hardallocationdaemon
haysprd19_wld | /data/batchapp/softeon/hayesprod_tx019/wavelaunchdaemon
haysprd19_abchd | /data/batchapp/softeon/hayesprod_tx019/autobatchdistributiondaemon

==============================================================================
JBOSS/WILDFLY APPS (simple table)
==============================================================================
JBoss App Processes | 0
JBoss Apps | None

==============================================================================
HEALTH MONITOR CRONTAB STATUS
==============================================================================
Health Monitor Crontab | Disabled

==============================================================================
Server Availability Check Completed | 2026-08-16 11:26:20.345889
==============================================================================

2026-08-16 07:26:49,037 - 1056732 - INFO - [Retry-1] After log saved: /data/patching_report/validation-2026-08-16/Hayes-Production-Batch/172.30.166.61/172.30.166.61-AfterPatching-Retry1-2026-08-16-07-26-49-036.log
2026-08-16 07:26:49,095 - 1056732 - INFO - [Retry-1] RED for Hayes Production Batch Server - 1 (172.30.166.61), retrying... (Total waited: 300s)
2026-08-16 07:26:49,095 - 1056732 - INFO - [Retry-2] Waiting 300s for i-04dceda90d1b0abae...
2026-08-16 07:31:49,432 - 1056732 - INFO - Sent app_validation.py to i-04dceda90d1b0abae (command_id: b357c5b4-3aa6-4ce4-ad1e-79a10388b694)
2026-08-16 07:32:19,525 - 1056732 - INFO - SSM Command Status: Success
2026-08-16 07:32:19,525 - 1056732 - INFO - app_validation.py output for i-04dceda90d1b0abae:

==============================================================================
Server Availability Check Started | 2026-08-16 11:31:49.660301
==============================================================================

==============================================================================
SYSTEM INFORMATION
==============================================================================
Server IP | 172.30.166.61
Hostname | ip-172-30-166-61.us-east-2.compute.internal
Current User | root
Working Directory | /usr/bin
Time Zone | UTC

==============================================================================
STORAGE CHECK | /data mounts
==============================================================================
Filesystem | Size | Used | Avail | Use% | Mounted on
/dev/nvme1n1p2 | 239.9G | 114.7G | 125.2G | 47% | /data
fs-0583183a6c29fb240.efs.us-east-2.amazonaws.com:/ | 0B | 46.5G | 0B | 0% | /data2

==============================================================================
SYMLINK CHECK | root (/)
==============================================================================
Symlinks Total | 4
Symlinks Valid | 4
Symlinks Invalid | 0
Symlink | ResolvedTarget
/bin | /usr/bin
/lib | /usr/lib
/lib64 | /usr/lib64
/sbin | /usr/sbin

==============================================================================
NFS CHECK
==============================================================================
NFS Package Installed | Yes
nfs-server.service Active | No
nfs-client.target Active | Yes
/etc/exports Present | Yes
EXPORTS_LINE | (empty)
NFS_MOUNT | Device | MountPoint | FSType
NFS_MOUNT | fs-0583183a6c29fb240.efs.us-east-2.amazonaws.com:/ | /data2 | nfs4

==============================================================================
CUPS CHECK
==============================================================================
CUPS Installed | Yes
CUPS Running | Yes
CUPS Version | cups-2.4.19-1.amzn2023.0.1.x86_64
CUPS IP URL (http://172.30.166.61:631) | 200
Cups server Http Status | 200
Cups printers Http Status | 200
Printers Configured | 51

==============================================================================
FTP CHECK
==============================================================================
FTP Installed | No
FTP Running (Port 21 localhost) | No
FTP Port 21 Reachable on 172.30.166.61 | No
FTP Processes | None

==============================================================================
JAVA CHECK
==============================================================================
Total Java Processes | 25
Batch/Daemon Java Processes | 23
Non-Standalone Java Processes | hayesprd_dwa, hayesprd_event, hayesprd_ftp, hayesprd_harp, hayesprd_lbl, hayesprd_repl, hayesprd_rccl, hayesprd_rplpu, hayesprd_rpt, hayesprd_1rpt, hayesprd_jqgrid, hayesprd_sch, hayesprd_inbq, hayesprd_wld, hayesprd_tiad, hayesprd_apick, hayesprd_abchdi, haysprd19_rccl, haysprd19_harp, haysprd19_wld, haysprd19_abchd, haysprd19_lpick, hayesprd_lpick

==============================================================================
BATCH/DAEMON JAVA DETAILS
==============================================================================
Batch/Daemon Java Processes | 23
Java-Name | Java-Path
hayesprd_dwa | /data/batchapp/softeon/hayesprod/downloaddaemon
hayesprd_event | /data/batchapp/softeon/hayesprod/eventdaemon
hayesprd_ftp | /data/batchapp/softeon/hayesprod/ftpdaemon
hayesprd_harp | /data/batchapp/softeon/hayesprod/hardallocationdaemon
hayesprd_lbl | /data/batchapp/softeon/hayesprod/labeldaemon
hayesprd_repl | /data/batchapp/softeon/hayesprod/replenishmentdaemon
hayesprd_rccl | /data/batchapp/softeon/hayesprod/replenishmentpickloccanceldaemon
hayesprd_rplpu | /data/batchapp/softeon/hayesprod/replenishmentpriorityupdatedaemon
hayesprd_rpt | /data/batchapp/softeon/hayesprod/reportdaemon
hayesprd_1rpt | /data/batchapp/softeon/hayesprod/reportdaemon1
hayesprd_jqgrid | /data/batchapp/softeon/hayesprod/reportjqgridexportdaemon
hayesprd_sch | /data/batchapp/softeon/hayesprod/schedulerdaemon
hayesprd_inbq | /data/batchapp/softeon/hayesprod/uploaddaemon
hayesprd_wld | /data/batchapp/softeon/hayesprod/wavelaunchdaemon
hayesprd_tiad | /data/batchapp/softeon/hayesprod/tasklevelinventoryallocationdaemon
hayesprd_apick | /data/batchapp/softeon/hayesprod/autopicktooldaemon
hayesprd_abchdi | /data/batchapp/softeon/hayesprod/autobatchdistributiondaemon
haysprd19_rccl | /data/batchapp/softeon/hayesprod_tx019/replenishmentpickloccanceldaemon
haysprd19_harp | /data/batchapp/softeon/hayesprod_tx019/hardallocationdaemon
haysprd19_wld | /data/batchapp/softeon/hayesprod_tx019/wavelaunchdaemon
haysprd19_abchd | /data/batchapp/softeon/hayesprod_tx019/autobatchdistributiondaemon
haysprd19_lpick | /data/batchapp/softeon/hayesprod_tx019/ptcdaemon
hayesprd_lpick | /data/batchapp/softeon/hayesprod/ptcdaemon

==============================================================================
JBOSS/WILDFLY APPS (simple table)
==============================================================================
JBoss App Processes | 0
JBoss Apps | None

==============================================================================
HEALTH MONITOR CRONTAB STATUS
==============================================================================
Health Monitor Crontab | Disabled

==============================================================================
Server Availability Check Completed | 2026-08-16 11:31:50.790096
==============================================================================

2026-08-16 07:32:19,527 - 1056732 - INFO - [Retry-2] After log saved: /data/patching_report/validation-2026-08-16/Hayes-Production-Batch/172.30.166.61/172.30.166.61-AfterPatching-Retry2-2026-08-16-07-32-19-526.log
2026-08-16 07:32:19,935 - 1056732 - INFO - Health monitor crontab enabled on all instances
2026-08-16 07:32:19,936 - 1056732 - INFO - [Retry] Green - cron enabled for i-04dceda90d1b0abae
2026-08-16 07:32:20,015 - 1056732 - INFO - Email sent successfully to ['kishlayk@softeon.com', 'CloudOps@softeon.com']
2026-08-16 07:32:20,015 - 1056732 - INFO - [Retry] GREEN mail sent for i-04dceda90d1b0abae
