2026-07-04 02:00:04,965 - 3725582 - INFO - Logger setup has been removed, using shared logger from common.logs.logger.
2026-07-04 02:00:04,966 - 3725582 - INFO - Script Start Time: 2026-07-04 02:00:04
2026-07-04 02:00:06,024 - 3725582 - INFO - Instance(s) selected for Patching: {'i-0d081e4c548f00038': '172.31.14.30'}
2026-07-04 02:00:06,143 - 3725582 - INFO - Email sent successfully to ['CloudOps@softeon.com']
2026-07-04 02:00:06,143 - 3725582 - INFO - Now patching instances at: 2026-07-04 02:00:06
2026-07-04 02:00:11,613 - 3725582 - INFO - i-0d081e4c548f00038: Cron was active = True
2026-07-04 02:00:11,779 - 3725582 - INFO - Health monitor crontab disabled on all instances
2026-07-04 02:00:11,780 - 3725582 - INFO - Disabled cron for: ['i-0d081e4c548f00038']
2026-07-04 02:00:12,021 - 3725582 - INFO - Sent app_validation.py to i-0d081e4c548f00038 (command_id: f674e628-a786-40dd-9312-f046ebabf9b3)
2026-07-04 02:00:42,135 - 3725582 - INFO - app_validation.py output for i-0d081e4c548f00038:

==============================================================================
Server Availability Check Started | 2026-07-04 06:00:12.338324
==============================================================================

==============================================================================
SYSTEM INFORMATION
==============================================================================
Server IP | 172.31.14.30
Hostname | ip-172-31-14-30
Current User | root
Working Directory | /usr/bin
Time Zone | UTC

==============================================================================
STORAGE CHECK | /data mounts
==============================================================================
Filesystem | Size | Used | Avail | Use% | Mounted on
/dev/nvme1n1p2 | 226.2G | 74.3G | 140.4G | 32% | /data

==============================================================================
SYMLINK CHECK | root (/)
==============================================================================
Symlinks Total | 5
Symlinks Valid | 5
Symlinks Invalid | 0
Symlink | ResolvedTarget
/bin | /usr/bin
/data2 | /data/data2
/lib | /usr/lib
/lib64 | /usr/lib64
/sbin | /usr/sbin

==============================================================================
NFS CHECK
==============================================================================
NFS Package Installed | Yes
nfs-server.service Active | No
nfs-client.target Active | Yes
/etc/exports Present | Yes
EXPORTS_LINE | (empty)
NFS Mounted Shares | None

==============================================================================
CUPS CHECK
==============================================================================
CUPS Installed | Yes
CUPS Running | Yes
CUPS Version | 1.7.5
CUPS IP URL (http://172.31.14.30:631) | 200
Cups server Http Status | 200
Cups printers Http Status | 200
Printers Configured | 22

==============================================================================
FTP CHECK
==============================================================================
FTP Installed | No
FTP Running (Port 21 localhost) | No
FTP Port 21 Reachable on 172.31.14.30 | No
FTP Processes | None

==============================================================================
JAVA CHECK
==============================================================================
Total Java Processes | 29
Batch/Daemon Java Processes | 24
Non-Standalone Java Processes | fluatnew_dwa, fluatnew_event, fluatnew_ftp, fluatnew_lbl, fluatnew_repl, fluatnew_rpt, fluatnew_jqgrid, fluatnew_sch, fluatnew_inbq, fluatnew_wld, fluatn_vomobadm, fluat_1vomob, fluat_ftpdaemon, fluat_eventdaemon, fluat_billingcharges, fluat_reportdaemon, fluat_uploaddaemon, fluat_downloaddaemon, fluat_wavelaunchdaemon, fluat_labeldaemon, fluat_billtransprocess, fluat_replenishmentdaemon, fluat_picktooldaemon, fluat_schedulerdaemon

==============================================================================
BATCH/DAEMON JAVA DETAILS
==============================================================================
Batch/Daemon Java Processes | 24
Java-Name | Java-Path
fluatnew_dwa | /data/batchapp/softeon/fluatnew/downloaddaemon
fluatnew_event | /data/batchapp/softeon/fluatnew/eventdaemon
fluatnew_ftp | /data/batchapp/softeon/fluatnew/ftpdaemon
fluatnew_lbl | /data/batchapp/softeon/fluatnew/labeldaemon
fluatnew_repl | /data/batchapp/softeon/fluatnew/replenishmentdaemon
fluatnew_rpt | /data/batchapp/softeon/fluatnew/reportdaemon
fluatnew_jqgrid | /data/batchapp/softeon/fluatnew/reportjqgridexportdaemon
fluatnew_sch | /data/batchapp/softeon/fluatnew/schedulardaemon
fluatnew_inbq | /data/batchapp/softeon/fluatnew/uploaddeamon
fluatnew_wld | /data/batchapp/softeon/fluatnew/wavelaunchdaemon
fluatn_vomobadm | /data/batchapp/softeon/fluatnew/voiceadminserver
fluat_1vomob | /data/batchapp/softeon/fluatnew/voicemobiledaemon1
fluat_ftpdaemon | /data/app/java/jdk1.7.0_80/bin/fluat_ftpdaemon
fluat_eventdaemon | /data/app/java/jdk1.7.0_80/bin/fluat_eventdaemon
fluat_billingcharges | /data/app/java/jdk1.7.0_80/bin/fluat_billingcharges
fluat_reportdaemon | /data/app/java/jdk1.7.0_80/bin/fluat_reportdaemon
fluat_uploaddaemon | /data/app/java/jdk1.7.0_80/bin/fluat_uploaddaemon
fluat_downloaddaemon | /data/app/java/jdk1.7.0_80/bin/fluat_downloaddaemon
fluat_wavelaunchdaemon | /data/app/java/jdk1.7.0_80/bin/fluat_wavelaunchdaemon
fluat_labeldaemon | /data/app/java/jdk1.7.0_80/bin/fluat_labeldaemon
fluat_billtransprocess | /data/app/java/jdk1.7.0_80/bin/fluat_billtransprocess
fluat_replenishmentdaemon | /data/app/java/jdk1.7.0_80/bin/fluat_replenishmentdaemon
fluat_picktooldaemon | /data/app/java/jdk1.7.0_80/bin/fluat_picktooldaemon
fluat_schedulerdaemon | /data/app/java/jdk1.7.0_80/bin/fluat_schedulerdaemon

==============================================================================
JBOSS/WILDFLY APPS (simple table)
==============================================================================
JBoss App Processes | 2
PID | AppName | JbossVersion | Java-Name | Port | URL | Status | Code | SSL-Status | App-Path
4099538 | fluat | app | fluat_jboss | 80 | 172.31.14.30:80 | UP | 200 | Disabled | /data/app/jboss72/fluat/standalone
4096502 | fluatnew | jboss730eap | fluatnew_jb730e | 8081 | 172.31.14.30:8081 | UP | 200 | Disabled | /data/app/jboss730eap/softeon/fluatnew/standalone

==============================================================================
Server Availability Check Completed | 2026-07-04 06:00:13.047457
==============================================================================

2026-07-04 02:00:42,135 - 3725582 - ERROR - app_validation.py errors for i-0d081e4c548f00038:

2026-07-04 02:00:42,137 - 3725582 - INFO - Before patching log saved: /data/patching_report/validation-2026-07-04/q3-fl-uat/172.31.14.30/172.31.14.30-BeforePatching-2026-07-04-02-00-42-137.log
2026-07-04 02:00:42,222 - 3725582 - INFO - Sending patch command to instance i-0d081e4c548f00038
2026-07-04 02:00:42,329 - 3725582 - INFO - Command sent successfully to instance i-0d081e4c548f00038. Command ID: f23e6ebe-6ea5-48c5-b5a3-36f334fe794d
2026-07-04 02:06:13,946 - 3725582 - INFO - All patches applied successfully.
2026-07-04 02:06:13,946 - 3725582 - INFO - Patching end time: 2026-07-04 02:06:13
2026-07-04 02:06:13,947 - 3725582 - INFO - Patch Elapsed time: 0:06:07.803298
2026-07-04 02:06:14,020 - 3725582 - INFO - Email sent successfully to ['CloudOps@softeon.com']
2026-07-04 02:06:14,020 - 3725582 - INFO - Confirmed - services are stopped
2026-07-04 02:06:34,301 - 3725582 - INFO - Discovered TG map: {'i-0d081e4c548f00038': ['arn:aws:elasticloadbalancing:us-east-1:835314132208:targetgroup/FL-UAT-Ext/9bc96e524b366a2f', 'arn:aws:elasticloadbalancing:us-east-1:835314132208:targetgroup/FLUAT73/7bad6952c9fe2878']}
2026-07-04 02:06:34,537 - 3725582 - INFO - Deregistering i-0d081e4c548f00038 from TG arn:aws:elasticloadbalancing:us-east-1:835314132208:targetgroup/FL-UAT-Ext/9bc96e524b366a2f
2026-07-04 02:06:34,600 - 3725582 - INFO - Deregistering i-0d081e4c548f00038 from TG arn:aws:elasticloadbalancing:us-east-1:835314132208:targetgroup/FLUAT73/7bad6952c9fe2878
2026-07-04 02:06:34,657 - 3725582 - INFO - Stopping EC2 instance: i-0d081e4c548f00038 at 2026-07-04 02:06:34
2026-07-04 02:09:06,469 - 3725582 - INFO - Instance i-0d081e4c548f00038 stopped successfully.
2026-07-04 02:09:06,602 - 3725582 - INFO - Stopped i-0d081e4c548f00038 in 0:02:31.944932
2026-07-04 02:09:06,602 - 3725582 - INFO - Starting EC2 instance: i-0d081e4c548f00038
2026-07-04 02:09:22,565 - 3725582 - INFO - Instance i-0d081e4c548f00038 started successfully.
2026-07-04 02:09:22,565 - 3725582 - INFO - Waiting 100 seconds for SSM agent to be ready on i-0d081e4c548f00038...
2026-07-04 02:11:02,641 - 3725582 - INFO - Registering i-0d081e4c548f00038 to TG arn:aws:elasticloadbalancing:us-east-1:835314132208:targetgroup/FL-UAT-Ext/9bc96e524b366a2f
2026-07-04 02:11:02,820 - 3725582 - INFO - Registering i-0d081e4c548f00038 to TG arn:aws:elasticloadbalancing:us-east-1:835314132208:targetgroup/FLUAT73/7bad6952c9fe2878
2026-07-04 02:11:33,245 - 3725582 - INFO - Sent app_validation.py to i-0d081e4c548f00038 (command_id: e755a5a5-999f-4bd6-9fa8-1869b93367f7)
2026-07-04 02:12:03,358 - 3725582 - INFO - app_validation.py output for i-0d081e4c548f00038:

==============================================================================
Server Availability Check Started | 2026-07-04 06:11:33.695009
==============================================================================

==============================================================================
SYSTEM INFORMATION
==============================================================================
Server IP | 172.31.14.30
Hostname | ip-172-31-14-30
Current User | root
Working Directory | /usr/bin
Time Zone | UTC

==============================================================================
STORAGE CHECK | /data mounts
==============================================================================
Filesystem | Size | Used | Avail | Use% | Mounted on
/dev/nvme1n1p2 | 226.2G | 74.4G | 140.3G | 32% | /data

==============================================================================
SYMLINK CHECK | root (/)
==============================================================================
Symlinks Total | 5
Symlinks Valid | 5
Symlinks Invalid | 0
Symlink | ResolvedTarget
/bin | /usr/bin
/data2 | /data/data2
/lib | /usr/lib
/lib64 | /usr/lib64
/sbin | /usr/sbin

==============================================================================
NFS CHECK
==============================================================================
NFS Package Installed | Yes
nfs-server.service Active | No
nfs-client.target Active | Yes
/etc/exports Present | Yes
EXPORTS_LINE | (empty)
NFS Mounted Shares | None

==============================================================================
CUPS CHECK
==============================================================================
CUPS Installed | Yes
CUPS Running | Yes
CUPS Version | 1.7.5
CUPS IP URL (http://172.31.14.30:631) | 200
Cups server Http Status | 200
Cups printers Http Status | 200
Printers Configured | 22

==============================================================================
FTP CHECK
==============================================================================
FTP Installed | No
FTP Running (Port 21 localhost) | No
FTP Port 21 Reachable on 172.31.14.30 | No
FTP Processes | None

==============================================================================
JAVA CHECK
==============================================================================
Total Java Processes | 27
Batch/Daemon Java Processes | 23
Non-Standalone Java Processes | fluatnew_dwa, fluatnew_event, fluatnew_ftp, fluatnew_lbl, fluatnew_repl, fluatnew_rpt, fluatnew_jqgrid, fluatnew_sch, fluatnew_inbq, fluatnew_wld, fluat_1vomob, fluat_ftpdaemon, fluat_wavelaunchdaemon, fluat_reportdaemon, fluat_billtransprocess, fluat_replenishmentdaemon, fluat_downloaddaemon, fluat_billingcharges, fluat_uploaddaemon, fluat_labeldaemon, fluat_eventdaemon, fluat_picktooldaemon, fluat_schedulerdaemon

==============================================================================
BATCH/DAEMON JAVA DETAILS
==============================================================================
Batch/Daemon Java Processes | 23
Java-Name | Java-Path
fluatnew_dwa | /data/batchapp/softeon/fluatnew/downloaddaemon
fluatnew_event | /data/batchapp/softeon/fluatnew/eventdaemon
fluatnew_ftp | /data/batchapp/softeon/fluatnew/ftpdaemon
fluatnew_lbl | /data/batchapp/softeon/fluatnew/labeldaemon
fluatnew_repl | /data/batchapp/softeon/fluatnew/replenishmentdaemon
fluatnew_rpt | /data/batchapp/softeon/fluatnew/reportdaemon
fluatnew_jqgrid | /data/batchapp/softeon/fluatnew/reportjqgridexportdaemon
fluatnew_sch | /data/batchapp/softeon/fluatnew/schedulardaemon
fluatnew_inbq | /data/batchapp/softeon/fluatnew/uploaddeamon
fluatnew_wld | /data/batchapp/softeon/fluatnew/wavelaunchdaemon
fluat_1vomob | /data/batchapp/softeon/fluatnew/voicemobiledaemon1
fluat_ftpdaemon | /data/app/java/jdk1.7.0_80/bin/fluat_ftpdaemon
fluat_wavelaunchdaemon | /data/app/java/jdk1.7.0_80/bin/fluat_wavelaunchdaemon
fluat_reportdaemon | /data/app/java/jdk1.7.0_80/bin/fluat_reportdaemon
fluat_billtransprocess | /data/app/java/jdk1.7.0_80/bin/fluat_billtransprocess
fluat_replenishmentdaemon | /data/app/java/jdk1.7.0_80/bin/fluat_replenishmentdaemon
fluat_downloaddaemon | /data/app/java/jdk1.7.0_80/bin/fluat_downloaddaemon
fluat_billingcharges | /data/app/java/jdk1.7.0_80/bin/fluat_billingcharges
fluat_uploaddaemon | /data/app/java/jdk1.7.0_80/bin/fluat_uploaddaemon
fluat_labeldaemon | /data/app/java/jdk1.7.0_80/bin/fluat_labeldaemon
fluat_eventdaemon | /data/app/java/jdk1.7.0_80/bin/fluat_eventdaemon
fluat_picktooldaemon | /data/app/java/jdk1.7.0_80/bin/fluat_picktooldaemon
fluat_schedulerdaemon | /data/app/java/jdk1.7.0_80/bin/fluat_schedulerdaemon

==============================================================================
JBOSS/WILDFLY APPS (simple table)
==============================================================================
JBoss App Processes | 2
PID | AppName | JbossVersion | Java-Name | Port | URL | Status | Code | SSL-Status | App-Path
2551 | fluat | app | fluat_jboss | 80 | 172.31.14.30:80 | UP | 200 | Disabled | /data/app/jboss72/fluat/standalone
3525 | fluatnew | jboss730eap | fluatnew_jb730e | 8081 | 172.31.14.30:8081 | UP | 200 | Disabled | /data/app/jboss730eap/softeon/fluatnew/standalone

==============================================================================
Server Availability Check Completed | 2026-07-04 06:11:35.720331
==============================================================================

2026-07-04 02:12:03,358 - 3725582 - ERROR - app_validation.py errors for i-0d081e4c548f00038:

2026-07-04 02:12:03,368 - 3725582 - INFO - After patching validation saved to: /data/patching_report/validation-2026-07-04/q3-fl-uat/172.31.14.30/172.31.14.30-AfterPatching-2026-07-04-02-12-03-367.log
2026-07-04 02:12:03,478 - 3725582 - INFO - Validation comparison report generated: /data/patching_report/validation-2026-07-04/q3-fl-uat/172.31.14.30/172.31.14.30-Validation-details-2026-07-04-02-12-03-367.html
2026-07-04 02:12:03,748 - 3725582 - INFO - Email sent successfully to ['kishlayk@softeon.com', 'CloudOps@softeon.com']
2026-07-04 02:12:03,748 - 3725582 - INFO - HTML validation report email sent for i-0d081e4c548f00038
2026-07-04 02:12:03,748 - 3725582 - INFO - [Retry-1] Waiting 600s for i-0d081e4c548f00038...
2026-07-04 02:12:03,748 - 3725582 - INFO - RED - Background retry thread started for i-0d081e4c548f00038
2026-07-04 02:12:03,984 - 3725582 - INFO - Started i-0d081e4c548f00038 in 0:02:57.381970
2026-07-04 02:12:03,985 - 3725582 - INFO - All instances processed.
2026-07-04 02:12:03,989 - 3725582 - INFO - Restart Total time: 0:05:49.850410
2026-07-04 02:12:03,989 - 3725582 - INFO - Auto-confirmed services are restarted
2026-07-04 02:12:03,990 - 3725582 - INFO - Confirmed - services are started
2026-07-04 02:12:04,149 - 3725582 - INFO - The following instances have failed the patch: []
2026-07-04 02:12:04,149 - 3725582 - INFO - No instances have failed the patch.
2026-07-04 02:12:04,149 - 3725582 - INFO - Total Patch Process time: 0:11:59.183150
2026-07-04 02:13:04,544 - 3725582 - INFO - Log file ./logs/patching_2026-07-04_q3-fl-uat.log uploaded to s3://q3-2026-aws-security-patching/q3-fl-uat_Patch/2026-07-04/patching_2026-07-04_q3-fl-uat.log
2026-07-04 02:22:04,009 - 3725582 - INFO - Sent app_validation.py to i-0d081e4c548f00038 (command_id: f220d6d8-6806-48d7-8e8f-e8bbebed6cae)
2026-07-04 02:22:34,086 - 3725582 - INFO - app_validation.py output for i-0d081e4c548f00038:

==============================================================================
Server Availability Check Started | 2026-07-04 06:22:04.279437
==============================================================================

==============================================================================
SYSTEM INFORMATION
==============================================================================
Server IP | 172.31.14.30
Hostname | ip-172-31-14-30
Current User | root
Working Directory | /usr/bin
Time Zone | UTC

==============================================================================
STORAGE CHECK | /data mounts
==============================================================================
Filesystem | Size | Used | Avail | Use% | Mounted on
/dev/nvme1n1p2 | 226.2G | 74.5G | 140.2G | 32% | /data

==============================================================================
SYMLINK CHECK | root (/)
==============================================================================
Symlinks Total | 5
Symlinks Valid | 5
Symlinks Invalid | 0
Symlink | ResolvedTarget
/bin | /usr/bin
/data2 | /data/data2
/lib | /usr/lib
/lib64 | /usr/lib64
/sbin | /usr/sbin

==============================================================================
NFS CHECK
==============================================================================
NFS Package Installed | Yes
nfs-server.service Active | No
nfs-client.target Active | Yes
/etc/exports Present | Yes
EXPORTS_LINE | (empty)
NFS Mounted Shares | None

==============================================================================
CUPS CHECK
==============================================================================
CUPS Installed | Yes
CUPS Running | Yes
CUPS Version | 1.7.5
CUPS IP URL (http://172.31.14.30:631) | 200
Cups server Http Status | 200
Cups printers Http Status | 200
Printers Configured | 22

==============================================================================
FTP CHECK
==============================================================================
FTP Installed | No
FTP Running (Port 21 localhost) | No
FTP Port 21 Reachable on 172.31.14.30 | No
FTP Processes | None

==============================================================================
JAVA CHECK
==============================================================================
Total Java Processes | 28
Batch/Daemon Java Processes | 24
Non-Standalone Java Processes | fluatnew_dwa, fluatnew_event, fluatnew_ftp, fluatnew_lbl, fluatnew_repl, fluatnew_rpt, fluatnew_jqgrid, fluatnew_sch, fluatnew_inbq, fluatnew_wld, fluat_1vomob, fluat_ftpdaemon, fluat_wavelaunchdaemon, fluat_reportdaemon, fluat_billtransprocess, fluat_replenishmentdaemon, fluat_downloaddaemon, fluat_billingcharges, fluat_uploaddaemon, fluat_labeldaemon, fluat_eventdaemon, fluat_picktooldaemon, fluat_schedulerdaemon, fluatn_vomobadm

==============================================================================
BATCH/DAEMON JAVA DETAILS
==============================================================================
Batch/Daemon Java Processes | 24
Java-Name | Java-Path
fluatnew_dwa | /data/batchapp/softeon/fluatnew/downloaddaemon
fluatnew_event | /data/batchapp/softeon/fluatnew/eventdaemon
fluatnew_ftp | /data/batchapp/softeon/fluatnew/ftpdaemon
fluatnew_lbl | /data/batchapp/softeon/fluatnew/labeldaemon
fluatnew_repl | /data/batchapp/softeon/fluatnew/replenishmentdaemon
fluatnew_rpt | /data/batchapp/softeon/fluatnew/reportdaemon
fluatnew_jqgrid | /data/batchapp/softeon/fluatnew/reportjqgridexportdaemon
fluatnew_sch | /data/batchapp/softeon/fluatnew/schedulardaemon
fluatnew_inbq | /data/batchapp/softeon/fluatnew/uploaddeamon
fluatnew_wld | /data/batchapp/softeon/fluatnew/wavelaunchdaemon
fluat_1vomob | /data/batchapp/softeon/fluatnew/voicemobiledaemon1
fluat_ftpdaemon | /data/app/java/jdk1.7.0_80/bin/fluat_ftpdaemon
fluat_wavelaunchdaemon | /data/app/java/jdk1.7.0_80/bin/fluat_wavelaunchdaemon
fluat_reportdaemon | /data/app/java/jdk1.7.0_80/bin/fluat_reportdaemon
fluat_billtransprocess | /data/app/java/jdk1.7.0_80/bin/fluat_billtransprocess
fluat_replenishmentdaemon | /data/app/java/jdk1.7.0_80/bin/fluat_replenishmentdaemon
fluat_downloaddaemon | /data/app/java/jdk1.7.0_80/bin/fluat_downloaddaemon
fluat_billingcharges | /data/app/java/jdk1.7.0_80/bin/fluat_billingcharges
fluat_uploaddaemon | /data/app/java/jdk1.7.0_80/bin/fluat_uploaddaemon
fluat_labeldaemon | /data/app/java/jdk1.7.0_80/bin/fluat_labeldaemon
fluat_eventdaemon | /data/app/java/jdk1.7.0_80/bin/fluat_eventdaemon
fluat_picktooldaemon | /data/app/java/jdk1.7.0_80/bin/fluat_picktooldaemon
fluat_schedulerdaemon | /data/app/java/jdk1.7.0_80/bin/fluat_schedulerdaemon
fluatn_vomobadm | /data/batchapp/softeon/fluatnew/voiceadminserver

==============================================================================
JBOSS/WILDFLY APPS (simple table)
==============================================================================
JBoss App Processes | 2
PID | AppName | JbossVersion | Java-Name | Port | URL | Status | Code | SSL-Status | App-Path
2551 | fluat | app | fluat_jboss | 80 | 172.31.14.30:80 | UP | 200 | Disabled | /data/app/jboss72/fluat/standalone
3525 | fluatnew | jboss730eap | fluatnew_jb730e | 8081 | 172.31.14.30:8081 | UP | 200 | Disabled | /data/app/jboss730eap/softeon/fluatnew/standalone

==============================================================================
Server Availability Check Completed | 2026-07-04 06:22:05.063997
==============================================================================

2026-07-04 02:22:34,086 - 3725582 - ERROR - app_validation.py errors for i-0d081e4c548f00038:

2026-07-04 02:22:34,088 - 3725582 - INFO - [Retry-1] After log saved: /data/patching_report/validation-2026-07-04/q3-fl-uat/172.31.14.30/172.31.14.30-AfterPatching-Retry1-2026-07-04-02-22-34-087.log
2026-07-04 02:22:34,141 - 3725582 - INFO - [Retry-1] RED detected for FL UAT Application and Batch Server (172.31.14.30), retrying... (Total waited: 600s)
2026-07-04 02:22:34,142 - 3725582 - INFO - [Retry-2] Waiting 600s for i-0d081e4c548f00038...
2026-07-04 02:32:34,578 - 3725582 - INFO - Sent app_validation.py to i-0d081e4c548f00038 (command_id: fed25d7a-c6f3-49d4-a887-48c566caef6b)
2026-07-04 02:33:04,680 - 3725582 - INFO - app_validation.py output for i-0d081e4c548f00038:

==============================================================================
Server Availability Check Started | 2026-07-04 06:32:34.857574
==============================================================================

==============================================================================
SYSTEM INFORMATION
==============================================================================
Server IP | 172.31.14.30
Hostname | ip-172-31-14-30
Current User | root
Working Directory | /usr/bin
Time Zone | UTC

==============================================================================
STORAGE CHECK | /data mounts
==============================================================================
Filesystem | Size | Used | Avail | Use% | Mounted on
/dev/nvme1n1p2 | 226.2G | 74.6G | 140.1G | 32% | /data

==============================================================================
SYMLINK CHECK | root (/)
==============================================================================
Symlinks Total | 5
Symlinks Valid | 5
Symlinks Invalid | 0
Symlink | ResolvedTarget
/bin | /usr/bin
/data2 | /data/data2
/lib | /usr/lib
/lib64 | /usr/lib64
/sbin | /usr/sbin

==============================================================================
NFS CHECK
==============================================================================
NFS Package Installed | Yes
nfs-server.service Active | No
nfs-client.target Active | Yes
/etc/exports Present | Yes
EXPORTS_LINE | (empty)
NFS Mounted Shares | None

==============================================================================
CUPS CHECK
==============================================================================
CUPS Installed | Yes
CUPS Running | Yes
CUPS Version | 1.7.5
CUPS IP URL (http://172.31.14.30:631) | 200
Cups server Http Status | 200
Cups printers Http Status | 200
Printers Configured | 22

==============================================================================
FTP CHECK
==============================================================================
FTP Installed | No
FTP Running (Port 21 localhost) | No
FTP Port 21 Reachable on 172.31.14.30 | No
FTP Processes | None

==============================================================================
JAVA CHECK
==============================================================================
Total Java Processes | 28
Batch/Daemon Java Processes | 24
Non-Standalone Java Processes | fluatnew_dwa, fluatnew_event, fluatnew_ftp, fluatnew_lbl, fluatnew_repl, fluatnew_rpt, fluatnew_jqgrid, fluatnew_sch, fluatnew_inbq, fluatnew_wld, fluat_1vomob, fluat_ftpdaemon, fluat_wavelaunchdaemon, fluat_reportdaemon, fluat_billtransprocess, fluat_replenishmentdaemon, fluat_downloaddaemon, fluat_billingcharges, fluat_uploaddaemon, fluat_labeldaemon, fluat_eventdaemon, fluat_picktooldaemon, fluat_schedulerdaemon, fluatn_vomobadm

==============================================================================
BATCH/DAEMON JAVA DETAILS
==============================================================================
Batch/Daemon Java Processes | 24
Java-Name | Java-Path
fluatnew_dwa | /data/batchapp/softeon/fluatnew/downloaddaemon
fluatnew_event | /data/batchapp/softeon/fluatnew/eventdaemon
fluatnew_ftp | /data/batchapp/softeon/fluatnew/ftpdaemon
fluatnew_lbl | /data/batchapp/softeon/fluatnew/labeldaemon
fluatnew_repl | /data/batchapp/softeon/fluatnew/replenishmentdaemon
fluatnew_rpt | /data/batchapp/softeon/fluatnew/reportdaemon
fluatnew_jqgrid | /data/batchapp/softeon/fluatnew/reportjqgridexportdaemon
fluatnew_sch | /data/batchapp/softeon/fluatnew/schedulardaemon
fluatnew_inbq | /data/batchapp/softeon/fluatnew/uploaddeamon
fluatnew_wld | /data/batchapp/softeon/fluatnew/wavelaunchdaemon
fluat_1vomob | /data/batchapp/softeon/fluatnew/voicemobiledaemon1
fluat_ftpdaemon | /data/app/java/jdk1.7.0_80/bin/fluat_ftpdaemon
fluat_wavelaunchdaemon | /data/app/java/jdk1.7.0_80/bin/fluat_wavelaunchdaemon
fluat_reportdaemon | /data/app/java/jdk1.7.0_80/bin/fluat_reportdaemon
fluat_billtransprocess | /data/app/java/jdk1.7.0_80/bin/fluat_billtransprocess
fluat_replenishmentdaemon | /data/app/java/jdk1.7.0_80/bin/fluat_replenishmentdaemon
fluat_downloaddaemon | /data/app/java/jdk1.7.0_80/bin/fluat_downloaddaemon
fluat_billingcharges | /data/app/java/jdk1.7.0_80/bin/fluat_billingcharges
fluat_uploaddaemon | /data/app/java/jdk1.7.0_80/bin/fluat_uploaddaemon
fluat_labeldaemon | /data/app/java/jdk1.7.0_80/bin/fluat_labeldaemon
fluat_eventdaemon | /data/app/java/jdk1.7.0_80/bin/fluat_eventdaemon
fluat_picktooldaemon | /data/app/java/jdk1.7.0_80/bin/fluat_picktooldaemon
fluat_schedulerdaemon | /data/app/java/jdk1.7.0_80/bin/fluat_schedulerdaemon
fluatn_vomobadm | /data/batchapp/softeon/fluatnew/voiceadminserver

==============================================================================
JBOSS/WILDFLY APPS (simple table)
==============================================================================
JBoss App Processes | 2
PID | AppName | JbossVersion | Java-Name | Port | URL | Status | Code | SSL-Status | App-Path
2551 | fluat | app | fluat_jboss | 80 | 172.31.14.30:80 | UP | 200 | Disabled | /data/app/jboss72/fluat/standalone
3525 | fluatnew | jboss730eap | fluatnew_jb730e | 8081 | 172.31.14.30:8081 | UP | 200 | Disabled | /data/app/jboss730eap/softeon/fluatnew/standalone

==============================================================================
Server Availability Check Completed | 2026-07-04 06:32:35.607192
==============================================================================

2026-07-04 02:33:04,680 - 3725582 - ERROR - app_validation.py errors for i-0d081e4c548f00038:

2026-07-04 02:33:04,682 - 3725582 - INFO - [Retry-2] After log saved: /data/patching_report/validation-2026-07-04/q3-fl-uat/172.31.14.30/172.31.14.30-AfterPatching-Retry2-2026-07-04-02-33-04-682.log
2026-07-04 02:33:04,736 - 3725582 - INFO - [Retry-2] RED detected for FL UAT Application and Batch Server (172.31.14.30), retrying... (Total waited: 1200s)
2026-07-04 02:33:04,736 - 3725582 - INFO - [Retry-3] Waiting 600s for i-0d081e4c548f00038...
2026-07-04 02:43:05,018 - 3725582 - INFO - Sent app_validation.py to i-0d081e4c548f00038 (command_id: 55d0555d-3920-4e07-a03d-956b137c3cf4)
2026-07-04 02:43:35,118 - 3725582 - INFO - app_validation.py output for i-0d081e4c548f00038:

==============================================================================
Server Availability Check Started | 2026-07-04 06:43:05.264787
==============================================================================

==============================================================================
SYSTEM INFORMATION
==============================================================================
Server IP | 172.31.14.30
Hostname | ip-172-31-14-30
Current User | root
Working Directory | /usr/bin
Time Zone | UTC

==============================================================================
STORAGE CHECK | /data mounts
==============================================================================
Filesystem | Size | Used | Avail | Use% | Mounted on
/dev/nvme1n1p2 | 226.2G | 74.7G | 140.0G | 33% | /data

==============================================================================
SYMLINK CHECK | root (/)
==============================================================================
Symlinks Total | 5
Symlinks Valid | 5
Symlinks Invalid | 0
Symlink | ResolvedTarget
/bin | /usr/bin
/data2 | /data/data2
/lib | /usr/lib
/lib64 | /usr/lib64
/sbin | /usr/sbin

==============================================================================
NFS CHECK
==============================================================================
NFS Package Installed | Yes
nfs-server.service Active | No
nfs-client.target Active | Yes
/etc/exports Present | Yes
EXPORTS_LINE | (empty)
NFS Mounted Shares | None

==============================================================================
CUPS CHECK
==============================================================================
CUPS Installed | Yes
CUPS Running | Yes
CUPS Version | 1.7.5
CUPS IP URL (http://172.31.14.30:631) | 200
Cups server Http Status | 200
Cups printers Http Status | 200
Printers Configured | 22

==============================================================================
FTP CHECK
==============================================================================
FTP Installed | No
FTP Running (Port 21 localhost) | No
FTP Port 21 Reachable on 172.31.14.30 | No
FTP Processes | None

==============================================================================
JAVA CHECK
==============================================================================
Total Java Processes | 28
Batch/Daemon Java Processes | 24
Non-Standalone Java Processes | fluatnew_dwa, fluatnew_event, fluatnew_ftp, fluatnew_lbl, fluatnew_repl, fluatnew_rpt, fluatnew_jqgrid, fluatnew_sch, fluatnew_inbq, fluatnew_wld, fluat_1vomob, fluat_ftpdaemon, fluat_wavelaunchdaemon, fluat_reportdaemon, fluat_billtransprocess, fluat_replenishmentdaemon, fluat_downloaddaemon, fluat_billingcharges, fluat_uploaddaemon, fluat_labeldaemon, fluat_eventdaemon, fluat_picktooldaemon, fluat_schedulerdaemon, fluatn_vomobadm

==============================================================================
BATCH/DAEMON JAVA DETAILS
==============================================================================
Batch/Daemon Java Processes | 24
Java-Name | Java-Path
fluatnew_dwa | /data/batchapp/softeon/fluatnew/downloaddaemon
fluatnew_event | /data/batchapp/softeon/fluatnew/eventdaemon
fluatnew_ftp | /data/batchapp/softeon/fluatnew/ftpdaemon
fluatnew_lbl | /data/batchapp/softeon/fluatnew/labeldaemon
fluatnew_repl | /data/batchapp/softeon/fluatnew/replenishmentdaemon
fluatnew_rpt | /data/batchapp/softeon/fluatnew/reportdaemon
fluatnew_jqgrid | /data/batchapp/softeon/fluatnew/reportjqgridexportdaemon
fluatnew_sch | /data/batchapp/softeon/fluatnew/schedulardaemon
fluatnew_inbq | /data/batchapp/softeon/fluatnew/uploaddeamon
fluatnew_wld | /data/batchapp/softeon/fluatnew/wavelaunchdaemon
fluat_1vomob | /data/batchapp/softeon/fluatnew/voicemobiledaemon1
fluat_ftpdaemon | /data/app/java/jdk1.7.0_80/bin/fluat_ftpdaemon
fluat_wavelaunchdaemon | /data/app/java/jdk1.7.0_80/bin/fluat_wavelaunchdaemon
fluat_reportdaemon | /data/app/java/jdk1.7.0_80/bin/fluat_reportdaemon
fluat_billtransprocess | /data/app/java/jdk1.7.0_80/bin/fluat_billtransprocess
fluat_replenishmentdaemon | /data/app/java/jdk1.7.0_80/bin/fluat_replenishmentdaemon
fluat_downloaddaemon | /data/app/java/jdk1.7.0_80/bin/fluat_downloaddaemon
fluat_billingcharges | /data/app/java/jdk1.7.0_80/bin/fluat_billingcharges
fluat_uploaddaemon | /data/app/java/jdk1.7.0_80/bin/fluat_uploaddaemon
fluat_labeldaemon | /data/app/java/jdk1.7.0_80/bin/fluat_labeldaemon
fluat_eventdaemon | /data/app/java/jdk1.7.0_80/bin/fluat_eventdaemon
fluat_picktooldaemon | /data/app/java/jdk1.7.0_80/bin/fluat_picktooldaemon
fluat_schedulerdaemon | /data/app/java/jdk1.7.0_80/bin/fluat_schedulerdaemon
fluatn_vomobadm | /data/batchapp/softeon/fluatnew/voiceadminserver

==============================================================================
JBOSS/WILDFLY APPS (simple table)
==============================================================================
JBoss App Processes | 2
PID | AppName | JbossVersion | Java-Name | Port | URL | Status | Code | SSL-Status | App-Path
2551 | fluat | app | fluat_jboss | 80 | 172.31.14.30:80 | UP | 200 | Disabled | /data/app/jboss72/fluat/standalone
3525 | fluatnew | jboss730eap | fluatnew_jb730e | 8081 | 172.31.14.30:8081 | UP | 200 | Disabled | /data/app/jboss730eap/softeon/fluatnew/standalone

==============================================================================
Server Availability Check Completed | 2026-07-04 06:43:05.929602
==============================================================================

2026-07-04 02:43:35,119 - 3725582 - ERROR - app_validation.py errors for i-0d081e4c548f00038:

2026-07-04 02:43:35,120 - 3725582 - INFO - [Retry-3] After log saved: /data/patching_report/validation-2026-07-04/q3-fl-uat/172.31.14.30/172.31.14.30-AfterPatching-Retry3-2026-07-04-02-43-35-120.log
2026-07-04 02:43:35,455 - 3725582 - INFO - Health monitor crontab enabled on all instances
2026-07-04 02:43:35,456 - 3725582 - WARNING - [Retry] Timeout - auto cron enabled for i-0d081e4c548f00038
