2026-08-02 02:07:03,157 - 2726515 - INFO - Email sent successfully to ['CloudOps@softeon.com']
2026-08-02 02:15:21,469 - 2726515 - INFO - Email sent successfully to ['CloudOps@softeon.com']
2026-08-02 02:15:21,651 - 2726515 - INFO - Log file ./logs/backup_2026-08-02.log uploaded to s3://q3-2025-aws-security-patching/pss-prod-251-app_Patch_Backup/2026-08-02/backup_2026-08-02.log
2026-08-02 06:07:02,798 - 2803159 - INFO - Logger setup has been removed, using shared logger from common.logs.logger.
2026-08-02 06:07:02,798 - 2803159 - INFO - Script Start Time: 2026-08-02 06:07:02
2026-08-02 06:07:03,041 - 2803159 - INFO - Tag: pss-prod-251-app, IPs: ['172.31.18.137', '172.31.18.41'], Environment: prod
2026-08-02 06:07:03,041 - 2803159 - INFO - Instance(s) selected for Patching: {'i-0d5053667fcdb9d69': '172.31.18.137', 'i-07ddedcdd69e32d4a': '172.31.18.41'}
2026-08-02 06:07:03,129 - 2803159 - INFO - Email sent successfully to ['CloudOps@softeon.com']
2026-08-02 06:07:03,129 - 2803159 - INFO - Now patching instances at: 2026-08-02 06:07:03
2026-08-02 06:07:03,313 - 2803159 - INFO - Sent app_validation.py to i-0d5053667fcdb9d69 (command_id: aa577747-da13-4e3a-8902-4af0c9b3c861)
2026-08-02 06:07:33,399 - 2803159 - INFO - SSM Command Status: Success
2026-08-02 06:07:33,399 - 2803159 - INFO - app_validation.py output for i-0d5053667fcdb9d69:

==============================================================================
Server Availability Check Started | 2026-08-02 10:07:03.648951
==============================================================================

==============================================================================
SYSTEM INFORMATION
==============================================================================
Server IP | 172.31.18.137
Hostname | ip-172-31-18-137
Current User | root
Working Directory | /usr/bin
Time Zone | UTC

==============================================================================
STORAGE CHECK | /data mounts
==============================================================================
Filesystem | Size | Used | Avail | Use% | Mounted on
/dev/nvme1n1p2 | 239.9G | 66.7G | 173.2G | 27% | /data
fs-00f970004d46f949a.efs.us-east-1.amazonaws.com:/ | 0B | 174.0G | 0B | 0% | /data2

==============================================================================
SYMLINK CHECK | root (/)
==============================================================================
Symlinks Total | 4
Symlinks Valid | 4
Symlinks Invalid | 0
Symlink | ResolvedTarget
/bin | /usr/bin
/lib | /usr/lib
/lib64 | /usr/lib64
/sbin | /usr/sbin

==============================================================================
NFS CHECK
==============================================================================
NFS Package Installed | Yes
nfs-server.service Active | No
nfs-client.target Active | Yes
/etc/exports Present | Yes
EXPORTS_LINE | (empty)
NFS_MOUNT | Device | MountPoint | FSType
NFS_MOUNT | fs-00f970004d46f949a.efs.us-east-1.amazonaws.com:/ | /data2 | nfs4

==============================================================================
CUPS CHECK
==============================================================================
CUPS Installed | Yes
CUPS Running | Yes
CUPS Version | cups-2.4.19-1.amzn2023.0.1.aarch64
CUPS IP URL (http://172.31.18.137:631) | 200
Cups server Http Status | 200
Cups printers Http Status | 200
Printers Configured | 104

==============================================================================
FTP CHECK
==============================================================================
FTP Installed | No
FTP Running (Port 21 localhost) | No
FTP Port 21 Reachable on 172.31.18.137 | No
FTP Processes | None

==============================================================================
JAVA CHECK
==============================================================================
Total Java Processes | 4
Batch/Daemon Java Processes | 0
Non-Standalone Java Processes | Not Found

==============================================================================
BATCH/DAEMON JAVA DETAILS
==============================================================================
Batch/Daemon Java Processes | 0
Batch/Daemon Java Details | None

==============================================================================
JBOSS/WILDFLY APPS (simple table)
==============================================================================
JBoss App Processes | 4
PID | AppName | JbossVersion | Java-Name | Port | URL | Status | Code | SSL-Status | App-Path
122242 | pssconfigprod | jboss740eap | pssconfig_jb740 | 8083 | 172.31.18.137:8083 | UP | 200 | Disabled | /data/app/jboss740eap/softeon/pssconfigprod/standalone
2335811 | pssprod | jboss800eap | pssprod_jb80eap | 8080 | 172.31.18.137:8080 | UP | 200 | Disabled | /data/app/jboss800eap/softeon/pssprod/standalone
2337833 | pssrfprod | jboss800eap | pssrfprod_jb80 | 8081 | 172.31.18.137:8081 | UP | 200 | Disabled | /data/app/jboss800eap/softeon/pssrfprod/standalone
2339841 | psswcprod | jboss800eap | psswcprod_jb80 | 8084 | 172.31.18.137:8084 | UP | 200 | Disabled | /data/app/jboss800eap/softeon/psswcprod/standalone

==============================================================================
HEALTH MONITOR CRONTAB STATUS
==============================================================================
Health Monitor Crontab | Not Found

==============================================================================
Server Availability Check Completed | 2026-08-02 10:07:04.496321
==============================================================================

2026-08-02 06:07:33,400 - 2803159 - INFO - Before patching log saved: /data/patching_report/validation-2026-08-02/pss-prod-251-app/172.31.18.137/172.31.18.137-BeforePatching-2026-08-02-06-07-33-400.log
2026-08-02 06:07:33,570 - 2803159 - INFO - Sent app_validation.py to i-07ddedcdd69e32d4a (command_id: a4250d2d-c964-416c-9311-b44739a85c88)
2026-08-02 06:08:03,661 - 2803159 - INFO - SSM Command Status: Success
2026-08-02 06:08:03,661 - 2803159 - INFO - app_validation.py output for i-07ddedcdd69e32d4a:

==============================================================================
Server Availability Check Started | 2026-08-02 10:07:33.932737
==============================================================================

==============================================================================
SYSTEM INFORMATION
==============================================================================
Server IP | 172.31.18.41
Hostname | ip-172-31-18-41
Current User | root
Working Directory | /usr/bin
Time Zone | UTC

==============================================================================
STORAGE CHECK | /data mounts
==============================================================================
Filesystem | Size | Used | Avail | Use% | Mounted on
/dev/nvme1n1p2 | 239.9G | 139.3G | 100.5G | 58% | /data
fs-00f970004d46f949a.efs.us-east-1.amazonaws.com:/ | 0B | 174.0G | 0B | 0% | /data2

==============================================================================
SYMLINK CHECK | root (/)
==============================================================================
Symlinks Total | 4
Symlinks Valid | 4
Symlinks Invalid | 0
Symlink | ResolvedTarget
/bin | /usr/bin
/lib | /usr/lib
/lib64 | /usr/lib64
/sbin | /usr/sbin

==============================================================================
NFS CHECK
==============================================================================
NFS Package Installed | Yes
nfs-server.service Active | No
nfs-client.target Active | Yes
/etc/exports Present | Yes
EXPORTS_LINE | (empty)
NFS_MOUNT | Device | MountPoint | FSType
NFS_MOUNT | fs-00f970004d46f949a.efs.us-east-1.amazonaws.com:/ | /data2 | nfs4

==============================================================================
CUPS CHECK
==============================================================================
CUPS Installed | Yes
CUPS Running | Yes
CUPS Version | cups-2.4.19-1.amzn2023.0.1.aarch64
CUPS IP URL (http://172.31.18.41:631) | 200
Cups server Http Status | 200
Cups printers Http Status | 200
Printers Configured | 98

==============================================================================
FTP CHECK
==============================================================================
FTP Installed | No
FTP Running (Port 21 localhost) | No
FTP Port 21 Reachable on 172.31.18.41 | No
FTP Processes | None

==============================================================================
JAVA CHECK
==============================================================================
Total Java Processes | 21
Batch/Daemon Java Processes | 21
Non-Standalone Java Processes | pssprod_1dwa, pssprod_ftp, pssprod_billivb, pssprod_rplpri, pssprod_billcb, pssprod_apick, pssprod_vomob, pssprod_wsq, pssprod_sdrpt, pssprod_inbq, pssprod_event, pssprod_sch, pssprod_lbl, pssprod_voadm, pssprod_rccl, pssprod_jqgrid, pssprod_rpt, pssprod_repl, pssprod_dwa, pssprod_harp, pssprod_wld

==============================================================================
BATCH/DAEMON JAVA DETAILS
==============================================================================
Batch/Daemon Java Processes | 21
Java-Name | Java-Path
pssprod_1dwa | /data/batchapp/softeon/pssprod/downloaddaemon1
pssprod_ftp | /data/batchapp/softeon/pssprod/ftpdaemon
pssprod_billivb | /data/batchapp/softeon/pssprod/billinginvoicebatchdaemon
pssprod_rplpri | /data/batchapp/softeon/pssprod/replenishmentpriorityupdatedaemon
pssprod_billcb | /data/batchapp/softeon/pssprod/billingchargebatchdaemon
pssprod_apick | /data/batchapp/softeon/pssprod/autopicktooldaemon
pssprod_vomob | /data/batchapp/softeon/pssprod/voicemobiledaemon
pssprod_wsq | /data/batchapp/softeon/pssprod/wsqdaemon
pssprod_sdrpt | /data/batchapp/softeon/pssprod/shippingdocumentdaemon
pssprod_inbq | /data/batchapp/softeon/pssprod/uploaddaemon
pssprod_event | /data/batchapp/softeon/pssprod/eventdaemon
pssprod_sch | /data/batchapp/softeon/pssprod/schedulerdaemon
pssprod_lbl | /data/batchapp/softeon/pssprod/labeldaemon
pssprod_voadm | /data/batchapp/softeon/pssprod/voiceadminserver
pssprod_rccl | /data/batchapp/softeon/pssprod/replenishmentpickloccanceldaemon
pssprod_jqgrid | /data/batchapp/softeon/pssprod/reportjqgridexportdaemon
pssprod_rpt | /data/batchapp/softeon/pssprod/reportdaemon
pssprod_repl | /data/batchapp/softeon/pssprod/replenishmentdaemon
pssprod_dwa | /data/batchapp/softeon/pssprod/downloaddaemon
pssprod_harp | /data/batchapp/softeon/pssprod/hardallocationdaemon
pssprod_wld | /data/batchapp/softeon/pssprod/wavelaunchdaemon

==============================================================================
JBOSS/WILDFLY APPS (simple table)
==============================================================================
JBoss App Processes | 0
JBoss Apps | None

==============================================================================
HEALTH MONITOR CRONTAB STATUS
==============================================================================
Health Monitor Crontab | Active

==============================================================================
Server Availability Check Completed | 2026-08-02 10:07:34.745665
==============================================================================

2026-08-02 06:08:03,663 - 2803159 - INFO - Before patching log saved: /data/patching_report/validation-2026-08-02/pss-prod-251-app/172.31.18.41/172.31.18.41-BeforePatching-2026-08-02-06-08-03-662.log
2026-08-02 06:08:08,942 - 2803159 - INFO - i-0d5053667fcdb9d69: Cron was active = False
2026-08-02 06:08:14,185 - 2803159 - INFO - i-07ddedcdd69e32d4a: Cron was active = True
2026-08-02 06:08:14,349 - 2803159 - INFO - Health monitor crontab disabled on all instances
2026-08-02 06:08:14,350 - 2803159 - INFO - Disabled cron for: ['i-07ddedcdd69e32d4a']
2026-08-02 06:08:14,532 - 2803159 - INFO - Sending patch command to instance i-0d5053667fcdb9d69
2026-08-02 06:08:14,653 - 2803159 - INFO - Command sent successfully to instance i-0d5053667fcdb9d69. Command ID: e638f42d-3066-4c59-a923-c0b0483a3dbe
2026-08-02 06:08:14,785 - 2803159 - INFO - Sending patch command to instance i-07ddedcdd69e32d4a
2026-08-02 06:08:14,887 - 2803159 - INFO - Command sent successfully to instance i-07ddedcdd69e32d4a. Command ID: 0f296861-5ca0-4e56-a52d-1b5429a32c79
2026-08-02 06:13:16,483 - 2803159 - INFO - All patches applied successfully.
2026-08-02 06:13:16,483 - 2803159 - INFO - Patching end time: 2026-08-02 06:13:16
2026-08-02 06:13:16,483 - 2803159 - INFO - Patch Elapsed time: 0:06:13.353697
2026-08-02 06:13:16,549 - 2803159 - INFO - Email sent successfully to ['CloudOps@softeon.com']
2026-08-02 06:13:16,549 - 2803159 - INFO - Confirmed - services are stopped
2026-08-02 06:13:37,424 - 2803159 - INFO - Discovered TG map: {'i-07ddedcdd69e32d4a': ['arn:aws:elasticloadbalancing:us-east-1:835314132208:targetgroup/PSS-25-1-Prod-Voice/a44c5d7de0212856'], 'i-0d5053667fcdb9d69': ['arn:aws:elasticloadbalancing:us-east-1:835314132208:targetgroup/PSS-Prod-Config/38a2c979eeb09e0c', 'arn:aws:elasticloadbalancing:us-east-1:835314132208:targetgroup/PSS-Prod-Desktop/4cfce63a48512db6', 'arn:aws:elasticloadbalancing:us-east-1:835314132208:targetgroup/PSS-Prod-RF/493df95953303e23', 'arn:aws:elasticloadbalancing:us-east-1:835314132208:targetgroup/PSS-Prod-WC/742961fcc23a1e68']}
2026-08-02 06:13:37,658 - 2803159 - INFO - Deregistering i-0d5053667fcdb9d69 from TG arn:aws:elasticloadbalancing:us-east-1:835314132208:targetgroup/PSS-Prod-Config/38a2c979eeb09e0c
2026-08-02 06:13:37,745 - 2803159 - INFO - Deregistering i-0d5053667fcdb9d69 from TG arn:aws:elasticloadbalancing:us-east-1:835314132208:targetgroup/PSS-Prod-Desktop/4cfce63a48512db6
2026-08-02 06:13:37,784 - 2803159 - INFO - Deregistering i-0d5053667fcdb9d69 from TG arn:aws:elasticloadbalancing:us-east-1:835314132208:targetgroup/PSS-Prod-RF/493df95953303e23
2026-08-02 06:13:37,836 - 2803159 - INFO - Deregistering i-0d5053667fcdb9d69 from TG arn:aws:elasticloadbalancing:us-east-1:835314132208:targetgroup/PSS-Prod-WC/742961fcc23a1e68
2026-08-02 06:13:37,885 - 2803159 - INFO - Stopping EC2 instance: i-0d5053667fcdb9d69 at 2026-08-02 06:13:37
2026-08-02 06:15:09,194 - 2803159 - INFO - Instance i-0d5053667fcdb9d69 stopped successfully.
2026-08-02 06:15:09,441 - 2803159 - INFO - Stopped i-0d5053667fcdb9d69 in 0:01:31.555634
2026-08-02 06:15:09,441 - 2803159 - INFO - Starting EC2 instance: i-0d5053667fcdb9d69
2026-08-02 06:15:25,380 - 2803159 - INFO - Instance i-0d5053667fcdb9d69 started successfully.
2026-08-02 06:15:25,380 - 2803159 - INFO - Waiting 100 seconds for SSM agent to be ready on i-0d5053667fcdb9d69...
2026-08-02 06:17:05,479 - 2803159 - INFO - Registering i-0d5053667fcdb9d69 to TG arn:aws:elasticloadbalancing:us-east-1:835314132208:targetgroup/PSS-Prod-Config/38a2c979eeb09e0c
2026-08-02 06:17:05,734 - 2803159 - INFO - Registering i-0d5053667fcdb9d69 to TG arn:aws:elasticloadbalancing:us-east-1:835314132208:targetgroup/PSS-Prod-Desktop/4cfce63a48512db6
2026-08-02 06:17:05,867 - 2803159 - INFO - Registering i-0d5053667fcdb9d69 to TG arn:aws:elasticloadbalancing:us-east-1:835314132208:targetgroup/PSS-Prod-RF/493df95953303e23
2026-08-02 06:17:05,989 - 2803159 - INFO - Registering i-0d5053667fcdb9d69 to TG arn:aws:elasticloadbalancing:us-east-1:835314132208:targetgroup/PSS-Prod-WC/742961fcc23a1e68
2026-08-02 06:25:07,099 - 2803159 - WARNING - i-0d5053667fcdb9d69 not healthy in arn:aws:elasticloadbalancing:us-east-1:835314132208:targetgroup/PSS-Prod-Config/38a2c979eeb09e0c after timeout.
2026-08-02 06:25:07,129 - 2803159 - WARNING - i-0d5053667fcdb9d69 not healthy in arn:aws:elasticloadbalancing:us-east-1:835314132208:targetgroup/PSS-Prod-Desktop/4cfce63a48512db6 after timeout.
2026-08-02 06:25:07,161 - 2803159 - WARNING - i-0d5053667fcdb9d69 not healthy in arn:aws:elasticloadbalancing:us-east-1:835314132208:targetgroup/PSS-Prod-RF/493df95953303e23 after timeout.
2026-08-02 06:25:07,397 - 2803159 - INFO - Email sent successfully to ['kishlayk@softeon.com', 'CloudOps@softeon.com']
2026-08-02 06:25:07,397 - 2803159 - ERROR - Aborting workflow: i-0d5053667fcdb9d69 is not healthy after restart.
2026-08-02 06:25:07,400 - 2803159 - INFO - Restart Total time: 0:11:50.721709
2026-08-02 06:25:07,400 - 2803159 - INFO - Auto-confirmed services are restarted
2026-08-02 06:25:07,401 - 2803159 - INFO - Confirmed - services are started
2026-08-02 06:25:07,537 - 2803159 - INFO - The following instances have failed the patch: []
2026-08-02 06:25:07,537 - 2803159 - INFO - No instances have failed the patch.
2026-08-02 06:25:07,537 - 2803159 - INFO - Total Patch Process time: 0:18:04.738972
2026-08-02 06:26:08,047 - 2803159 - INFO - Log file ./logs/patching_2026-08-02_pss-prod-251-app.log uploaded to s3://q3-2026-aws-security-patching/pss-prod-251-app_Patch/2026-08-02/patching_2026-08-02_pss-prod-251-app.log
