2026-07-26 03:20:03,132 - 367959 - INFO - Logger setup has been removed, using shared logger from common.logs.logger.
2026-07-26 03:20:03,132 - 367959 - INFO - Script Start Time: 2026-07-26 03:20:03
2026-07-26 03:20:03,440 - 367959 - INFO - Tag: UPS-PZN-Graylog, IPs: ['172.29.61.75', '172.29.61.37'], Environment: prod
2026-07-26 03:20:03,441 - 367959 - INFO - Instance(s) selected for Patching: {'i-008135e5376f1cd76': '172.29.61.75', 'i-0603da68e0d4c7766': '172.29.61.37'}
2026-07-26 03:20:03,516 - 367959 - INFO - Email sent successfully to ['CloudOps@softeon.com']
2026-07-26 03:20:03,516 - 367959 - INFO - Now patching instances at: 2026-07-26 03:20:03
2026-07-26 03:20:03,729 - 367959 - INFO - Sent app_validation.py to i-0603da68e0d4c7766 (command_id: ce42143e-21c1-40b0-a0a8-940dfa0c23d4)
2026-07-26 03:20:33,828 - 367959 - INFO - app_validation.py output for i-0603da68e0d4c7766:

==============================================================================
Server Availability Check Started | 2026-07-26 07:20:04.089566
==============================================================================

==============================================================================
SYSTEM INFORMATION
==============================================================================
Server IP | 172.29.61.37
Hostname | graylogupsp02
Current User | root
Working Directory | /usr/bin
Time Zone | UTC

==============================================================================
STORAGE CHECK | /data mounts
==============================================================================
Filesystem | Size | Used | Avail | Use% | Mounted on
/dev/nvme1n1p2 | 5.0T | 1.1T | 3.9T | 22% | /data

==============================================================================
SYMLINK CHECK | root (/)
==============================================================================
Symlinks Total | 4
Symlinks Valid | 4
Symlinks Invalid | 0
Symlink | ResolvedTarget
/bin | /usr/bin
/lib | /usr/lib
/lib64 | /usr/lib64
/sbin | /usr/sbin

==============================================================================
NFS CHECK
==============================================================================
NFS Package Installed | Yes
nfs-server.service Active | No
nfs-client.target Active | Yes
/etc/exports Present | Yes
EXPORTS_LINE | (empty)
NFS Mounted Shares | None

==============================================================================
CUPS CHECK
==============================================================================
CUPS Installed | No
CUPS Running | No
CUPS Version | Not Found
CUPS IP Port 631 Reachable | No
Cups server Http Status | Not Found
Cups printers Http Status | Not Found
Printers Configured | Not Found

==============================================================================
FTP CHECK
==============================================================================
FTP Installed | No
FTP Running (Port 21 localhost) | No
FTP Port 21 Reachable on 172.29.61.37 | No
FTP Processes | None

==============================================================================
JAVA CHECK
==============================================================================
Total Java Processes | 2
Batch/Daemon Java Processes | 2
Non-Standalone Java Processes | java, java

==============================================================================
BATCH/DAEMON JAVA DETAILS
==============================================================================
Batch/Daemon Java Processes | 2
Java-Name | Java-Path
java | /bin/java
java | /usr/share/graylog-datanode/dist/opensearch-2.15.0-linux-x64

==============================================================================
JBOSS/WILDFLY APPS (simple table)
==============================================================================
JBoss App Processes | 0
JBoss Apps | None

==============================================================================
HEALTH MONITOR CRONTAB STATUS
==============================================================================
Health Monitor Crontab | Not Found

==============================================================================
Server Availability Check Completed | 2026-07-26 07:20:04.532567
==============================================================================

2026-07-26 03:20:33,828 - 367959 - ERROR - app_validation.py errors for i-0603da68e0d4c7766:

2026-07-26 03:20:33,830 - 367959 - INFO - Before patching log saved: /data/patching_report/validation-2026-07-26/UPS-PZN-Graylog/172.29.61.37/172.29.61.37-BeforePatching-2026-07-26-03-20-33-830.log
2026-07-26 03:20:33,998 - 367959 - INFO - Sent app_validation.py to i-008135e5376f1cd76 (command_id: 0d0cd5d9-4d00-4bf2-a108-6078937678d1)
2026-07-26 03:21:04,080 - 367959 - INFO - app_validation.py output for i-008135e5376f1cd76:

==============================================================================
Server Availability Check Started | 2026-07-26 07:20:34.380976
==============================================================================

==============================================================================
SYSTEM INFORMATION
==============================================================================
Server IP | 172.29.61.75
Hostname | graylogupsp01
Current User | root
Working Directory | /usr/bin
Time Zone | UTC

==============================================================================
STORAGE CHECK | /data mounts
==============================================================================
Filesystem | Size | Used | Avail | Use% | Mounted on
/dev/nvme1n1p2 | 5.0T | 1.2T | 3.8T | 23% | /data

==============================================================================
SYMLINK CHECK | root (/)
==============================================================================
Symlinks Total | 4
Symlinks Valid | 4
Symlinks Invalid | 0
Symlink | ResolvedTarget
/bin | /usr/bin
/lib | /usr/lib
/lib64 | /usr/lib64
/sbin | /usr/sbin

==============================================================================
NFS CHECK
==============================================================================
NFS Package Installed | Yes
nfs-server.service Active | No
nfs-client.target Active | Yes
/etc/exports Present | Yes
EXPORTS_LINE | (empty)
NFS Mounted Shares | None

==============================================================================
CUPS CHECK
==============================================================================
CUPS Installed | No
CUPS Running | No
CUPS Version | Not Found
CUPS IP Port 631 Reachable | No
Cups server Http Status | Not Found
Cups printers Http Status | Not Found
Printers Configured | Not Found

==============================================================================
FTP CHECK
==============================================================================
FTP Installed | No
FTP Running (Port 21 localhost) | No
FTP Port 21 Reachable on 172.29.61.75 | No
FTP Processes | None

==============================================================================
JAVA CHECK
==============================================================================
Total Java Processes | 3
Batch/Daemon Java Processes | 2
Non-Standalone Java Processes | java, java

==============================================================================
BATCH/DAEMON JAVA DETAILS
==============================================================================
Batch/Daemon Java Processes | 2
Java-Name | Java-Path
java | /bin/java
java | /usr/share/graylog-datanode/dist/opensearch-2.15.0-linux-x64

==============================================================================
JBOSS/WILDFLY APPS (simple table)
==============================================================================
JBoss App Processes | 0
JBoss Apps | None

==============================================================================
HEALTH MONITOR CRONTAB STATUS
==============================================================================
Health Monitor Crontab | Not Found

==============================================================================
Server Availability Check Completed | 2026-07-26 07:20:34.578578
==============================================================================

2026-07-26 03:21:04,080 - 367959 - ERROR - app_validation.py errors for i-008135e5376f1cd76:

2026-07-26 03:21:04,082 - 367959 - INFO - Before patching log saved: /data/patching_report/validation-2026-07-26/UPS-PZN-Graylog/172.29.61.75/172.29.61.75-BeforePatching-2026-07-26-03-21-04-081.log
2026-07-26 03:21:09,346 - 367959 - INFO - i-0603da68e0d4c7766: Cron was active = False
2026-07-26 03:21:14,533 - 367959 - INFO - i-008135e5376f1cd76: Cron was active = False
2026-07-26 03:21:14,534 - 367959 - INFO - No active cron is found on any instance, skipping disable step.
2026-07-26 03:21:14,621 - 367959 - INFO - Sending patch command to instance i-0603da68e0d4c7766
2026-07-26 03:21:14,718 - 367959 - INFO - Command sent successfully to instance i-0603da68e0d4c7766. Command ID: 343d42fb-8553-4ac3-983a-c79dc5fe2439
2026-07-26 03:21:14,870 - 367959 - INFO - Sending patch command to instance i-008135e5376f1cd76
2026-07-26 03:21:14,953 - 367959 - INFO - Command sent successfully to instance i-008135e5376f1cd76. Command ID: 4bb85483-c0e0-479c-8ce0-9c45e1ca8133
2026-07-26 03:30:17,207 - 367959 - INFO - All patches applied successfully.
2026-07-26 03:30:17,208 - 367959 - INFO - Patching end time: 2026-07-26 03:30:17
2026-07-26 03:30:17,208 - 367959 - INFO - Patch Elapsed time: 0:10:13.691224
2026-07-26 03:30:17,286 - 367959 - INFO - Email sent successfully to ['CloudOps@softeon.com']
2026-07-26 03:30:17,286 - 367959 - INFO - Confirmed - services are stopped
2026-07-26 03:30:38,220 - 367959 - INFO - Discovered TG map: {'i-008135e5376f1cd76': ['arn:aws:elasticloadbalancing:us-east-1:835314132208:targetgroup/UPS-PZN-Prod-GrayLog/7afadbe4dbdfbeb0']}
2026-07-26 03:30:38,400 - 367959 - INFO - Stopping EC2 instance: i-0603da68e0d4c7766 at 2026-07-26 03:30:38
2026-07-26 03:31:54,503 - 367959 - INFO - Instance i-0603da68e0d4c7766 stopped successfully.
2026-07-26 03:31:54,761 - 367959 - INFO - Stopped i-0603da68e0d4c7766 in 0:01:16.361179
2026-07-26 03:31:54,762 - 367959 - INFO - Starting EC2 instance: i-0603da68e0d4c7766
2026-07-26 03:32:10,771 - 367959 - INFO - Instance i-0603da68e0d4c7766 started successfully.
2026-07-26 03:32:10,771 - 367959 - INFO - Waiting 100 seconds for SSM agent to be ready on i-0603da68e0d4c7766...
2026-07-26 03:33:51,113 - 367959 - INFO - Sent app_validation.py to i-0603da68e0d4c7766 (command_id: 0c37a3c6-5697-4325-b790-63f4b64e590c)
2026-07-26 03:34:21,197 - 367959 - INFO - app_validation.py output for i-0603da68e0d4c7766:

==============================================================================
Server Availability Check Started | 2026-07-26 07:33:51.459816
==============================================================================

==============================================================================
SYSTEM INFORMATION
==============================================================================
Server IP | 172.29.61.37
Hostname | graylogupsp02
Current User | root
Working Directory | /usr/bin
Time Zone | UTC

==============================================================================
STORAGE CHECK | /data mounts
==============================================================================
Filesystem | Size | Used | Avail | Use% | Mounted on
/dev/nvme1n1p2 | 5.0T | 1.1T | 3.9T | 22% | /data

==============================================================================
SYMLINK CHECK | root (/)
==============================================================================
Symlinks Total | 4
Symlinks Valid | 4
Symlinks Invalid | 0
Symlink | ResolvedTarget
/bin | /usr/bin
/lib | /usr/lib
/lib64 | /usr/lib64
/sbin | /usr/sbin

==============================================================================
NFS CHECK
==============================================================================
NFS Package Installed | Yes
nfs-server.service Active | No
nfs-client.target Active | Yes
/etc/exports Present | Yes
EXPORTS_LINE | (empty)
NFS Mounted Shares | None

==============================================================================
CUPS CHECK
==============================================================================
CUPS Installed | No
CUPS Running | No
CUPS Version | Not Found
CUPS IP Port 631 Reachable | No
Cups server Http Status | Not Found
Cups printers Http Status | Not Found
Printers Configured | Not Found

==============================================================================
FTP CHECK
==============================================================================
FTP Installed | No
FTP Running (Port 21 localhost) | No
FTP Port 21 Reachable on 172.29.61.37 | No
FTP Processes | None

==============================================================================
JAVA CHECK
==============================================================================
Total Java Processes | 2
Batch/Daemon Java Processes | 2
Non-Standalone Java Processes | java, java

==============================================================================
BATCH/DAEMON JAVA DETAILS
==============================================================================
Batch/Daemon Java Processes | 2
Java-Name | Java-Path
java | /bin/java
java | /usr/share/graylog-datanode/dist/opensearch-2.15.0-linux-x64

==============================================================================
JBOSS/WILDFLY APPS (simple table)
==============================================================================
JBoss App Processes | 0
JBoss Apps | None

==============================================================================
HEALTH MONITOR CRONTAB STATUS
==============================================================================
Health Monitor Crontab | Not Found

==============================================================================
Server Availability Check Completed | 2026-07-26 07:33:51.677713
==============================================================================

2026-07-26 03:34:21,197 - 367959 - ERROR - app_validation.py errors for i-0603da68e0d4c7766:

2026-07-26 03:34:21,199 - 367959 - INFO - After patching validation saved to: /data/patching_report/validation-2026-07-26/UPS-PZN-Graylog/172.29.61.37/172.29.61.37-AfterPatching-2026-07-26-03-34-21-199.log
2026-07-26 03:34:21,256 - 367959 - INFO - Validation comparison report generated: /data/patching_report/validation-2026-07-26/UPS-PZN-Graylog/172.29.61.37/172.29.61.37-Validation-details-2026-07-26-03-34-21-199.html
2026-07-26 03:34:21,372 - 367959 - INFO - i-0603da68e0d4c7766: Cron was not active - skipping enable
2026-07-26 03:34:21,446 - 367959 - INFO - Email sent successfully to ['kishlayk@softeon.com', 'CloudOps@softeon.com']
2026-07-26 03:34:21,446 - 367959 - INFO - GREEN mail sent for i-0603da68e0d4c7766
2026-07-26 03:34:21,702 - 367959 - INFO - Started i-0603da68e0d4c7766 in 0:02:26.939666
2026-07-26 03:34:21,702 - 367959 - INFO - Waiting 120 seconds before proceeding to the next instance...
2026-07-26 03:36:21,740 - 367959 - INFO - Deregistering i-008135e5376f1cd76 from TG arn:aws:elasticloadbalancing:us-east-1:835314132208:targetgroup/UPS-PZN-Prod-GrayLog/7afadbe4dbdfbeb0
2026-07-26 03:36:21,821 - 367959 - INFO - Stopping EC2 instance: i-008135e5376f1cd76 at 2026-07-26 03:36:21
2026-07-26 03:37:53,113 - 367959 - INFO - Instance i-008135e5376f1cd76 stopped successfully.
2026-07-26 03:37:53,380 - 367959 - INFO - Stopped i-008135e5376f1cd76 in 0:01:31.558740
2026-07-26 03:37:53,380 - 367959 - INFO - Starting EC2 instance: i-008135e5376f1cd76
2026-07-26 03:38:09,284 - 367959 - INFO - Instance i-008135e5376f1cd76 started successfully.
2026-07-26 03:38:09,284 - 367959 - INFO - Waiting 100 seconds for SSM agent to be ready on i-008135e5376f1cd76...
2026-07-26 03:39:49,339 - 367959 - INFO - Registering i-008135e5376f1cd76 to TG arn:aws:elasticloadbalancing:us-east-1:835314132208:targetgroup/UPS-PZN-Prod-GrayLog/7afadbe4dbdfbeb0
2026-07-26 03:40:19,793 - 367959 - INFO - Sent app_validation.py to i-008135e5376f1cd76 (command_id: 8f775c8c-33bf-4042-a8e2-3988cf5323d9)
2026-07-26 03:40:49,880 - 367959 - INFO - app_validation.py output for i-008135e5376f1cd76:

==============================================================================
Server Availability Check Started | 2026-07-26 07:40:20.296684
==============================================================================

==============================================================================
SYSTEM INFORMATION
==============================================================================
Server IP | 172.29.61.75
Hostname | graylogupsp01
Current User | root
Working Directory | /usr/bin
Time Zone | UTC

==============================================================================
STORAGE CHECK | /data mounts
==============================================================================
Filesystem | Size | Used | Avail | Use% | Mounted on
/dev/nvme1n1p2 | 5.0T | 1.2T | 3.8T | 23% | /data

==============================================================================
SYMLINK CHECK | root (/)
==============================================================================
Symlinks Total | 4
Symlinks Valid | 4
Symlinks Invalid | 0
Symlink | ResolvedTarget
/bin | /usr/bin
/lib | /usr/lib
/lib64 | /usr/lib64
/sbin | /usr/sbin

==============================================================================
NFS CHECK
==============================================================================
NFS Package Installed | Yes
nfs-server.service Active | No
nfs-client.target Active | Yes
/etc/exports Present | Yes
EXPORTS_LINE | (empty)
NFS Mounted Shares | None

==============================================================================
CUPS CHECK
==============================================================================
CUPS Installed | No
CUPS Running | No
CUPS Version | Not Found
CUPS IP Port 631 Reachable | No
Cups server Http Status | Not Found
Cups printers Http Status | Not Found
Printers Configured | Not Found

==============================================================================
FTP CHECK
==============================================================================
FTP Installed | No
FTP Running (Port 21 localhost) | No
FTP Port 21 Reachable on 172.29.61.75 | No
FTP Processes | None

==============================================================================
JAVA CHECK
==============================================================================
Total Java Processes | 3
Batch/Daemon Java Processes | 2
Non-Standalone Java Processes | java, java

==============================================================================
BATCH/DAEMON JAVA DETAILS
==============================================================================
Batch/Daemon Java Processes | 2
Java-Name | Java-Path
java | /bin/java
java | /usr/share/graylog-datanode/dist/opensearch-2.15.0-linux-x64

==============================================================================
JBOSS/WILDFLY APPS (simple table)
==============================================================================
JBoss App Processes | 0
JBoss Apps | None

==============================================================================
HEALTH MONITOR CRONTAB STATUS
==============================================================================
Health Monitor Crontab | Not Found

==============================================================================
Server Availability Check Completed | 2026-07-26 07:40:20.758023
==============================================================================

2026-07-26 03:40:49,880 - 367959 - ERROR - app_validation.py errors for i-008135e5376f1cd76:

2026-07-26 03:40:49,882 - 367959 - INFO - After patching validation saved to: /data/patching_report/validation-2026-07-26/UPS-PZN-Graylog/172.29.61.75/172.29.61.75-AfterPatching-2026-07-26-03-40-49-881.log
2026-07-26 03:40:49,936 - 367959 - INFO - Validation comparison report generated: /data/patching_report/validation-2026-07-26/UPS-PZN-Graylog/172.29.61.75/172.29.61.75-Validation-details-2026-07-26-03-40-49-881.html
2026-07-26 03:40:50,238 - 367959 - INFO - i-008135e5376f1cd76: Cron was not active - skipping enable
2026-07-26 03:40:50,308 - 367959 - INFO - Email sent successfully to ['kishlayk@softeon.com', 'CloudOps@softeon.com']
2026-07-26 03:40:50,308 - 367959 - INFO - GREEN mail sent for i-008135e5376f1cd76
2026-07-26 03:40:50,560 - 367959 - INFO - Started i-008135e5376f1cd76 in 0:02:57.179956
2026-07-26 03:40:50,561 - 367959 - INFO - All instances processed.
2026-07-26 03:40:50,565 - 367959 - INFO - Restart Total time: 0:10:33.146477
2026-07-26 03:40:50,566 - 367959 - INFO - Auto-confirmed services are restarted
2026-07-26 03:40:50,566 - 367959 - INFO - Confirmed - services are started
2026-07-26 03:40:50,677 - 367959 - INFO - The following instances have failed the patch: []
2026-07-26 03:40:50,678 - 367959 - INFO - No instances have failed the patch.
2026-07-26 03:40:50,678 - 367959 - INFO - Total Patch Process time: 0:20:47.545112
2026-07-26 03:41:51,176 - 367959 - INFO - Log file ./logs/patching_2026-07-26_UPS-PZN-Graylog.log uploaded to s3://q3-2026-aws-security-patching/UPS-PZN-Graylog_Patch/2026-07-26/patching_2026-07-26_UPS-PZN-Graylog.log
