2026-07-19 00:40:02,335 - 364057 - INFO - Logger setup has been removed, using shared logger from common.logs.logger.
2026-07-19 00:40:02,335 - 364057 - INFO - Script Start Time: 2026-07-19 00:40:02
2026-07-19 00:40:02,781 - 364057 - INFO - Tag: UPS-APACPZN-Batch, IPs: ['172.29.60.249'], Environment: prod
2026-07-19 00:40:02,781 - 364057 - INFO - Instance(s) selected for Patching: {'i-0e9326d60ad946b5c': '172.29.60.249'}
2026-07-19 00:40:02,839 - 364057 - INFO - Email sent successfully to ['CloudOps@softeon.com']
2026-07-19 00:40:02,839 - 364057 - INFO - Now patching instances at: 2026-07-19 00:40:02
2026-07-19 00:40:03,010 - 364057 - INFO - Sent app_validation.py to i-0e9326d60ad946b5c (command_id: 76739208-b2a6-4a39-af0b-9088519387c2)
2026-07-19 00:40:33,096 - 364057 - INFO - app_validation.py output for i-0e9326d60ad946b5c:

==============================================================================
Server Availability Check Started | 2026-07-19 04:40:03.373313
==============================================================================

==============================================================================
SYSTEM INFORMATION
==============================================================================
Server IP | 172.29.60.249
Hostname | ip-172-29-60-249
Current User | root
Working Directory | /usr/bin
Time Zone | UTC

==============================================================================
STORAGE CHECK | /data mounts
==============================================================================
Filesystem | Size | Used | Avail | Use% | Mounted on
/dev/nvme1n1p2 | 289.9G | 146.9G | 142.9G | 50% | /data
fs-4f137acc.efs.us-east-1.amazonaws.com:/ | 0B | 129.8G | 0B | 0% | /data2

==============================================================================
SYMLINK CHECK | root (/)
==============================================================================
Symlinks Total | 4
Symlinks Valid | 4
Symlinks Invalid | 0
Symlink | ResolvedTarget
/bin | /usr/bin
/lib | /usr/lib
/lib64 | /usr/lib64
/sbin | /usr/sbin

==============================================================================
NFS CHECK
==============================================================================
NFS Package Installed | Yes
nfs-server.service Active | No
nfs-client.target Active | Yes
/etc/exports Present | Yes
EXPORTS_LINE | (empty)
NFS_MOUNT | Device | MountPoint | FSType
NFS_MOUNT | fs-4f137acc.efs.us-east-1.amazonaws.com:/ | /data2 | nfs4

==============================================================================
CUPS CHECK
==============================================================================
CUPS Installed | Yes
CUPS Running | Yes
CUPS Version | 1.7.5
CUPS IP URL (http://172.29.60.249:631) | 200
Cups server Http Status | 200
Cups printers Http Status | 200
Printers Configured | 109

==============================================================================
FTP CHECK
==============================================================================
FTP Installed | No
FTP Running (Port 21 localhost) | No
FTP Port 21 Reachable on 172.29.60.249 | No
FTP Processes | None

==============================================================================
JAVA CHECK
==============================================================================
Total Java Processes | 30
Batch/Daemon Java Processes | 27
Non-Standalone Java Processes | upspznap_dw, upspznap_event, pznap_ftp, upspznap_labl, upspznap_repl, upspznap_report, upspznap_RPTX, upspznap_schedu, upspznap_upload, upspznap_wave, pznap_apick, pznap_tiad, upspznap_schnot, upsismea_dw, upsismea_event, upsismea_ftp, upsismea_labl, upsismea_repl, upsismea_report, upsismea_rptx, upsismea_schedu, upsismea_upload, upsismea_wave, upsismea_aejll, upsismea_mamoh, upsismea_ngike, upsis_pl_report

==============================================================================
BATCH/DAEMON JAVA DETAILS
==============================================================================
Batch/Daemon Java Processes | 27
Java-Name | Java-Path
upspznap_dw | /data/batchapp/softeon/upsapacpznprod/pznap/downloaddaemon
upspznap_event | /data/batchapp/softeon/upsapacpznprod/pznap/eventdaemon
pznap_ftp | /data/batchapp/softeon/upsapacpznprod/pznap/ftpdaemon
upspznap_labl | /data/batchapp/softeon/upsapacpznprod/pznap/labeldaemon
upspznap_repl | /data/batchapp/softeon/upsapacpznprod/pznap/replenishmentdaemon
upspznap_report | /data/batchapp/softeon/upsapacpznprod/pznap/reportdaemon
upspznap_RPTX | /data/batchapp/softeon/upsapacpznprod/pznap/reportjqgridexportdaemon
upspznap_schedu | /data/batchapp/softeon/upsapacpznprod/pznap/schedulardaemon
upspznap_upload | /data/batchapp/softeon/upsapacpznprod/pznap/uploaddeamon
upspznap_wave | /data/batchapp/softeon/upsapacpznprod/pznap/wavelaunchdaemon
pznap_apick | /data/batchapp/softeon/upsapacpznprod/pznap/autopickdaemon
pznap_tiad | /data/batchapp/softeon/upsapacpznprod/pznap/taskinventoryallocationdaemon
upspznap_schnot | /data/batchapp/softeon/upsapacpznprod/pznap/schedulerdaemon_notification
upsismea_dw | /data/batchapp/softeon/upsapacpznprod/upsismea/downloaddaemon
upsismea_event | /data/batchapp/softeon/upsapacpznprod/upsismea/eventdaemon
upsismea_ftp | /data/batchapp/softeon/upsapacpznprod/upsismea/ftpdaemon
upsismea_labl | /data/batchapp/softeon/upsapacpznprod/upsismea/labeldaemon
upsismea_repl | /data/batchapp/softeon/upsapacpznprod/upsismea/replenishmentdaemon
upsismea_report | /data/batchapp/softeon/upsapacpznprod/upsismea/reportdaemon
upsismea_rptx | /data/batchapp/softeon/upsapacpznprod/upsismea/reportjqgridexportdaemon
upsismea_schedu | /data/batchapp/softeon/upsapacpznprod/upsismea/schedulardaemon
upsismea_upload | /data/batchapp/softeon/upsapacpznprod/upsismea/uploaddeamon
upsismea_wave | /data/batchapp/softeon/upsapacpznprod/upsismea/wavelaunchdaemon
upsismea_aejll | /data/batchapp/softeon/upsapacpznprod/upsismea/schedulerdaemon-aejll
upsismea_mamoh | /data/batchapp/softeon/upsapacpznprod/upsismea/schedulerdaemon-mamoh
upsismea_ngike | /data/batchapp/softeon/upsapacpznprod/upsismea/schedulerdaemon-ngike
upsis_pl_report | /data/batchapp/softeon/upsapacpznprod/upsismea/picklistreportdaemon

==============================================================================
JBOSS/WILDFLY APPS (simple table)
==============================================================================
JBoss App Processes | 0
JBoss Apps | None

==============================================================================
HEALTH MONITOR CRONTAB STATUS
==============================================================================
Health Monitor Crontab | Active

==============================================================================
Server Availability Check Completed | 2026-07-19 04:40:04.359353
==============================================================================

2026-07-19 00:40:33,096 - 364057 - ERROR - app_validation.py errors for i-0e9326d60ad946b5c:

2026-07-19 00:40:33,098 - 364057 - INFO - Before patching log saved: /data/patching_report/validation-2026-07-19/UPS-APACPZN-Batch/172.29.60.249/172.29.60.249-BeforePatching-2026-07-19-00-40-33-097.log
2026-07-19 00:40:38,334 - 364057 - INFO - i-0e9326d60ad946b5c: Cron was active = True
2026-07-19 00:40:38,544 - 364057 - INFO - Health monitor crontab disabled on all instances
2026-07-19 00:40:38,545 - 364057 - INFO - Disabled cron for: ['i-0e9326d60ad946b5c']
2026-07-19 00:40:38,633 - 364057 - INFO - Sending patch command to instance i-0e9326d60ad946b5c
2026-07-19 00:40:38,746 - 364057 - INFO - Command sent successfully to instance i-0e9326d60ad946b5c. Command ID: 61ec2e4a-cfb2-419c-9495-6931a027eb7a
2026-07-19 00:49:10,685 - 364057 - INFO - All patches applied successfully.
2026-07-19 00:49:10,686 - 364057 - INFO - Patching end time: 2026-07-19 00:49:10
2026-07-19 00:49:10,686 - 364057 - INFO - Patch Elapsed time: 0:09:07.846892
2026-07-19 00:49:10,748 - 364057 - INFO - Email sent successfully to ['CloudOps@softeon.com']
2026-07-19 00:49:10,748 - 364057 - INFO - Confirmed - services are stopped
2026-07-19 00:49:31,252 - 364057 - INFO - Discovered TG map: {}
2026-07-19 00:49:31,460 - 364057 - INFO - Stopping EC2 instance: i-0e9326d60ad946b5c at 2026-07-19 00:49:31
2026-07-19 00:51:32,943 - 364057 - INFO - Instance i-0e9326d60ad946b5c stopped successfully.
2026-07-19 00:51:33,446 - 364057 - INFO - Stopped i-0e9326d60ad946b5c in 0:02:01.986645
2026-07-19 00:51:33,447 - 364057 - INFO - Starting EC2 instance: i-0e9326d60ad946b5c
2026-07-19 00:51:49,437 - 364057 - INFO - Instance i-0e9326d60ad946b5c started successfully.
2026-07-19 00:51:49,437 - 364057 - INFO - Waiting 100 seconds for SSM agent to be ready on i-0e9326d60ad946b5c...
2026-07-19 00:53:29,695 - 364057 - INFO - Sent app_validation.py to i-0e9326d60ad946b5c (command_id: 262f6962-a8b8-429e-a9e2-bd1f39b1ccec)
2026-07-19 00:53:59,781 - 364057 - INFO - app_validation.py output for i-0e9326d60ad946b5c:

==============================================================================
Server Availability Check Started | 2026-07-19 04:53:30.066378
==============================================================================

==============================================================================
SYSTEM INFORMATION
==============================================================================
Server IP | 172.29.60.249
Hostname | ip-172-29-60-249
Current User | root
Working Directory | /usr/bin
Time Zone | UTC

==============================================================================
STORAGE CHECK | /data mounts
==============================================================================
Filesystem | Size | Used | Avail | Use% | Mounted on
/dev/nvme1n1p2 | 289.9G | 146.6G | 143.2G | 50% | /data
fs-4f137acc.efs.us-east-1.amazonaws.com:/ | 0B | 129.8G | 0B | 0% | /data2

==============================================================================
SYMLINK CHECK | root (/)
==============================================================================
Symlinks Total | 4
Symlinks Valid | 4
Symlinks Invalid | 0
Symlink | ResolvedTarget
/bin | /usr/bin
/lib | /usr/lib
/lib64 | /usr/lib64
/sbin | /usr/sbin

==============================================================================
NFS CHECK
==============================================================================
NFS Package Installed | Yes
nfs-server.service Active | No
nfs-client.target Active | Yes
/etc/exports Present | Yes
EXPORTS_LINE | (empty)
NFS_MOUNT | Device | MountPoint | FSType
NFS_MOUNT | fs-4f137acc.efs.us-east-1.amazonaws.com:/ | /data2 | nfs4

==============================================================================
CUPS CHECK
==============================================================================
CUPS Installed | Yes
CUPS Running | No
CUPS Version | 1.7.5
CUPS IP Port 631 Reachable | No
Cups server Http Status | Not Found
Cups printers Http Status | Not Found
Printers Configured | 0

==============================================================================
FTP CHECK
==============================================================================
FTP Installed | No
FTP Running (Port 21 localhost) | No
FTP Port 21 Reachable on 172.29.60.249 | No
FTP Processes | None

==============================================================================
JAVA CHECK
==============================================================================
Total Java Processes | 2
Batch/Daemon Java Processes | 0
Non-Standalone Java Processes | Not Found

==============================================================================
BATCH/DAEMON JAVA DETAILS
==============================================================================
Batch/Daemon Java Processes | 0
Batch/Daemon Java Details | None

==============================================================================
JBOSS/WILDFLY APPS (simple table)
==============================================================================
JBoss App Processes | 0
JBoss Apps | None

==============================================================================
HEALTH MONITOR CRONTAB STATUS
==============================================================================
Health Monitor Crontab | Disabled

==============================================================================
Server Availability Check Completed | 2026-07-19 04:53:30.410840
==============================================================================

2026-07-19 00:53:59,781 - 364057 - ERROR - app_validation.py errors for i-0e9326d60ad946b5c:

2026-07-19 00:53:59,782 - 364057 - INFO - After patching validation saved to: /data/patching_report/validation-2026-07-19/UPS-APACPZN-Batch/172.29.60.249/172.29.60.249-AfterPatching-2026-07-19-00-53-59-782.log
2026-07-19 00:53:59,833 - 364057 - INFO - Validation comparison report generated: /data/patching_report/validation-2026-07-19/UPS-APACPZN-Batch/172.29.60.249/172.29.60.249-Validation-details-2026-07-19-00-53-59-782.html
2026-07-19 00:54:00,007 - 364057 - INFO - Daemon count - Pre: 27, Post: 0
2026-07-19 00:54:00,007 - 364057 - INFO - CUPS: before=running after=not running version=1.7.5
2026-07-19 00:54:00,007 - 364057 - INFO - Manage_cron: True, daemon_action: True, cups_action: True
2026-07-19 00:54:00,008 - 364057 - INFO - Background: restarting daemons on i-0e9326d60ad946b5c
2026-07-19 00:54:00,011 - 364057 - INFO - Background thread started for i-0e9326d60ad946b5c - daemon:True cups:True
2026-07-19 00:54:00,266 - 364057 - INFO - Started i-0e9326d60ad946b5c in 0:02:26.819295
2026-07-19 00:54:00,267 - 364057 - INFO - All instances processed.
2026-07-19 00:54:00,269 - 364057 - INFO - Restart Total time: 0:04:49.396984
2026-07-19 00:54:00,270 - 364057 - INFO - Auto-confirmed services are restarted
2026-07-19 00:54:00,270 - 364057 - INFO - Confirmed - services are started
2026-07-19 00:54:00,382 - 364057 - INFO - The following instances have failed the patch: []
2026-07-19 00:54:00,382 - 364057 - INFO - No instances have failed the patch.
2026-07-19 00:54:00,382 - 364057 - INFO - Total Patch Process time: 0:13:58.046768
2026-07-19 00:54:30,328 - 364057 - INFO - Daemon restart output: 
2026-07-19 00:54:30,329 - 364057 - INFO - Waiting 100 sec for daemons to start on i-0e9326d60ad946b5c
2026-07-19 00:55:00,748 - 364057 - INFO - Log file ./logs/patching_2026-07-19_UPS-APACPZN-Batch.log uploaded to s3://q3-2026-aws-security-patching/UPS-APACPZN-Batch_Patch/2026-07-19/patching_2026-07-19_UPS-APACPZN-Batch.log
2026-07-19 00:56:10,401 - 364057 - INFO - CUPS was running (v1.7.5) before, not running after - reinstalling on i-0e9326d60ad946b5c
2026-07-19 00:56:10,648 - 364057 - INFO - CUPS upgrade command sent to i-0e9326d60ad946b5c (command_id: c6faffe8-e943-40ac-a5ff-e6ed8bfc33b7)
2026-07-19 00:57:10,817 - 364057 - INFO - CUPS upgrade output: '/etc/cups' -> '/tmp/cups-backup/cups1.7.5/cups'
'/etc/cups/client.conf' -> '/tmp/cups-backup/cups1.7.5/cups/client.conf'
'/etc/cups/snmp.conf.N' -> '/tmp/cups-backup/cups1.7.5/cups/snmp.conf.N'
'/etc/cups/cups-files.conf.N' -> '/tmp/cups-backup/cups1.7.5/cups/cups-files.conf.N'
'/etc/cups/printers.conf.O' -> '/tmp/cups-backup/cups1.7.5/cups/printers.conf.O'
'/etc/cups/printers.conf' -> '/tmp/cups-backup/cups1.7.5/cups/printers.conf'
'/etc/cups/cupsd.conf.N' -> '/tmp/cups-backup/cups1.7.5/cups/cupsd.conf.N'
'/etc/cups/cupsd.conf.default' -> '/tmp/cups-backup/cups1.7.5/cups/cupsd.conf.default'
'/etc/cups/interfaces' -> '/tmp/cups-backup/cups1.7.5/cups/interfaces'
'/etc/cups/cups-files.conf' -> '/tmp/cups-backup/cups1.7.5/cups/cups-files.conf'
'/etc/cups/cupsd.conf' -> '/tmp/cups-backup/cups1.7.5/cups/cupsd.conf'
'/etc/cups/snmp.conf' -> '/tmp/cups-backup/cups1.7.5/cups/snmp.conf'
'/etc/cups/ssl' -> '/tmp/cups-backup/cups1.7.5/cups/ssl'
'/etc/cups/ppd' -> '/tmp/cups-backup/cups1.7.5/cups/ppd'
Last metadata expiration check: 0:07:54 ago on Sun Jul 19 04:48:18 2026.
Dependencies resolved.
================================================================================
 Package           Architecture     Version             Repository         Size
================================================================================
Installing Groups:
 Development Tools                                                             

Transaction Summary
================================================================================

Complete!
cups-1.7.5/
cups-1.7.5/backend/
cups-1.7.5/berkeley/
cups-1.7.5/cgi-bin/
cups-1.7.5/CHANGES-1.0.txt
cups-1.7.5/CHANGES-1.1.txt
cups-1.7.5/CHANGES-1.2.txt
cups-1.7.5/CHANGES-1.3.txt
cups-1.7.5/CHANGES-1.4.txt
cups-1.7.5/CHANGES-1.5.txt
cups-1.7.5/CHANGES-1.6.txt
cups-1.7.5/CHANGES-IPPTOOL.txt
cups-1.7.5/CHANGES.txt
cups-1.7.5/conf/
cups-1.7.5/config-scripts/
cups-1.7.5/config.h.in
cups-1.7.5/configure
cups-1.7.5/configure.in
cups-1.7.5/CREDITS.txt
cups-1.7.5/cups/
cups-1.7.5/cups-config.in
cups-1.7.5/data/
cups-1.7.5/desktop/
cups-1.7.5/doc/
cups-1.7.5/examples/
cups-1.7.5/filter/
cups-1.7.5/install-sh
cups-1.7.5/INSTALL.txt
cups-1.7.5/IPPTOOL.txt
cups-1.7.5/LICENSE.txt
cups-1.7.5/locale/
cups-1.7.5/Makedefs.in
cups-1.7.5/Makefile
cups-1.7.5/man/
cups-1.7.5/monitor/
cups-1.7.5/notifier/
cups-1.7.5/packaging/
cups-1.7.5/ppdc/
cups-1.7.5/README.txt
cups-1.7.5/scheduler/
cups-1.7.5/systemv/
cups-1.7.5/templates/
cups-1.7.5/test/
cups-1.7.5/vcnet/
cups-1.7.5/xcode/
cups-1.7.5/xcode/config.h
cups-1.7.5/xcode/CUPS.xcodeproj/
cups-1.7.5/xcode/CUPS.xcodeproj/project.pbxproj
cups-1.7.5/vcnet/config.h
cups-1.7.5/vcnet/cups.sln
cups-1.7.5/vcnet/cupstestppd.vcproj
cups-1.7.5/vcnet/ippfind.vcproj
cups-1.7.5/vcnet/ipptool-installer.vdproj
cups-1.7.5/vcnet/ipptool.vcproj
cups-1.7.5/vcnet/libcups2-installer.vdproj
cups-1.7.5/vcnet/libcups2.vcproj
cups-1.7.5/vcnet/libcupsimage2.vcproj
cups-1.7.5/vcnet/README.txt
cups-1.7.5/vcnet/regex/
cups-1.7.5/vcnet/regex.vcproj
cups-1.7.5/vcnet/setdebug.bat
cups-1.7.5/vcnet/testfile.vcproj
cups-1.7.5/vcnet/testhttp.vcproj
cups-1.7.5/vcnet/regex/cclass.h
cups-1.7.5/vcnet/regex/cname.h
cups-1.7.5/vcnet/regex/COPYRIGHT
cups-1.7.5/vcnet/regex/debug.c
cups-1.7.5/vcnet/regex/debug.ih
cups-1.7.5/vcnet/regex/engine.c
cups-1.7.5/vcnet/regex/engine.ih
cups-1.7.5/vcnet/regex/main.c
cups-1.7.5/vcnet/regex/main.ih
cups-1.7.5/vcnet/regex/Makefile
cups-1.7.5/vcnet/regex/mkh
cups-1.7.5/vcnet/regex/README
cups-1.7.5/vcnet/regex/regcomp.c
cups-1.7.5/vcnet/regex/regcomp.ih
cups-1.7.5/vcnet/regex/regerror.c
cups-1.7.5/vcnet/regex/regerror.ih
cups-1.7.5/vcnet/regex/regex.3
cups-1.7.5/vcnet/regex/regex.7
cups-1.7.5/vcnet/regex/regex.def
cups-1.7.5/vcnet/regex/regex.h
cups-1.7.5/vcnet/regex/regex2.h
cups-1.7.5/vcnet/regex/regexec.c
cups-1.7.5/vcnet/regex/regfree.c
cups-1.7.5/vcnet/regex/split.c
cups-1.7.5/vcnet/regex/tests
cups-1.7.5/vcnet/regex/utils.h
cups-1.7.5/vcnet/regex/WHATSNEW
cups-1.7.5/test/4.1-requests.test
cups-1.7.5/test/4.2-cups-printer-ops.test
cups-1.7.5/test/4.3-job-ops.test
cups-1.7.5/test/4.4-subscription-ops.test
cups-1.7.5/test/5.1-lpadmin.sh
cups-1.7.5/test/5.2-lpc.sh
cups-1.7.5/test/5.3-lpq.sh
cups-1.7.5/test/5.4-lpstat.sh
cups-1.7.5/test/5.5-lp.sh
cups-1.7.5/test/5.6-lpr.sh
cups-1.7.5/test/5.7-lprm.sh
cups-1.7.5/test/5.8-cancel.sh
cups-1.7.5/test/5.9-lpinfo.sh
cups-1.7.5/test/cancel-current-job.test
cups-1.7.5/test/color.jpg
cups-1.7.5/test/create-job-format.test
cups-1.7.5/test/create-job-sheets.test
cups-1.7.5/test/create-job-timeout.test
cups-1.7.5/test/create-job.test
cups-1.7.5/test/create-printer-subscription.test
cups-1.7.5/test/Dependencies
cups-1.7.5/test/document-a4.pdf
cups-1.7.5/test/document-a4.ps
cups-1.7.5/test/document-a4.sla
cups-1.7.5/test/document-letter.pdf
cups-1.7.5/test/document-letter.ps
cups-1.7.5/test/document-letter.sla
cups-1.7.5/test/get-completed-jobs.test
cups-1.7.5/test/get-devices.test
cups-1.7.5/test/get-job-attributes.test
cups-1.7.5/test/get-job-attributes2.test
cups-1.7.5/test/get-jobs.test
cups-1.7.5/test/get-notifications.test
cups-1.7.5/test/get-ppd-printer.test
cups-1.7.5/test/get-ppd.test
cups-1.7.5/test/get-ppds-drv-only.test
cups-1.7.5/test/get-ppds-language.test
cups-1.7.5/test/get-ppds-make-and-model.test
cups-1.7.5/test/get-ppds-make.test
cups-1.7.5/test/get-ppds-product.test
cups-1.7.5/test/get-ppds-psversion.test
cups-1.7.5/test/get-ppds.test
cups-1.7.5/test/get-printer-attributes-2.0.test
cups-1.7.5/test/get-printer-attributes.test
cups-1.7.5/test/get-printers.test
cups-1.7.5/test/get-subscriptions.test
cups-1.7.5/test/gray.jpg
cups-1.7.5/test/ipp-1.1.test
cups-1.7.5/test/ipp-2.0.test
cups-1.7.5/test/ipp-2.1.test
cups-1.7.5/test/ipp-2.2.test
cups-1.7.5/test/ipp-backend.test
cups-1.7.5/test/ipp-everywhere.test
cups-1.7.5/test/ippdiscover.c
cups-1.7.5/test/ippfind.c
cups-1.7.5/test/ippserver.c
cups-1.7.5/test/ipptool.c
cups-1.7.5/test/make-ippeverywhere-print-tests.sh
cups-1.7.5/test/Makefile
cups-1.7.5/test/onepage-a4-300-black-1.pwg.gz
cups-1.7.5/test/onepage-a4.pdf
cups-1.7.5/test/onepage-a4.ps
cups-1.7.5/test/onepage-a4.sla
cups-1.7.5/test/onepage-letter-300-black-1.pwg.gz
cups-1.7.5/test/onepage-letter.pdf
cups-1.7.5/test/onepage-letter.ps
cups-1.7.5/test/onepage-letter.sla
cups-1.7.5/test/print-job-and-wait.test
cups-1.7.5/test/print-job-deflate.test
cups-1.7.5/test/print-job-gzip.test
cups-1.7.5/test/print-job-hold.test
cups-1.7.5/test/print-job-media-col.test
cups-1.7.5/test/print-job-password.test
cups-1.7.5/test/print-job.test
cups-1.7.5/test/print-uri.test
cups-1.7.5/test/printer.opacity
cups-1.7.5/test/printer.png
cups-1.7.5/test/run-stp-tests.sh
cups-1.7.5/test/set-attrs-hold.test
cups-1.7.5/test/str-header.html
cups-1.7.5/test/str-trailer.html
cups-1.7.5/test/test.convs
cups-1.7.5/test/testfile.jpg
cups-1.7.5/test/testfile.pcl
cups-1.7.5/test/testfile.pdf
cups-1.7.5/test/testfile.ps
cups-1.7.5/test/testfile.txt
cups-1.7.5/test/testhp.ppd
cups-1.7.5/test/testps.ppd
cups-1.7.5/test/validate-job.test
cups-1.7.5/test/waitjobs.sh
cups-1.7.5/test/xmltotest.c
cups-1.7.5/templates/add-class.tmpl
cups-1.7.5/templates/add-printer.tmpl
cups-1.7.5/templates/add-rss-subscription.tmpl
cups-1.7.5/templates/admin.tmpl
cups-1.7.5/templates/ca/
cups-1.7.5/templates/choose-device.tmpl
cups-1.7.5/templates/choose-make.tmpl
cups-1.7.5/templates/choose-model.tmpl
cups-1.7.5/templates/choose-serial.tmpl
cups-1.7.5/templates/choose-uri.tmpl
cups-1.7.5/templates/class-added.tmpl
cups-1.7.5/templates/class-confirm.tmpl
cups-1.7.5/templates/class-deleted.tmpl
cups-1.7.5/templates/class-jobs-header.tmpl
cups-1.7.5/templates/class-modified.tmpl
cups-1.7.5/templates/class.tmpl
cups-1.7.5/templates/classes-header.tmpl
cups-1.7.5/templates/classes.tmpl
cups-1.7.5/templates/command.tmpl
cups-1.7.5/templates/cs/
cups-1.7.5/templates/de/
cups-1.7.5/templates/edit-config.tmpl
cups-1.7.5/templates/error-op.tmpl
cups-1.7.5/templates/error.tmpl
cups-1.7.5/templates/es/
cups-1.7.5/templates/fr/
cups-1.7.5/templates/header.tmpl.in
cups-1.7.5/templates/help-header.tmpl
cups-1.7.5/templates/help-printable.tmpl
cups-1.7.5/templates/help-trailer.tmpl
cups-1.7.5/templates/it/
cups-1.7.5/templates/ja/
cups-1.7.5/templates/job-cancel.tmpl
cups-1.7.5/templates/job-hold.tmpl
cups-1.7.5/templates/job-move.tmpl
cups-1.7.5/templates/job-moved.tmpl
cups-1.7.5/templates/job-release.tmpl
cups-1.7.5/templates/job-restart.tmpl
cups-1.7.5/templates/jobs-header.tmpl
cups-1.7.5/templates/jobs.tmpl
cups-1.7.5/templates/list-available-printers.tmpl
cups-1.7.5/templates/Makefile
cups-1.7.5/templates/modify-class.tmpl
cups-1.7.5/templates/modify-printer.tmpl
cups-1.7.5/templates/norestart.tmpl
cups-1.7.5/templates/option-boolean.tmpl
cups-1.7.5/templates/option-conflict.tmpl
cups-1.7.5/templates/option-header.tmpl
cups-1.7.5/templates/option-pickmany.tmpl
cups-1.7.5/templates/option-pickone.tmpl
cups-1.7.5/templates/option-trailer.tmpl
cups-1.7.5/templates/pager.tmpl
cups-1.7.5/templates/printer-accept.tmpl
cups-1.7.5/templates/printer-added.tmpl
cups-1.7.5/templates/printer-configured.tmpl
cups-1.7.5/templates/printer-confirm.tmpl
cups-1.7.5/templates/printer-default.tmpl
cups-1.7.5/templates/printer-deleted.tmpl
cups-1.7.5/templates/printer-jobs-header.tmpl
cups-1.7.5/templates/printer-modified.tmpl
cups-1.7.5/templates/printer-purge.tmpl
cups-1.7.5/templates/printer-reject.tmpl
cups-1.7.5/templates/printer-start.tmpl
cups-1.7.5/templates/printer-stop.tmpl
cups-1.7.5/templates/printer.tmpl
cups-1.7.5/templates/printers-header.tmpl
cups-1.7.5/templates/printers.tmpl
cups-1.7.5/templates/pt_BR/
cups-1.7.5/templates/restart.tmpl
cups-1.7.5/templates/ru/
cups-1.7.5/templates/samba-export.tmpl
cups-1.7.5/templates/samba-exported.tmpl
cups-1.7.5/templates/search.tmpl
cups-1.7.5/templates/set-printer-options-header.tmpl
cups-1.7.5/templates/set-printer-options-trailer.tmpl
cups-1.7.5/templates/subscription-added.tmpl
cups-1.7.5/templates/subscription-canceled.tmpl
cups-1.7.5/templates/test-page.tmpl
cups-1.7.5/templates/trailer.tmpl
cups-1.7.5/templates/users.tmpl
cups-1.7.5/templates/ru/add-class.tmpl
cups-1.7.5/templates/ru/add-printer.tmpl
cups-1.7.5/templates/ru/add-rss-subscription.tmpl
cups-1.7.5/templates/ru/admin.tmpl
cups-1.7.5/templates/ru/choose-device.tmpl
cups-1.7.5/templates/ru/choose-make.tmpl
cups-1.7.5/templates/ru/choose-model.tmpl
cups-1.7.5/templates/ru/choose-serial.tmpl
cups-1.7.5/templates/ru/choose-uri.tmpl
cups-1.7.5/templates/ru/class-added.tmpl
cups-1.7.5/templates/ru/class-confirm.tmpl
cups-1.7.5/templates/ru/class-deleted.tmpl
cups-1.7.5/templates/ru/class-jobs-header.tmpl
cups-1.7.5/templates/ru/class-modified.tmpl
cups-1.7.5/templates/ru/class.tmpl
cups-1.7.5/templates/ru/classes-header.tmpl
cups-1.7.5/templates/ru/classes.tmpl
cups-1.7.5/templates/ru/command.tmpl
cups-1.7.5/templates/ru/edit-config.tmpl
cups-1.7.5/templates/ru/error-op.tmpl
cups-1.7.5/templates/ru/error.tmpl
cups-1.7.5/templates/ru/header.tmpl.in
cups-1.7.5/templates/ru/help-header.tmpl
cups-1.7.5/templates/ru/help-printable.tmpl
cups-1.7.5/templates/ru/help-trailer.tmpl
cups-1.7.5/templates/ru/job-cancel.tmpl
cups-1.7.5/templates/ru/job-hold.tmpl
cups-1.7.5/templates/ru/job-move.tmpl
cups-1.7.5/templates/ru/job-moved.tmpl
cups-1.7.5/templates/ru/job-release.tmpl
cups-1.7.5/templates/ru/job-restart.tmpl
cups-1.7.5/templates/ru/jobs-header.tmpl
cups-1.7.5/templates/ru/jobs.tmpl
cups-1.7.5/templates/ru/list-available-printers.tmpl
cups-1.7.5/templates/ru/Makefile
cups-1.7.5/templates/ru/modify-class.tmpl
cups-1.7.5/templates/ru/modify-printer.tmpl
cups-1.7.5/templates/ru/norestart.tmpl
cups-1.7.5/templates/ru/option-boolean.tmpl
cups-1.7.5/templates/ru/option-conflict.tmpl
cups-1.7.5/templates/ru/option-header.tmpl
cups-1.7.5/templates/ru/option-pickmany.tmpl
cups-1.7.5/templates/ru/option-pickone.tmpl
cups-1.7.5/templates/ru/option-trailer.tmpl
cups-1.7.5/templates/ru/pager.tmpl
cups-1.7.5/templates/ru/printer-accept.tmpl
cups-1.7.5/templates/ru/printer-added.tmpl
cups-1.7.5/templates/ru/printer-configured.tmpl
cups-1.7.5/templates/ru/printer-confirm.tmpl
cups-1.7.5/templates/ru/printer-default.tmpl
cups-1.7.5/templates/ru/printer-deleted.tmpl
cups-1.7.5/templates/ru/printer-jobs-header.tmpl
cups-1.7.5/templates/ru/printer-modified.tmpl
cups-1.7.5/templates/ru/printer-purge.tmpl
cups-1.7.5/templates/ru/printer-reject.tmpl
cups-1.7.5/templates/ru/printer-start.tmpl
cups-1.7.5/templates/ru/printer-stop.tmpl
cups-1.7.5/templates/ru/printer.tmpl
cups-1.7.5/templates/ru/printers-header.tmpl
cups-1.7.5/templates/ru/printers.tmpl
cups-1.7.5/templates/ru/restart.tmpl
cups-1.7.5/templates/ru/samba-export.tmpl
cups-1.7.5/templates/ru/samba-exported.tmpl
cups-1.7.5/templates/ru/search.tmpl
cups-1.7.5/templates/ru/set-printer-options-header.tmpl
cups-1.7.5/templates/ru/set-printer-options-trailer.tmpl
cups-1.7.5/templates/ru/subscription-added.tmpl
cups-1.7.5/templates/ru/subscription-canceled.tmpl
cups-1.7.5/templates/ru/test-page.tmpl
cups-1.7.5/templates/ru/trailer.tmpl
cups-1.7.5/templates/ru/users.tmpl
cups-1.7.5/templates/pt_BR/add-class.tmpl
cups-1.7.5/templates/pt_BR/add-printer.tmpl
cups-1.7.5/templates/pt_BR/add-rss-subscription.tmpl
cups-1.7.5/templates/pt_BR/admin.tmpl
cups-1.7.5/templates/pt_BR/choose-device.tmpl
cups-1.7.5/templates/pt_BR/choose-make.tmpl
cups-1.7.5/templates/pt_BR/choose-model.tmpl
cups-1.7.5/templates/pt_BR/choose-serial.tmpl
cups-1.7.5/templates/pt_BR/choose-uri.tmpl
cups-1.7.5/templates/pt_BR/class-added.tmpl
cups-1.7.5/templates/pt_BR/class-confirm.tmpl
cups-1.7.5/templates/pt_BR/class-deleted.tmpl
cups-1.7.5/templates/pt_BR/class-jobs-header.tmpl
cups-1.7.5/templates/pt_BR/class-modified.tmpl
cups-1.7.5/templates/pt_BR/class.tmpl
cups-1.7.5/templates/pt_BR/classes-header.tmpl
cups-1.7.5/templates/pt_BR/classes.tmpl
cups-1.7.5/templates/pt_BR/command.tmpl
cups-1.7.5/templates/pt_BR/edit-config.tmpl
cups-1.7.5/templates/pt_BR/error-op.tmpl
cups-1.7.5/templates/pt_BR/error.tmpl
cups-1.7.5/templates/pt_BR/header.tmpl.in
cups-1.7.5/templates/pt_BR/help-header.tmpl
cups-1.7.5/templates/pt_BR/job-cancel.tmpl
cups-1.7.5/templates/pt_BR/job-hold.tmpl
cups-1.7.5/templates/pt_BR/job-move.tmpl
cups-1.7.5/templates/pt_BR/job-moved.tmpl
cups-1.7.5/templates/pt_BR/job-release.tmpl
cups-1.7.5/templates/pt_BR/job-restart.tmpl
cups-1.7.5/templates/pt_BR/jobs-header.tmpl
cups-1.7.5/templates/pt_BR/jobs.tmpl
cups-1.7.5/templates/pt_BR/list-available-printers.tmpl
cups-1.7.5/templates/pt_BR/modify-class.tmpl
cups-1.7.5/templates/pt_BR/modify-printer.tmpl
cups-1.7.5/templates/pt_BR/norestart.tmpl
cups-1.7.5/templates/pt_BR/option-boolean.tmpl
cups-1.7.5/templates/pt_BR/option-conflict.tmpl
cups-1.7.5/templates/pt_BR/option-header.tmpl
cups-1.7.5/templates/pt_BR/option-pickmany.tmpl
cups-1.7.5/templates/pt_BR/option-pickone.tmpl
cups-1.7.5/templates/pt_BR/option-trailer.tmpl
cups-1.7.5/templates/pt_BR/pager.tmpl
cups-1.7.5/templates/pt_BR/printer-accept.tmpl
cups-1.7.5/templates/pt_BR/printer-added.tmpl
cups-1.7.5/templates/pt_BR/printer-configured.tmpl
cups-1.7.5/templates/pt_BR/printer-confirm.tmpl
cups-1.7.5/templates/pt_BR/printer-default.tmpl
cups-1.7.5/templates/pt_BR/printer-deleted.tmpl
cups-1.7.5/templates/pt_BR/printer-jobs-header.tmpl
cups-1.7.5/templates/pt_BR/printer-modified.tmpl
cups-1.7.5/templates/pt_BR/printer-purge.tmpl
cups-1.7.5/templates/pt_BR/printer-reject.tmpl
cups-1.7.5/templates/pt_BR/printer-start.tmpl
cups-1.7.5/templates/pt_BR/printer-stop.tmpl
cups-1.7.5/templates/pt_BR/printer.tmpl
cups-1.7.5/templates/pt_BR/printers-header.tmpl
cups-1.7.5/templates/pt_BR/printers.tmpl
cups-1.7.5/templates/pt_BR/restart.tmpl
cups-1.7.5/templates/pt_BR/samba-export.tmpl
cups-1.7.5/templates/pt_BR/samba-exported.tmpl
cups-1.7.5/templates/pt_BR/search.tmpl
cups-1.7.5/templates/pt_BR/set-printer-options-header.tmpl
cups-1.7.5/templates/pt_BR/set-printer-options-trailer.tmpl
cups-1.7.5/templates/pt_BR/subscription-added.tmpl
cups-1.7.5/templates/pt_BR/subscription-canceled.tmpl
cups-1.7.5/templates/pt_BR/test-page.tmpl
cups-1.7.5/templates/pt_BR/trailer.tmpl
cups-1.7.5/templates/pt_BR/users.tmpl
cups-1.7.5/templates/ja/add-class.tmpl
cups-1.7.5/templates/ja/add-printer.tmpl
cups-1.7.5/templates/ja/add-rss-subscription.tmpl
cups-1.7.5/templates/ja/admin.tmpl
cups-1.7.5/templates/ja/choose-device.tmpl
cups-1.7.5/templates/ja/choose-make.tmpl
cups-1.7.5/templates/ja/choose-model.tmpl
cups-1.7.5/templates/ja/choose-serial.tmpl
cups-1.7.5/templates/ja/choose-uri.tmpl
cups-1.7.5/templates/ja/class-added.tmpl
cups-1.7.5/templates/ja/class-confirm.tmpl
cups-1.7.5/templates/ja/class-deleted.tmpl
cups-1.7.5/templates/ja/class-jobs-header.tmpl
cups-1.7.5/templates/ja/class-modified.tmpl
cups-1.7.5/templates/ja/class.tmpl
cups-1.7.5/templates/ja/classes-header.tmpl
cups-1.7.5/templates/ja/classes.tmpl
cups-1.7.5/templates/ja/command.tmpl
cups-1.7.5/templates/ja/edit-config.tmpl
cups-1.7.5/templates/ja/error-op.tmpl
cups-1.7.5/templates/ja/error.tmpl
cups-1.7.5/templates/ja/header.tmpl.in
cups-1.7.5/templates/ja/help-header.tmpl
cups-1.7.5/templates/ja/help-printable.tmpl
cups-1.7.5/templates/ja/help-trailer.tmpl
cups-1.7.5/templates/ja/job-cancel.tmpl
cups-1.7.5/templates/ja/job-hold.tmpl
cups-1.7.5/templates/ja/job-move.tmpl
cups-1.7.5/templates/ja/job-moved.tmpl
cups-1.7.5/templates/ja/job-release.tmpl
cups-1.7.5/templates/ja/job-restart.tmpl
cups-1.7.5/templates/ja/jobs-header.tmpl
cups-1.7.5/templates/ja/jobs.tmpl
cups-1.7.5/templates/ja/list-available-printers.tmpl
cups-1.7.5/templates/ja/modify-class.tmpl
cups-1.7.5/templates/ja/modify-printer.tmpl
cups-1.7.5/templates/ja/norestart.tmpl
cups-1.7.5/templates/ja/option-boolean.tmpl
cups-1.7.5/templates/ja/option-conflict.tmpl
cups-1.7.5/templates/ja/option-header.tmpl
cups-1.7.5/templates/ja/option-pickmany.tmpl
cups-1.7.5/templates/ja/option-pickone.tmpl
cups-1.7.5/templates/ja/option-trailer.tmpl
cups-1.7.5/templates/ja/pager.tmpl
cups-1.7.5/templates/ja/printer-accept.tmpl
cups-1.7.5/templates/ja/printer-added.tmpl
cups-1.7.5/templates/ja/printer-configured.tmpl
cups-1.7.5/templates/ja/printer-confirm.tmpl
cups-1.7.5/templates/ja/printer-default.tmpl
cups-1.7.5/templates/ja/printer-deleted.tmpl
cups-1.7.5/templates/ja/printer-jobs-header.tmpl
cups-1.7.5/templates/ja/printer-modified.tmpl
cups-1.7.5/templates/ja/printer-purge.tmpl
cups-1.7.5/templates/ja/printer-reject.tmpl
cups-1.7.5/templates/ja/printer-start.tmpl
cups-1.7.5/templates/ja/printer-stop.tmpl
cups-1.7.5/templates/ja/printer.tmpl
cups-1.7.5/templates/ja/printers-header.tmpl
cups-1.7.5/templates/ja/printers.tmpl
cups-1.7.5/templates/ja/restart.tmpl
cups-1.7.5/templates/ja/samba-export.tmpl
cups-1.7.5/templates/ja/samba-exported.tmpl
cups-1.7.5/templates/ja/search.tmpl
cups-1.7.5/templates/ja/set-printer-options-header.tmpl
cups-1.7.5/templates/ja/set-printer-options-trailer.tmpl
cups-1.7.5/templates/ja/subscription-added.tmpl
cups-1.7.5/templates/ja/subscription-canceled.tmpl
cups-1.7.5/templates/ja/test-page.tmpl
cups-1.7.5/templates/ja/trailer.tmpl
cups-1.7.5/templates/ja/users.tmpl
cups-1.7.5/templates/it/add-class.tmpl
cups-1.7.5/templates/it/add-printer.tmpl
cups-1.7.5/templates/it/add-rss-subscription.tmpl
cups-1.7.5/templates/it/admin.tmpl
cups-1.7.5/templates/it/choose-device.tmpl
cups-1.7.5/templates/it/choose-make.tmpl
cups-1.7.5/templates/it/choose-model.tmpl
cups-1.7.5/templates/it/choose-serial.tmpl
cups-1.7.5/templates/it/choose-uri.tmpl
cups-1.7.5/templates/it/class-added.tmpl
cups-1.7.5/templates/it/class-confirm.tmpl
cups-1.7.5/templates/it/class-deleted.tmpl
cups-1.7.5/templates/it/class-jobs-header.tmpl
cups-1.7.5/templates/it/class-modified.tmpl
cups-1.7.5/templates/it/class.tmpl
cups-1.7.5/templates/it/classes-header.tmpl
cups-1.7.5/templates/it/classes.tmpl
cups-1.7.5/templates/it/command.tmpl
cups-1.7.5/templates/it/edit-config.tmpl
cups-1.7.5/templates/it/error-op.tmpl
cups-1.7.5/templates/it/error.tmpl
cups-1.7.5/templates/it/header.tmpl.in
cups-1.7.5/templates/it/help-header.tmpl
cups-1.7.5/templates/it/help-printable.tmpl
cups-1.7.5/templates/it/help-trailer.tmpl
cups-1.7.5/templates/it/job-cancel.tmpl
cups-1.7.5/templates/it/job-hold.tmpl
cups-1.7.5/templates/it/job-move.tmpl
cups-1.7.5/templates/it/job-moved.tmpl
cups-1.7.5/templates/it/job-release.tmpl
cups-1.7.5/templates/it/job-restart.tmpl
cups-1.7.5/templates/it/jobs-header.tmpl
cups-1.7.5/templates/it/jobs.tmpl
cups-1.7.5/templates/it/list-available-printers.tmpl
cups-1.7.5/templates/it/modify-class.tmpl
cups-1.7.5/templates/it/modify-printer.tmpl
cups-1.7.5/templates/it/norestart.tmpl
cups-1.7.5/templates/it/option-boolean.tmpl
cups-1.7.5/templates/it/option-conflict.tmpl
cups-1.7.5/templates/it/option-header.tmpl
cups-1.7.5/templates/it/option-pickmany.tmpl
cups-1.7.5/templates/it/option-pickone.tmpl
cups-1.7.5/templates/it/option-trailer.tmpl
cups-1.7.5/templates/it/pager.tmpl
cups-1.7.5/templates/it/printer-accept.tmpl
cups-1.7.5/templates/it/printer-added.tmpl
cups-1.7.5/templates/it/printer-configured.tmpl
cups-1.7.5/templates/it/printer-confirm.tmpl
cups-1.7.5/templates/it/printer-default.tmpl
cups-1.7.5/templates/it/printer-deleted.tmpl
cups-1.7.5/templates/it/printer-jobs-header.tmpl
cups-1.7.5/templates/it/printer-modified.tmpl
cups-1.7.5/templates/it/printer-purge.tmpl
cups-1.7.5/templates/it/printer-reject.tmpl
cups-1.7.5/templates/it/printer-start.tmpl
cups-1.7.5/templates/it/printer-stop.tmpl
cups-1.7.5/templates/it/printer.tmpl
cups-1.7.5/templates/it/printers-header.tmpl
cups-1.7.5/templates/it/printers.tmpl
cups-1.7.5/templates/it/restart.tmpl
cups-1.7.5/templates/it/samba-export.tmpl
cups-1.7.5/templates/it/samba-exported.tmpl
cups-1.7.5/templates/it/search.tmpl
cups-1.7.5/templates/it/set-printer-options-header.tmpl
cups-1.7.5/templates/it/set-printer-options-trailer.tmpl
cups-1.7.5/templates/it/subscription-added.tmpl
cups-1.7.5/templates/it/subscription-canceled.tmpl
cups-1.7.5/templates/it/test-page.tmpl
cups-1.7.5/templates/it/trailer.tmpl
cups-1.7.5/templates/it/users.tmpl
cups-1.7.5/templates/fr/add-class.tmpl
cups-1.7.5/templates/fr/add-printer.tmpl
cups-1.7.5/templates/fr/add-rss-subscription.tmpl
cups-1.7.5/templates/fr/admin.tmpl
cups-1.7.5/templates/fr/choose-device.tmpl
cups-1.7.5/templates/fr/choose-make.tmpl
cups-1.7.5/templates/fr/choose-model.tmpl
cups-1.7.5/templates/fr/choose-serial.tmpl
cups-1.7.5/templates/fr/choose-uri.tmpl
cups-1.7.5/templates/fr/class-added.tmpl
cups-1.7.5/templates/fr/class-confirm.tmpl
cups-1.7.5/templates/fr/class-deleted.tmpl
cups-1.7.5/templates/fr/class-jobs-header.tmpl
cups-1.7.5/templates/fr/class-modified.tmpl
cups-1.7.5/templates/fr/class.tmpl
cups-1.7.5/templates/fr/classes-header.tmpl
cups-1.7.5/templates/fr/classes.tmpl
cups-1.7.5/templates/fr/command.tmpl
cups-1.7.5/templates/fr/edit-config.tmpl
cups-1.7.5/templates/fr/error-op.tmpl
cups-1.7.5/templates/fr/error.tmpl
cups-1.7.5/templates/fr/header.tmpl.in
cups-1.7.5/templates/fr/help-header.tmpl
cups-1.7.5/templates/fr/help-printable.tmpl
cups-1.7.5/templates/fr/help-trailer.tmpl
cups-1.7.5/templates/fr/job-cancel.tmpl
cups-1.7.5/templates/fr/job-hold.tmpl
cups-1.7.5/templates/fr/job-move.tmpl
cups-1.7.5/templates/fr/job-moved.tmpl
cups-1.7.5/templates/fr/job-release.tmpl
cups-1.7.5/templates/fr/job-restart.tmpl
cups-1.7.5/templates/fr/jobs-header.tmpl
cups-1.7.5/templates/fr/jobs.tmpl
cups-1.7.5/templates/fr/list-available-printers.tmpl
cups-1.7.5/templates/fr/modify-class.tmpl
cups-1.7.5/templates/fr/modify-printer.tmpl
cups-1.7.5/templates/fr/norestart.tmpl
cups-1.7.5/templates/fr/option-boolean.tmpl
cups-1.7.5/templates/fr/option-conflict.tmpl
cups-1.7.5/templates/fr/option-header.tmpl
cups-1.7.5/templates/fr/option-pickmany.tmpl
cups-1.7.5/templates/fr/option-pickone.tmpl
cups-1.7.5/templates/fr/option-trailer.tmpl
cups-1.7.5/templates/fr/pager.tmpl
cups-1.7.5/templates/fr/printer-accept.tmpl
cups-1.7.5/templates/fr/printer-added.tmpl
cups-1.7.5/temp--output truncated--
2026-07-19 00:57:10,818 - 364057 - INFO - CUPS reinstall successful on i-0e9326d60ad946b5c
2026-07-19 00:57:10,989 - 364057 - INFO - Sent app_validation.py to i-0e9326d60ad946b5c (command_id: 0fc6dd36-09ba-4981-bfcd-84caa8764fd0)
2026-07-19 00:57:41,088 - 364057 - INFO - app_validation.py output for i-0e9326d60ad946b5c:

==============================================================================
Server Availability Check Started | 2026-07-19 04:57:11.238541
==============================================================================

==============================================================================
SYSTEM INFORMATION
==============================================================================
Server IP | 172.29.60.249
Hostname | ip-172-29-60-249
Current User | root
Working Directory | /usr/bin
Time Zone | UTC

==============================================================================
STORAGE CHECK | /data mounts
==============================================================================
Filesystem | Size | Used | Avail | Use% | Mounted on
/dev/nvme1n1p2 | 289.9G | 146.6G | 143.2G | 50% | /data
fs-4f137acc.efs.us-east-1.amazonaws.com:/ | 0B | 129.8G | 0B | 0% | /data2

==============================================================================
SYMLINK CHECK | root (/)
==============================================================================
Symlinks Total | 4
Symlinks Valid | 4
Symlinks Invalid | 0
Symlink | ResolvedTarget
/bin | /usr/bin
/lib | /usr/lib
/lib64 | /usr/lib64
/sbin | /usr/sbin

==============================================================================
NFS CHECK
==============================================================================
NFS Package Installed | Yes
nfs-server.service Active | No
nfs-client.target Active | Yes
/etc/exports Present | Yes
EXPORTS_LINE | (empty)
NFS_MOUNT | Device | MountPoint | FSType
NFS_MOUNT | fs-4f137acc.efs.us-east-1.amazonaws.com:/ | /data2 | nfs4

==============================================================================
CUPS CHECK
==============================================================================
CUPS Installed | Yes
CUPS Running | Yes
CUPS Version | 1.7.5
CUPS IP URL (http://172.29.60.249:631) | 200
Cups server Http Status | 200
Cups printers Http Status | 200
Printers Configured | 109

==============================================================================
FTP CHECK
==============================================================================
FTP Installed | No
FTP Running (Port 21 localhost) | No
FTP Port 21 Reachable on 172.29.60.249 | No
FTP Processes | None

==============================================================================
JAVA CHECK
==============================================================================
Total Java Processes | 2
Batch/Daemon Java Processes | 0
Non-Standalone Java Processes | Not Found

==============================================================================
BATCH/DAEMON JAVA DETAILS
==============================================================================
Batch/Daemon Java Processes | 0
Batch/Daemon Java Details | None

==============================================================================
JBOSS/WILDFLY APPS (simple table)
==============================================================================
JBoss App Processes | 0
JBoss Apps | None

==============================================================================
HEALTH MONITOR CRONTAB STATUS
==============================================================================
Health Monitor Crontab | Disabled

==============================================================================
Server Availability Check Completed | 2026-07-19 04:57:11.490852
==============================================================================

2026-07-19 00:57:41,088 - 364057 - ERROR - app_validation.py errors for i-0e9326d60ad946b5c:

2026-07-19 00:57:41,217 - 364057 - INFO - Email sent successfully to ['kishlayk@softeon.com', 'CloudOps@softeon.com']
2026-07-19 00:57:41,217 - 364057 - INFO - RED re-validation mail sent for i-0e9326d60ad946b5c
2026-07-19 00:57:41,217 - 364057 - INFO - Still Red after restart - starting retry for i-0e9326d60ad946b5c
2026-07-19 00:57:41,217 - 364057 - INFO - [Retry-1] Waiting 300s for i-0e9326d60ad946b5c...
2026-07-19 01:02:41,521 - 364057 - INFO - Sent app_validation.py to i-0e9326d60ad946b5c (command_id: e5663b91-e7eb-4b7c-8ec2-97a48017b513)
2026-07-19 01:03:11,625 - 364057 - INFO - app_validation.py output for i-0e9326d60ad946b5c:

==============================================================================
Server Availability Check Started | 2026-07-19 05:02:41.805787
==============================================================================

==============================================================================
SYSTEM INFORMATION
==============================================================================
Server IP | 172.29.60.249
Hostname | ip-172-29-60-249
Current User | root
Working Directory | /usr/bin
Time Zone | UTC

==============================================================================
STORAGE CHECK | /data mounts
==============================================================================
Filesystem | Size | Used | Avail | Use% | Mounted on
/dev/nvme1n1p2 | 289.9G | 146.6G | 143.2G | 50% | /data
fs-4f137acc.efs.us-east-1.amazonaws.com:/ | 0B | 129.8G | 0B | 0% | /data2

==============================================================================
SYMLINK CHECK | root (/)
==============================================================================
Symlinks Total | 4
Symlinks Valid | 4
Symlinks Invalid | 0
Symlink | ResolvedTarget
/bin | /usr/bin
/lib | /usr/lib
/lib64 | /usr/lib64
/sbin | /usr/sbin

==============================================================================
NFS CHECK
==============================================================================
NFS Package Installed | Yes
nfs-server.service Active | No
nfs-client.target Active | Yes
/etc/exports Present | Yes
EXPORTS_LINE | (empty)
NFS_MOUNT | Device | MountPoint | FSType
NFS_MOUNT | fs-4f137acc.efs.us-east-1.amazonaws.com:/ | /data2 | nfs4

==============================================================================
CUPS CHECK
==============================================================================
CUPS Installed | Yes
CUPS Running | Yes
CUPS Version | 1.7.5
CUPS IP URL (http://172.29.60.249:631) | 200
Cups server Http Status | 200
Cups printers Http Status | 200
Printers Configured | 109

==============================================================================
FTP CHECK
==============================================================================
FTP Installed | No
FTP Running (Port 21 localhost) | No
FTP Port 21 Reachable on 172.29.60.249 | No
FTP Processes | None

==============================================================================
JAVA CHECK
==============================================================================
Total Java Processes | 4
Batch/Daemon Java Processes | 2
Non-Standalone Java Processes | sh, java

==============================================================================
BATCH/DAEMON JAVA DETAILS
==============================================================================
Batch/Daemon Java Processes | 2
Java-Name | Java-Path
sh | /bin/sh
java | /data/batchapp/softeon/db_alerts/java_gather_stats

==============================================================================
JBOSS/WILDFLY APPS (simple table)
==============================================================================
JBoss App Processes | 0
JBoss Apps | None

==============================================================================
HEALTH MONITOR CRONTAB STATUS
==============================================================================
Health Monitor Crontab | Disabled

==============================================================================
Server Availability Check Completed | 2026-07-19 05:02:42.053684
==============================================================================

2026-07-19 01:03:11,625 - 364057 - ERROR - app_validation.py errors for i-0e9326d60ad946b5c:

2026-07-19 01:03:11,627 - 364057 - INFO - [Retry-1] After log saved: /data/patching_report/validation-2026-07-19/UPS-APACPZN-Batch/172.29.60.249/172.29.60.249-AfterPatching-Retry1-2026-07-19-01-03-11-627.log
2026-07-19 01:03:11,680 - 364057 - INFO - [Retry-1] RED for UPS APACPZN Prod Batch Server (172.29.60.249), retrying... (Total waited: 300s)
2026-07-19 01:03:11,680 - 364057 - INFO - [Retry-2] Waiting 300s for i-0e9326d60ad946b5c...
2026-07-19 01:08:11,899 - 364057 - INFO - Sent app_validation.py to i-0e9326d60ad946b5c (command_id: d5a12f4d-5073-4410-9c65-090ac2480634)
2026-07-19 01:08:41,984 - 364057 - INFO - app_validation.py output for i-0e9326d60ad946b5c:

==============================================================================
Server Availability Check Started | 2026-07-19 05:08:12.179674
==============================================================================

==============================================================================
SYSTEM INFORMATION
==============================================================================
Server IP | 172.29.60.249
Hostname | ip-172-29-60-249
Current User | root
Working Directory | /usr/bin
Time Zone | UTC

==============================================================================
STORAGE CHECK | /data mounts
==============================================================================
Filesystem | Size | Used | Avail | Use% | Mounted on
/dev/nvme1n1p2 | 289.9G | 147.4G | 142.4G | 50% | /data
fs-4f137acc.efs.us-east-1.amazonaws.com:/ | 0B | 129.8G | 0B | 0% | /data2

==============================================================================
SYMLINK CHECK | root (/)
==============================================================================
Symlinks Total | 4
Symlinks Valid | 4
Symlinks Invalid | 0
Symlink | ResolvedTarget
/bin | /usr/bin
/lib | /usr/lib
/lib64 | /usr/lib64
/sbin | /usr/sbin

==============================================================================
NFS CHECK
==============================================================================
NFS Package Installed | Yes
nfs-server.service Active | No
nfs-client.target Active | Yes
/etc/exports Present | Yes
EXPORTS_LINE | (empty)
NFS_MOUNT | Device | MountPoint | FSType
NFS_MOUNT | fs-4f137acc.efs.us-east-1.amazonaws.com:/ | /data2 | nfs4

==============================================================================
CUPS CHECK
==============================================================================
CUPS Installed | Yes
CUPS Running | Yes
CUPS Version | 1.7.5
CUPS IP URL (http://172.29.60.249:631) | 200
Cups server Http Status | 200
Cups printers Http Status | 200
Printers Configured | 109

==============================================================================
FTP CHECK
==============================================================================
FTP Installed | No
FTP Running (Port 21 localhost) | No
FTP Port 21 Reachable on 172.29.60.249 | No
FTP Processes | None

==============================================================================
JAVA CHECK
==============================================================================
Total Java Processes | 31
Batch/Daemon Java Processes | 29
Non-Standalone Java Processes | sh, java, upspznap_dw, upspznap_event, pznap_ftp, upspznap_labl, upspznap_repl, upspznap_report, upspznap_RPTX, upspznap_schedu, upspznap_upload, upspznap_wave, pznap_apick, pznap_tiad, upspznap_schnot, upsismea_dw, upsismea_event, upsismea_ftp, upsismea_labl, upsismea_repl, upsismea_report, upsismea_rptx, upsismea_schedu, upsismea_upload, upsismea_wave, upsismea_aejll, upsismea_mamoh, upsismea_ngike, upsis_pl_report

==============================================================================
BATCH/DAEMON JAVA DETAILS
==============================================================================
Batch/Daemon Java Processes | 29
Java-Name | Java-Path
sh | /bin/sh
java | /data/batchapp/softeon/db_alerts/java_gather_stats
upspznap_dw | /data/batchapp/softeon/upsapacpznprod/pznap/downloaddaemon
upspznap_event | /data/batchapp/softeon/upsapacpznprod/pznap/eventdaemon
pznap_ftp | /data/batchapp/softeon/upsapacpznprod/pznap/ftpdaemon
upspznap_labl | /data/batchapp/softeon/upsapacpznprod/pznap/labeldaemon
upspznap_repl | /data/batchapp/softeon/upsapacpznprod/pznap/replenishmentdaemon
upspznap_report | /data/batchapp/softeon/upsapacpznprod/pznap/reportdaemon
upspznap_RPTX | /data/batchapp/softeon/upsapacpznprod/pznap/reportjqgridexportdaemon
upspznap_schedu | /data/batchapp/softeon/upsapacpznprod/pznap/schedulardaemon
upspznap_upload | /data/batchapp/softeon/upsapacpznprod/pznap/uploaddeamon
upspznap_wave | /data/batchapp/softeon/upsapacpznprod/pznap/wavelaunchdaemon
pznap_apick | /data/batchapp/softeon/upsapacpznprod/pznap/autopickdaemon
pznap_tiad | /data/batchapp/softeon/upsapacpznprod/pznap/taskinventoryallocationdaemon
upspznap_schnot | /data/batchapp/softeon/upsapacpznprod/pznap/schedulerdaemon_notification
upsismea_dw | /data/batchapp/softeon/upsapacpznprod/upsismea/downloaddaemon
upsismea_event | /data/batchapp/softeon/upsapacpznprod/upsismea/eventdaemon
upsismea_ftp | /data/batchapp/softeon/upsapacpznprod/upsismea/ftpdaemon
upsismea_labl | /data/batchapp/softeon/upsapacpznprod/upsismea/labeldaemon
upsismea_repl | /data/batchapp/softeon/upsapacpznprod/upsismea/replenishmentdaemon
upsismea_report | /data/batchapp/softeon/upsapacpznprod/upsismea/reportdaemon
upsismea_rptx | /data/batchapp/softeon/upsapacpznprod/upsismea/reportjqgridexportdaemon
upsismea_schedu | /data/batchapp/softeon/upsapacpznprod/upsismea/schedulardaemon
upsismea_upload | /data/batchapp/softeon/upsapacpznprod/upsismea/uploaddeamon
upsismea_wave | /data/batchapp/softeon/upsapacpznprod/upsismea/wavelaunchdaemon
upsismea_aejll | /data/batchapp/softeon/upsapacpznprod/upsismea/schedulerdaemon-aejll
upsismea_mamoh | /data/batchapp/softeon/upsapacpznprod/upsismea/schedulerdaemon-mamoh
upsismea_ngike | /data/batchapp/softeon/upsapacpznprod/upsismea/schedulerdaemon-ngike
upsis_pl_report | /data/batchapp/softeon/upsapacpznprod/upsismea/picklistreportdaemon

==============================================================================
JBOSS/WILDFLY APPS (simple table)
==============================================================================
JBoss App Processes | 0
JBoss Apps | None

==============================================================================
HEALTH MONITOR CRONTAB STATUS
==============================================================================
Health Monitor Crontab | Disabled

==============================================================================
Server Availability Check Completed | 2026-07-19 05:08:13.017622
==============================================================================

2026-07-19 01:08:41,984 - 364057 - ERROR - app_validation.py errors for i-0e9326d60ad946b5c:

2026-07-19 01:08:41,986 - 364057 - INFO - [Retry-2] After log saved: /data/patching_report/validation-2026-07-19/UPS-APACPZN-Batch/172.29.60.249/172.29.60.249-AfterPatching-Retry2-2026-07-19-01-08-41-986.log
2026-07-19 01:08:42,039 - 364057 - INFO - [Retry-2] RED for UPS APACPZN Prod Batch Server (172.29.60.249), retrying... (Total waited: 600s)
2026-07-19 01:08:42,039 - 364057 - INFO - [Retry-3] Waiting 300s for i-0e9326d60ad946b5c...
2026-07-19 01:13:42,247 - 364057 - INFO - Sent app_validation.py to i-0e9326d60ad946b5c (command_id: 6c45d262-9330-4faa-b1d9-b34d4991d8c3)
2026-07-19 01:14:12,369 - 364057 - INFO - app_validation.py output for i-0e9326d60ad946b5c:

==============================================================================
Server Availability Check Started | 2026-07-19 05:13:42.501289
==============================================================================

==============================================================================
SYSTEM INFORMATION
==============================================================================
Server IP | 172.29.60.249
Hostname | ip-172-29-60-249
Current User | root
Working Directory | /usr/bin
Time Zone | UTC

==============================================================================
STORAGE CHECK | /data mounts
==============================================================================
Filesystem | Size | Used | Avail | Use% | Mounted on
/dev/nvme1n1p2 | 289.9G | 147.5G | 142.4G | 50% | /data
fs-4f137acc.efs.us-east-1.amazonaws.com:/ | 0B | 129.8G | 0B | 0% | /data2

==============================================================================
SYMLINK CHECK | root (/)
==============================================================================
Symlinks Total | 4
Symlinks Valid | 4
Symlinks Invalid | 0
Symlink | ResolvedTarget
/bin | /usr/bin
/lib | /usr/lib
/lib64 | /usr/lib64
/sbin | /usr/sbin

==============================================================================
NFS CHECK
==============================================================================
NFS Package Installed | Yes
nfs-server.service Active | No
nfs-client.target Active | Yes
/etc/exports Present | Yes
EXPORTS_LINE | (empty)
NFS_MOUNT | Device | MountPoint | FSType
NFS_MOUNT | fs-4f137acc.efs.us-east-1.amazonaws.com:/ | /data2 | nfs4

==============================================================================
CUPS CHECK
==============================================================================
CUPS Installed | Yes
CUPS Running | Yes
CUPS Version | 1.7.5
CUPS IP URL (http://172.29.60.249:631) | 200
Cups server Http Status | 200
Cups printers Http Status | 200
Printers Configured | 109

==============================================================================
FTP CHECK
==============================================================================
FTP Installed | No
FTP Running (Port 21 localhost) | No
FTP Port 21 Reachable on 172.29.60.249 | No
FTP Processes | None

==============================================================================
JAVA CHECK
==============================================================================
Total Java Processes | 31
Batch/Daemon Java Processes | 29
Non-Standalone Java Processes | sh, java, upspznap_dw, upspznap_event, pznap_ftp, upspznap_labl, upspznap_repl, upspznap_report, upspznap_RPTX, upspznap_schedu, upspznap_upload, upspznap_wave, pznap_apick, pznap_tiad, upspznap_schnot, upsismea_dw, upsismea_event, upsismea_ftp, upsismea_labl, upsismea_repl, upsismea_report, upsismea_rptx, upsismea_schedu, upsismea_upload, upsismea_wave, upsismea_aejll, upsismea_mamoh, upsismea_ngike, upsis_pl_report

==============================================================================
BATCH/DAEMON JAVA DETAILS
==============================================================================
Batch/Daemon Java Processes | 29
Java-Name | Java-Path
sh | /bin/sh
java | /data/batchapp/softeon/db_alerts/java_gather_stats
upspznap_dw | /data/batchapp/softeon/upsapacpznprod/pznap/downloaddaemon
upspznap_event | /data/batchapp/softeon/upsapacpznprod/pznap/eventdaemon
pznap_ftp | /data/batchapp/softeon/upsapacpznprod/pznap/ftpdaemon
upspznap_labl | /data/batchapp/softeon/upsapacpznprod/pznap/labeldaemon
upspznap_repl | /data/batchapp/softeon/upsapacpznprod/pznap/replenishmentdaemon
upspznap_report | /data/batchapp/softeon/upsapacpznprod/pznap/reportdaemon
upspznap_RPTX | /data/batchapp/softeon/upsapacpznprod/pznap/reportjqgridexportdaemon
upspznap_schedu | /data/batchapp/softeon/upsapacpznprod/pznap/schedulardaemon
upspznap_upload | /data/batchapp/softeon/upsapacpznprod/pznap/uploaddeamon
upspznap_wave | /data/batchapp/softeon/upsapacpznprod/pznap/wavelaunchdaemon
pznap_apick | /data/batchapp/softeon/upsapacpznprod/pznap/autopickdaemon
pznap_tiad | /data/batchapp/softeon/upsapacpznprod/pznap/taskinventoryallocationdaemon
upspznap_schnot | /data/batchapp/softeon/upsapacpznprod/pznap/schedulerdaemon_notification
upsismea_dw | /data/batchapp/softeon/upsapacpznprod/upsismea/downloaddaemon
upsismea_event | /data/batchapp/softeon/upsapacpznprod/upsismea/eventdaemon
upsismea_ftp | /data/batchapp/softeon/upsapacpznprod/upsismea/ftpdaemon
upsismea_labl | /data/batchapp/softeon/upsapacpznprod/upsismea/labeldaemon
upsismea_repl | /data/batchapp/softeon/upsapacpznprod/upsismea/replenishmentdaemon
upsismea_report | /data/batchapp/softeon/upsapacpznprod/upsismea/reportdaemon
upsismea_rptx | /data/batchapp/softeon/upsapacpznprod/upsismea/reportjqgridexportdaemon
upsismea_schedu | /data/batchapp/softeon/upsapacpznprod/upsismea/schedulardaemon
upsismea_upload | /data/batchapp/softeon/upsapacpznprod/upsismea/uploaddeamon
upsismea_wave | /data/batchapp/softeon/upsapacpznprod/upsismea/wavelaunchdaemon
upsismea_aejll | /data/batchapp/softeon/upsapacpznprod/upsismea/schedulerdaemon-aejll
upsismea_mamoh | /data/batchapp/softeon/upsapacpznprod/upsismea/schedulerdaemon-mamoh
upsismea_ngike | /data/batchapp/softeon/upsapacpznprod/upsismea/schedulerdaemon-ngike
upsis_pl_report | /data/batchapp/softeon/upsapacpznprod/upsismea/picklistreportdaemon

==============================================================================
JBOSS/WILDFLY APPS (simple table)
==============================================================================
JBoss App Processes | 0
JBoss Apps | None

==============================================================================
HEALTH MONITOR CRONTAB STATUS
==============================================================================
Health Monitor Crontab | Disabled

==============================================================================
Server Availability Check Completed | 2026-07-19 05:13:43.341275
==============================================================================

2026-07-19 01:14:12,369 - 364057 - ERROR - app_validation.py errors for i-0e9326d60ad946b5c:

2026-07-19 01:14:12,370 - 364057 - INFO - [Retry-3] After log saved: /data/patching_report/validation-2026-07-19/UPS-APACPZN-Batch/172.29.60.249/172.29.60.249-AfterPatching-Retry3-2026-07-19-01-14-12-370.log
2026-07-19 01:14:12,424 - 364057 - INFO - [Retry-3] RED for UPS APACPZN Prod Batch Server (172.29.60.249), retrying... (Total waited: 900s)
2026-07-19 01:14:12,424 - 364057 - INFO - [Retry-4] Waiting 300s for i-0e9326d60ad946b5c...
2026-07-19 01:19:12,803 - 364057 - INFO - Sent app_validation.py to i-0e9326d60ad946b5c (command_id: a1ca02e3-56f8-47a2-afad-bac951fc4d4b)
2026-07-19 01:19:42,929 - 364057 - INFO - app_validation.py output for i-0e9326d60ad946b5c:

==============================================================================
Server Availability Check Started | 2026-07-19 05:19:13.088824
==============================================================================

==============================================================================
SYSTEM INFORMATION
==============================================================================
Server IP | 172.29.60.249
Hostname | ip-172-29-60-249
Current User | root
Working Directory | /usr/bin
Time Zone | UTC

==============================================================================
STORAGE CHECK | /data mounts
==============================================================================
Filesystem | Size | Used | Avail | Use% | Mounted on
/dev/nvme1n1p2 | 289.9G | 147.6G | 142.2G | 50% | /data
fs-4f137acc.efs.us-east-1.amazonaws.com:/ | 0B | 129.8G | 0B | 0% | /data2

==============================================================================
SYMLINK CHECK | root (/)
==============================================================================
Symlinks Total | 4
Symlinks Valid | 4
Symlinks Invalid | 0
Symlink | ResolvedTarget
/bin | /usr/bin
/lib | /usr/lib
/lib64 | /usr/lib64
/sbin | /usr/sbin

==============================================================================
NFS CHECK
==============================================================================
NFS Package Installed | Yes
nfs-server.service Active | No
nfs-client.target Active | Yes
/etc/exports Present | Yes
EXPORTS_LINE | (empty)
NFS_MOUNT | Device | MountPoint | FSType
NFS_MOUNT | fs-4f137acc.efs.us-east-1.amazonaws.com:/ | /data2 | nfs4

==============================================================================
CUPS CHECK
==============================================================================
CUPS Installed | Yes
CUPS Running | Yes
CUPS Version | 1.7.5
CUPS IP URL (http://172.29.60.249:631) | 200
Cups server Http Status | 200
Cups printers Http Status | 200
Printers Configured | 109

==============================================================================
FTP CHECK
==============================================================================
FTP Installed | No
FTP Running (Port 21 localhost) | No
FTP Port 21 Reachable on 172.29.60.249 | No
FTP Processes | None

==============================================================================
JAVA CHECK
==============================================================================
Total Java Processes | 31
Batch/Daemon Java Processes | 29
Non-Standalone Java Processes | sh, java, upspznap_dw, upspznap_event, pznap_ftp, upspznap_labl, upspznap_repl, upspznap_report, upspznap_RPTX, upspznap_schedu, upspznap_upload, upspznap_wave, pznap_apick, pznap_tiad, upspznap_schnot, upsismea_dw, upsismea_event, upsismea_ftp, upsismea_labl, upsismea_repl, upsismea_report, upsismea_rptx, upsismea_schedu, upsismea_upload, upsismea_wave, upsismea_aejll, upsismea_mamoh, upsismea_ngike, upsis_pl_report

==============================================================================
BATCH/DAEMON JAVA DETAILS
==============================================================================
Batch/Daemon Java Processes | 29
Java-Name | Java-Path
sh | /bin/sh
java | /data/batchapp/softeon/db_alerts/java_gather_stats
upspznap_dw | /data/batchapp/softeon/upsapacpznprod/pznap/downloaddaemon
upspznap_event | /data/batchapp/softeon/upsapacpznprod/pznap/eventdaemon
pznap_ftp | /data/batchapp/softeon/upsapacpznprod/pznap/ftpdaemon
upspznap_labl | /data/batchapp/softeon/upsapacpznprod/pznap/labeldaemon
upspznap_repl | /data/batchapp/softeon/upsapacpznprod/pznap/replenishmentdaemon
upspznap_report | /data/batchapp/softeon/upsapacpznprod/pznap/reportdaemon
upspznap_RPTX | /data/batchapp/softeon/upsapacpznprod/pznap/reportjqgridexportdaemon
upspznap_schedu | /data/batchapp/softeon/upsapacpznprod/pznap/schedulardaemon
upspznap_upload | /data/batchapp/softeon/upsapacpznprod/pznap/uploaddeamon
upspznap_wave | /data/batchapp/softeon/upsapacpznprod/pznap/wavelaunchdaemon
pznap_apick | /data/batchapp/softeon/upsapacpznprod/pznap/autopickdaemon
pznap_tiad | /data/batchapp/softeon/upsapacpznprod/pznap/taskinventoryallocationdaemon
upspznap_schnot | /data/batchapp/softeon/upsapacpznprod/pznap/schedulerdaemon_notification
upsismea_dw | /data/batchapp/softeon/upsapacpznprod/upsismea/downloaddaemon
upsismea_event | /data/batchapp/softeon/upsapacpznprod/upsismea/eventdaemon
upsismea_ftp | /data/batchapp/softeon/upsapacpznprod/upsismea/ftpdaemon
upsismea_labl | /data/batchapp/softeon/upsapacpznprod/upsismea/labeldaemon
upsismea_repl | /data/batchapp/softeon/upsapacpznprod/upsismea/replenishmentdaemon
upsismea_report | /data/batchapp/softeon/upsapacpznprod/upsismea/reportdaemon
upsismea_rptx | /data/batchapp/softeon/upsapacpznprod/upsismea/reportjqgridexportdaemon
upsismea_schedu | /data/batchapp/softeon/upsapacpznprod/upsismea/schedulardaemon
upsismea_upload | /data/batchapp/softeon/upsapacpznprod/upsismea/uploaddeamon
upsismea_wave | /data/batchapp/softeon/upsapacpznprod/upsismea/wavelaunchdaemon
upsismea_aejll | /data/batchapp/softeon/upsapacpznprod/upsismea/schedulerdaemon-aejll
upsismea_mamoh | /data/batchapp/softeon/upsapacpznprod/upsismea/schedulerdaemon-mamoh
upsismea_ngike | /data/batchapp/softeon/upsapacpznprod/upsismea/schedulerdaemon-ngike
upsis_pl_report | /data/batchapp/softeon/upsapacpznprod/upsismea/picklistreportdaemon

==============================================================================
JBOSS/WILDFLY APPS (simple table)
==============================================================================
JBoss App Processes | 0
JBoss Apps | None

==============================================================================
HEALTH MONITOR CRONTAB STATUS
==============================================================================
Health Monitor Crontab | Disabled

==============================================================================
Server Availability Check Completed | 2026-07-19 05:19:14.031898
==============================================================================

2026-07-19 01:19:42,929 - 364057 - ERROR - app_validation.py errors for i-0e9326d60ad946b5c:

2026-07-19 01:19:42,931 - 364057 - INFO - [Retry-4] After log saved: /data/patching_report/validation-2026-07-19/UPS-APACPZN-Batch/172.29.60.249/172.29.60.249-AfterPatching-Retry4-2026-07-19-01-19-42-930.log
2026-07-19 01:19:42,984 - 364057 - INFO - [Retry-4] RED for UPS APACPZN Prod Batch Server (172.29.60.249), retrying... (Total waited: 1200s)
2026-07-19 01:19:42,984 - 364057 - INFO - [Retry-5] Waiting 300s for i-0e9326d60ad946b5c...
2026-07-19 01:24:43,258 - 364057 - INFO - Sent app_validation.py to i-0e9326d60ad946b5c (command_id: 845a9f6c-75a9-4ce4-9b28-4a0d29e398ea)
2026-07-19 01:25:13,317 - 364057 - INFO - app_validation.py output for i-0e9326d60ad946b5c:

==============================================================================
Server Availability Check Started | 2026-07-19 05:24:43.501580
==============================================================================

==============================================================================
SYSTEM INFORMATION
==============================================================================
Server IP | 172.29.60.249
Hostname | ip-172-29-60-249
Current User | root
Working Directory | /usr/bin
Time Zone | UTC

==============================================================================
STORAGE CHECK | /data mounts
==============================================================================
Filesystem | Size | Used | Avail | Use% | Mounted on
/dev/nvme1n1p2 | 289.9G | 147.7G | 142.2G | 50% | /data
fs-4f137acc.efs.us-east-1.amazonaws.com:/ | 0B | 129.8G | 0B | 0% | /data2

==============================================================================
SYMLINK CHECK | root (/)
==============================================================================
Symlinks Total | 4
Symlinks Valid | 4
Symlinks Invalid | 0
Symlink | ResolvedTarget
/bin | /usr/bin
/lib | /usr/lib
/lib64 | /usr/lib64
/sbin | /usr/sbin

==============================================================================
NFS CHECK
==============================================================================
NFS Package Installed | Yes
nfs-server.service Active | No
nfs-client.target Active | Yes
/etc/exports Present | Yes
EXPORTS_LINE | (empty)
NFS_MOUNT | Device | MountPoint | FSType
NFS_MOUNT | fs-4f137acc.efs.us-east-1.amazonaws.com:/ | /data2 | nfs4

==============================================================================
CUPS CHECK
==============================================================================
CUPS Installed | Yes
CUPS Running | Yes
CUPS Version | 1.7.5
CUPS IP URL (http://172.29.60.249:631) | 200
Cups server Http Status | 200
Cups printers Http Status | 200
Printers Configured | 109

==============================================================================
FTP CHECK
==============================================================================
FTP Installed | No
FTP Running (Port 21 localhost) | No
FTP Port 21 Reachable on 172.29.60.249 | No
FTP Processes | None

==============================================================================
JAVA CHECK
==============================================================================
Total Java Processes | 31
Batch/Daemon Java Processes | 29
Non-Standalone Java Processes | sh, java, upspznap_dw, upspznap_event, pznap_ftp, upspznap_labl, upspznap_repl, upspznap_report, upspznap_RPTX, upspznap_schedu, upspznap_upload, upspznap_wave, pznap_apick, pznap_tiad, upspznap_schnot, upsismea_dw, upsismea_event, upsismea_ftp, upsismea_labl, upsismea_repl, upsismea_report, upsismea_rptx, upsismea_schedu, upsismea_upload, upsismea_wave, upsismea_aejll, upsismea_mamoh, upsismea_ngike, upsis_pl_report

==============================================================================
BATCH/DAEMON JAVA DETAILS
==============================================================================
Batch/Daemon Java Processes | 29
Java-Name | Java-Path
sh | /bin/sh
java | /data/batchapp/softeon/db_alerts/java_gather_stats
upspznap_dw | /data/batchapp/softeon/upsapacpznprod/pznap/downloaddaemon
upspznap_event | /data/batchapp/softeon/upsapacpznprod/pznap/eventdaemon
pznap_ftp | /data/batchapp/softeon/upsapacpznprod/pznap/ftpdaemon
upspznap_labl | /data/batchapp/softeon/upsapacpznprod/pznap/labeldaemon
upspznap_repl | /data/batchapp/softeon/upsapacpznprod/pznap/replenishmentdaemon
upspznap_report | /data/batchapp/softeon/upsapacpznprod/pznap/reportdaemon
upspznap_RPTX | /data/batchapp/softeon/upsapacpznprod/pznap/reportjqgridexportdaemon
upspznap_schedu | /data/batchapp/softeon/upsapacpznprod/pznap/schedulardaemon
upspznap_upload | /data/batchapp/softeon/upsapacpznprod/pznap/uploaddeamon
upspznap_wave | /data/batchapp/softeon/upsapacpznprod/pznap/wavelaunchdaemon
pznap_apick | /data/batchapp/softeon/upsapacpznprod/pznap/autopickdaemon
pznap_tiad | /data/batchapp/softeon/upsapacpznprod/pznap/taskinventoryallocationdaemon
upspznap_schnot | /data/batchapp/softeon/upsapacpznprod/pznap/schedulerdaemon_notification
upsismea_dw | /data/batchapp/softeon/upsapacpznprod/upsismea/downloaddaemon
upsismea_event | /data/batchapp/softeon/upsapacpznprod/upsismea/eventdaemon
upsismea_ftp | /data/batchapp/softeon/upsapacpznprod/upsismea/ftpdaemon
upsismea_labl | /data/batchapp/softeon/upsapacpznprod/upsismea/labeldaemon
upsismea_repl | /data/batchapp/softeon/upsapacpznprod/upsismea/replenishmentdaemon
upsismea_report | /data/batchapp/softeon/upsapacpznprod/upsismea/reportdaemon
upsismea_rptx | /data/batchapp/softeon/upsapacpznprod/upsismea/reportjqgridexportdaemon
upsismea_schedu | /data/batchapp/softeon/upsapacpznprod/upsismea/schedulardaemon
upsismea_upload | /data/batchapp/softeon/upsapacpznprod/upsismea/uploaddeamon
upsismea_wave | /data/batchapp/softeon/upsapacpznprod/upsismea/wavelaunchdaemon
upsismea_aejll | /data/batchapp/softeon/upsapacpznprod/upsismea/schedulerdaemon-aejll
upsismea_mamoh | /data/batchapp/softeon/upsapacpznprod/upsismea/schedulerdaemon-mamoh
upsismea_ngike | /data/batchapp/softeon/upsapacpznprod/upsismea/schedulerdaemon-ngike
upsis_pl_report | /data/batchapp/softeon/upsapacpznprod/upsismea/picklistreportdaemon

==============================================================================
JBOSS/WILDFLY APPS (simple table)
==============================================================================
JBoss App Processes | 0
JBoss Apps | None

==============================================================================
HEALTH MONITOR CRONTAB STATUS
==============================================================================
Health Monitor Crontab | Disabled

==============================================================================
Server Availability Check Completed | 2026-07-19 05:24:44.328937
==============================================================================

2026-07-19 01:25:13,317 - 364057 - ERROR - app_validation.py errors for i-0e9326d60ad946b5c:

2026-07-19 01:25:13,318 - 364057 - INFO - [Retry-5] After log saved: /data/patching_report/validation-2026-07-19/UPS-APACPZN-Batch/172.29.60.249/172.29.60.249-AfterPatching-Retry5-2026-07-19-01-25-13-318.log
2026-07-19 01:25:13,372 - 364057 - INFO - [Retry-5] RED for UPS APACPZN Prod Batch Server (172.29.60.249), retrying... (Total waited: 1500s)
2026-07-19 01:25:13,372 - 364057 - INFO - [Retry-6] Waiting 300s for i-0e9326d60ad946b5c...
2026-07-19 01:30:13,617 - 364057 - INFO - Sent app_validation.py to i-0e9326d60ad946b5c (command_id: dca0ce51-8291-4aa8-aaf1-ccfbe5af35d0)
2026-07-19 01:30:43,678 - 364057 - INFO - app_validation.py output for i-0e9326d60ad946b5c:

==============================================================================
Server Availability Check Started | 2026-07-19 05:30:13.885092
==============================================================================

==============================================================================
SYSTEM INFORMATION
==============================================================================
Server IP | 172.29.60.249
Hostname | ip-172-29-60-249
Current User | root
Working Directory | /usr/bin
Time Zone | UTC

==============================================================================
STORAGE CHECK | /data mounts
==============================================================================
Filesystem | Size | Used | Avail | Use% | Mounted on
/dev/nvme1n1p2 | 289.9G | 147.8G | 142.0G | 51% | /data
fs-4f137acc.efs.us-east-1.amazonaws.com:/ | 0B | 129.8G | 0B | 0% | /data2

==============================================================================
SYMLINK CHECK | root (/)
==============================================================================
Symlinks Total | 4
Symlinks Valid | 4
Symlinks Invalid | 0
Symlink | ResolvedTarget
/bin | /usr/bin
/lib | /usr/lib
/lib64 | /usr/lib64
/sbin | /usr/sbin

==============================================================================
NFS CHECK
==============================================================================
NFS Package Installed | Yes
nfs-server.service Active | No
nfs-client.target Active | Yes
/etc/exports Present | Yes
EXPORTS_LINE | (empty)
NFS_MOUNT | Device | MountPoint | FSType
NFS_MOUNT | fs-4f137acc.efs.us-east-1.amazonaws.com:/ | /data2 | nfs4

==============================================================================
CUPS CHECK
==============================================================================
CUPS Installed | Yes
CUPS Running | Yes
CUPS Version | 1.7.5
CUPS IP URL (http://172.29.60.249:631) | 200
Cups server Http Status | 200
Cups printers Http Status | 200
Printers Configured | 109

==============================================================================
FTP CHECK
==============================================================================
FTP Installed | No
FTP Running (Port 21 localhost) | No
FTP Port 21 Reachable on 172.29.60.249 | No
FTP Processes | None

==============================================================================
JAVA CHECK
==============================================================================
Total Java Processes | 31
Batch/Daemon Java Processes | 29
Non-Standalone Java Processes | sh, java, upspznap_dw, upspznap_event, pznap_ftp, upspznap_labl, upspznap_repl, upspznap_report, upspznap_RPTX, upspznap_schedu, upspznap_upload, upspznap_wave, pznap_apick, pznap_tiad, upspznap_schnot, upsismea_dw, upsismea_event, upsismea_ftp, upsismea_labl, upsismea_repl, upsismea_report, upsismea_rptx, upsismea_schedu, upsismea_upload, upsismea_wave, upsismea_aejll, upsismea_mamoh, upsismea_ngike, upsis_pl_report

==============================================================================
BATCH/DAEMON JAVA DETAILS
==============================================================================
Batch/Daemon Java Processes | 29
Java-Name | Java-Path
sh | /bin/sh
java | /data/batchapp/softeon/db_alerts/java_gather_stats
upspznap_dw | /data/batchapp/softeon/upsapacpznprod/pznap/downloaddaemon
upspznap_event | /data/batchapp/softeon/upsapacpznprod/pznap/eventdaemon
pznap_ftp | /data/batchapp/softeon/upsapacpznprod/pznap/ftpdaemon
upspznap_labl | /data/batchapp/softeon/upsapacpznprod/pznap/labeldaemon
upspznap_repl | /data/batchapp/softeon/upsapacpznprod/pznap/replenishmentdaemon
upspznap_report | /data/batchapp/softeon/upsapacpznprod/pznap/reportdaemon
upspznap_RPTX | /data/batchapp/softeon/upsapacpznprod/pznap/reportjqgridexportdaemon
upspznap_schedu | /data/batchapp/softeon/upsapacpznprod/pznap/schedulardaemon
upspznap_upload | /data/batchapp/softeon/upsapacpznprod/pznap/uploaddeamon
upspznap_wave | /data/batchapp/softeon/upsapacpznprod/pznap/wavelaunchdaemon
pznap_apick | /data/batchapp/softeon/upsapacpznprod/pznap/autopickdaemon
pznap_tiad | /data/batchapp/softeon/upsapacpznprod/pznap/taskinventoryallocationdaemon
upspznap_schnot | /data/batchapp/softeon/upsapacpznprod/pznap/schedulerdaemon_notification
upsismea_dw | /data/batchapp/softeon/upsapacpznprod/upsismea/downloaddaemon
upsismea_event | /data/batchapp/softeon/upsapacpznprod/upsismea/eventdaemon
upsismea_ftp | /data/batchapp/softeon/upsapacpznprod/upsismea/ftpdaemon
upsismea_labl | /data/batchapp/softeon/upsapacpznprod/upsismea/labeldaemon
upsismea_repl | /data/batchapp/softeon/upsapacpznprod/upsismea/replenishmentdaemon
upsismea_report | /data/batchapp/softeon/upsapacpznprod/upsismea/reportdaemon
upsismea_rptx | /data/batchapp/softeon/upsapacpznprod/upsismea/reportjqgridexportdaemon
upsismea_schedu | /data/batchapp/softeon/upsapacpznprod/upsismea/schedulardaemon
upsismea_upload | /data/batchapp/softeon/upsapacpznprod/upsismea/uploaddeamon
upsismea_wave | /data/batchapp/softeon/upsapacpznprod/upsismea/wavelaunchdaemon
upsismea_aejll | /data/batchapp/softeon/upsapacpznprod/upsismea/schedulerdaemon-aejll
upsismea_mamoh | /data/batchapp/softeon/upsapacpznprod/upsismea/schedulerdaemon-mamoh
upsismea_ngike | /data/batchapp/softeon/upsapacpznprod/upsismea/schedulerdaemon-ngike
upsis_pl_report | /data/batchapp/softeon/upsapacpznprod/upsismea/picklistreportdaemon

==============================================================================
JBOSS/WILDFLY APPS (simple table)
==============================================================================
JBoss App Processes | 0
JBoss Apps | None

==============================================================================
HEALTH MONITOR CRONTAB STATUS
==============================================================================
Health Monitor Crontab | Disabled

==============================================================================
Server Availability Check Completed | 2026-07-19 05:30:14.720544
==============================================================================

2026-07-19 01:30:43,678 - 364057 - ERROR - app_validation.py errors for i-0e9326d60ad946b5c:

2026-07-19 01:30:43,679 - 364057 - INFO - [Retry-6] After log saved: /data/patching_report/validation-2026-07-19/UPS-APACPZN-Batch/172.29.60.249/172.29.60.249-AfterPatching-Retry6-2026-07-19-01-30-43-679.log
2026-07-19 01:30:43,990 - 364057 - INFO - Health monitor crontab enabled on all instances
2026-07-19 01:30:43,991 - 364057 - WARNING - [Retry] Timeout - auto cron enabled for i-0e9326d60ad946b5c
