2026-05-03 01:00:03,350 - 206237 - INFO - Logger setup has been removed, using shared logger from common.logs.logger.
2026-05-03 01:00:03,350 - 206237 - INFO - Script Start Time: 2026-05-03 01:00:03
2026-05-03 01:00:03,878 - 206237 - INFO - Instance(s) selected for Patching: {'i-0726e6a23652befdd': '172.31.27.87', 'i-0764245e690dbd319': '172.31.27.106'}
2026-05-03 01:00:03,957 - 206237 - INFO - Email sent successfully to ['a80af5b5.softeon.com@in.teams.ms', 'CloudOps@softeon.com']
2026-05-03 01:00:03,957 - 206237 - INFO - Now patching instances at: 2026-05-03 01:00:03
2026-05-03 01:00:04,066 - 206237 - INFO - Sending patch command to instance i-0764245e690dbd319
2026-05-03 01:00:04,215 - 206237 - INFO - Command sent successfully to instance i-0764245e690dbd319. Command ID: 131ce8d3-fd18-499f-9dbf-2b2a58cabf7f
2026-05-03 01:00:04,554 - 206237 - INFO - Sending patch command to instance i-0726e6a23652befdd
2026-05-03 01:00:04,692 - 206237 - INFO - Command sent successfully to instance i-0726e6a23652befdd. Command ID: 3c226d64-9ad2-48f4-987c-dac652ba030e
2026-05-03 01:05:06,432 - 206237 - INFO - All patches applied successfully.
2026-05-03 01:05:06,432 - 206237 - INFO - Patching end time: 2026-05-03 01:05:06
2026-05-03 01:05:06,432 - 206237 - INFO - Patch Elapsed time: 0:05:02.475399
2026-05-03 01:05:06,499 - 206237 - INFO - Email sent successfully to ['a80af5b5.softeon.com@in.teams.ms', 'CloudOps@softeon.com']
2026-05-03 01:05:06,499 - 206237 - INFO - Confirmed - services are stopped
2026-05-03 01:05:25,919 - 206237 - INFO - Discovered TG map: {'i-0726e6a23652befdd': ['arn:aws:elasticloadbalancing:us-east-1:835314132208:targetgroup/Suncast-Production-Desktop-8082/cb523dc03516bbc1', 'arn:aws:elasticloadbalancing:us-east-1:835314132208:targetgroup/Suncast-Production-RF/c05f1489b256a941'], 'i-0764245e690dbd319': ['arn:aws:elasticloadbalancing:us-east-1:835314132208:targetgroup/Suncast-Production-Desktop-8082/cb523dc03516bbc1', 'arn:aws:elasticloadbalancing:us-east-1:835314132208:targetgroup/Suncast-Production-RF/c05f1489b256a941']}
2026-05-03 01:05:26,328 - 206237 - INFO - Sent app_validation.py to i-0764245e690dbd319 (command_id: e94985d0-ebc6-464d-9e1d-c2dd87e80630)
2026-05-03 01:05:56,437 - 206237 - INFO - app_validation.py output for i-0764245e690dbd319:

==============================================================================
Server Availability Check Started | 2026-05-03 00:05:26.604909
==============================================================================

==============================================================================
SYSTEM INFORMATION
==============================================================================
Server IP | 172.31.27.106
Hostname | ip-172-31-27-106
Current User | root
Working Directory | /usr/bin
Time Zone | CDT

==============================================================================
STORAGE CHECK | /data mounts
==============================================================================
Filesystem | Size | Used | Avail | Use% | Mounted on
/dev/nvme1n1p2 | 279.9G | 64.6G | 215.3G | 23% | /data
us-east-1d.fs-70148639.efs.us-east-1.amazonaws.com:/ | 0B | 1.8T | 0B | 0% | /data2

==============================================================================
SYMLINK CHECK | root (/)
==============================================================================
Symlinks Total | 4
Symlinks Valid | 4
Symlinks Invalid | 0
Symlink | ResolvedTarget
/bin | /usr/bin
/lib | /usr/lib
/lib64 | /usr/lib64
/sbin | /usr/sbin

==============================================================================
NFS CHECK
==============================================================================
NFS Package Installed | Yes
nfs-server.service Active | No
nfs-client.target Active | Yes
/etc/exports Present | Yes
EXPORTS_LINE | (empty)
NFS_MOUNT | Device | MountPoint | FSType
NFS_MOUNT | us-east-1d.fs-70148639.efs.us-east-1.amazonaws.com:/ | /data2 | nfs4

==============================================================================
CUPS CHECK
==============================================================================
CUPS Installed | Yes
CUPS Running | Yes
CUPS Version | 1.7.5
CUPS IP URL (http://172.31.27.106:631) | 200
Cups server Http Status | 200
Cups printers Http Status | 500
Printers Configured | 0

==============================================================================
FTP CHECK
==============================================================================
FTP Installed | No
FTP Running (Port 21 localhost) | No
FTP Port 21 Reachable on 172.31.27.106 | No
FTP Processes | None

==============================================================================
JAVA CHECK
==============================================================================
Total Java Processes | 2
Batch/Daemon Java Processes | 0
Non-Standalone Java Processes | Not Found

==============================================================================
BATCH/DAEMON JAVA DETAILS
==============================================================================
Batch/Daemon Java Processes | 0
Batch/Daemon Java Details | None

==============================================================================
JBOSS/WILDFLY APPS (simple table)
==============================================================================
JBoss App Processes | 2
PID | AppName | JbossVersion | Java-Name | Port | URL | Status | Code | SSL-Status | App-Path
1112246 | softeonprod | app | suncastprod_jboss | 8082 | 172.31.27.106:8082 | UP | 200 | Disabled | /data/app/jboss62eap/softeonprod/standalone
1113048 | softeonrfprod | app | suncastrfprod_jboss | 8080 | 172.31.27.106:8080 | UP | 200 | Disabled | /data/app/jboss62eap/softeonrfprod/standalone

==============================================================================
Server Availability Check Completed | 2026-05-03 00:05:26.917419
==============================================================================

2026-05-03 01:05:56,437 - 206237 - ERROR - app_validation.py errors for i-0764245e690dbd319:

2026-05-03 01:05:56,438 - 206237 - INFO - Before patching validation saved to: /data/patching_report/validation-2026-05-03/Suncast-App/172.31.27.106/172.31.27.106-BeforePatching-2026-05-03-01-05-56-438.log
2026-05-03 01:05:56,439 - 206237 - INFO - Deregistering i-0764245e690dbd319 from TG arn:aws:elasticloadbalancing:us-east-1:835314132208:targetgroup/Suncast-Production-Desktop-8082/cb523dc03516bbc1
2026-05-03 01:05:56,507 - 206237 - INFO - Deregistering i-0764245e690dbd319 from TG arn:aws:elasticloadbalancing:us-east-1:835314132208:targetgroup/Suncast-Production-RF/c05f1489b256a941
2026-05-03 01:05:56,554 - 206237 - INFO - Stopping EC2 instance: i-0764245e690dbd319 at 2026-05-03 01:05:56
2026-05-03 01:06:57,637 - 206237 - INFO - Instance i-0764245e690dbd319 stopped successfully.
2026-05-03 01:06:57,886 - 206237 - INFO - Stopped i-0764245e690dbd319 in 0:01:01.332012
2026-05-03 01:06:57,886 - 206237 - INFO - Starting EC2 instance: i-0764245e690dbd319
2026-05-03 01:07:29,030 - 206237 - INFO - Instance i-0764245e690dbd319 started successfully.
2026-05-03 01:07:29,030 - 206237 - INFO - Waiting 100 seconds for SSM agent to be ready on i-0764245e690dbd319...
2026-05-03 01:09:09,041 - 206237 - INFO - Registering i-0764245e690dbd319 to TG arn:aws:elasticloadbalancing:us-east-1:835314132208:targetgroup/Suncast-Production-Desktop-8082/cb523dc03516bbc1
2026-05-03 01:09:09,201 - 206237 - INFO - Registering i-0764245e690dbd319 to TG arn:aws:elasticloadbalancing:us-east-1:835314132208:targetgroup/Suncast-Production-RF/c05f1489b256a941
2026-05-03 01:14:40,093 - 206237 - WARNING - i-0764245e690dbd319 not healthy in arn:aws:elasticloadbalancing:us-east-1:835314132208:targetgroup/Suncast-Production-RF/c05f1489b256a941 after timeout.
2026-05-03 01:14:40,228 - 206237 - INFO - Email sent successfully to ['kishlayk@softeon.com', 'CloudOps@softeon.com']
2026-05-03 01:14:40,229 - 206237 - ERROR - Aborting workflow: i-0764245e690dbd319 is not healthy after restart.
2026-05-03 01:14:40,231 - 206237 - INFO - Restart Total time: 0:09:33.509223
2026-05-03 01:14:40,232 - 206237 - INFO - Auto-confirmed services are restarted
2026-05-03 01:14:40,232 - 206237 - INFO - Confirmed - services are started
2026-05-03 01:14:40,352 - 206237 - INFO - The following instances have failed the patch: []
2026-05-03 01:14:40,352 - 206237 - INFO - No instances have failed the patch.
2026-05-03 01:14:40,352 - 206237 - INFO - Total Patch Process time: 0:14:37.002170
2026-05-03 01:15:40,934 - 206237 - INFO - Log file ./logs/patching_2026-05-03_Suncast-App.log uploaded to s3://q2-2026-aws-security-patching/Suncast-App_Patch/2026-05-03/patching_2026-05-03_Suncast-App.log
