2026-06-07 02:05:02,567 - 2275444 - INFO - Logger setup has been removed, using shared logger from common.logs.logger.
2026-06-07 02:05:02,567 - 2275444 - INFO - Script Start Time: 2026-06-07 02:05:02
2026-06-07 02:05:02,778 - 2275444 - INFO - Instance(s) selected for Patching: {'i-084fb4cd5b9044383': '10.154.0.41'}
2026-06-07 02:05:02,867 - 2275444 - INFO - Email sent successfully to ['kishlayk@softeon.com', 'CloudOps@softeon.com']
2026-06-07 02:05:02,867 - 2275444 - INFO - Now patching instances at: 2026-06-07 02:05:02
2026-06-07 02:05:03,068 - 2275444 - INFO - Sent app_validation.py to i-084fb4cd5b9044383 (command_id: 8cb8bbbe-991e-4f15-ac41-0202c1c54db6)
2026-06-07 02:05:33,219 - 2275444 - INFO - app_validation.py output for i-084fb4cd5b9044383:

==============================================================================
Server Availability Check Started | 2026-06-07 06:05:03.341906
==============================================================================

==============================================================================
SYSTEM INFORMATION
==============================================================================
Server IP | 10.154.0.41
Hostname | ip-10-154-0-41
Current User | root
Working Directory | /usr/bin
Time Zone | UTC

==============================================================================
STORAGE CHECK | /data mounts
==============================================================================
Filesystem | Size | Used | Avail | Use% | Mounted on
/dev/mapper/vg01-lv02 | 239.9G | 100.5G | 139.4G | 41% | /data
fs-01290a7ce6c8beb52.efs.us-east-1.amazonaws.com:/ | 0B | 14.4T | 0B | 0% | /data2
fs-892ad33d.efs.us-east-1.amazonaws.com:/ | 0B | 201.3G | 0B | 0% | /data4

==============================================================================
SYMLINK CHECK | root (/)
==============================================================================
Symlinks Total | 5
Symlinks Valid | 5
Symlinks Invalid | 0
Symlink | ResolvedTarget
/bin | /usr/bin
/data3 | /data/data3
/lib | /usr/lib
/lib64 | /usr/lib64
/sbin | /usr/sbin

==============================================================================
NFS CHECK
==============================================================================
NFS Package Installed | Yes
nfs-server.service Active | No
nfs-client.target Active | Yes
/etc/exports Present | Yes
EXPORTS_LINE | (empty)
NFS_MOUNT | Device | MountPoint | FSType
NFS_MOUNT | fs-01290a7ce6c8beb52.efs.us-east-1.amazonaws.com:/ | /data2 | nfs4
NFS_MOUNT | fs-892ad33d.efs.us-east-1.amazonaws.com:/ | /data4 | nfs4

==============================================================================
CUPS CHECK
==============================================================================
CUPS Installed | Yes
CUPS Running | Yes
CUPS Version | 1.7.5
CUPS IP URL (http://10.154.0.41:631) | 200
Cups server Http Status | 200
Cups printers Http Status | 200
Printers Configured | 103

==============================================================================
FTP CHECK
==============================================================================
FTP Installed | No
FTP Running (Port 21 localhost) | No
FTP Port 21 Reachable on 10.154.0.41 | No
FTP Processes | None

==============================================================================
JAVA CHECK
==============================================================================
Total Java Processes | 22
Batch/Daemon Java Processes | 20
Non-Standalone Java Processes | vantiva_abchdis, vantiva_apick, vantiva_dwa, vantiva_event, vantiva_ftp, vantiva_harp, vantiva_lbl, vantiva_repl, vantiva_rccl, vantiva_rplpri, vantiva_rpt, vantiva_jqgrid, vantiva_sch, vantiva_inbq, vantiva_wld, vantiva_rptsd, vantiva_mplas, vantiva_mpven, vantiva_mplmr, vantiva_pcktd2

==============================================================================
BATCH/DAEMON JAVA DETAILS
==============================================================================
Batch/Daemon Java Processes | 20
Java-Name | Java-Path
vantiva_abchdis | /data/batchapp/softeon/vantivawmsprod/autobatchdistributiondaemon
vantiva_apick | /data/batchapp/softeon/vantivawmsprod/autopicktooldaemon
vantiva_dwa | /data/batchapp/softeon/vantivawmsprod/downloaddaemon
vantiva_event | /data/batchapp/softeon/vantivawmsprod/eventdaemon
vantiva_ftp | /data/batchapp/softeon/vantivawmsprod/ftpdaemon
vantiva_harp | /data/batchapp/softeon/vantivawmsprod/hardallocationdaemon
vantiva_lbl | /data/batchapp/softeon/vantivawmsprod/labeldaemon
vantiva_repl | /data/batchapp/softeon/vantivawmsprod/replenishmentdaemon
vantiva_rccl | /data/batchapp/softeon/vantivawmsprod/replenishmentpickloccanceldaemon
vantiva_rplpri | /data/batchapp/softeon/vantivawmsprod/replenishmentpriorityupdatedaemon
vantiva_rpt | /data/batchapp/softeon/vantivawmsprod/reportdaemon
vantiva_jqgrid | /data/batchapp/softeon/vantivawmsprod/reportjqgridexportdaemon
vantiva_sch | /data/batchapp/softeon/vantivawmsprod/schedulerdaemon
vantiva_inbq | /data/batchapp/softeon/vantivawmsprod/uploaddaemon
vantiva_wld | /data/batchapp/softeon/vantivawmsprod/wavelaunchdaemon
vantiva_rptsd | /data/batchapp/softeon/vantivawmsprod/reportshipdocdaemon
vantiva_mplas | /data/batchapp/softeon/vantivawmsprod/picktooldaemon_las
vantiva_mpven | /data/batchapp/softeon/vantivawmsprod/picktooldaemon_ven
vantiva_mplmr | /data/batchapp/softeon/vantivawmsprod/picktooldaemon_lmr
vantiva_pcktd2 | /data/batchapp/softeon/vantivawmsprod/picktooldaemon_lmr2

==============================================================================
JBOSS/WILDFLY APPS (simple table)
==============================================================================
JBoss App Processes | 0
JBoss Apps | None

==============================================================================
Server Availability Check Completed | 2026-06-07 06:05:03.839226
==============================================================================

2026-06-07 02:05:33,219 - 2275444 - ERROR - app_validation.py errors for i-084fb4cd5b9044383:

2026-06-07 02:05:33,221 - 2275444 - INFO - Before patching log saved: /data/patching_report/validation-2026-06-07/Vantiva-wms-prod-batch/10.154.0.41/10.154.0.41-BeforePatching-2026-06-07-02-05-33-221.log
2026-06-07 02:05:33,306 - 2275444 - INFO - Sending patch command to instance i-084fb4cd5b9044383
2026-06-07 02:05:33,416 - 2275444 - INFO - Command sent successfully to instance i-084fb4cd5b9044383. Command ID: 1bfc6e7b-ff69-4358-9703-7a27cb1f305f
2026-06-07 02:13:05,574 - 2275444 - INFO - All patches applied successfully.
2026-06-07 02:13:05,574 - 2275444 - INFO - Patching end time: 2026-06-07 02:13:05
2026-06-07 02:13:05,574 - 2275444 - INFO - Patch Elapsed time: 0:08:02.707083
2026-06-07 02:13:05,649 - 2275444 - INFO - Email sent successfully to ['kishlayk@softeon.com', 'CloudOps@softeon.com']
2026-06-07 02:13:05,649 - 2275444 - INFO - Confirmed - services are stopped
2026-06-07 02:13:25,545 - 2275444 - INFO - Discovered TG map: {}
2026-06-07 02:13:25,786 - 2275444 - INFO - Stopping EC2 instance: i-084fb4cd5b9044383 at 2026-06-07 02:13:25
2026-06-07 02:14:26,735 - 2275444 - INFO - Instance i-084fb4cd5b9044383 stopped successfully.
2026-06-07 02:14:26,870 - 2275444 - INFO - Stopped i-084fb4cd5b9044383 in 0:01:01.084202
2026-06-07 02:14:26,873 - 2275444 - INFO - Starting EC2 instance: i-084fb4cd5b9044383
2026-06-07 02:14:42,779 - 2275444 - INFO - Instance i-084fb4cd5b9044383 started successfully.
2026-06-07 02:14:42,779 - 2275444 - INFO - Waiting 100 seconds for SSM agent to be ready on i-084fb4cd5b9044383...
2026-06-07 02:16:23,029 - 2275444 - INFO - Sent app_validation.py to i-084fb4cd5b9044383 (command_id: bf094634-045b-4cd9-8189-073f98d9e05b)
2026-06-07 02:16:53,122 - 2275444 - INFO - app_validation.py output for i-084fb4cd5b9044383:

==============================================================================
Server Availability Check Started | 2026-06-07 06:16:23.392209
==============================================================================

==============================================================================
SYSTEM INFORMATION
==============================================================================
Server IP | 10.154.0.41
Hostname | ip-10-154-0-41
Current User | root
Working Directory | /usr/bin
Time Zone | UTC

==============================================================================
STORAGE CHECK | /data mounts
==============================================================================
Filesystem | Size | Used | Avail | Use% | Mounted on
/dev/mapper/vg01-lv02 | 239.9G | 100.2G | 139.7G | 41% | /data
fs-892ad33d.efs.us-east-1.amazonaws.com:/ | 0B | 201.3G | 0B | 0% | /data4
fs-01290a7ce6c8beb52.efs.us-east-1.amazonaws.com:/ | 0B | 14.4T | 0B | 0% | /data2

==============================================================================
SYMLINK CHECK | root (/)
==============================================================================
Symlinks Total | 5
Symlinks Valid | 5
Symlinks Invalid | 0
Symlink | ResolvedTarget
/bin | /usr/bin
/data3 | /data/data3
/lib | /usr/lib
/lib64 | /usr/lib64
/sbin | /usr/sbin

==============================================================================
NFS CHECK
==============================================================================
NFS Package Installed | Yes
nfs-server.service Active | No
nfs-client.target Active | Yes
/etc/exports Present | Yes
EXPORTS_LINE | (empty)
NFS_MOUNT | Device | MountPoint | FSType
NFS_MOUNT | fs-892ad33d.efs.us-east-1.amazonaws.com:/ | /data4 | nfs4
NFS_MOUNT | fs-01290a7ce6c8beb52.efs.us-east-1.amazonaws.com:/ | /data2 | nfs4

==============================================================================
CUPS CHECK
==============================================================================
CUPS Installed | Yes
CUPS Running | Yes
CUPS Version | 1.7.5
CUPS IP URL (http://10.154.0.41:631) | 200
Cups server Http Status | 200
Cups printers Http Status | 200
Printers Configured | 103

==============================================================================
FTP CHECK
==============================================================================
FTP Installed | No
FTP Running (Port 21 localhost) | No
FTP Port 21 Reachable on 10.154.0.41 | No
FTP Processes | None

==============================================================================
JAVA CHECK
==============================================================================
Total Java Processes | 3
Batch/Daemon Java Processes | 0
Non-Standalone Java Processes | Not Found

==============================================================================
BATCH/DAEMON JAVA DETAILS
==============================================================================
Batch/Daemon Java Processes | 0
Batch/Daemon Java Details | None

==============================================================================
JBOSS/WILDFLY APPS (simple table)
==============================================================================
JBoss App Processes | 0
JBoss Apps | None

==============================================================================
Server Availability Check Completed | 2026-06-07 06:16:23.811729
==============================================================================

2026-06-07 02:16:53,122 - 2275444 - ERROR - app_validation.py errors for i-084fb4cd5b9044383:

2026-06-07 02:16:53,124 - 2275444 - INFO - After patching validation saved to: /data/patching_report/validation-2026-06-07/Vantiva-wms-prod-batch/10.154.0.41/10.154.0.41-AfterPatching-2026-06-07-02-16-53-123.log
2026-06-07 02:16:53,175 - 2275444 - INFO - Validation comparison report generated: /data/patching_report/validation-2026-06-07/Vantiva-wms-prod-batch/10.154.0.41/10.154.0.41-Validation-details-2026-06-07-02-16-53-123.html
2026-06-07 02:16:53,379 - 2275444 - INFO - Email sent successfully to ['kishlayk@softeon.com', 'CloudOps@softeon.com']
2026-06-07 02:16:53,379 - 2275444 - INFO - HTML validation report email sent for i-084fb4cd5b9044383
2026-06-07 02:16:53,524 - 2275444 - INFO - Started i-084fb4cd5b9044383 in 0:02:26.650864
2026-06-07 02:16:53,524 - 2275444 - INFO - All instances processed.
2026-06-07 02:16:53,527 - 2275444 - INFO - Restart Total time: 0:03:47.744149
2026-06-07 02:16:53,528 - 2275444 - INFO - Auto-confirmed services are restarted
2026-06-07 02:16:53,528 - 2275444 - INFO - Confirmed - services are started
2026-06-07 02:16:53,643 - 2275444 - INFO - The following instances have failed the patch: []
2026-06-07 02:16:53,643 - 2275444 - INFO - No instances have failed the patch.
2026-06-07 02:16:53,643 - 2275444 - INFO - Total Patch Process time: 0:11:51.075914
2026-06-07 02:17:54,003 - 2275444 - INFO - Log file ./logs/patching_2026-06-07_Vantiva-wms-prod-batch.log uploaded to s3://q2-2026-aws-security-patching/Vantiva-wms-prod-batch_Patch/2026-06-07/patching_2026-06-07_Vantiva-wms-prod-batch.log
