2026-05-10 00:35:02,533 - 588382 - INFO - Logger setup has been removed, using shared logger from common.logs.logger.
2026-05-10 00:35:02,533 - 588382 - INFO - Script Start Time: 2026-05-10 00:35:02
2026-05-10 00:35:02,794 - 588382 - INFO - Instance(s) selected for Patching: {'i-0b1d4109736cfba05': '192.168.8.147'}
2026-05-10 00:35:02,867 - 588382 - INFO - Email sent successfully to ['CloudOps@softeon.com']
2026-05-10 00:35:02,867 - 588382 - INFO - Now patching instances at: 2026-05-10 00:35:02
2026-05-10 00:35:02,954 - 588382 - INFO - Sending patch command to instance i-0b1d4109736cfba05
2026-05-10 00:35:03,585 - 588382 - INFO - Command sent successfully to instance i-0b1d4109736cfba05. Command ID: d869aacd-8c72-49e7-86af-d4076a63f9bc
2026-05-10 00:39:36,402 - 588382 - INFO - All patches applied successfully.
2026-05-10 00:39:36,403 - 588382 - INFO - Patching end time: 2026-05-10 00:39:36
2026-05-10 00:39:36,403 - 588382 - INFO - Patch Elapsed time: 0:04:33.535468
2026-05-10 00:39:36,469 - 588382 - INFO - Email sent successfully to ['CloudOps@softeon.com']
2026-05-10 00:39:36,469 - 588382 - INFO - Confirmed - services are stopped
2026-05-10 00:39:37,257 - 588382 - INFO - Discovered TG map: {}
2026-05-10 00:39:38,349 - 588382 - INFO - Sent app_validation.py to i-0b1d4109736cfba05 (command_id: eb1aac7c-28b8-4acb-be79-70e3019e152a)
2026-05-10 00:40:08,581 - 588382 - INFO - app_validation.py output for i-0b1d4109736cfba05:

==============================================================================
Server Availability Check Started | 2026-05-09 23:39:38.566954
==============================================================================

==============================================================================
SYSTEM INFORMATION
==============================================================================
Server IP | 192.168.8.147
Hostname | ip-192-168-8-147
Current User | root
Working Directory | /usr/bin
Time Zone | -05

==============================================================================
STORAGE CHECK | /data mounts
==============================================================================
Filesystem | Size | Used | Avail | Use% | Mounted on
/dev/nvme1n1p2 | 229.9G | 40.1G | 189.7G | 17% | /data

==============================================================================
SYMLINK CHECK | root (/)
==============================================================================
Symlinks Total | 5
Symlinks Valid | 5
Symlinks Invalid | 0
Symlink | ResolvedTarget
/bin | /usr/bin
/data3 | /data/data3
/lib | /usr/lib
/lib64 | /usr/lib64
/sbin | /usr/sbin

==============================================================================
NFS CHECK
==============================================================================
NFS Package Installed | Yes
nfs-server.service Active | No
nfs-client.target Active | Yes
/etc/exports Present | Yes
EXPORTS_LINE | (empty)
NFS Mounted Shares | None

==============================================================================
CUPS CHECK
==============================================================================
CUPS Installed | Yes
CUPS Running | Yes
CUPS Version | 1.7.5
CUPS IP URL (http://192.168.8.147:631) | 200
Cups server Http Status | 200
Cups printers Http Status | 500
Printers Configured | 0

==============================================================================
FTP CHECK
==============================================================================
FTP Installed | No
FTP Running (Port 21 localhost) | No
FTP Port 21 Reachable on 192.168.8.147 | No
FTP Processes | None

==============================================================================
JAVA CHECK
==============================================================================
Total Java Processes | 9
Batch/Daemon Java Processes | 8
Non-Standalone Java Processes | hofarmprod_jqgridreportdaemon, hofarmprod_labeldaemon, hofarmprod_reportdaemon, hofarmprod_uploaddaemon, hofarmprod_downloaddaemon, hofarmprod_eventdaemon, hofarmprod_schedulerdaemon, hofarmprod_ftpdaemon

==============================================================================
BATCH/DAEMON JAVA DETAILS
==============================================================================
Batch/Daemon Java Processes | 8
Java-Name | Java-Path
hofarmprod_jqgridreportdaemon | /data/app/java/jdk1.7.0_80/bin/hofarmprod_jqgridreportdaemon
hofarmprod_labeldaemon | /data/app/java/jdk1.7.0_80/bin/hofarmprod_labeldaemon
hofarmprod_reportdaemon | /data/app/java/jdk1.7.0_80/bin/hofarmprod_reportdaemon
hofarmprod_uploaddaemon | /data/app/java/jdk1.7.0_80/bin/hofarmprod_uploaddaemon
hofarmprod_downloaddaemon | /data/app/java/jdk1.7.0_80/bin/hofarmprod_downloaddaemon
hofarmprod_eventdaemon | /data/app/java/jdk1.7.0_80/bin/hofarmprod_eventdaemon
hofarmprod_schedulerdaemon | /data/app/java/jdk1.7.0_80/bin/hofarmprod_schedulerdaemon
hofarmprod_ftpdaemon | /data/app/java/jdk1.7.0_80/bin/hofarmprod_ftpdaemon

==============================================================================
JBOSS/WILDFLY APPS (simple table)
==============================================================================
JBoss App Processes | 1
PID | AppName | JbossVersion | Java-Name | Port | URL | Status | Code | SSL-Status | App-Path
2433 | hofarmprod | app | hofarmprod_jboss | 80 | 192.168.8.147:80 | UP | 200 | Disabled | /data/app/jboss72/hofarmprod/standalone

==============================================================================
Server Availability Check Completed | 2026-05-09 23:39:39.375917
==============================================================================

2026-05-10 00:40:08,581 - 588382 - ERROR - app_validation.py errors for i-0b1d4109736cfba05:

2026-05-10 00:40:08,583 - 588382 - INFO - Before patching validation saved to: /data/patching_report/validation-2026-05-10/Hofarm-Prod/192.168.8.147/192.168.8.147-BeforePatching-2026-05-10-00-40-08-582.log
2026-05-10 00:40:08,583 - 588382 - INFO - Stopping EC2 instance: i-0b1d4109736cfba05 at 2026-05-10 00:40:08
2026-05-10 00:42:26,716 - 588382 - INFO - Instance i-0b1d4109736cfba05 stopped successfully.
2026-05-10 00:42:26,866 - 588382 - INFO - Stopped i-0b1d4109736cfba05 in 0:02:18.282459
2026-05-10 00:42:26,866 - 588382 - INFO - Starting EC2 instance: i-0b1d4109736cfba05
2026-05-10 00:42:43,344 - 588382 - INFO - Instance i-0b1d4109736cfba05 started successfully.
2026-05-10 00:42:43,344 - 588382 - INFO - Waiting 100 seconds for SSM agent to be ready on i-0b1d4109736cfba05...
2026-05-10 00:44:24,302 - 588382 - INFO - Sent app_validation.py to i-0b1d4109736cfba05 (command_id: 46306e54-7c83-48fa-af26-5d2d9744003a)
2026-05-10 00:44:54,531 - 588382 - INFO - app_validation.py output for i-0b1d4109736cfba05:

==============================================================================
Server Availability Check Started | 2026-05-09 23:44:24.742910
==============================================================================

==============================================================================
SYSTEM INFORMATION
==============================================================================
Server IP | 192.168.8.147
Hostname | ip-192-168-8-147
Current User | root
Working Directory | /usr/bin
Time Zone | -05

==============================================================================
STORAGE CHECK | /data mounts
==============================================================================
Filesystem | Size | Used | Avail | Use% | Mounted on
/dev/nvme1n1p2 | 229.9G | 40.1G | 189.8G | 17% | /data

==============================================================================
SYMLINK CHECK | root (/)
==============================================================================
Symlinks Total | 5
Symlinks Valid | 5
Symlinks Invalid | 0
Symlink | ResolvedTarget
/bin | /usr/bin
/data3 | /data/data3
/lib | /usr/lib
/lib64 | /usr/lib64
/sbin | /usr/sbin

==============================================================================
NFS CHECK
==============================================================================
NFS Package Installed | Yes
nfs-server.service Active | No
nfs-client.target Active | Yes
/etc/exports Present | Yes
EXPORTS_LINE | (empty)
NFS Mounted Shares | None

==============================================================================
CUPS CHECK
==============================================================================
CUPS Installed | Yes
CUPS Running | Yes
CUPS Version | 1.7.5
CUPS IP URL (http://192.168.8.147:631) | 200
Cups server Http Status | 200
Cups printers Http Status | 500
Printers Configured | 0

==============================================================================
FTP CHECK
==============================================================================
FTP Installed | No
FTP Running (Port 21 localhost) | No
FTP Port 21 Reachable on 192.168.8.147 | No
FTP Processes | None

==============================================================================
JAVA CHECK
==============================================================================
Total Java Processes | 1
Batch/Daemon Java Processes | 0
Non-Standalone Java Processes | Not Found

==============================================================================
BATCH/DAEMON JAVA DETAILS
==============================================================================
Batch/Daemon Java Processes | 0
Batch/Daemon Java Details | None

==============================================================================
JBOSS/WILDFLY APPS (simple table)
==============================================================================
JBoss App Processes | 1
PID | AppName | JbossVersion | Java-Name | Port | URL | Status | Code | SSL-Status | App-Path
2269 | hofarmprod | app | hofarmprod_jboss | 80 | 192.168.8.147:80 | Down | 404 | Disabled | /data/app/jboss72/hofarmprod/standalone

==============================================================================
Server Availability Check Completed | 2026-05-09 23:44:25.474562
==============================================================================

2026-05-10 00:44:54,531 - 588382 - ERROR - app_validation.py errors for i-0b1d4109736cfba05:

2026-05-10 00:44:54,532 - 588382 - INFO - After patching validation saved to: /data/patching_report/validation-2026-05-10/Hofarm-Prod/192.168.8.147/192.168.8.147-AfterPatching-2026-05-10-00-44-54-532.log
2026-05-10 00:44:54,586 - 588382 - INFO - Validation comparison report generated: /data/patching_report/validation-2026-05-10/Hofarm-Prod/192.168.8.147/192.168.8.147-Validation-details-2026-05-10-00-44-54-532.html
2026-05-10 00:44:55,256 - 588382 - INFO - Email sent successfully to ['CloudOps@softeon.com', 'kishlayk@softeon.com']
2026-05-10 00:44:55,257 - 588382 - INFO - HTML validation report email sent for i-0b1d4109736cfba05
2026-05-10 00:44:55,405 - 588382 - INFO - Started i-0b1d4109736cfba05 in 0:02:28.539300
2026-05-10 00:44:55,406 - 588382 - INFO - All instances processed.
2026-05-10 00:44:55,409 - 588382 - INFO - Restart Total time: 0:05:18.808893
2026-05-10 00:44:55,409 - 588382 - INFO - Auto-confirmed services are restarted
2026-05-10 00:44:55,409 - 588382 - INFO - Confirmed - services are started
2026-05-10 00:44:55,533 - 588382 - INFO - The following instances have failed the patch: []
2026-05-10 00:44:55,534 - 588382 - INFO - No instances have failed the patch.
2026-05-10 00:44:55,534 - 588382 - INFO - Total Patch Process time: 0:09:53.000626
2026-05-10 00:45:56,028 - 588382 - INFO - Log file ./logs/patching_2026-05-10_Hofarm-Prod.log uploaded to s3://q2-2026-aws-security-patching/Hofarm-Prod_Patch/2026-05-10/patching_2026-05-10_Hofarm-Prod.log
