2026-06-21 01:40:03,966 - 3023348 - INFO - Email sent successfully to ['CloudOps@softeon.com']
2026-06-21 02:06:36,127 - 3023348 - INFO - Email sent successfully to ['CloudOps@softeon.com']
2026-06-21 02:06:36,307 - 3023348 - INFO - Log file ./logs/backup_2026-06-21.log uploaded to s3://q3-2025-aws-security-patching/Curology-Batch_Patch_Backup/2026-06-21/backup_2026-06-21.log
2026-06-21 05:40:02,918 - 3032671 - INFO - Logger setup has been removed, using shared logger from common.logs.logger.
2026-06-21 05:40:02,918 - 3032671 - INFO - Script Start Time: 2026-06-21 05:40:02
2026-06-21 05:40:03,287 - 3032671 - INFO - Instance(s) selected for Patching: {'i-04cd49f03a4a17d6f': '172.28.128.47', 'i-0d182d7e95fda0652': '172.28.128.20'}
2026-06-21 05:40:03,370 - 3032671 - INFO - Email sent successfully to ['CloudOps@softeon.com']
2026-06-21 05:40:03,370 - 3032671 - INFO - Now patching instances at: 2026-06-21 05:40:03
2026-06-21 05:40:03,667 - 3032671 - INFO - Sent app_validation.py to i-0d182d7e95fda0652 (command_id: 8c8f8cc1-e0d3-4726-9a85-577c9c5957d7)
2026-06-21 05:40:33,702 - 3032671 - ERROR - Before validation failed for i-0d182d7e95fda0652: An error occurred (AccessDeniedException) when calling the GetCommandInvocation operation: User: arn:aws:iam::952248200411:user/DevOps-Prod-Scripts is not authorized to perform: ssm:GetCommandInvocation on resource: arn:aws:ssm:us-east-2:952248200411:* because no identity-based policy allows the ssm:GetCommandInvocation action
2026-06-21 05:40:33,942 - 3032671 - INFO - Sent app_validation.py to i-04cd49f03a4a17d6f (command_id: 565fdfef-2243-47f7-955c-289dcdfe7850)
2026-06-21 05:41:03,995 - 3032671 - ERROR - Before validation failed for i-04cd49f03a4a17d6f: An error occurred (AccessDeniedException) when calling the GetCommandInvocation operation: User: arn:aws:iam::952248200411:user/DevOps-Prod-Scripts is not authorized to perform: ssm:GetCommandInvocation on resource: arn:aws:ssm:us-east-2:952248200411:* because no identity-based policy allows the ssm:GetCommandInvocation action
2026-06-21 05:41:04,154 - 3032671 - INFO - Sending patch command to instance i-0d182d7e95fda0652
2026-06-21 05:41:04,306 - 3032671 - INFO - Command sent successfully to instance i-0d182d7e95fda0652. Command ID: 17acb151-128e-4d80-a20e-f27cd97985e2
2026-06-21 05:41:04,437 - 3032671 - INFO - Sending patch command to instance i-04cd49f03a4a17d6f
2026-06-21 05:41:04,548 - 3032671 - INFO - Command sent successfully to instance i-04cd49f03a4a17d6f. Command ID: 2134a27a-4070-49ef-a1e5-d38c5ec02d33
2026-06-21 05:52:37,399 - 3032671 - INFO - All patches applied successfully.
2026-06-21 05:52:37,399 - 3032671 - INFO - Patching end time: 2026-06-21 05:52:37
2026-06-21 05:52:37,399 - 3032671 - INFO - Patch Elapsed time: 0:12:34.029302
2026-06-21 05:52:37,476 - 3032671 - INFO - Email sent successfully to ['CloudOps@softeon.com']
2026-06-21 05:52:37,476 - 3032671 - INFO - Confirmed - services are stopped
2026-06-21 05:52:38,006 - 3032671 - INFO - Discovered TG map: {}
2026-06-21 05:52:38,184 - 3032671 - INFO - Stopping EC2 instance: i-0d182d7e95fda0652 at 2026-06-21 05:52:38
2026-06-21 05:53:39,306 - 3032671 - INFO - Instance i-0d182d7e95fda0652 stopped successfully.
2026-06-21 05:53:39,548 - 3032671 - INFO - Stopped i-0d182d7e95fda0652 in 0:01:01.364014
2026-06-21 05:53:39,548 - 3032671 - INFO - Starting EC2 instance: i-0d182d7e95fda0652
2026-06-21 05:53:55,514 - 3032671 - INFO - Instance i-0d182d7e95fda0652 started successfully.
2026-06-21 05:53:55,514 - 3032671 - INFO - Waiting 100 seconds for SSM agent to be ready on i-0d182d7e95fda0652...
2026-06-21 05:55:35,611 - 3032671 - ERROR - Error starting instance i-0d182d7e95fda0652: expected str, bytes or os.PathLike object, not NoneType
2026-06-21 05:55:35,613 - 3032671 - INFO - Stopping EC2 instance: i-04cd49f03a4a17d6f at 2026-06-21 05:55:35
2026-06-21 05:57:52,258 - 3032671 - INFO - Instance i-04cd49f03a4a17d6f stopped successfully.
2026-06-21 05:57:52,579 - 3032671 - INFO - Stopped i-04cd49f03a4a17d6f in 0:02:16.966202
2026-06-21 05:57:52,579 - 3032671 - INFO - Starting EC2 instance: i-04cd49f03a4a17d6f
2026-06-21 05:58:08,471 - 3032671 - INFO - Instance i-04cd49f03a4a17d6f started successfully.
2026-06-21 05:58:08,471 - 3032671 - INFO - Waiting 100 seconds for SSM agent to be ready on i-04cd49f03a4a17d6f...
2026-06-21 05:59:48,531 - 3032671 - ERROR - Error starting instance i-04cd49f03a4a17d6f: expected str, bytes or os.PathLike object, not NoneType
2026-06-21 05:59:48,531 - 3032671 - INFO - All instances processed.
2026-06-21 05:59:48,532 - 3032671 - INFO - Restart Total time: 0:07:10.923115
2026-06-21 05:59:48,533 - 3032671 - INFO - Auto-confirmed services are restarted
2026-06-21 05:59:48,533 - 3032671 - INFO - Confirmed - services are started
2026-06-21 05:59:48,664 - 3032671 - INFO - The following instances have failed the patch: []
2026-06-21 05:59:48,665 - 3032671 - INFO - No instances have failed the patch.
2026-06-21 05:59:48,665 - 3032671 - INFO - Total Patch Process time: 0:19:45.746131
2026-06-21 06:00:49,138 - 3032671 - INFO - Log file ./logs/patching_2026-06-21_Curology-Batch.log uploaded to s3://q2-2026-aws-security-patching/Curology-Batch_Patch/2026-06-21/patching_2026-06-21_Curology-Batch.log
