2026-05-02 01:45:02,538 - 155432 - INFO - Email sent successfully to ['CloudOps@softeon.com']
2026-05-02 01:49:15,259 - 155432 - INFO - Email sent successfully to ['CloudOps@softeon.com']
2026-05-02 01:49:15,437 - 155432 - INFO - Log file ./logs/backup_2026-05-02.log uploaded to s3://q3-2025-aws-security-patching/USP-motors-batch_Patch_Backup/2026-05-02/backup_2026-05-02.log
2026-05-02 05:45:01,836 - 164124 - INFO - Logger setup has been removed, using shared logger from common.logs.logger.
2026-05-02 05:45:01,837 - 164124 - INFO - Script Start Time: 2026-05-02 05:45:01
2026-05-02 05:45:02,185 - 164124 - INFO - Instance(s) selected for Patching: {'i-033fee09c5ad1f4ef': '172.30.130.109'}
2026-05-02 05:45:02,259 - 164124 - INFO - Email sent successfully to ['a80af5b5.softeon.com@in.teams.ms', 'CloudOps@softeon.com']
2026-05-02 05:45:02,259 - 164124 - INFO - Now patching instances at: 2026-05-02 05:45:02
2026-05-02 05:45:02,346 - 164124 - INFO - Sending patch command to instance i-033fee09c5ad1f4ef
2026-05-02 05:45:02,536 - 164124 - INFO - Command sent successfully to instance i-033fee09c5ad1f4ef. Command ID: 2d381e32-a602-4dda-944f-f0edd50b6448
2026-05-02 05:49:33,832 - 164124 - INFO - All patches applied successfully.
2026-05-02 05:49:33,833 - 164124 - INFO - Patching end time: 2026-05-02 05:49:33
2026-05-02 05:49:33,833 - 164124 - INFO - Patch Elapsed time: 0:04:31.573615
2026-05-02 05:49:33,907 - 164124 - INFO - Email sent successfully to ['a80af5b5.softeon.com@in.teams.ms', 'CloudOps@softeon.com']
2026-05-02 05:49:33,907 - 164124 - INFO - Confirmed - services are stopped
2026-05-02 05:49:42,023 - 164124 - INFO - Discovered TG map: {}
2026-05-02 05:49:42,487 - 164124 - INFO - Sent app_validation.py to i-033fee09c5ad1f4ef (command_id: 0253e411-63fa-4694-88c9-e82106728e13)
2026-05-02 05:50:12,592 - 164124 - INFO - app_validation.py output for i-033fee09c5ad1f4ef:

==============================================================================
Server Availability Check Started | 2026-05-02 09:49:42.780528
==============================================================================

==============================================================================
SYSTEM INFORMATION
==============================================================================
Server IP | 172.30.130.109
Hostname | ip-172-30-130-109.us-east-2.compute.internal
Current User | root
Working Directory | /usr/bin
Time Zone | UTC

==============================================================================
STORAGE CHECK | /data mounts
==============================================================================
Filesystem | Size | Used | Avail | Use% | Mounted on
/dev/nvme1n1p2 | 289.9G | 81.7G | 208.2G | 28% | /data
fs-0d5b82a792125f906.efs.us-east-2.amazonaws.com:/ | 0B | 99.9G | 0B | 0% | /data2

==============================================================================
SYMLINK CHECK | root (/)
==============================================================================
Symlinks Total | 4
Symlinks Valid | 4
Symlinks Invalid | 0
Symlink | ResolvedTarget
/bin | /usr/bin
/lib | /usr/lib
/lib64 | /usr/lib64
/sbin | /usr/sbin

==============================================================================
NFS CHECK
==============================================================================
NFS Package Installed | Yes
nfs-server.service Active | No
nfs-client.target Active | Yes
/etc/exports Present | Yes
EXPORTS_LINE | (empty)
NFS_MOUNT | Device | MountPoint | FSType
NFS_MOUNT | fs-0d5b82a792125f906.efs.us-east-2.amazonaws.com:/ | /data2 | nfs4

==============================================================================
CUPS CHECK
==============================================================================
CUPS Installed | Yes
CUPS Running | Yes
CUPS Version | 1.7.5
CUPS IP URL (http://172.30.130.109:631) | 200
Cups server Http Status | 200
Cups printers Http Status | 500
Printers Configured | 0

==============================================================================
FTP CHECK
==============================================================================
FTP Installed | No
FTP Running (Port 21 localhost) | No
FTP Port 21 Reachable on 172.30.130.109 | No
FTP Processes | None

==============================================================================
JAVA CHECK
==============================================================================
Total Java Processes | 15
Batch/Daemon Java Processes | 13
Non-Standalone Java Processes | uspprd_dwa, uspprd_event, uspprd_rpt, uspprd_jqgrid, uspprd_sch, uspprd_inbq, uspprd_wld, uspprd_dmto, uspprd_dmti, uspprd_lbl, uspprd_ftp, uspprd_harp, uspprd_invdwa

==============================================================================
BATCH/DAEMON JAVA DETAILS
==============================================================================
Batch/Daemon Java Processes | 13
Java-Name | Java-Path
uspprd_dwa | /data/batchapp/softeon/uspsportsprd/downloaddaemon
uspprd_event | /data/batchapp/softeon/uspsportsprd/eventdaemon
uspprd_rpt | /data/batchapp/softeon/uspsportsprd/reportdaemon
uspprd_jqgrid | /data/batchapp/softeon/uspsportsprd/reportjqgridexportdaemon
uspprd_sch | /data/batchapp/softeon/uspsportsprd/schedulardaemon
uspprd_inbq | /data/batchapp/softeon/uspsportsprd/uploaddeamon
uspprd_wld | /data/batchapp/softeon/uspsportsprd/wavelaunchdaemon
uspprd_dmto | /data/batchapp/softeon/uspsportsprd/dematicoutbounddaemon
uspprd_dmti | /data/batchapp/softeon/uspsportsprd/dematicinbounddaemon
uspprd_lbl | /data/batchapp/softeon/uspsportsprd/labeldaemon
uspprd_ftp | /data/batchapp/softeon/uspsportsprd/ftpdaemon
uspprd_harp | /data/batchapp/softeon/uspsportsprd/hardallocationdaemon
uspprd_invdwa | /data/batchapp/softeon/uspsportsprd/downloaddaemon1

==============================================================================
JBOSS/WILDFLY APPS (simple table)
==============================================================================
JBoss App Processes | 0
JBoss Apps | None

==============================================================================
Server Availability Check Completed | 2026-05-02 09:49:43.228018
==============================================================================

2026-05-02 05:50:12,592 - 164124 - ERROR - app_validation.py errors for i-033fee09c5ad1f4ef:

2026-05-02 05:50:12,596 - 164124 - INFO - Before patching validation saved to: /data/patching_report/validation-2026-05-02/USP-motors-batch/172.30.130.109/172.30.130.109-BeforePatching-2026-05-02-05-50-12-593.log
2026-05-02 05:50:12,597 - 164124 - INFO - Stopping EC2 instance: i-033fee09c5ad1f4ef at 2026-05-02 05:50:12
2026-05-02 05:50:58,514 - 164124 - INFO - Instance i-033fee09c5ad1f4ef stopped successfully.
2026-05-02 05:50:58,690 - 164124 - INFO - Stopped i-033fee09c5ad1f4ef in 0:00:46.093386
2026-05-02 05:50:58,691 - 164124 - INFO - Starting EC2 instance: i-033fee09c5ad1f4ef
2026-05-02 05:51:14,583 - 164124 - INFO - Instance i-033fee09c5ad1f4ef started successfully.
2026-05-02 05:51:14,583 - 164124 - INFO - Waiting 100 seconds for SSM agent to be ready on i-033fee09c5ad1f4ef...
2026-05-02 05:52:54,902 - 164124 - INFO - Sent app_validation.py to i-033fee09c5ad1f4ef (command_id: 4b03336b-070d-4647-b454-559015d53d2a)
2026-05-02 05:53:25,020 - 164124 - INFO - app_validation.py output for i-033fee09c5ad1f4ef:

==============================================================================
Server Availability Check Started | 2026-05-02 09:52:55.220878
==============================================================================

==============================================================================
SYSTEM INFORMATION
==============================================================================
Server IP | 172.30.130.109
Hostname | ip-172-30-130-109.us-east-2.compute.internal
Current User | root
Working Directory | /usr/bin
Time Zone | UTC

==============================================================================
STORAGE CHECK | /data mounts
==============================================================================
Filesystem | Size | Used | Avail | Use% | Mounted on
/dev/nvme1n1p2 | 289.9G | 81.5G | 208.4G | 28% | /data
fs-0d5b82a792125f906.efs.us-east-2.amazonaws.com:/ | 0B | 99.9G | 0B | 0% | /data2

==============================================================================
SYMLINK CHECK | root (/)
==============================================================================
Symlinks Total | 4
Symlinks Valid | 4
Symlinks Invalid | 0
Symlink | ResolvedTarget
/bin | /usr/bin
/lib | /usr/lib
/lib64 | /usr/lib64
/sbin | /usr/sbin

==============================================================================
NFS CHECK
==============================================================================
NFS Package Installed | Yes
nfs-server.service Active | No
nfs-client.target Active | Yes
/etc/exports Present | Yes
EXPORTS_LINE | (empty)
NFS_MOUNT | Device | MountPoint | FSType
NFS_MOUNT | fs-0d5b82a792125f906.efs.us-east-2.amazonaws.com:/ | /data2 | nfs4

==============================================================================
CUPS CHECK
==============================================================================
CUPS Installed | Yes
CUPS Running | No
CUPS Version | 1.7.5
CUPS IP Port 631 Reachable | No
Cups server Http Status | Not Found
Cups printers Http Status | Not Found
Printers Configured | 0

==============================================================================
FTP CHECK
==============================================================================
FTP Installed | No
FTP Running (Port 21 localhost) | No
FTP Port 21 Reachable on 172.30.130.109 | No
FTP Processes | None

==============================================================================
JAVA CHECK
==============================================================================
Total Java Processes | 2
Batch/Daemon Java Processes | 0
Non-Standalone Java Processes | Not Found

==============================================================================
BATCH/DAEMON JAVA DETAILS
==============================================================================
Batch/Daemon Java Processes | 0
Batch/Daemon Java Details | None

==============================================================================
JBOSS/WILDFLY APPS (simple table)
==============================================================================
JBoss App Processes | 0
JBoss Apps | None

==============================================================================
Server Availability Check Completed | 2026-05-02 09:52:55.487232
==============================================================================

2026-05-02 05:53:25,020 - 164124 - ERROR - app_validation.py errors for i-033fee09c5ad1f4ef:

2026-05-02 05:53:25,022 - 164124 - INFO - After patching validation saved to: /data/patching_report/validation-2026-05-02/USP-motors-batch/172.30.130.109/172.30.130.109-AfterPatching-2026-05-02-05-53-25-021.log
2026-05-02 05:53:25,073 - 164124 - INFO - Validation comparison report generated: /data/patching_report/validation-2026-05-02/USP-motors-batch/172.30.130.109/172.30.130.109-Validation-details-2026-05-02-05-53-25-021.html
2026-05-02 05:53:25,319 - 164124 - INFO - Email sent successfully to ['CloudOps@softeon.com', 'kishlayk@softeon.com']
2026-05-02 05:53:25,319 - 164124 - INFO - HTML validation report email sent for i-033fee09c5ad1f4ef
2026-05-02 05:53:25,566 - 164124 - INFO - Started i-033fee09c5ad1f4ef in 0:02:26.875527
2026-05-02 05:53:25,567 - 164124 - INFO - All instances processed.
2026-05-02 05:53:25,569 - 164124 - INFO - Restart Total time: 0:03:51.530144
2026-05-02 05:53:25,570 - 164124 - INFO - Auto-confirmed services are restarted
2026-05-02 05:53:25,570 - 164124 - INFO - Confirmed - services are started
2026-05-02 05:53:25,680 - 164124 - INFO - The following instances have failed the patch: []
2026-05-02 05:53:25,680 - 164124 - INFO - No instances have failed the patch.
2026-05-02 05:53:25,680 - 164124 - INFO - Total Patch Process time: 0:08:23.843295
2026-05-02 05:54:26,046 - 164124 - INFO - Log file ./logs/patching_2026-05-02_USP-motors-batch.log uploaded to s3://q2-2026-aws-security-patching/USP-motors-batch_Patch/2026-05-02/patching_2026-05-02_USP-motors-batch.log
