2026-05-17 01:20:02,555 - 974510 - INFO - Logger setup has been removed, using shared logger from common.logs.logger.
2026-05-17 01:20:02,556 - 974510 - INFO - Script Start Time: 2026-05-17 01:20:02
2026-05-17 01:20:03,568 - 974510 - INFO - Instance(s) selected for Patching: {'i-03785b93b31c735fd': '172.29.59.39'}
2026-05-17 01:20:03,647 - 974510 - INFO - Email sent successfully to ['CloudOps@softeon.com']
2026-05-17 01:20:03,647 - 974510 - INFO - Now patching instances at: 2026-05-17 01:20:03
2026-05-17 01:20:03,733 - 974510 - INFO - Sending patch command to instance i-03785b93b31c735fd
2026-05-17 01:20:03,890 - 974510 - INFO - Command sent successfully to instance i-03785b93b31c735fd. Command ID: ab41e3f7-7324-4a4b-867c-e60ebd6bccca
2026-05-17 01:27:35,596 - 974510 - INFO - All patches applied successfully.
2026-05-17 01:27:35,596 - 974510 - INFO - Patching end time: 2026-05-17 01:27:35
2026-05-17 01:27:35,596 - 974510 - INFO - Patch Elapsed time: 0:07:31.949369
2026-05-17 01:27:35,666 - 974510 - INFO - Email sent successfully to ['CloudOps@softeon.com']
2026-05-17 01:27:35,667 - 974510 - INFO - Confirmed - services are stopped
2026-05-17 01:27:55,845 - 974510 - INFO - Discovered TG map: {}
2026-05-17 01:27:56,250 - 974510 - INFO - Sent app_validation.py to i-03785b93b31c735fd (command_id: 31d7fca1-4aab-4ad0-82e0-7799f49b9377)
2026-05-17 01:28:26,293 - 974510 - INFO - app_validation.py output for i-03785b93b31c735fd:

==============================================================================
Server Availability Check Started | 2026-05-17 05:27:56.546650
==============================================================================

==============================================================================
SYSTEM INFORMATION
==============================================================================
Server IP | 172.29.59.39
Hostname | ip-172-29-59-39
Current User | root
Working Directory | /usr/bin
Time Zone | UTC

==============================================================================
STORAGE CHECK | /data mounts
==============================================================================
Filesystem | Size | Used | Avail | Use% | Mounted on
/dev/nvme1n1p2 | 239.9G | 86.8G | 153.1G | 36% | /data
fs-9aa41dd2.efs.us-east-1.amazonaws.com:/ | 0B | 33.2T | 0B | 0% | /data2

==============================================================================
SYMLINK CHECK | root (/)
==============================================================================
Symlinks Total | 4
Symlinks Valid | 4
Symlinks Invalid | 0
Symlink | ResolvedTarget
/bin | /usr/bin
/lib | /usr/lib
/lib64 | /usr/lib64
/sbin | /usr/sbin

==============================================================================
NFS CHECK
==============================================================================
NFS Package Installed | Yes
nfs-server.service Active | No
nfs-client.target Active | Yes
/etc/exports Present | Yes
EXPORTS_LINE | (empty)
NFS_MOUNT | Device | MountPoint | FSType
NFS_MOUNT | fs-9aa41dd2.efs.us-east-1.amazonaws.com:/ | /data2 | nfs4

==============================================================================
CUPS CHECK
==============================================================================
CUPS Installed | Yes
CUPS Running | Yes
CUPS Version | 1.7.5
CUPS IP URL (http://172.29.59.39:631) | 200
Cups server Http Status | 200
Cups printers Http Status | 500
Printers Configured | 0

==============================================================================
FTP CHECK
==============================================================================
FTP Installed | No
FTP Running (Port 21 localhost) | No
FTP Port 21 Reachable on 172.29.59.39 | No
FTP Processes | None

==============================================================================
JAVA CHECK
==============================================================================
Total Java Processes | 18
Batch/Daemon Java Processes | 17
Non-Standalone Java Processes | domsups_dwa, domsups_event, domsups_ftp, domsups_hld, domsups_omas, domsups_prls, domsups_rpt, domsups_jqgrid, domsups_sch, domsups_scfk, domsups_src, domsups_inbq, domsups_1inbq, domsups_wmsrl, domsups_2inbq, domsups_3inbq, domsups_4inbq

==============================================================================
BATCH/DAEMON JAVA DETAILS
==============================================================================
Batch/Daemon Java Processes | 17
Java-Name | Java-Path
domsups_dwa | /data/batchapp/softeon/domsupspznprod/downloaddaemon
domsups_event | /data/batchapp/softeon/domsupspznprod/eventdaemon
domsups_ftp | /data/batchapp/softeon/domsupspznprod/ftpdaemon
domsups_hld | /data/batchapp/softeon/domsupspznprod/holddaemon
domsups_omas | /data/batchapp/softeon/domsupspznprod/massupdatedaemon
domsups_prls | /data/batchapp/softeon/domsupspznprod/ordersplitdaemon
domsups_rpt | /data/batchapp/softeon/domsupspznprod/reportdaemon
domsups_jqgrid | /data/batchapp/softeon/domsupspznprod/reportjqgridexportdaemon
domsups_sch | /data/batchapp/softeon/domsupspznprod/schedulerdaemon
domsups_scfk | /data/batchapp/softeon/domsupspznprod/shipconfirmfillkilldaemon
domsups_src | /data/batchapp/softeon/domsupspznprod/sourcingdaemon
domsups_inbq | /data/batchapp/softeon/domsupspznprod/uploaddaemon
domsups_1inbq | /data/batchapp/softeon/domsupspznprod/uploaddaemon1
domsups_wmsrl | /data/batchapp/softeon/domsupspznprod/wmsreleasedaemon
domsups_2inbq | /data/batchapp/softeon/domsupspznprod/uploaddaemon2
domsups_3inbq | /data/batchapp/softeon/domsupspznprod/uploaddaemon3
domsups_4inbq | /data/batchapp/softeon/domsupspznprod/uploaddaemon4

==============================================================================
JBOSS/WILDFLY APPS (simple table)
==============================================================================
JBoss App Processes | 0
JBoss Apps | None

==============================================================================
Server Availability Check Completed | 2026-05-17 05:27:57.067151
==============================================================================

2026-05-17 01:28:26,293 - 974510 - ERROR - app_validation.py errors for i-03785b93b31c735fd:

2026-05-17 01:28:26,295 - 974510 - INFO - Before patching validation saved to: /data/patching_report/validation-2026-05-17/UPS-PZN-DOMS-2/172.29.59.39/172.29.59.39-BeforePatching-2026-05-17-01-28-26-294.log
2026-05-17 01:28:26,295 - 974510 - INFO - Stopping EC2 instance: i-03785b93b31c735fd at 2026-05-17 01:28:26
2026-05-17 01:29:27,536 - 974510 - INFO - Instance i-03785b93b31c735fd stopped successfully.
2026-05-17 01:29:27,671 - 974510 - INFO - Stopped i-03785b93b31c735fd in 0:01:01.375537
2026-05-17 01:29:27,671 - 974510 - INFO - Starting EC2 instance: i-03785b93b31c735fd
2026-05-17 01:29:43,558 - 974510 - INFO - Instance i-03785b93b31c735fd started successfully.
2026-05-17 01:29:43,558 - 974510 - INFO - Waiting 100 seconds for SSM agent to be ready on i-03785b93b31c735fd...
2026-05-17 01:31:23,891 - 974510 - INFO - Sent app_validation.py to i-03785b93b31c735fd (command_id: 08f28b7e-328e-46c1-a9c8-f20315527f22)
2026-05-17 01:31:53,986 - 974510 - INFO - app_validation.py output for i-03785b93b31c735fd:

==============================================================================
Server Availability Check Started | 2026-05-17 05:31:24.213438
==============================================================================

==============================================================================
SYSTEM INFORMATION
==============================================================================
Server IP | 172.29.59.39
Hostname | ip-172-29-59-39
Current User | root
Working Directory | /usr/bin
Time Zone | UTC

==============================================================================
STORAGE CHECK | /data mounts
==============================================================================
Filesystem | Size | Used | Avail | Use% | Mounted on
/dev/nvme1n1p2 | 239.9G | 86.7G | 153.2G | 36% | /data
fs-9aa41dd2.efs.us-east-1.amazonaws.com:/ | 0B | 33.2T | 0B | 0% | /data2

==============================================================================
SYMLINK CHECK | root (/)
==============================================================================
Symlinks Total | 4
Symlinks Valid | 4
Symlinks Invalid | 0
Symlink | ResolvedTarget
/bin | /usr/bin
/lib | /usr/lib
/lib64 | /usr/lib64
/sbin | /usr/sbin

==============================================================================
NFS CHECK
==============================================================================
NFS Package Installed | Yes
nfs-server.service Active | No
nfs-client.target Active | Yes
/etc/exports Present | Yes
EXPORTS_LINE | (empty)
NFS_MOUNT | Device | MountPoint | FSType
NFS_MOUNT | fs-9aa41dd2.efs.us-east-1.amazonaws.com:/ | /data2 | nfs4

==============================================================================
CUPS CHECK
==============================================================================
CUPS Installed | Yes
CUPS Running | Yes
CUPS Version | 1.7.5
CUPS IP URL (http://172.29.59.39:631) | 200
Cups server Http Status | 200
Cups printers Http Status | 500
Printers Configured | 0

==============================================================================
FTP CHECK
==============================================================================
FTP Installed | No
FTP Running (Port 21 localhost) | No
FTP Port 21 Reachable on 172.29.59.39 | No
FTP Processes | None

==============================================================================
JAVA CHECK
==============================================================================
Total Java Processes | 1
Batch/Daemon Java Processes | 0
Non-Standalone Java Processes | Not Found

==============================================================================
BATCH/DAEMON JAVA DETAILS
==============================================================================
Batch/Daemon Java Processes | 0
Batch/Daemon Java Details | None

==============================================================================
JBOSS/WILDFLY APPS (simple table)
==============================================================================
JBoss App Processes | 0
JBoss Apps | None

==============================================================================
Server Availability Check Completed | 2026-05-17 05:31:24.655327
==============================================================================

2026-05-17 01:31:53,986 - 974510 - ERROR - app_validation.py errors for i-03785b93b31c735fd:

2026-05-17 01:31:53,988 - 974510 - INFO - After patching validation saved to: /data/patching_report/validation-2026-05-17/UPS-PZN-DOMS-2/172.29.59.39/172.29.59.39-AfterPatching-2026-05-17-01-31-53-987.log
2026-05-17 01:31:54,038 - 974510 - INFO - Validation comparison report generated: /data/patching_report/validation-2026-05-17/UPS-PZN-DOMS-2/172.29.59.39/172.29.59.39-Validation-details-2026-05-17-01-31-53-987.html
2026-05-17 01:31:54,299 - 974510 - INFO - Email sent successfully to ['CloudOps@softeon.com', 'kishlayk@softeon.com']
2026-05-17 01:31:54,299 - 974510 - INFO - HTML validation report email sent for i-03785b93b31c735fd
2026-05-17 01:31:54,435 - 974510 - INFO - Started i-03785b93b31c735fd in 0:02:26.763972
2026-05-17 01:31:54,436 - 974510 - INFO - All instances processed.
2026-05-17 01:31:54,439 - 974510 - INFO - Restart Total time: 0:04:18.645452
2026-05-17 01:31:54,439 - 974510 - INFO - Auto-confirmed services are restarted
2026-05-17 01:31:54,439 - 974510 - INFO - Confirmed - services are started
2026-05-17 01:31:54,555 - 974510 - INFO - The following instances have failed the patch: []
2026-05-17 01:31:54,555 - 974510 - INFO - No instances have failed the patch.
2026-05-17 01:31:54,555 - 974510 - INFO - Total Patch Process time: 0:11:51.998943
2026-05-17 01:32:54,901 - 974510 - INFO - Log file ./logs/patching_2026-05-17_UPS-PZN-DOMS-2.log uploaded to s3://q2-2026-aws-security-patching/UPS-PZN-DOMS-2_Patch/2026-05-17/patching_2026-05-17_UPS-PZN-DOMS-2.log
