2026-04-07 03:10:02,094 - 231341 - INFO - Logger setup has been removed, using shared logger from common.logs.logger.
2026-04-07 03:10:02,094 - 231341 - INFO - Script Start Time: 2026-04-07 03:10:02
2026-04-07 03:10:02,513 - 231341 - INFO - Instance(s) selected for Patching: {'i-016ccc85213a9b43b': '172.31.18.61'}
2026-04-07 03:10:02,602 - 231341 - INFO - Email sent successfully to ['a80af5b5.softeon.com@in.teams.ms', 'CloudOps@softeon.com']
2026-04-07 03:10:02,603 - 231341 - INFO - Now patching instances at: 2026-04-07 03:10:02
2026-04-07 03:10:02,694 - 231341 - INFO - Sending patch command to instance i-016ccc85213a9b43b
2026-04-07 03:10:02,849 - 231341 - INFO - Command sent successfully to instance i-016ccc85213a9b43b. Command ID: 5b65143d-9736-42e9-89bb-619413af289f
2026-04-07 03:15:04,290 - 231341 - INFO - All patches applied successfully.
2026-04-07 03:15:04,290 - 231341 - INFO - Patching end time: 2026-04-07 03:15:04
2026-04-07 03:15:04,290 - 231341 - INFO - Patch Elapsed time: 0:05:01.687097
2026-04-07 03:15:04,362 - 231341 - INFO - Email sent successfully to ['a80af5b5.softeon.com@in.teams.ms', 'CloudOps@softeon.com']
2026-04-07 03:15:04,362 - 231341 - INFO - Confirmed - services are stopped
2026-04-07 03:15:25,818 - 231341 - INFO - Discovered TG map: {'i-016ccc85213a9b43b': ['arn:aws:elasticloadbalancing:us-east-1:835314132208:targetgroup/PSS-UAT-Config/1db568174ba6a2f2', 'arn:aws:elasticloadbalancing:us-east-1:835314132208:targetgroup/PSS-UAT-Portal/4271358801fefaad', 'arn:aws:elasticloadbalancing:us-east-1:835314132208:targetgroup/PSS-UAT-RF/2a80ece7e5d9426a', 'arn:aws:elasticloadbalancing:us-east-1:835314132208:targetgroup/PSS-UAT-VoiceAdmin/6cb8601199590ab7', 'arn:aws:elasticloadbalancing:us-east-1:835314132208:targetgroup/PSS-UAT-Desktop/f21f36e42f09cde7', 'arn:aws:elasticloadbalancing:us-east-1:835314132208:targetgroup/PSS-UAT-WC-EXT/cb37a90464bfefdf']}
2026-04-07 03:15:26,219 - 231341 - INFO - Sent app_validation.py to i-016ccc85213a9b43b (command_id: b8411477-e79f-4348-9374-3ce6eeea04ae)
2026-04-07 03:15:56,306 - 231341 - INFO - app_validation.py output for i-016ccc85213a9b43b:

==============================================================================
Server Availability Check Started | 2026-04-07 07:15:26.547355
==============================================================================

==============================================================================
SYSTEM INFORMATION
==============================================================================
Server IP | 172.31.18.61
Hostname | ip-172-31-18-61
Current User | root
Working Directory | /usr/bin
Time Zone | UTC

==============================================================================
STORAGE CHECK | /data mounts
==============================================================================
Filesystem | Size | Used | Avail | Use% | Mounted on
/dev/mapper/vg01-lv02 | 239.9G | 106.4G | 133.5G | 44% | /data

==============================================================================
SYMLINK CHECK | root (/)
==============================================================================
Symlinks Total | 6
Symlinks Valid | 6
Symlinks Invalid | 0
Symlink | ResolvedTarget
/bin | /usr/bin
/data2 | /data/data2
/data3 | /data/data3
/lib | /usr/lib
/lib64 | /usr/lib64
/sbin | /usr/sbin

==============================================================================
NFS CHECK
==============================================================================
NFS Package Installed | Yes
nfs-server.service Active | No
nfs-client.target Active | Yes
/etc/exports Present | Yes
EXPORTS_LINE | (empty)
NFS Mounted Shares | None

==============================================================================
CUPS CHECK
==============================================================================
CUPS Installed | Yes
CUPS Running | Yes
CUPS Version | 1.7.5
CUPS IP URL (http://172.31.18.61:631) | 200
Cups server Http Status | 200
Cups printers Http Status | 500
Printers Configured | 0

==============================================================================
FTP CHECK
==============================================================================
FTP Installed | No
FTP Running (Port 21 localhost) | No
FTP Port 21 Reachable on 172.31.18.61 | No
FTP Processes | None

==============================================================================
JAVA CHECK
==============================================================================
Total Java Processes | 29
Batch/Daemon Java Processes | 23
Non-Standalone Java Processes | pssconfig_bdd, pss_300sch, pssuat_apick, pssuat_dwa, pssuat_event, pssuat_ftp, pssuat_harp, pssuat_lbl, pssuat_repl, pssuat_rccl, pssuat_rplpri, pssuat_rpt, pssuat_jqgrid, pssuat_sch, pssuat_voadm, pssuat_vomob, pssuat_wld, pssuat_billivb, pssuat_billcb, pssuat_est_sch, pssuat_cen_sch, pssuat_sdrpt, pssuat_inbq

==============================================================================
BATCH/DAEMON JAVA DETAILS
==============================================================================
Batch/Daemon Java Processes | 23
Java-Name | Java-Path
pssconfig_bdd | /data/batchapp/softeon/pssconfig/bulkdatadaemon
pss_300sch | /data/batchapp/softeon/pssuat/schedulerdaemon_300
pssuat_apick | /data/batchapp/softeon/pssuat/autopicktooldaemon
pssuat_dwa | /data/batchapp/softeon/pssuat/downloaddaemon
pssuat_event | /data/batchapp/softeon/pssuat/eventdaemon
pssuat_ftp | /data/batchapp/softeon/pssuat/ftpdaemon
pssuat_harp | /data/batchapp/softeon/pssuat/hardallocationdaemon
pssuat_lbl | /data/batchapp/softeon/pssuat/labeldaemon
pssuat_repl | /data/batchapp/softeon/pssuat/replenishmentdaemon
pssuat_rccl | /data/batchapp/softeon/pssuat/replenishmentpickloccanceldaemon
pssuat_rplpri | /data/batchapp/softeon/pssuat/replenishmentpriorityupdatedaemon
pssuat_rpt | /data/batchapp/softeon/pssuat/reportdaemon
pssuat_jqgrid | /data/batchapp/softeon/pssuat/reportjqgridexportdaemon
pssuat_sch | /data/batchapp/softeon/pssuat/schedulerdaemon
pssuat_voadm | /data/batchapp/softeon/pssuat/voiceadminserver
pssuat_vomob | /data/batchapp/softeon/pssuat/voicemobiledaemon
pssuat_wld | /data/batchapp/softeon/pssuat/wavelaunchdaemon
pssuat_billivb | /data/batchapp/softeon/pssuat/billinginvoicebatchdaemon
pssuat_billcb | /data/batchapp/softeon/pssuat/billingchargebatchdaemon
pssuat_est_sch | /data/batchapp/softeon/pssuat/schedulerdaemon_eastern
pssuat_cen_sch | /data/batchapp/softeon/pssuat/schedulerdaemon_central
pssuat_sdrpt | /data/batchapp/softeon/pssuat/shippingdocumentdaemon
pssuat_inbq | /data/batchapp/softeon/pssuat/uploaddaemon

==============================================================================
JBOSS/WILDFLY APPS (simple table)
==============================================================================
JBoss App Processes | 4
PID | AppName | JbossVersion | Java-Name | Port | URL | Status | Code | SSL-Status | App-Path
2408965 | pssconfiguat | jboss740eap | pssconfig_jb740 | 8083 | 172.31.18.61:8083 | Down | 302 | Disabled | /data/app/jboss740eap/softeon/pssconfiguat/standalone
823910 | pssrfuat | jboss800eap | pssrf_jb800e | 8081 | 172.31.18.61:8081 | UP | 200 | Disabled | /data/app/jboss800eap/softeon/pssrfuat/standalone
3023124 | pssswpuat | jboss800eap | pssswpuat_jbeap | 8082 | 172.31.18.61:8082 | UP | 200 | Disabled | /data/app/jboss800eap/softeon/pssswpuat/standalone
823651 | pssuat | jboss800eap | pss_jb800eap | 8080 | 172.31.18.61:8080 | UP | 200 | Disabled | /data/app/jboss800eap/softeon/pssuat/standalone

==============================================================================
Server Availability Check Completed | 2026-04-07 07:15:32.601082
==============================================================================

2026-04-07 03:15:56,306 - 231341 - ERROR - app_validation.py errors for i-016ccc85213a9b43b:

2026-04-07 03:15:56,308 - 231341 - INFO - Before patching validation saved to: /data/patching_report/validation-2026-04-07/pss-UAT-2/172.31.18.61/172.31.18.61-BeforePatching-2026-04-07-03-15-56-307.log
2026-04-07 03:15:56,308 - 231341 - INFO - Deregistering i-016ccc85213a9b43b from TG arn:aws:elasticloadbalancing:us-east-1:835314132208:targetgroup/PSS-UAT-Config/1db568174ba6a2f2
2026-04-07 03:15:56,382 - 231341 - INFO - Deregistering i-016ccc85213a9b43b from TG arn:aws:elasticloadbalancing:us-east-1:835314132208:targetgroup/PSS-UAT-Portal/4271358801fefaad
2026-04-07 03:15:56,432 - 231341 - INFO - Deregistering i-016ccc85213a9b43b from TG arn:aws:elasticloadbalancing:us-east-1:835314132208:targetgroup/PSS-UAT-RF/2a80ece7e5d9426a
2026-04-07 03:15:56,485 - 231341 - INFO - Deregistering i-016ccc85213a9b43b from TG arn:aws:elasticloadbalancing:us-east-1:835314132208:targetgroup/PSS-UAT-VoiceAdmin/6cb8601199590ab7
2026-04-07 03:15:56,537 - 231341 - INFO - Deregistering i-016ccc85213a9b43b from TG arn:aws:elasticloadbalancing:us-east-1:835314132208:targetgroup/PSS-UAT-Desktop/f21f36e42f09cde7
2026-04-07 03:15:56,583 - 231341 - INFO - Deregistering i-016ccc85213a9b43b from TG arn:aws:elasticloadbalancing:us-east-1:835314132208:targetgroup/PSS-UAT-WC-EXT/cb37a90464bfefdf
2026-04-07 03:15:56,627 - 231341 - INFO - Stopping EC2 instance: i-016ccc85213a9b43b at 2026-04-07 03:15:56
2026-04-07 03:18:13,141 - 231341 - INFO - Instance i-016ccc85213a9b43b stopped successfully.
2026-04-07 03:18:13,277 - 231341 - INFO - Stopped i-016ccc85213a9b43b in 0:02:16.649283
2026-04-07 03:18:13,277 - 231341 - INFO - Starting EC2 instance: i-016ccc85213a9b43b
2026-04-07 03:18:29,202 - 231341 - INFO - Instance i-016ccc85213a9b43b started successfully.
2026-04-07 03:18:29,202 - 231341 - INFO - Waiting 100 seconds for SSM agent to be ready on i-016ccc85213a9b43b...
2026-04-07 03:20:09,232 - 231341 - INFO - Registering i-016ccc85213a9b43b to TG arn:aws:elasticloadbalancing:us-east-1:835314132208:targetgroup/PSS-UAT-Config/1db568174ba6a2f2
2026-04-07 03:20:09,478 - 231341 - INFO - Registering i-016ccc85213a9b43b to TG arn:aws:elasticloadbalancing:us-east-1:835314132208:targetgroup/PSS-UAT-Portal/4271358801fefaad
2026-04-07 03:20:09,625 - 231341 - INFO - Registering i-016ccc85213a9b43b to TG arn:aws:elasticloadbalancing:us-east-1:835314132208:targetgroup/PSS-UAT-RF/2a80ece7e5d9426a
2026-04-07 03:20:09,778 - 231341 - INFO - Registering i-016ccc85213a9b43b to TG arn:aws:elasticloadbalancing:us-east-1:835314132208:targetgroup/PSS-UAT-VoiceAdmin/6cb8601199590ab7
2026-04-07 03:20:09,924 - 231341 - INFO - Registering i-016ccc85213a9b43b to TG arn:aws:elasticloadbalancing:us-east-1:835314132208:targetgroup/PSS-UAT-Desktop/f21f36e42f09cde7
2026-04-07 03:20:10,080 - 231341 - INFO - Registering i-016ccc85213a9b43b to TG arn:aws:elasticloadbalancing:us-east-1:835314132208:targetgroup/PSS-UAT-WC-EXT/cb37a90464bfefdf
2026-04-07 03:25:10,950 - 231341 - WARNING - i-016ccc85213a9b43b not healthy in arn:aws:elasticloadbalancing:us-east-1:835314132208:targetgroup/PSS-UAT-Config/1db568174ba6a2f2 after timeout.
2026-04-07 03:30:11,727 - 231341 - WARNING - i-016ccc85213a9b43b not healthy in arn:aws:elasticloadbalancing:us-east-1:835314132208:targetgroup/PSS-UAT-VoiceAdmin/6cb8601199590ab7 after timeout.
2026-04-07 03:30:11,883 - 231341 - INFO - Email sent successfully to ['kishlayk@softeon.com', 'CloudOps@softeon.com']
2026-04-07 03:30:11,883 - 231341 - ERROR - Aborting workflow: i-016ccc85213a9b43b is not healthy after restart.
2026-04-07 03:30:11,886 - 231341 - INFO - Restart Total time: 0:15:07.388745
2026-04-07 03:30:11,886 - 231341 - INFO - Auto-confirmed services are restarted
2026-04-07 03:30:11,886 - 231341 - INFO - Confirmed - services are started
2026-04-07 03:30:12,042 - 231341 - INFO - The following instances have failed the patch: []
2026-04-07 03:30:12,043 - 231341 - INFO - No instances have failed the patch.
2026-04-07 03:30:12,043 - 231341 - INFO - Total Patch Process time: 0:20:09.948287
2026-04-07 03:31:12,494 - 231341 - INFO - Log file ./logs/patching_2026-04-07_pss-UAT-2.log uploaded to s3://q2-2026-aws-security-patching/pss-UAT-2_Patch/2026-04-07/patching_2026-04-07_pss-UAT-2.log
