2026-04-02 03:05:01,742 - 4155837 - INFO - Logger setup has been removed, using shared logger from common.logs.logger.
2026-04-02 03:05:01,742 - 4155837 - INFO - Script Start Time: 2026-04-02 03:05:01
2026-04-02 03:05:02,214 - 4155837 - INFO - Instance(s) selected for Patching: {'i-0e3c9019c3899fc24': '172.29.72.11'}
2026-04-02 03:05:02,313 - 4155837 - INFO - Email sent successfully to ['a80af5b5.softeon.com@in.teams.ms', 'CloudOps@softeon.com']
2026-04-02 03:05:02,313 - 4155837 - INFO - Now patching instances at: 2026-04-02 03:05:02
2026-04-02 03:05:02,401 - 4155837 - INFO - Sending patch command to instance i-0e3c9019c3899fc24
2026-04-02 03:05:02,589 - 4155837 - INFO - Command sent successfully to instance i-0e3c9019c3899fc24. Command ID: 019577e0-b0f5-4524-add4-61e88bb82b5d
2026-04-02 03:10:04,317 - 4155837 - INFO - All patches applied successfully.
2026-04-02 03:10:04,318 - 4155837 - INFO - Patching end time: 2026-04-02 03:10:04
2026-04-02 03:10:04,318 - 4155837 - INFO - Patch Elapsed time: 0:05:02.004441
2026-04-02 03:10:04,391 - 4155837 - INFO - Email sent successfully to ['a80af5b5.softeon.com@in.teams.ms', 'CloudOps@softeon.com']
2026-04-02 03:10:04,391 - 4155837 - INFO - Confirmed - services are stopped
2026-04-02 03:10:25,812 - 4155837 - INFO - Discovered TG map: {'i-0e3c9019c3899fc24': ['arn:aws:elasticloadbalancing:us-east-1:835314132208:targetgroup/Cole-Haan-UAT-RF/778dfeee8874fd29', 'arn:aws:elasticloadbalancing:us-east-1:835314132208:targetgroup/Cole-Haan-UAT-WS-EXT/34e16f989589c844', 'arn:aws:elasticloadbalancing:us-east-1:835314132208:targetgroup/Cole-Haan-UAT-Desktop/dfd751831b242f42']}
2026-04-02 03:10:26,222 - 4155837 - INFO - Sent app_validation.py to i-0e3c9019c3899fc24 (command_id: 5c33997b-66d6-4acd-b0bd-c451b36b1302)
2026-04-02 03:10:56,339 - 4155837 - INFO - app_validation.py output for i-0e3c9019c3899fc24:

==============================================================================
Server Availability Check Started | 2026-04-02 07:10:26.957142
==============================================================================

==============================================================================
SYSTEM INFORMATION
==============================================================================
Server IP | 172.29.72.11
Hostname | ip-172-29-72-11
Current User | root
Working Directory | /usr/bin
Time Zone | UTC

==============================================================================
STORAGE CHECK | /data mounts
==============================================================================
Filesystem | Size | Used | Avail | Use% | Mounted on
/dev/mapper/vg01-lv02 | 239.9G | 165.5G | 74.3G | 69% | /data

==============================================================================
SYMLINK CHECK | root (/)
==============================================================================
Symlinks Total | 6
Symlinks Valid | 6
Symlinks Invalid | 0
Symlink | ResolvedTarget
/bin | /usr/bin
/data2 | /data/data2
/data3 | /data/data3
/lib | /usr/lib
/lib64 | /usr/lib64
/sbin | /usr/sbin

==============================================================================
NFS CHECK
==============================================================================
NFS Package Installed | Yes
nfs-server.service Active | Yes
nfs-client.target Active | Yes
/etc/exports Present | Yes
EXPORTS_LINE | /data/data2/	172.29.72.120(rw,sync,no_root_squash,no_all_squash)
NFS_MOUNT | Device | MountPoint | FSType
NFS_MOUNT | nfsd | /proc/fs/nfsd | nfsd

==============================================================================
CUPS CHECK
==============================================================================
CUPS Installed | Yes
CUPS Running | Yes
CUPS Version | 1.7.5
CUPS IP URL (http://172.29.72.11:631) | 200
Cups server Http Status | 200
Cups printers Http Status | 200
Printers Configured | 101

==============================================================================
FTP CHECK
==============================================================================
FTP Installed | No
FTP Running (Port 21 localhost) | No
FTP Port 21 Reachable on 172.29.72.11 | No
FTP Processes | None

==============================================================================
JAVA CHECK
==============================================================================
Total Java Processes | 29
Batch/Daemon Java Processes | 27
Non-Standalone Java Processes | chaan_1wcsi, chaan_2wcsi, chaan_apick, chaan_abchdis, chaan_dwa, chaan_lbdwa, chaan_event, chaan_ftp, chaan_1ftp, chaan_ict, chaan_lbl, chaan_1lbl, chaan_mpcpt, chaan_rap, chaan_repl, chaan_rpt, chaan_jqgrid, chaan_sch, chaan_tiap, chaan_inbq, chaan_2inbq, chaan_3inbq, chaan_4inbq, chaan_wld, chaan_wsd, chaan_pld, chaan_lcd

==============================================================================
BATCH/DAEMON JAVA DETAILS
==============================================================================
Batch/Daemon Java Processes | 27
Java-Name | Java-Path
chaan_1wcsi | /data/batchapp/softeon/colehaanuat/wcs01inbounddaemon
chaan_2wcsi | /data/batchapp/softeon/colehaanuat/wcs02inbounddaemon
chaan_apick | /data/batchapp/softeon/colehaanuat/apickdaemon
chaan_abchdis | /data/batchapp/softeon/colehaanuat/autobatchdistribution
chaan_dwa | /data/batchapp/softeon/colehaanuat/downloaddaemon
chaan_lbdwa | /data/batchapp/softeon/colehaanuat/downloaddaemon_label
chaan_event | /data/batchapp/softeon/colehaanuat/eventdaemon
chaan_ftp | /data/batchapp/softeon/colehaanuat/ftpdaemon
chaan_1ftp | /data/batchapp/softeon/colehaanuat/ftpdaemon1
chaan_ict | /data/batchapp/softeon/colehaanuat/inventorycomputationdaemon
chaan_lbl | /data/batchapp/softeon/colehaanuat/labeldaemon
chaan_1lbl | /data/batchapp/softeon/colehaanuat/labeldaemon1
chaan_mpcpt | /data/batchapp/softeon/colehaanuat/masspicktool
chaan_rap | /data/batchapp/softeon/colehaanuat/receiveasnpalletdaemon
chaan_repl | /data/batchapp/softeon/colehaanuat/replenishmentdaemon
chaan_rpt | /data/batchapp/softeon/colehaanuat/reportdaemon
chaan_jqgrid | /data/batchapp/softeon/colehaanuat/reportjqgridexportdaemon
chaan_sch | /data/batchapp/softeon/colehaanuat/schedulerdaemon
chaan_tiap | /data/batchapp/softeon/colehaanuat/taskinventoryallocationatpalletleveldaemon
chaan_inbq | /data/batchapp/softeon/colehaanuat/uploaddaemon
chaan_2inbq | /data/batchapp/softeon/colehaanuat/uploaddaemon2
chaan_3inbq | /data/batchapp/softeon/colehaanuat/uploaddaemon3
chaan_4inbq | /data/batchapp/softeon/colehaanuat/uploaddaemon4
chaan_wld | /data/batchapp/softeon/colehaanuat/wavelaunchdaemon
chaan_wsd | /data/batchapp/softeon/colehaanuat/webservicelabeldaemon
chaan_pld | /data/batchapp/softeon/colehaanuat/picklistlabeldaemon
chaan_lcd | /data/batchapp/softeon/colehaanuat/labelconsolidatedaemon

==============================================================================
JBOSS/WILDFLY APPS (simple table)
==============================================================================
JBoss App Processes | 2
PID | AppName | JbossVersion | Java-Name | Port | URL | Status | Code | SSL-Status | App-Path
3562019 | colehaanrfuat | jboss740eap | colerf_jb740eap | 8081 | 172.29.72.11:8081 | UP | 200 | Disabled | /data/app/jboss740eap/softeon/colehaanrfuat/standalone
3560514 | colehaanuat | jboss740eap | cole_jb740eap | 8080 | 172.29.72.11:8080 | UP | 200 | Disabled | /data/app/jboss740eap/softeon/colehaanuat/standalone

==============================================================================
Server Availability Check Completed | 2026-04-02 07:10:28.618032
==============================================================================

2026-04-02 03:10:56,339 - 4155837 - ERROR - app_validation.py errors for i-0e3c9019c3899fc24:

2026-04-02 03:10:56,341 - 4155837 - INFO - Before patching validation saved to: output/validation-2026-04-02/172.29.72.11-BeforePatching-2026-04-02-03-10-56-340.log
2026-04-02 03:10:56,341 - 4155837 - INFO - Deregistering i-0e3c9019c3899fc24 from TG arn:aws:elasticloadbalancing:us-east-1:835314132208:targetgroup/Cole-Haan-UAT-RF/778dfeee8874fd29
2026-04-02 03:10:56,416 - 4155837 - INFO - Deregistering i-0e3c9019c3899fc24 from TG arn:aws:elasticloadbalancing:us-east-1:835314132208:targetgroup/Cole-Haan-UAT-WS-EXT/34e16f989589c844
2026-04-02 03:10:56,462 - 4155837 - INFO - Deregistering i-0e3c9019c3899fc24 from TG arn:aws:elasticloadbalancing:us-east-1:835314132208:targetgroup/Cole-Haan-UAT-Desktop/dfd751831b242f42
2026-04-02 03:10:56,506 - 4155837 - INFO - Stopping EC2 instance: i-0e3c9019c3899fc24 at 2026-04-02 03:10:56
2026-04-02 03:13:13,044 - 4155837 - INFO - Instance i-0e3c9019c3899fc24 stopped successfully.
2026-04-02 03:13:13,236 - 4155837 - INFO - Stopped i-0e3c9019c3899fc24 in 0:02:16.729872
2026-04-02 03:13:13,236 - 4155837 - INFO - Starting EC2 instance: i-0e3c9019c3899fc24
2026-04-02 03:13:29,100 - 4155837 - INFO - Instance i-0e3c9019c3899fc24 started successfully.
2026-04-02 03:13:29,100 - 4155837 - INFO - Waiting 100 seconds for SSM agent to be ready on i-0e3c9019c3899fc24...
2026-04-02 03:15:09,126 - 4155837 - INFO - Registering i-0e3c9019c3899fc24 to TG arn:aws:elasticloadbalancing:us-east-1:835314132208:targetgroup/Cole-Haan-UAT-RF/778dfeee8874fd29
2026-04-02 03:15:09,301 - 4155837 - INFO - Registering i-0e3c9019c3899fc24 to TG arn:aws:elasticloadbalancing:us-east-1:835314132208:targetgroup/Cole-Haan-UAT-WS-EXT/34e16f989589c844
2026-04-02 03:15:09,448 - 4155837 - INFO - Registering i-0e3c9019c3899fc24 to TG arn:aws:elasticloadbalancing:us-east-1:835314132208:targetgroup/Cole-Haan-UAT-Desktop/dfd751831b242f42
2026-04-02 03:16:40,149 - 4155837 - INFO - Sent app_validation.py to i-0e3c9019c3899fc24 (command_id: f1a5e3d9-39b1-4d94-a2fe-15ded1454c08)
2026-04-02 03:17:10,280 - 4155837 - INFO - app_validation.py output for i-0e3c9019c3899fc24:

==============================================================================
Server Availability Check Started | 2026-04-02 07:16:40.494378
==============================================================================

==============================================================================
SYSTEM INFORMATION
==============================================================================
Server IP | 172.29.72.11
Hostname | ip-172-29-72-11
Current User | root
Working Directory | /usr/bin
Time Zone | UTC

==============================================================================
STORAGE CHECK | /data mounts
==============================================================================
Filesystem | Size | Used | Avail | Use% | Mounted on
/dev/mapper/vg01-lv02 | 239.9G | 164.7G | 75.1G | 68% | /data

==============================================================================
SYMLINK CHECK | root (/)
==============================================================================
Symlinks Total | 6
Symlinks Valid | 6
Symlinks Invalid | 0
Symlink | ResolvedTarget
/bin | /usr/bin
/data2 | /data/data2
/data3 | /data/data3
/lib | /usr/lib
/lib64 | /usr/lib64
/sbin | /usr/sbin

==============================================================================
NFS CHECK
==============================================================================
NFS Package Installed | Yes
nfs-server.service Active | Yes
nfs-client.target Active | Yes
/etc/exports Present | Yes
EXPORTS_LINE | /data/data2/	172.29.72.120(rw,sync,no_root_squash,no_all_squash)
NFS_MOUNT | Device | MountPoint | FSType
NFS_MOUNT | nfsd | /proc/fs/nfsd | nfsd

==============================================================================
CUPS CHECK
==============================================================================
CUPS Installed | Yes
CUPS Running | Yes
CUPS Version | 1.7.5
CUPS IP URL (http://172.29.72.11:631) | 200
Cups server Http Status | 200
Cups printers Http Status | 200
Printers Configured | 101

==============================================================================
FTP CHECK
==============================================================================
FTP Installed | No
FTP Running (Port 21 localhost) | No
FTP Port 21 Reachable on 172.29.72.11 | No
FTP Processes | None

==============================================================================
JAVA CHECK
==============================================================================
Total Java Processes | 2
Batch/Daemon Java Processes | 0
Non-Standalone Java Processes | Not Found

==============================================================================
BATCH/DAEMON JAVA DETAILS
==============================================================================
Batch/Daemon Java Processes | 0
Batch/Daemon Java Details | None

==============================================================================
JBOSS/WILDFLY APPS (simple table)
==============================================================================
JBoss App Processes | 2
PID | AppName | JbossVersion | Java-Name | Port | URL | Status | Code | SSL-Status | App-Path
3690 | colehaanrfuat | jboss740eap | colerf_jb740eap | 8081 | 172.29.72.11:8081 | UP | 200 | Disabled | /data/app/jboss740eap/softeon/colehaanrfuat/standalone
3928 | colehaanuat | jboss740eap | cole_jb740eap | 8080 | 172.29.72.11:8080 | UP | 200 | Disabled | /data/app/jboss740eap/softeon/colehaanuat/standalone

==============================================================================
Server Availability Check Completed | 2026-04-02 07:16:41.599251
==============================================================================

2026-04-02 03:17:10,280 - 4155837 - ERROR - app_validation.py errors for i-0e3c9019c3899fc24:

2026-04-02 03:17:10,282 - 4155837 - INFO - After patching validation saved to: output/validation-2026-04-02/172.29.72.11-AfterPatching-2026-04-02-03-17-10-281.log
2026-04-02 03:17:10,334 - 4155837 - INFO - Validation comparison report generated: output/validation-2026-04-02/172.29.72.11-Validation-details-2026-04-02-03-17-10-281.html
2026-04-02 03:17:10,414 - 4155837 - INFO - Email sent successfully to ['CloudOps@softeon.com', 'kishlayk@softeon.com']
2026-04-02 03:17:10,414 - 4155837 - INFO - HTML validation report email sent for i-0e3c9019c3899fc24
2026-04-02 03:17:10,556 - 4155837 - INFO - Started i-0e3c9019c3899fc24 in 0:03:57.319485
2026-04-02 03:17:10,556 - 4155837 - INFO - All instances processed.
2026-04-02 03:17:10,560 - 4155837 - INFO - Restart Total time: 0:07:06.041139
2026-04-02 03:17:10,560 - 4155837 - INFO - Auto-confirmed services are restarted
2026-04-02 03:17:10,560 - 4155837 - INFO - Confirmed - services are started
2026-04-02 03:17:10,680 - 4155837 - INFO - The following instances have failed the patch: []
2026-04-02 03:17:10,681 - 4155837 - INFO - No instances have failed the patch.
2026-04-02 03:17:10,681 - 4155837 - INFO - Total Patch Process time: 0:12:08.938053
2026-04-02 03:18:11,038 - 4155837 - ERROR - Failed to upload log file to S3: Failed to upload ./logs/patching_2026-04-02_colehaan-UAT.log to q2-2026-aws-security-patching/colehaan-UAT_Patch/2026-04-02/patching_2026-04-02_colehaan-UAT.log: An error occurred (NoSuchBucket) when calling the PutObject operation: The specified bucket does not exist
