2026-07-17 02:00:03,090 - 255296 - INFO - Logger setup has been removed, using shared logger from common.logs.logger.
2026-07-17 02:00:03,091 - 255296 - INFO - Script Start Time: 2026-07-17 02:00:03
2026-07-17 02:00:04,077 - 255296 - INFO - Instance(s) selected for Patching: {'i-08a138908c04dd278': '10.0.9.164'}
2026-07-17 02:00:04,169 - 255296 - INFO - Email sent successfully to ['CloudOps@softeon.com']
2026-07-17 02:00:04,170 - 255296 - INFO - Now patching instances at: 2026-07-17 02:00:04
2026-07-17 02:00:04,497 - 255296 - INFO - Sent app_validation.py to i-08a138908c04dd278 (command_id: 1f0b6c8a-8a4c-48c9-a5fa-2b2cc7f0a661)
2026-07-17 02:00:34,569 - 255296 - INFO - app_validation.py output for i-08a138908c04dd278:

==============================================================================
Server Availability Check Started | 2026-07-17 01:00:04.921350
==============================================================================

==============================================================================
SYSTEM INFORMATION
==============================================================================
Server IP | 10.0.9.164
Hostname | ip-10-0-9-164
Current User | root
Working Directory | /usr/bin
Time Zone | CDT

==============================================================================
STORAGE CHECK | /data mounts
==============================================================================
Filesystem | Size | Used | Avail | Use% | Mounted on
/dev/nvme1n1p2 | 289.9G | 215.1G | 74.7G | 74% | /data
fs-c00ce123.efs.us-east-1.amazonaws.com:/ | 0B | 529.3G | 0B | 0% | /data/softeon/shared

==============================================================================
SYMLINK CHECK | root (/)
==============================================================================
Symlinks Total | 4
Symlinks Valid | 4
Symlinks Invalid | 0
Symlink | ResolvedTarget
/bin | /usr/bin
/lib | /usr/lib
/lib64 | /usr/lib64
/sbin | /usr/sbin

==============================================================================
NFS CHECK
==============================================================================
NFS Package Installed | Yes
nfs-server.service Active | No
nfs-client.target Active | Yes
/etc/exports Present | Yes
EXPORTS_LINE | (empty)
NFS_MOUNT | Device | MountPoint | FSType
NFS_MOUNT | fs-c00ce123.efs.us-east-1.amazonaws.com:/ | /data/softeon/shared | nfs4

==============================================================================
CUPS CHECK
==============================================================================
CUPS Installed | Yes
CUPS Running | Yes
CUPS Version | cups-2.4.16-1.amzn2023.0.3.x86_64
CUPS IP URL (http://10.0.9.164:631) | 200
Cups server Http Status | 200
Cups printers Http Status | 200
Printers Configured | 614

==============================================================================
FTP CHECK
==============================================================================
FTP Installed | No
FTP Running (Port 21 localhost) | No
FTP Port 21 Reachable on 10.0.9.164 | No
FTP Processes | None

==============================================================================
JAVA CHECK
==============================================================================
Total Java Processes | 47
Batch/Daemon Java Processes | 43
Non-Standalone Java Processes | sclc3plprod_excelexportdaemon, sclc3plprod_ftpdaemon, sclc3plprod_labeldaemon, sclc3plprod_replenishmentdaemon, sclc3plprod_reportdaemon, sclc3plprod_schedulerdaemon, sclc3plprod_wavelaunchdaemon, sclc3plprod_replenishmentcanceldaemon, sclc3plprod_fw1_picktooldaemon, sclc3plprod_fw2_picktooldaemon, sclc3plprod_fws_picktooldaemon, sclc3plprod_fwn_picktooldaemon, SCLC_1WLDB, sclc3plprod_fw3_picktooldaemon, sclc3plprod_shipdocrptd, sclc3plprod_wavelaunchdfw2, sclc3plprod_jl1wavelaunchd, sclc3plprod_jl2_picktooldaemon, sclc3plprod_intfallocationdaemon, sclc3plprod_generic_uploaddaemon, sclc3plprod_orderuploaddaemon1, sclc3plprod_orderuploaddaemon2, sclc3plprod_orderuploaddaemon3, sclc3plprod_orderuploaddaemon4, sclc3plprod_fw1_hardallocation, sclc3plprod_locus_daemons, sclc3plprod_wsq_daemon, picktooldaemon_r01, sclc3plprod_billingschedulerdaemon, sclplprd_vom, sclc3pl_voadmin, sclc3plprodsclcfw1_clustercreationdaemon, sclc3plprod_fw2_puttowalldaemon, sclc3plprod_fw2_putlmulticartpacking, sclc3plprod_wsrmi, sclc3plprod_clusterbatchcreationdaemon, sclc3plprod_eventdaemon, sclc3plprod_downloaddaemon, sclc3plprod_ftppollerdaemon, sclcwes_bre, sclcwes_sch, picktooldaemon_FW1B_picktooldaemon, sclc3plprod_cognexinbounddaemon

==============================================================================
BATCH/DAEMON JAVA DETAILS
==============================================================================
Batch/Daemon Java Processes | 43
Java-Name | Java-Path
sclc3plprod_excelexportdaemon | /data/app/java/jdk1.7.0_80/bin/sclc3plprod_excelexportdaemon
sclc3plprod_ftpdaemon | /data/app/java/jdk1.7.0_80/bin/sclc3plprod_ftpdaemon
sclc3plprod_labeldaemon | /data/app/java/jdk1.7.0_80/bin/sclc3plprod_labeldaemon
sclc3plprod_replenishmentdaemon | /data/app/java/jdk1.7.0_80/bin/sclc3plprod_replenishmentdaemon
sclc3plprod_reportdaemon | /data/app/java/jdk1.7.0_80/bin/sclc3plprod_reportdaemon
sclc3plprod_schedulerdaemon | /data/app/java/jdk1.7.0_80/bin/sclc3plprod_schedulerdaemon
sclc3plprod_wavelaunchdaemon | /data/app/java/jdk1.7.0_80/bin/sclc3plprod_wavelaunchdaemon
sclc3plprod_replenishmentcanceldaemon | /data/app/java/jdk1.7.0_80/bin/sclc3plprod_replenishmentcanceldaemon
sclc3plprod_fw1_picktooldaemon | /data/app/java/jdk1.7.0_80/bin/sclc3plprod_fw1_picktooldaemon
sclc3plprod_fw2_picktooldaemon | /data/app/java/jdk1.7.0_80/bin/sclc3plprod_fw2_picktooldaemon
sclc3plprod_fws_picktooldaemon | /data/app/java/jdk1.7.0_80/bin/sclc3plprod_fws_picktooldaemon
sclc3plprod_fwn_picktooldaemon | /data/app/java/jdk1.7.0_80/bin/sclc3plprod_fwn_picktooldaemon
SCLC_1WLDB | /data/app/java/jdk1.7.0_80/bin/SCLC_1WLDB
sclc3plprod_fw3_picktooldaemon | /data/app/java/jdk1.7.0_80/bin/sclc3plprod_fw3_picktooldaemon
sclc3plprod_shipdocrptd | /data/app/java/jdk1.7.0_80/bin/sclc3plprod_shipdocrptd
sclc3plprod_wavelaunchdfw2 | /data/app/java/jdk1.7.0_80/bin/sclc3plprod_wavelaunchdfw2
sclc3plprod_jl1wavelaunchd | /data/app/java/jdk1.7.0_80/bin/sclc3plprod_jl1wavelaunchd
sclc3plprod_jl2_picktooldaemon | /data/app/java/jdk1.7.0_80/bin/sclc3plprod_jl2_picktooldaemon
sclc3plprod_intfallocationdaemon | /data/app/java/jdk1.7.0_80/bin/sclc3plprod_intfallocationdaemon
sclc3plprod_generic_uploaddaemon | /data/app/java/jdk1.7.0_80/bin/sclc3plprod_generic_uploaddaemon
sclc3plprod_orderuploaddaemon1 | /data/app/java/jdk1.7.0_80/bin/sclc3plprod_orderuploaddaemon1
sclc3plprod_orderuploaddaemon2 | /data/app/java/jdk1.7.0_80/bin/sclc3plprod_orderuploaddaemon2
sclc3plprod_orderuploaddaemon3 | /data/app/java/jdk1.7.0_80/bin/sclc3plprod_orderuploaddaemon3
sclc3plprod_orderuploaddaemon4 | /data/app/java/jdk1.7.0_80/bin/sclc3plprod_orderuploaddaemon4
sclc3plprod_fw1_hardallocation | /data/app/java/jdk1.7.0_80/bin/sclc3plprod_fw1_hardallocation
sclc3plprod_locus_daemons | /data/app/java/jdk1.7.0_80/bin/sclc3plprod_locus_daemons
sclc3plprod_wsq_daemon | /data/app/java/jdk1.7.0_80/bin/sclc3plprod_wsq_daemon
picktooldaemon_r01 | /data/app/java/jdk1.7.0_80/bin/picktooldaemon_r01
sclc3plprod_billingschedulerdaemon | /data/app/java/jdk1.7.0_80/bin/sclc3plprod_billingschedulerdaemon
sclplprd_vom | /data/app/java/jdk1.7.0_80/bin/sclplprd_vom
sclc3pl_voadmin | /data/softeon/batchapp/sclc3plprod/sclc_voiceadminserver
sclc3plprodsclcfw1_clustercreationdaemon | /data/app/java/jdk1.7.0_80/bin/sclc3plprodsclcfw1_clustercreationdaemon
sclc3plprod_fw2_puttowalldaemon | /data/app/java/jdk1.7.0_80/bin/sclc3plprod_fw2_puttowalldaemon
sclc3plprod_fw2_putlmulticartpacking | /data/app/java/jdk1.7.0_80/bin/sclc3plprod_fw2_putlmulticartpacking
sclc3plprod_wsrmi | /data/softeon/batchapp/sclc3plprod/sclc_wsrmidaemon
sclc3plprod_clusterbatchcreationdaemon | /data/app/java/jdk1.7.0_80/bin/sclc3plprod_clusterbatchcreationdaemon
sclc3plprod_eventdaemon | /data/app/java/jdk1.7.0_80/bin/sclc3plprod_eventdaemon
sclc3plprod_downloaddaemon | /data/app/java/jdk1.7.0_80/bin/sclc3plprod_downloaddaemon
sclc3plprod_ftppollerdaemon | /data/app/java/jdk1.7.0_80/bin/sclc3plprod_ftppollerdaemon
sclcwes_bre | /data/softeon/batchapp/sclcwesprod/sclc_breruledaemon
sclcwes_sch | /data/softeon/batchapp/sclcwesprod/schedulardaemon
picktooldaemon_FW1B_picktooldaemon | /data/app/java/jdk1.7.0_80/bin/picktooldaemon_FW1B_picktooldaemon
sclc3plprod_cognexinbounddaemon | /data/app/java/jdk1.7.0_80/bin/sclc3plprod_cognexinbounddaemon

==============================================================================
JBOSS/WILDFLY APPS (simple table)
==============================================================================
JBoss App Processes | 0
JBoss Apps | None

==============================================================================
HEALTH MONITOR CRONTAB STATUS
==============================================================================
Health Monitor Crontab | Active

==============================================================================
Server Availability Check Completed | 2026-07-17 01:00:06.645121
==============================================================================

2026-07-17 02:00:34,570 - 255296 - ERROR - app_validation.py errors for i-08a138908c04dd278:

2026-07-17 02:00:34,571 - 255296 - INFO - Before patching log saved: /data/patching_report/validation-2026-07-17/q3-SaddleCreek-central-prod-batch/10.0.9.164/10.0.9.164-BeforePatching-2026-07-17-02-00-34-571.log
2026-07-17 02:00:39,795 - 255296 - INFO - i-08a138908c04dd278: Cron was active = True
2026-07-17 02:00:40,032 - 255296 - INFO - Health monitor crontab disabled on all instances
2026-07-17 02:00:40,034 - 255296 - INFO - Disabled cron for: ['i-08a138908c04dd278']
2026-07-17 02:00:40,118 - 255296 - INFO - Sending patch command to instance i-08a138908c04dd278
2026-07-17 02:00:40,242 - 255296 - INFO - Command sent successfully to instance i-08a138908c04dd278. Command ID: cfba56fd-cf6e-4194-95dd-5e79223b4542
2026-07-17 02:08:42,310 - 255296 - INFO - All patches applied successfully.
2026-07-17 02:08:42,310 - 255296 - INFO - Patching end time: 2026-07-17 02:08:42
2026-07-17 02:08:42,310 - 255296 - INFO - Patch Elapsed time: 0:08:38.140108
2026-07-17 02:08:42,399 - 255296 - INFO - Email sent successfully to ['CloudOps@softeon.com']
2026-07-17 02:08:42,400 - 255296 - INFO - Confirmed - services are stopped
2026-07-17 02:09:02,670 - 255296 - INFO - Discovered TG map: {}
2026-07-17 02:09:02,902 - 255296 - INFO - Stopping EC2 instance: i-08a138908c04dd278 at 2026-07-17 02:09:02
2026-07-17 02:12:04,842 - 255296 - INFO - Instance i-08a138908c04dd278 stopped successfully.
2026-07-17 02:12:04,999 - 255296 - INFO - Stopped i-08a138908c04dd278 in 0:03:02.097580
2026-07-17 02:12:05,000 - 255296 - INFO - Starting EC2 instance: i-08a138908c04dd278
2026-07-17 02:12:21,438 - 255296 - INFO - Instance i-08a138908c04dd278 started successfully.
2026-07-17 02:12:21,438 - 255296 - INFO - Waiting 100 seconds for SSM agent to be ready on i-08a138908c04dd278...
2026-07-17 02:14:02,126 - 255296 - INFO - Sent app_validation.py to i-08a138908c04dd278 (command_id: 5b702a32-4115-45cd-851a-539891a19065)
2026-07-17 02:14:32,232 - 255296 - INFO - app_validation.py output for i-08a138908c04dd278:

==============================================================================
Server Availability Check Started | 2026-07-17 01:14:02.473647
==============================================================================

==============================================================================
SYSTEM INFORMATION
==============================================================================
Server IP | 10.0.9.164
Hostname | ip-10-0-9-164
Current User | root
Working Directory | /usr/bin
Time Zone | CDT

==============================================================================
STORAGE CHECK | /data mounts
==============================================================================
Filesystem | Size | Used | Avail | Use% | Mounted on
/dev/nvme1n1p2 | 289.9G | 214.8G | 75.0G | 74% | /data
fs-c00ce123.efs.us-east-1.amazonaws.com:/ | 0B | 527.7G | 0B | 0% | /data/softeon/shared

==============================================================================
SYMLINK CHECK | root (/)
==============================================================================
Symlinks Total | 4
Symlinks Valid | 4
Symlinks Invalid | 0
Symlink | ResolvedTarget
/bin | /usr/bin
/lib | /usr/lib
/lib64 | /usr/lib64
/sbin | /usr/sbin

==============================================================================
NFS CHECK
==============================================================================
NFS Package Installed | Yes
nfs-server.service Active | No
nfs-client.target Active | Yes
/etc/exports Present | Yes
EXPORTS_LINE | (empty)
NFS_MOUNT | Device | MountPoint | FSType
NFS_MOUNT | fs-c00ce123.efs.us-east-1.amazonaws.com:/ | /data/softeon/shared | nfs4

==============================================================================
CUPS CHECK
==============================================================================
CUPS Installed | Yes
CUPS Running | Yes
CUPS Version | cups-2.4.19-1.amzn2023.0.1.x86_64
CUPS IP URL (http://10.0.9.164:631) | 200
Cups server Http Status | 200
Cups printers Http Status | 200
Printers Configured | 614

==============================================================================
FTP CHECK
==============================================================================
FTP Installed | No
FTP Running (Port 21 localhost) | No
FTP Port 21 Reachable on 10.0.9.164 | No
FTP Processes | None

==============================================================================
JAVA CHECK
==============================================================================
Total Java Processes | 0
Batch/Daemon Java Processes | 0
Non-Standalone Java Processes | Not Found

==============================================================================
BATCH/DAEMON JAVA DETAILS
==============================================================================
Batch/Daemon Java Processes | 0
Batch/Daemon Java Details | None

==============================================================================
JBOSS/WILDFLY APPS (simple table)
==============================================================================
JBoss App Processes | 0
JBoss Apps | None

==============================================================================
HEALTH MONITOR CRONTAB STATUS
==============================================================================
Health Monitor Crontab | Disabled

==============================================================================
Server Availability Check Completed | 2026-07-17 01:14:03.010610
==============================================================================

2026-07-17 02:14:32,232 - 255296 - ERROR - app_validation.py errors for i-08a138908c04dd278:

2026-07-17 02:14:32,234 - 255296 - INFO - After patching validation saved to: /data/patching_report/validation-2026-07-17/q3-SaddleCreek-central-prod-batch/10.0.9.164/10.0.9.164-AfterPatching-2026-07-17-02-14-32-233.log
2026-07-17 02:14:32,287 - 255296 - INFO - Validation comparison report generated: /data/patching_report/validation-2026-07-17/q3-SaddleCreek-central-prod-batch/10.0.9.164/10.0.9.164-Validation-details-2026-07-17-02-14-32-233.html
2026-07-17 02:14:32,480 - 255296 - INFO - Daemon count - Pre: 43, Post: 0
2026-07-17 02:14:32,480 - 255296 - INFO - CUPS: before=running after=running version=cups-2.4.16-1.amzn2023.0.3.x86_64
2026-07-17 02:14:32,480 - 255296 - INFO - Manage_cron: True, daemon_action: True, cups_action: False
2026-07-17 02:14:32,481 - 255296 - INFO - Background: restarting daemons on i-08a138908c04dd278
2026-07-17 02:14:32,481 - 255296 - INFO - Background thread started for i-08a138908c04dd278 - daemon:True cups:False
2026-07-17 02:14:32,747 - 255296 - INFO - Started i-08a138908c04dd278 in 0:02:27.747352
2026-07-17 02:14:32,748 - 255296 - INFO - All instances processed.
2026-07-17 02:14:32,751 - 255296 - INFO - Restart Total time: 0:05:50.227538
2026-07-17 02:14:32,751 - 255296 - INFO - Auto-confirmed services are restarted
2026-07-17 02:14:32,751 - 255296 - INFO - Confirmed - services are started
2026-07-17 02:14:32,864 - 255296 - INFO - The following instances have failed the patch: []
2026-07-17 02:14:32,864 - 255296 - INFO - No instances have failed the patch.
2026-07-17 02:14:32,864 - 255296 - INFO - Total Patch Process time: 0:14:29.773174
2026-07-17 02:15:02,880 - 255296 - INFO - Daemon restart output: /data/softeon/batchapp/sclcwesprod/startall-sclcwesprod-Daemon.sh


Starting schedulardaemon


Starting sclc_breruledaemon


Starting reportdaemon


Starting jqgridreportdaemon

2026-07-17 02:15:02,881 - 255296 - INFO - Waiting 100 sec for daemons to start on i-08a138908c04dd278
2026-07-17 02:15:33,207 - 255296 - INFO - Log file ./logs/patching_2026-07-17_q3-SaddleCreek-central-prod-batch.log uploaded to s3://q3-2026-aws-security-patching/q3-SaddleCreek-central-prod-batch_Patch/2026-07-17/patching_2026-07-17_q3-SaddleCreek-central-prod-batch.log
2026-07-17 02:16:42,921 - 255296 - INFO - CUPS no action needed for i-08a138908c04dd278 - before:running after:running version:cups-2.4.16-1.amzn2023.0.3.x86_64
2026-07-17 02:16:43,235 - 255296 - INFO - Sent app_validation.py to i-08a138908c04dd278 (command_id: b788aabc-7483-4b15-93dc-66cfaeccf84a)
2026-07-17 02:17:13,324 - 255296 - INFO - app_validation.py output for i-08a138908c04dd278:

==============================================================================
Server Availability Check Started | 2026-07-17 01:16:43.529364
==============================================================================

==============================================================================
SYSTEM INFORMATION
==============================================================================
Server IP | 10.0.9.164
Hostname | ip-10-0-9-164
Current User | root
Working Directory | /usr/bin
Time Zone | CDT

==============================================================================
STORAGE CHECK | /data mounts
==============================================================================
Filesystem | Size | Used | Avail | Use% | Mounted on
/dev/nvme1n1p2 | 289.9G | 214.9G | 75.0G | 74% | /data
fs-c00ce123.efs.us-east-1.amazonaws.com:/ | 0B | 527.7G | 0B | 0% | /data/softeon/shared

==============================================================================
SYMLINK CHECK | root (/)
==============================================================================
Symlinks Total | 4
Symlinks Valid | 4
Symlinks Invalid | 0
Symlink | ResolvedTarget
/bin | /usr/bin
/lib | /usr/lib
/lib64 | /usr/lib64
/sbin | /usr/sbin

==============================================================================
NFS CHECK
==============================================================================
NFS Package Installed | Yes
nfs-server.service Active | No
nfs-client.target Active | Yes
/etc/exports Present | Yes
EXPORTS_LINE | (empty)
NFS_MOUNT | Device | MountPoint | FSType
NFS_MOUNT | fs-c00ce123.efs.us-east-1.amazonaws.com:/ | /data/softeon/shared | nfs4

==============================================================================
CUPS CHECK
==============================================================================
CUPS Installed | Yes
CUPS Running | Yes
CUPS Version | cups-2.4.19-1.amzn2023.0.1.x86_64
CUPS IP URL (http://10.0.9.164:631) | 200
Cups server Http Status | 200
Cups printers Http Status | 200
Printers Configured | 614

==============================================================================
FTP CHECK
==============================================================================
FTP Installed | No
FTP Running (Port 21 localhost) | No
FTP Port 21 Reachable on 10.0.9.164 | No
FTP Processes | None

==============================================================================
JAVA CHECK
==============================================================================
Total Java Processes | 4
Batch/Daemon Java Processes | 4
Non-Standalone Java Processes | sclcwes_sch, sclcwes_bre, sclcwesprod_rpt, sclcwesrd_rptex

==============================================================================
BATCH/DAEMON JAVA DETAILS
==============================================================================
Batch/Daemon Java Processes | 4
Java-Name | Java-Path
sclcwes_sch | /data/softeon/batchapp/sclcwesprod/schedulardaemon
sclcwes_bre | /data/softeon/batchapp/sclcwesprod/sclc_breruledaemon
sclcwesprod_rpt | /data/softeon/batchapp/sclcwesprod/reportdaemon
sclcwesrd_rptex | /data/softeon/batchapp/sclcwesprod/jqgridreportdaemon

==============================================================================
JBOSS/WILDFLY APPS (simple table)
==============================================================================
JBoss App Processes | 0
JBoss Apps | None

==============================================================================
HEALTH MONITOR CRONTAB STATUS
==============================================================================
Health Monitor Crontab | Disabled

==============================================================================
Server Availability Check Completed | 2026-07-17 01:16:44.015105
==============================================================================

2026-07-17 02:17:13,324 - 255296 - ERROR - app_validation.py errors for i-08a138908c04dd278:

2026-07-17 02:17:13,460 - 255296 - INFO - Email sent successfully to ['kishlayk@softeon.com', 'CloudOps@softeon.com']
2026-07-17 02:17:13,460 - 255296 - INFO - RED re-validation mail sent for i-08a138908c04dd278
2026-07-17 02:17:13,460 - 255296 - INFO - Still Red after restart - starting retry for i-08a138908c04dd278
2026-07-17 02:17:13,460 - 255296 - INFO - [Retry-1] Waiting 300s for i-08a138908c04dd278...
2026-07-17 02:22:13,657 - 255296 - INFO - Sent app_validation.py to i-08a138908c04dd278 (command_id: c7fa7f5f-951c-4126-82d5-1d62af51cecd)
2026-07-17 02:22:43,744 - 255296 - INFO - app_validation.py output for i-08a138908c04dd278:

==============================================================================
Server Availability Check Started | 2026-07-17 01:22:13.931498
==============================================================================

==============================================================================
SYSTEM INFORMATION
==============================================================================
Server IP | 10.0.9.164
Hostname | ip-10-0-9-164
Current User | root
Working Directory | /usr/bin
Time Zone | CDT

==============================================================================
STORAGE CHECK | /data mounts
==============================================================================
Filesystem | Size | Used | Avail | Use% | Mounted on
/dev/nvme1n1p2 | 289.9G | 214.9G | 75.0G | 74% | /data
fs-c00ce123.efs.us-east-1.amazonaws.com:/ | 0B | 527.3G | 0B | 0% | /data/softeon/shared

==============================================================================
SYMLINK CHECK | root (/)
==============================================================================
Symlinks Total | 4
Symlinks Valid | 4
Symlinks Invalid | 0
Symlink | ResolvedTarget
/bin | /usr/bin
/lib | /usr/lib
/lib64 | /usr/lib64
/sbin | /usr/sbin

==============================================================================
NFS CHECK
==============================================================================
NFS Package Installed | Yes
nfs-server.service Active | No
nfs-client.target Active | Yes
/etc/exports Present | Yes
EXPORTS_LINE | (empty)
NFS_MOUNT | Device | MountPoint | FSType
NFS_MOUNT | fs-c00ce123.efs.us-east-1.amazonaws.com:/ | /data/softeon/shared | nfs4

==============================================================================
CUPS CHECK
==============================================================================
CUPS Installed | Yes
CUPS Running | Yes
CUPS Version | cups-2.4.19-1.amzn2023.0.1.x86_64
CUPS IP URL (http://10.0.9.164:631) | 200
Cups server Http Status | 200
Cups printers Http Status | 200
Printers Configured | 614

==============================================================================
FTP CHECK
==============================================================================
FTP Installed | No
FTP Running (Port 21 localhost) | No
FTP Port 21 Reachable on 10.0.9.164 | No
FTP Processes | None

==============================================================================
JAVA CHECK
==============================================================================
Total Java Processes | 5
Batch/Daemon Java Processes | 5
Non-Standalone Java Processes | sclcwes_sch, sclcwes_bre, sclcwesprod_rpt, sclcwesrd_rptex, sclc3plprod_ftppollerdaemon

==============================================================================
BATCH/DAEMON JAVA DETAILS
==============================================================================
Batch/Daemon Java Processes | 5
Java-Name | Java-Path
sclcwes_sch | /data/softeon/batchapp/sclcwesprod/schedulardaemon
sclcwes_bre | /data/softeon/batchapp/sclcwesprod/sclc_breruledaemon
sclcwesprod_rpt | /data/softeon/batchapp/sclcwesprod/reportdaemon
sclcwesrd_rptex | /data/softeon/batchapp/sclcwesprod/jqgridreportdaemon
sclc3plprod_ftppollerdaemon | /data/app/java/jdk1.7.0_80/bin/sclc3plprod_ftppollerdaemon

==============================================================================
JBOSS/WILDFLY APPS (simple table)
==============================================================================
JBoss App Processes | 0
JBoss Apps | None

==============================================================================
HEALTH MONITOR CRONTAB STATUS
==============================================================================
Health Monitor Crontab | Disabled

==============================================================================
Server Availability Check Completed | 2026-07-17 01:22:14.418375
==============================================================================

2026-07-17 02:22:43,744 - 255296 - ERROR - app_validation.py errors for i-08a138908c04dd278:

2026-07-17 02:22:43,746 - 255296 - INFO - [Retry-1] After log saved: /data/patching_report/validation-2026-07-17/q3-SaddleCreek-central-prod-batch/10.0.9.164/10.0.9.164-AfterPatching-Retry1-2026-07-17-02-22-43-745.log
2026-07-17 02:22:43,800 - 255296 - INFO - [Retry-1] RED for SaddleCreek Central Prod Batch (10.0.9.164), retrying... (Total waited: 300s)
2026-07-17 02:22:43,800 - 255296 - INFO - [Retry-2] Waiting 300s for i-08a138908c04dd278...
2026-07-17 02:27:44,208 - 255296 - INFO - Sent app_validation.py to i-08a138908c04dd278 (command_id: d02a6d60-32b3-4c73-bd8b-90b13e8d6011)
2026-07-17 02:28:14,308 - 255296 - INFO - app_validation.py output for i-08a138908c04dd278:

==============================================================================
Server Availability Check Started | 2026-07-17 01:27:44.554931
==============================================================================

==============================================================================
SYSTEM INFORMATION
==============================================================================
Server IP | 10.0.9.164
Hostname | ip-10-0-9-164
Current User | root
Working Directory | /usr/bin
Time Zone | CDT

==============================================================================
STORAGE CHECK | /data mounts
==============================================================================
Filesystem | Size | Used | Avail | Use% | Mounted on
/dev/nvme1n1p2 | 289.9G | 214.9G | 75.0G | 74% | /data
fs-c00ce123.efs.us-east-1.amazonaws.com:/ | 0B | 527.3G | 0B | 0% | /data/softeon/shared

==============================================================================
SYMLINK CHECK | root (/)
==============================================================================
Symlinks Total | 4
Symlinks Valid | 4
Symlinks Invalid | 0
Symlink | ResolvedTarget
/bin | /usr/bin
/lib | /usr/lib
/lib64 | /usr/lib64
/sbin | /usr/sbin

==============================================================================
NFS CHECK
==============================================================================
NFS Package Installed | Yes
nfs-server.service Active | No
nfs-client.target Active | Yes
/etc/exports Present | Yes
EXPORTS_LINE | (empty)
NFS_MOUNT | Device | MountPoint | FSType
NFS_MOUNT | fs-c00ce123.efs.us-east-1.amazonaws.com:/ | /data/softeon/shared | nfs4

==============================================================================
CUPS CHECK
==============================================================================
CUPS Installed | Yes
CUPS Running | Yes
CUPS Version | cups-2.4.19-1.amzn2023.0.1.x86_64
CUPS IP URL (http://10.0.9.164:631) | 200
Cups server Http Status | 200
Cups printers Http Status | 200
Printers Configured | 614

==============================================================================
FTP CHECK
==============================================================================
FTP Installed | No
FTP Running (Port 21 localhost) | No
FTP Port 21 Reachable on 10.0.9.164 | No
FTP Processes | None

==============================================================================
JAVA CHECK
==============================================================================
Total Java Processes | 5
Batch/Daemon Java Processes | 5
Non-Standalone Java Processes | sclcwes_sch, sclcwes_bre, sclcwesprod_rpt, sclcwesrd_rptex, sclc3plprod_ftppollerdaemon

==============================================================================
BATCH/DAEMON JAVA DETAILS
==============================================================================
Batch/Daemon Java Processes | 5
Java-Name | Java-Path
sclcwes_sch | /data/softeon/batchapp/sclcwesprod/schedulardaemon
sclcwes_bre | /data/softeon/batchapp/sclcwesprod/sclc_breruledaemon
sclcwesprod_rpt | /data/softeon/batchapp/sclcwesprod/reportdaemon
sclcwesrd_rptex | /data/softeon/batchapp/sclcwesprod/jqgridreportdaemon
sclc3plprod_ftppollerdaemon | /data/app/java/jdk1.7.0_80/bin/sclc3plprod_ftppollerdaemon

==============================================================================
JBOSS/WILDFLY APPS (simple table)
==============================================================================
JBoss App Processes | 0
JBoss Apps | None

==============================================================================
HEALTH MONITOR CRONTAB STATUS
==============================================================================
Health Monitor Crontab | Disabled

==============================================================================
Server Availability Check Completed | 2026-07-17 01:27:45.056981
==============================================================================

2026-07-17 02:28:14,309 - 255296 - ERROR - app_validation.py errors for i-08a138908c04dd278:

2026-07-17 02:28:14,311 - 255296 - INFO - [Retry-2] After log saved: /data/patching_report/validation-2026-07-17/q3-SaddleCreek-central-prod-batch/10.0.9.164/10.0.9.164-AfterPatching-Retry2-2026-07-17-02-28-14-310.log
2026-07-17 02:28:14,366 - 255296 - INFO - [Retry-2] RED for SaddleCreek Central Prod Batch (10.0.9.164), retrying... (Total waited: 600s)
2026-07-17 02:28:14,367 - 255296 - INFO - [Retry-3] Waiting 300s for i-08a138908c04dd278...
2026-07-17 02:33:14,659 - 255296 - INFO - Sent app_validation.py to i-08a138908c04dd278 (command_id: 175f398f-9bb3-4a57-a6c5-560d946227e8)
2026-07-17 02:33:44,842 - 255296 - INFO - app_validation.py output for i-08a138908c04dd278:

==============================================================================
Server Availability Check Started | 2026-07-17 01:33:14.901971
==============================================================================

==============================================================================
SYSTEM INFORMATION
==============================================================================
Server IP | 10.0.9.164
Hostname | ip-10-0-9-164
Current User | root
Working Directory | /usr/bin
Time Zone | CDT

==============================================================================
STORAGE CHECK | /data mounts
==============================================================================
Filesystem | Size | Used | Avail | Use% | Mounted on
/dev/nvme1n1p2 | 289.9G | 215.0G | 74.8G | 74% | /data
fs-c00ce123.efs.us-east-1.amazonaws.com:/ | 0B | 527.3G | 0B | 0% | /data/softeon/shared

==============================================================================
SYMLINK CHECK | root (/)
==============================================================================
Symlinks Total | 4
Symlinks Valid | 4
Symlinks Invalid | 0
Symlink | ResolvedTarget
/bin | /usr/bin
/lib | /usr/lib
/lib64 | /usr/lib64
/sbin | /usr/sbin

==============================================================================
NFS CHECK
==============================================================================
NFS Package Installed | Yes
nfs-server.service Active | No
nfs-client.target Active | Yes
/etc/exports Present | Yes
EXPORTS_LINE | (empty)
NFS_MOUNT | Device | MountPoint | FSType
NFS_MOUNT | fs-c00ce123.efs.us-east-1.amazonaws.com:/ | /data/softeon/shared | nfs4

==============================================================================
CUPS CHECK
==============================================================================
CUPS Installed | Yes
CUPS Running | Yes
CUPS Version | cups-2.4.19-1.amzn2023.0.1.x86_64
CUPS IP URL (http://10.0.9.164:631) | 200
Cups server Http Status | 200
Cups printers Http Status | 200
Printers Configured | 614

==============================================================================
FTP CHECK
==============================================================================
FTP Installed | No
FTP Running (Port 21 localhost) | No
FTP Port 21 Reachable on 10.0.9.164 | No
FTP Processes | None

==============================================================================
JAVA CHECK
==============================================================================
Total Java Processes | 45
Batch/Daemon Java Processes | 45
Non-Standalone Java Processes | sclcwes_sch, sclcwes_bre, sclcwesprod_rpt, sclcwesrd_rptex, sclc3plprod_ftppollerdaemon, sclc3plprod_downloaddaemon, sclc3plprod_eventdaemon, sclc3plprod_excelexportdaemon, sclc3plprod_ftpdaemon, sclc3plprod_labeldaemon, sclc3plprod_replenishmentdaemon, sclc3plprod_reportdaemon, sclc3plprod_schedulerdaemon, sclc3plprod_wavelaunchdaemon, sclc3plprod_replenishmentcanceldaemon, sclc3plprod_cognexinbounddaemon, sclc3plprod_fw1_picktooldaemon, sclc3plprod_fw2_picktooldaemon, sclc3plprod_fws_picktooldaemon, sclc3plprod_fwn_picktooldaemon, picktooldaemon_FW1B_picktooldaemon, SCLC_1WLDB, sclc3plprod_fw3_picktooldaemon, sclc3plprod_shipdocrptd, sclc3plprod_wavelaunchdfw2, sclc3plprod_jl1wavelaunchd, sclc3plprod_jl2_picktooldaemon, sclc3plprod_intfallocationdaemon, sclc3plprod_generic_uploaddaemon, sclc3plprod_orderuploaddaemon1, sclc3plprod_orderuploaddaemon2, sclc3plprod_orderuploaddaemon3, sclc3plprod_orderuploaddaemon4, sclc3plprod_fw1_hardallocation, sclc3plprod_locus_daemons, sclc3plprod_wsq_daemon, picktooldaemon_r01, sclc3plprod_billingschedulerdaemon, sclplprd_vom, sclc3pl_voadmin, sclc3plprodsclcfw1_clustercreationdaemon, sclc3plprod_fw2_puttowalldaemon, sclc3plprod_fw2_putlmulticartpacking, sclc3plprod_wsrmi, sclc3plprod_clusterbatchcreationdaemon

==============================================================================
BATCH/DAEMON JAVA DETAILS
==============================================================================
Batch/Daemon Java Processes | 45
Java-Name | Java-Path
sclcwes_sch | /data/softeon/batchapp/sclcwesprod/schedulardaemon
sclcwes_bre | /data/softeon/batchapp/sclcwesprod/sclc_breruledaemon
sclcwesprod_rpt | /data/softeon/batchapp/sclcwesprod/reportdaemon
sclcwesrd_rptex | /data/softeon/batchapp/sclcwesprod/jqgridreportdaemon
sclc3plprod_ftppollerdaemon | /data/app/java/jdk1.7.0_80/bin/sclc3plprod_ftppollerdaemon
sclc3plprod_downloaddaemon | /data/app/java/jdk1.7.0_80/bin/sclc3plprod_downloaddaemon
sclc3plprod_eventdaemon | /data/app/java/jdk1.7.0_80/bin/sclc3plprod_eventdaemon
sclc3plprod_excelexportdaemon | /data/app/java/jdk1.7.0_80/bin/sclc3plprod_excelexportdaemon
sclc3plprod_ftpdaemon | /data/app/java/jdk1.7.0_80/bin/sclc3plprod_ftpdaemon
sclc3plprod_labeldaemon | /data/app/java/jdk1.7.0_80/bin/sclc3plprod_labeldaemon
sclc3plprod_replenishmentdaemon | /data/app/java/jdk1.7.0_80/bin/sclc3plprod_replenishmentdaemon
sclc3plprod_reportdaemon | /data/app/java/jdk1.7.0_80/bin/sclc3plprod_reportdaemon
sclc3plprod_schedulerdaemon | /data/app/java/jdk1.7.0_80/bin/sclc3plprod_schedulerdaemon
sclc3plprod_wavelaunchdaemon | /data/app/java/jdk1.7.0_80/bin/sclc3plprod_wavelaunchdaemon
sclc3plprod_replenishmentcanceldaemon | /data/app/java/jdk1.7.0_80/bin/sclc3plprod_replenishmentcanceldaemon
sclc3plprod_cognexinbounddaemon | /data/app/java/jdk1.7.0_80/bin/sclc3plprod_cognexinbounddaemon
sclc3plprod_fw1_picktooldaemon | /data/app/java/jdk1.7.0_80/bin/sclc3plprod_fw1_picktooldaemon
sclc3plprod_fw2_picktooldaemon | /data/app/java/jdk1.7.0_80/bin/sclc3plprod_fw2_picktooldaemon
sclc3plprod_fws_picktooldaemon | /data/app/java/jdk1.7.0_80/bin/sclc3plprod_fws_picktooldaemon
sclc3plprod_fwn_picktooldaemon | /data/app/java/jdk1.7.0_80/bin/sclc3plprod_fwn_picktooldaemon
picktooldaemon_FW1B_picktooldaemon | /data/app/java/jdk1.7.0_80/bin/picktooldaemon_FW1B_picktooldaemon
SCLC_1WLDB | /data/app/java/jdk1.7.0_80/bin/SCLC_1WLDB
sclc3plprod_fw3_picktooldaemon | /data/app/java/jdk1.7.0_80/bin/sclc3plprod_fw3_picktooldaemon
sclc3plprod_shipdocrptd | /data/app/java/jdk1.7.0_80/bin/sclc3plprod_shipdocrptd
sclc3plprod_wavelaunchdfw2 | /data/app/java/jdk1.7.0_80/bin/sclc3plprod_wavelaunchdfw2
sclc3plprod_jl1wavelaunchd | /data/app/java/jdk1.7.0_80/bin/sclc3plprod_jl1wavelaunchd
sclc3plprod_jl2_picktooldaemon | /data/app/java/jdk1.7.0_80/bin/sclc3plprod_jl2_picktooldaemon
sclc3plprod_intfallocationdaemon | /data/app/java/jdk1.7.0_80/bin/sclc3plprod_intfallocationdaemon
sclc3plprod_generic_uploaddaemon | /data/app/java/jdk1.7.0_80/bin/sclc3plprod_generic_uploaddaemon
sclc3plprod_orderuploaddaemon1 | /data/app/java/jdk1.7.0_80/bin/sclc3plprod_orderuploaddaemon1
sclc3plprod_orderuploaddaemon2 | /data/app/java/jdk1.7.0_80/bin/sclc3plprod_orderuploaddaemon2
sclc3plprod_orderuploaddaemon3 | /data/app/java/jdk1.7.0_80/bin/sclc3plprod_orderuploaddaemon3
sclc3plprod_orderuploaddaemon4 | /data/app/java/jdk1.7.0_80/bin/sclc3plprod_orderuploaddaemon4
sclc3plprod_fw1_hardallocation | /data/app/java/jdk1.7.0_80/bin/sclc3plprod_fw1_hardallocation
sclc3plprod_locus_daemons | /data/app/java/jdk1.7.0_80/bin/sclc3plprod_locus_daemons
sclc3plprod_wsq_daemon | /data/app/java/jdk1.7.0_80/bin/sclc3plprod_wsq_daemon
picktooldaemon_r01 | /data/app/java/jdk1.7.0_80/bin/picktooldaemon_r01
sclc3plprod_billingschedulerdaemon | /data/app/java/jdk1.7.0_80/bin/sclc3plprod_billingschedulerdaemon
sclplprd_vom | /data/app/java/jdk1.7.0_80/bin/sclplprd_vom
sclc3pl_voadmin | /data/softeon/batchapp/sclc3plprod/sclc_voiceadminserver
sclc3plprodsclcfw1_clustercreationdaemon | /data/app/java/jdk1.7.0_80/bin/sclc3plprodsclcfw1_clustercreationdaemon
sclc3plprod_fw2_puttowalldaemon | /data/app/java/jdk1.7.0_80/bin/sclc3plprod_fw2_puttowalldaemon
sclc3plprod_fw2_putlmulticartpacking | /data/app/java/jdk1.7.0_80/bin/sclc3plprod_fw2_putlmulticartpacking
sclc3plprod_wsrmi | /data/softeon/batchapp/sclc3plprod/sclc_wsrmidaemon
sclc3plprod_clusterbatchcreationdaemon | /data/app/java/jdk1.7.0_80/bin/sclc3plprod_clusterbatchcreationdaemon

==============================================================================
JBOSS/WILDFLY APPS (simple table)
==============================================================================
JBoss App Processes | 0
JBoss Apps | None

==============================================================================
HEALTH MONITOR CRONTAB STATUS
==============================================================================
Health Monitor Crontab | Disabled

==============================================================================
Server Availability Check Completed | 2026-07-17 01:33:16.026377
==============================================================================

2026-07-17 02:33:44,842 - 255296 - ERROR - app_validation.py errors for i-08a138908c04dd278:

2026-07-17 02:33:44,844 - 255296 - INFO - [Retry-3] After log saved: /data/patching_report/validation-2026-07-17/q3-SaddleCreek-central-prod-batch/10.0.9.164/10.0.9.164-AfterPatching-Retry3-2026-07-17-02-33-44-843.log
2026-07-17 02:33:44,898 - 255296 - INFO - [Retry-3] RED for SaddleCreek Central Prod Batch (10.0.9.164), retrying... (Total waited: 900s)
2026-07-17 02:33:44,898 - 255296 - INFO - [Retry-4] Waiting 300s for i-08a138908c04dd278...
2026-07-17 02:38:45,103 - 255296 - INFO - Sent app_validation.py to i-08a138908c04dd278 (command_id: 42084467-7595-4ec0-88fc-87492bbadc2c)
2026-07-17 02:39:15,229 - 255296 - INFO - app_validation.py output for i-08a138908c04dd278:

==============================================================================
Server Availability Check Started | 2026-07-17 01:38:45.361728
==============================================================================

==============================================================================
SYSTEM INFORMATION
==============================================================================
Server IP | 10.0.9.164
Hostname | ip-10-0-9-164
Current User | root
Working Directory | /usr/bin
Time Zone | CDT

==============================================================================
STORAGE CHECK | /data mounts
==============================================================================
Filesystem | Size | Used | Avail | Use% | Mounted on
/dev/nvme1n1p2 | 289.9G | 215.1G | 74.8G | 74% | /data
fs-c00ce123.efs.us-east-1.amazonaws.com:/ | 0B | 527.3G | 0B | 0% | /data/softeon/shared

==============================================================================
SYMLINK CHECK | root (/)
==============================================================================
Symlinks Total | 4
Symlinks Valid | 4
Symlinks Invalid | 0
Symlink | ResolvedTarget
/bin | /usr/bin
/lib | /usr/lib
/lib64 | /usr/lib64
/sbin | /usr/sbin

==============================================================================
NFS CHECK
==============================================================================
NFS Package Installed | Yes
nfs-server.service Active | No
nfs-client.target Active | Yes
/etc/exports Present | Yes
EXPORTS_LINE | (empty)
NFS_MOUNT | Device | MountPoint | FSType
NFS_MOUNT | fs-c00ce123.efs.us-east-1.amazonaws.com:/ | /data/softeon/shared | nfs4

==============================================================================
CUPS CHECK
==============================================================================
CUPS Installed | Yes
CUPS Running | Yes
CUPS Version | cups-2.4.19-1.amzn2023.0.1.x86_64
CUPS IP URL (http://10.0.9.164:631) | 200
Cups server Http Status | 200
Cups printers Http Status | 200
Printers Configured | 614

==============================================================================
FTP CHECK
==============================================================================
FTP Installed | No
FTP Running (Port 21 localhost) | No
FTP Port 21 Reachable on 10.0.9.164 | No
FTP Processes | None

==============================================================================
JAVA CHECK
==============================================================================
Total Java Processes | 45
Batch/Daemon Java Processes | 45
Non-Standalone Java Processes | sclcwes_sch, sclcwes_bre, sclcwesprod_rpt, sclcwesrd_rptex, sclc3plprod_ftppollerdaemon, sclc3plprod_downloaddaemon, sclc3plprod_eventdaemon, sclc3plprod_excelexportdaemon, sclc3plprod_ftpdaemon, sclc3plprod_labeldaemon, sclc3plprod_replenishmentdaemon, sclc3plprod_reportdaemon, sclc3plprod_schedulerdaemon, sclc3plprod_wavelaunchdaemon, sclc3plprod_replenishmentcanceldaemon, sclc3plprod_cognexinbounddaemon, sclc3plprod_fw1_picktooldaemon, sclc3plprod_fw2_picktooldaemon, sclc3plprod_fws_picktooldaemon, sclc3plprod_fwn_picktooldaemon, picktooldaemon_FW1B_picktooldaemon, SCLC_1WLDB, sclc3plprod_fw3_picktooldaemon, sclc3plprod_shipdocrptd, sclc3plprod_wavelaunchdfw2, sclc3plprod_jl1wavelaunchd, sclc3plprod_jl2_picktooldaemon, sclc3plprod_intfallocationdaemon, sclc3plprod_generic_uploaddaemon, sclc3plprod_orderuploaddaemon1, sclc3plprod_orderuploaddaemon2, sclc3plprod_orderuploaddaemon3, sclc3plprod_orderuploaddaemon4, sclc3plprod_fw1_hardallocation, sclc3plprod_locus_daemons, sclc3plprod_wsq_daemon, picktooldaemon_r01, sclc3plprod_billingschedulerdaemon, sclplprd_vom, sclc3pl_voadmin, sclc3plprodsclcfw1_clustercreationdaemon, sclc3plprod_fw2_puttowalldaemon, sclc3plprod_fw2_putlmulticartpacking, sclc3plprod_wsrmi, sclc3plprod_clusterbatchcreationdaemon

==============================================================================
BATCH/DAEMON JAVA DETAILS
==============================================================================
Batch/Daemon Java Processes | 45
Java-Name | Java-Path
sclcwes_sch | /data/softeon/batchapp/sclcwesprod/schedulardaemon
sclcwes_bre | /data/softeon/batchapp/sclcwesprod/sclc_breruledaemon
sclcwesprod_rpt | /data/softeon/batchapp/sclcwesprod/reportdaemon
sclcwesrd_rptex | /data/softeon/batchapp/sclcwesprod/jqgridreportdaemon
sclc3plprod_ftppollerdaemon | /data/app/java/jdk1.7.0_80/bin/sclc3plprod_ftppollerdaemon
sclc3plprod_downloaddaemon | /data/app/java/jdk1.7.0_80/bin/sclc3plprod_downloaddaemon
sclc3plprod_eventdaemon | /data/app/java/jdk1.7.0_80/bin/sclc3plprod_eventdaemon
sclc3plprod_excelexportdaemon | /data/app/java/jdk1.7.0_80/bin/sclc3plprod_excelexportdaemon
sclc3plprod_ftpdaemon | /data/app/java/jdk1.7.0_80/bin/sclc3plprod_ftpdaemon
sclc3plprod_labeldaemon | /data/app/java/jdk1.7.0_80/bin/sclc3plprod_labeldaemon
sclc3plprod_replenishmentdaemon | /data/app/java/jdk1.7.0_80/bin/sclc3plprod_replenishmentdaemon
sclc3plprod_reportdaemon | /data/app/java/jdk1.7.0_80/bin/sclc3plprod_reportdaemon
sclc3plprod_schedulerdaemon | /data/app/java/jdk1.7.0_80/bin/sclc3plprod_schedulerdaemon
sclc3plprod_wavelaunchdaemon | /data/app/java/jdk1.7.0_80/bin/sclc3plprod_wavelaunchdaemon
sclc3plprod_replenishmentcanceldaemon | /data/app/java/jdk1.7.0_80/bin/sclc3plprod_replenishmentcanceldaemon
sclc3plprod_cognexinbounddaemon | /data/app/java/jdk1.7.0_80/bin/sclc3plprod_cognexinbounddaemon
sclc3plprod_fw1_picktooldaemon | /data/app/java/jdk1.7.0_80/bin/sclc3plprod_fw1_picktooldaemon
sclc3plprod_fw2_picktooldaemon | /data/app/java/jdk1.7.0_80/bin/sclc3plprod_fw2_picktooldaemon
sclc3plprod_fws_picktooldaemon | /data/app/java/jdk1.7.0_80/bin/sclc3plprod_fws_picktooldaemon
sclc3plprod_fwn_picktooldaemon | /data/app/java/jdk1.7.0_80/bin/sclc3plprod_fwn_picktooldaemon
picktooldaemon_FW1B_picktooldaemon | /data/app/java/jdk1.7.0_80/bin/picktooldaemon_FW1B_picktooldaemon
SCLC_1WLDB | /data/app/java/jdk1.7.0_80/bin/SCLC_1WLDB
sclc3plprod_fw3_picktooldaemon | /data/app/java/jdk1.7.0_80/bin/sclc3plprod_fw3_picktooldaemon
sclc3plprod_shipdocrptd | /data/app/java/jdk1.7.0_80/bin/sclc3plprod_shipdocrptd
sclc3plprod_wavelaunchdfw2 | /data/app/java/jdk1.7.0_80/bin/sclc3plprod_wavelaunchdfw2
sclc3plprod_jl1wavelaunchd | /data/app/java/jdk1.7.0_80/bin/sclc3plprod_jl1wavelaunchd
sclc3plprod_jl2_picktooldaemon | /data/app/java/jdk1.7.0_80/bin/sclc3plprod_jl2_picktooldaemon
sclc3plprod_intfallocationdaemon | /data/app/java/jdk1.7.0_80/bin/sclc3plprod_intfallocationdaemon
sclc3plprod_generic_uploaddaemon | /data/app/java/jdk1.7.0_80/bin/sclc3plprod_generic_uploaddaemon
sclc3plprod_orderuploaddaemon1 | /data/app/java/jdk1.7.0_80/bin/sclc3plprod_orderuploaddaemon1
sclc3plprod_orderuploaddaemon2 | /data/app/java/jdk1.7.0_80/bin/sclc3plprod_orderuploaddaemon2
sclc3plprod_orderuploaddaemon3 | /data/app/java/jdk1.7.0_80/bin/sclc3plprod_orderuploaddaemon3
sclc3plprod_orderuploaddaemon4 | /data/app/java/jdk1.7.0_80/bin/sclc3plprod_orderuploaddaemon4
sclc3plprod_fw1_hardallocation | /data/app/java/jdk1.7.0_80/bin/sclc3plprod_fw1_hardallocation
sclc3plprod_locus_daemons | /data/app/java/jdk1.7.0_80/bin/sclc3plprod_locus_daemons
sclc3plprod_wsq_daemon | /data/app/java/jdk1.7.0_80/bin/sclc3plprod_wsq_daemon
picktooldaemon_r01 | /data/app/java/jdk1.7.0_80/bin/picktooldaemon_r01
sclc3plprod_billingschedulerdaemon | /data/app/java/jdk1.7.0_80/bin/sclc3plprod_billingschedulerdaemon
sclplprd_vom | /data/app/java/jdk1.7.0_80/bin/sclplprd_vom
sclc3pl_voadmin | /data/softeon/batchapp/sclc3plprod/sclc_voiceadminserver
sclc3plprodsclcfw1_clustercreationdaemon | /data/app/java/jdk1.7.0_80/bin/sclc3plprodsclcfw1_clustercreationdaemon
sclc3plprod_fw2_puttowalldaemon | /data/app/java/jdk1.7.0_80/bin/sclc3plprod_fw2_puttowalldaemon
sclc3plprod_fw2_putlmulticartpacking | /data/app/java/jdk1.7.0_80/bin/sclc3plprod_fw2_putlmulticartpacking
sclc3plprod_wsrmi | /data/softeon/batchapp/sclc3plprod/sclc_wsrmidaemon
sclc3plprod_clusterbatchcreationdaemon | /data/app/java/jdk1.7.0_80/bin/sclc3plprod_clusterbatchcreationdaemon

==============================================================================
JBOSS/WILDFLY APPS (simple table)
==============================================================================
JBoss App Processes | 0
JBoss Apps | None

==============================================================================
HEALTH MONITOR CRONTAB STATUS
==============================================================================
Health Monitor Crontab | Disabled

==============================================================================
Server Availability Check Completed | 2026-07-17 01:38:46.503974
==============================================================================

2026-07-17 02:39:15,229 - 255296 - ERROR - app_validation.py errors for i-08a138908c04dd278:

2026-07-17 02:39:15,231 - 255296 - INFO - [Retry-4] After log saved: /data/patching_report/validation-2026-07-17/q3-SaddleCreek-central-prod-batch/10.0.9.164/10.0.9.164-AfterPatching-Retry4-2026-07-17-02-39-15-230.log
2026-07-17 02:39:15,286 - 255296 - INFO - [Retry-4] RED for SaddleCreek Central Prod Batch (10.0.9.164), retrying... (Total waited: 1200s)
2026-07-17 02:39:15,286 - 255296 - INFO - [Retry-5] Waiting 300s for i-08a138908c04dd278...
2026-07-17 02:44:15,668 - 255296 - INFO - Sent app_validation.py to i-08a138908c04dd278 (command_id: 75a51e00-245a-4a26-a5cd-20b84836f5eb)
2026-07-17 02:44:45,813 - 255296 - INFO - app_validation.py output for i-08a138908c04dd278:

==============================================================================
Server Availability Check Started | 2026-07-17 01:44:15.924159
==============================================================================

==============================================================================
SYSTEM INFORMATION
==============================================================================
Server IP | 10.0.9.164
Hostname | ip-10-0-9-164
Current User | root
Working Directory | /usr/bin
Time Zone | CDT

==============================================================================
STORAGE CHECK | /data mounts
==============================================================================
Filesystem | Size | Used | Avail | Use% | Mounted on
/dev/nvme1n1p2 | 289.9G | 215.1G | 74.8G | 74% | /data
fs-c00ce123.efs.us-east-1.amazonaws.com:/ | 0B | 527.3G | 0B | 0% | /data/softeon/shared

==============================================================================
SYMLINK CHECK | root (/)
==============================================================================
Symlinks Total | 4
Symlinks Valid | 4
Symlinks Invalid | 0
Symlink | ResolvedTarget
/bin | /usr/bin
/lib | /usr/lib
/lib64 | /usr/lib64
/sbin | /usr/sbin

==============================================================================
NFS CHECK
==============================================================================
NFS Package Installed | Yes
nfs-server.service Active | No
nfs-client.target Active | Yes
/etc/exports Present | Yes
EXPORTS_LINE | (empty)
NFS_MOUNT | Device | MountPoint | FSType
NFS_MOUNT | fs-c00ce123.efs.us-east-1.amazonaws.com:/ | /data/softeon/shared | nfs4

==============================================================================
CUPS CHECK
==============================================================================
CUPS Installed | Yes
CUPS Running | Yes
CUPS Version | cups-2.4.19-1.amzn2023.0.1.x86_64
CUPS IP URL (http://10.0.9.164:631) | 200
Cups server Http Status | 200
Cups printers Http Status | 200
Printers Configured | 614

==============================================================================
FTP CHECK
==============================================================================
FTP Installed | No
FTP Running (Port 21 localhost) | No
FTP Port 21 Reachable on 10.0.9.164 | No
FTP Processes | None

==============================================================================
JAVA CHECK
==============================================================================
Total Java Processes | 45
Batch/Daemon Java Processes | 45
Non-Standalone Java Processes | sclcwes_sch, sclcwes_bre, sclcwesprod_rpt, sclcwesrd_rptex, sclc3plprod_ftppollerdaemon, sclc3plprod_downloaddaemon, sclc3plprod_eventdaemon, sclc3plprod_excelexportdaemon, sclc3plprod_ftpdaemon, sclc3plprod_labeldaemon, sclc3plprod_replenishmentdaemon, sclc3plprod_reportdaemon, sclc3plprod_schedulerdaemon, sclc3plprod_wavelaunchdaemon, sclc3plprod_replenishmentcanceldaemon, sclc3plprod_cognexinbounddaemon, sclc3plprod_fw1_picktooldaemon, sclc3plprod_fw2_picktooldaemon, sclc3plprod_fws_picktooldaemon, sclc3plprod_fwn_picktooldaemon, picktooldaemon_FW1B_picktooldaemon, SCLC_1WLDB, sclc3plprod_fw3_picktooldaemon, sclc3plprod_shipdocrptd, sclc3plprod_wavelaunchdfw2, sclc3plprod_jl1wavelaunchd, sclc3plprod_jl2_picktooldaemon, sclc3plprod_intfallocationdaemon, sclc3plprod_generic_uploaddaemon, sclc3plprod_orderuploaddaemon1, sclc3plprod_orderuploaddaemon2, sclc3plprod_orderuploaddaemon3, sclc3plprod_orderuploaddaemon4, sclc3plprod_fw1_hardallocation, sclc3plprod_locus_daemons, sclc3plprod_wsq_daemon, picktooldaemon_r01, sclc3plprod_billingschedulerdaemon, sclplprd_vom, sclc3pl_voadmin, sclc3plprodsclcfw1_clustercreationdaemon, sclc3plprod_fw2_puttowalldaemon, sclc3plprod_fw2_putlmulticartpacking, sclc3plprod_wsrmi, sclc3plprod_clusterbatchcreationdaemon

==============================================================================
BATCH/DAEMON JAVA DETAILS
==============================================================================
Batch/Daemon Java Processes | 45
Java-Name | Java-Path
sclcwes_sch | /data/softeon/batchapp/sclcwesprod/schedulardaemon
sclcwes_bre | /data/softeon/batchapp/sclcwesprod/sclc_breruledaemon
sclcwesprod_rpt | /data/softeon/batchapp/sclcwesprod/reportdaemon
sclcwesrd_rptex | /data/softeon/batchapp/sclcwesprod/jqgridreportdaemon
sclc3plprod_ftppollerdaemon | /data/app/java/jdk1.7.0_80/bin/sclc3plprod_ftppollerdaemon
sclc3plprod_downloaddaemon | /data/app/java/jdk1.7.0_80/bin/sclc3plprod_downloaddaemon
sclc3plprod_eventdaemon | /data/app/java/jdk1.7.0_80/bin/sclc3plprod_eventdaemon
sclc3plprod_excelexportdaemon | /data/app/java/jdk1.7.0_80/bin/sclc3plprod_excelexportdaemon
sclc3plprod_ftpdaemon | /data/app/java/jdk1.7.0_80/bin/sclc3plprod_ftpdaemon
sclc3plprod_labeldaemon | /data/app/java/jdk1.7.0_80/bin/sclc3plprod_labeldaemon
sclc3plprod_replenishmentdaemon | /data/app/java/jdk1.7.0_80/bin/sclc3plprod_replenishmentdaemon
sclc3plprod_reportdaemon | /data/app/java/jdk1.7.0_80/bin/sclc3plprod_reportdaemon
sclc3plprod_schedulerdaemon | /data/app/java/jdk1.7.0_80/bin/sclc3plprod_schedulerdaemon
sclc3plprod_wavelaunchdaemon | /data/app/java/jdk1.7.0_80/bin/sclc3plprod_wavelaunchdaemon
sclc3plprod_replenishmentcanceldaemon | /data/app/java/jdk1.7.0_80/bin/sclc3plprod_replenishmentcanceldaemon
sclc3plprod_cognexinbounddaemon | /data/app/java/jdk1.7.0_80/bin/sclc3plprod_cognexinbounddaemon
sclc3plprod_fw1_picktooldaemon | /data/app/java/jdk1.7.0_80/bin/sclc3plprod_fw1_picktooldaemon
sclc3plprod_fw2_picktooldaemon | /data/app/java/jdk1.7.0_80/bin/sclc3plprod_fw2_picktooldaemon
sclc3plprod_fws_picktooldaemon | /data/app/java/jdk1.7.0_80/bin/sclc3plprod_fws_picktooldaemon
sclc3plprod_fwn_picktooldaemon | /data/app/java/jdk1.7.0_80/bin/sclc3plprod_fwn_picktooldaemon
picktooldaemon_FW1B_picktooldaemon | /data/app/java/jdk1.7.0_80/bin/picktooldaemon_FW1B_picktooldaemon
SCLC_1WLDB | /data/app/java/jdk1.7.0_80/bin/SCLC_1WLDB
sclc3plprod_fw3_picktooldaemon | /data/app/java/jdk1.7.0_80/bin/sclc3plprod_fw3_picktooldaemon
sclc3plprod_shipdocrptd | /data/app/java/jdk1.7.0_80/bin/sclc3plprod_shipdocrptd
sclc3plprod_wavelaunchdfw2 | /data/app/java/jdk1.7.0_80/bin/sclc3plprod_wavelaunchdfw2
sclc3plprod_jl1wavelaunchd | /data/app/java/jdk1.7.0_80/bin/sclc3plprod_jl1wavelaunchd
sclc3plprod_jl2_picktooldaemon | /data/app/java/jdk1.7.0_80/bin/sclc3plprod_jl2_picktooldaemon
sclc3plprod_intfallocationdaemon | /data/app/java/jdk1.7.0_80/bin/sclc3plprod_intfallocationdaemon
sclc3plprod_generic_uploaddaemon | /data/app/java/jdk1.7.0_80/bin/sclc3plprod_generic_uploaddaemon
sclc3plprod_orderuploaddaemon1 | /data/app/java/jdk1.7.0_80/bin/sclc3plprod_orderuploaddaemon1
sclc3plprod_orderuploaddaemon2 | /data/app/java/jdk1.7.0_80/bin/sclc3plprod_orderuploaddaemon2
sclc3plprod_orderuploaddaemon3 | /data/app/java/jdk1.7.0_80/bin/sclc3plprod_orderuploaddaemon3
sclc3plprod_orderuploaddaemon4 | /data/app/java/jdk1.7.0_80/bin/sclc3plprod_orderuploaddaemon4
sclc3plprod_fw1_hardallocation | /data/app/java/jdk1.7.0_80/bin/sclc3plprod_fw1_hardallocation
sclc3plprod_locus_daemons | /data/app/java/jdk1.7.0_80/bin/sclc3plprod_locus_daemons
sclc3plprod_wsq_daemon | /data/app/java/jdk1.7.0_80/bin/sclc3plprod_wsq_daemon
picktooldaemon_r01 | /data/app/java/jdk1.7.0_80/bin/picktooldaemon_r01
sclc3plprod_billingschedulerdaemon | /data/app/java/jdk1.7.0_80/bin/sclc3plprod_billingschedulerdaemon
sclplprd_vom | /data/app/java/jdk1.7.0_80/bin/sclplprd_vom
sclc3pl_voadmin | /data/softeon/batchapp/sclc3plprod/sclc_voiceadminserver
sclc3plprodsclcfw1_clustercreationdaemon | /data/app/java/jdk1.7.0_80/bin/sclc3plprodsclcfw1_clustercreationdaemon
sclc3plprod_fw2_puttowalldaemon | /data/app/java/jdk1.7.0_80/bin/sclc3plprod_fw2_puttowalldaemon
sclc3plprod_fw2_putlmulticartpacking | /data/app/java/jdk1.7.0_80/bin/sclc3plprod_fw2_putlmulticartpacking
sclc3plprod_wsrmi | /data/softeon/batchapp/sclc3plprod/sclc_wsrmidaemon
sclc3plprod_clusterbatchcreationdaemon | /data/app/java/jdk1.7.0_80/bin/sclc3plprod_clusterbatchcreationdaemon

==============================================================================
JBOSS/WILDFLY APPS (simple table)
==============================================================================
JBoss App Processes | 0
JBoss Apps | None

==============================================================================
HEALTH MONITOR CRONTAB STATUS
==============================================================================
Health Monitor Crontab | Disabled

==============================================================================
Server Availability Check Completed | 2026-07-17 01:44:17.156997
==============================================================================

2026-07-17 02:44:45,813 - 255296 - ERROR - app_validation.py errors for i-08a138908c04dd278:

2026-07-17 02:44:45,815 - 255296 - INFO - [Retry-5] After log saved: /data/patching_report/validation-2026-07-17/q3-SaddleCreek-central-prod-batch/10.0.9.164/10.0.9.164-AfterPatching-Retry5-2026-07-17-02-44-45-814.log
2026-07-17 02:44:45,870 - 255296 - INFO - [Retry-5] RED for SaddleCreek Central Prod Batch (10.0.9.164), retrying... (Total waited: 1500s)
2026-07-17 02:44:45,870 - 255296 - INFO - [Retry-6] Waiting 300s for i-08a138908c04dd278...
2026-07-17 02:49:46,075 - 255296 - INFO - Sent app_validation.py to i-08a138908c04dd278 (command_id: 21e22195-98cf-45db-92d6-5dcbc471025d)
2026-07-17 02:50:16,145 - 255296 - INFO - app_validation.py output for i-08a138908c04dd278:

==============================================================================
Server Availability Check Started | 2026-07-17 01:49:46.326410
==============================================================================

==============================================================================
SYSTEM INFORMATION
==============================================================================
Server IP | 10.0.9.164
Hostname | ip-10-0-9-164
Current User | root
Working Directory | /usr/bin
Time Zone | CDT

==============================================================================
STORAGE CHECK | /data mounts
==============================================================================
Filesystem | Size | Used | Avail | Use% | Mounted on
/dev/nvme1n1p2 | 289.9G | 215.2G | 74.7G | 74% | /data
fs-c00ce123.efs.us-east-1.amazonaws.com:/ | 0B | 527.3G | 0B | 0% | /data/softeon/shared

==============================================================================
SYMLINK CHECK | root (/)
==============================================================================
Symlinks Total | 4
Symlinks Valid | 4
Symlinks Invalid | 0
Symlink | ResolvedTarget
/bin | /usr/bin
/lib | /usr/lib
/lib64 | /usr/lib64
/sbin | /usr/sbin

==============================================================================
NFS CHECK
==============================================================================
NFS Package Installed | Yes
nfs-server.service Active | No
nfs-client.target Active | Yes
/etc/exports Present | Yes
EXPORTS_LINE | (empty)
NFS_MOUNT | Device | MountPoint | FSType
NFS_MOUNT | fs-c00ce123.efs.us-east-1.amazonaws.com:/ | /data/softeon/shared | nfs4

==============================================================================
CUPS CHECK
==============================================================================
CUPS Installed | Yes
CUPS Running | Yes
CUPS Version | cups-2.4.19-1.amzn2023.0.1.x86_64
CUPS IP URL (http://10.0.9.164:631) | 200
Cups server Http Status | 200
Cups printers Http Status | 200
Printers Configured | 614

==============================================================================
FTP CHECK
==============================================================================
FTP Installed | No
FTP Running (Port 21 localhost) | No
FTP Port 21 Reachable on 10.0.9.164 | No
FTP Processes | None

==============================================================================
JAVA CHECK
==============================================================================
Total Java Processes | 45
Batch/Daemon Java Processes | 45
Non-Standalone Java Processes | sclcwes_sch, sclcwes_bre, sclcwesprod_rpt, sclcwesrd_rptex, sclc3plprod_ftppollerdaemon, sclc3plprod_downloaddaemon, sclc3plprod_eventdaemon, sclc3plprod_excelexportdaemon, sclc3plprod_ftpdaemon, sclc3plprod_labeldaemon, sclc3plprod_replenishmentdaemon, sclc3plprod_reportdaemon, sclc3plprod_schedulerdaemon, sclc3plprod_wavelaunchdaemon, sclc3plprod_replenishmentcanceldaemon, sclc3plprod_cognexinbounddaemon, sclc3plprod_fw1_picktooldaemon, sclc3plprod_fw2_picktooldaemon, sclc3plprod_fws_picktooldaemon, sclc3plprod_fwn_picktooldaemon, picktooldaemon_FW1B_picktooldaemon, SCLC_1WLDB, sclc3plprod_fw3_picktooldaemon, sclc3plprod_shipdocrptd, sclc3plprod_wavelaunchdfw2, sclc3plprod_jl1wavelaunchd, sclc3plprod_jl2_picktooldaemon, sclc3plprod_intfallocationdaemon, sclc3plprod_generic_uploaddaemon, sclc3plprod_orderuploaddaemon1, sclc3plprod_orderuploaddaemon2, sclc3plprod_orderuploaddaemon3, sclc3plprod_orderuploaddaemon4, sclc3plprod_fw1_hardallocation, sclc3plprod_locus_daemons, sclc3plprod_wsq_daemon, picktooldaemon_r01, sclc3plprod_billingschedulerdaemon, sclplprd_vom, sclc3pl_voadmin, sclc3plprodsclcfw1_clustercreationdaemon, sclc3plprod_fw2_puttowalldaemon, sclc3plprod_fw2_putlmulticartpacking, sclc3plprod_wsrmi, sclc3plprod_clusterbatchcreationdaemon

==============================================================================
BATCH/DAEMON JAVA DETAILS
==============================================================================
Batch/Daemon Java Processes | 45
Java-Name | Java-Path
sclcwes_sch | /data/softeon/batchapp/sclcwesprod/schedulardaemon
sclcwes_bre | /data/softeon/batchapp/sclcwesprod/sclc_breruledaemon
sclcwesprod_rpt | /data/softeon/batchapp/sclcwesprod/reportdaemon
sclcwesrd_rptex | /data/softeon/batchapp/sclcwesprod/jqgridreportdaemon
sclc3plprod_ftppollerdaemon | /data/app/java/jdk1.7.0_80/bin/sclc3plprod_ftppollerdaemon
sclc3plprod_downloaddaemon | /data/app/java/jdk1.7.0_80/bin/sclc3plprod_downloaddaemon
sclc3plprod_eventdaemon | /data/app/java/jdk1.7.0_80/bin/sclc3plprod_eventdaemon
sclc3plprod_excelexportdaemon | /data/app/java/jdk1.7.0_80/bin/sclc3plprod_excelexportdaemon
sclc3plprod_ftpdaemon | /data/app/java/jdk1.7.0_80/bin/sclc3plprod_ftpdaemon
sclc3plprod_labeldaemon | /data/app/java/jdk1.7.0_80/bin/sclc3plprod_labeldaemon
sclc3plprod_replenishmentdaemon | /data/app/java/jdk1.7.0_80/bin/sclc3plprod_replenishmentdaemon
sclc3plprod_reportdaemon | /data/app/java/jdk1.7.0_80/bin/sclc3plprod_reportdaemon
sclc3plprod_schedulerdaemon | /data/app/java/jdk1.7.0_80/bin/sclc3plprod_schedulerdaemon
sclc3plprod_wavelaunchdaemon | /data/app/java/jdk1.7.0_80/bin/sclc3plprod_wavelaunchdaemon
sclc3plprod_replenishmentcanceldaemon | /data/app/java/jdk1.7.0_80/bin/sclc3plprod_replenishmentcanceldaemon
sclc3plprod_cognexinbounddaemon | /data/app/java/jdk1.7.0_80/bin/sclc3plprod_cognexinbounddaemon
sclc3plprod_fw1_picktooldaemon | /data/app/java/jdk1.7.0_80/bin/sclc3plprod_fw1_picktooldaemon
sclc3plprod_fw2_picktooldaemon | /data/app/java/jdk1.7.0_80/bin/sclc3plprod_fw2_picktooldaemon
sclc3plprod_fws_picktooldaemon | /data/app/java/jdk1.7.0_80/bin/sclc3plprod_fws_picktooldaemon
sclc3plprod_fwn_picktooldaemon | /data/app/java/jdk1.7.0_80/bin/sclc3plprod_fwn_picktooldaemon
picktooldaemon_FW1B_picktooldaemon | /data/app/java/jdk1.7.0_80/bin/picktooldaemon_FW1B_picktooldaemon
SCLC_1WLDB | /data/app/java/jdk1.7.0_80/bin/SCLC_1WLDB
sclc3plprod_fw3_picktooldaemon | /data/app/java/jdk1.7.0_80/bin/sclc3plprod_fw3_picktooldaemon
sclc3plprod_shipdocrptd | /data/app/java/jdk1.7.0_80/bin/sclc3plprod_shipdocrptd
sclc3plprod_wavelaunchdfw2 | /data/app/java/jdk1.7.0_80/bin/sclc3plprod_wavelaunchdfw2
sclc3plprod_jl1wavelaunchd | /data/app/java/jdk1.7.0_80/bin/sclc3plprod_jl1wavelaunchd
sclc3plprod_jl2_picktooldaemon | /data/app/java/jdk1.7.0_80/bin/sclc3plprod_jl2_picktooldaemon
sclc3plprod_intfallocationdaemon | /data/app/java/jdk1.7.0_80/bin/sclc3plprod_intfallocationdaemon
sclc3plprod_generic_uploaddaemon | /data/app/java/jdk1.7.0_80/bin/sclc3plprod_generic_uploaddaemon
sclc3plprod_orderuploaddaemon1 | /data/app/java/jdk1.7.0_80/bin/sclc3plprod_orderuploaddaemon1
sclc3plprod_orderuploaddaemon2 | /data/app/java/jdk1.7.0_80/bin/sclc3plprod_orderuploaddaemon2
sclc3plprod_orderuploaddaemon3 | /data/app/java/jdk1.7.0_80/bin/sclc3plprod_orderuploaddaemon3
sclc3plprod_orderuploaddaemon4 | /data/app/java/jdk1.7.0_80/bin/sclc3plprod_orderuploaddaemon4
sclc3plprod_fw1_hardallocation | /data/app/java/jdk1.7.0_80/bin/sclc3plprod_fw1_hardallocation
sclc3plprod_locus_daemons | /data/app/java/jdk1.7.0_80/bin/sclc3plprod_locus_daemons
sclc3plprod_wsq_daemon | /data/app/java/jdk1.7.0_80/bin/sclc3plprod_wsq_daemon
picktooldaemon_r01 | /data/app/java/jdk1.7.0_80/bin/picktooldaemon_r01
sclc3plprod_billingschedulerdaemon | /data/app/java/jdk1.7.0_80/bin/sclc3plprod_billingschedulerdaemon
sclplprd_vom | /data/app/java/jdk1.7.0_80/bin/sclplprd_vom
sclc3pl_voadmin | /data/softeon/batchapp/sclc3plprod/sclc_voiceadminserver
sclc3plprodsclcfw1_clustercreationdaemon | /data/app/java/jdk1.7.0_80/bin/sclc3plprodsclcfw1_clustercreationdaemon
sclc3plprod_fw2_puttowalldaemon | /data/app/java/jdk1.7.0_80/bin/sclc3plprod_fw2_puttowalldaemon
sclc3plprod_fw2_putlmulticartpacking | /data/app/java/jdk1.7.0_80/bin/sclc3plprod_fw2_putlmulticartpacking
sclc3plprod_wsrmi | /data/softeon/batchapp/sclc3plprod/sclc_wsrmidaemon
sclc3plprod_clusterbatchcreationdaemon | /data/app/java/jdk1.7.0_80/bin/sclc3plprod_clusterbatchcreationdaemon

==============================================================================
JBOSS/WILDFLY APPS (simple table)
==============================================================================
JBoss App Processes | 0
JBoss Apps | None

==============================================================================
HEALTH MONITOR CRONTAB STATUS
==============================================================================
Health Monitor Crontab | Disabled

==============================================================================
Server Availability Check Completed | 2026-07-17 01:49:47.439737
==============================================================================

2026-07-17 02:50:16,145 - 255296 - ERROR - app_validation.py errors for i-08a138908c04dd278:

2026-07-17 02:50:16,147 - 255296 - INFO - [Retry-6] After log saved: /data/patching_report/validation-2026-07-17/q3-SaddleCreek-central-prod-batch/10.0.9.164/10.0.9.164-AfterPatching-Retry6-2026-07-17-02-50-16-147.log
2026-07-17 02:50:16,377 - 255296 - INFO - Health monitor crontab enabled on all instances
2026-07-17 02:50:16,378 - 255296 - WARNING - [Retry] Timeout - auto cron enabled for i-08a138908c04dd278
