2026-05-17 03:00:03,301 - 990395 - INFO - Logger setup has been removed, using shared logger from common.logs.logger.
2026-05-17 03:00:03,301 - 990395 - INFO - Script Start Time: 2026-05-17 03:00:03
2026-05-17 03:00:03,922 - 990395 - INFO - Instance(s) selected for Patching: {'i-008135e5376f1cd76': '172.29.61.75', 'i-0603da68e0d4c7766': '172.29.61.37', 'i-041e44000ae1485a1': '172.29.61.55', 'i-033530286cc397619': '172.29.61.5'}
2026-05-17 03:00:03,997 - 990395 - INFO - Email sent successfully to ['CloudOps@softeon.com']
2026-05-17 03:00:03,998 - 990395 - INFO - Now patching instances at: 2026-05-17 03:00:03
2026-05-17 03:00:04,262 - 990395 - INFO - Sending patch command to instance i-0603da68e0d4c7766
2026-05-17 03:00:04,453 - 990395 - INFO - Command sent successfully to instance i-0603da68e0d4c7766. Command ID: 1422d4cb-cce9-4ce9-b790-a6d54abed19a
2026-05-17 03:00:04,703 - 990395 - INFO - Sending patch command to instance i-033530286cc397619
2026-05-17 03:00:04,849 - 990395 - INFO - Command sent successfully to instance i-033530286cc397619. Command ID: 5da0c30c-d361-4df8-b3df-ee05014d7ad8
2026-05-17 03:00:05,236 - 990395 - INFO - Sending patch command to instance i-008135e5376f1cd76
2026-05-17 03:00:05,361 - 990395 - INFO - Command sent successfully to instance i-008135e5376f1cd76. Command ID: 8b646b85-ebd5-4724-8ade-ee3da44d6af5
2026-05-17 03:00:05,580 - 990395 - INFO - Sending patch command to instance i-041e44000ae1485a1
2026-05-17 03:00:05,769 - 990395 - INFO - Command sent successfully to instance i-041e44000ae1485a1. Command ID: 9c3cdd9c-9424-4d12-bf1d-302e9afd2c0c
2026-05-17 03:17:10,579 - 990395 - INFO - All patches applied successfully.
2026-05-17 03:17:10,580 - 990395 - INFO - Patching end time: 2026-05-17 03:17:10
2026-05-17 03:17:10,580 - 990395 - INFO - Patch Elapsed time: 0:17:06.582374
2026-05-17 03:17:10,677 - 990395 - INFO - Email sent successfully to ['CloudOps@softeon.com']
2026-05-17 03:17:10,677 - 990395 - INFO - Confirmed - services are stopped
2026-05-17 03:17:30,622 - 990395 - INFO - Discovered TG map: {'i-033530286cc397619': ['arn:aws:elasticloadbalancing:us-east-1:835314132208:targetgroup/UPS-PZN-NewUI-UAT-RF-2/28517d2b51f36da0', 'arn:aws:elasticloadbalancing:us-east-1:835314132208:targetgroup/UPS-PZN-UAT3-NewUI-Desktop/6c87e75ea7f22137', 'arn:aws:elasticloadbalancing:us-east-1:835314132208:targetgroup/UPS-PZN-UAT3-NewUI-RF/60f189109961bf54', 'arn:aws:elasticloadbalancing:us-east-1:835314132208:targetgroup/UPS-PZN-NewUI-UAT-Desktop-2/b771fb568c5c08fc'], 'i-008135e5376f1cd76': ['arn:aws:elasticloadbalancing:us-east-1:835314132208:targetgroup/UPS-PZN-Prod-GrayLog/7afadbe4dbdfbeb0'], 'i-041e44000ae1485a1': ['arn:aws:elasticloadbalancing:us-east-1:835314132208:targetgroup/UPS-PZN-UAT-GrayLog/5db05d622affc7a6']}
2026-05-17 03:17:31,033 - 990395 - INFO - Sent app_validation.py to i-0603da68e0d4c7766 (command_id: bd7e76c6-1e85-4ac7-ab72-34fe395be090)
2026-05-17 03:18:01,115 - 990395 - INFO - app_validation.py output for i-0603da68e0d4c7766:

==============================================================================
Server Availability Check Started | 2026-05-17 07:17:31.309813
==============================================================================

==============================================================================
SYSTEM INFORMATION
==============================================================================
Server IP | 172.29.61.37
Hostname | graylogupsp02
Current User | root
Working Directory | /usr/bin
Time Zone | UTC

==============================================================================
STORAGE CHECK | /data mounts
==============================================================================
Filesystem | Size | Used | Avail | Use% | Mounted on
/dev/nvme1n1p2 | 5.0T | 1.1T | 3.9T | 22% | /data

==============================================================================
SYMLINK CHECK | root (/)
==============================================================================
Symlinks Total | 4
Symlinks Valid | 4
Symlinks Invalid | 0
Symlink | ResolvedTarget
/bin | /usr/bin
/lib | /usr/lib
/lib64 | /usr/lib64
/sbin | /usr/sbin

==============================================================================
NFS CHECK
==============================================================================
NFS Package Installed | Yes
nfs-server.service Active | No
nfs-client.target Active | Yes
/etc/exports Present | Yes
EXPORTS_LINE | (empty)
NFS Mounted Shares | None

==============================================================================
CUPS CHECK
==============================================================================
CUPS Installed | No
CUPS Running | No
CUPS Version | Not Found
CUPS IP Port 631 Reachable | No
Cups server Http Status | Not Found
Cups printers Http Status | Not Found
Printers Configured | Not Found

==============================================================================
FTP CHECK
==============================================================================
FTP Installed | No
FTP Running (Port 21 localhost) | No
FTP Port 21 Reachable on 172.29.61.37 | No
FTP Processes | None

==============================================================================
JAVA CHECK
==============================================================================
Total Java Processes | 2
Batch/Daemon Java Processes | 2
Non-Standalone Java Processes | java, java

==============================================================================
BATCH/DAEMON JAVA DETAILS
==============================================================================
Batch/Daemon Java Processes | 2
Java-Name | Java-Path
java | /bin/java
java | /usr/share/graylog-datanode/dist/opensearch-2.15.0-linux-x64

==============================================================================
JBOSS/WILDFLY APPS (simple table)
==============================================================================
JBoss App Processes | 0
JBoss Apps | None

==============================================================================
Server Availability Check Completed | 2026-05-17 07:17:31.449165
==============================================================================

2026-05-17 03:18:01,115 - 990395 - ERROR - app_validation.py errors for i-0603da68e0d4c7766:

2026-05-17 03:18:01,125 - 990395 - INFO - Before patching validation saved to: /data/patching_report/validation-2026-05-17/ups-pzn-graylog/172.29.61.37/172.29.61.37-BeforePatching-2026-05-17-03-18-01-124.log
2026-05-17 03:18:01,125 - 990395 - INFO - Stopping EC2 instance: i-0603da68e0d4c7766 at 2026-05-17 03:18:01
2026-05-17 03:20:02,874 - 990395 - INFO - Instance i-0603da68e0d4c7766 stopped successfully.
2026-05-17 03:20:03,835 - 990395 - INFO - Stopped i-0603da68e0d4c7766 in 0:02:02.710055
2026-05-17 03:20:03,836 - 990395 - INFO - Starting EC2 instance: i-0603da68e0d4c7766
2026-05-17 03:20:19,818 - 990395 - INFO - Instance i-0603da68e0d4c7766 started successfully.
2026-05-17 03:20:19,818 - 990395 - INFO - Waiting 100 seconds for SSM agent to be ready on i-0603da68e0d4c7766...
2026-05-17 03:22:00,081 - 990395 - INFO - Sent app_validation.py to i-0603da68e0d4c7766 (command_id: ae04de5a-680d-4fb2-bd45-779d5040fce1)
2026-05-17 03:22:30,154 - 990395 - INFO - app_validation.py output for i-0603da68e0d4c7766:

==============================================================================
Server Availability Check Started | 2026-05-17 07:22:00.426200
==============================================================================

==============================================================================
SYSTEM INFORMATION
==============================================================================
Server IP | 172.29.61.37
Hostname | graylogupsp02
Current User | root
Working Directory | /usr/bin
Time Zone | UTC

==============================================================================
STORAGE CHECK | /data mounts
==============================================================================
Filesystem | Size | Used | Avail | Use% | Mounted on
/dev/nvme1n1p2 | 5.0T | 1.1T | 3.9T | 22% | /data

==============================================================================
SYMLINK CHECK | root (/)
==============================================================================
Symlinks Total | 4
Symlinks Valid | 4
Symlinks Invalid | 0
Symlink | ResolvedTarget
/bin | /usr/bin
/lib | /usr/lib
/lib64 | /usr/lib64
/sbin | /usr/sbin

==============================================================================
NFS CHECK
==============================================================================
NFS Package Installed | Yes
nfs-server.service Active | No
nfs-client.target Active | Yes
/etc/exports Present | Yes
EXPORTS_LINE | (empty)
NFS Mounted Shares | None

==============================================================================
CUPS CHECK
==============================================================================
CUPS Installed | No
CUPS Running | No
CUPS Version | Not Found
CUPS IP Port 631 Reachable | No
Cups server Http Status | Not Found
Cups printers Http Status | Not Found
Printers Configured | Not Found

==============================================================================
FTP CHECK
==============================================================================
FTP Installed | No
FTP Running (Port 21 localhost) | No
FTP Port 21 Reachable on 172.29.61.37 | No
FTP Processes | None

==============================================================================
JAVA CHECK
==============================================================================
Total Java Processes | 2
Batch/Daemon Java Processes | 2
Non-Standalone Java Processes | java, java

==============================================================================
BATCH/DAEMON JAVA DETAILS
==============================================================================
Batch/Daemon Java Processes | 2
Java-Name | Java-Path
java | /bin/java
java | /usr/share/graylog-datanode/dist/opensearch-2.15.0-linux-x64

==============================================================================
JBOSS/WILDFLY APPS (simple table)
==============================================================================
JBoss App Processes | 0
JBoss Apps | None

==============================================================================
Server Availability Check Completed | 2026-05-17 07:22:00.705664
==============================================================================

2026-05-17 03:22:30,154 - 990395 - ERROR - app_validation.py errors for i-0603da68e0d4c7766:

2026-05-17 03:22:30,156 - 990395 - INFO - After patching validation saved to: /data/patching_report/validation-2026-05-17/ups-pzn-graylog/172.29.61.37/172.29.61.37-AfterPatching-2026-05-17-03-22-30-155.log
2026-05-17 03:22:30,207 - 990395 - INFO - Validation comparison report generated: /data/patching_report/validation-2026-05-17/ups-pzn-graylog/172.29.61.37/172.29.61.37-Validation-details-2026-05-17-03-22-30-155.html
2026-05-17 03:22:30,459 - 990395 - INFO - Email sent successfully to ['CloudOps@softeon.com', 'kishlayk@softeon.com']
2026-05-17 03:22:30,459 - 990395 - INFO - HTML validation report email sent for i-0603da68e0d4c7766
2026-05-17 03:22:30,981 - 990395 - INFO - Started i-0603da68e0d4c7766 in 0:02:27.145348
2026-05-17 03:22:30,981 - 990395 - INFO - Waiting 120 seconds before proceeding to the next instance...
2026-05-17 03:24:31,297 - 990395 - INFO - Sent app_validation.py to i-033530286cc397619 (command_id: c4f25dfa-eeab-41f4-bbae-2d8c43ca4ad3)
2026-05-17 03:25:01,393 - 990395 - INFO - app_validation.py output for i-033530286cc397619:

==============================================================================
Server Availability Check Started | 2026-05-17 07:24:31.600000
==============================================================================

==============================================================================
SYSTEM INFORMATION
==============================================================================
Server IP | 172.29.61.5
Hostname | ip-172-29-61-5
Current User | root
Working Directory | /usr/bin
Time Zone | UTC

==============================================================================
STORAGE CHECK | /data mounts
==============================================================================
Filesystem | Size | Used | Avail | Use% | Mounted on
/dev/nvme1n1p2 | 289.9G | 118.5G | 171.3G | 40% | /data
fs-5bdc0713.efs.us-east-1.amazonaws.com:/shared/softeon/upspznuat | 0B | 1.1T | 0B | 0% | /data/data2/shared/softeon/upspznuat
fs-5bdc0713.efs.us-east-1.amazonaws.com:/sftpuser | 0B | 1.1T | 0B | 0% | /data/data2/sftpuser

==============================================================================
SYMLINK CHECK | root (/)
==============================================================================
Symlinks Total | 5
Symlinks Valid | 5
Symlinks Invalid | 0
Symlink | ResolvedTarget
/bin | /usr/bin
/data2 | /data/data2
/lib | /usr/lib
/lib64 | /usr/lib64
/sbin | /usr/sbin

==============================================================================
NFS CHECK
==============================================================================
NFS Package Installed | Yes
nfs-server.service Active | No
nfs-client.target Active | Yes
/etc/exports Present | Yes
EXPORTS_LINE | (empty)
NFS_MOUNT | Device | MountPoint | FSType
NFS_MOUNT | fs-5bdc0713.efs.us-east-1.amazonaws.com:/shared/softeon/upspznuat | /data/data2/shared/softeon/upspznuat | nfs4
NFS_MOUNT | fs-5bdc0713.efs.us-east-1.amazonaws.com:/sftpuser | /data/data2/sftpuser | nfs4

==============================================================================
CUPS CHECK
==============================================================================
CUPS Installed | Yes
CUPS Running | Yes
CUPS Version | 1.7.5
CUPS IP URL (http://172.29.61.5:631) | 200
Cups server Http Status | 200
Cups printers Http Status | 200
Printers Configured | 964

==============================================================================
FTP CHECK
==============================================================================
FTP Installed | No
FTP Running (Port 21 localhost) | No
FTP Port 21 Reachable on 172.29.61.5 | No
FTP Processes | None

==============================================================================
JAVA CHECK
==============================================================================
Total Java Processes | 4
Batch/Daemon Java Processes | 0
Non-Standalone Java Processes | Not Found

==============================================================================
BATCH/DAEMON JAVA DETAILS
==============================================================================
Batch/Daemon Java Processes | 0
Batch/Daemon Java Details | None

==============================================================================
JBOSS/WILDFLY APPS (simple table)
==============================================================================
JBoss App Processes | 4
PID | AppName | JbossVersion | Java-Name | Port | URL | Status | Code | SSL-Status | App-Path
1716976 | upspznrfuat3newui | jboss730eap | rfuat3newu_jb73 | 8085 | 172.29.61.5:8085 | UP | 200 | Disabled | /data/app/jboss730eap/softeon/upspznrfuat3newui/standalone
1716348 | upspznrfuatnewui | jboss730eap | rfuatnewui_jb73 | 8083 | 172.29.61.5:8083 | UP | 200 | Disabled | /data/app/jboss730eap/softeon/upspznrfuatnewui/standalone
1716728 | upspznuat3newui | jboss730eap | uat3newui_jb73 | 8084 | 172.29.61.5:8084 | UP | 200 | Disabled | /data/app/jboss730eap/softeon/upspznuat3newui/standalone
1715963 | upspznuatnewui | jboss730eap | uatnewui_jb73 | 8082 | 172.29.61.5:8082 | UP | 200 | Disabled | /data/app/jboss730eap/softeon/upspznuatnewui/standalone

==============================================================================
Server Availability Check Completed | 2026-05-17 07:24:34.833703
==============================================================================

2026-05-17 03:25:01,393 - 990395 - ERROR - app_validation.py errors for i-033530286cc397619:

2026-05-17 03:25:01,396 - 990395 - INFO - Before patching validation saved to: /data/patching_report/validation-2026-05-17/ups-pzn-graylog/172.29.61.5/172.29.61.5-BeforePatching-2026-05-17-03-25-01-395.log
2026-05-17 03:25:01,396 - 990395 - INFO - Deregistering i-033530286cc397619 from TG arn:aws:elasticloadbalancing:us-east-1:835314132208:targetgroup/UPS-PZN-NewUI-UAT-RF-2/28517d2b51f36da0
2026-05-17 03:25:01,492 - 990395 - INFO - Deregistering i-033530286cc397619 from TG arn:aws:elasticloadbalancing:us-east-1:835314132208:targetgroup/UPS-PZN-UAT3-NewUI-Desktop/6c87e75ea7f22137
2026-05-17 03:25:01,542 - 990395 - INFO - Deregistering i-033530286cc397619 from TG arn:aws:elasticloadbalancing:us-east-1:835314132208:targetgroup/UPS-PZN-UAT3-NewUI-RF/60f189109961bf54
2026-05-17 03:25:01,594 - 990395 - INFO - Deregistering i-033530286cc397619 from TG arn:aws:elasticloadbalancing:us-east-1:835314132208:targetgroup/UPS-PZN-NewUI-UAT-Desktop-2/b771fb568c5c08fc
2026-05-17 03:25:01,638 - 990395 - INFO - Stopping EC2 instance: i-033530286cc397619 at 2026-05-17 03:25:01
2026-05-17 03:26:02,939 - 990395 - INFO - Instance i-033530286cc397619 stopped successfully.
2026-05-17 03:26:03,782 - 990395 - INFO - Stopped i-033530286cc397619 in 0:01:02.143385
2026-05-17 03:26:03,782 - 990395 - INFO - Starting EC2 instance: i-033530286cc397619
2026-05-17 03:26:19,754 - 990395 - INFO - Instance i-033530286cc397619 started successfully.
2026-05-17 03:26:19,754 - 990395 - INFO - Waiting 100 seconds for SSM agent to be ready on i-033530286cc397619...
2026-05-17 03:27:59,821 - 990395 - INFO - Registering i-033530286cc397619 to TG arn:aws:elasticloadbalancing:us-east-1:835314132208:targetgroup/UPS-PZN-NewUI-UAT-RF-2/28517d2b51f36da0
2026-05-17 03:28:00,047 - 990395 - INFO - Registering i-033530286cc397619 to TG arn:aws:elasticloadbalancing:us-east-1:835314132208:targetgroup/UPS-PZN-UAT3-NewUI-Desktop/6c87e75ea7f22137
2026-05-17 03:28:00,182 - 990395 - INFO - Registering i-033530286cc397619 to TG arn:aws:elasticloadbalancing:us-east-1:835314132208:targetgroup/UPS-PZN-UAT3-NewUI-RF/60f189109961bf54
2026-05-17 03:28:00,301 - 990395 - INFO - Registering i-033530286cc397619 to TG arn:aws:elasticloadbalancing:us-east-1:835314132208:targetgroup/UPS-PZN-NewUI-UAT-Desktop-2/b771fb568c5c08fc
2026-05-17 03:33:01,070 - 990395 - WARNING - i-033530286cc397619 not healthy in arn:aws:elasticloadbalancing:us-east-1:835314132208:targetgroup/UPS-PZN-NewUI-UAT-RF-2/28517d2b51f36da0 after timeout.
2026-05-17 03:38:01,841 - 990395 - WARNING - i-033530286cc397619 not healthy in arn:aws:elasticloadbalancing:us-east-1:835314132208:targetgroup/UPS-PZN-NewUI-UAT-Desktop-2/b771fb568c5c08fc after timeout.
2026-05-17 03:38:02,059 - 990395 - INFO - Email sent successfully to ['kishlayk@softeon.com', 'CloudOps@softeon.com']
2026-05-17 03:38:02,059 - 990395 - ERROR - Aborting workflow: i-033530286cc397619 is not healthy after restart.
2026-05-17 03:38:02,082 - 990395 - INFO - Restart Total time: 0:20:51.261144
2026-05-17 03:38:02,083 - 990395 - INFO - Auto-confirmed services are restarted
2026-05-17 03:38:02,083 - 990395 - INFO - Confirmed - services are started
2026-05-17 03:38:02,324 - 990395 - INFO - The following instances have failed the patch: []
2026-05-17 03:38:02,324 - 990395 - INFO - No instances have failed the patch.
2026-05-17 03:38:02,324 - 990395 - INFO - Total Patch Process time: 0:37:59.023084
2026-05-17 03:39:03,419 - 990395 - INFO - Log file ./logs/patching_2026-05-17_ups-pzn-graylog.log uploaded to s3://q2-2026-aws-security-patching/ups-pzn-graylog_Patch/2026-05-17/patching_2026-05-17_ups-pzn-graylog.log
