2026-08-09 00:00:04,354 - 1807428 - INFO - Email sent successfully to ['CloudOps@softeon.com']
2026-08-09 00:13:45,367 - 1807428 - INFO - Email sent successfully to ['CloudOps@softeon.com']
2026-08-09 00:13:45,552 - 1807428 - INFO - Log file ./logs/backup_2026-08-09.log uploaded to s3://q3-2025-aws-security-patching/nfi-prod-app_Patch_Backup/2026-08-09/backup_2026-08-09.log
2026-08-09 04:00:03,852 - 1884441 - INFO - Logger setup has been removed, using shared logger from common.logs.logger.
2026-08-09 04:00:03,852 - 1884441 - INFO - Script Start Time: 2026-08-09 04:00:03
2026-08-09 04:00:04,185 - 1884441 - INFO - Tag: nfi-prod-app, IPs: ['172.18.10.4', '172.18.10.60'], Environment: prod
2026-08-09 04:00:04,186 - 1884441 - INFO - Instance(s) selected for Patching: {'i-0ac439d17ef1fb5fc': '172.18.10.4', 'i-067679a16a6694521': '172.18.10.60'}
2026-08-09 04:00:04,266 - 1884441 - INFO - Email sent successfully to ['CloudOps@softeon.com']
2026-08-09 04:00:04,268 - 1884441 - INFO - Now patching instances at: 2026-08-09 04:00:04
2026-08-09 04:00:04,503 - 1884441 - INFO - Sent app_validation.py to i-067679a16a6694521 (command_id: c4712467-ef72-448b-9a66-29d5753bc95c)
2026-08-09 04:00:34,590 - 1884441 - INFO - SSM Command Status: Success
2026-08-09 04:00:34,590 - 1884441 - INFO - app_validation.py output for i-067679a16a6694521:

==============================================================================
Server Availability Check Started | 2026-08-09 08:00:04.859249
==============================================================================

==============================================================================
SYSTEM INFORMATION
==============================================================================
Server IP | 172.18.10.60
Hostname | ip-172-18-10-60
Current User | root
Working Directory | /usr/bin
Time Zone | UTC

==============================================================================
STORAGE CHECK | /data mounts
==============================================================================
Filesystem | Size | Used | Avail | Use% | Mounted on
/dev/nvme1n1p2 | 275.4G | 57.4G | 204.0G | 20% | /data
fs-1d5c469e.efs.us-east-1.amazonaws.com:/shared/softeon | 0B | 536.5G | 0B | 0% | /data/shared/softeon
172.18.10.4:/data/batchapp/softeon/nfiprod/common/report_src | 275.4G | 123.6G | 137.8G | 44% | /data/batchapp/softeon/nfiprod/common/report_src

==============================================================================
SYMLINK CHECK | root (/)
==============================================================================
Symlinks Total | 4
Symlinks Valid | 4
Symlinks Invalid | 0
Symlink | ResolvedTarget
/bin | /usr/bin
/lib | /usr/lib
/lib64 | /usr/lib64
/sbin | /usr/sbin

==============================================================================
NFS CHECK
==============================================================================
NFS Package Installed | Yes
nfs-server.service Active | No
nfs-client.target Active | Yes
/etc/exports Present | Yes
EXPORTS_LINE | (empty)
NFS_MOUNT | Device | MountPoint | FSType
NFS_MOUNT | fs-1d5c469e.efs.us-east-1.amazonaws.com:/shared/softeon | /data/shared/softeon | nfs4
NFS_MOUNT | 172.18.10.4:/data/batchapp/softeon/nfiprod/common/report_src | /data/batchapp/softeon/nfiprod/common/report_src | nfs4

==============================================================================
CUPS CHECK
==============================================================================
CUPS Installed | Yes
CUPS Running | Yes
CUPS Version | 1.7.5
CUPS IP URL (http://172.18.10.60:631) | 200
Cups server Http Status | 200
Cups printers Http Status | 200
Printers Configured | 351

==============================================================================
FTP CHECK
==============================================================================
FTP Installed | No
FTP Running (Port 21 localhost) | No
FTP Port 21 Reachable on 172.18.10.60 | No
FTP Processes | None

==============================================================================
JAVA CHECK
==============================================================================
Total Java Processes | 5
Batch/Daemon Java Processes | 0
Non-Standalone Java Processes | Not Found

==============================================================================
BATCH/DAEMON JAVA DETAILS
==============================================================================
Batch/Daemon Java Processes | 0
Batch/Daemon Java Details | None

==============================================================================
JBOSS/WILDFLY APPS (simple table)
==============================================================================
JBoss App Processes | 5
PID | AppName | JbossVersion | Java-Name | Port | URL | Status | Code | SSL-Status | App-Path
4117034 | nfiportalprod | jboss62eap | nfiportal_jboss | 8082 | 172.18.10.60:8082 | UP | 200 | Disabled | /data/app/jboss62eap/softeon/nfiportalprod/standalone
130379 | nfiprod | jboss62eap | nfiprod_jboss | 8080 | 172.18.10.60:8080 | UP | 200 | Disabled | /data/app/jboss62eap/softeon/nfiprod/standalone
4116734 | nfirfprod | jboss62eap | nfirfprod_jboss | 8081 | 172.18.10.60:8081 | UP | 200 | Disabled | /data/app/jboss62eap/softeon/nfirfprod/standalone
4119358 | nfistage | jboss62eap | nfistage_jboss | 8083 | 172.18.10.60:8083 | UP | 200 | Disabled | /data/app/jboss62eap/softeon/nfistage/standalone
4117174 | nfiwsprod | jboss62eap | nfiwsprod_jboss | 8084 | 172.18.10.60:8084 | UP | 200 | Disabled | /data/app/jboss62eap/softeon/nfiwsprod/standalone

==============================================================================
HEALTH MONITOR CRONTAB STATUS
==============================================================================
Health Monitor Crontab | Not Found

==============================================================================
Server Availability Check Completed | 2026-08-09 08:00:06.928170
==============================================================================

2026-08-09 04:00:34,592 - 1884441 - INFO - Before patching log saved: /data/patching_report/validation-2026-08-09/nfi-prod-app/172.18.10.60/172.18.10.60-BeforePatching-2026-08-09-04-00-34-591.log
2026-08-09 04:00:34,776 - 1884441 - INFO - Sent app_validation.py to i-0ac439d17ef1fb5fc (command_id: 94947d0d-894b-4a6f-be8f-22759b10b601)
2026-08-09 04:01:04,858 - 1884441 - INFO - SSM Command Status: Success
2026-08-09 04:01:04,858 - 1884441 - INFO - app_validation.py output for i-0ac439d17ef1fb5fc:

==============================================================================
Server Availability Check Started | 2026-08-09 08:00:35.381110
==============================================================================

==============================================================================
SYSTEM INFORMATION
==============================================================================
Server IP | 172.18.10.4
Hostname | ip-172-18-10-4
Current User | root
Working Directory | /usr/bin
Time Zone | UTC

==============================================================================
STORAGE CHECK | /data mounts
==============================================================================
Filesystem | Size | Used | Avail | Use% | Mounted on
/dev/xvdb2 | 275.4G | 123.6G | 137.8G | 44% | /data
fs-1d5c469e.efs.us-east-1.amazonaws.com:/shared/softeon | 0B | 536.5G | 0B | 0% | /data/shared/softeon

==============================================================================
SYMLINK CHECK | root (/)
==============================================================================
Symlinks Total | 5
Symlinks Valid | 5
Symlinks Invalid | 0
Symlink | ResolvedTarget
/bin | /usr/bin
/data2 | /data/data2
/lib | /usr/lib
/lib64 | /usr/lib64
/sbin | /usr/sbin

==============================================================================
NFS CHECK
==============================================================================
NFS Package Installed | Yes
nfs-server.service Active | Yes
nfs-client.target Active | Yes
/etc/exports Present | Yes
EXPORTS_LINE | /data/shared/softeon/nfiprod/	172.18.10.60(rw,sync,no_root_squash,no_all_squash) | /data/batchapp/softeon/nfiprod/common/report_src/	172.18.10.60(rw,sync,no_root_squash,no_all_squash)
NFS_MOUNT | Device | MountPoint | FSType
NFS_MOUNT | nfsd | /proc/fs/nfsd | nfsd
NFS_MOUNT | fs-1d5c469e.efs.us-east-1.amazonaws.com:/shared/softeon | /data/shared/softeon | nfs4

==============================================================================
CUPS CHECK
==============================================================================
CUPS Installed | Yes
CUPS Running | Yes
CUPS Version | 1.7.5
CUPS IP URL (http://172.18.10.4:631) | 200
Cups server Http Status | 200
Cups printers Http Status | 200
Printers Configured | 318

==============================================================================
FTP CHECK
==============================================================================
FTP Installed | No
FTP Running (Port 21 localhost) | No
FTP Port 21 Reachable on 172.18.10.4 | No
FTP Processes | None

==============================================================================
JAVA CHECK
==============================================================================
Total Java Processes | 4
Batch/Daemon Java Processes | 0
Non-Standalone Java Processes | Not Found

==============================================================================
BATCH/DAEMON JAVA DETAILS
==============================================================================
Batch/Daemon Java Processes | 0
Batch/Daemon Java Details | None

==============================================================================
JBOSS/WILDFLY APPS (simple table)
==============================================================================
JBoss App Processes | 4
PID | AppName | JbossVersion | Java-Name | Port | URL | Status | Code | SSL-Status | App-Path
1507968 | nfiportalprod | jboss62eap | nfiportal_jboss | 8082 | 172.18.10.4:8082 | UP | 200 | Disabled | /data/app/jboss62eap/softeon/nfiportalprod/standalone
1507768 | nfiprod | jboss62eap | nfiprod_jboss | 8080 | 172.18.10.4:8080 | UP | 200 | Disabled | /data/app/jboss62eap/softeon/nfiprod/standalone
1507629 | nfirfprod | jboss62eap | nfirfprod_jboss | 8081 | 172.18.10.4:8081 | UP | 200 | Disabled | /data/app/jboss62eap/softeon/nfirfprod/standalone
1508096 | nfiwsprod | jboss62eap | nfiwsprod_jboss | 8084 | 172.18.10.4:8084 | UP | 200 | Disabled | /data/app/jboss62eap/softeon/nfiwsprod/standalone

==============================================================================
HEALTH MONITOR CRONTAB STATUS
==============================================================================
Health Monitor Crontab | Disabled

==============================================================================
Server Availability Check Completed | 2026-08-09 08:00:37.573483
==============================================================================

2026-08-09 04:01:04,860 - 1884441 - INFO - Before patching log saved: /data/patching_report/validation-2026-08-09/nfi-prod-app/172.18.10.4/172.18.10.4-BeforePatching-2026-08-09-04-01-04-860.log
2026-08-09 04:01:10,148 - 1884441 - INFO - i-067679a16a6694521: Cron was active = False
2026-08-09 04:01:15,341 - 1884441 - INFO - i-0ac439d17ef1fb5fc: Cron was active = False
2026-08-09 04:01:15,341 - 1884441 - INFO - No active cron is found on any instance, skipping disable step.
2026-08-09 04:01:15,427 - 1884441 - INFO - Sending patch command to instance i-067679a16a6694521
2026-08-09 04:01:15,545 - 1884441 - INFO - Command sent successfully to instance i-067679a16a6694521. Command ID: 646ebecb-1591-405b-b7ad-74fdea542129
2026-08-09 04:01:15,683 - 1884441 - INFO - Sending patch command to instance i-0ac439d17ef1fb5fc
2026-08-09 04:01:15,784 - 1884441 - INFO - Command sent successfully to instance i-0ac439d17ef1fb5fc. Command ID: efeaf5dd-5d97-4e8b-988d-dad7c1360527
2026-08-09 04:11:18,380 - 1884441 - INFO - All patches applied successfully.
2026-08-09 04:11:18,381 - 1884441 - INFO - Patching end time: 2026-08-09 04:11:18
2026-08-09 04:11:18,381 - 1884441 - INFO - Patch Elapsed time: 0:11:14.114239
2026-08-09 04:11:18,449 - 1884441 - INFO - Email sent successfully to ['CloudOps@softeon.com']
2026-08-09 04:11:18,449 - 1884441 - INFO - Confirmed - services are stopped
2026-08-09 04:11:39,271 - 1884441 - INFO - Discovered TG map: {'i-0ac439d17ef1fb5fc': ['arn:aws:elasticloadbalancing:us-east-1:835314132208:targetgroup/NFI-Production-WS/27c40a168eedb1a6', 'arn:aws:elasticloadbalancing:us-east-1:835314132208:targetgroup/NFI-Portal-Public/d0cc2899db178947', 'arn:aws:elasticloadbalancing:us-east-1:835314132208:targetgroup/NFI-Production-Desktop/ca22c667b65e7f71', 'arn:aws:elasticloadbalancing:us-east-1:835314132208:targetgroup/NFI-Production-RF/ae2d888b05ded1e1', 'arn:aws:elasticloadbalancing:us-east-1:835314132208:targetgroup/NFI-Production-WS-Ext/c4b432238203b96b'], 'i-067679a16a6694521': ['arn:aws:elasticloadbalancing:us-east-1:835314132208:targetgroup/NFI-Production-WS/27c40a168eedb1a6', 'arn:aws:elasticloadbalancing:us-east-1:835314132208:targetgroup/NFI-WMS-Stage/6a0da83d3ffd9957', 'arn:aws:elasticloadbalancing:us-east-1:835314132208:targetgroup/NFI-Portal-Public/d0cc2899db178947', 'arn:aws:elasticloadbalancing:us-east-1:835314132208:targetgroup/NFI-Production-Desktop/ca22c667b65e7f71', 'arn:aws:elasticloadbalancing:us-east-1:835314132208:targetgroup/NFI-Production-RF/ae2d888b05ded1e1', 'arn:aws:elasticloadbalancing:us-east-1:835314132208:targetgroup/NFI-Production-WS-Ext/c4b432238203b96b']}
2026-08-09 04:11:39,451 - 1884441 - INFO - Deregistering i-067679a16a6694521 from TG arn:aws:elasticloadbalancing:us-east-1:835314132208:targetgroup/NFI-Production-WS/27c40a168eedb1a6
2026-08-09 04:11:39,523 - 1884441 - INFO - Deregistering i-067679a16a6694521 from TG arn:aws:elasticloadbalancing:us-east-1:835314132208:targetgroup/NFI-WMS-Stage/6a0da83d3ffd9957
2026-08-09 04:11:39,564 - 1884441 - INFO - Deregistering i-067679a16a6694521 from TG arn:aws:elasticloadbalancing:us-east-1:835314132208:targetgroup/NFI-Portal-Public/d0cc2899db178947
2026-08-09 04:11:39,627 - 1884441 - INFO - Deregistering i-067679a16a6694521 from TG arn:aws:elasticloadbalancing:us-east-1:835314132208:targetgroup/NFI-Production-Desktop/ca22c667b65e7f71
2026-08-09 04:11:39,677 - 1884441 - INFO - Deregistering i-067679a16a6694521 from TG arn:aws:elasticloadbalancing:us-east-1:835314132208:targetgroup/NFI-Production-RF/ae2d888b05ded1e1
2026-08-09 04:11:39,719 - 1884441 - INFO - Deregistering i-067679a16a6694521 from TG arn:aws:elasticloadbalancing:us-east-1:835314132208:targetgroup/NFI-Production-WS-Ext/c4b432238203b96b
2026-08-09 04:11:39,777 - 1884441 - INFO - Stopping EC2 instance: i-067679a16a6694521 at 2026-08-09 04:11:39
2026-08-09 04:13:11,262 - 1884441 - INFO - Instance i-067679a16a6694521 stopped successfully.
2026-08-09 04:13:11,510 - 1884441 - INFO - Stopped i-067679a16a6694521 in 0:01:31.733235
2026-08-09 04:13:11,511 - 1884441 - INFO - Starting EC2 instance: i-067679a16a6694521
2026-08-09 04:13:28,076 - 1884441 - INFO - Instance i-067679a16a6694521 started successfully.
2026-08-09 04:13:28,076 - 1884441 - INFO - Waiting 100 seconds for SSM agent to be ready on i-067679a16a6694521...
2026-08-09 04:15:08,169 - 1884441 - INFO - Registering i-067679a16a6694521 to TG arn:aws:elasticloadbalancing:us-east-1:835314132208:targetgroup/NFI-Production-WS/27c40a168eedb1a6
2026-08-09 04:15:08,339 - 1884441 - INFO - Registering i-067679a16a6694521 to TG arn:aws:elasticloadbalancing:us-east-1:835314132208:targetgroup/NFI-WMS-Stage/6a0da83d3ffd9957
2026-08-09 04:15:08,472 - 1884441 - INFO - Registering i-067679a16a6694521 to TG arn:aws:elasticloadbalancing:us-east-1:835314132208:targetgroup/NFI-Portal-Public/d0cc2899db178947
2026-08-09 04:15:08,597 - 1884441 - INFO - Registering i-067679a16a6694521 to TG arn:aws:elasticloadbalancing:us-east-1:835314132208:targetgroup/NFI-Production-Desktop/ca22c667b65e7f71
2026-08-09 04:15:08,725 - 1884441 - INFO - Registering i-067679a16a6694521 to TG arn:aws:elasticloadbalancing:us-east-1:835314132208:targetgroup/NFI-Production-RF/ae2d888b05ded1e1
2026-08-09 04:15:08,856 - 1884441 - INFO - Registering i-067679a16a6694521 to TG arn:aws:elasticloadbalancing:us-east-1:835314132208:targetgroup/NFI-Production-WS-Ext/c4b432238203b96b
2026-08-09 04:19:09,851 - 1884441 - INFO - Sent app_validation.py to i-067679a16a6694521 (command_id: 63d22038-dd9e-45ef-8427-d72d0b791c43)
2026-08-09 04:19:39,943 - 1884441 - INFO - SSM Command Status: Success
2026-08-09 04:19:39,944 - 1884441 - INFO - app_validation.py output for i-067679a16a6694521:

==============================================================================
Server Availability Check Started | 2026-08-09 08:19:10.365777
==============================================================================

==============================================================================
SYSTEM INFORMATION
==============================================================================
Server IP | 172.18.10.60
Hostname | ip-172-18-10-60
Current User | root
Working Directory | /usr/bin
Time Zone | UTC

==============================================================================
STORAGE CHECK | /data mounts
==============================================================================
Filesystem | Size | Used | Avail | Use% | Mounted on
/dev/nvme1n1p2 | 275.4G | 52.8G | 208.6G | 19% | /data
fs-1d5c469e.efs.us-east-1.amazonaws.com:/shared/softeon | 0B | 536.5G | 0B | 0% | /data/shared/softeon
172.18.10.4:/data/batchapp/softeon/nfiprod/common/report_src | 275.4G | 123.6G | 137.8G | 44% | /data/batchapp/softeon/nfiprod/common/report_src

==============================================================================
SYMLINK CHECK | root (/)
==============================================================================
Symlinks Total | 4
Symlinks Valid | 4
Symlinks Invalid | 0
Symlink | ResolvedTarget
/bin | /usr/bin
/lib | /usr/lib
/lib64 | /usr/lib64
/sbin | /usr/sbin

==============================================================================
NFS CHECK
==============================================================================
NFS Package Installed | Yes
nfs-server.service Active | No
nfs-client.target Active | Yes
/etc/exports Present | Yes
EXPORTS_LINE | (empty)
NFS_MOUNT | Device | MountPoint | FSType
NFS_MOUNT | fs-1d5c469e.efs.us-east-1.amazonaws.com:/shared/softeon | /data/shared/softeon | nfs4
NFS_MOUNT | 172.18.10.4:/data/batchapp/softeon/nfiprod/common/report_src | /data/batchapp/softeon/nfiprod/common/report_src | nfs4

==============================================================================
CUPS CHECK
==============================================================================
CUPS Installed | Yes
CUPS Running | Yes
CUPS Version | 1.7.5
CUPS IP URL (http://172.18.10.60:631) | 200
Cups server Http Status | 200
Cups printers Http Status | 200
Printers Configured | 351

==============================================================================
FTP CHECK
==============================================================================
FTP Installed | No
FTP Running (Port 21 localhost) | No
FTP Port 21 Reachable on 172.18.10.60 | No
FTP Processes | None

==============================================================================
JAVA CHECK
==============================================================================
Total Java Processes | 5
Batch/Daemon Java Processes | 0
Non-Standalone Java Processes | Not Found

==============================================================================
BATCH/DAEMON JAVA DETAILS
==============================================================================
Batch/Daemon Java Processes | 0
Batch/Daemon Java Details | None

==============================================================================
JBOSS/WILDFLY APPS (simple table)
==============================================================================
JBoss App Processes | 5
PID | AppName | JbossVersion | Java-Name | Port | URL | Status | Code | SSL-Status | App-Path
3631 | nfiportalprod | jboss62eap | nfiportal_jboss | 8082 | 172.18.10.60:8082 | UP | 200 | Disabled | /data/app/jboss62eap/softeon/nfiportalprod/standalone
3618 | nfiprod | jboss62eap | nfiprod_jboss | 8080 | 172.18.10.60:8080 | UP | 200 | Disabled | /data/app/jboss62eap/softeon/nfiprod/standalone
3112 | nfirfprod | jboss62eap | nfirfprod_jboss | 8081 | 172.18.10.60:8081 | UP | 200 | Disabled | /data/app/jboss62eap/softeon/nfirfprod/standalone
3510 | nfistage | jboss62eap | nfistage_jboss | 8083 | 172.18.10.60:8083 | UP | 200 | Disabled | /data/app/jboss62eap/softeon/nfistage/standalone
3619 | nfiwsprod | jboss62eap | nfiwsprod_jboss | 8084 | 172.18.10.60:8084 | UP | 200 | Disabled | /data/app/jboss62eap/softeon/nfiwsprod/standalone

==============================================================================
HEALTH MONITOR CRONTAB STATUS
==============================================================================
Health Monitor Crontab | Not Found

==============================================================================
Server Availability Check Completed | 2026-08-09 08:19:14.791977
==============================================================================

2026-08-09 04:19:39,945 - 1884441 - INFO - After patching validation saved to: /data/patching_report/validation-2026-08-09/nfi-prod-app/172.18.10.60/172.18.10.60-AfterPatching-2026-08-09-04-19-39-945.log
2026-08-09 04:19:40,005 - 1884441 - INFO - Validation comparison report generated: /data/patching_report/validation-2026-08-09/nfi-prod-app/172.18.10.60/172.18.10.60-Validation-details-2026-08-09-04-19-39-945.html
2026-08-09 04:19:40,219 - 1884441 - INFO - i-067679a16a6694521: Cron was not active - skipping enable
2026-08-09 04:19:40,289 - 1884441 - INFO - Email sent successfully to ['kishlayk@softeon.com', 'CloudOps@softeon.com']
2026-08-09 04:19:40,289 - 1884441 - INFO - GREEN mail sent for i-067679a16a6694521
2026-08-09 04:19:40,531 - 1884441 - INFO - Started i-067679a16a6694521 in 0:06:29.020402
2026-08-09 04:19:40,531 - 1884441 - INFO - Waiting 120 seconds before proceeding to the next instance...
2026-08-09 04:21:40,633 - 1884441 - INFO - Deregistering i-0ac439d17ef1fb5fc from TG arn:aws:elasticloadbalancing:us-east-1:835314132208:targetgroup/NFI-Production-WS/27c40a168eedb1a6
2026-08-09 04:21:40,709 - 1884441 - INFO - Deregistering i-0ac439d17ef1fb5fc from TG arn:aws:elasticloadbalancing:us-east-1:835314132208:targetgroup/NFI-Portal-Public/d0cc2899db178947
2026-08-09 04:21:40,764 - 1884441 - INFO - Deregistering i-0ac439d17ef1fb5fc from TG arn:aws:elasticloadbalancing:us-east-1:835314132208:targetgroup/NFI-Production-Desktop/ca22c667b65e7f71
2026-08-09 04:21:40,815 - 1884441 - INFO - Deregistering i-0ac439d17ef1fb5fc from TG arn:aws:elasticloadbalancing:us-east-1:835314132208:targetgroup/NFI-Production-RF/ae2d888b05ded1e1
2026-08-09 04:21:40,866 - 1884441 - INFO - Deregistering i-0ac439d17ef1fb5fc from TG arn:aws:elasticloadbalancing:us-east-1:835314132208:targetgroup/NFI-Production-WS-Ext/c4b432238203b96b
2026-08-09 04:21:40,920 - 1884441 - INFO - Stopping EC2 instance: i-0ac439d17ef1fb5fc at 2026-08-09 04:21:40
2026-08-09 04:23:27,308 - 1884441 - INFO - Instance i-0ac439d17ef1fb5fc stopped successfully.
2026-08-09 04:23:27,560 - 1884441 - INFO - Stopped i-0ac439d17ef1fb5fc in 0:01:46.639564
2026-08-09 04:23:27,560 - 1884441 - INFO - Starting EC2 instance: i-0ac439d17ef1fb5fc
2026-08-09 04:23:43,556 - 1884441 - INFO - Instance i-0ac439d17ef1fb5fc started successfully.
2026-08-09 04:23:43,556 - 1884441 - INFO - Waiting 100 seconds for SSM agent to be ready on i-0ac439d17ef1fb5fc...
2026-08-09 04:25:23,656 - 1884441 - INFO - Registering i-0ac439d17ef1fb5fc to TG arn:aws:elasticloadbalancing:us-east-1:835314132208:targetgroup/NFI-Production-WS/27c40a168eedb1a6
2026-08-09 04:25:23,864 - 1884441 - INFO - Registering i-0ac439d17ef1fb5fc to TG arn:aws:elasticloadbalancing:us-east-1:835314132208:targetgroup/NFI-Portal-Public/d0cc2899db178947
2026-08-09 04:25:23,994 - 1884441 - INFO - Registering i-0ac439d17ef1fb5fc to TG arn:aws:elasticloadbalancing:us-east-1:835314132208:targetgroup/NFI-Production-Desktop/ca22c667b65e7f71
2026-08-09 04:25:24,124 - 1884441 - INFO - Registering i-0ac439d17ef1fb5fc to TG arn:aws:elasticloadbalancing:us-east-1:835314132208:targetgroup/NFI-Production-RF/ae2d888b05ded1e1
2026-08-09 04:25:24,242 - 1884441 - INFO - Registering i-0ac439d17ef1fb5fc to TG arn:aws:elasticloadbalancing:us-east-1:835314132208:targetgroup/NFI-Production-WS-Ext/c4b432238203b96b
2026-08-09 04:32:25,598 - 1884441 - INFO - Sent app_validation.py to i-0ac439d17ef1fb5fc (command_id: 5c86c877-a753-491f-95c4-d7a57b7c1ca3)
2026-08-09 04:32:55,656 - 1884441 - INFO - SSM Command Status: Success
2026-08-09 04:32:55,657 - 1884441 - INFO - app_validation.py output for i-0ac439d17ef1fb5fc:

==============================================================================
Server Availability Check Started | 2026-08-09 08:32:26.099795
==============================================================================

==============================================================================
SYSTEM INFORMATION
==============================================================================
Server IP | 172.18.10.4
Hostname | ip-172-18-10-4
Current User | root
Working Directory | /usr/bin
Time Zone | UTC

==============================================================================
STORAGE CHECK | /data mounts
==============================================================================
Filesystem | Size | Used | Avail | Use% | Mounted on
/dev/xvdb2 | 275.4G | 122.0G | 139.4G | 44% | /data
fs-1d5c469e.efs.us-east-1.amazonaws.com:/shared/softeon | 0B | 536.5G | 0B | 0% | /data/shared/softeon

==============================================================================
SYMLINK CHECK | root (/)
==============================================================================
Symlinks Total | 5
Symlinks Valid | 5
Symlinks Invalid | 0
Symlink | ResolvedTarget
/bin | /usr/bin
/data2 | /data/data2
/lib | /usr/lib
/lib64 | /usr/lib64
/sbin | /usr/sbin

==============================================================================
NFS CHECK
==============================================================================
NFS Package Installed | Yes
nfs-server.service Active | No
nfs-client.target Active | Yes
/etc/exports Present | Yes
EXPORTS_LINE | /data/shared/softeon/nfiprod/	172.18.10.60(rw,sync,no_root_squash,no_all_squash) | /data/batchapp/softeon/nfiprod/common/report_src/	172.18.10.60(rw,sync,no_root_squash,no_all_squash)
NFS_MOUNT | Device | MountPoint | FSType
NFS_MOUNT | nfsd | /proc/fs/nfsd | nfsd
NFS_MOUNT | fs-1d5c469e.efs.us-east-1.amazonaws.com:/shared/softeon | /data/shared/softeon | nfs4

==============================================================================
CUPS CHECK
==============================================================================
CUPS Installed | Yes
CUPS Running | Yes
CUPS Version | 1.7.5
CUPS IP URL (http://172.18.10.4:631) | 200
Cups server Http Status | 200
Cups printers Http Status | 200
Printers Configured | 318

==============================================================================
FTP CHECK
==============================================================================
FTP Installed | No
FTP Running (Port 21 localhost) | No
FTP Port 21 Reachable on 172.18.10.4 | No
FTP Processes | None

==============================================================================
JAVA CHECK
==============================================================================
Total Java Processes | 4
Batch/Daemon Java Processes | 0
Non-Standalone Java Processes | Not Found

==============================================================================
BATCH/DAEMON JAVA DETAILS
==============================================================================
Batch/Daemon Java Processes | 0
Batch/Daemon Java Details | None

==============================================================================
JBOSS/WILDFLY APPS (simple table)
==============================================================================
JBoss App Processes | 4
PID | AppName | JbossVersion | Java-Name | Port | URL | Status | Code | SSL-Status | App-Path
3422 | nfiportalprod | jboss62eap | nfiportal_jboss | 8082 | 172.18.10.4:8082 | UP | 200 | Disabled | /data/app/jboss62eap/softeon/nfiportalprod/standalone
3417 | nfiprod | jboss62eap | nfiprod_jboss | 8080 | 172.18.10.4:8080 | UP | 200 | Disabled | /data/app/jboss62eap/softeon/nfiprod/standalone
3411 | nfirfprod | jboss62eap | nfirfprod_jboss | 8081 | 172.18.10.4:8081 | UP | 200 | Disabled | /data/app/jboss62eap/softeon/nfirfprod/standalone
3444 | nfiwsprod | jboss62eap | nfiwsprod_jboss | 8084 | 172.18.10.4:8084 | UP | 200 | Disabled | /data/app/jboss62eap/softeon/nfiwsprod/standalone

==============================================================================
HEALTH MONITOR CRONTAB STATUS
==============================================================================
Health Monitor Crontab | Disabled

==============================================================================
Server Availability Check Completed | 2026-08-09 08:32:35.106959
==============================================================================

2026-08-09 04:32:55,658 - 1884441 - INFO - After patching validation saved to: /data/patching_report/validation-2026-08-09/nfi-prod-app/172.18.10.4/172.18.10.4-AfterPatching-2026-08-09-04-32-55-658.log
2026-08-09 04:32:55,717 - 1884441 - INFO - Validation comparison report generated: /data/patching_report/validation-2026-08-09/nfi-prod-app/172.18.10.4/172.18.10.4-Validation-details-2026-08-09-04-32-55-658.html
2026-08-09 04:32:55,921 - 1884441 - INFO - Daemon count - Pre: 0, Post: 0
2026-08-09 04:32:55,921 - 1884441 - INFO - CUPS: before=running after=running version=1.7.5
2026-08-09 04:32:55,921 - 1884441 - INFO - Manage_cron: False, daemon_action: False, cups_action: False
2026-08-09 04:32:56,011 - 1884441 - INFO - Email sent successfully to ['kishlayk@softeon.com', 'CloudOps@softeon.com']
2026-08-09 04:32:56,011 - 1884441 - INFO - RED mail sent for i-0ac439d17ef1fb5fc - no daemon/cups issue
2026-08-09 04:32:56,011 - 1884441 - INFO - [Retry-1] Waiting 300s for i-0ac439d17ef1fb5fc...
2026-08-09 04:32:56,012 - 1884441 - INFO - Retry thread started for i-0ac439d17ef1fb5fc
2026-08-09 04:32:56,280 - 1884441 - INFO - Started i-0ac439d17ef1fb5fc in 0:09:28.719754
2026-08-09 04:32:56,280 - 1884441 - INFO - All instances processed.
2026-08-09 04:32:56,286 - 1884441 - INFO - Restart Total time: 0:21:37.695619
2026-08-09 04:32:56,286 - 1884441 - INFO - Auto-confirmed services are restarted
2026-08-09 04:32:56,287 - 1884441 - INFO - Confirmed - services are started
2026-08-09 04:32:56,400 - 1884441 - INFO - The following instances have failed the patch: []
2026-08-09 04:32:56,400 - 1884441 - INFO - No instances have failed the patch.
2026-08-09 04:32:56,400 - 1884441 - INFO - Total Patch Process time: 0:32:52.547944
2026-08-09 04:33:56,912 - 1884441 - INFO - Log file ./logs/patching_2026-08-09_nfi-prod-app.log uploaded to s3://q3-2026-aws-security-patching/nfi-prod-app_Patch/2026-08-09/patching_2026-08-09_nfi-prod-app.log
2026-08-09 04:37:56,460 - 1884441 - INFO - Sent app_validation.py to i-0ac439d17ef1fb5fc (command_id: edb2ad92-2dde-48fa-b4ca-415baf5df4ed)
2026-08-09 04:38:26,544 - 1884441 - INFO - SSM Command Status: Success
2026-08-09 04:38:26,544 - 1884441 - INFO - app_validation.py output for i-0ac439d17ef1fb5fc:

==============================================================================
Server Availability Check Started | 2026-08-09 08:37:57.034875
==============================================================================

==============================================================================
SYSTEM INFORMATION
==============================================================================
Server IP | 172.18.10.4
Hostname | ip-172-18-10-4
Current User | root
Working Directory | /usr/bin
Time Zone | UTC

==============================================================================
STORAGE CHECK | /data mounts
==============================================================================
Filesystem | Size | Used | Avail | Use% | Mounted on
/dev/xvdb2 | 275.4G | 122.0G | 139.4G | 44% | /data
fs-1d5c469e.efs.us-east-1.amazonaws.com:/shared/softeon | 0B | 536.5G | 0B | 0% | /data/shared/softeon

==============================================================================
SYMLINK CHECK | root (/)
==============================================================================
Symlinks Total | 5
Symlinks Valid | 5
Symlinks Invalid | 0
Symlink | ResolvedTarget
/bin | /usr/bin
/data2 | /data/data2
/lib | /usr/lib
/lib64 | /usr/lib64
/sbin | /usr/sbin

==============================================================================
NFS CHECK
==============================================================================
NFS Package Installed | Yes
nfs-server.service Active | No
nfs-client.target Active | Yes
/etc/exports Present | Yes
EXPORTS_LINE | /data/shared/softeon/nfiprod/	172.18.10.60(rw,sync,no_root_squash,no_all_squash) | /data/batchapp/softeon/nfiprod/common/report_src/	172.18.10.60(rw,sync,no_root_squash,no_all_squash)
NFS_MOUNT | Device | MountPoint | FSType
NFS_MOUNT | nfsd | /proc/fs/nfsd | nfsd
NFS_MOUNT | fs-1d5c469e.efs.us-east-1.amazonaws.com:/shared/softeon | /data/shared/softeon | nfs4

==============================================================================
CUPS CHECK
==============================================================================
CUPS Installed | Yes
CUPS Running | Yes
CUPS Version | 1.7.5
CUPS IP URL (http://172.18.10.4:631) | 200
Cups server Http Status | 200
Cups printers Http Status | 200
Printers Configured | 318

==============================================================================
FTP CHECK
==============================================================================
FTP Installed | No
FTP Running (Port 21 localhost) | No
FTP Port 21 Reachable on 172.18.10.4 | No
FTP Processes | None

==============================================================================
JAVA CHECK
==============================================================================
Total Java Processes | 4
Batch/Daemon Java Processes | 0
Non-Standalone Java Processes | Not Found

==============================================================================
BATCH/DAEMON JAVA DETAILS
==============================================================================
Batch/Daemon Java Processes | 0
Batch/Daemon Java Details | None

==============================================================================
JBOSS/WILDFLY APPS (simple table)
==============================================================================
JBoss App Processes | 4
PID | AppName | JbossVersion | Java-Name | Port | URL | Status | Code | SSL-Status | App-Path
3422 | nfiportalprod | jboss62eap | nfiportal_jboss | 8082 | 172.18.10.4:8082 | UP | 200 | Disabled | /data/app/jboss62eap/softeon/nfiportalprod/standalone
3417 | nfiprod | jboss62eap | nfiprod_jboss | 8080 | 172.18.10.4:8080 | UP | 200 | Disabled | /data/app/jboss62eap/softeon/nfiprod/standalone
3411 | nfirfprod | jboss62eap | nfirfprod_jboss | 8081 | 172.18.10.4:8081 | UP | 200 | Disabled | /data/app/jboss62eap/softeon/nfirfprod/standalone
3444 | nfiwsprod | jboss62eap | nfiwsprod_jboss | 8084 | 172.18.10.4:8084 | UP | 200 | Disabled | /data/app/jboss62eap/softeon/nfiwsprod/standalone

==============================================================================
HEALTH MONITOR CRONTAB STATUS
==============================================================================
Health Monitor Crontab | Disabled

==============================================================================
Server Availability Check Completed | 2026-08-09 08:37:58.568799
==============================================================================

2026-08-09 04:38:26,545 - 1884441 - INFO - [Retry-1] After log saved: /data/patching_report/validation-2026-08-09/nfi-prod-app/172.18.10.4/172.18.10.4-AfterPatching-Retry1-2026-08-09-04-38-26-545.log
2026-08-09 04:38:26,602 - 1884441 - INFO - [Retry-1] RED for NFI Production Application Server 1 (172.18.10.4), retrying... (Total waited: 300s)
2026-08-09 04:38:26,603 - 1884441 - INFO - [Retry-2] Waiting 300s for i-0ac439d17ef1fb5fc...
2026-08-09 04:43:26,885 - 1884441 - INFO - Sent app_validation.py to i-0ac439d17ef1fb5fc (command_id: 53aee6f7-6fe7-4938-8d3f-dd08531a805e)
2026-08-09 04:43:57,018 - 1884441 - INFO - SSM Command Status: Success
2026-08-09 04:43:57,018 - 1884441 - INFO - app_validation.py output for i-0ac439d17ef1fb5fc:

==============================================================================
Server Availability Check Started | 2026-08-09 08:43:27.324333
==============================================================================

==============================================================================
SYSTEM INFORMATION
==============================================================================
Server IP | 172.18.10.4
Hostname | ip-172-18-10-4
Current User | root
Working Directory | /usr/bin
Time Zone | UTC

==============================================================================
STORAGE CHECK | /data mounts
==============================================================================
Filesystem | Size | Used | Avail | Use% | Mounted on
/dev/xvdb2 | 275.4G | 122.0G | 139.4G | 44% | /data
fs-1d5c469e.efs.us-east-1.amazonaws.com:/shared/softeon | 0B | 536.5G | 0B | 0% | /data/shared/softeon

==============================================================================
SYMLINK CHECK | root (/)
==============================================================================
Symlinks Total | 5
Symlinks Valid | 5
Symlinks Invalid | 0
Symlink | ResolvedTarget
/bin | /usr/bin
/data2 | /data/data2
/lib | /usr/lib
/lib64 | /usr/lib64
/sbin | /usr/sbin

==============================================================================
NFS CHECK
==============================================================================
NFS Package Installed | Yes
nfs-server.service Active | Yes
nfs-client.target Active | Yes
/etc/exports Present | Yes
EXPORTS_LINE | /data/shared/softeon/nfiprod/	172.18.10.60(rw,sync,no_root_squash,no_all_squash) | /data/batchapp/softeon/nfiprod/common/report_src/	172.18.10.60(rw,sync,no_root_squash,no_all_squash)
NFS_MOUNT | Device | MountPoint | FSType
NFS_MOUNT | nfsd | /proc/fs/nfsd | nfsd
NFS_MOUNT | fs-1d5c469e.efs.us-east-1.amazonaws.com:/shared/softeon | /data/shared/softeon | nfs4

==============================================================================
CUPS CHECK
==============================================================================
CUPS Installed | Yes
CUPS Running | Yes
CUPS Version | 1.7.5
CUPS IP URL (http://172.18.10.4:631) | 200
Cups server Http Status | 200
Cups printers Http Status | 200
Printers Configured | 318

==============================================================================
FTP CHECK
==============================================================================
FTP Installed | No
FTP Running (Port 21 localhost) | No
FTP Port 21 Reachable on 172.18.10.4 | No
FTP Processes | None

==============================================================================
JAVA CHECK
==============================================================================
Total Java Processes | 4
Batch/Daemon Java Processes | 0
Non-Standalone Java Processes | Not Found

==============================================================================
BATCH/DAEMON JAVA DETAILS
==============================================================================
Batch/Daemon Java Processes | 0
Batch/Daemon Java Details | None

==============================================================================
JBOSS/WILDFLY APPS (simple table)
==============================================================================
JBoss App Processes | 4
PID | AppName | JbossVersion | Java-Name | Port | URL | Status | Code | SSL-Status | App-Path
3422 | nfiportalprod | jboss62eap | nfiportal_jboss | 8082 | 172.18.10.4:8082 | UP | 200 | Disabled | /data/app/jboss62eap/softeon/nfiportalprod/standalone
3417 | nfiprod | jboss62eap | nfiprod_jboss | 8080 | 172.18.10.4:8080 | UP | 200 | Disabled | /data/app/jboss62eap/softeon/nfiprod/standalone
3411 | nfirfprod | jboss62eap | nfirfprod_jboss | 8081 | 172.18.10.4:8081 | UP | 200 | Disabled | /data/app/jboss62eap/softeon/nfirfprod/standalone
3444 | nfiwsprod | jboss62eap | nfiwsprod_jboss | 8084 | 172.18.10.4:8084 | UP | 200 | Disabled | /data/app/jboss62eap/softeon/nfiwsprod/standalone

==============================================================================
HEALTH MONITOR CRONTAB STATUS
==============================================================================
Health Monitor Crontab | Disabled

==============================================================================
Server Availability Check Completed | 2026-08-09 08:43:28.938395
==============================================================================

2026-08-09 04:43:57,020 - 1884441 - INFO - [Retry-2] After log saved: /data/patching_report/validation-2026-08-09/nfi-prod-app/172.18.10.4/172.18.10.4-AfterPatching-Retry2-2026-08-09-04-43-57-020.log
2026-08-09 04:43:57,079 - 1884441 - INFO - i-0ac439d17ef1fb5fc: Cron was not active - skipping enable
2026-08-09 04:43:57,157 - 1884441 - INFO - Email sent successfully to ['kishlayk@softeon.com', 'CloudOps@softeon.com']
2026-08-09 04:43:57,157 - 1884441 - INFO - [Retry] GREEN mail sent for i-0ac439d17ef1fb5fc
