2026-05-16 03:35:02,319 - 924333 - INFO - Logger setup has been removed, using shared logger from common.logs.logger.
2026-05-16 03:35:02,319 - 924333 - INFO - Script Start Time: 2026-05-16 03:35:02
2026-05-16 03:35:02,552 - 924333 - INFO - Instance(s) selected for Patching: {'i-0a7f1fd2e1142e3b7': '10.64.13.50'}
2026-05-16 03:35:02,627 - 924333 - INFO - Email sent successfully to ['CloudOps@softeon.com']
2026-05-16 03:35:02,627 - 924333 - INFO - Now patching instances at: 2026-05-16 03:35:02
2026-05-16 03:35:02,714 - 924333 - INFO - Sending patch command to instance i-0a7f1fd2e1142e3b7
2026-05-16 03:35:02,913 - 924333 - INFO - Command sent successfully to instance i-0a7f1fd2e1142e3b7. Command ID: 56ad6bb6-fd98-44ac-87b3-53def6973b29
2026-05-16 03:42:04,762 - 924333 - INFO - All patches applied successfully.
2026-05-16 03:42:04,763 - 924333 - INFO - Patching end time: 2026-05-16 03:42:04
2026-05-16 03:42:04,763 - 924333 - INFO - Patch Elapsed time: 0:07:02.136128
2026-05-16 03:42:04,837 - 924333 - INFO - Email sent successfully to ['CloudOps@softeon.com']
2026-05-16 03:42:04,837 - 924333 - INFO - Confirmed - services are stopped
2026-05-16 03:42:12,623 - 924333 - INFO - Discovered TG map: {}
2026-05-16 03:42:13,111 - 924333 - INFO - Sent app_validation.py to i-0a7f1fd2e1142e3b7 (command_id: 0b70754b-0952-4cdf-99da-367c347dcff6)
2026-05-16 03:42:43,231 - 924333 - INFO - app_validation.py output for i-0a7f1fd2e1142e3b7:

==============================================================================
Server Availability Check Started | 2026-05-16 07:42:13.363841
==============================================================================

==============================================================================
SYSTEM INFORMATION
==============================================================================
Server IP | 10.64.13.50
Hostname | ip-10-64-13-50.us-east-2.compute.internal
Current User | root
Working Directory | /usr/bin
Time Zone | UTC

==============================================================================
STORAGE CHECK | /data mounts
==============================================================================
Filesystem | Size | Used | Avail | Use% | Mounted on
/dev/mapper/vg01-lv02 | 239.9G | 79.7G | 160.2G | 33% | /data
fs-c14c83ba.efs.us-east-2.amazonaws.com:/ | 0B | 10.6T | 0B | 0% | /data2

==============================================================================
SYMLINK CHECK | root (/)
==============================================================================
Symlinks Total | 4
Symlinks Valid | 4
Symlinks Invalid | 0
Symlink | ResolvedTarget
/bin | /usr/bin
/lib | /usr/lib
/lib64 | /usr/lib64
/sbin | /usr/sbin

==============================================================================
NFS CHECK
==============================================================================
NFS Package Installed | Yes
nfs-server.service Active | No
nfs-client.target Active | Yes
/etc/exports Present | Yes
EXPORTS_LINE | (empty)
NFS_MOUNT | Device | MountPoint | FSType
NFS_MOUNT | fs-c14c83ba.efs.us-east-2.amazonaws.com:/ | /data2 | nfs4

==============================================================================
CUPS CHECK
==============================================================================
CUPS Installed | Yes
CUPS Running | Yes
CUPS Version | 1.7.5
CUPS IP URL (http://10.64.13.50:631) | 200
Cups server Http Status | 200
Cups printers Http Status | 200
Printers Configured | 54

==============================================================================
FTP CHECK
==============================================================================
FTP Installed | No
FTP Running (Port 21 localhost) | No
FTP Port 21 Reachable on 10.64.13.50 | No
FTP Processes | None

==============================================================================
JAVA CHECK
==============================================================================
Total Java Processes | 18
Batch/Daemon Java Processes | 18
Non-Standalone Java Processes | dibmdn_abchdis, dibmdn_dwa, dibmdn_event, dibmdn_ftp, dibmdn_harp, dibmdn_lbl, dibmdn_repl, dibmdn_rccl, dibmdn_rpt, dibmdn_1rpt, dibmdn_jqgrid, dibmdn_sch, dibmdn_inbq, dibmdn_wld, dibmdn_ccd, dibmdn_zplp, dibmdn_vmmdn, dibmdn_2vmmdn

==============================================================================
BATCH/DAEMON JAVA DETAILS
==============================================================================
Batch/Daemon Java Processes | 18
Java-Name | Java-Path
dibmdn_abchdis | /data/batchapp/softeon/dibwmsmdnprod/autobatchdistributiondaemon
dibmdn_dwa | /data/batchapp/softeon/dibwmsmdnprod/downloaddaemon
dibmdn_event | /data/batchapp/softeon/dibwmsmdnprod/eventdaemon
dibmdn_ftp | /data/batchapp/softeon/dibwmsmdnprod/ftpdaemon
dibmdn_harp | /data/batchapp/softeon/dibwmsmdnprod/hardallocationdaemon
dibmdn_lbl | /data/batchapp/softeon/dibwmsmdnprod/labeldaemon
dibmdn_repl | /data/batchapp/softeon/dibwmsmdnprod/replenishmentdaemon
dibmdn_rccl | /data/batchapp/softeon/dibwmsmdnprod/replenishmentpickloccanceldaemon
dibmdn_rpt | /data/batchapp/softeon/dibwmsmdnprod/reportdaemon
dibmdn_1rpt | /data/batchapp/softeon/dibwmsmdnprod/reportdaemon1
dibmdn_jqgrid | /data/batchapp/softeon/dibwmsmdnprod/reportjqgridexportdaemon
dibmdn_sch | /data/batchapp/softeon/dibwmsmdnprod/schedulerdaemon
dibmdn_inbq | /data/batchapp/softeon/dibwmsmdnprod/uploaddaemon
dibmdn_wld | /data/batchapp/softeon/dibwmsmdnprod/wavelaunchdaemon
dibmdn_ccd | /data/batchapp/softeon/dibwmsmdnprod/clustercreationdaemon
dibmdn_zplp | /data/batchapp/softeon/dibwmsmdnprod/zebraprintdaemon
dibmdn_vmmdn | /data/batchapp/softeon/dibwmsmdnprod/voicemobilemdndaemon
dibmdn_2vmmdn | /data/batchapp/softeon/dibwmsmdnprod/voicemobilemdn2daemon

==============================================================================
JBOSS/WILDFLY APPS (simple table)
==============================================================================
JBoss App Processes | 0
JBoss Apps | None

==============================================================================
Server Availability Check Completed | 2026-05-16 07:42:13.920482
==============================================================================

2026-05-16 03:42:43,231 - 924333 - ERROR - app_validation.py errors for i-0a7f1fd2e1142e3b7:

2026-05-16 03:42:43,232 - 924333 - INFO - Before patching validation saved to: /data/patching_report/validation-2026-05-16/DIB-MDN-Production-Batch/10.64.13.50/10.64.13.50-BeforePatching-2026-05-16-03-42-43-232.log
2026-05-16 03:42:43,233 - 924333 - INFO - Stopping EC2 instance: i-0a7f1fd2e1142e3b7 at 2026-05-16 03:42:43
2026-05-16 03:43:44,299 - 924333 - INFO - Instance i-0a7f1fd2e1142e3b7 stopped successfully.
2026-05-16 03:43:44,437 - 924333 - INFO - Stopped i-0a7f1fd2e1142e3b7 in 0:01:01.204299
2026-05-16 03:43:44,437 - 924333 - INFO - Starting EC2 instance: i-0a7f1fd2e1142e3b7
2026-05-16 03:44:00,377 - 924333 - INFO - Instance i-0a7f1fd2e1142e3b7 started successfully.
2026-05-16 03:44:00,377 - 924333 - INFO - Waiting 100 seconds for SSM agent to be ready on i-0a7f1fd2e1142e3b7...
2026-05-16 03:45:40,650 - 924333 - INFO - Sent app_validation.py to i-0a7f1fd2e1142e3b7 (command_id: 96371df9-2ba1-4cd6-a7af-39f1435a2cde)
2026-05-16 03:46:10,766 - 924333 - INFO - app_validation.py output for i-0a7f1fd2e1142e3b7:

==============================================================================
Server Availability Check Started | 2026-05-16 07:45:40.995619
==============================================================================

==============================================================================
SYSTEM INFORMATION
==============================================================================
Server IP | 10.64.13.50
Hostname | ip-10-64-13-50.us-east-2.compute.internal
Current User | root
Working Directory | /usr/bin
Time Zone | UTC

==============================================================================
STORAGE CHECK | /data mounts
==============================================================================
Filesystem | Size | Used | Avail | Use% | Mounted on
/dev/mapper/vg01-lv02 | 239.9G | 79.9G | 160.0G | 33% | /data
fs-c14c83ba.efs.us-east-2.amazonaws.com:/ | 0B | 10.6T | 0B | 0% | /data2

==============================================================================
SYMLINK CHECK | root (/)
==============================================================================
Symlinks Total | 4
Symlinks Valid | 4
Symlinks Invalid | 0
Symlink | ResolvedTarget
/bin | /usr/bin
/lib | /usr/lib
/lib64 | /usr/lib64
/sbin | /usr/sbin

==============================================================================
NFS CHECK
==============================================================================
NFS Package Installed | Yes
nfs-server.service Active | No
nfs-client.target Active | Yes
/etc/exports Present | Yes
EXPORTS_LINE | (empty)
NFS_MOUNT | Device | MountPoint | FSType
NFS_MOUNT | fs-c14c83ba.efs.us-east-2.amazonaws.com:/ | /data2 | nfs4

==============================================================================
CUPS CHECK
==============================================================================
CUPS Installed | Yes
CUPS Running | Yes
CUPS Version | 1.7.5
CUPS IP URL (http://10.64.13.50:631) | 200
Cups server Http Status | 200
Cups printers Http Status | 200
Printers Configured | 54

==============================================================================
FTP CHECK
==============================================================================
FTP Installed | No
FTP Running (Port 21 localhost) | No
FTP Port 21 Reachable on 10.64.13.50 | No
FTP Processes | None

==============================================================================
JAVA CHECK
==============================================================================
Total Java Processes | 14
Batch/Daemon Java Processes | 13
Non-Standalone Java Processes | dibmdn_lbl, dibmdn_repl, dibmdn_rccl, dibmdn_rpt, dibmdn_1rpt, dibmdn_jqgrid, dibmdn_sch, dibmdn_inbq, dibmdn_vmmdn, dibmdn_2vmmdn, dibmdn_wld, dibmdn_ccd, dibmdn_zplp

==============================================================================
BATCH/DAEMON JAVA DETAILS
==============================================================================
Batch/Daemon Java Processes | 13
Java-Name | Java-Path
dibmdn_lbl | /data/batchapp/softeon/dibwmsmdnprod/labeldaemon
dibmdn_repl | /data/batchapp/softeon/dibwmsmdnprod/replenishmentdaemon
dibmdn_rccl | /data/batchapp/softeon/dibwmsmdnprod/replenishmentpickloccanceldaemon
dibmdn_rpt | /data/batchapp/softeon/dibwmsmdnprod/reportdaemon
dibmdn_1rpt | /data/batchapp/softeon/dibwmsmdnprod/reportdaemon1
dibmdn_jqgrid | /data/batchapp/softeon/dibwmsmdnprod/reportjqgridexportdaemon
dibmdn_sch | /data/batchapp/softeon/dibwmsmdnprod/schedulerdaemon
dibmdn_inbq | /data/batchapp/softeon/dibwmsmdnprod/uploaddaemon
dibmdn_vmmdn | /data/batchapp/softeon/dibwmsmdnprod/voicemobilemdndaemon
dibmdn_2vmmdn | /data/batchapp/softeon/dibwmsmdnprod/voicemobilemdn2daemon
dibmdn_wld | /data/batchapp/softeon/dibwmsmdnprod/wavelaunchdaemon
dibmdn_ccd | /data/batchapp/softeon/dibwmsmdnprod/clustercreationdaemon
dibmdn_zplp | /data/batchapp/softeon/dibwmsmdnprod/zebraprintdaemon

==============================================================================
JBOSS/WILDFLY APPS (simple table)
==============================================================================
JBoss App Processes | 0
JBoss Apps | None

==============================================================================
Server Availability Check Completed | 2026-05-16 07:45:41.536617
==============================================================================

2026-05-16 03:46:10,766 - 924333 - ERROR - app_validation.py errors for i-0a7f1fd2e1142e3b7:

2026-05-16 03:46:10,768 - 924333 - INFO - After patching validation saved to: /data/patching_report/validation-2026-05-16/DIB-MDN-Production-Batch/10.64.13.50/10.64.13.50-AfterPatching-2026-05-16-03-46-10-767.log
2026-05-16 03:46:10,821 - 924333 - INFO - Validation comparison report generated: /data/patching_report/validation-2026-05-16/DIB-MDN-Production-Batch/10.64.13.50/10.64.13.50-Validation-details-2026-05-16-03-46-10-767.html
2026-05-16 03:46:11,079 - 924333 - INFO - Email sent successfully to ['CloudOps@softeon.com', 'kishlayk@softeon.com']
2026-05-16 03:46:11,079 - 924333 - INFO - HTML validation report email sent for i-0a7f1fd2e1142e3b7
2026-05-16 03:46:11,331 - 924333 - INFO - Started i-0a7f1fd2e1142e3b7 in 0:02:26.893638
2026-05-16 03:46:11,332 - 924333 - INFO - All instances processed.
2026-05-16 03:46:11,334 - 924333 - INFO - Restart Total time: 0:04:06.360299
2026-05-16 03:46:11,335 - 924333 - INFO - Auto-confirmed services are restarted
2026-05-16 03:46:11,335 - 924333 - INFO - Confirmed - services are started
2026-05-16 03:46:11,442 - 924333 - INFO - The following instances have failed the patch: []
2026-05-16 03:46:11,443 - 924333 - INFO - No instances have failed the patch.
2026-05-16 03:46:11,443 - 924333 - INFO - Total Patch Process time: 0:11:09.122965
2026-05-16 03:47:11,821 - 924333 - INFO - Log file ./logs/patching_2026-05-16_DIB-MDN-Production-Batch.log uploaded to s3://q2-2026-aws-security-patching/DIB-MDN-Production-Batch_Patch/2026-05-16/patching_2026-05-16_DIB-MDN-Production-Batch.log
