2026-04-06 01:00:02,994 - 167428 - INFO - Logger setup has been removed, using shared logger from common.logs.logger.
2026-04-06 01:00:02,995 - 167428 - INFO - Script Start Time: 2026-04-06 01:00:02
2026-04-06 01:00:03,881 - 167428 - INFO - Instance(s) selected for Patching: {'i-045587ea8e67eeeac': '172.31.26.80'}
2026-04-06 01:00:04,029 - 167428 - INFO - Email sent successfully to ['a80af5b5.softeon.com@in.teams.ms', 'CloudOps@softeon.com']
2026-04-06 01:00:04,029 - 167428 - INFO - Now patching instances at: 2026-04-06 01:00:04
2026-04-06 01:00:04,294 - 167428 - INFO - Sending patch command to instance i-045587ea8e67eeeac
2026-04-06 01:00:04,458 - 167428 - INFO - Command sent successfully to instance i-045587ea8e67eeeac. Command ID: d5e36404-afbf-4e7c-9347-8167077d1bbd
2026-04-06 01:06:36,612 - 167428 - INFO - All patches applied successfully.
2026-04-06 01:06:36,613 - 167428 - INFO - Patching end time: 2026-04-06 01:06:36
2026-04-06 01:06:36,613 - 167428 - INFO - Patch Elapsed time: 0:06:32.583412
2026-04-06 01:06:36,693 - 167428 - INFO - Email sent successfully to ['a80af5b5.softeon.com@in.teams.ms', 'CloudOps@softeon.com']
2026-04-06 01:06:36,693 - 167428 - INFO - Confirmed - services are stopped
2026-04-06 01:06:57,820 - 167428 - INFO - Discovered TG map: {'i-045587ea8e67eeeac': ['arn:aws:elasticloadbalancing:us-east-1:835314132208:targetgroup/Kendra-Scott-External/0363d1c8d2f1c4a4', 'arn:aws:elasticloadbalancing:us-east-1:835314132208:targetgroup/Kendra-Scott-Sandbox/0f647acc9a353ee7', 'arn:aws:elasticloadbalancing:us-east-1:835314132208:targetgroup/Kendra-Scott-Sandbox-Ext/d063e3e02027f5d4', 'arn:aws:elasticloadbalancing:us-east-1:835314132208:targetgroup/Kendra-Scott-UAT-Desktop/e9221f4cf98042f5']}
2026-04-06 01:06:58,230 - 167428 - INFO - Sent app_validation.py to i-045587ea8e67eeeac (command_id: 95bec7c0-4d64-41e0-90de-ec1cd11674a3)
2026-04-06 01:07:28,378 - 167428 - INFO - app_validation.py output for i-045587ea8e67eeeac:

==============================================================================
Server Availability Check Started | 2026-04-06 00:06:58.729083
==============================================================================

==============================================================================
SYSTEM INFORMATION
==============================================================================
Server IP | 172.31.26.80
Hostname | ip-172-31-26-80
Current User | root
Working Directory | /usr/bin
Time Zone | CDT

==============================================================================
STORAGE CHECK | /data mounts
==============================================================================
Filesystem | Size | Used | Avail | Use% | Mounted on
/dev/nvme1n1p2 | 279.9G | 176.3G | 103.6G | 62% | /data

==============================================================================
SYMLINK CHECK | root (/)
==============================================================================
Symlinks Total | 6
Symlinks Valid | 6
Symlinks Invalid | 0
Symlink | ResolvedTarget
/bin | /usr/bin
/data2 | /data/data2
/data3 | /data/data3
/lib | /usr/lib
/lib64 | /usr/lib64
/sbin | /usr/sbin

==============================================================================
NFS CHECK
==============================================================================
NFS Package Installed | Yes
nfs-server.service Active | No
nfs-client.target Active | Yes
/etc/exports Present | Yes
EXPORTS_LINE | (empty)
NFS Mounted Shares | None

==============================================================================
CUPS CHECK
==============================================================================
CUPS Installed | Yes
CUPS Running | Yes
CUPS Version | 1.7.5
CUPS IP URL (http://172.31.26.80:631) | 200
Cups server Http Status | 200
Cups printers Http Status | 500
Printers Configured | 53

==============================================================================
FTP CHECK
==============================================================================
FTP Installed | No
FTP Running (Port 21 localhost) | No
FTP Port 21 Reachable on 172.31.26.80 | No
FTP Processes | None

==============================================================================
JAVA CHECK
==============================================================================
Total Java Processes | 49
Batch/Daemon Java Processes | 46
Non-Standalone Java Processes | ksuat_downloaddaemon, ksuat_eventdaemon, ksuat_integritydaemon, ksuat_labeldaemon, ksuat_reportdaemon, ksuat_reportjqgriddaemon, ksuat_schedulerdaemon, ksuat_uploaddaemon, ksuat_wavelaunchdaemon, ksdev_downloaddaemon, ksdev_eventdaemon, ksdev_integritydaemon, ksdev_labeldaemon, ksdev_replenishmentdaemon, ksdev_reportdaemon, ksdev_reportjqgriddaemon, ksdev_schedulerdaemon, ksdev_uploaddaemon, ksdev_wavelaunchdaemon, ksdev_replpickloccanceldaemon, ksdev_ftpdaemon, ksdev_ptcdaemon, ksdev_printpackputlpcndaemon, ksdev_1_reportdaemon, ksdev_autobatchdistributiondaemon, ksdev_wldecom, ksuatnew_downloaddaemon, ksuatnew_eventdaemon, ksuatnew_integritydaemon, ksuatnew_labeldaemon, ksuatnew_replenishmentdaemon, ksuatnew_reportdaemon, ksuatnew_reportjqgriddaemon, ks_newsch, ksuatnew_uploaddaemon, ksuatnew_wavelaunchdaemon, ksuatnew_replpickloccanceldaemon, ksuatnew_ftpdaemon, ksuatnew_ptcdaemon, ksuatnew_printpackputlpcndaemon, ksuatnew_1_reportdaemon, ksuatnew_autobatchdistributiondaemon, ksuatnew_wldecom, ksuatnew_1ftp, ksuatnew_1dwa, ksuatnew_picktooldaemon

==============================================================================
BATCH/DAEMON JAVA DETAILS
==============================================================================
Batch/Daemon Java Processes | 46
Java-Name | Java-Path
ksuat_downloaddaemon | /data/app/java/jdk1.7.0_80/bin/ksuat_downloaddaemon
ksuat_eventdaemon | /data/app/java/jdk1.7.0_80/bin/ksuat_eventdaemon
ksuat_integritydaemon | /data/app/java/jdk1.7.0_80/bin/ksuat_integritydaemon
ksuat_labeldaemon | /data/app/java/jdk1.7.0_80/bin/ksuat_labeldaemon
ksuat_reportdaemon | /data/app/java/jdk1.7.0_80/bin/ksuat_reportdaemon
ksuat_reportjqgriddaemon | /data/app/java/jdk1.7.0_80/bin/ksuat_reportjqgriddaemon
ksuat_schedulerdaemon | /data/app/java/jdk1.7.0_80/bin/ksuat_schedulerdaemon
ksuat_uploaddaemon | /data/app/java/jdk1.7.0_80/bin/ksuat_uploaddaemon
ksuat_wavelaunchdaemon | /data/app/java/jdk1.7.0_80/bin/ksuat_wavelaunchdaemon
ksdev_downloaddaemon | /data/app/java/jdk1.7.0_80/bin/ksdev_downloaddaemon
ksdev_eventdaemon | /data/app/java/jdk1.7.0_80/bin/ksdev_eventdaemon
ksdev_integritydaemon | /data/app/java/jdk1.7.0_80/bin/ksdev_integritydaemon
ksdev_labeldaemon | /data/app/java/jdk1.7.0_80/bin/ksdev_labeldaemon
ksdev_replenishmentdaemon | /data/app/java/jdk1.7.0_80/bin/ksdev_replenishmentdaemon
ksdev_reportdaemon | /data/app/java/jdk1.7.0_80/bin/ksdev_reportdaemon
ksdev_reportjqgriddaemon | /data/app/java/jdk1.7.0_80/bin/ksdev_reportjqgriddaemon
ksdev_schedulerdaemon | /data/app/java/jdk1.7.0_80/bin/ksdev_schedulerdaemon
ksdev_uploaddaemon | /data/app/java/jdk1.7.0_80/bin/ksdev_uploaddaemon
ksdev_wavelaunchdaemon | /data/app/java/jdk1.7.0_80/bin/ksdev_wavelaunchdaemon
ksdev_replpickloccanceldaemon | /data/app/java/jdk1.7.0_80/bin/ksdev_replpickloccanceldaemon
ksdev_ftpdaemon | /data/app/java/jdk1.7.0_80/bin/ksdev_ftpdaemon
ksdev_ptcdaemon | /data/app/java/jdk1.7.0_80/bin/ksdev_ptcdaemon
ksdev_printpackputlpcndaemon | /data/app/java/jdk1.7.0_80/bin/ksdev_printpackputlpcndaemon
ksdev_1_reportdaemon | /data/app/java/jdk1.7.0_80/bin/ksdev_1_reportdaemon
ksdev_autobatchdistributiondaemon | /data/app/java/jdk1.7.0_80/bin/ksdev_autobatchdistributiondaemon
ksdev_wldecom | /data/app/java/jdk1.7.0_80/bin/ksdev_wldecom
ksuatnew_downloaddaemon | /data/app/java/jdk1.7.0_80/bin/ksuatnew_downloaddaemon
ksuatnew_eventdaemon | /data/app/java/jdk1.7.0_80/bin/ksuatnew_eventdaemon
ksuatnew_integritydaemon | /data/app/java/jdk1.7.0_80/bin/ksuatnew_integritydaemon
ksuatnew_labeldaemon | /data/app/java/jdk1.7.0_80/bin/ksuatnew_labeldaemon
ksuatnew_replenishmentdaemon | /data/app/java/jdk1.7.0_80/bin/ksuatnew_replenishmentdaemon
ksuatnew_reportdaemon | /data/app/java/jdk1.7.0_80/bin/ksuatnew_reportdaemon
ksuatnew_reportjqgriddaemon | /data/app/java/jdk1.7.0_80/bin/ksuatnew_reportjqgriddaemon
ks_newsch | /data/app/java/jdk1.7.0_80/bin/ks_newsch
ksuatnew_uploaddaemon | /data/app/java/jdk1.7.0_80/bin/ksuatnew_uploaddaemon
ksuatnew_wavelaunchdaemon | /data/app/java/jdk1.7.0_80/bin/ksuatnew_wavelaunchdaemon
ksuatnew_replpickloccanceldaemon | /data/app/java/jdk1.7.0_80/bin/ksuatnew_replpickloccanceldaemon
ksuatnew_ftpdaemon | /data/app/java/jdk1.7.0_80/bin/ksuatnew_ftpdaemon
ksuatnew_ptcdaemon | /data/app/java/jdk1.7.0_80/bin/ksuatnew_ptcdaemon
ksuatnew_printpackputlpcndaemon | /data/app/java/jdk1.7.0_80/bin/ksuatnew_printpackputlpcndaemon
ksuatnew_1_reportdaemon | /data/app/java/jdk1.7.0_80/bin/ksuatnew_1_reportdaemon
ksuatnew_autobatchdistributiondaemon | /data/app/java/jdk1.7.0_80/bin/ksuatnew_autobatchdistributiondaemon
ksuatnew_wldecom | /data/app/java/jdk1.7.0_80/bin/ksuatnew_wldecom
ksuatnew_1ftp | /data/batchapp/softeonuatnew/ftpdaemon1
ksuatnew_1dwa | /data/batchapp/softeonuatnew/downloaddaemon1
ksuatnew_picktooldaemon | /data/app/java/jdk1.7.0_80/bin/ksuatnew_picktooldaemon

==============================================================================
JBOSS/WILDFLY APPS (simple table)
==============================================================================
JBoss App Processes | 3
PID | AppName | JbossVersion | Java-Name | Port | URL | Status | Code | SSL-Status | App-Path
1561813 | ksdev | app | ksdev_jboss62 | 8081 | 172.31.26.80:8081 | UP | 200 | Disabled | /data/app/jboss62eap/ksdev/standalone
1494294 | softeonrfuatnew | app | ksrfuatnew_jboss | 8080 | 172.31.26.80:8080 | UP | 200 | Disabled | /data/app/jboss62eap/softeonrfuatnew/standalone
1569597 | softeonuatnew | app | ksuatnew_jboss | 80 | 172.31.26.80:80 | UP | 200 | Disabled | /data/app/jboss62eap/softeonuatnew/standalone

==============================================================================
Server Availability Check Completed | 2026-04-06 00:07:00.048056
==============================================================================

2026-04-06 01:07:28,378 - 167428 - ERROR - app_validation.py errors for i-045587ea8e67eeeac:

2026-04-06 01:07:28,380 - 167428 - INFO - Before patching validation saved to: output/validation-2026-04-06/172.31.26.80-BeforePatching-2026-04-06-01-07-28-379.log
2026-04-06 01:07:28,380 - 167428 - INFO - Deregistering i-045587ea8e67eeeac from TG arn:aws:elasticloadbalancing:us-east-1:835314132208:targetgroup/Kendra-Scott-External/0363d1c8d2f1c4a4
2026-04-06 01:07:28,460 - 167428 - INFO - Deregistering i-045587ea8e67eeeac from TG arn:aws:elasticloadbalancing:us-east-1:835314132208:targetgroup/Kendra-Scott-Sandbox/0f647acc9a353ee7
2026-04-06 01:07:28,526 - 167428 - INFO - Deregistering i-045587ea8e67eeeac from TG arn:aws:elasticloadbalancing:us-east-1:835314132208:targetgroup/Kendra-Scott-Sandbox-Ext/d063e3e02027f5d4
2026-04-06 01:07:28,577 - 167428 - INFO - Deregistering i-045587ea8e67eeeac from TG arn:aws:elasticloadbalancing:us-east-1:835314132208:targetgroup/Kendra-Scott-UAT-Desktop/e9221f4cf98042f5
2026-04-06 01:07:28,623 - 167428 - INFO - Stopping EC2 instance: i-045587ea8e67eeeac at 2026-04-06 01:07:28
2026-04-06 01:09:30,277 - 167428 - INFO - Instance i-045587ea8e67eeeac stopped successfully.
2026-04-06 01:09:30,402 - 167428 - INFO - Stopped i-045587ea8e67eeeac in 0:02:01.779207
2026-04-06 01:09:30,402 - 167428 - INFO - Starting EC2 instance: i-045587ea8e67eeeac
2026-04-06 01:09:46,360 - 167428 - INFO - Instance i-045587ea8e67eeeac started successfully.
2026-04-06 01:09:46,360 - 167428 - INFO - Waiting 100 seconds for SSM agent to be ready on i-045587ea8e67eeeac...
2026-04-06 01:11:26,386 - 167428 - INFO - Registering i-045587ea8e67eeeac to TG arn:aws:elasticloadbalancing:us-east-1:835314132208:targetgroup/Kendra-Scott-External/0363d1c8d2f1c4a4
2026-04-06 01:11:26,594 - 167428 - INFO - Registering i-045587ea8e67eeeac to TG arn:aws:elasticloadbalancing:us-east-1:835314132208:targetgroup/Kendra-Scott-Sandbox/0f647acc9a353ee7
2026-04-06 01:11:26,730 - 167428 - INFO - Registering i-045587ea8e67eeeac to TG arn:aws:elasticloadbalancing:us-east-1:835314132208:targetgroup/Kendra-Scott-Sandbox-Ext/d063e3e02027f5d4
2026-04-06 01:11:26,863 - 167428 - INFO - Registering i-045587ea8e67eeeac to TG arn:aws:elasticloadbalancing:us-east-1:835314132208:targetgroup/Kendra-Scott-UAT-Desktop/e9221f4cf98042f5
2026-04-06 01:14:57,872 - 167428 - INFO - Sent app_validation.py to i-045587ea8e67eeeac (command_id: 1c940e91-0473-4a46-9a75-e2ca4d46fd9a)
2026-04-06 01:15:27,991 - 167428 - INFO - app_validation.py output for i-045587ea8e67eeeac:

==============================================================================
Server Availability Check Started | 2026-04-06 00:14:58.476357
==============================================================================

==============================================================================
SYSTEM INFORMATION
==============================================================================
Server IP | 172.31.26.80
Hostname | ip-172-31-26-80
Current User | root
Working Directory | /usr/bin
Time Zone | CDT

==============================================================================
STORAGE CHECK | /data mounts
==============================================================================
Filesystem | Size | Used | Avail | Use% | Mounted on
/dev/nvme1n1p2 | 279.9G | 176.3G | 103.6G | 62% | /data

==============================================================================
SYMLINK CHECK | root (/)
==============================================================================
Symlinks Total | 6
Symlinks Valid | 6
Symlinks Invalid | 0
Symlink | ResolvedTarget
/bin | /usr/bin
/data2 | /data/data2
/data3 | /data/data3
/lib | /usr/lib
/lib64 | /usr/lib64
/sbin | /usr/sbin

==============================================================================
NFS CHECK
==============================================================================
NFS Package Installed | Yes
nfs-server.service Active | No
nfs-client.target Active | Yes
/etc/exports Present | Yes
EXPORTS_LINE | (empty)
NFS Mounted Shares | None

==============================================================================
CUPS CHECK
==============================================================================
CUPS Installed | Yes
CUPS Running | No
CUPS Version | 1.7.5
CUPS IP Port 631 Reachable | No
Cups server Http Status | Not Found
Cups printers Http Status | Not Found
Printers Configured | 0

==============================================================================
FTP CHECK
==============================================================================
FTP Installed | No
FTP Running (Port 21 localhost) | No
FTP Port 21 Reachable on 172.31.26.80 | No
FTP Processes | None

==============================================================================
JAVA CHECK
==============================================================================
Total Java Processes | 50
Batch/Daemon Java Processes | 47
Non-Standalone Java Processes | ksuat_downloaddaemon, ksuatnew_downloaddaemon, ksdev_downloaddaemon, ksdev_eventdaemon, ksuat_eventdaemon, ksuatnew_eventdaemon, ksdev_integritydaemon, ksuat_integritydaemon, ksuatnew_integritydaemon, ksuat_labeldaemon, ksdev_labeldaemon, ksuatnew_labeldaemon, ksdev_replenishmentdaemon, ksuat_reportdaemon, ksuatnew_replenishmentdaemon, ksuat_reportjqgriddaemon, ksuat_schedulerdaemon, ksdev_reportdaemon, ksuatnew_reportdaemon, ksuat_uploaddaemon, ksdev_reportjqgriddaemon, ksuat_wavelaunchdaemon, ksuatnew_reportjqgriddaemon, ksdev_schedulerdaemon, ks_newsch, ksdev_uploaddaemon, ksuatnew_uploaddaemon, ksuatnew_wavelaunchdaemon, ksdev_wavelaunchdaemon, ksuatnew_replpickloccanceldaemon, ksdev_replpickloccanceldaemon, ksuatnew_ftpdaemon, ksdev_ftpdaemon, ksuatnew_ptcdaemon, ksdev_ptcdaemon, ksuatnew_printpackputlpcndaemon, ksdev_printpackputlpcndaemon, ksuatnew_1_reportdaemon, ksdev_1_reportdaemon, ksuatnew_autobatchdistributiondaemon, ksdev_autobatchdistributiondaemon, ksuatnew_wldecom, ksdev_wldecom, ksuatnew_ptlpk, ksuatnew_1ftp, ksuatnew_1dwa, ksuatnew_picktooldaemon

==============================================================================
BATCH/DAEMON JAVA DETAILS
==============================================================================
Batch/Daemon Java Processes | 47
Java-Name | Java-Path
ksuat_downloaddaemon | /data/app/java/jdk1.7.0_80/bin/ksuat_downloaddaemon
ksuatnew_downloaddaemon | /data/app/java/jdk1.7.0_80/bin/ksuatnew_downloaddaemon
ksdev_downloaddaemon | /data/app/java/jdk1.7.0_80/bin/ksdev_downloaddaemon
ksdev_eventdaemon | /data/app/java/jdk1.7.0_80/bin/ksdev_eventdaemon
ksuat_eventdaemon | /data/app/java/jdk1.7.0_80/bin/ksuat_eventdaemon
ksuatnew_eventdaemon | /data/app/java/jdk1.7.0_80/bin/ksuatnew_eventdaemon
ksdev_integritydaemon | /data/app/java/jdk1.7.0_80/bin/ksdev_integritydaemon
ksuat_integritydaemon | /data/app/java/jdk1.7.0_80/bin/ksuat_integritydaemon
ksuatnew_integritydaemon | /data/app/java/jdk1.7.0_80/bin/ksuatnew_integritydaemon
ksuat_labeldaemon | /data/app/java/jdk1.7.0_80/bin/ksuat_labeldaemon
ksdev_labeldaemon | /data/app/java/jdk1.7.0_80/bin/ksdev_labeldaemon
ksuatnew_labeldaemon | /data/app/java/jdk1.7.0_80/bin/ksuatnew_labeldaemon
ksdev_replenishmentdaemon | /data/app/java/jdk1.7.0_80/bin/ksdev_replenishmentdaemon
ksuat_reportdaemon | /data/app/java/jdk1.7.0_80/bin/ksuat_reportdaemon
ksuatnew_replenishmentdaemon | /data/app/java/jdk1.7.0_80/bin/ksuatnew_replenishmentdaemon
ksuat_reportjqgriddaemon | /data/app/java/jdk1.7.0_80/bin/ksuat_reportjqgriddaemon
ksuat_schedulerdaemon | /data/app/java/jdk1.7.0_80/bin/ksuat_schedulerdaemon
ksdev_reportdaemon | /data/app/java/jdk1.7.0_80/bin/ksdev_reportdaemon
ksuatnew_reportdaemon | /data/app/java/jdk1.7.0_80/bin/ksuatnew_reportdaemon
ksuat_uploaddaemon | /data/app/java/jdk1.7.0_80/bin/ksuat_uploaddaemon
ksdev_reportjqgriddaemon | /data/app/java/jdk1.7.0_80/bin/ksdev_reportjqgriddaemon
ksuat_wavelaunchdaemon | /data/app/java/jdk1.7.0_80/bin/ksuat_wavelaunchdaemon
ksuatnew_reportjqgriddaemon | /data/app/java/jdk1.7.0_80/bin/ksuatnew_reportjqgriddaemon
ksdev_schedulerdaemon | /data/app/java/jdk1.7.0_80/bin/ksdev_schedulerdaemon
ks_newsch | /data/app/java/jdk1.7.0_80/bin/ks_newsch
ksdev_uploaddaemon | /data/app/java/jdk1.7.0_80/bin/ksdev_uploaddaemon
ksuatnew_uploaddaemon | /data/app/java/jdk1.7.0_80/bin/ksuatnew_uploaddaemon
ksuatnew_wavelaunchdaemon | /data/app/java/jdk1.7.0_80/bin/ksuatnew_wavelaunchdaemon
ksdev_wavelaunchdaemon | /data/app/java/jdk1.7.0_80/bin/ksdev_wavelaunchdaemon
ksuatnew_replpickloccanceldaemon | /data/app/java/jdk1.7.0_80/bin/ksuatnew_replpickloccanceldaemon
ksdev_replpickloccanceldaemon | /data/app/java/jdk1.7.0_80/bin/ksdev_replpickloccanceldaemon
ksuatnew_ftpdaemon | /data/app/java/jdk1.7.0_80/bin/ksuatnew_ftpdaemon
ksdev_ftpdaemon | /data/app/java/jdk1.7.0_80/bin/ksdev_ftpdaemon
ksuatnew_ptcdaemon | /data/app/java/jdk1.7.0_80/bin/ksuatnew_ptcdaemon
ksdev_ptcdaemon | /data/app/java/jdk1.7.0_80/bin/ksdev_ptcdaemon
ksuatnew_printpackputlpcndaemon | /data/app/java/jdk1.7.0_80/bin/ksuatnew_printpackputlpcndaemon
ksdev_printpackputlpcndaemon | /data/app/java/jdk1.7.0_80/bin/ksdev_printpackputlpcndaemon
ksuatnew_1_reportdaemon | /data/app/java/jdk1.7.0_80/bin/ksuatnew_1_reportdaemon
ksdev_1_reportdaemon | /data/app/java/jdk1.7.0_80/bin/ksdev_1_reportdaemon
ksuatnew_autobatchdistributiondaemon | /data/app/java/jdk1.7.0_80/bin/ksuatnew_autobatchdistributiondaemon
ksdev_autobatchdistributiondaemon | /data/app/java/jdk1.7.0_80/bin/ksdev_autobatchdistributiondaemon
ksuatnew_wldecom | /data/app/java/jdk1.7.0_80/bin/ksuatnew_wldecom
ksdev_wldecom | /data/app/java/jdk1.7.0_80/bin/ksdev_wldecom
ksuatnew_ptlpk | /data/app/java/jdk1.7.0_80/bin/ksuatnew_ptlpk
ksuatnew_1ftp | /data/batchapp/softeonuatnew/ftpdaemon1
ksuatnew_1dwa | /data/batchapp/softeonuatnew/downloaddaemon1
ksuatnew_picktooldaemon | /data/app/java/jdk1.7.0_80/bin/ksuatnew_picktooldaemon

==============================================================================
JBOSS/WILDFLY APPS (simple table)
==============================================================================
JBoss App Processes | 3
PID | AppName | JbossVersion | Java-Name | Port | URL | Status | Code | SSL-Status | App-Path
3807 | ksdev | app | ksdev_jboss62 | 8081 | 172.31.26.80:8081 | UP | 200 | Disabled | /data/app/jboss62eap/ksdev/standalone
3815 | softeonrfuatnew | app | ksrfuatnew_jboss | 8080 | 172.31.26.80:8080 | UP | 200 | Disabled | /data/app/jboss62eap/softeonrfuatnew/standalone
3888 | softeonuatnew | app | ksuatnew_jboss | 80 | 172.31.26.80:80 | UP | 200 | Disabled | /data/app/jboss62eap/softeonuatnew/standalone

==============================================================================
Server Availability Check Completed | 2026-04-06 00:15:06.420162
==============================================================================

2026-04-06 01:15:27,992 - 167428 - ERROR - app_validation.py errors for i-045587ea8e67eeeac:

2026-04-06 01:15:27,993 - 167428 - INFO - After patching validation saved to: output/validation-2026-04-06/172.31.26.80-AfterPatching-2026-04-06-01-15-27-993.log
2026-04-06 01:15:28,045 - 167428 - INFO - Validation comparison report generated: output/validation-2026-04-06/172.31.26.80-Validation-details-2026-04-06-01-15-27-993.html
2026-04-06 01:15:28,122 - 167428 - INFO - Email sent successfully to ['CloudOps@softeon.com', 'kishlayk@softeon.com']
2026-04-06 01:15:28,123 - 167428 - INFO - HTML validation report email sent for i-045587ea8e67eeeac
2026-04-06 01:15:28,260 - 167428 - INFO - Started i-045587ea8e67eeeac in 0:05:57.857695
2026-04-06 01:15:28,260 - 167428 - INFO - All instances processed.
2026-04-06 01:15:28,264 - 167428 - INFO - Restart Total time: 0:08:51.450791
2026-04-06 01:15:28,264 - 167428 - INFO - Auto-confirmed services are restarted
2026-04-06 01:15:28,264 - 167428 - INFO - Confirmed - services are started
2026-04-06 01:15:28,391 - 167428 - INFO - The following instances have failed the patch: []
2026-04-06 01:15:28,392 - 167428 - INFO - No instances have failed the patch.
2026-04-06 01:15:28,392 - 167428 - INFO - Total Patch Process time: 0:15:25.396622
2026-04-06 01:16:28,752 - 167428 - INFO - Log file ./logs/patching_2026-04-06_KendraScott-uat-q2-26.log uploaded to s3://q2-2026-aws-security-patching/KendraScott-uat-q2-26_Patch/2026-04-06/patching_2026-04-06_KendraScott-uat-q2-26.log
