2026-05-10 02:15:03,016 - 592174 - INFO - Email sent successfully to ['CloudOps@softeon.com']
2026-05-10 02:31:30,109 - 592174 - INFO - Email sent successfully to ['CloudOps@softeon.com']
2026-05-10 02:31:30,296 - 592174 - INFO - Log file ./logs/backup_2026-05-10.log uploaded to s3://q3-2025-aws-security-patching/Midea-Prod-Batch_Patch_Backup/2026-05-10/backup_2026-05-10.log
2026-05-10 06:15:02,476 - 601234 - INFO - Logger setup has been removed, using shared logger from common.logs.logger.
2026-05-10 06:15:02,476 - 601234 - INFO - Script Start Time: 2026-05-10 06:15:02
2026-05-10 06:15:02,745 - 601234 - INFO - Instance(s) selected for Patching: {'i-0b50a660b51f8aeb2': '172.29.84.60'}
2026-05-10 06:15:02,816 - 601234 - INFO - Email sent successfully to ['CloudOps@softeon.com']
2026-05-10 06:15:02,816 - 601234 - INFO - Now patching instances at: 2026-05-10 06:15:02
2026-05-10 06:15:02,904 - 601234 - INFO - Sending patch command to instance i-0b50a660b51f8aeb2
2026-05-10 06:15:03,049 - 601234 - INFO - Command sent successfully to instance i-0b50a660b51f8aeb2. Command ID: 25473503-363a-4b0b-ba8b-79de021661e5
2026-05-10 06:19:34,366 - 601234 - INFO - All patches applied successfully.
2026-05-10 06:19:34,367 - 601234 - INFO - Patching end time: 2026-05-10 06:19:34
2026-05-10 06:19:34,367 - 601234 - INFO - Patch Elapsed time: 0:04:31.551086
2026-05-10 06:19:34,438 - 601234 - INFO - Email sent successfully to ['CloudOps@softeon.com']
2026-05-10 06:19:34,438 - 601234 - INFO - Confirmed - services are stopped
2026-05-10 06:19:54,782 - 601234 - INFO - Discovered TG map: {}
2026-05-10 06:19:55,189 - 601234 - INFO - Sent app_validation.py to i-0b50a660b51f8aeb2 (command_id: 0af922b8-04ba-4166-a31a-b286f6ddffad)
2026-05-10 06:20:25,284 - 601234 - INFO - app_validation.py output for i-0b50a660b51f8aeb2:

==============================================================================
Server Availability Check Started | 2026-05-10 10:19:55.490021
==============================================================================

==============================================================================
SYSTEM INFORMATION
==============================================================================
Server IP | 172.29.84.60
Hostname | ip-172-29-84-60
Current User | root
Working Directory | /usr/bin
Time Zone | UTC

==============================================================================
STORAGE CHECK | /data mounts
==============================================================================
Filesystem | Size | Used | Avail | Use% | Mounted on
/dev/nvme1n1p2 | 289.9G | 72.9G | 217.0G | 25% | /data
fs-0614e26d028994661.efs.us-east-1.amazonaws.com:/ | 0B | 319.6G | 0B | 0% | /data2

==============================================================================
SYMLINK CHECK | root (/)
==============================================================================
Symlinks Total | 4
Symlinks Valid | 4
Symlinks Invalid | 0
Symlink | ResolvedTarget
/bin | /usr/bin
/lib | /usr/lib
/lib64 | /usr/lib64
/sbin | /usr/sbin

==============================================================================
NFS CHECK
==============================================================================
NFS Package Installed | Yes
nfs-server.service Active | No
nfs-client.target Active | Yes
/etc/exports Present | Yes
EXPORTS_LINE | (empty)
NFS_MOUNT | Device | MountPoint | FSType
NFS_MOUNT | fs-0614e26d028994661.efs.us-east-1.amazonaws.com:/ | /data2 | nfs4

==============================================================================
CUPS CHECK
==============================================================================
CUPS Installed | Yes
CUPS Running | Yes
CUPS Version | 1.7.5
CUPS IP URL (http://172.29.84.60:631) | 200
Cups server Http Status | 200
Cups printers Http Status | 200
Printers Configured | 46

==============================================================================
FTP CHECK
==============================================================================
FTP Installed | No
FTP Running (Port 21 localhost) | No
FTP Port 21 Reachable on 172.29.84.60 | No
FTP Processes | None

==============================================================================
JAVA CHECK
==============================================================================
Total Java Processes | 19
Batch/Daemon Java Processes | 17
Non-Standalone Java Processes | mideaprd_dwa, mideaprd_event, mideaprd_ftp, mideaprd_lbl, mideaprd_rpt, mideaprd_jqgrid, mideaprd_sch, mideaprd_inbq, mideaprd_ilwld, mideaprd_rpt1, mideaPd_gfagawl, mideapd_pamacwd, mideaprd_pftp, midea_macrpawld, mideaprd_scheas, mideaprd_schcen, midea_ga2gfawl

==============================================================================
BATCH/DAEMON JAVA DETAILS
==============================================================================
Batch/Daemon Java Processes | 17
Java-Name | Java-Path
mideaprd_dwa | /data/batchapp/softeon/mideaprod/downloaddaemon
mideaprd_event | /data/batchapp/softeon/mideaprod/eventdaemon
mideaprd_ftp | /data/batchapp/softeon/mideaprod/ftpdaemon
mideaprd_lbl | /data/batchapp/softeon/mideaprod/labeldaemon
mideaprd_rpt | /data/batchapp/softeon/mideaprod/reportdaemon
mideaprd_jqgrid | /data/batchapp/softeon/mideaprod/reportjqgridexportdaemon
mideaprd_sch | /data/batchapp/softeon/mideaprod/schedulardaemon
mideaprd_inbq | /data/batchapp/softeon/mideaprod/uploaddeamon
mideaprd_ilwld | /data/batchapp/softeon/mideaprod/Wavelaunchdaemon_IL
mideaprd_rpt1 | /data/batchapp/softeon/mideaprod/reportdaemon1
mideaPd_gfagawl | /data/batchapp/softeon/mideaprod/wavelaunchdaemon_GA_GFA
mideapd_pamacwd | /data/batchapp/softeon/mideaprod/wavelaunchdaemon_pa_mac
mideaprd_pftp | /data/batchapp/softeon/mideaprod/ftppollerdaemon
midea_macrpawld | /data/batchapp/softeon/mideaprod/wavelaunchdaemon_pa_macr
mideaprd_scheas | /data/batchapp/softeon/mideaprod/schedulardaemon_eas
mideaprd_schcen | /data/batchapp/softeon/mideaprod/schedulardaemon_cen
midea_ga2gfawl | /data/batchapp/softeon/mideaprod/wavelaunchdaemon_ga2_gfa

==============================================================================
JBOSS/WILDFLY APPS (simple table)
==============================================================================
JBoss App Processes | 0
JBoss Apps | None

==============================================================================
Server Availability Check Completed | 2026-05-10 10:19:56.007076
==============================================================================

2026-05-10 06:20:25,284 - 601234 - ERROR - app_validation.py errors for i-0b50a660b51f8aeb2:

2026-05-10 06:20:25,286 - 601234 - INFO - Before patching validation saved to: /data/patching_report/validation-2026-05-10/Midea-Prod-Batch/172.29.84.60/172.29.84.60-BeforePatching-2026-05-10-06-20-25-285.log
2026-05-10 06:20:25,286 - 601234 - INFO - Stopping EC2 instance: i-0b50a660b51f8aeb2 at 2026-05-10 06:20:25
2026-05-10 06:21:56,508 - 601234 - INFO - Instance i-0b50a660b51f8aeb2 stopped successfully.
2026-05-10 06:21:56,645 - 601234 - INFO - Stopped i-0b50a660b51f8aeb2 in 0:01:31.358393
2026-05-10 06:21:56,645 - 601234 - INFO - Starting EC2 instance: i-0b50a660b51f8aeb2
2026-05-10 06:22:12,652 - 601234 - INFO - Instance i-0b50a660b51f8aeb2 started successfully.
2026-05-10 06:22:12,652 - 601234 - INFO - Waiting 100 seconds for SSM agent to be ready on i-0b50a660b51f8aeb2...
2026-05-10 06:23:52,969 - 601234 - INFO - Sent app_validation.py to i-0b50a660b51f8aeb2 (command_id: 9ab31505-3302-44a6-8496-8e54f211796a)
2026-05-10 06:24:23,059 - 601234 - INFO - app_validation.py output for i-0b50a660b51f8aeb2:

==============================================================================
Server Availability Check Started | 2026-05-10 10:23:53.338252
==============================================================================

==============================================================================
SYSTEM INFORMATION
==============================================================================
Server IP | 172.29.84.60
Hostname | ip-172-29-84-60
Current User | root
Working Directory | /usr/bin
Time Zone | UTC

==============================================================================
STORAGE CHECK | /data mounts
==============================================================================
Filesystem | Size | Used | Avail | Use% | Mounted on
/dev/nvme1n1p2 | 289.9G | 72.5G | 217.3G | 25% | /data
fs-0614e26d028994661.efs.us-east-1.amazonaws.com:/ | 0B | 319.6G | 0B | 0% | /data2

==============================================================================
SYMLINK CHECK | root (/)
==============================================================================
Symlinks Total | 4
Symlinks Valid | 4
Symlinks Invalid | 0
Symlink | ResolvedTarget
/bin | /usr/bin
/lib | /usr/lib
/lib64 | /usr/lib64
/sbin | /usr/sbin

==============================================================================
NFS CHECK
==============================================================================
NFS Package Installed | Yes
nfs-server.service Active | No
nfs-client.target Active | Yes
/etc/exports Present | Yes
EXPORTS_LINE | (empty)
NFS_MOUNT | Device | MountPoint | FSType
NFS_MOUNT | fs-0614e26d028994661.efs.us-east-1.amazonaws.com:/ | /data2 | nfs4

==============================================================================
CUPS CHECK
==============================================================================
CUPS Installed | Yes
CUPS Running | Yes
CUPS Version | 1.7.5
CUPS IP URL (http://172.29.84.60:631) | 200
Cups server Http Status | 200
Cups printers Http Status | 200
Printers Configured | 46

==============================================================================
FTP CHECK
==============================================================================
FTP Installed | No
FTP Running (Port 21 localhost) | No
FTP Port 21 Reachable on 172.29.84.60 | No
FTP Processes | None

==============================================================================
JAVA CHECK
==============================================================================
Total Java Processes | 2
Batch/Daemon Java Processes | 0
Non-Standalone Java Processes | Not Found

==============================================================================
BATCH/DAEMON JAVA DETAILS
==============================================================================
Batch/Daemon Java Processes | 0
Batch/Daemon Java Details | None

==============================================================================
JBOSS/WILDFLY APPS (simple table)
==============================================================================
JBoss App Processes | 0
JBoss Apps | None

==============================================================================
Server Availability Check Completed | 2026-05-10 10:23:53.722151
==============================================================================

2026-05-10 06:24:23,059 - 601234 - ERROR - app_validation.py errors for i-0b50a660b51f8aeb2:

2026-05-10 06:24:23,061 - 601234 - INFO - After patching validation saved to: /data/patching_report/validation-2026-05-10/Midea-Prod-Batch/172.29.84.60/172.29.84.60-AfterPatching-2026-05-10-06-24-23-060.log
2026-05-10 06:24:23,112 - 601234 - INFO - Validation comparison report generated: /data/patching_report/validation-2026-05-10/Midea-Prod-Batch/172.29.84.60/172.29.84.60-Validation-details-2026-05-10-06-24-23-060.html
2026-05-10 06:24:23,326 - 601234 - INFO - Email sent successfully to ['CloudOps@softeon.com', 'kishlayk@softeon.com']
2026-05-10 06:24:23,326 - 601234 - INFO - HTML validation report email sent for i-0b50a660b51f8aeb2
2026-05-10 06:24:23,502 - 601234 - INFO - Started i-0b50a660b51f8aeb2 in 0:02:26.856742
2026-05-10 06:24:23,503 - 601234 - INFO - All instances processed.
2026-05-10 06:24:23,506 - 601234 - INFO - Restart Total time: 0:04:48.940593
2026-05-10 06:24:23,506 - 601234 - INFO - Auto-confirmed services are restarted
2026-05-10 06:24:23,506 - 601234 - INFO - Confirmed - services are started
2026-05-10 06:24:23,629 - 601234 - INFO - The following instances have failed the patch: []
2026-05-10 06:24:23,629 - 601234 - INFO - No instances have failed the patch.
2026-05-10 06:24:23,629 - 601234 - INFO - Total Patch Process time: 0:09:21.152537
2026-05-10 06:25:23,971 - 601234 - INFO - Log file ./logs/patching_2026-05-10_Midea-Prod-Batch.log uploaded to s3://q2-2026-aws-security-patching/Midea-Prod-Batch_Patch/2026-05-10/patching_2026-05-10_Midea-Prod-Batch.log
