2026-04-05 01:35:03,102 - 116950 - INFO - Email sent successfully to ['CloudOps@softeon.com']
2026-04-05 01:39:30,783 - 116950 - INFO - Email sent successfully to ['CloudOps@softeon.com']
2026-04-05 01:39:30,955 - 116950 - INFO - Log file ./logs/backup_2026-04-05.log uploaded to s3://q3-2025-aws-security-patching/Saddle-uat-1-q2-26_Patch_Backup/2026-04-05/backup_2026-04-05.log
2026-04-05 05:35:02,546 - 125508 - INFO - Logger setup has been removed, using shared logger from common.logs.logger.
2026-04-05 05:35:02,546 - 125508 - INFO - Script Start Time: 2026-04-05 05:35:02
2026-04-05 05:35:02,775 - 125508 - INFO - Instance(s) selected for Patching: {'i-07ea91ecdf3c1b4cf': '10.0.10.209', 'i-03fe8cd1ae13257b0': '10.0.8.202'}
2026-04-05 05:35:02,841 - 125508 - INFO - Email sent successfully to ['a80af5b5.softeon.com@in.teams.ms', 'CloudOps@softeon.com']
2026-04-05 05:35:02,841 - 125508 - INFO - Now patching instances at: 2026-04-05 05:35:02
2026-04-05 05:35:02,927 - 125508 - INFO - Sending patch command to instance i-03fe8cd1ae13257b0
2026-04-05 05:35:03,085 - 125508 - INFO - Command sent successfully to instance i-03fe8cd1ae13257b0. Command ID: a0b601bf-ce58-482d-a61f-bd42307717f2
2026-04-05 05:35:03,234 - 125508 - INFO - Sending patch command to instance i-07ea91ecdf3c1b4cf
2026-04-05 05:35:03,385 - 125508 - INFO - Command sent successfully to instance i-07ea91ecdf3c1b4cf. Command ID: 959313ec-7145-4d2c-98de-2df7d02d3ee0
2026-04-05 05:40:05,099 - 125508 - INFO - All patches applied successfully.
2026-04-05 05:40:05,100 - 125508 - INFO - Patching end time: 2026-04-05 05:40:05
2026-04-05 05:40:05,100 - 125508 - INFO - Patch Elapsed time: 0:05:02.258009
2026-04-05 05:40:05,173 - 125508 - INFO - Email sent successfully to ['a80af5b5.softeon.com@in.teams.ms', 'CloudOps@softeon.com']
2026-04-05 05:40:05,173 - 125508 - INFO - Confirmed - services are stopped
2026-04-05 05:40:26,607 - 125508 - INFO - Discovered TG map: {'i-07ea91ecdf3c1b4cf': ['arn:aws:elasticloadbalancing:us-east-1:835314132208:targetgroup/SCL-Addverb-slice-UAT/aeeed69df3a61c99', 'arn:aws:elasticloadbalancing:us-east-1:835314132208:targetgroup/SCL-UAT-EC/154a8d037d9dfa8a', 'arn:aws:elasticloadbalancing:us-east-1:835314132208:targetgroup/SCL-UAT-Slice/6ee4de96f48be228', 'arn:aws:elasticloadbalancing:us-east-1:835314132208:targetgroup/SCLDSW-UAT-Slice/a5a24566224a67ac', 'arn:aws:elasticloadbalancing:us-east-1:835314132208:targetgroup/SCL-Addverb-EC-UAT/fe0d34149d2bc917', 'arn:aws:elasticloadbalancing:us-east-1:835314132208:targetgroup/SCLNexcom-UAT-Slice/fb4001d94fbf9728', 'arn:aws:elasticloadbalancing:us-east-1:835314132208:targetgroup/SCLRRS-UAT-Slice/f96c15fecfcec02e', 'arn:aws:elasticloadbalancing:us-east-1:835314132208:targetgroup/SCLRRSW-UAT-Slice/cbb230c376254707'], 'i-03fe8cd1ae13257b0': ['arn:aws:elasticloadbalancing:us-east-1:835314132208:targetgroup/SCL-Nexcom-UAT-WES-Private/b8f6ec7b19121fae']}
2026-04-05 05:40:27,023 - 125508 - INFO - Sent app_validation.py to i-03fe8cd1ae13257b0 (command_id: 92528106-3a7a-4c91-8a52-d4f1142253d6)
2026-04-05 05:40:57,206 - 125508 - INFO - app_validation.py output for i-03fe8cd1ae13257b0:

==============================================================================
Server Availability Check Started | 2026-04-05 09:40:27.269609
==============================================================================

==============================================================================
SYSTEM INFORMATION
==============================================================================
Server IP | 10.0.8.202
Hostname | ip-10-0-8-202
Current User | root
Working Directory | /usr/bin
Time Zone | UTC

==============================================================================
STORAGE CHECK | /data mounts
==============================================================================
Filesystem | Size | Used | Avail | Use% | Mounted on
/dev/nvme1n1p2 | 275.4G | 134.9G | 126.5G | 48% | /data

==============================================================================
SYMLINK CHECK | root (/)
==============================================================================
Symlinks Total | 6
Symlinks Valid | 6
Symlinks Invalid | 0
Symlink | ResolvedTarget
/bin | /usr/bin
/data2 | /data/data2
/data3 | /data/data3
/lib | /usr/lib
/lib64 | /usr/lib64
/sbin | /usr/sbin

==============================================================================
NFS CHECK
==============================================================================
NFS Package Installed | Yes
nfs-server.service Active | No
nfs-client.target Active | Yes
/etc/exports Present | Yes
EXPORTS_LINE | (empty)
NFS Mounted Shares | None

==============================================================================
CUPS CHECK
==============================================================================
CUPS Installed | Yes
CUPS Running | Yes
CUPS Version | 1.7.5
CUPS IP URL (http://10.0.8.202:631) | 200
Cups server Http Status | 200
Cups printers Http Status | 200
Printers Configured | 50

==============================================================================
FTP CHECK
==============================================================================
FTP Installed | No
FTP Running (Port 21 localhost) | No
FTP Port 21 Reachable on 10.0.8.202 | No
FTP Processes | None

==============================================================================
JAVA CHECK
==============================================================================
Total Java Processes | 18
Batch/Daemon Java Processes | 16
Non-Standalone Java Processes | sclwes_bre, sclwes_sch, scln_download, scln_event, scln_jqgrid, scln_label, scln_replment, scln_report, scln_scheduler, scln_upload, scln_ftpdaemon, scln_wave, sclnuat_voadm, sclnuat_vomob, scln_ccd, scln_spsltldaemon

==============================================================================
BATCH/DAEMON JAVA DETAILS
==============================================================================
Batch/Daemon Java Processes | 16
Java-Name | Java-Path
sclwes_bre | /data/batchapp/sclwesuat/breruleenginedaemon
sclwes_sch | /data/batchapp/sclwesuat/schedulerdaemon
scln_download | /data/app/java/jdk1.7.0_80/bin/scln_download
scln_event | /data/app/java/jdk1.7.0_80/bin/scln_event
scln_jqgrid | /data/app/java/jdk1.7.0_80/bin/scln_jqgrid
scln_label | /data/app/java/jdk1.7.0_80/bin/scln_label
scln_replment | /data/app/java/jdk1.7.0_80/bin/scln_replment
scln_report | /data/app/java/jdk1.7.0_80/bin/scln_report
scln_scheduler | /data/app/java/jdk1.7.0_80/bin/scln_scheduler
scln_upload | /data/app/java/jdk1.7.0_80/bin/scln_upload
scln_ftpdaemon | /data/app/java/jdk1.7.0_80/bin/scln_ftpdaemon
scln_wave | /data/app/java/jdk1.7.0_80/bin/scln_wave
sclnuat_voadm | /data/app/java/jdk1.8.0_144/bin/sclnuat_voadm
sclnuat_vomob | /data/app/java/jdk1.7.0_80/bin/sclnuat_vomob
scln_ccd | /data/app/java/jdk1.7.0_80/bin/scln_ccd
scln_spsltldaemon | /data/app/java/jdk1.7.0_80/bin/scln_spsltldaemon

==============================================================================
JBOSS/WILDFLY APPS (simple table)
==============================================================================
JBoss App Processes | 2
PID | AppName | JbossVersion | Java-Name | Port | URL | Status | Code | SSL-Status | App-Path
416480 | scluat | jboss730eap | scluat_jb730eap | 8081 | 10.0.8.202:8081 | UP | 200 | Disabled | /data/app/jboss730eap/softeon/scluat/standalone
3897 | sclwesuat | jboss730eap | sclwes_jb730eap | 8082 | 10.0.8.202:8082 | UP | 200 | Disabled | /data/app/jboss730eap/softeon/sclwesuat/standalone

==============================================================================
Server Availability Check Completed | 2026-04-05 09:40:27.904716
==============================================================================

2026-04-05 05:40:57,206 - 125508 - ERROR - app_validation.py errors for i-03fe8cd1ae13257b0:

2026-04-05 05:40:57,208 - 125508 - INFO - Before patching validation saved to: output/validation-2026-04-05/10.0.8.202-BeforePatching-2026-04-05-05-40-57-208.log
2026-04-05 05:40:57,208 - 125508 - INFO - Deregistering i-03fe8cd1ae13257b0 from TG arn:aws:elasticloadbalancing:us-east-1:835314132208:targetgroup/SCL-Nexcom-UAT-WES-Private/b8f6ec7b19121fae
2026-04-05 05:40:57,291 - 125508 - INFO - Stopping EC2 instance: i-03fe8cd1ae13257b0 at 2026-04-05 05:40:57
2026-04-05 05:43:13,910 - 125508 - INFO - Instance i-03fe8cd1ae13257b0 stopped successfully.
2026-04-05 05:43:14,181 - 125508 - INFO - Stopped i-03fe8cd1ae13257b0 in 0:02:16.889445
2026-04-05 05:43:14,181 - 125508 - INFO - Starting EC2 instance: i-03fe8cd1ae13257b0
2026-04-05 05:43:30,176 - 125508 - INFO - Instance i-03fe8cd1ae13257b0 started successfully.
2026-04-05 05:43:30,176 - 125508 - INFO - Waiting 100 seconds for SSM agent to be ready on i-03fe8cd1ae13257b0...
2026-04-05 05:45:10,186 - 125508 - INFO - Registering i-03fe8cd1ae13257b0 to TG arn:aws:elasticloadbalancing:us-east-1:835314132208:targetgroup/SCL-Nexcom-UAT-WES-Private/b8f6ec7b19121fae
2026-04-05 05:46:40,878 - 125508 - INFO - Sent app_validation.py to i-03fe8cd1ae13257b0 (command_id: 4199eebc-3644-4bb6-b65c-434b088a305f)
2026-04-05 05:47:10,962 - 125508 - INFO - app_validation.py output for i-03fe8cd1ae13257b0:

==============================================================================
Server Availability Check Started | 2026-04-05 09:46:41.240258
==============================================================================

==============================================================================
SYSTEM INFORMATION
==============================================================================
Server IP | 10.0.8.202
Hostname | ip-10-0-8-202
Current User | root
Working Directory | /usr/bin
Time Zone | UTC

==============================================================================
STORAGE CHECK | /data mounts
==============================================================================
Filesystem | Size | Used | Avail | Use% | Mounted on
/dev/nvme1n1p2 | 275.4G | 134.9G | 126.5G | 48% | /data

==============================================================================
SYMLINK CHECK | root (/)
==============================================================================
Symlinks Total | 6
Symlinks Valid | 6
Symlinks Invalid | 0
Symlink | ResolvedTarget
/bin | /usr/bin
/data2 | /data/data2
/data3 | /data/data3
/lib | /usr/lib
/lib64 | /usr/lib64
/sbin | /usr/sbin

==============================================================================
NFS CHECK
==============================================================================
NFS Package Installed | Yes
nfs-server.service Active | No
nfs-client.target Active | Yes
/etc/exports Present | Yes
EXPORTS_LINE | (empty)
NFS Mounted Shares | None

==============================================================================
CUPS CHECK
==============================================================================
CUPS Installed | Yes
CUPS Running | Yes
CUPS Version | 1.7.5
CUPS IP URL (http://10.0.8.202:631) | 200
Cups server Http Status | 200
Cups printers Http Status | 200
Printers Configured | 50

==============================================================================
FTP CHECK
==============================================================================
FTP Installed | No
FTP Running (Port 21 localhost) | No
FTP Port 21 Reachable on 10.0.8.202 | No
FTP Processes | None

==============================================================================
JAVA CHECK
==============================================================================
Total Java Processes | 18
Batch/Daemon Java Processes | 16
Non-Standalone Java Processes | scln_download, sclwes_bre, scln_event, sclwes_sch, scln_jqgrid, scln_label, scln_replment, scln_report, scln_scheduler, scln_upload, scln_ftpdaemon, scln_wave, sclnuat_voadm, sclnuat_vomob, scln_ccd, scln_spsltldaemon

==============================================================================
BATCH/DAEMON JAVA DETAILS
==============================================================================
Batch/Daemon Java Processes | 16
Java-Name | Java-Path
scln_download | /data/app/java/jdk1.7.0_80/bin/scln_download
sclwes_bre | /data/batchapp/sclwesuat/breruleenginedaemon
scln_event | /data/app/java/jdk1.7.0_80/bin/scln_event
sclwes_sch | /data/batchapp/sclwesuat/schedulerdaemon
scln_jqgrid | /data/app/java/jdk1.7.0_80/bin/scln_jqgrid
scln_label | /data/app/java/jdk1.7.0_80/bin/scln_label
scln_replment | /data/app/java/jdk1.7.0_80/bin/scln_replment
scln_report | /data/app/java/jdk1.7.0_80/bin/scln_report
scln_scheduler | /data/app/java/jdk1.7.0_80/bin/scln_scheduler
scln_upload | /data/app/java/jdk1.7.0_80/bin/scln_upload
scln_ftpdaemon | /data/app/java/jdk1.7.0_80/bin/scln_ftpdaemon
scln_wave | /data/app/java/jdk1.7.0_80/bin/scln_wave
sclnuat_voadm | /data/app/java/jdk1.8.0_144/bin/sclnuat_voadm
sclnuat_vomob | /data/app/java/jdk1.7.0_80/bin/sclnuat_vomob
scln_ccd | /data/app/java/jdk1.7.0_80/bin/scln_ccd
scln_spsltldaemon | /data/app/java/jdk1.7.0_80/bin/scln_spsltldaemon

==============================================================================
JBOSS/WILDFLY APPS (simple table)
==============================================================================
JBoss App Processes | 2
PID | AppName | JbossVersion | Java-Name | Port | URL | Status | Code | SSL-Status | App-Path
4194 | scluat | jboss730eap | scluat_jb730eap | 8081 | 10.0.8.202:8081 | UP | 200 | Disabled | /data/app/jboss730eap/softeon/scluat/standalone
3909 | sclwesuat | jboss730eap | sclwes_jb730eap | 8082 | 10.0.8.202:8082 | UP | 200 | Disabled | /data/app/jboss730eap/softeon/sclwesuat/standalone

==============================================================================
Server Availability Check Completed | 2026-04-05 09:46:42.564206
==============================================================================

2026-04-05 05:47:10,962 - 125508 - ERROR - app_validation.py errors for i-03fe8cd1ae13257b0:

2026-04-05 05:47:10,964 - 125508 - INFO - After patching validation saved to: output/validation-2026-04-05/10.0.8.202-AfterPatching-2026-04-05-05-47-10-964.log
2026-04-05 05:47:11,015 - 125508 - INFO - Validation comparison report generated: output/validation-2026-04-05/10.0.8.202-Validation-details-2026-04-05-05-47-10-964.html
2026-04-05 05:47:11,092 - 125508 - INFO - Email sent successfully to ['CloudOps@softeon.com', 'kishlayk@softeon.com']
2026-04-05 05:47:11,092 - 125508 - INFO - HTML validation report email sent for i-03fe8cd1ae13257b0
2026-04-05 05:47:11,341 - 125508 - INFO - Started i-03fe8cd1ae13257b0 in 0:03:57.159583
2026-04-05 05:47:11,341 - 125508 - INFO - Waiting 120 seconds before proceeding to the next instance...
2026-04-05 05:49:11,623 - 125508 - INFO - Sent app_validation.py to i-07ea91ecdf3c1b4cf (command_id: 5b3ba0cc-8ab2-40d9-8834-3275a7b65280)
2026-04-05 05:49:41,702 - 125508 - INFO - app_validation.py output for i-07ea91ecdf3c1b4cf:

==============================================================================
Server Availability Check Started | 2026-04-05 09:49:12.068703
==============================================================================

==============================================================================
SYSTEM INFORMATION
==============================================================================
Server IP | 10.0.10.209
Hostname | ip-10-0-10-209
Current User | root
Working Directory | /usr/bin
Time Zone | UTC

==============================================================================
STORAGE CHECK | /data mounts
==============================================================================
Filesystem | Size | Used | Avail | Use% | Mounted on
/dev/mapper/vg01-lv02 | 89.9G | 41.5G | 48.4G | 46% | /data

==============================================================================
SYMLINK CHECK | root (/)
==============================================================================
Symlinks Total | 4
Symlinks Valid | 4
Symlinks Invalid | 0
Symlink | ResolvedTarget
/bin | /usr/bin
/lib | /usr/lib
/lib64 | /usr/lib64
/sbin | /usr/sbin

==============================================================================
NFS CHECK
==============================================================================
NFS Package Installed | Yes
nfs-server.service Active | No
nfs-client.target Active | Yes
/etc/exports Present | Yes
EXPORTS_LINE | (empty)
NFS Mounted Shares | None

==============================================================================
CUPS CHECK
==============================================================================
CUPS Installed | No
CUPS Running | No
CUPS Version | Not Found
CUPS IP Port 631 Reachable | No
Cups server Http Status | Not Found
Cups printers Http Status | Not Found
Printers Configured | Not Found

==============================================================================
FTP CHECK
==============================================================================
FTP Installed | No
FTP Running (Port 21 localhost) | No
FTP Port 21 Reachable on 10.0.10.209 | No
FTP Processes | None

==============================================================================
JAVA CHECK
==============================================================================
Total Java Processes | 10
Batch/Daemon Java Processes | 10
Non-Standalone Java Processes | slice-scl-addverbuat, scluat_adverbhsql, addverb_scl_ec, qboid_scl_ec, scluat_hsqldb, slice-scl-uat, slice-scl-rrsuat, slice-scl-rrswuat, slice-scl-dswuat, slice-scl-nexcomuat

==============================================================================
BATCH/DAEMON JAVA DETAILS
==============================================================================
Batch/Daemon Java Processes | 10
Java-Name | Java-Path
slice-scl-addverbuat | /data/app/softeon/slice/scl-addverb-uat (deleted)
scluat_adverbhsql | /data/app/ec_addverb/attunedlabs/softwares/hsql/data
addverb_scl_ec | /data/app/ec_addverb/attunedlabs/softwares/release
qboid_scl_ec | /data/app/qboid_multi/softeon/softwares/release
scluat_hsqldb | /data/app/qboid_multi/softeon/softwares/hsql/data
slice-scl-uat | /data/app/softeon/slice/scl-uat
slice-scl-rrsuat | /data/app/softeon/slice/scl-rrsuat
slice-scl-rrswuat | /data/app/softeon/slice/scl-rrswuat
slice-scl-dswuat | /data/app/softeon/slice/scl-dswuat
slice-scl-nexcomuat | /data/app/softeon/slice/scl-nexcomuat

==============================================================================
JBOSS/WILDFLY APPS (simple table)
==============================================================================
JBoss App Processes | 0
JBoss Apps | None

==============================================================================
Server Availability Check Completed | 2026-04-05 09:49:12.426862
==============================================================================

2026-04-05 05:49:41,702 - 125508 - ERROR - app_validation.py errors for i-07ea91ecdf3c1b4cf:

2026-04-05 05:49:41,704 - 125508 - INFO - Before patching validation saved to: output/validation-2026-04-05/10.0.10.209-BeforePatching-2026-04-05-05-49-41-703.log
2026-04-05 05:49:41,704 - 125508 - INFO - Deregistering i-07ea91ecdf3c1b4cf from TG arn:aws:elasticloadbalancing:us-east-1:835314132208:targetgroup/SCL-Addverb-slice-UAT/aeeed69df3a61c99
2026-04-05 05:49:41,786 - 125508 - INFO - Deregistering i-07ea91ecdf3c1b4cf from TG arn:aws:elasticloadbalancing:us-east-1:835314132208:targetgroup/SCL-UAT-EC/154a8d037d9dfa8a
2026-04-05 05:49:41,835 - 125508 - INFO - Deregistering i-07ea91ecdf3c1b4cf from TG arn:aws:elasticloadbalancing:us-east-1:835314132208:targetgroup/SCL-UAT-Slice/6ee4de96f48be228
2026-04-05 05:49:41,888 - 125508 - INFO - Deregistering i-07ea91ecdf3c1b4cf from TG arn:aws:elasticloadbalancing:us-east-1:835314132208:targetgroup/SCLDSW-UAT-Slice/a5a24566224a67ac
2026-04-05 05:49:41,937 - 125508 - INFO - Deregistering i-07ea91ecdf3c1b4cf from TG arn:aws:elasticloadbalancing:us-east-1:835314132208:targetgroup/SCL-Addverb-EC-UAT/fe0d34149d2bc917
2026-04-05 05:49:41,984 - 125508 - INFO - Deregistering i-07ea91ecdf3c1b4cf from TG arn:aws:elasticloadbalancing:us-east-1:835314132208:targetgroup/SCLNexcom-UAT-Slice/fb4001d94fbf9728
2026-04-05 05:49:42,033 - 125508 - INFO - Deregistering i-07ea91ecdf3c1b4cf from TG arn:aws:elasticloadbalancing:us-east-1:835314132208:targetgroup/SCLRRS-UAT-Slice/f96c15fecfcec02e
2026-04-05 05:49:42,083 - 125508 - INFO - Deregistering i-07ea91ecdf3c1b4cf from TG arn:aws:elasticloadbalancing:us-east-1:835314132208:targetgroup/SCLRRSW-UAT-Slice/cbb230c376254707
2026-04-05 05:49:42,139 - 125508 - INFO - Stopping EC2 instance: i-07ea91ecdf3c1b4cf at 2026-04-05 05:49:42
2026-04-05 05:50:43,456 - 125508 - INFO - Instance i-07ea91ecdf3c1b4cf stopped successfully.
2026-04-05 05:50:43,701 - 125508 - INFO - Stopped i-07ea91ecdf3c1b4cf in 0:01:01.562228
2026-04-05 05:50:43,702 - 125508 - INFO - Starting EC2 instance: i-07ea91ecdf3c1b4cf
2026-04-05 05:50:59,888 - 125508 - INFO - Instance i-07ea91ecdf3c1b4cf started successfully.
2026-04-05 05:50:59,888 - 125508 - INFO - Waiting 100 seconds for SSM agent to be ready on i-07ea91ecdf3c1b4cf...
2026-04-05 05:52:39,946 - 125508 - INFO - Registering i-07ea91ecdf3c1b4cf to TG arn:aws:elasticloadbalancing:us-east-1:835314132208:targetgroup/SCL-Addverb-slice-UAT/aeeed69df3a61c99
2026-04-05 05:52:40,157 - 125508 - INFO - Registering i-07ea91ecdf3c1b4cf to TG arn:aws:elasticloadbalancing:us-east-1:835314132208:targetgroup/SCL-UAT-EC/154a8d037d9dfa8a
2026-04-05 05:52:40,308 - 125508 - INFO - Registering i-07ea91ecdf3c1b4cf to TG arn:aws:elasticloadbalancing:us-east-1:835314132208:targetgroup/SCL-UAT-Slice/6ee4de96f48be228
2026-04-05 05:52:40,457 - 125508 - INFO - Registering i-07ea91ecdf3c1b4cf to TG arn:aws:elasticloadbalancing:us-east-1:835314132208:targetgroup/SCLDSW-UAT-Slice/a5a24566224a67ac
2026-04-05 05:52:40,699 - 125508 - INFO - Registering i-07ea91ecdf3c1b4cf to TG arn:aws:elasticloadbalancing:us-east-1:835314132208:targetgroup/SCL-Addverb-EC-UAT/fe0d34149d2bc917
2026-04-05 05:52:40,849 - 125508 - INFO - Registering i-07ea91ecdf3c1b4cf to TG arn:aws:elasticloadbalancing:us-east-1:835314132208:targetgroup/SCLNexcom-UAT-Slice/fb4001d94fbf9728
2026-04-05 05:52:40,996 - 125508 - INFO - Registering i-07ea91ecdf3c1b4cf to TG arn:aws:elasticloadbalancing:us-east-1:835314132208:targetgroup/SCLRRS-UAT-Slice/f96c15fecfcec02e
2026-04-05 05:52:41,152 - 125508 - INFO - Registering i-07ea91ecdf3c1b4cf to TG arn:aws:elasticloadbalancing:us-east-1:835314132208:targetgroup/SCLRRSW-UAT-Slice/cbb230c376254707
2026-04-05 05:58:12,166 - 125508 - WARNING - i-07ea91ecdf3c1b4cf not healthy in arn:aws:elasticloadbalancing:us-east-1:835314132208:targetgroup/SCLDSW-UAT-Slice/a5a24566224a67ac after timeout.
2026-04-05 05:58:12,382 - 125508 - INFO - Email sent successfully to ['CloudOps@softeon.com', 'kishlayk@softeon.com']
2026-04-05 05:58:12,382 - 125508 - ERROR - Aborting workflow: i-07ea91ecdf3c1b4cf is not healthy after restart.
2026-04-05 05:58:12,386 - 125508 - INFO - Restart Total time: 0:18:07.016882
2026-04-05 05:58:12,386 - 125508 - INFO - Auto-confirmed services are restarted
2026-04-05 05:58:12,386 - 125508 - INFO - Confirmed - services are started
2026-04-05 05:58:12,500 - 125508 - INFO - The following instances have failed the patch: []
2026-04-05 05:58:12,501 - 125508 - INFO - No instances have failed the patch.
2026-04-05 05:58:12,501 - 125508 - INFO - Total Patch Process time: 0:23:09.954182
2026-04-05 05:59:13,124 - 125508 - INFO - Log file ./logs/patching_2026-04-05_Saddle-uat-1-q2-26.log uploaded to s3://q2-2026-aws-security-patching/Saddle-uat-1-q2-26_Patch/2026-04-05/patching_2026-04-05_Saddle-uat-1-q2-26.log
