2026-05-15 00:05:01,924 - 858271 - INFO - Logger setup has been removed, using shared logger from common.logs.logger.
2026-05-15 00:05:01,924 - 858271 - INFO - Script Start Time: 2026-05-15 00:05:01
2026-05-15 00:05:02,519 - 858271 - INFO - Instance(s) selected for Patching: {'i-08b8a9deadd2f100d': '172.28.24.60'}
2026-05-15 00:05:02,609 - 858271 - INFO - Email sent successfully to ['CloudOps@softeon.com']
2026-05-15 00:05:02,609 - 858271 - INFO - Now patching instances at: 2026-05-15 00:05:02
2026-05-15 00:05:02,698 - 858271 - INFO - Sending patch command to instance i-08b8a9deadd2f100d
2026-05-15 00:05:02,856 - 858271 - INFO - Command sent successfully to instance i-08b8a9deadd2f100d. Command ID: 27ad7b81-6321-4897-90d8-9463fe3a6852
2026-05-15 00:10:34,593 - 858271 - INFO - All patches applied successfully.
2026-05-15 00:10:34,594 - 858271 - INFO - Patching end time: 2026-05-15 00:10:34
2026-05-15 00:10:34,594 - 858271 - INFO - Patch Elapsed time: 0:05:31.984389
2026-05-15 00:10:34,685 - 858271 - INFO - Email sent successfully to ['CloudOps@softeon.com']
2026-05-15 00:10:34,685 - 858271 - INFO - Confirmed - services are stopped
2026-05-15 00:10:55,027 - 858271 - INFO - Discovered TG map: {'i-08b8a9deadd2f100d': ['arn:aws:elasticloadbalancing:us-east-1:835314132208:targetgroup/DEXCOMWCS-1-InBound/12892cdd5d874090', 'arn:aws:elasticloadbalancing:us-east-1:835314132208:targetgroup/UPSHC-DEXCOMWCS-3-InBound/785a0a9fcc7d2587', 'arn:aws:elasticloadbalancing:us-east-1:835314132208:targetgroup/UPSHC-DEXCOMWCS-4-InBound/1bf7bda862662a0a', 'arn:aws:elasticloadbalancing:us-east-1:835314132208:targetgroup/UPSHC-DEXCOMWCS-5-InBound/3b5b26264cdacd55', 'arn:aws:elasticloadbalancing:us-east-1:835314132208:targetgroup/UPSHC-DEXCOMWCS-6-InBound/78263119028e33ee', 'arn:aws:elasticloadbalancing:us-east-1:835314132208:targetgroup/UPSHC-QA-Desktop/673e3f7ae47f1da7', 'arn:aws:elasticloadbalancing:us-east-1:835314132208:targetgroup/UPSHC-QA-RF/aaca89fc78e50ffe', 'arn:aws:elasticloadbalancing:us-east-1:835314132208:targetgroup/UPSHC-QA-WES/275b9c1ee173576a', 'arn:aws:elasticloadbalancing:us-east-1:835314132208:targetgroup/UPSHC-QA-WebSocket/a43544203c0f6ed7', 'arn:aws:elasticloadbalancing:us-east-1:835314132208:targetgroup/UPSHC-DEXCOMWCS-2-InBound/db2b82ef9fbf288c', 'arn:aws:elasticloadbalancing:us-east-1:835314132208:targetgroup/UPSHC-QA-Webservices/dd98bdcb0607948e']}
2026-05-15 00:10:55,441 - 858271 - INFO - Sent app_validation.py to i-08b8a9deadd2f100d (command_id: d6c9a1b8-08ab-42fb-912a-60eb650a77c8)
2026-05-15 00:11:25,584 - 858271 - INFO - app_validation.py output for i-08b8a9deadd2f100d:

==============================================================================
Server Availability Check Started | 2026-05-15 04:10:55.701045
==============================================================================

==============================================================================
SYSTEM INFORMATION
==============================================================================
Server IP | 172.28.24.60
Hostname | ip-172-28-24-60
Current User | root
Working Directory | /usr/bin
Time Zone | UTC

==============================================================================
STORAGE CHECK | /data mounts
==============================================================================
Filesystem | Size | Used | Avail | Use% | Mounted on
/dev/nvme1n1p2 | 289.9G | 218.7G | 71.2G | 75% | /data
fs-09ab544138710f3df.efs.us-east-1.amazonaws.com:/ | 0B | 154.3G | 0B | 0% | /data2

==============================================================================
SYMLINK CHECK | root (/)
==============================================================================
Symlinks Total | 4
Symlinks Valid | 4
Symlinks Invalid | 0
Symlink | ResolvedTarget
/bin | /usr/bin
/lib | /usr/lib
/lib64 | /usr/lib64
/sbin | /usr/sbin

==============================================================================
NFS CHECK
==============================================================================
NFS Package Installed | Yes
nfs-server.service Active | No
nfs-client.target Active | Yes
/etc/exports Present | Yes
EXPORTS_LINE | (empty)
NFS_MOUNT | Device | MountPoint | FSType
NFS_MOUNT | fs-09ab544138710f3df.efs.us-east-1.amazonaws.com:/ | /data2 | nfs4

==============================================================================
CUPS CHECK
==============================================================================
CUPS Installed | Yes
CUPS Running | Yes
CUPS Version | 1.7.5
CUPS IP URL (http://172.28.24.60:631) | 200
Cups server Http Status | 200
Cups printers Http Status | 200
Printers Configured | 1345

==============================================================================
FTP CHECK
==============================================================================
FTP Installed | No
FTP Running (Port 21 localhost) | No
FTP Port 21 Reachable on 172.28.24.60 | No
FTP Processes | None

==============================================================================
JAVA CHECK
==============================================================================
Total Java Processes | 4
Batch/Daemon Java Processes | 0
Non-Standalone Java Processes | Not Found

==============================================================================
BATCH/DAEMON JAVA DETAILS
==============================================================================
Batch/Daemon Java Processes | 0
Batch/Daemon Java Details | None

==============================================================================
JBOSS/WILDFLY APPS (simple table)
==============================================================================
JBoss App Processes | 3
PID | AppName | JbossVersion | Java-Name | Port | URL | Status | Code | SSL-Status | App-Path
3126304 | upshcqa | jboss730eap | upshcqa_730ep | 8080 | 172.28.24.60:8080 | UP | 200 | Disabled | /data/app/jboss730eap/softeon/upshcqa/standalone
3126489 | upshcrfqa | jboss730eap | upshcrfqa_73ep | 8081 | 172.28.24.60:8081 | UP | 200 | Disabled | /data/app/jboss730eap/softeon/upshcrfqa/standalone
3597855 | upshcwesqa | jboss730eap | upshcwesqa_73 | 8083 | 172.28.24.60:8083 | UP | 200 | Disabled | /data/app/jboss730eap/softeon/upshcwesqa/standalone

==============================================================================
Server Availability Check Completed | 2026-05-15 04:10:56.798194
==============================================================================

2026-05-15 00:11:25,585 - 858271 - ERROR - app_validation.py errors for i-08b8a9deadd2f100d:

2026-05-15 00:11:25,586 - 858271 - INFO - Before patching validation saved to: /data/patching_report/validation-2026-05-15/UPSHC-QA-App1/172.28.24.60/172.28.24.60-BeforePatching-2026-05-15-00-11-25-586.log
2026-05-15 00:11:25,587 - 858271 - INFO - Deregistering i-08b8a9deadd2f100d from TG arn:aws:elasticloadbalancing:us-east-1:835314132208:targetgroup/DEXCOMWCS-1-InBound/12892cdd5d874090
2026-05-15 00:11:25,665 - 858271 - INFO - Deregistering i-08b8a9deadd2f100d from TG arn:aws:elasticloadbalancing:us-east-1:835314132208:targetgroup/UPSHC-DEXCOMWCS-3-InBound/785a0a9fcc7d2587
2026-05-15 00:11:25,719 - 858271 - INFO - Deregistering i-08b8a9deadd2f100d from TG arn:aws:elasticloadbalancing:us-east-1:835314132208:targetgroup/UPSHC-DEXCOMWCS-4-InBound/1bf7bda862662a0a
2026-05-15 00:11:25,775 - 858271 - INFO - Deregistering i-08b8a9deadd2f100d from TG arn:aws:elasticloadbalancing:us-east-1:835314132208:targetgroup/UPSHC-DEXCOMWCS-5-InBound/3b5b26264cdacd55
2026-05-15 00:11:25,823 - 858271 - INFO - Deregistering i-08b8a9deadd2f100d from TG arn:aws:elasticloadbalancing:us-east-1:835314132208:targetgroup/UPSHC-DEXCOMWCS-6-InBound/78263119028e33ee
2026-05-15 00:11:25,884 - 858271 - INFO - Deregistering i-08b8a9deadd2f100d from TG arn:aws:elasticloadbalancing:us-east-1:835314132208:targetgroup/UPSHC-QA-Desktop/673e3f7ae47f1da7
2026-05-15 00:11:25,929 - 858271 - INFO - Deregistering i-08b8a9deadd2f100d from TG arn:aws:elasticloadbalancing:us-east-1:835314132208:targetgroup/UPSHC-QA-RF/aaca89fc78e50ffe
2026-05-15 00:11:25,973 - 858271 - INFO - Deregistering i-08b8a9deadd2f100d from TG arn:aws:elasticloadbalancing:us-east-1:835314132208:targetgroup/UPSHC-QA-WES/275b9c1ee173576a
2026-05-15 00:11:26,016 - 858271 - INFO - Deregistering i-08b8a9deadd2f100d from TG arn:aws:elasticloadbalancing:us-east-1:835314132208:targetgroup/UPSHC-QA-WebSocket/a43544203c0f6ed7
2026-05-15 00:11:26,066 - 858271 - INFO - Deregistering i-08b8a9deadd2f100d from TG arn:aws:elasticloadbalancing:us-east-1:835314132208:targetgroup/UPSHC-DEXCOMWCS-2-InBound/db2b82ef9fbf288c
2026-05-15 00:11:26,108 - 858271 - INFO - Deregistering i-08b8a9deadd2f100d from TG arn:aws:elasticloadbalancing:us-east-1:835314132208:targetgroup/UPSHC-QA-Webservices/dd98bdcb0607948e
2026-05-15 00:11:26,151 - 858271 - INFO - Stopping EC2 instance: i-08b8a9deadd2f100d at 2026-05-15 00:11:26
2026-05-15 00:12:27,215 - 858271 - INFO - Instance i-08b8a9deadd2f100d stopped successfully.
2026-05-15 00:12:27,349 - 858271 - INFO - Stopped i-08b8a9deadd2f100d in 0:01:01.197694
2026-05-15 00:12:27,349 - 858271 - INFO - Starting EC2 instance: i-08b8a9deadd2f100d
2026-05-15 00:12:43,287 - 858271 - INFO - Instance i-08b8a9deadd2f100d started successfully.
2026-05-15 00:12:43,287 - 858271 - INFO - Waiting 100 seconds for SSM agent to be ready on i-08b8a9deadd2f100d...
2026-05-15 00:14:23,351 - 858271 - INFO - Registering i-08b8a9deadd2f100d to TG arn:aws:elasticloadbalancing:us-east-1:835314132208:targetgroup/DEXCOMWCS-1-InBound/12892cdd5d874090
2026-05-15 00:14:23,524 - 858271 - INFO - Registering i-08b8a9deadd2f100d to TG arn:aws:elasticloadbalancing:us-east-1:835314132208:targetgroup/UPSHC-DEXCOMWCS-3-InBound/785a0a9fcc7d2587
2026-05-15 00:14:23,687 - 858271 - INFO - Registering i-08b8a9deadd2f100d to TG arn:aws:elasticloadbalancing:us-east-1:835314132208:targetgroup/UPSHC-DEXCOMWCS-4-InBound/1bf7bda862662a0a
2026-05-15 00:14:23,826 - 858271 - INFO - Registering i-08b8a9deadd2f100d to TG arn:aws:elasticloadbalancing:us-east-1:835314132208:targetgroup/UPSHC-DEXCOMWCS-5-InBound/3b5b26264cdacd55
2026-05-15 00:14:23,980 - 858271 - INFO - Registering i-08b8a9deadd2f100d to TG arn:aws:elasticloadbalancing:us-east-1:835314132208:targetgroup/UPSHC-DEXCOMWCS-6-InBound/78263119028e33ee
2026-05-15 00:14:24,147 - 858271 - INFO - Registering i-08b8a9deadd2f100d to TG arn:aws:elasticloadbalancing:us-east-1:835314132208:targetgroup/UPSHC-QA-Desktop/673e3f7ae47f1da7
2026-05-15 00:14:24,283 - 858271 - INFO - Registering i-08b8a9deadd2f100d to TG arn:aws:elasticloadbalancing:us-east-1:835314132208:targetgroup/UPSHC-QA-RF/aaca89fc78e50ffe
2026-05-15 00:14:24,418 - 858271 - INFO - Registering i-08b8a9deadd2f100d to TG arn:aws:elasticloadbalancing:us-east-1:835314132208:targetgroup/UPSHC-QA-WES/275b9c1ee173576a
2026-05-15 00:14:24,544 - 858271 - INFO - Registering i-08b8a9deadd2f100d to TG arn:aws:elasticloadbalancing:us-east-1:835314132208:targetgroup/UPSHC-QA-WebSocket/a43544203c0f6ed7
2026-05-15 00:14:24,686 - 858271 - INFO - Registering i-08b8a9deadd2f100d to TG arn:aws:elasticloadbalancing:us-east-1:835314132208:targetgroup/UPSHC-DEXCOMWCS-2-InBound/db2b82ef9fbf288c
2026-05-15 00:14:24,831 - 858271 - INFO - Registering i-08b8a9deadd2f100d to TG arn:aws:elasticloadbalancing:us-east-1:835314132208:targetgroup/UPSHC-QA-Webservices/dd98bdcb0607948e
2026-05-15 00:20:25,795 - 858271 - WARNING - i-08b8a9deadd2f100d not healthy in arn:aws:elasticloadbalancing:us-east-1:835314132208:targetgroup/UPSHC-DEXCOMWCS-3-InBound/785a0a9fcc7d2587 after timeout.
2026-05-15 00:25:26,501 - 858271 - WARNING - i-08b8a9deadd2f100d not healthy in arn:aws:elasticloadbalancing:us-east-1:835314132208:targetgroup/UPSHC-DEXCOMWCS-4-InBound/1bf7bda862662a0a after timeout.
2026-05-15 00:30:27,233 - 858271 - WARNING - i-08b8a9deadd2f100d not healthy in arn:aws:elasticloadbalancing:us-east-1:835314132208:targetgroup/UPSHC-DEXCOMWCS-5-InBound/3b5b26264cdacd55 after timeout.
2026-05-15 00:35:27,951 - 858271 - WARNING - i-08b8a9deadd2f100d not healthy in arn:aws:elasticloadbalancing:us-east-1:835314132208:targetgroup/UPSHC-DEXCOMWCS-6-InBound/78263119028e33ee after timeout.
2026-05-15 00:40:28,721 - 858271 - WARNING - i-08b8a9deadd2f100d not healthy in arn:aws:elasticloadbalancing:us-east-1:835314132208:targetgroup/UPSHC-DEXCOMWCS-2-InBound/db2b82ef9fbf288c after timeout.
2026-05-15 00:40:29,076 - 858271 - INFO - Email sent successfully to ['kishlayk@softeon.com', 'CloudOps@softeon.com']
2026-05-15 00:40:29,076 - 858271 - ERROR - Aborting workflow: i-08b8a9deadd2f100d is not healthy after restart.
2026-05-15 00:40:29,079 - 858271 - INFO - Restart Total time: 0:29:54.261901
2026-05-15 00:40:29,079 - 858271 - INFO - Auto-confirmed services are restarted
2026-05-15 00:40:29,079 - 858271 - INFO - Confirmed - services are started
2026-05-15 00:40:29,201 - 858271 - INFO - The following instances have failed the patch: []
2026-05-15 00:40:29,201 - 858271 - INFO - No instances have failed the patch.
2026-05-15 00:40:29,201 - 858271 - INFO - Total Patch Process time: 0:35:27.277025
2026-05-15 00:41:29,643 - 858271 - INFO - Log file ./logs/patching_2026-05-15_UPSHC-QA-App1.log uploaded to s3://q2-2026-aws-security-patching/UPSHC-QA-App1_Patch/2026-05-15/patching_2026-05-15_UPSHC-QA-App1.log
