2026-05-03 02:05:02,387 - 208733 - INFO - Logger setup has been removed, using shared logger from common.logs.logger.
2026-05-03 02:05:02,387 - 208733 - INFO - Script Start Time: 2026-05-03 02:05:02
2026-05-03 02:05:02,608 - 208733 - INFO - Instance(s) selected for Patching: {'i-076c3e5cfe3957cfb': '172.30.101.7', 'i-0bf90bcb7731a380a': '172.30.101.48', 'i-0d00d3ad8f4797d1f': '172.30.101.29'}
2026-05-03 02:05:02,679 - 208733 - INFO - Email sent successfully to ['a80af5b5.softeon.com@in.teams.ms', 'CloudOps@softeon.com']
2026-05-03 02:05:02,679 - 208733 - INFO - Now patching instances at: 2026-05-03 02:05:02
2026-05-03 02:05:02,773 - 208733 - INFO - Sending patch command to instance i-076c3e5cfe3957cfb
2026-05-03 02:05:02,968 - 208733 - INFO - Command sent successfully to instance i-076c3e5cfe3957cfb. Command ID: ecd6df4e-d1ba-4c99-87d7-dcc8a3aaca17
2026-05-03 02:05:03,225 - 208733 - INFO - Sending patch command to instance i-0d00d3ad8f4797d1f
2026-05-03 02:05:03,351 - 208733 - INFO - Command sent successfully to instance i-0d00d3ad8f4797d1f. Command ID: 1a710dca-a688-4d02-ad7e-3d41f824d6c3
2026-05-03 02:05:03,534 - 208733 - INFO - Sending patch command to instance i-0bf90bcb7731a380a
2026-05-03 02:05:03,661 - 208733 - INFO - Command sent successfully to instance i-0bf90bcb7731a380a. Command ID: 29ec0e31-18cf-4012-b26a-6f5d9f68757a
2026-05-03 02:11:36,228 - 208733 - INFO - All patches applied successfully.
2026-05-03 02:11:36,229 - 208733 - INFO - Patching end time: 2026-05-03 02:11:36
2026-05-03 02:11:36,229 - 208733 - INFO - Patch Elapsed time: 0:06:33.549960
2026-05-03 02:11:36,306 - 208733 - INFO - Email sent successfully to ['a80af5b5.softeon.com@in.teams.ms', 'CloudOps@softeon.com']
2026-05-03 02:11:36,306 - 208733 - INFO - Confirmed - services are stopped
2026-05-03 02:11:44,203 - 208733 - INFO - Discovered TG map: {'i-076c3e5cfe3957cfb': ['arn:aws:elasticloadbalancing:us-east-2:835314132208:targetgroup/Sears-AIMS-WES-Portal/f9d16f213ef8932b', 'arn:aws:elasticloadbalancing:us-east-2:835314132208:targetgroup/Sears-Doms/954ad028f135e2e7', 'arn:aws:elasticloadbalancing:us-east-2:835314132208:targetgroup/Sears-Prod-AIMWS/08216ccfbee61013', 'arn:aws:elasticloadbalancing:us-east-2:835314132208:targetgroup/Sears-WMS-Prod/bc52025ff2d54ad1'], 'i-0bf90bcb7731a380a': ['arn:aws:elasticloadbalancing:us-east-2:835314132208:targetgroup/Sears-Doms/954ad028f135e2e7', 'arn:aws:elasticloadbalancing:us-east-2:835314132208:targetgroup/Sears-Prod-AIMDOM/a5997fd7d1fe40e0', 'arn:aws:elasticloadbalancing:us-east-2:835314132208:targetgroup/Sears-Prod-AIMSSO/e536d2e6c13f7c7e', 'arn:aws:elasticloadbalancing:us-east-2:835314132208:targetgroup/Sears-Prod-AIMWMSIH/c47e924d370b537a', 'arn:aws:elasticloadbalancing:us-east-2:835314132208:targetgroup/Sears-Prod-AIMWMSRF/7ce67987985736af', 'arn:aws:elasticloadbalancing:us-east-2:835314132208:targetgroup/Sears-Prod-AIMWS/08216ccfbee61013'], 'i-0d00d3ad8f4797d1f': ['arn:aws:elasticloadbalancing:us-east-2:835314132208:targetgroup/Sears-Doms/954ad028f135e2e7', 'arn:aws:elasticloadbalancing:us-east-2:835314132208:targetgroup/Sears-Prod-AIMWS/08216ccfbee61013']}
2026-05-03 02:11:44,672 - 208733 - INFO - Sent app_validation.py to i-076c3e5cfe3957cfb (command_id: 94a95123-66c8-4b3a-9bf1-6689ffeaefea)
2026-05-03 02:12:14,787 - 208733 - INFO - app_validation.py output for i-076c3e5cfe3957cfb:

==============================================================================
Server Availability Check Started | 2026-05-03 02:11:44.911561
==============================================================================

==============================================================================
SYSTEM INFORMATION
==============================================================================
Server IP | 172.30.101.7
Hostname | ip-172-30-101-7.us-east-2.compute.internal
Current User | root
Working Directory | /usr/bin
Time Zone | EDT

==============================================================================
STORAGE CHECK | /data mounts
==============================================================================
Filesystem | Size | Used | Avail | Use% | Mounted on
/dev/nvme1n1p2 | 289.9G | 84.4G | 205.4G | 29% | /data
fs-6051ea18.efs.us-east-2.amazonaws.com:/ | 0B | 1.0T | 0B | 0% | /data2

==============================================================================
SYMLINK CHECK | root (/)
==============================================================================
Symlinks Total | 4
Symlinks Valid | 4
Symlinks Invalid | 0
Symlink | ResolvedTarget
/bin | /usr/bin
/lib | /usr/lib
/lib64 | /usr/lib64
/sbin | /usr/sbin

==============================================================================
NFS CHECK
==============================================================================
NFS Package Installed | Yes
nfs-server.service Active | No
nfs-client.target Active | Yes
/etc/exports Present | Yes
EXPORTS_LINE | (empty)
NFS_MOUNT | Device | MountPoint | FSType
NFS_MOUNT | fs-6051ea18.efs.us-east-2.amazonaws.com:/ | /data2 | nfs4

==============================================================================
CUPS CHECK
==============================================================================
CUPS Installed | Yes
CUPS Running | Yes
CUPS Version | 1.7.5
CUPS IP URL (http://172.30.101.7:631) | 200
Cups server Http Status | 200
Cups printers Http Status | 500
Printers Configured | 0

==============================================================================
FTP CHECK
==============================================================================
FTP Installed | No
FTP Running (Port 21 localhost) | No
FTP Port 21 Reachable on 172.30.101.7 | No
FTP Processes | None

==============================================================================
JAVA CHECK
==============================================================================
Total Java Processes | 1
Batch/Daemon Java Processes | 0
Non-Standalone Java Processes | Not Found

==============================================================================
BATCH/DAEMON JAVA DETAILS
==============================================================================
Batch/Daemon Java Processes | 0
Batch/Daemon Java Details | None

==============================================================================
JBOSS/WILDFLY APPS (simple table)
==============================================================================
JBoss App Processes | 1
PID | AppName | JbossVersion | Java-Name | Port | URL | Status | Code | SSL-Status | App-Path
26227 | searswesprod | jboss730eap | searswespd_jb73 | 8086 | 172.30.101.7:8086 | Down | 000 | Disabled | /data/app/jboss730eap/softeon/searswesprod/standalone

==============================================================================
Server Availability Check Completed | 2026-05-03 02:11:50.200591
==============================================================================

2026-05-03 02:12:14,787 - 208733 - ERROR - app_validation.py errors for i-076c3e5cfe3957cfb:

2026-05-03 02:12:14,789 - 208733 - INFO - Before patching validation saved to: /data/patching_report/validation-2026-05-03/sears-app/172.30.101.7/172.30.101.7-BeforePatching-2026-05-03-02-12-14-789.log
2026-05-03 02:12:14,789 - 208733 - INFO - Deregistering i-076c3e5cfe3957cfb from TG arn:aws:elasticloadbalancing:us-east-2:835314132208:targetgroup/Sears-AIMS-WES-Portal/f9d16f213ef8932b
2026-05-03 02:12:14,903 - 208733 - INFO - Deregistering i-076c3e5cfe3957cfb from TG arn:aws:elasticloadbalancing:us-east-2:835314132208:targetgroup/Sears-Doms/954ad028f135e2e7
2026-05-03 02:12:14,958 - 208733 - INFO - Deregistering i-076c3e5cfe3957cfb from TG arn:aws:elasticloadbalancing:us-east-2:835314132208:targetgroup/Sears-Prod-AIMWS/08216ccfbee61013
2026-05-03 02:12:15,009 - 208733 - INFO - Deregistering i-076c3e5cfe3957cfb from TG arn:aws:elasticloadbalancing:us-east-2:835314132208:targetgroup/Sears-WMS-Prod/bc52025ff2d54ad1
2026-05-03 02:12:15,067 - 208733 - INFO - Stopping EC2 instance: i-076c3e5cfe3957cfb at 2026-05-03 02:12:15
2026-05-03 02:13:16,164 - 208733 - INFO - Instance i-076c3e5cfe3957cfb stopped successfully.
2026-05-03 02:13:16,536 - 208733 - INFO - Stopped i-076c3e5cfe3957cfb in 0:01:01.469697
2026-05-03 02:13:16,537 - 208733 - INFO - Starting EC2 instance: i-076c3e5cfe3957cfb
2026-05-03 02:13:32,501 - 208733 - INFO - Instance i-076c3e5cfe3957cfb started successfully.
2026-05-03 02:13:32,501 - 208733 - INFO - Waiting 100 seconds for SSM agent to be ready on i-076c3e5cfe3957cfb...
2026-05-03 02:15:12,561 - 208733 - INFO - Registering i-076c3e5cfe3957cfb to TG arn:aws:elasticloadbalancing:us-east-2:835314132208:targetgroup/Sears-AIMS-WES-Portal/f9d16f213ef8932b
2026-05-03 02:15:12,799 - 208733 - INFO - Registering i-076c3e5cfe3957cfb to TG arn:aws:elasticloadbalancing:us-east-2:835314132208:targetgroup/Sears-Doms/954ad028f135e2e7
2026-05-03 02:15:12,930 - 208733 - INFO - Registering i-076c3e5cfe3957cfb to TG arn:aws:elasticloadbalancing:us-east-2:835314132208:targetgroup/Sears-Prod-AIMWS/08216ccfbee61013
2026-05-03 02:15:13,062 - 208733 - INFO - Registering i-076c3e5cfe3957cfb to TG arn:aws:elasticloadbalancing:us-east-2:835314132208:targetgroup/Sears-WMS-Prod/bc52025ff2d54ad1
2026-05-03 02:20:13,948 - 208733 - WARNING - i-076c3e5cfe3957cfb not healthy in arn:aws:elasticloadbalancing:us-east-2:835314132208:targetgroup/Sears-AIMS-WES-Portal/f9d16f213ef8932b after timeout.
2026-05-03 02:25:14,711 - 208733 - WARNING - i-076c3e5cfe3957cfb not healthy in arn:aws:elasticloadbalancing:us-east-2:835314132208:targetgroup/Sears-Doms/954ad028f135e2e7 after timeout.
2026-05-03 02:30:15,495 - 208733 - WARNING - i-076c3e5cfe3957cfb not healthy in arn:aws:elasticloadbalancing:us-east-2:835314132208:targetgroup/Sears-Prod-AIMWS/08216ccfbee61013 after timeout.
2026-05-03 02:35:16,229 - 208733 - WARNING - i-076c3e5cfe3957cfb not healthy in arn:aws:elasticloadbalancing:us-east-2:835314132208:targetgroup/Sears-WMS-Prod/bc52025ff2d54ad1 after timeout.
2026-05-03 02:35:16,616 - 208733 - INFO - Email sent successfully to ['kishlayk@softeon.com', 'CloudOps@softeon.com']
2026-05-03 02:35:16,616 - 208733 - ERROR - Aborting workflow: i-076c3e5cfe3957cfb is not healthy after restart.
2026-05-03 02:35:16,619 - 208733 - INFO - Restart Total time: 0:23:40.184575
2026-05-03 02:35:16,619 - 208733 - INFO - Auto-confirmed services are restarted
2026-05-03 02:35:16,619 - 208733 - INFO - Confirmed - services are started
2026-05-03 02:35:16,754 - 208733 - INFO - The following instances have failed the patch: []
2026-05-03 02:35:16,754 - 208733 - INFO - No instances have failed the patch.
2026-05-03 02:35:16,754 - 208733 - INFO - Total Patch Process time: 0:30:14.366330
2026-05-03 02:36:17,464 - 208733 - INFO - Log file ./logs/patching_2026-05-03_sears-app.log uploaded to s3://q2-2026-aws-security-patching/sears-app_Patch/2026-05-03/patching_2026-05-03_sears-app.log
