2026-07-07 03:00:03,277 - 3887230 - INFO - Logger setup has been removed, using shared logger from common.logs.logger.
2026-07-07 03:00:03,277 - 3887230 - INFO - Script Start Time: 2026-07-07 03:00:03
2026-07-07 03:00:03,802 - 3887230 - INFO - Instance(s) selected for Patching: {'i-0adb606fcd1978c0b': '172.31.34.15', 'i-05d9c53918f5e3f48': '172.31.34.4'}
2026-07-07 03:00:03,870 - 3887230 - INFO - Email sent successfully to ['CloudOps@softeon.com']
2026-07-07 03:00:03,871 - 3887230 - INFO - Now patching instances at: 2026-07-07 03:00:03
2026-07-07 03:00:09,233 - 3887230 - INFO - i-0adb606fcd1978c0b: Cron was active = False
2026-07-07 03:00:14,496 - 3887230 - INFO - i-05d9c53918f5e3f48: Cron was active = False
2026-07-07 03:00:14,496 - 3887230 - INFO - No active cron is found on any instance, skipping disable step.
2026-07-07 03:00:14,759 - 3887230 - INFO - Sent app_validation.py to i-0adb606fcd1978c0b (command_id: 72b51649-4212-49cb-9b5e-6f65feed9189)
2026-07-07 03:00:44,844 - 3887230 - INFO - app_validation.py output for i-0adb606fcd1978c0b:

==============================================================================
Server Availability Check Started | 2026-07-07 07:00:15.067035
==============================================================================

==============================================================================
SYSTEM INFORMATION
==============================================================================
Server IP | 172.31.34.15
Hostname | ip-172-31-34-15
Current User | root
Working Directory | /usr/bin
Time Zone | UTC

==============================================================================
STORAGE CHECK | /data mounts
==============================================================================
Filesystem | Size | Used | Avail | Use% | Mounted on
/dev/nvme1n1p2 | 98.9G | 7.1G | 91.9G | 7% | /data

==============================================================================
SYMLINK CHECK | root (/)
==============================================================================
Symlinks Total | 4
Symlinks Valid | 4
Symlinks Invalid | 0
Symlink | ResolvedTarget
/bin | /usr/bin
/lib | /usr/lib
/lib64 | /usr/lib64
/sbin | /usr/sbin

==============================================================================
NFS CHECK
==============================================================================
NFS Package Installed | Yes
nfs-server.service Active | No
nfs-client.target Active | Yes
/etc/exports Present | Yes
EXPORTS_LINE | (empty)
NFS Mounted Shares | None

==============================================================================
CUPS CHECK
==============================================================================
CUPS Installed | No
CUPS Running | No
CUPS Version | Not Found
CUPS IP Port 631 Reachable | No
Cups server Http Status | Not Found
Cups printers Http Status | Not Found
Printers Configured | Not Found

==============================================================================
FTP CHECK
==============================================================================
FTP Installed | No
FTP Running (Port 21 localhost) | No
FTP Port 21 Reachable on 172.31.34.15 | No
FTP Processes | None

==============================================================================
JAVA CHECK
==============================================================================
Total Java Processes | 2
Batch/Daemon Java Processes | 2
Non-Standalone Java Processes | elastic_hsqldb, java

==============================================================================
BATCH/DAEMON JAVA DETAILS
==============================================================================
Batch/Daemon Java Processes | 2
Java-Name | Java-Path
elastic_hsqldb | /data/app/elastic/softeon/softwares/hsql/data
java | /data/app/elastic/softeon/softwares/release

==============================================================================
JBOSS/WILDFLY APPS (simple table)
==============================================================================
JBoss App Processes | 0
JBoss Apps | None

==============================================================================
Server Availability Check Completed | 2026-07-07 07:00:15.370301
==============================================================================

2026-07-07 03:00:44,844 - 3887230 - ERROR - app_validation.py errors for i-0adb606fcd1978c0b:

2026-07-07 03:00:44,846 - 3887230 - INFO - Before patching log saved: /data/patching_report/validation-2026-07-07/Kinaxis-UAT/172.31.34.15/172.31.34.15-BeforePatching-2026-07-07-03-00-44-845.log
2026-07-07 03:00:45,031 - 3887230 - INFO - Sent app_validation.py to i-05d9c53918f5e3f48 (command_id: a35fc2e3-55e8-49dc-a374-40cac35aaaf4)
2026-07-07 03:01:15,129 - 3887230 - INFO - app_validation.py output for i-05d9c53918f5e3f48:

==============================================================================
Server Availability Check Started | 2026-07-07 07:00:45.330345
==============================================================================

==============================================================================
SYSTEM INFORMATION
==============================================================================
Server IP | 172.31.34.4
Hostname | ip-172-31-34-4
Current User | root
Working Directory | /usr/bin
Time Zone | UTC

==============================================================================
STORAGE CHECK | /data mounts
==============================================================================
Filesystem | Size | Used | Avail | Use% | Mounted on
/dev/nvme1n1p2 | 98.9G | 8.1G | 90.9G | 8% | /data

==============================================================================
SYMLINK CHECK | root (/)
==============================================================================
Symlinks Total | 4
Symlinks Valid | 4
Symlinks Invalid | 0
Symlink | ResolvedTarget
/bin | /usr/bin
/lib | /usr/lib
/lib64 | /usr/lib64
/sbin | /usr/sbin

==============================================================================
NFS CHECK
==============================================================================
NFS Package Installed | Yes
nfs-server.service Active | No
nfs-client.target Active | Yes
/etc/exports Present | Yes
EXPORTS_LINE | (empty)
NFS Mounted Shares | None

==============================================================================
CUPS CHECK
==============================================================================
CUPS Installed | No
CUPS Running | No
CUPS Version | Not Found
CUPS IP Port 631 Reachable | No
Cups server Http Status | Not Found
Cups printers Http Status | Not Found
Printers Configured | Not Found

==============================================================================
FTP CHECK
==============================================================================
FTP Installed | No
FTP Running (Port 21 localhost) | No
FTP Port 21 Reachable on 172.31.34.4 | No
FTP Processes | None

==============================================================================
JAVA CHECK
==============================================================================
Total Java Processes | 4
Batch/Daemon Java Processes | 4
Non-Standalone Java Processes | feautre_installer_test, elastic_hsqldb_test, elastic_hsqldb, java

==============================================================================
BATCH/DAEMON JAVA DETAILS
==============================================================================
Batch/Daemon Java Processes | 4
Java-Name | Java-Path
feautre_installer_test | /data/app/elastic_test/softeon/softwares/release
elastic_hsqldb_test | /data/app/elastic_test/softeon/softwares/hsql/data
elastic_hsqldb | /data/app/elastic/softeon/softwares/hsql/data
java | /data/app/elastic/softeon/softwares/release

==============================================================================
JBOSS/WILDFLY APPS (simple table)
==============================================================================
JBoss App Processes | 0
JBoss Apps | None

==============================================================================
Server Availability Check Completed | 2026-07-07 07:00:45.721693
==============================================================================

2026-07-07 03:01:15,129 - 3887230 - ERROR - app_validation.py errors for i-05d9c53918f5e3f48:

2026-07-07 03:01:15,131 - 3887230 - INFO - Before patching log saved: /data/patching_report/validation-2026-07-07/Kinaxis-UAT/172.31.34.4/172.31.34.4-BeforePatching-2026-07-07-03-01-15-131.log
2026-07-07 03:01:15,217 - 3887230 - INFO - Sending patch command to instance i-0adb606fcd1978c0b
2026-07-07 03:01:15,341 - 3887230 - INFO - Command sent successfully to instance i-0adb606fcd1978c0b. Command ID: 3c0b29da-a254-4ea4-ac44-f3b57967e3e7
2026-07-07 03:01:15,489 - 3887230 - INFO - Sending patch command to instance i-05d9c53918f5e3f48
2026-07-07 03:01:15,578 - 3887230 - INFO - Command sent successfully to instance i-05d9c53918f5e3f48. Command ID: 91d88480-1b5f-49ca-b988-84f7b3801ba7
2026-07-07 03:08:47,731 - 3887230 - INFO - All patches applied successfully.
2026-07-07 03:08:47,732 - 3887230 - INFO - Patching end time: 2026-07-07 03:08:47
2026-07-07 03:08:47,732 - 3887230 - INFO - Patch Elapsed time: 0:08:43.861040
2026-07-07 03:08:47,798 - 3887230 - INFO - Email sent successfully to ['CloudOps@softeon.com']
2026-07-07 03:08:47,798 - 3887230 - INFO - Confirmed - services are stopped
2026-07-07 03:09:08,615 - 3887230 - INFO - Discovered TG map: {'i-0adb606fcd1978c0b': ['arn:aws:elasticloadbalancing:us-east-1:835314132208:targetgroup/Kinaxis-Dev-ScanApp/906197d28c17f423', 'arn:aws:elasticloadbalancing:us-east-1:835314132208:targetgroup/Kinaxis-Dev-ScanApp-Luca/75fa6286ce2a0152'], 'i-05d9c53918f5e3f48': ['arn:aws:elasticloadbalancing:us-east-1:835314132208:targetgroup/Kinaxis-UAT-ScanApp/26007c6119891e70', 'arn:aws:elasticloadbalancing:us-east-1:835314132208:targetgroup/Kinaxis-UAT-ScanApp-Luca/83077ff16815933f']}
2026-07-07 03:09:08,798 - 3887230 - INFO - Deregistering i-0adb606fcd1978c0b from TG arn:aws:elasticloadbalancing:us-east-1:835314132208:targetgroup/Kinaxis-Dev-ScanApp/906197d28c17f423
2026-07-07 03:09:08,869 - 3887230 - INFO - Deregistering i-0adb606fcd1978c0b from TG arn:aws:elasticloadbalancing:us-east-1:835314132208:targetgroup/Kinaxis-Dev-ScanApp-Luca/75fa6286ce2a0152
2026-07-07 03:09:08,913 - 3887230 - INFO - Stopping EC2 instance: i-0adb606fcd1978c0b at 2026-07-07 03:09:08
2026-07-07 03:10:40,210 - 3887230 - INFO - Instance i-0adb606fcd1978c0b stopped successfully.
2026-07-07 03:10:40,459 - 3887230 - INFO - Stopped i-0adb606fcd1978c0b in 0:01:31.545334
2026-07-07 03:10:40,459 - 3887230 - INFO - Starting EC2 instance: i-0adb606fcd1978c0b
2026-07-07 03:10:56,470 - 3887230 - INFO - Instance i-0adb606fcd1978c0b started successfully.
2026-07-07 03:10:56,470 - 3887230 - INFO - Waiting 100 seconds for SSM agent to be ready on i-0adb606fcd1978c0b...
2026-07-07 03:12:36,571 - 3887230 - INFO - Registering i-0adb606fcd1978c0b to TG arn:aws:elasticloadbalancing:us-east-1:835314132208:targetgroup/Kinaxis-Dev-ScanApp/906197d28c17f423
2026-07-07 03:12:36,794 - 3887230 - INFO - Registering i-0adb606fcd1978c0b to TG arn:aws:elasticloadbalancing:us-east-1:835314132208:targetgroup/Kinaxis-Dev-ScanApp-Luca/75fa6286ce2a0152
2026-07-07 03:13:07,365 - 3887230 - INFO - Sent app_validation.py to i-0adb606fcd1978c0b (command_id: 882af645-561d-464b-a1c5-779872fa7946)
2026-07-07 03:13:37,520 - 3887230 - INFO - app_validation.py output for i-0adb606fcd1978c0b:

==============================================================================
Server Availability Check Started | 2026-07-07 07:13:07.651532
==============================================================================

==============================================================================
SYSTEM INFORMATION
==============================================================================
Server IP | 172.31.34.15
Hostname | ip-172-31-34-15
Current User | root
Working Directory | /usr/bin
Time Zone | UTC

==============================================================================
STORAGE CHECK | /data mounts
==============================================================================
Filesystem | Size | Used | Avail | Use% | Mounted on
/dev/nvme1n1p2 | 98.9G | 7.0G | 91.9G | 7% | /data

==============================================================================
SYMLINK CHECK | root (/)
==============================================================================
Symlinks Total | 4
Symlinks Valid | 4
Symlinks Invalid | 0
Symlink | ResolvedTarget
/bin | /usr/bin
/lib | /usr/lib
/lib64 | /usr/lib64
/sbin | /usr/sbin

==============================================================================
NFS CHECK
==============================================================================
NFS Package Installed | Yes
nfs-server.service Active | No
nfs-client.target Active | Yes
/etc/exports Present | Yes
EXPORTS_LINE | (empty)
NFS Mounted Shares | None

==============================================================================
CUPS CHECK
==============================================================================
CUPS Installed | No
CUPS Running | No
CUPS Version | Not Found
CUPS IP Port 631 Reachable | No
Cups server Http Status | Not Found
Cups printers Http Status | Not Found
Printers Configured | Not Found

==============================================================================
FTP CHECK
==============================================================================
FTP Installed | No
FTP Running (Port 21 localhost) | No
FTP Port 21 Reachable on 172.31.34.15 | No
FTP Processes | None

==============================================================================
JAVA CHECK
==============================================================================
Total Java Processes | 2
Batch/Daemon Java Processes | 2
Non-Standalone Java Processes | java, elastic_hsqldb

==============================================================================
BATCH/DAEMON JAVA DETAILS
==============================================================================
Batch/Daemon Java Processes | 2
Java-Name | Java-Path
java | /data/app/elastic/softeon/softwares/release
elastic_hsqldb | /data/app/elastic/softeon/softwares/hsql/data

==============================================================================
JBOSS/WILDFLY APPS (simple table)
==============================================================================
JBoss App Processes | 0
JBoss Apps | None

==============================================================================
Server Availability Check Completed | 2026-07-07 07:13:07.870673
==============================================================================

2026-07-07 03:13:37,520 - 3887230 - ERROR - app_validation.py errors for i-0adb606fcd1978c0b:

2026-07-07 03:13:37,522 - 3887230 - INFO - After patching validation saved to: /data/patching_report/validation-2026-07-07/Kinaxis-UAT/172.31.34.15/172.31.34.15-AfterPatching-2026-07-07-03-13-37-522.log
2026-07-07 03:13:37,574 - 3887230 - INFO - Validation comparison report generated: /data/patching_report/validation-2026-07-07/Kinaxis-UAT/172.31.34.15/172.31.34.15-Validation-details-2026-07-07-03-13-37-522.html
2026-07-07 03:13:37,758 - 3887230 - INFO - i-0adb606fcd1978c0b: Cron was not active before patching - skipping enable.
2026-07-07 03:13:37,837 - 3887230 - INFO - Email sent successfully to ['kishlayk@softeon.com', 'CloudOps@softeon.com']
2026-07-07 03:13:37,837 - 3887230 - INFO - HTML validation report email sent for i-0adb606fcd1978c0b
2026-07-07 03:13:38,104 - 3887230 - INFO - Started i-0adb606fcd1978c0b in 0:02:57.645137
2026-07-07 03:13:38,105 - 3887230 - INFO - Waiting 120 seconds before proceeding to the next instance...
2026-07-07 03:15:38,112 - 3887230 - INFO - Deregistering i-05d9c53918f5e3f48 from TG arn:aws:elasticloadbalancing:us-east-1:835314132208:targetgroup/Kinaxis-UAT-ScanApp/26007c6119891e70
2026-07-07 03:15:38,188 - 3887230 - INFO - Deregistering i-05d9c53918f5e3f48 from TG arn:aws:elasticloadbalancing:us-east-1:835314132208:targetgroup/Kinaxis-UAT-ScanApp-Luca/83077ff16815933f
2026-07-07 03:15:38,232 - 3887230 - INFO - Stopping EC2 instance: i-05d9c53918f5e3f48 at 2026-07-07 03:15:38
2026-07-07 03:17:09,498 - 3887230 - INFO - Instance i-05d9c53918f5e3f48 stopped successfully.
2026-07-07 03:17:09,746 - 3887230 - INFO - Stopped i-05d9c53918f5e3f48 in 0:01:31.514539
2026-07-07 03:17:09,747 - 3887230 - INFO - Starting EC2 instance: i-05d9c53918f5e3f48
2026-07-07 03:17:25,674 - 3887230 - INFO - Instance i-05d9c53918f5e3f48 started successfully.
2026-07-07 03:17:25,674 - 3887230 - INFO - Waiting 100 seconds for SSM agent to be ready on i-05d9c53918f5e3f48...
2026-07-07 03:19:05,771 - 3887230 - INFO - Registering i-05d9c53918f5e3f48 to TG arn:aws:elasticloadbalancing:us-east-1:835314132208:targetgroup/Kinaxis-UAT-ScanApp/26007c6119891e70
2026-07-07 03:19:05,993 - 3887230 - INFO - Registering i-05d9c53918f5e3f48 to TG arn:aws:elasticloadbalancing:us-east-1:835314132208:targetgroup/Kinaxis-UAT-ScanApp-Luca/83077ff16815933f
2026-07-07 03:19:36,447 - 3887230 - INFO - Sent app_validation.py to i-05d9c53918f5e3f48 (command_id: 15552fee-924b-407e-900c-e5c9f254dbd6)
2026-07-07 03:20:06,565 - 3887230 - INFO - app_validation.py output for i-05d9c53918f5e3f48:

==============================================================================
Server Availability Check Started | 2026-07-07 07:19:36.823599
==============================================================================

==============================================================================
SYSTEM INFORMATION
==============================================================================
Server IP | 172.31.34.4
Hostname | ip-172-31-34-4
Current User | root
Working Directory | /usr/bin
Time Zone | UTC

==============================================================================
STORAGE CHECK | /data mounts
==============================================================================
Filesystem | Size | Used | Avail | Use% | Mounted on
/dev/nvme1n1p2 | 98.9G | 8.1G | 90.9G | 8% | /data

==============================================================================
SYMLINK CHECK | root (/)
==============================================================================
Symlinks Total | 4
Symlinks Valid | 4
Symlinks Invalid | 0
Symlink | ResolvedTarget
/bin | /usr/bin
/lib | /usr/lib
/lib64 | /usr/lib64
/sbin | /usr/sbin

==============================================================================
NFS CHECK
==============================================================================
NFS Package Installed | Yes
nfs-server.service Active | No
nfs-client.target Active | Yes
/etc/exports Present | Yes
EXPORTS_LINE | (empty)
NFS Mounted Shares | None

==============================================================================
CUPS CHECK
==============================================================================
CUPS Installed | No
CUPS Running | No
CUPS Version | Not Found
CUPS IP Port 631 Reachable | No
Cups server Http Status | Not Found
Cups printers Http Status | Not Found
Printers Configured | Not Found

==============================================================================
FTP CHECK
==============================================================================
FTP Installed | No
FTP Running (Port 21 localhost) | No
FTP Port 21 Reachable on 172.31.34.4 | No
FTP Processes | None

==============================================================================
JAVA CHECK
==============================================================================
Total Java Processes | 4
Batch/Daemon Java Processes | 4
Non-Standalone Java Processes | java, feautre_installer_test, elastic_hsqldb, elastic_hsqldb_test

==============================================================================
BATCH/DAEMON JAVA DETAILS
==============================================================================
Batch/Daemon Java Processes | 4
Java-Name | Java-Path
java | /data/app/elastic/softeon/softwares/release
feautre_installer_test | /data/app/elastic_test/softeon/softwares/release
elastic_hsqldb | /data/app/elastic/softeon/softwares/hsql/data
elastic_hsqldb_test | /data/app/elastic_test/softeon/softwares/hsql/data

==============================================================================
JBOSS/WILDFLY APPS (simple table)
==============================================================================
JBoss App Processes | 0
JBoss Apps | None

==============================================================================
Server Availability Check Completed | 2026-07-07 07:19:37.090658
==============================================================================

2026-07-07 03:20:06,565 - 3887230 - ERROR - app_validation.py errors for i-05d9c53918f5e3f48:

2026-07-07 03:20:06,567 - 3887230 - INFO - After patching validation saved to: /data/patching_report/validation-2026-07-07/Kinaxis-UAT/172.31.34.4/172.31.34.4-AfterPatching-2026-07-07-03-20-06-566.log
2026-07-07 03:20:06,619 - 3887230 - INFO - Validation comparison report generated: /data/patching_report/validation-2026-07-07/Kinaxis-UAT/172.31.34.4/172.31.34.4-Validation-details-2026-07-07-03-20-06-566.html
2026-07-07 03:20:06,879 - 3887230 - INFO - i-05d9c53918f5e3f48: Cron was not active before patching - skipping enable.
2026-07-07 03:20:06,949 - 3887230 - INFO - Email sent successfully to ['kishlayk@softeon.com', 'CloudOps@softeon.com']
2026-07-07 03:20:06,949 - 3887230 - INFO - HTML validation report email sent for i-05d9c53918f5e3f48
2026-07-07 03:20:07,219 - 3887230 - INFO - Started i-05d9c53918f5e3f48 in 0:02:57.472420
2026-07-07 03:20:07,220 - 3887230 - INFO - All instances processed.
2026-07-07 03:20:07,225 - 3887230 - INFO - Restart Total time: 0:11:19.291724
2026-07-07 03:20:07,225 - 3887230 - INFO - Auto-confirmed services are restarted
2026-07-07 03:20:07,225 - 3887230 - INFO - Confirmed - services are started
2026-07-07 03:20:07,346 - 3887230 - INFO - The following instances have failed the patch: []
2026-07-07 03:20:07,346 - 3887230 - INFO - No instances have failed the patch.
2026-07-07 03:20:07,346 - 3887230 - INFO - Total Patch Process time: 0:20:04.068781
2026-07-07 03:21:07,930 - 3887230 - INFO - Log file ./logs/patching_2026-07-07_Kinaxis-UAT.log uploaded to s3://q3-2026-aws-security-patching/Kinaxis-UAT_Patch/2026-07-07/patching_2026-07-07_Kinaxis-UAT.log
