2026-08-15 10:00:04,836 - 652241 - INFO - Email sent successfully to ['CloudOps@softeon.com']
2026-08-15 10:08:04,035 - 652241 - INFO - Email sent successfully to ['CloudOps@softeon.com']
2026-08-15 10:08:04,220 - 652241 - INFO - Log file ./logs/backup_2026-08-15.log uploaded to s3://q3-2025-aws-security-patching/q3-kinaxis-prod_Patch_Backup/2026-08-15/backup_2026-08-15.log
2026-08-15 14:00:04,623 - 729373 - INFO - Logger setup has been removed, using shared logger from common.logs.logger.
2026-08-15 14:00:04,624 - 729373 - INFO - Script Start Time: 2026-08-15 14:00:04
2026-08-15 14:00:04,956 - 729373 - INFO - Tag: q3-kinaxis-prod, IPs: ['172.31.34.5', '172.31.34.46'], Environment: prod
2026-08-15 14:00:04,957 - 729373 - INFO - Starting log monitor
2026-08-15 14:00:11,976 - 729373 - INFO - Log monitor started for: /data/patching_v4/logs/patching_2026-08-15_q3-kinaxis-prod.log
2026-08-15 14:00:11,976 - 729373 - INFO - Instance(s) selected for Patching: {'i-0247c905a24cc8d5d': '172.31.34.5', 'i-0d414e5543e3e396e': '172.31.34.46'}
2026-08-15 14:00:12,056 - 729373 - INFO - Email sent successfully to ['CloudOps@softeon.com']
2026-08-15 14:00:12,056 - 729373 - INFO - Now patching instances at: 2026-08-15 14:00:12
2026-08-15 14:00:12,238 - 729373 - INFO - Sent app_validation.py to i-0d414e5543e3e396e (command_id: 5a909ec0-eb92-4d22-97c1-2b15fbbbb92b)
2026-08-15 14:00:42,327 - 729373 - INFO - SSM Command Status: Success
2026-08-15 14:00:42,327 - 729373 - INFO - app_validation.py output for i-0d414e5543e3e396e:

==============================================================================
Server Availability Check Started | 2026-08-15 18:00:12.523434
==============================================================================

==============================================================================
SYSTEM INFORMATION
==============================================================================
Server IP | 172.31.34.46
Hostname | ip-172-31-34-46
Current User | root
Working Directory | /usr/bin
Time Zone | UTC

==============================================================================
STORAGE CHECK | /data mounts
==============================================================================
Filesystem | Size | Used | Avail | Use% | Mounted on
/dev/nvme1n1p2 | 99.9G | 14.4G | 85.5G | 14% | /data

==============================================================================
SYMLINK CHECK | root (/)
==============================================================================
Symlinks Total | 4
Symlinks Valid | 4
Symlinks Invalid | 0
Symlink | ResolvedTarget
/bin | /usr/bin
/lib | /usr/lib
/lib64 | /usr/lib64
/sbin | /usr/sbin

==============================================================================
NFS CHECK
==============================================================================
NFS Package Installed | Yes
nfs-server.service Active | No
nfs-client.target Active | Yes
/etc/exports Present | Yes
EXPORTS_LINE | (empty)
NFS Mounted Shares | None

==============================================================================
CUPS CHECK
==============================================================================
CUPS Installed | No
CUPS Running | No
CUPS Version | Not Found
CUPS IP Port 631 Reachable | No
Cups server Http Status | Not Found
Cups printers Http Status | Not Found
Printers Configured | Not Found

==============================================================================
FTP CHECK
==============================================================================
FTP Installed | No
FTP Running (Port 21 localhost) | No
FTP Port 21 Reachable on 172.31.34.46 | No
FTP Processes | None

==============================================================================
JAVA CHECK
==============================================================================
Total Java Processes | 2
Batch/Daemon Java Processes | 2
Non-Standalone Java Processes | elasticui_prod, elastic_hsqldb

==============================================================================
BATCH/DAEMON JAVA DETAILS
==============================================================================
Batch/Daemon Java Processes | 2
Java-Name | Java-Path
elasticui_prod | /data/app/elastic/softeon/softwares/release
elastic_hsqldb | /data/app/elastic/softeon/softwares/hsql/data

==============================================================================
JBOSS/WILDFLY APPS (simple table)
==============================================================================
JBoss App Processes | 0
JBoss Apps | None

==============================================================================
HEALTH MONITOR CRONTAB STATUS
==============================================================================
Health Monitor Crontab | Not Found

==============================================================================
Server Availability Check Completed | 2026-08-15 18:00:12.961739
==============================================================================

2026-08-15 14:00:42,328 - 729373 - INFO - Before patching log saved: /data/patching_report/validation-2026-08-15/q3-kinaxis-prod/172.31.34.46/172.31.34.46-BeforePatching-2026-08-15-14-00-42-328.log
2026-08-15 14:00:42,495 - 729373 - INFO - Sent app_validation.py to i-0247c905a24cc8d5d (command_id: eace5d7c-c9f0-4698-a91e-1ece735f13c4)
2026-08-15 14:01:12,587 - 729373 - INFO - SSM Command Status: Success
2026-08-15 14:01:12,587 - 729373 - INFO - app_validation.py output for i-0247c905a24cc8d5d:

==============================================================================
Server Availability Check Started | 2026-08-15 18:00:42.779511
==============================================================================

==============================================================================
SYSTEM INFORMATION
==============================================================================
Server IP | 172.31.34.5
Hostname | ip-172-31-34-5
Current User | root
Working Directory | /usr/bin
Time Zone | UTC

==============================================================================
STORAGE CHECK | /data mounts
==============================================================================
Filesystem | Size | Used | Avail | Use% | Mounted on
/dev/nvme1n1p2 | 99.9G | 10.2G | 89.7G | 10% | /data

==============================================================================
SYMLINK CHECK | root (/)
==============================================================================
Symlinks Total | 4
Symlinks Valid | 4
Symlinks Invalid | 0
Symlink | ResolvedTarget
/bin | /usr/bin
/lib | /usr/lib
/lib64 | /usr/lib64
/sbin | /usr/sbin

==============================================================================
NFS CHECK
==============================================================================
NFS Package Installed | Yes
nfs-server.service Active | No
nfs-client.target Active | Yes
/etc/exports Present | Yes
EXPORTS_LINE | (empty)
NFS Mounted Shares | None

==============================================================================
CUPS CHECK
==============================================================================
CUPS Installed | No
CUPS Running | No
CUPS Version | Not Found
CUPS IP Port 631 Reachable | No
Cups server Http Status | Not Found
Cups printers Http Status | Not Found
Printers Configured | Not Found

==============================================================================
FTP CHECK
==============================================================================
FTP Installed | No
FTP Running (Port 21 localhost) | No
FTP Port 21 Reachable on 172.31.34.5 | No
FTP Processes | None

==============================================================================
JAVA CHECK
==============================================================================
Total Java Processes | 2
Batch/Daemon Java Processes | 2
Non-Standalone Java Processes | elastic_hsqldb, elasticui_prod

==============================================================================
BATCH/DAEMON JAVA DETAILS
==============================================================================
Batch/Daemon Java Processes | 2
Java-Name | Java-Path
elastic_hsqldb | /data/app/elastic/softeon/softwares/hsql/data
elasticui_prod | /data/app/elastic/softeon/softwares/release

==============================================================================
JBOSS/WILDFLY APPS (simple table)
==============================================================================
JBoss App Processes | 0
JBoss Apps | None

==============================================================================
HEALTH MONITOR CRONTAB STATUS
==============================================================================
Health Monitor Crontab | Not Found

==============================================================================
Server Availability Check Completed | 2026-08-15 18:00:43.162086
==============================================================================

2026-08-15 14:01:12,588 - 729373 - INFO - Before patching log saved: /data/patching_report/validation-2026-08-15/q3-kinaxis-prod/172.31.34.5/172.31.34.5-BeforePatching-2026-08-15-14-01-12-588.log
2026-08-15 14:01:17,856 - 729373 - INFO - i-0d414e5543e3e396e: Cron was active = False
2026-08-15 14:01:23,084 - 729373 - INFO - i-0247c905a24cc8d5d: Cron was active = False
2026-08-15 14:01:23,084 - 729373 - INFO - No active cron is found on any instance, skipping disable step.
2026-08-15 14:01:23,231 - 729373 - INFO - Sending patch command to instance i-0d414e5543e3e396e
2026-08-15 14:01:23,343 - 729373 - INFO - Command sent successfully to instance i-0d414e5543e3e396e. Command ID: a4e8de0e-c0ff-4f6d-b43b-5a7f04cdce68
2026-08-15 14:01:23,607 - 729373 - INFO - Sending patch command to instance i-0247c905a24cc8d5d
2026-08-15 14:01:23,692 - 729373 - INFO - Command sent successfully to instance i-0247c905a24cc8d5d. Command ID: b809d2eb-fd6c-4377-b59e-c0d60f3c2bce
2026-08-15 14:09:55,956 - 729373 - INFO - All patches applied successfully.
2026-08-15 14:09:55,956 - 729373 - INFO - Patching end time: 2026-08-15 14:09:55
2026-08-15 14:09:55,956 - 729373 - INFO - Patch Elapsed time: 0:09:43.900501
2026-08-15 14:09:56,034 - 729373 - INFO - Email sent successfully to ['CloudOps@softeon.com']
2026-08-15 14:09:56,034 - 729373 - INFO - Confirmed - services are stopped
2026-08-15 14:10:18,002 - 729373 - INFO - Discovered TG map: {'i-0d414e5543e3e396e': ['arn:aws:elasticloadbalancing:us-east-1:835314132208:targetgroup/Kinaxis-Prod-ScanApp/75a394393cb3a971', 'arn:aws:elasticloadbalancing:us-east-1:835314132208:targetgroup/Kinaxis-Prod-ScanApp-Luca/9e113d40c1262c96'], 'i-0247c905a24cc8d5d': ['arn:aws:elasticloadbalancing:us-east-1:835314132208:targetgroup/Kinaxis-Prod-ScanApp/75a394393cb3a971', 'arn:aws:elasticloadbalancing:us-east-1:835314132208:targetgroup/Kinaxis-Prod-ScanApp-Luca/9e113d40c1262c96']}
2026-08-15 14:10:18,181 - 729373 - INFO - Deregistering i-0d414e5543e3e396e from TG arn:aws:elasticloadbalancing:us-east-1:835314132208:targetgroup/Kinaxis-Prod-ScanApp/75a394393cb3a971
2026-08-15 14:10:18,254 - 729373 - INFO - Deregistering i-0d414e5543e3e396e from TG arn:aws:elasticloadbalancing:us-east-1:835314132208:targetgroup/Kinaxis-Prod-ScanApp-Luca/9e113d40c1262c96
2026-08-15 14:10:18,295 - 729373 - INFO - Stopping EC2 instance: i-0d414e5543e3e396e at 2026-08-15 14:10:18
2026-08-15 14:11:49,514 - 729373 - INFO - Instance i-0d414e5543e3e396e stopped successfully.
2026-08-15 14:11:49,766 - 729373 - INFO - Stopped i-0d414e5543e3e396e in 0:01:31.470411
2026-08-15 14:11:49,766 - 729373 - INFO - Starting EC2 instance: i-0d414e5543e3e396e
2026-08-15 14:12:05,619 - 729373 - INFO - Instance i-0d414e5543e3e396e started successfully.
2026-08-15 14:12:05,619 - 729373 - INFO - Waiting 100 seconds for SSM agent to be ready on i-0d414e5543e3e396e...
2026-08-15 14:13:45,720 - 729373 - INFO - Registering i-0d414e5543e3e396e to TG arn:aws:elasticloadbalancing:us-east-1:835314132208:targetgroup/Kinaxis-Prod-ScanApp/75a394393cb3a971
2026-08-15 14:13:45,918 - 729373 - INFO - Registering i-0d414e5543e3e396e to TG arn:aws:elasticloadbalancing:us-east-1:835314132208:targetgroup/Kinaxis-Prod-ScanApp-Luca/9e113d40c1262c96
2026-08-15 14:14:16,416 - 729373 - INFO - Sent app_validation.py to i-0d414e5543e3e396e (command_id: 0faf6ffd-8c84-4b31-ba0c-4fc243612913)
2026-08-15 14:14:46,500 - 729373 - INFO - SSM Command Status: Success
2026-08-15 14:14:46,500 - 729373 - INFO - app_validation.py output for i-0d414e5543e3e396e:

==============================================================================
Server Availability Check Started | 2026-08-15 18:14:16.869504
==============================================================================

==============================================================================
SYSTEM INFORMATION
==============================================================================
Server IP | 172.31.34.46
Hostname | ip-172-31-34-46
Current User | root
Working Directory | /usr/bin
Time Zone | UTC

==============================================================================
STORAGE CHECK | /data mounts
==============================================================================
Filesystem | Size | Used | Avail | Use% | Mounted on
/dev/nvme1n1p2 | 99.9G | 14.4G | 85.5G | 14% | /data

==============================================================================
SYMLINK CHECK | root (/)
==============================================================================
Symlinks Total | 4
Symlinks Valid | 4
Symlinks Invalid | 0
Symlink | ResolvedTarget
/bin | /usr/bin
/lib | /usr/lib
/lib64 | /usr/lib64
/sbin | /usr/sbin

==============================================================================
NFS CHECK
==============================================================================
NFS Package Installed | Yes
nfs-server.service Active | No
nfs-client.target Active | Yes
/etc/exports Present | Yes
EXPORTS_LINE | (empty)
NFS Mounted Shares | None

==============================================================================
CUPS CHECK
==============================================================================
CUPS Installed | No
CUPS Running | No
CUPS Version | Not Found
CUPS IP Port 631 Reachable | No
Cups server Http Status | Not Found
Cups printers Http Status | Not Found
Printers Configured | Not Found

==============================================================================
FTP CHECK
==============================================================================
FTP Installed | No
FTP Running (Port 21 localhost) | No
FTP Port 21 Reachable on 172.31.34.46 | No
FTP Processes | None

==============================================================================
JAVA CHECK
==============================================================================
Total Java Processes | 2
Batch/Daemon Java Processes | 2
Non-Standalone Java Processes | elasticui_prod, elastic_hsqldb

==============================================================================
BATCH/DAEMON JAVA DETAILS
==============================================================================
Batch/Daemon Java Processes | 2
Java-Name | Java-Path
elasticui_prod | /data/app/elastic/softeon/softwares/release
elastic_hsqldb | /data/app/elastic/softeon/softwares/hsql/data

==============================================================================
JBOSS/WILDFLY APPS (simple table)
==============================================================================
JBoss App Processes | 0
JBoss Apps | None

==============================================================================
HEALTH MONITOR CRONTAB STATUS
==============================================================================
Health Monitor Crontab | Not Found

==============================================================================
Server Availability Check Completed | 2026-08-15 18:14:17.270696
==============================================================================

2026-08-15 14:14:46,502 - 729373 - INFO - After patching validation saved to: /data/patching_report/validation-2026-08-15/q3-kinaxis-prod/172.31.34.46/172.31.34.46-AfterPatching-2026-08-15-14-14-46-502.log
2026-08-15 14:14:46,557 - 729373 - INFO - Validation comparison report generated: /data/patching_report/validation-2026-08-15/q3-kinaxis-prod/172.31.34.46/172.31.34.46-Validation-details-2026-08-15-14-14-46-502.html
2026-08-15 14:14:46,726 - 729373 - INFO - i-0d414e5543e3e396e: Cron was not active - skipping enable
2026-08-15 14:14:46,797 - 729373 - INFO - Email sent successfully to ['kishlayk@softeon.com', 'CloudOps@softeon.com']
2026-08-15 14:14:46,797 - 729373 - INFO - GREEN mail sent for i-0d414e5543e3e396e
2026-08-15 14:14:47,044 - 729373 - INFO - Started i-0d414e5543e3e396e in 0:02:57.278166
2026-08-15 14:14:47,045 - 729373 - INFO - Waiting 120 seconds before proceeding to the next instance...
2026-08-15 14:16:47,140 - 729373 - INFO - Deregistering i-0247c905a24cc8d5d from TG arn:aws:elasticloadbalancing:us-east-1:835314132208:targetgroup/Kinaxis-Prod-ScanApp/75a394393cb3a971
2026-08-15 14:16:47,226 - 729373 - INFO - Deregistering i-0247c905a24cc8d5d from TG arn:aws:elasticloadbalancing:us-east-1:835314132208:targetgroup/Kinaxis-Prod-ScanApp-Luca/9e113d40c1262c96
2026-08-15 14:16:47,278 - 729373 - INFO - Stopping EC2 instance: i-0247c905a24cc8d5d at 2026-08-15 14:16:47
2026-08-15 14:17:48,242 - 729373 - INFO - Instance i-0247c905a24cc8d5d stopped successfully.
2026-08-15 14:17:48,488 - 729373 - INFO - Stopped i-0247c905a24cc8d5d in 0:01:01.209828
2026-08-15 14:17:48,488 - 729373 - INFO - Starting EC2 instance: i-0247c905a24cc8d5d
2026-08-15 14:18:04,414 - 729373 - INFO - Instance i-0247c905a24cc8d5d started successfully.
2026-08-15 14:18:04,414 - 729373 - INFO - Waiting 100 seconds for SSM agent to be ready on i-0247c905a24cc8d5d...
2026-08-15 14:19:44,509 - 729373 - INFO - Registering i-0247c905a24cc8d5d to TG arn:aws:elasticloadbalancing:us-east-1:835314132208:targetgroup/Kinaxis-Prod-ScanApp/75a394393cb3a971
2026-08-15 14:19:44,701 - 729373 - INFO - Registering i-0247c905a24cc8d5d to TG arn:aws:elasticloadbalancing:us-east-1:835314132208:targetgroup/Kinaxis-Prod-ScanApp-Luca/9e113d40c1262c96
2026-08-15 14:27:46,039 - 729373 - WARNING - i-0247c905a24cc8d5d not healthy in arn:aws:elasticloadbalancing:us-east-1:835314132208:targetgroup/Kinaxis-Prod-ScanApp-Luca/9e113d40c1262c96 after timeout.
2026-08-15 14:27:46,167 - 729373 - INFO - Email sent successfully to ['kishlayk@softeon.com', 'CloudOps@softeon.com']
2026-08-15 14:27:46,168 - 729373 - ERROR - Aborting workflow: i-0247c905a24cc8d5d is not healthy after restart.
2026-08-15 14:27:46,172 - 729373 - INFO - Restart Total time: 0:17:50.009315
2026-08-15 14:27:46,173 - 729373 - INFO - Auto-confirmed services are restarted
2026-08-15 14:27:46,173 - 729373 - INFO - Confirmed - services are started
2026-08-15 14:27:46,307 - 729373 - INFO - The following instances have failed the patch: []
2026-08-15 14:27:46,308 - 729373 - INFO - No instances have failed the patch.
2026-08-15 14:27:46,308 - 729373 - INFO - Total Patch Process time: 0:27:41.683086
2026-08-15 14:28:46,901 - 729373 - INFO - Log file ./logs/patching_2026-08-15_q3-kinaxis-prod.log uploaded to s3://q3-2026-aws-security-patching/q3-kinaxis-prod_Patch/2026-08-15/patching_2026-08-15_q3-kinaxis-prod.log
