2026-05-19 00:20:02,593 - 1218903 - INFO - Logger setup has been removed, using shared logger from common.logs.logger.
2026-05-19 00:20:02,593 - 1218903 - INFO - Script Start Time: 2026-05-19 00:20:02
2026-05-19 00:20:03,093 - 1218903 - INFO - Instance(s) selected for Patching: {'i-08c3d022cc8a6f875': '172.28.25.8', 'i-0e75968f961a6c24e': '172.28.25.36'}
2026-05-19 00:20:03,179 - 1218903 - INFO - Email sent successfully to ['CloudOps@softeon.com']
2026-05-19 00:20:03,179 - 1218903 - INFO - Now patching instances at: 2026-05-19 00:20:03
2026-05-19 00:20:03,276 - 1218903 - INFO - Sending patch command to instance i-0e75968f961a6c24e
2026-05-19 00:20:03,433 - 1218903 - INFO - Command sent successfully to instance i-0e75968f961a6c24e. Command ID: a81c21f5-9ffe-4250-8c9d-ee25d0c0ac37
2026-05-19 00:20:03,661 - 1218903 - INFO - Sending patch command to instance i-08c3d022cc8a6f875
2026-05-19 00:20:03,774 - 1218903 - INFO - Command sent successfully to instance i-08c3d022cc8a6f875. Command ID: 1e710130-7612-4b28-979d-45b301ee0e8f
2026-05-19 00:28:36,198 - 1218903 - INFO - All patches applied successfully.
2026-05-19 00:28:36,198 - 1218903 - INFO - Patching end time: 2026-05-19 00:28:36
2026-05-19 00:28:36,198 - 1218903 - INFO - Patch Elapsed time: 0:08:33.019199
2026-05-19 00:28:36,269 - 1218903 - INFO - Email sent successfully to ['CloudOps@softeon.com']
2026-05-19 00:28:36,269 - 1218903 - INFO - Confirmed - services are stopped
2026-05-19 00:28:56,298 - 1218903 - INFO - Discovered TG map: {'i-0e75968f961a6c24e': ['arn:aws:elasticloadbalancing:us-east-1:835314132208:targetgroup/UPSHC-UAT-DEXCOMWCS-1-InBound/24776b3cb301f9ac', 'arn:aws:elasticloadbalancing:us-east-1:835314132208:targetgroup/UPSHC-UAT-DEXCOMWCS-2-InBound/9a3f59e703e8ed5f', 'arn:aws:elasticloadbalancing:us-east-1:835314132208:targetgroup/UPSHC-UAT-DEXCOMWCS-3-InBound/3095f51fc52f7a6a', 'arn:aws:elasticloadbalancing:us-east-1:835314132208:targetgroup/UPSHC-UAT-DEXCOMWCS-4-InBound/7c683cb3b84d57b1', 'arn:aws:elasticloadbalancing:us-east-1:835314132208:targetgroup/UPSHC-UAT-DEXCOMWCS-6-InBound/1d40de325bf04b4b', 'arn:aws:elasticloadbalancing:us-east-1:835314132208:targetgroup/UPSHC-UAT-Desktop/8c303cabc2ba157a', 'arn:aws:elasticloadbalancing:us-east-1:835314132208:targetgroup/UPSHC-UAT-RF/27f579cfa3e1ca7d', 'arn:aws:elasticloadbalancing:us-east-1:835314132208:targetgroup/UPSHC-UAT-WES/600862cfcf1c65ac', 'arn:aws:elasticloadbalancing:us-east-1:835314132208:targetgroup/UPSHC-UAT-Webservices/8ff0330be6b55cf4', 'arn:aws:elasticloadbalancing:us-east-1:835314132208:targetgroup/UPSHC-UAT-Webservices-Internal/5d84177d6f9d57be', 'arn:aws:elasticloadbalancing:us-east-1:835314132208:targetgroup/UPSHC-UAT-DEXCOMWCS-5-InBound/ef91f9d152830ca0', 'arn:aws:elasticloadbalancing:us-east-1:835314132208:targetgroup/UPSHC-UAT-WebSocket/cb5f58fe709552e7'], 'i-08c3d022cc8a6f875': ['arn:aws:elasticloadbalancing:us-east-1:835314132208:targetgroup/UPSHC-UAT-Desktop/8c303cabc2ba157a', 'arn:aws:elasticloadbalancing:us-east-1:835314132208:targetgroup/UPSHC-UAT-RF/27f579cfa3e1ca7d', 'arn:aws:elasticloadbalancing:us-east-1:835314132208:targetgroup/UPSHC-UAT-WES/600862cfcf1c65ac', 'arn:aws:elasticloadbalancing:us-east-1:835314132208:targetgroup/UPSHC-UAT-Webservices/8ff0330be6b55cf4', 'arn:aws:elasticloadbalancing:us-east-1:835314132208:targetgroup/UPSHC-UAT-Webservices-Internal/5d84177d6f9d57be']}
2026-05-19 00:28:56,709 - 1218903 - INFO - Sent app_validation.py to i-0e75968f961a6c24e (command_id: 05df856a-49d2-46de-988f-c410967601b4)
2026-05-19 00:29:26,776 - 1218903 - INFO - app_validation.py output for i-0e75968f961a6c24e:

==============================================================================
Server Availability Check Started | 2026-05-19 04:28:57.030856
==============================================================================

==============================================================================
SYSTEM INFORMATION
==============================================================================
Server IP | 172.28.25.36
Hostname | ip-172-28-25-36
Current User | root
Working Directory | /usr/bin
Time Zone | UTC

==============================================================================
STORAGE CHECK | /data mounts
==============================================================================
Filesystem | Size | Used | Avail | Use% | Mounted on
/dev/nvme1n1p2 | 289.9G | 170.8G | 119.1G | 58% | /data
fs-03400eb7.efs.us-east-1.amazonaws.com:/ | 0B | 131.0G | 0B | 0% | /data2

==============================================================================
SYMLINK CHECK | root (/)
==============================================================================
Symlinks Total | 4
Symlinks Valid | 4
Symlinks Invalid | 0
Symlink | ResolvedTarget
/bin | /usr/bin
/lib | /usr/lib
/lib64 | /usr/lib64
/sbin | /usr/sbin

==============================================================================
NFS CHECK
==============================================================================
NFS Package Installed | Yes
nfs-server.service Active | No
nfs-client.target Active | Yes
/etc/exports Present | Yes
EXPORTS_LINE | (empty)
NFS_MOUNT | Device | MountPoint | FSType
NFS_MOUNT | fs-03400eb7.efs.us-east-1.amazonaws.com:/ | /data2 | nfs4

==============================================================================
CUPS CHECK
==============================================================================
CUPS Installed | Yes
CUPS Running | Yes
CUPS Version | 1.7.5
CUPS IP URL (http://172.28.25.36:631) | 200
Cups server Http Status | 200
Cups printers Http Status | 500
Printers Configured | 0

==============================================================================
FTP CHECK
==============================================================================
FTP Installed | No
FTP Running (Port 21 localhost) | No
FTP Port 21 Reachable on 172.28.25.36 | No
FTP Processes | None

==============================================================================
JAVA CHECK
==============================================================================
Total Java Processes | 85
Batch/Daemon Java Processes | 80
Non-Standalone Java Processes | hcna_abchdis, hcna_abchdissuw, hcna_rn6abchdis, hcna_abchdisal3, hcna_dwa, hcna_event, hcna_ftp, hcna_harp, hcna_lbl, hcna_repl, hcna_rccl, hcna_rpt, hcna_jqgrid, hcna_sch, hcna_inbq, hcna_wld, hcna_2wld, hcna_ialloc, hcna_inbq2, hcna_1_inbq, hcna_tiad, hcna_ict, hcna_mqconsumer, hcna_mqproducer, hcna_sd2ccd, hcna_pac_sch, hcna_sd1ccd, hcna_bre, hcna_rptsd, hcna_cen_sch, hcna_eas_sch, hcna_locus, hcna_lmqcsumer, hcna_wsq, hcna_lrcd, hcna_2mqproduce, hcna_3mqproduce, hcna_at2mpcpt, hcna_ptbrb, hcap_abchdis, hcap_dwa, hcap_event, hcap_ftp, hcap_harp, hcap_lbl, hcap_repl, hcap_rccl, hcap_rpt, hcap_jqgrid, hcap_sch, hcap_sin_sch, hcap_inbq, hcap_wld, hcap_2wld, hcap_1inbq, hcap_2inbq, hcap_ialloc, hcap_tiad, hcap_ict, hcap_mqconsumer, hcap_mqproducer, hcap_bre, hcap_sd1ccd, hcap_sd2ccd, hcap_pac_sch, hcap_rptsd, hcap_wsq, hcap_per_sch, hcsa_lbl, hcsa_rpt, hcsa_jqgrid, hcna_1wcsi, hcna_3wcsi, hcna_5wcsi, hcna_6wcsi, hcna_1wcso, hcna_2wcso, hcna_3wcso, hcna_4wcso, hcna_wsktsvr

==============================================================================
BATCH/DAEMON JAVA DETAILS
==============================================================================
Batch/Daemon Java Processes | 80
Java-Name | Java-Path
hcna_abchdis | /data/batchapp/softeon/upshcuat/autobatchdistributiondaemon
hcna_abchdissuw | /data/batchapp/softeon/upshcuat/autobatchdistributiondaemon_suw
hcna_rn6abchdis | /data/batchapp/softeon/upshcuat/autobatchdistributiondaemon_rn6
hcna_abchdisal3 | /data/batchapp/softeon/upshcuat/autobatchdistributiondaemon_al3
hcna_dwa | /data/batchapp/softeon/upshcuat/downloaddaemon
hcna_event | /data/batchapp/softeon/upshcuat/eventdaemon
hcna_ftp | /data/batchapp/softeon/upshcuat/ftpdaemon
hcna_harp | /data/batchapp/softeon/upshcuat/hardallocationdaemon
hcna_lbl | /data/batchapp/softeon/upshcuat/labeldaemon
hcna_repl | /data/batchapp/softeon/upshcuat/replenishmentdaemon
hcna_rccl | /data/batchapp/softeon/upshcuat/replenishmentpickloccanceldaemon
hcna_rpt | /data/batchapp/softeon/upshcuat/reportdaemon
hcna_jqgrid | /data/batchapp/softeon/upshcuat/reportjqgridexportdaemon
hcna_sch | /data/batchapp/softeon/upshcuat/schedulardaemon
hcna_inbq | /data/batchapp/softeon/upshcuat/uploaddeamon
hcna_wld | /data/batchapp/softeon/upshcuat/wavelaunchdaemon
hcna_2wld | /data/batchapp/softeon/upshcuat/wavelaunchdaemon2
hcna_ialloc | /data/batchapp/softeon/upshcuat/uploadallocationdaemon
hcna_inbq2 | /data/batchapp/softeon/upshcuat/uploaddaemon2
hcna_1_inbq | /data/batchapp/softeon/upshcuat/uploaddaemon1
hcna_tiad | /data/batchapp/softeon/upshcuat/taskinvallocationdaemon
hcna_ict | /data/batchapp/softeon/upshcuat/invcomputationbytask
hcna_mqconsumer | /data/batchapp/softeon/upshcuat/mqconsumerdaemon
hcna_mqproducer | /data/batchapp/softeon/upshcuat/mqproducerdaemon
hcna_sd2ccd | /data/batchapp/softeon/upshcuat/clustercreationdaemon_sd2
hcna_pac_sch | /data/batchapp/softeon/upshcuat/schedulardaemon_pacific
hcna_sd1ccd | /data/batchapp/softeon/upshcuat/clustercreationdaemon_sd1
hcna_bre | /data/batchapp/softeon/upshcuat/breruleenginedaemon
hcna_rptsd | /data/batchapp/softeon/upshcuat/shippingdocsreportdaemon
hcna_cen_sch | /data/batchapp/softeon/upshcuat/schedulardaemon_central
hcna_eas_sch | /data/batchapp/softeon/upshcuat/schedulardaemon_eastern
hcna_locus | /data/batchapp/softeon/upshcuat/locusdaemon
hcna_lmqcsumer | /data/batchapp/softeon/upshcuat/lucamqconsumerdaemon
hcna_wsq | /data/batchapp/softeon/upshcuat/wsqdaemon
hcna_lrcd | /data/batchapp/softeon/upshcuat/locusrouteconversiondaemon
hcna_2mqproduce | /data/batchapp/softeon/upshcuat/mqproducerdaemonP2
hcna_3mqproduce | /data/batchapp/softeon/upshcuat/mqproducerdaemonP3
hcna_at2mpcpt | /data/batchapp/softeon/upshcuat/picktooldaemon_at2
hcna_ptbrb | /data/batchapp/softeon/upshcuat/picktooldaemon_brb
hcap_abchdis | /data/batchapp/softeon/upshcuat_hcap/autobatchdistributiondaemon
hcap_dwa | /data/batchapp/softeon/upshcuat_hcap/downloaddaemon
hcap_event | /data/batchapp/softeon/upshcuat_hcap/eventdaemon
hcap_ftp | /data/batchapp/softeon/upshcuat_hcap/ftpdaemon
hcap_harp | /data/batchapp/softeon/upshcuat_hcap/hardallocationdaemon
hcap_lbl | /data/batchapp/softeon/upshcuat_hcap/labeldaemon
hcap_repl | /data/batchapp/softeon/upshcuat_hcap/replenishmentdaemon
hcap_rccl | /data/batchapp/softeon/upshcuat_hcap/replenishmentpickloccanceldaemon
hcap_rpt | /data/batchapp/softeon/upshcuat_hcap/reportdaemon
hcap_jqgrid | /data/batchapp/softeon/upshcuat_hcap/reportjqgridexportdaemon
hcap_sch | /data/batchapp/softeon/upshcuat_hcap/schedulardaemon
hcap_sin_sch | /data/batchapp/softeon/upshcuat_hcap/schedulardaemon_singapore
hcap_inbq | /data/batchapp/softeon/upshcuat_hcap/uploaddaemon
hcap_wld | /data/batchapp/softeon/upshcuat_hcap/wavelaunchdaemon
hcap_2wld | /data/batchapp/softeon/upshcuat_hcap/wavelaunchdaemon2
hcap_1inbq | /data/batchapp/softeon/upshcuat_hcap/uploaddaemon1
hcap_2inbq | /data/batchapp/softeon/upshcuat_hcap/uploaddaemon2
hcap_ialloc | /data/batchapp/softeon/upshcuat_hcap/uploadallocationdaemon
hcap_tiad | /data/batchapp/softeon/upshcuat_hcap/taskinvallocationdaemon
hcap_ict | /data/batchapp/softeon/upshcuat_hcap/invcomputationbytask
hcap_mqconsumer | /data/batchapp/softeon/upshcuat_hcap/mqconsumerdaemon
hcap_mqproducer | /data/batchapp/softeon/upshcuat_hcap/mqproducerdaemon
hcap_bre | /data/batchapp/softeon/upshcuat_hcap/breruleenginedaemon
hcap_sd1ccd | /data/batchapp/softeon/upshcuat_hcap/clustercreationdaemon_sd1
hcap_sd2ccd | /data/batchapp/softeon/upshcuat_hcap/clustercreationdaemon_sd2
hcap_pac_sch | /data/batchapp/softeon/upshcuat_hcap/schedulardaemon_pacific
hcap_rptsd | /data/batchapp/softeon/upshcuat_hcap/shippingdocsreportdaemon
hcap_wsq | /data/batchapp/softeon/upshcuat_hcap/wsqdaemon
hcap_per_sch | /data/batchapp/softeon/upshcuat_hcap/schedulardaemon_perth
hcsa_lbl | /data/batchapp/softeon/upshcuat_hcsa/labeldaemon
hcsa_rpt | /data/batchapp/softeon/upshcuat_hcsa/reportdaemon
hcsa_jqgrid | /data/batchapp/softeon/upshcuat_hcsa/reportjqgridexportdaemon
hcna_1wcsi | /data/batchapp/softeon/upshcuat/dexcomwcs1inbounddaemon
hcna_3wcsi | /data/batchapp/softeon/upshcuat/dexcomwcs3inbounddaemon
hcna_5wcsi | /data/batchapp/softeon/upshcuat/dexcomwcs5inbounddaemon
hcna_6wcsi | /data/batchapp/softeon/upshcuat/dexcomwcs6inbounddaemon
hcna_1wcso | /data/batchapp/softeon/upshcuat/dexcomwcs1outbounddaemon
hcna_2wcso | /data/batchapp/softeon/upshcuat/dexcomwcs2outbounddaemon
hcna_3wcso | /data/batchapp/softeon/upshcuat/dexcomwcs3outbounddaemon
hcna_4wcso | /data/batchapp/softeon/upshcuat/dexcomwcs4outbounddaemon
hcna_wsktsvr | /data/batchapp/softeon/upshcuat/webscket_server

==============================================================================
JBOSS/WILDFLY APPS (simple table)
==============================================================================
JBoss App Processes | 3
PID | AppName | JbossVersion | Java-Name | Port | URL | Status | Code | SSL-Status | App-Path
280469 | upshcrfuat | jboss730eap | upshcrfuat_73ep | 8081 | 172.28.25.36:8081 | UP | 200 | Disabled | /data/app/jboss730eap/softeon/upshcrfuat/standalone
280289 | upshcuat | jboss730eap | upshcuat_730ep | 8080 | 172.28.25.36:8080 | UP | 200 | Disabled | /data/app/jboss730eap/softeon/upshcuat/standalone
4019970 | upshcwesuat | jboss730eap | wesuat_jb730eap | 8082 | 172.28.25.36:8082 | UP | 200 | Disabled | /data/app/jboss730eap/softeon/upshcwesuat/standalone

==============================================================================
Server Availability Check Completed | 2026-05-19 04:29:00.514000
==============================================================================

2026-05-19 00:29:26,777 - 1218903 - ERROR - app_validation.py errors for i-0e75968f961a6c24e:

2026-05-19 00:29:26,778 - 1218903 - INFO - Before patching validation saved to: /data/patching_report/validation-2026-05-19/UPSHC-UAT-App/172.28.25.36/172.28.25.36-BeforePatching-2026-05-19-00-29-26-778.log
2026-05-19 00:29:26,779 - 1218903 - INFO - Deregistering i-0e75968f961a6c24e from TG arn:aws:elasticloadbalancing:us-east-1:835314132208:targetgroup/UPSHC-UAT-DEXCOMWCS-1-InBound/24776b3cb301f9ac
2026-05-19 00:29:26,857 - 1218903 - INFO - Deregistering i-0e75968f961a6c24e from TG arn:aws:elasticloadbalancing:us-east-1:835314132208:targetgroup/UPSHC-UAT-DEXCOMWCS-2-InBound/9a3f59e703e8ed5f
2026-05-19 00:29:26,917 - 1218903 - INFO - Deregistering i-0e75968f961a6c24e from TG arn:aws:elasticloadbalancing:us-east-1:835314132208:targetgroup/UPSHC-UAT-DEXCOMWCS-3-InBound/3095f51fc52f7a6a
2026-05-19 00:29:26,967 - 1218903 - INFO - Deregistering i-0e75968f961a6c24e from TG arn:aws:elasticloadbalancing:us-east-1:835314132208:targetgroup/UPSHC-UAT-DEXCOMWCS-4-InBound/7c683cb3b84d57b1
2026-05-19 00:29:27,011 - 1218903 - INFO - Deregistering i-0e75968f961a6c24e from TG arn:aws:elasticloadbalancing:us-east-1:835314132208:targetgroup/UPSHC-UAT-DEXCOMWCS-6-InBound/1d40de325bf04b4b
2026-05-19 00:29:27,065 - 1218903 - INFO - Deregistering i-0e75968f961a6c24e from TG arn:aws:elasticloadbalancing:us-east-1:835314132208:targetgroup/UPSHC-UAT-Desktop/8c303cabc2ba157a
2026-05-19 00:29:27,113 - 1218903 - INFO - Deregistering i-0e75968f961a6c24e from TG arn:aws:elasticloadbalancing:us-east-1:835314132208:targetgroup/UPSHC-UAT-RF/27f579cfa3e1ca7d
2026-05-19 00:29:27,154 - 1218903 - INFO - Deregistering i-0e75968f961a6c24e from TG arn:aws:elasticloadbalancing:us-east-1:835314132208:targetgroup/UPSHC-UAT-WES/600862cfcf1c65ac
2026-05-19 00:29:27,200 - 1218903 - INFO - Deregistering i-0e75968f961a6c24e from TG arn:aws:elasticloadbalancing:us-east-1:835314132208:targetgroup/UPSHC-UAT-Webservices/8ff0330be6b55cf4
2026-05-19 00:29:27,245 - 1218903 - INFO - Deregistering i-0e75968f961a6c24e from TG arn:aws:elasticloadbalancing:us-east-1:835314132208:targetgroup/UPSHC-UAT-Webservices-Internal/5d84177d6f9d57be
2026-05-19 00:29:27,290 - 1218903 - INFO - Deregistering i-0e75968f961a6c24e from TG arn:aws:elasticloadbalancing:us-east-1:835314132208:targetgroup/UPSHC-UAT-DEXCOMWCS-5-InBound/ef91f9d152830ca0
2026-05-19 00:29:27,338 - 1218903 - INFO - Deregistering i-0e75968f961a6c24e from TG arn:aws:elasticloadbalancing:us-east-1:835314132208:targetgroup/UPSHC-UAT-WebSocket/cb5f58fe709552e7
2026-05-19 00:29:27,390 - 1218903 - INFO - Stopping EC2 instance: i-0e75968f961a6c24e at 2026-05-19 00:29:27
2026-05-19 00:33:44,741 - 1218903 - INFO - Instance i-0e75968f961a6c24e stopped successfully.
2026-05-19 00:33:45,007 - 1218903 - INFO - Stopped i-0e75968f961a6c24e in 0:04:17.616290
2026-05-19 00:33:45,007 - 1218903 - INFO - Starting EC2 instance: i-0e75968f961a6c24e
2026-05-19 00:34:00,948 - 1218903 - INFO - Instance i-0e75968f961a6c24e started successfully.
2026-05-19 00:34:00,948 - 1218903 - INFO - Waiting 100 seconds for SSM agent to be ready on i-0e75968f961a6c24e...
2026-05-19 00:35:41,021 - 1218903 - INFO - Registering i-0e75968f961a6c24e to TG arn:aws:elasticloadbalancing:us-east-1:835314132208:targetgroup/UPSHC-UAT-DEXCOMWCS-1-InBound/24776b3cb301f9ac
2026-05-19 00:35:41,218 - 1218903 - INFO - Registering i-0e75968f961a6c24e to TG arn:aws:elasticloadbalancing:us-east-1:835314132208:targetgroup/UPSHC-UAT-DEXCOMWCS-2-InBound/9a3f59e703e8ed5f
2026-05-19 00:35:41,379 - 1218903 - INFO - Registering i-0e75968f961a6c24e to TG arn:aws:elasticloadbalancing:us-east-1:835314132208:targetgroup/UPSHC-UAT-DEXCOMWCS-3-InBound/3095f51fc52f7a6a
2026-05-19 00:35:41,510 - 1218903 - INFO - Registering i-0e75968f961a6c24e to TG arn:aws:elasticloadbalancing:us-east-1:835314132208:targetgroup/UPSHC-UAT-DEXCOMWCS-4-InBound/7c683cb3b84d57b1
2026-05-19 00:35:41,655 - 1218903 - INFO - Registering i-0e75968f961a6c24e to TG arn:aws:elasticloadbalancing:us-east-1:835314132208:targetgroup/UPSHC-UAT-DEXCOMWCS-6-InBound/1d40de325bf04b4b
2026-05-19 00:35:41,801 - 1218903 - INFO - Registering i-0e75968f961a6c24e to TG arn:aws:elasticloadbalancing:us-east-1:835314132208:targetgroup/UPSHC-UAT-Desktop/8c303cabc2ba157a
2026-05-19 00:35:41,944 - 1218903 - INFO - Registering i-0e75968f961a6c24e to TG arn:aws:elasticloadbalancing:us-east-1:835314132208:targetgroup/UPSHC-UAT-RF/27f579cfa3e1ca7d
2026-05-19 00:35:42,082 - 1218903 - INFO - Registering i-0e75968f961a6c24e to TG arn:aws:elasticloadbalancing:us-east-1:835314132208:targetgroup/UPSHC-UAT-WES/600862cfcf1c65ac
2026-05-19 00:35:42,222 - 1218903 - INFO - Registering i-0e75968f961a6c24e to TG arn:aws:elasticloadbalancing:us-east-1:835314132208:targetgroup/UPSHC-UAT-Webservices/8ff0330be6b55cf4
2026-05-19 00:35:42,354 - 1218903 - INFO - Registering i-0e75968f961a6c24e to TG arn:aws:elasticloadbalancing:us-east-1:835314132208:targetgroup/UPSHC-UAT-Webservices-Internal/5d84177d6f9d57be
2026-05-19 00:35:42,486 - 1218903 - INFO - Registering i-0e75968f961a6c24e to TG arn:aws:elasticloadbalancing:us-east-1:835314132208:targetgroup/UPSHC-UAT-DEXCOMWCS-5-InBound/ef91f9d152830ca0
2026-05-19 00:35:42,623 - 1218903 - INFO - Registering i-0e75968f961a6c24e to TG arn:aws:elasticloadbalancing:us-east-1:835314132208:targetgroup/UPSHC-UAT-WebSocket/cb5f58fe709552e7
2026-05-19 00:41:43,586 - 1218903 - WARNING - i-0e75968f961a6c24e not healthy in arn:aws:elasticloadbalancing:us-east-1:835314132208:targetgroup/UPSHC-UAT-DEXCOMWCS-2-InBound/9a3f59e703e8ed5f after timeout.
2026-05-19 00:46:44,263 - 1218903 - WARNING - i-0e75968f961a6c24e not healthy in arn:aws:elasticloadbalancing:us-east-1:835314132208:targetgroup/UPSHC-UAT-DEXCOMWCS-4-InBound/7c683cb3b84d57b1 after timeout.
2026-05-19 00:51:44,921 - 1218903 - WARNING - i-0e75968f961a6c24e not healthy in arn:aws:elasticloadbalancing:us-east-1:835314132208:targetgroup/UPSHC-UAT-Desktop/8c303cabc2ba157a after timeout.
2026-05-19 00:56:45,560 - 1218903 - WARNING - i-0e75968f961a6c24e not healthy in arn:aws:elasticloadbalancing:us-east-1:835314132208:targetgroup/UPSHC-UAT-RF/27f579cfa3e1ca7d after timeout.
2026-05-19 01:01:46,153 - 1218903 - WARNING - i-0e75968f961a6c24e not healthy in arn:aws:elasticloadbalancing:us-east-1:835314132208:targetgroup/UPSHC-UAT-WES/600862cfcf1c65ac after timeout.
2026-05-19 01:06:46,721 - 1218903 - WARNING - i-0e75968f961a6c24e not healthy in arn:aws:elasticloadbalancing:us-east-1:835314132208:targetgroup/UPSHC-UAT-Webservices/8ff0330be6b55cf4 after timeout.
2026-05-19 01:11:47,352 - 1218903 - WARNING - i-0e75968f961a6c24e not healthy in arn:aws:elasticloadbalancing:us-east-1:835314132208:targetgroup/UPSHC-UAT-Webservices-Internal/5d84177d6f9d57be after timeout.
2026-05-19 01:16:48,076 - 1218903 - WARNING - i-0e75968f961a6c24e not healthy in arn:aws:elasticloadbalancing:us-east-1:835314132208:targetgroup/UPSHC-UAT-WebSocket/cb5f58fe709552e7 after timeout.
2026-05-19 01:16:48,555 - 1218903 - INFO - Email sent successfully to ['kishlayk@softeon.com', 'CloudOps@softeon.com']
2026-05-19 01:16:48,556 - 1218903 - ERROR - Aborting workflow: i-0e75968f961a6c24e is not healthy after restart.
2026-05-19 01:16:48,558 - 1218903 - INFO - Restart Total time: 0:48:12.089738
2026-05-19 01:16:48,559 - 1218903 - INFO - Auto-confirmed services are restarted
2026-05-19 01:16:48,559 - 1218903 - INFO - Confirmed - services are started
2026-05-19 01:16:48,712 - 1218903 - INFO - The following instances have failed the patch: []
2026-05-19 01:16:48,713 - 1218903 - INFO - No instances have failed the patch.
2026-05-19 01:16:48,713 - 1218903 - INFO - Total Patch Process time: 0:56:46.119586
2026-05-19 01:17:49,349 - 1218903 - INFO - Log file ./logs/patching_2026-05-19_UPSHC-UAT-App.log uploaded to s3://q2-2026-aws-security-patching/UPSHC-UAT-App_Patch/2026-05-19/patching_2026-05-19_UPSHC-UAT-App.log
