2026-08-15 02:00:04,442 - 496908 - INFO - Logger setup has been removed, using shared logger from common.logs.logger.
2026-08-15 02:00:04,442 - 496908 - INFO - Script Start Time: 2026-08-15 02:00:04
2026-08-15 02:00:04,766 - 496908 - INFO - Tag: q3-lnf-prod-app, IPs: ['10.0.30.4', '10.0.30.46'], Environment: prod
2026-08-15 02:00:04,767 - 496908 - INFO - Starting log monitor
2026-08-15 02:00:11,791 - 496908 - INFO - Log monitor started for: /data/patching_v4/logs/patching_2026-08-15_q3-lnf-prod-app.log
2026-08-15 02:00:11,792 - 496908 - INFO - Instance(s) selected for Patching: {'i-02f00047d97f38472': '10.0.30.4', 'i-0cffa892fa68b1d7d': '10.0.30.46'}
2026-08-15 02:00:11,877 - 496908 - INFO - Email sent successfully to ['CloudOps@softeon.com']
2026-08-15 02:00:11,878 - 496908 - INFO - Now patching instances at: 2026-08-15 02:00:11
2026-08-15 02:00:12,429 - 496908 - INFO - Sent app_validation.py to i-02f00047d97f38472 (command_id: f31d2d6e-cd94-4bb8-91ce-75b1fb639c0a)
2026-08-15 02:00:42,569 - 496908 - INFO - SSM Command Status: Success
2026-08-15 02:00:42,569 - 496908 - INFO - app_validation.py output for i-02f00047d97f38472:

==============================================================================
Server Availability Check Started | 2026-08-15 01:00:12.897620
==============================================================================

==============================================================================
SYSTEM INFORMATION
==============================================================================
Server IP | 10.0.30.4
Hostname | ip-10-0-30-4.us-west-1.compute.internal
Current User | root
Working Directory | /usr/bin
Time Zone | CDT

==============================================================================
STORAGE CHECK | /data mounts
==============================================================================
Filesystem | Size | Used | Avail | Use% | Mounted on
/dev/nvme1n1p2 | 239.9G | 64.0G | 175.9G | 26% | /data
fs-e20744fb.efs.us-west-1.amazonaws.com:/ | 0B | 342.9G | 0B | 0% | /data2

==============================================================================
SYMLINK CHECK | root (/)
==============================================================================
Symlinks Total | 4
Symlinks Valid | 4
Symlinks Invalid | 0
Symlink | ResolvedTarget
/bin | /usr/bin
/lib | /usr/lib
/lib64 | /usr/lib64
/sbin | /usr/sbin

==============================================================================
NFS CHECK
==============================================================================
NFS Package Installed | Yes
nfs-server.service Active | No
nfs-client.target Active | Yes
/etc/exports Present | Yes
EXPORTS_LINE | (empty)
NFS_MOUNT | Device | MountPoint | FSType
NFS_MOUNT | fs-e20744fb.efs.us-west-1.amazonaws.com:/ | /data2 | nfs4

==============================================================================
CUPS CHECK
==============================================================================
CUPS Installed | Yes
CUPS Running | Yes
CUPS Version | cups-2.4.16-1.amzn2023.0.3.x86_64
CUPS IP URL (http://10.0.30.4:631) | 200
Cups server Http Status | 200
Cups printers Http Status | 200
Printers Configured | 42

==============================================================================
FTP CHECK
==============================================================================
FTP Installed | No
FTP Running (Port 21 localhost) | No
FTP Port 21 Reachable on 10.0.30.4 | No
FTP Processes | None

==============================================================================
JAVA CHECK
==============================================================================
Total Java Processes | 2
Batch/Daemon Java Processes | 0
Non-Standalone Java Processes | Not Found

==============================================================================
BATCH/DAEMON JAVA DETAILS
==============================================================================
Batch/Daemon Java Processes | 0
Batch/Daemon Java Details | None

==============================================================================
JBOSS/WILDFLY APPS (simple table)
==============================================================================
JBoss App Processes | 2
PID | AppName | JbossVersion | Java-Name | Port | URL | Status | Code | SSL-Status | App-Path
2971643 | wmsflex | softeon | wmsflex_jboss62 | 8080 | 10.0.30.4:8080 | UP | 200 | Disabled | /data/app/jboss62eap/softeon/lnf/wmsflex/standalone
2971632 | wmsflex | softeon | lnfd365_jboss62 | 8081 | 10.0.30.4:8081 | UP | 200 | Disabled | /data/app/jboss62eap/softeon/lnfd365/wmsflex/standalone

==============================================================================
HEALTH MONITOR CRONTAB STATUS
==============================================================================
Health Monitor Crontab | Not Found

==============================================================================
Server Availability Check Completed | 2026-08-15 01:00:15.119594
==============================================================================

2026-08-15 02:00:42,571 - 496908 - INFO - Before patching log saved: /data/patching_report/validation-2026-08-15/q3-lnf-prod-app/10.0.30.4/10.0.30.4-BeforePatching-2026-08-15-02-00-42-570.log
2026-08-15 02:00:43,108 - 496908 - INFO - Sent app_validation.py to i-0cffa892fa68b1d7d (command_id: d73ba4ca-09dd-4177-805b-a9e4539b811d)
2026-08-15 02:01:13,260 - 496908 - INFO - SSM Command Status: Success
2026-08-15 02:01:13,260 - 496908 - INFO - app_validation.py output for i-0cffa892fa68b1d7d:

==============================================================================
Server Availability Check Started | 2026-08-15 01:00:43.343986
==============================================================================

==============================================================================
SYSTEM INFORMATION
==============================================================================
Server IP | 10.0.30.46
Hostname | ip-10-0-30-46.us-west-1.compute.internal
Current User | root
Working Directory | /usr/bin
Time Zone | CDT

==============================================================================
STORAGE CHECK | /data mounts
==============================================================================
Filesystem | Size | Used | Avail | Use% | Mounted on
/dev/nvme1n1p2 | 239.9G | 38.8G | 201.1G | 16% | /data
fs-e20744fb.efs.us-west-1.amazonaws.com:/ | 0B | 342.9G | 0B | 0% | /data2

==============================================================================
SYMLINK CHECK | root (/)
==============================================================================
Symlinks Total | 4
Symlinks Valid | 4
Symlinks Invalid | 0
Symlink | ResolvedTarget
/bin | /usr/bin
/lib | /usr/lib
/lib64 | /usr/lib64
/sbin | /usr/sbin

==============================================================================
NFS CHECK
==============================================================================
NFS Package Installed | Yes
nfs-server.service Active | No
nfs-client.target Active | Yes
/etc/exports Present | Yes
EXPORTS_LINE | (empty)
NFS_MOUNT | Device | MountPoint | FSType
NFS_MOUNT | fs-e20744fb.efs.us-west-1.amazonaws.com:/ | /data2 | nfs4

==============================================================================
CUPS CHECK
==============================================================================
CUPS Installed | Yes
CUPS Running | Yes
CUPS Version | cups-2.4.16-1.amzn2023.0.3.x86_64
CUPS IP URL (http://10.0.30.46:631) | 200
Cups server Http Status | 200
Cups printers Http Status | 200
Printers Configured | 40

==============================================================================
FTP CHECK
==============================================================================
FTP Installed | No
FTP Running (Port 21 localhost) | No
FTP Port 21 Reachable on 10.0.30.46 | No
FTP Processes | None

==============================================================================
JAVA CHECK
==============================================================================
Total Java Processes | 3
Batch/Daemon Java Processes | 1
Non-Standalone Java Processes | java

==============================================================================
BATCH/DAEMON JAVA DETAILS
==============================================================================
Batch/Daemon Java Processes | 1
Java-Name | Java-Path
java | /data/app/jboss62eap/softeon/lnfd365/wmsflex/bin

==============================================================================
JBOSS/WILDFLY APPS (simple table)
==============================================================================
JBoss App Processes | 2
PID | AppName | JbossVersion | Java-Name | Port | URL | Status | Code | SSL-Status | App-Path
3567501 | wmsflex | softeon | wmsflex_jboss62 | 8080 | 10.0.30.46:8080 | UP | 200 | Disabled | /data/app/jboss62eap/softeon/lnf/wmsflex/standalone
3567506 | wmsflex | softeon | lnfd365_jboss62 | 8081 | 10.0.30.46:8081 | UP | 200 | Disabled | /data/app/jboss62eap/softeon/lnfd365/wmsflex/standalone

==============================================================================
HEALTH MONITOR CRONTAB STATUS
==============================================================================
Health Monitor Crontab | Not Found

==============================================================================
Server Availability Check Completed | 2026-08-15 01:00:44.315926
==============================================================================

2026-08-15 02:01:13,261 - 496908 - INFO - Before patching log saved: /data/patching_report/validation-2026-08-15/q3-lnf-prod-app/10.0.30.46/10.0.30.46-BeforePatching-2026-08-15-02-01-13-261.log
2026-08-15 02:01:18,796 - 496908 - INFO - i-02f00047d97f38472: Cron was active = False
2026-08-15 02:01:24,265 - 496908 - INFO - i-0cffa892fa68b1d7d: Cron was active = False
2026-08-15 02:01:24,266 - 496908 - INFO - No active cron is found on any instance, skipping disable step.
2026-08-15 02:01:24,351 - 496908 - INFO - Sending patch command to instance i-02f00047d97f38472
2026-08-15 02:01:24,709 - 496908 - INFO - Command sent successfully to instance i-02f00047d97f38472. Command ID: 4e1cdeae-8c92-424c-9ad4-4554b34e375b
2026-08-15 02:01:24,846 - 496908 - INFO - Sending patch command to instance i-0cffa892fa68b1d7d
2026-08-15 02:01:25,002 - 496908 - INFO - Command sent successfully to instance i-0cffa892fa68b1d7d. Command ID: cc3c60f4-89d0-46e8-a6e4-370c2fb500ff
2026-08-15 02:05:57,077 - 496908 - INFO - All patches applied successfully.
2026-08-15 02:05:57,079 - 496908 - INFO - Patching end time: 2026-08-15 02:05:57
2026-08-15 02:05:57,079 - 496908 - INFO - Patch Elapsed time: 0:05:45.200977
2026-08-15 02:05:57,154 - 496908 - INFO - Email sent successfully to ['CloudOps@softeon.com']
2026-08-15 02:05:57,154 - 496908 - INFO - Confirmed - services are stopped
2026-08-15 02:05:59,086 - 496908 - INFO - Discovered TG map: {'i-02f00047d97f38472': ['arn:aws:elasticloadbalancing:us-west-1:835314132208:targetgroup/LnF-D365-WMS-Flex-Production-App/789d45896e5a82f6', 'arn:aws:elasticloadbalancing:us-west-1:835314132208:targetgroup/LnF-WMS-Flex-Production-Desktop/8ffce8fd5928bdec'], 'i-0cffa892fa68b1d7d': ['arn:aws:elasticloadbalancing:us-west-1:835314132208:targetgroup/LnF-D365-WMS-Flex-Production-App/789d45896e5a82f6', 'arn:aws:elasticloadbalancing:us-west-1:835314132208:targetgroup/LnF-WMS-Flex-Production-Desktop/8ffce8fd5928bdec']}
2026-08-15 02:05:59,407 - 496908 - INFO - Deregistering i-02f00047d97f38472 from TG arn:aws:elasticloadbalancing:us-west-1:835314132208:targetgroup/LnF-D365-WMS-Flex-Production-App/789d45896e5a82f6
2026-08-15 02:05:59,711 - 496908 - INFO - Deregistering i-02f00047d97f38472 from TG arn:aws:elasticloadbalancing:us-west-1:835314132208:targetgroup/LnF-WMS-Flex-Production-Desktop/8ffce8fd5928bdec
2026-08-15 02:05:59,816 - 496908 - INFO - Stopping EC2 instance: i-02f00047d97f38472 at 2026-08-15 02:05:59
2026-08-15 02:07:46,748 - 496908 - INFO - Instance i-02f00047d97f38472 stopped successfully.
2026-08-15 02:07:47,000 - 496908 - INFO - Stopped i-02f00047d97f38472 in 0:01:47.184426
2026-08-15 02:07:47,001 - 496908 - INFO - Starting EC2 instance: i-02f00047d97f38472
2026-08-15 02:08:03,010 - 496908 - INFO - Instance i-02f00047d97f38472 started successfully.
2026-08-15 02:08:03,010 - 496908 - INFO - Waiting 100 seconds for SSM agent to be ready on i-02f00047d97f38472...
2026-08-15 02:09:43,102 - 496908 - INFO - Registering i-02f00047d97f38472 to TG arn:aws:elasticloadbalancing:us-west-1:835314132208:targetgroup/LnF-D365-WMS-Flex-Production-App/789d45896e5a82f6
2026-08-15 02:09:43,498 - 496908 - INFO - Registering i-02f00047d97f38472 to TG arn:aws:elasticloadbalancing:us-west-1:835314132208:targetgroup/LnF-WMS-Flex-Production-Desktop/8ffce8fd5928bdec
2026-08-15 02:10:14,609 - 496908 - INFO - Sent app_validation.py to i-02f00047d97f38472 (command_id: f2be7dff-34ed-4b26-9299-5c0ebba90926)
2026-08-15 02:10:44,730 - 496908 - INFO - SSM Command Status: Success
2026-08-15 02:10:44,730 - 496908 - INFO - app_validation.py output for i-02f00047d97f38472:

==============================================================================
Server Availability Check Started | 2026-08-15 01:10:14.919899
==============================================================================

==============================================================================
SYSTEM INFORMATION
==============================================================================
Server IP | 10.0.30.4
Hostname | ip-10-0-30-4.us-west-1.compute.internal
Current User | root
Working Directory | /usr/bin
Time Zone | CDT

==============================================================================
STORAGE CHECK | /data mounts
==============================================================================
Filesystem | Size | Used | Avail | Use% | Mounted on
/dev/nvme1n1p2 | 239.9G | 63.9G | 176.0G | 26% | /data
fs-e20744fb.efs.us-west-1.amazonaws.com:/ | 0B | 342.9G | 0B | 0% | /data2

==============================================================================
SYMLINK CHECK | root (/)
==============================================================================
Symlinks Total | 4
Symlinks Valid | 4
Symlinks Invalid | 0
Symlink | ResolvedTarget
/bin | /usr/bin
/lib | /usr/lib
/lib64 | /usr/lib64
/sbin | /usr/sbin

==============================================================================
NFS CHECK
==============================================================================
NFS Package Installed | Yes
nfs-server.service Active | No
nfs-client.target Active | Yes
/etc/exports Present | Yes
EXPORTS_LINE | (empty)
NFS_MOUNT | Device | MountPoint | FSType
NFS_MOUNT | fs-e20744fb.efs.us-west-1.amazonaws.com:/ | /data2 | nfs4

==============================================================================
CUPS CHECK
==============================================================================
CUPS Installed | Yes
CUPS Running | Yes
CUPS Version | cups-2.4.16-1.amzn2023.0.3.x86_64
CUPS IP URL (http://10.0.30.4:631) | 200
Cups server Http Status | 200
Cups printers Http Status | 200
Printers Configured | 42

==============================================================================
FTP CHECK
==============================================================================
FTP Installed | No
FTP Running (Port 21 localhost) | No
FTP Port 21 Reachable on 10.0.30.4 | No
FTP Processes | None

==============================================================================
JAVA CHECK
==============================================================================
Total Java Processes | 2
Batch/Daemon Java Processes | 0
Non-Standalone Java Processes | Not Found

==============================================================================
BATCH/DAEMON JAVA DETAILS
==============================================================================
Batch/Daemon Java Processes | 0
Batch/Daemon Java Details | None

==============================================================================
JBOSS/WILDFLY APPS (simple table)
==============================================================================
JBoss App Processes | 2
PID | AppName | JbossVersion | Java-Name | Port | URL | Status | Code | SSL-Status | App-Path
2494 | wmsflex | softeon | wmsflex_jboss62 | 8080 | 10.0.30.4:8080 | UP | 200 | Disabled | /data/app/jboss62eap/softeon/lnf/wmsflex/standalone
2501 | wmsflex | softeon | lnfd365_jboss62 | 8081 | 10.0.30.4:8081 | UP | 200 | Disabled | /data/app/jboss62eap/softeon/lnfd365/wmsflex/standalone

==============================================================================
HEALTH MONITOR CRONTAB STATUS
==============================================================================
Health Monitor Crontab | Not Found

==============================================================================
Server Availability Check Completed | 2026-08-15 01:10:17.184504
==============================================================================

2026-08-15 02:10:44,732 - 496908 - INFO - After patching validation saved to: /data/patching_report/validation-2026-08-15/q3-lnf-prod-app/10.0.30.4/10.0.30.4-AfterPatching-2026-08-15-02-10-44-731.log
2026-08-15 02:10:44,799 - 496908 - INFO - Validation comparison report generated: /data/patching_report/validation-2026-08-15/q3-lnf-prod-app/10.0.30.4/10.0.30.4-Validation-details-2026-08-15-02-10-44-731.html
2026-08-15 02:10:45,278 - 496908 - INFO - i-02f00047d97f38472: Cron was not active - skipping enable
2026-08-15 02:10:45,347 - 496908 - INFO - Email sent successfully to ['kishlayk@softeon.com', 'CloudOps@softeon.com']
2026-08-15 02:10:45,347 - 496908 - INFO - GREEN mail sent for i-02f00047d97f38472
2026-08-15 02:10:45,611 - 496908 - INFO - Started i-02f00047d97f38472 in 0:02:58.610101
2026-08-15 02:10:45,611 - 496908 - INFO - Waiting 120 seconds before proceeding to the next instance...
2026-08-15 02:12:45,710 - 496908 - INFO - Deregistering i-0cffa892fa68b1d7d from TG arn:aws:elasticloadbalancing:us-west-1:835314132208:targetgroup/LnF-D365-WMS-Flex-Production-App/789d45896e5a82f6
2026-08-15 02:12:46,017 - 496908 - INFO - Deregistering i-0cffa892fa68b1d7d from TG arn:aws:elasticloadbalancing:us-west-1:835314132208:targetgroup/LnF-WMS-Flex-Production-Desktop/8ffce8fd5928bdec
2026-08-15 02:12:46,124 - 496908 - INFO - Stopping EC2 instance: i-0cffa892fa68b1d7d at 2026-08-15 02:12:46
2026-08-15 02:14:17,865 - 496908 - INFO - Instance i-0cffa892fa68b1d7d stopped successfully.
2026-08-15 02:14:18,115 - 496908 - INFO - Stopped i-0cffa892fa68b1d7d in 0:01:31.991467
2026-08-15 02:14:18,116 - 496908 - INFO - Starting EC2 instance: i-0cffa892fa68b1d7d
2026-08-15 02:14:34,198 - 496908 - INFO - Instance i-0cffa892fa68b1d7d started successfully.
2026-08-15 02:14:34,198 - 496908 - INFO - Waiting 100 seconds for SSM agent to be ready on i-0cffa892fa68b1d7d...
2026-08-15 02:16:14,284 - 496908 - INFO - Registering i-0cffa892fa68b1d7d to TG arn:aws:elasticloadbalancing:us-west-1:835314132208:targetgroup/LnF-D365-WMS-Flex-Production-App/789d45896e5a82f6
2026-08-15 02:16:14,705 - 496908 - INFO - Registering i-0cffa892fa68b1d7d to TG arn:aws:elasticloadbalancing:us-west-1:835314132208:targetgroup/LnF-WMS-Flex-Production-Desktop/8ffce8fd5928bdec
2026-08-15 02:16:45,794 - 496908 - INFO - Sent app_validation.py to i-0cffa892fa68b1d7d (command_id: 151a7237-4975-4ea2-ad07-63e46f06a7e7)
2026-08-15 02:17:15,930 - 496908 - INFO - SSM Command Status: Success
2026-08-15 02:17:15,930 - 496908 - INFO - app_validation.py output for i-0cffa892fa68b1d7d:

==============================================================================
Server Availability Check Started | 2026-08-15 01:16:46.092505
==============================================================================

==============================================================================
SYSTEM INFORMATION
==============================================================================
Server IP | 10.0.30.46
Hostname | ip-10-0-30-46.us-west-1.compute.internal
Current User | root
Working Directory | /usr/bin
Time Zone | CDT

==============================================================================
STORAGE CHECK | /data mounts
==============================================================================
Filesystem | Size | Used | Avail | Use% | Mounted on
/dev/nvme1n1p2 | 239.9G | 38.1G | 201.8G | 15% | /data
fs-e20744fb.efs.us-west-1.amazonaws.com:/ | 0B | 343.0G | 0B | 0% | /data2

==============================================================================
SYMLINK CHECK | root (/)
==============================================================================
Symlinks Total | 4
Symlinks Valid | 4
Symlinks Invalid | 0
Symlink | ResolvedTarget
/bin | /usr/bin
/lib | /usr/lib
/lib64 | /usr/lib64
/sbin | /usr/sbin

==============================================================================
NFS CHECK
==============================================================================
NFS Package Installed | Yes
nfs-server.service Active | No
nfs-client.target Active | Yes
/etc/exports Present | Yes
EXPORTS_LINE | (empty)
NFS_MOUNT | Device | MountPoint | FSType
NFS_MOUNT | fs-e20744fb.efs.us-west-1.amazonaws.com:/ | /data2 | nfs4

==============================================================================
CUPS CHECK
==============================================================================
CUPS Installed | Yes
CUPS Running | Yes
CUPS Version | cups-2.4.16-1.amzn2023.0.3.x86_64
CUPS IP URL (http://10.0.30.46:631) | 200
Cups server Http Status | 200
Cups printers Http Status | 200
Printers Configured | 40

==============================================================================
FTP CHECK
==============================================================================
FTP Installed | No
FTP Running (Port 21 localhost) | No
FTP Port 21 Reachable on 10.0.30.46 | No
FTP Processes | None

==============================================================================
JAVA CHECK
==============================================================================
Total Java Processes | 2
Batch/Daemon Java Processes | 0
Non-Standalone Java Processes | Not Found

==============================================================================
BATCH/DAEMON JAVA DETAILS
==============================================================================
Batch/Daemon Java Processes | 0
Batch/Daemon Java Details | None

==============================================================================
JBOSS/WILDFLY APPS (simple table)
==============================================================================
JBoss App Processes | 2
PID | AppName | JbossVersion | Java-Name | Port | URL | Status | Code | SSL-Status | App-Path
2673 | wmsflex | softeon | wmsflex_jboss62 | 8080 | 10.0.30.46:8080 | UP | 200 | Disabled | /data/app/jboss62eap/softeon/lnf/wmsflex/standalone
2672 | wmsflex | softeon | lnfd365_jboss62 | 8081 | 10.0.30.46:8081 | UP | 200 | Disabled | /data/app/jboss62eap/softeon/lnfd365/wmsflex/standalone

==============================================================================
HEALTH MONITOR CRONTAB STATUS
==============================================================================
Health Monitor Crontab | Not Found

==============================================================================
Server Availability Check Completed | 2026-08-15 01:16:48.092691
==============================================================================

2026-08-15 02:17:15,932 - 496908 - INFO - After patching validation saved to: /data/patching_report/validation-2026-08-15/q3-lnf-prod-app/10.0.30.46/10.0.30.46-AfterPatching-2026-08-15-02-17-15-931.log
2026-08-15 02:17:15,988 - 496908 - INFO - Validation comparison report generated: /data/patching_report/validation-2026-08-15/q3-lnf-prod-app/10.0.30.46/10.0.30.46-Validation-details-2026-08-15-02-17-15-931.html
2026-08-15 02:17:16,363 - 496908 - INFO - Daemon count - Pre: 1, Post: 0
2026-08-15 02:17:16,363 - 496908 - INFO - CUPS: before=running after=running version=cups-2.4.16-1.amzn2023.0.3.x86_64
2026-08-15 02:17:16,363 - 496908 - INFO - Manage_cron: False, daemon_action: True, cups_action: False
2026-08-15 02:17:16,363 - 496908 - INFO - Background: restarting daemons on i-0cffa892fa68b1d7d
2026-08-15 02:17:16,363 - 496908 - INFO - Background thread started for i-0cffa892fa68b1d7d - daemon:True cups:False
2026-08-15 02:17:16,751 - 496908 - INFO - Started i-0cffa892fa68b1d7d in 0:02:58.635533
2026-08-15 02:17:16,752 - 496908 - INFO - All instances processed.
2026-08-15 02:17:16,756 - 496908 - INFO - Restart Total time: 0:11:19.470868
2026-08-15 02:17:16,757 - 496908 - INFO - Auto-confirmed services are restarted
2026-08-15 02:17:16,757 - 496908 - INFO - Confirmed - services are started
2026-08-15 02:17:16,871 - 496908 - INFO - The following instances have failed the patch: []
2026-08-15 02:17:16,872 - 496908 - INFO - No instances have failed the patch.
2026-08-15 02:17:16,872 - 496908 - INFO - Total Patch Process time: 0:17:12.428961
2026-08-15 02:17:46,973 - 496908 - INFO - Daemon restart output: WARNING: No valid base path found - neither /data/batchapp/softeon nor /data/softeon/batchapp exists!

2026-08-15 02:17:46,974 - 496908 - WARNING - No daemon path found on i-0cffa892fa68b1d7d - check server paths!
2026-08-15 02:17:46,975 - 496908 - INFO - Waiting 100 sec for daemons to start on i-0cffa892fa68b1d7d
2026-08-15 02:18:17,472 - 496908 - INFO - Log file ./logs/patching_2026-08-15_q3-lnf-prod-app.log uploaded to s3://q3-2026-aws-security-patching/q3-lnf-prod-app_Patch/2026-08-15/patching_2026-08-15_q3-lnf-prod-app.log
2026-08-15 02:19:27,069 - 496908 - INFO - CUPS no action needed for i-0cffa892fa68b1d7d - before:running after:running version:cups-2.4.16-1.amzn2023.0.3.x86_64
2026-08-15 02:19:27,730 - 496908 - INFO - Sent app_validation.py to i-0cffa892fa68b1d7d (command_id: a334e40f-2bdd-4640-9d08-23214099c642)
2026-08-15 02:19:57,863 - 496908 - INFO - SSM Command Status: Success
2026-08-15 02:19:57,863 - 496908 - INFO - app_validation.py output for i-0cffa892fa68b1d7d:

==============================================================================
Server Availability Check Started | 2026-08-15 01:19:27.932472
==============================================================================

==============================================================================
SYSTEM INFORMATION
==============================================================================
Server IP | 10.0.30.46
Hostname | ip-10-0-30-46.us-west-1.compute.internal
Current User | root
Working Directory | /usr/bin
Time Zone | CDT

==============================================================================
STORAGE CHECK | /data mounts
==============================================================================
Filesystem | Size | Used | Avail | Use% | Mounted on
/dev/nvme1n1p2 | 239.9G | 38.1G | 201.8G | 15% | /data
fs-e20744fb.efs.us-west-1.amazonaws.com:/ | 0B | 343.0G | 0B | 0% | /data2

==============================================================================
SYMLINK CHECK | root (/)
==============================================================================
Symlinks Total | 4
Symlinks Valid | 4
Symlinks Invalid | 0
Symlink | ResolvedTarget
/bin | /usr/bin
/lib | /usr/lib
/lib64 | /usr/lib64
/sbin | /usr/sbin

==============================================================================
NFS CHECK
==============================================================================
NFS Package Installed | Yes
nfs-server.service Active | No
nfs-client.target Active | Yes
/etc/exports Present | Yes
EXPORTS_LINE | (empty)
NFS_MOUNT | Device | MountPoint | FSType
NFS_MOUNT | fs-e20744fb.efs.us-west-1.amazonaws.com:/ | /data2 | nfs4

==============================================================================
CUPS CHECK
==============================================================================
CUPS Installed | Yes
CUPS Running | Yes
CUPS Version | cups-2.4.16-1.amzn2023.0.3.x86_64
CUPS IP URL (http://10.0.30.46:631) | 200
Cups server Http Status | 200
Cups printers Http Status | 200
Printers Configured | 40

==============================================================================
FTP CHECK
==============================================================================
FTP Installed | No
FTP Running (Port 21 localhost) | No
FTP Port 21 Reachable on 10.0.30.46 | No
FTP Processes | None

==============================================================================
JAVA CHECK
==============================================================================
Total Java Processes | 2
Batch/Daemon Java Processes | 0
Non-Standalone Java Processes | Not Found

==============================================================================
BATCH/DAEMON JAVA DETAILS
==============================================================================
Batch/Daemon Java Processes | 0
Batch/Daemon Java Details | None

==============================================================================
JBOSS/WILDFLY APPS (simple table)
==============================================================================
JBoss App Processes | 2
PID | AppName | JbossVersion | Java-Name | Port | URL | Status | Code | SSL-Status | App-Path
2673 | wmsflex | softeon | wmsflex_jboss62 | 8080 | 10.0.30.46:8080 | UP | 200 | Disabled | /data/app/jboss62eap/softeon/lnf/wmsflex/standalone
2672 | wmsflex | softeon | lnfd365_jboss62 | 8081 | 10.0.30.46:8081 | UP | 200 | Disabled | /data/app/jboss62eap/softeon/lnfd365/wmsflex/standalone

==============================================================================
HEALTH MONITOR CRONTAB STATUS
==============================================================================
Health Monitor Crontab | Not Found

==============================================================================
Server Availability Check Completed | 2026-08-15 01:19:28.501216
==============================================================================

2026-08-15 02:19:58,005 - 496908 - INFO - Email sent successfully to ['kishlayk@softeon.com', 'CloudOps@softeon.com']
2026-08-15 02:19:58,006 - 496908 - INFO - RED re-validation mail sent for i-0cffa892fa68b1d7d
2026-08-15 02:19:58,006 - 496908 - INFO - Still Red after restart - starting retry for i-0cffa892fa68b1d7d
2026-08-15 02:19:58,006 - 496908 - INFO - [Retry-1] Waiting 300s for i-0cffa892fa68b1d7d...
2026-08-15 02:24:58,634 - 496908 - INFO - Sent app_validation.py to i-0cffa892fa68b1d7d (command_id: 8187cc63-13da-4d0e-b3e6-0392157bc68c)
2026-08-15 02:25:28,768 - 496908 - INFO - SSM Command Status: Success
2026-08-15 02:25:28,768 - 496908 - INFO - app_validation.py output for i-0cffa892fa68b1d7d:

==============================================================================
Server Availability Check Started | 2026-08-15 01:24:58.829085
==============================================================================

==============================================================================
SYSTEM INFORMATION
==============================================================================
Server IP | 10.0.30.46
Hostname | ip-10-0-30-46.us-west-1.compute.internal
Current User | root
Working Directory | /usr/bin
Time Zone | CDT

==============================================================================
STORAGE CHECK | /data mounts
==============================================================================
Filesystem | Size | Used | Avail | Use% | Mounted on
/dev/nvme1n1p2 | 239.9G | 38.1G | 201.8G | 15% | /data
fs-e20744fb.efs.us-west-1.amazonaws.com:/ | 0B | 343.0G | 0B | 0% | /data2

==============================================================================
SYMLINK CHECK | root (/)
==============================================================================
Symlinks Total | 4
Symlinks Valid | 4
Symlinks Invalid | 0
Symlink | ResolvedTarget
/bin | /usr/bin
/lib | /usr/lib
/lib64 | /usr/lib64
/sbin | /usr/sbin

==============================================================================
NFS CHECK
==============================================================================
NFS Package Installed | Yes
nfs-server.service Active | No
nfs-client.target Active | Yes
/etc/exports Present | Yes
EXPORTS_LINE | (empty)
NFS_MOUNT | Device | MountPoint | FSType
NFS_MOUNT | fs-e20744fb.efs.us-west-1.amazonaws.com:/ | /data2 | nfs4

==============================================================================
CUPS CHECK
==============================================================================
CUPS Installed | Yes
CUPS Running | Yes
CUPS Version | cups-2.4.16-1.amzn2023.0.3.x86_64
CUPS IP URL (http://10.0.30.46:631) | 200
Cups server Http Status | 200
Cups printers Http Status | 200
Printers Configured | 40

==============================================================================
FTP CHECK
==============================================================================
FTP Installed | No
FTP Running (Port 21 localhost) | No
FTP Port 21 Reachable on 10.0.30.46 | No
FTP Processes | None

==============================================================================
JAVA CHECK
==============================================================================
Total Java Processes | 2
Batch/Daemon Java Processes | 0
Non-Standalone Java Processes | Not Found

==============================================================================
BATCH/DAEMON JAVA DETAILS
==============================================================================
Batch/Daemon Java Processes | 0
Batch/Daemon Java Details | None

==============================================================================
JBOSS/WILDFLY APPS (simple table)
==============================================================================
JBoss App Processes | 2
PID | AppName | JbossVersion | Java-Name | Port | URL | Status | Code | SSL-Status | App-Path
2673 | wmsflex | softeon | wmsflex_jboss62 | 8080 | 10.0.30.46:8080 | UP | 200 | Disabled | /data/app/jboss62eap/softeon/lnf/wmsflex/standalone
2672 | wmsflex | softeon | lnfd365_jboss62 | 8081 | 10.0.30.46:8081 | UP | 200 | Disabled | /data/app/jboss62eap/softeon/lnfd365/wmsflex/standalone

==============================================================================
HEALTH MONITOR CRONTAB STATUS
==============================================================================
Health Monitor Crontab | Not Found

==============================================================================
Server Availability Check Completed | 2026-08-15 01:24:59.396615
==============================================================================

2026-08-15 02:25:28,770 - 496908 - INFO - [Retry-1] After log saved: /data/patching_report/validation-2026-08-15/q3-lnf-prod-app/10.0.30.46/10.0.30.46-AfterPatching-Retry1-2026-08-15-02-25-28-769.log
2026-08-15 02:25:28,827 - 496908 - INFO - [Retry-1] RED for LNF Production Server Node 2 (10.0.30.46), retrying... (Total waited: 300s)
2026-08-15 02:25:28,827 - 496908 - INFO - [Retry-2] Waiting 300s for i-0cffa892fa68b1d7d...
2026-08-15 02:30:29,440 - 496908 - INFO - Sent app_validation.py to i-0cffa892fa68b1d7d (command_id: fbd5a60b-582d-4280-ad95-6966f9793af4)
2026-08-15 02:30:59,584 - 496908 - INFO - SSM Command Status: Success
2026-08-15 02:30:59,584 - 496908 - INFO - app_validation.py output for i-0cffa892fa68b1d7d:

==============================================================================
Server Availability Check Started | 2026-08-15 01:30:29.624733
==============================================================================

==============================================================================
SYSTEM INFORMATION
==============================================================================
Server IP | 10.0.30.46
Hostname | ip-10-0-30-46.us-west-1.compute.internal
Current User | root
Working Directory | /usr/bin
Time Zone | CDT

==============================================================================
STORAGE CHECK | /data mounts
==============================================================================
Filesystem | Size | Used | Avail | Use% | Mounted on
/dev/nvme1n1p2 | 239.9G | 38.1G | 201.8G | 15% | /data
fs-e20744fb.efs.us-west-1.amazonaws.com:/ | 0B | 343.0G | 0B | 0% | /data2

==============================================================================
SYMLINK CHECK | root (/)
==============================================================================
Symlinks Total | 4
Symlinks Valid | 4
Symlinks Invalid | 0
Symlink | ResolvedTarget
/bin | /usr/bin
/lib | /usr/lib
/lib64 | /usr/lib64
/sbin | /usr/sbin

==============================================================================
NFS CHECK
==============================================================================
NFS Package Installed | Yes
nfs-server.service Active | No
nfs-client.target Active | Yes
/etc/exports Present | Yes
EXPORTS_LINE | (empty)
NFS_MOUNT | Device | MountPoint | FSType
NFS_MOUNT | fs-e20744fb.efs.us-west-1.amazonaws.com:/ | /data2 | nfs4

==============================================================================
CUPS CHECK
==============================================================================
CUPS Installed | Yes
CUPS Running | Yes
CUPS Version | cups-2.4.16-1.amzn2023.0.3.x86_64
CUPS IP URL (http://10.0.30.46:631) | 200
Cups server Http Status | 200
Cups printers Http Status | 200
Printers Configured | 40

==============================================================================
FTP CHECK
==============================================================================
FTP Installed | No
FTP Running (Port 21 localhost) | No
FTP Port 21 Reachable on 10.0.30.46 | No
FTP Processes | None

==============================================================================
JAVA CHECK
==============================================================================
Total Java Processes | 2
Batch/Daemon Java Processes | 0
Non-Standalone Java Processes | Not Found

==============================================================================
BATCH/DAEMON JAVA DETAILS
==============================================================================
Batch/Daemon Java Processes | 0
Batch/Daemon Java Details | None

==============================================================================
JBOSS/WILDFLY APPS (simple table)
==============================================================================
JBoss App Processes | 2
PID | AppName | JbossVersion | Java-Name | Port | URL | Status | Code | SSL-Status | App-Path
2673 | wmsflex | softeon | wmsflex_jboss62 | 8080 | 10.0.30.46:8080 | UP | 200 | Disabled | /data/app/jboss62eap/softeon/lnf/wmsflex/standalone
2672 | wmsflex | softeon | lnfd365_jboss62 | 8081 | 10.0.30.46:8081 | UP | 200 | Disabled | /data/app/jboss62eap/softeon/lnfd365/wmsflex/standalone

==============================================================================
HEALTH MONITOR CRONTAB STATUS
==============================================================================
Health Monitor Crontab | Not Found

==============================================================================
Server Availability Check Completed | 2026-08-15 01:30:30.362376
==============================================================================

2026-08-15 02:30:59,585 - 496908 - INFO - [Retry-2] After log saved: /data/patching_report/validation-2026-08-15/q3-lnf-prod-app/10.0.30.46/10.0.30.46-AfterPatching-Retry2-2026-08-15-02-30-59-585.log
2026-08-15 02:30:59,644 - 496908 - INFO - [Retry-2] RED for LNF Production Server Node 2 (10.0.30.46), retrying... (Total waited: 600s)
2026-08-15 02:30:59,644 - 496908 - INFO - [Retry-3] Waiting 300s for i-0cffa892fa68b1d7d...
2026-08-15 02:36:00,441 - 496908 - INFO - Sent app_validation.py to i-0cffa892fa68b1d7d (command_id: 782fa955-86ef-491f-a0a9-9bf2ee58a062)
2026-08-15 02:36:30,580 - 496908 - INFO - SSM Command Status: Success
2026-08-15 02:36:30,580 - 496908 - INFO - app_validation.py output for i-0cffa892fa68b1d7d:

==============================================================================
Server Availability Check Started | 2026-08-15 01:36:00.630409
==============================================================================

==============================================================================
SYSTEM INFORMATION
==============================================================================
Server IP | 10.0.30.46
Hostname | ip-10-0-30-46.us-west-1.compute.internal
Current User | root
Working Directory | /usr/bin
Time Zone | CDT

==============================================================================
STORAGE CHECK | /data mounts
==============================================================================
Filesystem | Size | Used | Avail | Use% | Mounted on
/dev/nvme1n1p2 | 239.9G | 38.1G | 201.8G | 15% | /data
fs-e20744fb.efs.us-west-1.amazonaws.com:/ | 0B | 343.0G | 0B | 0% | /data2

==============================================================================
SYMLINK CHECK | root (/)
==============================================================================
Symlinks Total | 4
Symlinks Valid | 4
Symlinks Invalid | 0
Symlink | ResolvedTarget
/bin | /usr/bin
/lib | /usr/lib
/lib64 | /usr/lib64
/sbin | /usr/sbin

==============================================================================
NFS CHECK
==============================================================================
NFS Package Installed | Yes
nfs-server.service Active | No
nfs-client.target Active | Yes
/etc/exports Present | Yes
EXPORTS_LINE | (empty)
NFS_MOUNT | Device | MountPoint | FSType
NFS_MOUNT | fs-e20744fb.efs.us-west-1.amazonaws.com:/ | /data2 | nfs4

==============================================================================
CUPS CHECK
==============================================================================
CUPS Installed | Yes
CUPS Running | Yes
CUPS Version | cups-2.4.16-1.amzn2023.0.3.x86_64
CUPS IP URL (http://10.0.30.46:631) | 200
Cups server Http Status | 200
Cups printers Http Status | 200
Printers Configured | 40

==============================================================================
FTP CHECK
==============================================================================
FTP Installed | No
FTP Running (Port 21 localhost) | No
FTP Port 21 Reachable on 10.0.30.46 | No
FTP Processes | None

==============================================================================
JAVA CHECK
==============================================================================
Total Java Processes | 2
Batch/Daemon Java Processes | 0
Non-Standalone Java Processes | Not Found

==============================================================================
BATCH/DAEMON JAVA DETAILS
==============================================================================
Batch/Daemon Java Processes | 0
Batch/Daemon Java Details | None

==============================================================================
JBOSS/WILDFLY APPS (simple table)
==============================================================================
JBoss App Processes | 2
PID | AppName | JbossVersion | Java-Name | Port | URL | Status | Code | SSL-Status | App-Path
2673 | wmsflex | softeon | wmsflex_jboss62 | 8080 | 10.0.30.46:8080 | UP | 200 | Disabled | /data/app/jboss62eap/softeon/lnf/wmsflex/standalone
2672 | wmsflex | softeon | lnfd365_jboss62 | 8081 | 10.0.30.46:8081 | UP | 200 | Disabled | /data/app/jboss62eap/softeon/lnfd365/wmsflex/standalone

==============================================================================
HEALTH MONITOR CRONTAB STATUS
==============================================================================
Health Monitor Crontab | Not Found

==============================================================================
Server Availability Check Completed | 2026-08-15 01:36:01.193801
==============================================================================

2026-08-15 02:36:30,581 - 496908 - INFO - [Retry-3] After log saved: /data/patching_report/validation-2026-08-15/q3-lnf-prod-app/10.0.30.46/10.0.30.46-AfterPatching-Retry3-2026-08-15-02-36-30-581.log
2026-08-15 02:36:30,638 - 496908 - INFO - [Retry-3] RED for LNF Production Server Node 2 (10.0.30.46), retrying... (Total waited: 900s)
2026-08-15 02:36:30,638 - 496908 - INFO - [Retry-4] Waiting 300s for i-0cffa892fa68b1d7d...
2026-08-15 02:41:31,279 - 496908 - INFO - Sent app_validation.py to i-0cffa892fa68b1d7d (command_id: d623d06f-963f-4144-bba7-7263e79a1403)
2026-08-15 02:42:01,457 - 496908 - INFO - SSM Command Status: Success
2026-08-15 02:42:01,457 - 496908 - INFO - app_validation.py output for i-0cffa892fa68b1d7d:

==============================================================================
Server Availability Check Started | 2026-08-15 01:41:31.486316
==============================================================================

==============================================================================
SYSTEM INFORMATION
==============================================================================
Server IP | 10.0.30.46
Hostname | ip-10-0-30-46.us-west-1.compute.internal
Current User | root
Working Directory | /usr/bin
Time Zone | CDT

==============================================================================
STORAGE CHECK | /data mounts
==============================================================================
Filesystem | Size | Used | Avail | Use% | Mounted on
/dev/nvme1n1p2 | 239.9G | 38.1G | 201.8G | 15% | /data
fs-e20744fb.efs.us-west-1.amazonaws.com:/ | 0B | 343.0G | 0B | 0% | /data2

==============================================================================
SYMLINK CHECK | root (/)
==============================================================================
Symlinks Total | 4
Symlinks Valid | 4
Symlinks Invalid | 0
Symlink | ResolvedTarget
/bin | /usr/bin
/lib | /usr/lib
/lib64 | /usr/lib64
/sbin | /usr/sbin

==============================================================================
NFS CHECK
==============================================================================
NFS Package Installed | Yes
nfs-server.service Active | No
nfs-client.target Active | Yes
/etc/exports Present | Yes
EXPORTS_LINE | (empty)
NFS_MOUNT | Device | MountPoint | FSType
NFS_MOUNT | fs-e20744fb.efs.us-west-1.amazonaws.com:/ | /data2 | nfs4

==============================================================================
CUPS CHECK
==============================================================================
CUPS Installed | Yes
CUPS Running | Yes
CUPS Version | cups-2.4.16-1.amzn2023.0.3.x86_64
CUPS IP URL (http://10.0.30.46:631) | 200
Cups server Http Status | 200
Cups printers Http Status | 200
Printers Configured | 40

==============================================================================
FTP CHECK
==============================================================================
FTP Installed | No
FTP Running (Port 21 localhost) | No
FTP Port 21 Reachable on 10.0.30.46 | No
FTP Processes | None

==============================================================================
JAVA CHECK
==============================================================================
Total Java Processes | 2
Batch/Daemon Java Processes | 0
Non-Standalone Java Processes | Not Found

==============================================================================
BATCH/DAEMON JAVA DETAILS
==============================================================================
Batch/Daemon Java Processes | 0
Batch/Daemon Java Details | None

==============================================================================
JBOSS/WILDFLY APPS (simple table)
==============================================================================
JBoss App Processes | 2
PID | AppName | JbossVersion | Java-Name | Port | URL | Status | Code | SSL-Status | App-Path
2673 | wmsflex | softeon | wmsflex_jboss62 | 8080 | 10.0.30.46:8080 | UP | 200 | Disabled | /data/app/jboss62eap/softeon/lnf/wmsflex/standalone
2672 | wmsflex | softeon | lnfd365_jboss62 | 8081 | 10.0.30.46:8081 | UP | 200 | Disabled | /data/app/jboss62eap/softeon/lnfd365/wmsflex/standalone

==============================================================================
HEALTH MONITOR CRONTAB STATUS
==============================================================================
Health Monitor Crontab | Not Found

==============================================================================
Server Availability Check Completed | 2026-08-15 01:41:32.048573
==============================================================================

2026-08-15 02:42:01,468 - 496908 - INFO - [Retry-4] After log saved: /data/patching_report/validation-2026-08-15/q3-lnf-prod-app/10.0.30.46/10.0.30.46-AfterPatching-Retry4-2026-08-15-02-42-01-467.log
2026-08-15 02:42:02,099 - 496908 - INFO - [Retry-4] RED for LNF Production Server Node 2 (10.0.30.46), retrying... (Total waited: 1200s)
2026-08-15 02:42:02,130 - 496908 - INFO - [Retry-5] Waiting 300s for i-0cffa892fa68b1d7d...
2026-08-15 02:47:02,967 - 496908 - INFO - Sent app_validation.py to i-0cffa892fa68b1d7d (command_id: ad5455e0-a28e-441e-be95-35a9e79c252f)
2026-08-15 02:47:33,101 - 496908 - INFO - SSM Command Status: Success
2026-08-15 02:47:33,101 - 496908 - INFO - app_validation.py output for i-0cffa892fa68b1d7d:

==============================================================================
Server Availability Check Started | 2026-08-15 01:47:03.162096
==============================================================================

==============================================================================
SYSTEM INFORMATION
==============================================================================
Server IP | 10.0.30.46
Hostname | ip-10-0-30-46.us-west-1.compute.internal
Current User | root
Working Directory | /usr/bin
Time Zone | CDT

==============================================================================
STORAGE CHECK | /data mounts
==============================================================================
Filesystem | Size | Used | Avail | Use% | Mounted on
/dev/nvme1n1p2 | 239.9G | 38.1G | 201.8G | 15% | /data
fs-e20744fb.efs.us-west-1.amazonaws.com:/ | 0B | 343.0G | 0B | 0% | /data2

==============================================================================
SYMLINK CHECK | root (/)
==============================================================================
Symlinks Total | 4
Symlinks Valid | 4
Symlinks Invalid | 0
Symlink | ResolvedTarget
/bin | /usr/bin
/lib | /usr/lib
/lib64 | /usr/lib64
/sbin | /usr/sbin

==============================================================================
NFS CHECK
==============================================================================
NFS Package Installed | Yes
nfs-server.service Active | No
nfs-client.target Active | Yes
/etc/exports Present | Yes
EXPORTS_LINE | (empty)
NFS_MOUNT | Device | MountPoint | FSType
NFS_MOUNT | fs-e20744fb.efs.us-west-1.amazonaws.com:/ | /data2 | nfs4

==============================================================================
CUPS CHECK
==============================================================================
CUPS Installed | Yes
CUPS Running | Yes
CUPS Version | cups-2.4.16-1.amzn2023.0.3.x86_64
CUPS IP URL (http://10.0.30.46:631) | 200
Cups server Http Status | 200
Cups printers Http Status | 200
Printers Configured | 40

==============================================================================
FTP CHECK
==============================================================================
FTP Installed | No
FTP Running (Port 21 localhost) | No
FTP Port 21 Reachable on 10.0.30.46 | No
FTP Processes | None

==============================================================================
JAVA CHECK
==============================================================================
Total Java Processes | 2
Batch/Daemon Java Processes | 0
Non-Standalone Java Processes | Not Found

==============================================================================
BATCH/DAEMON JAVA DETAILS
==============================================================================
Batch/Daemon Java Processes | 0
Batch/Daemon Java Details | None

==============================================================================
JBOSS/WILDFLY APPS (simple table)
==============================================================================
JBoss App Processes | 2
PID | AppName | JbossVersion | Java-Name | Port | URL | Status | Code | SSL-Status | App-Path
2673 | wmsflex | softeon | wmsflex_jboss62 | 8080 | 10.0.30.46:8080 | UP | 200 | Disabled | /data/app/jboss62eap/softeon/lnf/wmsflex/standalone
2672 | wmsflex | softeon | lnfd365_jboss62 | 8081 | 10.0.30.46:8081 | UP | 200 | Disabled | /data/app/jboss62eap/softeon/lnfd365/wmsflex/standalone

==============================================================================
HEALTH MONITOR CRONTAB STATUS
==============================================================================
Health Monitor Crontab | Not Found

==============================================================================
Server Availability Check Completed | 2026-08-15 01:47:03.877824
==============================================================================

2026-08-15 02:47:33,103 - 496908 - INFO - [Retry-5] After log saved: /data/patching_report/validation-2026-08-15/q3-lnf-prod-app/10.0.30.46/10.0.30.46-AfterPatching-Retry5-2026-08-15-02-47-33-102.log
2026-08-15 02:47:33,163 - 496908 - INFO - [Retry-5] RED for LNF Production Server Node 2 (10.0.30.46), retrying... (Total waited: 1500s)
2026-08-15 02:47:33,163 - 496908 - INFO - [Retry-6] Waiting 300s for i-0cffa892fa68b1d7d...
2026-08-15 02:52:33,712 - 496908 - INFO - Sent app_validation.py to i-0cffa892fa68b1d7d (command_id: 37e318a1-8aff-43de-b8c2-46f97baf3b86)
2026-08-15 02:53:03,847 - 496908 - INFO - SSM Command Status: Success
2026-08-15 02:53:03,847 - 496908 - INFO - app_validation.py output for i-0cffa892fa68b1d7d:

==============================================================================
Server Availability Check Started | 2026-08-15 01:52:33.902719
==============================================================================

==============================================================================
SYSTEM INFORMATION
==============================================================================
Server IP | 10.0.30.46
Hostname | ip-10-0-30-46.us-west-1.compute.internal
Current User | root
Working Directory | /usr/bin
Time Zone | CDT

==============================================================================
STORAGE CHECK | /data mounts
==============================================================================
Filesystem | Size | Used | Avail | Use% | Mounted on
/dev/nvme1n1p2 | 239.9G | 38.1G | 201.8G | 15% | /data
fs-e20744fb.efs.us-west-1.amazonaws.com:/ | 0B | 343.0G | 0B | 0% | /data2

==============================================================================
SYMLINK CHECK | root (/)
==============================================================================
Symlinks Total | 4
Symlinks Valid | 4
Symlinks Invalid | 0
Symlink | ResolvedTarget
/bin | /usr/bin
/lib | /usr/lib
/lib64 | /usr/lib64
/sbin | /usr/sbin

==============================================================================
NFS CHECK
==============================================================================
NFS Package Installed | Yes
nfs-server.service Active | No
nfs-client.target Active | Yes
/etc/exports Present | Yes
EXPORTS_LINE | (empty)
NFS_MOUNT | Device | MountPoint | FSType
NFS_MOUNT | fs-e20744fb.efs.us-west-1.amazonaws.com:/ | /data2 | nfs4

==============================================================================
CUPS CHECK
==============================================================================
CUPS Installed | Yes
CUPS Running | Yes
CUPS Version | cups-2.4.16-1.amzn2023.0.3.x86_64
CUPS IP URL (http://10.0.30.46:631) | 200
Cups server Http Status | 200
Cups printers Http Status | 200
Printers Configured | 40

==============================================================================
FTP CHECK
==============================================================================
FTP Installed | No
FTP Running (Port 21 localhost) | No
FTP Port 21 Reachable on 10.0.30.46 | No
FTP Processes | None

==============================================================================
JAVA CHECK
==============================================================================
Total Java Processes | 2
Batch/Daemon Java Processes | 0
Non-Standalone Java Processes | Not Found

==============================================================================
BATCH/DAEMON JAVA DETAILS
==============================================================================
Batch/Daemon Java Processes | 0
Batch/Daemon Java Details | None

==============================================================================
JBOSS/WILDFLY APPS (simple table)
==============================================================================
JBoss App Processes | 2
PID | AppName | JbossVersion | Java-Name | Port | URL | Status | Code | SSL-Status | App-Path
2673 | wmsflex | softeon | wmsflex_jboss62 | 8080 | 10.0.30.46:8080 | UP | 200 | Disabled | /data/app/jboss62eap/softeon/lnf/wmsflex/standalone
2672 | wmsflex | softeon | lnfd365_jboss62 | 8081 | 10.0.30.46:8081 | UP | 200 | Disabled | /data/app/jboss62eap/softeon/lnfd365/wmsflex/standalone

==============================================================================
HEALTH MONITOR CRONTAB STATUS
==============================================================================
Health Monitor Crontab | Not Found

==============================================================================
Server Availability Check Completed | 2026-08-15 01:52:34.470455
==============================================================================

2026-08-15 02:53:03,849 - 496908 - INFO - [Retry-6] After log saved: /data/patching_report/validation-2026-08-15/q3-lnf-prod-app/10.0.30.46/10.0.30.46-AfterPatching-Retry6-2026-08-15-02-53-03-848.log
2026-08-15 02:53:03,912 - 496908 - WARNING - i-0cffa892fa68b1d7d: Timeout - cron was not active, skipping enable
