2026-03-29 03:00:03,708 - 3942173 - INFO - Logger setup has been removed, using shared logger from common.logs.logger.
2026-03-29 03:00:03,709 - 3942173 - INFO - Script Start Time: 2026-03-29 03:00:03
2026-03-29 03:00:04,061 - 3942173 - INFO - Instance(s) selected for Patching: {'i-01bb855a725259f15': '10.154.0.4', 'i-021a8591842eab664': '10.154.0.43'}
2026-03-29 03:00:04,161 - 3942173 - INFO - Email sent successfully to ['a80af5b5.softeon.com@in.teams.ms', 'CloudOps@softeon.com']
2026-03-29 03:00:04,161 - 3942173 - INFO - Now patching instances at: 2026-03-29 03:00:04
2026-03-29 03:00:04,344 - 3942173 - INFO - Sending patch command to instance i-021a8591842eab664
2026-03-29 03:00:04,523 - 3942173 - INFO - Command sent successfully to instance i-021a8591842eab664. Command ID: f29f7d0e-7615-4f1b-92f3-c6fecc531bf6
2026-03-29 03:00:04,858 - 3942173 - INFO - Sending patch command to instance i-01bb855a725259f15
2026-03-29 03:00:04,994 - 3942173 - INFO - Command sent successfully to instance i-01bb855a725259f15. Command ID: c7ab2f24-2c10-49e3-917a-389bf861948d
2026-03-29 03:05:07,023 - 3942173 - INFO - All patches applied successfully.
2026-03-29 03:05:07,024 - 3942173 - INFO - Patching end time: 2026-03-29 03:05:07
2026-03-29 03:05:07,024 - 3942173 - INFO - Patch Elapsed time: 0:05:02.862081
2026-03-29 03:05:07,102 - 3942173 - INFO - Email sent successfully to ['a80af5b5.softeon.com@in.teams.ms', 'CloudOps@softeon.com']
2026-03-29 03:05:07,102 - 3942173 - INFO - Confirmed - services are stopped
2026-03-29 03:05:27,952 - 3942173 - INFO - Discovered TG map: {'i-021a8591842eab664': ['arn:aws:elasticloadbalancing:us-east-1:835314132208:targetgroup/Vantiva-WMS-Prod-Desktop/403e4fe7265f0b51', 'arn:aws:elasticloadbalancing:us-east-1:835314132208:targetgroup/Vantiva-WMS-Prod-Hybrid/05b75b06f905d3ac', 'arn:aws:elasticloadbalancing:us-east-1:835314132208:targetgroup/Vantiva-WMS-Prod-Portal/3013a3a58aa44e2d', 'arn:aws:elasticloadbalancing:us-east-1:835314132208:targetgroup/Vantiva-WMS-Prod-RF/b380f95a1a0f50ee', 'arn:aws:elasticloadbalancing:us-east-1:835314132208:targetgroup/Vantiva-production-WS-EXT/15574faf3ab94e5e'], 'i-01bb855a725259f15': ['arn:aws:elasticloadbalancing:us-east-1:835314132208:targetgroup/Vantiva-WMS-Prod-Desktop/403e4fe7265f0b51', 'arn:aws:elasticloadbalancing:us-east-1:835314132208:targetgroup/Vantiva-WMS-Prod-Hybrid/05b75b06f905d3ac', 'arn:aws:elasticloadbalancing:us-east-1:835314132208:targetgroup/Vantiva-WMS-Prod-Portal/3013a3a58aa44e2d', 'arn:aws:elasticloadbalancing:us-east-1:835314132208:targetgroup/Vantiva-WMS-Prod-RF/b380f95a1a0f50ee', 'arn:aws:elasticloadbalancing:us-east-1:835314132208:targetgroup/Vantiva-production-WS-EXT/15574faf3ab94e5e']}
2026-03-29 03:05:28,357 - 3942173 - INFO - Sent app_validation.py to i-021a8591842eab664 (command_id: 04d114a4-8474-4004-9a69-e9c82f9c431c)
2026-03-29 03:05:58,499 - 3942173 - INFO - app_validation.py output for i-021a8591842eab664:

==============================================================================
Server Availability Check Started | 2026-03-29 07:05:28.694536
==============================================================================

==============================================================================
SYSTEM INFORMATION
==============================================================================
Server IP | 10.154.0.43
Hostname | ip-10-154-0-43
Current User | root
Working Directory | /usr/bin
Time Zone | UTC

==============================================================================
STORAGE CHECK | /data mounts
==============================================================================
Filesystem | Size | Used | Avail | Use% | Mounted on
/dev/mapper/vg01-lv02 | 239.9G | 36.4G | 203.4G | 15% | /data
fs-01290a7ce6c8beb52.efs.us-east-1.amazonaws.com:/ | 0B | 11.9T | 0B | 0% | /data2

==============================================================================
SYMLINK CHECK | root (/)
==============================================================================
Symlinks Total | 5
Symlinks Valid | 5
Symlinks Invalid | 0
Symlink | ResolvedTarget
/bin | /usr/bin
/data3 | /data/data3
/lib | /usr/lib
/lib64 | /usr/lib64
/sbin | /usr/sbin

==============================================================================
NFS CHECK
==============================================================================
NFS Package Installed | Yes
nfs-server.service Active | No
nfs-client.target Active | Yes
/etc/exports Present | Yes
EXPORTS_LINE | (empty)
NFS_MOUNT | Device | MountPoint | FSType
NFS_MOUNT | fs-01290a7ce6c8beb52.efs.us-east-1.amazonaws.com:/ | /data2 | nfs4

==============================================================================
CUPS CHECK
==============================================================================
CUPS Installed | Yes
CUPS Running | Yes
CUPS Version | 1.7.5
CUPS IP URL (http://10.154.0.43:631) | 200
Cups server Http Status | 200
Cups printers Http Status | 200
Printers Configured | 91

==============================================================================
FTP CHECK
==============================================================================
FTP Installed | No
FTP Running (Port 21 localhost) | No
FTP Port 21 Reachable on 10.154.0.43 | No
FTP Processes | None

==============================================================================
JAVA CHECK
==============================================================================
Total Java Processes | 5
Batch/Daemon Java Processes | 0
Non-Standalone Java Processes | Not Found

==============================================================================
BATCH/DAEMON JAVA DETAILS
==============================================================================
Batch/Daemon Java Processes | 0
Batch/Daemon Java Details | None

==============================================================================
JBOSS/WILDFLY APPS (simple table)
==============================================================================
JBoss App Processes | 5
PID | AppName | JbossVersion | Java-Name | Port | URL | Status | Code | SSL-Status | App-Path
1723643 | vantivahybridprod | jboss800eap | vantivahyd_j80 | 8082 | 10.154.0.43:8082 | UP | 200 | Disabled | /data/app/jboss800eap/softeon/vantivahybridprod/standalone
1725487 | vantivawmsportalprod | jboss800eap | vantivaport_j80 | 8083 | 10.154.0.43:8083 | UP | 200 | Disabled | /data/app/jboss800eap/softeon/vantivawmsportalprod/standalone
1729203 | vantivawmsprod | jboss800eap | vantiva_jb800 | 8080 | 10.154.0.43:8080 | UP | 200 | Disabled | /data/app/jboss800eap/softeon/vantivawmsprod/standalone
1733261 | vantivawmsrfprod | jboss800eap | vantivarf_jb800 | 8081 | 10.154.0.43:8081 | UP | 200 | Disabled | /data/app/jboss800eap/softeon/vantivawmsrfprod/standalone
1730251 | vantivawsprod | jboss800eap | vantivaws_jb8 | 8084 | 10.154.0.43:8084 | UP | 200 | Disabled | /data/app/jboss800eap/softeon/vantivawsprod/standalone

==============================================================================
Server Availability Check Completed | 2026-03-29 07:05:30.294759
==============================================================================

2026-03-29 03:05:58,499 - 3942173 - ERROR - app_validation.py errors for i-021a8591842eab664:

2026-03-29 03:05:58,501 - 3942173 - INFO - Before patching validation saved to: output/validation-2026-03-29/10.154.0.43-BeforePatching-2026-03-29-03-05-58-501.log
2026-03-29 03:05:58,501 - 3942173 - INFO - Deregistering i-021a8591842eab664 from TG arn:aws:elasticloadbalancing:us-east-1:835314132208:targetgroup/Vantiva-WMS-Prod-Desktop/403e4fe7265f0b51
2026-03-29 03:05:58,586 - 3942173 - INFO - Deregistering i-021a8591842eab664 from TG arn:aws:elasticloadbalancing:us-east-1:835314132208:targetgroup/Vantiva-WMS-Prod-Hybrid/05b75b06f905d3ac
2026-03-29 03:05:58,636 - 3942173 - INFO - Deregistering i-021a8591842eab664 from TG arn:aws:elasticloadbalancing:us-east-1:835314132208:targetgroup/Vantiva-WMS-Prod-Portal/3013a3a58aa44e2d
2026-03-29 03:05:58,688 - 3942173 - INFO - Deregistering i-021a8591842eab664 from TG arn:aws:elasticloadbalancing:us-east-1:835314132208:targetgroup/Vantiva-WMS-Prod-RF/b380f95a1a0f50ee
2026-03-29 03:05:58,741 - 3942173 - INFO - Deregistering i-021a8591842eab664 from TG arn:aws:elasticloadbalancing:us-east-1:835314132208:targetgroup/Vantiva-production-WS-EXT/15574faf3ab94e5e
2026-03-29 03:05:58,794 - 3942173 - INFO - Stopping EC2 instance: i-021a8591842eab664 at 2026-03-29 03:05:58
2026-03-29 03:07:45,234 - 3942173 - INFO - Instance i-021a8591842eab664 stopped successfully.
2026-03-29 03:07:45,504 - 3942173 - INFO - Stopped i-021a8591842eab664 in 0:01:46.710565
2026-03-29 03:07:45,505 - 3942173 - INFO - Starting EC2 instance: i-021a8591842eab664
2026-03-29 03:08:01,490 - 3942173 - INFO - Instance i-021a8591842eab664 started successfully.
2026-03-29 03:08:01,490 - 3942173 - INFO - Waiting 100 seconds for SSM agent to be ready on i-021a8591842eab664...
2026-03-29 03:09:41,590 - 3942173 - INFO - Registering i-021a8591842eab664 to TG arn:aws:elasticloadbalancing:us-east-1:835314132208:targetgroup/Vantiva-WMS-Prod-Desktop/403e4fe7265f0b51
2026-03-29 03:09:41,815 - 3942173 - INFO - Registering i-021a8591842eab664 to TG arn:aws:elasticloadbalancing:us-east-1:835314132208:targetgroup/Vantiva-WMS-Prod-Hybrid/05b75b06f905d3ac
2026-03-29 03:09:41,956 - 3942173 - INFO - Registering i-021a8591842eab664 to TG arn:aws:elasticloadbalancing:us-east-1:835314132208:targetgroup/Vantiva-WMS-Prod-Portal/3013a3a58aa44e2d
2026-03-29 03:09:42,086 - 3942173 - INFO - Registering i-021a8591842eab664 to TG arn:aws:elasticloadbalancing:us-east-1:835314132208:targetgroup/Vantiva-WMS-Prod-RF/b380f95a1a0f50ee
2026-03-29 03:09:42,220 - 3942173 - INFO - Registering i-021a8591842eab664 to TG arn:aws:elasticloadbalancing:us-east-1:835314132208:targetgroup/Vantiva-production-WS-EXT/15574faf3ab94e5e
2026-03-29 03:14:43,040 - 3942173 - WARNING - i-021a8591842eab664 not healthy in arn:aws:elasticloadbalancing:us-east-1:835314132208:targetgroup/Vantiva-WMS-Prod-Desktop/403e4fe7265f0b51 after timeout.
2026-03-29 03:19:43,738 - 3942173 - WARNING - i-021a8591842eab664 not healthy in arn:aws:elasticloadbalancing:us-east-1:835314132208:targetgroup/Vantiva-WMS-Prod-Hybrid/05b75b06f905d3ac after timeout.
2026-03-29 03:27:14,756 - 3942173 - WARNING - i-021a8591842eab664 not healthy in arn:aws:elasticloadbalancing:us-east-1:835314132208:targetgroup/Vantiva-WMS-Prod-RF/b380f95a1a0f50ee after timeout.
2026-03-29 03:27:14,863 - 3942173 - INFO - Email sent successfully to ['CloudOps@softeon.com']
2026-03-29 03:27:14,863 - 3942173 - ERROR - Aborting workflow: i-021a8591842eab664 is not healthy after restart.
2026-03-29 03:27:14,865 - 3942173 - INFO - Restart Total time: 0:22:07.558742
2026-03-29 03:27:14,865 - 3942173 - INFO - Auto-confirmed services are restarted
2026-03-29 03:27:14,865 - 3942173 - INFO - Confirmed - services are started
2026-03-29 03:27:15,000 - 3942173 - INFO - The following instances have failed the patch: []
2026-03-29 03:27:15,003 - 3942173 - INFO - No instances have failed the patch.
2026-03-29 03:27:15,003 - 3942173 - INFO - Total Patch Process time: 0:27:11.291467
2026-03-29 03:27:15,313 - 3942173 - INFO - Email sent successfully to ['a80af5b5.softeon.com@in.teams.ms', 'CloudOps@softeon.com']
2026-03-29 03:28:15,615 - 3942173 - INFO - Log file ./logs/patching_2026-03-29_Vantiva-WMS-App.log uploaded to s3://q1-2026-aws-security-patching/Vantiva-WMS-App_Patch/2026-03-29/patching_2026-03-29_Vantiva-WMS-App.log
