2026-06-20 01:10:03,292 - 2968371 - INFO - Logger setup has been removed, using shared logger from common.logs.logger.
2026-06-20 01:10:03,292 - 2968371 - INFO - Script Start Time: 2026-06-20 01:10:03
2026-06-20 01:10:03,603 - 2968371 - INFO - Instance(s) selected for Patching: {'i-0800b9d8c211631fb': '10.50.28.60'}
2026-06-20 01:10:03,679 - 2968371 - INFO - Email sent successfully to ['CloudOps@softeon.com']
2026-06-20 01:10:03,680 - 2968371 - INFO - Now patching instances at: 2026-06-20 01:10:03
2026-06-20 01:10:03,873 - 2968371 - INFO - Sent app_validation.py to i-0800b9d8c211631fb (command_id: 369e7a48-ea54-487e-9207-ad8463453c0b)
2026-06-20 01:10:34,056 - 2968371 - INFO - app_validation.py output for i-0800b9d8c211631fb:

==============================================================================
Server Availability Check Started | 2026-06-20 05:10:04.142959
==============================================================================

==============================================================================
SYSTEM INFORMATION
==============================================================================
Server IP | 10.50.28.60
Hostname | ip-10-50-28-60
Current User | root
Working Directory | /usr/bin
Time Zone | UTC

==============================================================================
STORAGE CHECK | /data mounts
==============================================================================
Filesystem | Size | Used | Avail | Use% | Mounted on
/dev/nvme1n1p2 | 239.9G | 146.4G | 93.5G | 61% | /data
fs-05bbf36a28e4ca039.efs.us-east-1.amazonaws.com:/ | 0B | 172.8G | 0B | 0% | /data2

==============================================================================
SYMLINK CHECK | root (/)
==============================================================================
Symlinks Total | 4
Symlinks Valid | 4
Symlinks Invalid | 0
Symlink | ResolvedTarget
/bin | /usr/bin
/lib | /usr/lib
/lib64 | /usr/lib64
/sbin | /usr/sbin

==============================================================================
NFS CHECK
==============================================================================
NFS Package Installed | Yes
nfs-server.service Active | No
nfs-client.target Active | Yes
/etc/exports Present | Yes
EXPORTS_LINE | (empty)
NFS_MOUNT | Device | MountPoint | FSType
NFS_MOUNT | fs-05bbf36a28e4ca039.efs.us-east-1.amazonaws.com:/ | /data2 | nfs4

==============================================================================
CUPS CHECK
==============================================================================
CUPS Installed | Yes
CUPS Running | Yes
CUPS Version | cups-2.4.14-1.amzn2023.0.2.aarch64
CUPS IP URL (http://10.50.28.60:631) | 200
Cups server Http Status | 200
Cups printers Http Status | 200
Printers Configured | 8

==============================================================================
FTP CHECK
==============================================================================
FTP Installed | No
FTP Running (Port 21 localhost) | No
FTP Port 21 Reachable on 10.50.28.60 | No
FTP Processes | None

==============================================================================
JAVA CHECK
==============================================================================
Total Java Processes | 28
Batch/Daemon Java Processes | 28
Non-Standalone Java Processes | fqprd_rpest, fqprd_dwa, fqprd_event, fqprd_ict, fqprd_jqgrictrl, fqprd_jqgridest, fqprd_jqgripsf, fqprd_lbl, fqprd_repl, fqprd_rpctrl, fqprd_rppsf, fqprd_cen_sch, fqprd_est_sch, fqprd_pac_sch, fqprd_inbq, fqprd_wldctl, fqprd_wldest, fqprd_wldpsf, fqprd_estabd, fqprd_psfabd, fqprd_ctlabd, fqprd_1913pksp, fqprd_1914pksp, fqprd_1955pksp, fqprd_1958pksp, fqprd_1959pksp, fqprd_2estabd, fqprd_2ctlabd

==============================================================================
BATCH/DAEMON JAVA DETAILS
==============================================================================
Batch/Daemon Java Processes | 28
Java-Name | Java-Path
fqprd_rpest | /data/batchapp/softeon/firstqprod/reportdaemon_eastern
fqprd_dwa | /data/batchapp/softeon/firstqprod/downloaddaemon
fqprd_event | /data/batchapp/softeon/firstqprod/eventdaemon
fqprd_ict | /data/batchapp/softeon/firstqprod/inventorycomputationbytaskdaemon
fqprd_jqgrictrl | /data/batchapp/softeon/firstqprod/jqgridexportdaemon_central
fqprd_jqgridest | /data/batchapp/softeon/firstqprod/jqgridexportdaemon_eastern
fqprd_jqgripsf | /data/batchapp/softeon/firstqprod/jqgridexportdaemon_pacific
fqprd_lbl | /data/batchapp/softeon/firstqprod/labeldaemon
fqprd_repl | /data/batchapp/softeon/firstqprod/replenishmentdaemon
fqprd_rpctrl | /data/batchapp/softeon/firstqprod/reportdaemon_central
fqprd_rppsf | /data/batchapp/softeon/firstqprod/reportdaemon_pacific
fqprd_cen_sch | /data/batchapp/softeon/firstqprod/schedulerdaemon_central
fqprd_est_sch | /data/batchapp/softeon/firstqprod/schedulerdaemon_eastern
fqprd_pac_sch | /data/batchapp/softeon/firstqprod/schedulerdaemon_pacific
fqprd_inbq | /data/batchapp/softeon/firstqprod/uploaddaemon
fqprd_wldctl | /data/batchapp/softeon/firstqprod/wavelaunchdaemon_central
fqprd_wldest | /data/batchapp/softeon/firstqprod/wavelaunchdaemon_eastern
fqprd_wldpsf | /data/batchapp/softeon/firstqprod/wavelaunchdaemon_pacific
fqprd_estabd | /data/batchapp/softeon/firstqprod/autobatchdistributiondaemon_eastern
fqprd_psfabd | /data/batchapp/softeon/firstqprod/autobatchdistributiondaemon_pacific
fqprd_ctlabd | /data/batchapp/softeon/firstqprod/autobatchdistributiondaemon_central
fqprd_1913pksp | /data/batchapp/softeon/firstqprod/printpackslipdaemon_1913
fqprd_1914pksp | /data/batchapp/softeon/firstqprod/printpackslipdaemon_1914
fqprd_1955pksp | /data/batchapp/softeon/firstqprod/printpackslipdaemon_1955
fqprd_1958pksp | /data/batchapp/softeon/firstqprod/printpackslipdaemon_1958
fqprd_1959pksp | /data/batchapp/softeon/firstqprod/printpackslipdaemon_1959
fqprd_2estabd | /data/batchapp/softeon/firstqprod/autobatchdistributiondaemon2_eastern
fqprd_2ctlabd | /data/batchapp/softeon/firstqprod/autobatchdistributiondaemon2_central

==============================================================================
JBOSS/WILDFLY APPS (simple table)
==============================================================================
JBoss App Processes | 0
JBoss Apps | None

==============================================================================
Server Availability Check Completed | 2026-06-20 05:10:04.890634
==============================================================================

2026-06-20 01:10:34,056 - 2968371 - ERROR - app_validation.py errors for i-0800b9d8c211631fb:

2026-06-20 01:10:34,058 - 2968371 - INFO - Before patching log saved: /data/patching_report/validation-2026-06-20/FirstQuality-Batch/10.50.28.60/10.50.28.60-BeforePatching-2026-06-20-01-10-34-057.log
2026-06-20 01:10:34,143 - 2968371 - INFO - Sending patch command to instance i-0800b9d8c211631fb
2026-06-20 01:10:34,287 - 2968371 - INFO - Command sent successfully to instance i-0800b9d8c211631fb. Command ID: f1139348-5c14-4b26-8cc2-d66369bf2b7d
2026-06-20 01:15:05,676 - 2968371 - INFO - All patches applied successfully.
2026-06-20 01:15:05,677 - 2968371 - INFO - Patching end time: 2026-06-20 01:15:05
2026-06-20 01:15:05,677 - 2968371 - INFO - Patch Elapsed time: 0:05:01.997126
2026-06-20 01:15:05,747 - 2968371 - INFO - Email sent successfully to ['CloudOps@softeon.com']
2026-06-20 01:15:05,748 - 2968371 - INFO - Confirmed - services are stopped
2026-06-20 01:15:26,671 - 2968371 - INFO - Discovered TG map: {}
2026-06-20 01:15:26,919 - 2968371 - INFO - Stopping EC2 instance: i-0800b9d8c211631fb at 2026-06-20 01:15:26
2026-06-20 01:16:12,804 - 2968371 - INFO - Instance i-0800b9d8c211631fb stopped successfully.
2026-06-20 01:16:12,934 - 2968371 - INFO - Stopped i-0800b9d8c211631fb in 0:00:46.014999
2026-06-20 01:16:12,934 - 2968371 - INFO - Starting EC2 instance: i-0800b9d8c211631fb
2026-06-20 01:16:28,851 - 2968371 - INFO - Instance i-0800b9d8c211631fb started successfully.
2026-06-20 01:16:28,851 - 2968371 - INFO - Waiting 100 seconds for SSM agent to be ready on i-0800b9d8c211631fb...
2026-06-20 01:18:09,196 - 2968371 - INFO - Sent app_validation.py to i-0800b9d8c211631fb (command_id: 6d01cd94-ea37-4446-81a6-95c36cb97a67)
2026-06-20 01:18:39,259 - 2968371 - INFO - app_validation.py output for i-0800b9d8c211631fb:

==============================================================================
Server Availability Check Started | 2026-06-20 05:18:09.491608
==============================================================================

==============================================================================
SYSTEM INFORMATION
==============================================================================
Server IP | 10.50.28.60
Hostname | ip-10-50-28-60
Current User | root
Working Directory | /usr/bin
Time Zone | UTC

==============================================================================
STORAGE CHECK | /data mounts
==============================================================================
Filesystem | Size | Used | Avail | Use% | Mounted on
/dev/nvme1n1p2 | 239.9G | 146.3G | 93.6G | 60% | /data
fs-05bbf36a28e4ca039.efs.us-east-1.amazonaws.com:/ | 0B | 172.8G | 0B | 0% | /data2

==============================================================================
SYMLINK CHECK | root (/)
==============================================================================
Symlinks Total | 4
Symlinks Valid | 4
Symlinks Invalid | 0
Symlink | ResolvedTarget
/bin | /usr/bin
/lib | /usr/lib
/lib64 | /usr/lib64
/sbin | /usr/sbin

==============================================================================
NFS CHECK
==============================================================================
NFS Package Installed | Yes
nfs-server.service Active | No
nfs-client.target Active | Yes
/etc/exports Present | Yes
EXPORTS_LINE | (empty)
NFS_MOUNT | Device | MountPoint | FSType
NFS_MOUNT | fs-05bbf36a28e4ca039.efs.us-east-1.amazonaws.com:/ | /data2 | nfs4

==============================================================================
CUPS CHECK
==============================================================================
CUPS Installed | Yes
CUPS Running | Yes
CUPS Version | cups-2.4.19-1.amzn2023.0.1.aarch64
CUPS IP URL (http://10.50.28.60:631) | 200
Cups server Http Status | 200
Cups printers Http Status | 200
Printers Configured | 8

==============================================================================
FTP CHECK
==============================================================================
FTP Installed | No
FTP Running (Port 21 localhost) | No
FTP Port 21 Reachable on 10.50.28.60 | No
FTP Processes | None

==============================================================================
JAVA CHECK
==============================================================================
Total Java Processes | 0
Batch/Daemon Java Processes | 0
Non-Standalone Java Processes | Not Found

==============================================================================
BATCH/DAEMON JAVA DETAILS
==============================================================================
Batch/Daemon Java Processes | 0
Batch/Daemon Java Details | None

==============================================================================
JBOSS/WILDFLY APPS (simple table)
==============================================================================
JBoss App Processes | 0
JBoss Apps | None

==============================================================================
Server Availability Check Completed | 2026-06-20 05:18:09.807714
==============================================================================

2026-06-20 01:18:39,259 - 2968371 - ERROR - app_validation.py errors for i-0800b9d8c211631fb:

2026-06-20 01:18:39,260 - 2968371 - INFO - After patching validation saved to: /data/patching_report/validation-2026-06-20/FirstQuality-Batch/10.50.28.60/10.50.28.60-AfterPatching-2026-06-20-01-18-39-260.log
2026-06-20 01:18:39,324 - 2968371 - INFO - Validation comparison report generated: /data/patching_report/validation-2026-06-20/FirstQuality-Batch/10.50.28.60/10.50.28.60-Validation-details-2026-06-20-01-18-39-260.html
2026-06-20 01:18:39,529 - 2968371 - INFO - Email sent successfully to ['kishlayk@softeon.com', 'CloudOps@softeon.com']
2026-06-20 01:18:39,530 - 2968371 - INFO - HTML validation report email sent for i-0800b9d8c211631fb
2026-06-20 01:18:39,672 - 2968371 - INFO - Started i-0800b9d8c211631fb in 0:02:26.737418
2026-06-20 01:18:39,672 - 2968371 - INFO - All instances processed.
2026-06-20 01:18:39,675 - 2968371 - INFO - Restart Total time: 0:03:33.802718
2026-06-20 01:18:39,676 - 2968371 - INFO - Auto-confirmed services are restarted
2026-06-20 01:18:39,676 - 2968371 - INFO - Confirmed - services are started
2026-06-20 01:18:39,786 - 2968371 - INFO - The following instances have failed the patch: []
2026-06-20 01:18:39,786 - 2968371 - INFO - No instances have failed the patch.
2026-06-20 01:18:39,786 - 2968371 - INFO - Total Patch Process time: 0:08:36.494108
2026-06-20 01:19:40,165 - 2968371 - INFO - Log file ./logs/patching_2026-06-20_FirstQuality-Batch.log uploaded to s3://q2-2026-aws-security-patching/FirstQuality-Batch_Patch/2026-06-20/patching_2026-06-20_FirstQuality-Batch.log
