2026-08-02 01:13:03,156 - 2709245 - INFO - Email sent successfully to ['CloudOps@softeon.com']
2026-08-02 01:17:15,679 - 2709245 - INFO - Email sent successfully to ['CloudOps@softeon.com']
2026-08-02 01:17:15,857 - 2709245 - INFO - Log file ./logs/backup_2026-08-02.log uploaded to s3://q3-2025-aws-security-patching/UPS-Philips-App_Patch_Backup/2026-08-02/backup_2026-08-02.log
2026-08-02 01:30:04,909 - 2714750 - INFO - Logger setup has been removed, using shared logger from common.logs.logger.
2026-08-02 01:30:04,909 - 2714750 - INFO - Script Start Time: 2026-08-02 01:30:04
2026-08-02 01:30:05,509 - 2714750 - INFO - Tag: UPS-Philips-App, IPs: ['172.29.61.132', '172.29.61.24'], Environment: prod
2026-08-02 01:30:05,509 - 2714750 - INFO - Instance(s) selected for Patching: {'i-013433f4497b0cb0b': '172.29.61.132', 'i-070ba43ca7fa4ce81': '172.29.61.24'}
2026-08-02 01:30:05,611 - 2714750 - INFO - Email sent successfully to ['CloudOps@softeon.com']
2026-08-02 01:30:05,611 - 2714750 - INFO - Now patching instances at: 2026-08-02 01:30:05
2026-08-02 01:30:06,031 - 2714750 - INFO - Sent app_validation.py to i-013433f4497b0cb0b (command_id: 211ea433-1652-455e-a3ff-c667e3a1beac)
2026-08-02 01:30:36,111 - 2714750 - INFO - SSM Command Status: Success
2026-08-02 01:30:36,111 - 2714750 - INFO - app_validation.py output for i-013433f4497b0cb0b:

==============================================================================
Server Availability Check Started | 2026-08-02 05:30:06.405996
==============================================================================

==============================================================================
SYSTEM INFORMATION
==============================================================================
Server IP | 172.29.61.132
Hostname | ip-172-29-61-132
Current User | root
Working Directory | /usr/bin
Time Zone | UTC

==============================================================================
STORAGE CHECK | /data mounts
==============================================================================
Filesystem | Size | Used | Avail | Use% | Mounted on
/dev/nvme1n1p2 | 275.4G | 99.5G | 161.9G | 36% | /data
fs-6db0bc26.efs.us-east-1.amazonaws.com:/ | 0B | 147.1G | 0B | 0% | /data2

==============================================================================
SYMLINK CHECK | root (/)
==============================================================================
Symlinks Total | 4
Symlinks Valid | 4
Symlinks Invalid | 0
Symlink | ResolvedTarget
/bin | /usr/bin
/lib | /usr/lib
/lib64 | /usr/lib64
/sbin | /usr/sbin

==============================================================================
NFS CHECK
==============================================================================
NFS Package Installed | Yes
nfs-server.service Active | No
nfs-client.target Active | Yes
/etc/exports Present | Yes
EXPORTS_LINE | (empty)
NFS_MOUNT | Device | MountPoint | FSType
NFS_MOUNT | fs-6db0bc26.efs.us-east-1.amazonaws.com:/ | /data2 | nfs4

==============================================================================
CUPS CHECK
==============================================================================
CUPS Installed | Yes
CUPS Running | Yes
CUPS Version | 1.7.5
CUPS IP URL (http://172.29.61.132:631) | 200
Cups server Http Status | 200
Cups printers Http Status | 200
Printers Configured | 98

==============================================================================
FTP CHECK
==============================================================================
FTP Installed | No
FTP Running (Port 21 localhost) | No
FTP Port 21 Reachable on 172.29.61.132 | No
FTP Processes | None

==============================================================================
JAVA CHECK
==============================================================================
Total Java Processes | 34
Batch/Daemon Java Processes | 32
Non-Standalone Java Processes | philipsprd_dwn, philipsprd_evnt, philipsprd_lbl, philipsprd_rpt, philipprd_jqrpt, philipsprd_sch, philipsprd_upl, philpsprd_upl1, philipsprd_wavl, philipsprd_doc, upsphapac_dwn, upsphapac_evnt, upsphapac_lbl, upsphapac_rpt, upsphapac_jqrpt, upsphapac_sch, upsphapac_upl, upsphapac_inbq1, upsphapac_wavl, upsphapa_docrpt, uphapac_schnoti, phapaprod_ftp, emea_dwn, emea_evnt, emea_lbl, emea_rpt, emea_jqrpt, emea_sch, emea_upl, emea_upl1, emea_wavl, emea_shipdocrpt

==============================================================================
BATCH/DAEMON JAVA DETAILS
==============================================================================
Batch/Daemon Java Processes | 32
Java-Name | Java-Path
philipsprd_dwn | /data/batchapp/softeon/upsphilipsprod/downloaddaemon
philipsprd_evnt | /data/batchapp/softeon/upsphilipsprod/eventdaemon
philipsprd_lbl | /data/batchapp/softeon/upsphilipsprod/labeldaemon
philipsprd_rpt | /data/batchapp/softeon/upsphilipsprod/reportdaemon
philipprd_jqrpt | /data/batchapp/softeon/upsphilipsprod/reportjqgridexportdaemon
philipsprd_sch | /data/batchapp/softeon/upsphilipsprod/schedulerdaemon
philipsprd_upl | /data/batchapp/softeon/upsphilipsprod/uploaddaemon
philpsprd_upl1 | /data/batchapp/softeon/upsphilipsprod/uploaddaemon1
philipsprd_wavl | /data/batchapp/softeon/upsphilipsprod/wavelaunchdaemon
philipsprd_doc | /data/batchapp/softeon/upsphilipsprod/shippingdocreportdaemon
upsphapac_dwn | /data/batchapp/softeon/upsphapacprod/downloaddaemon
upsphapac_evnt | /data/batchapp/softeon/upsphapacprod/eventdaemon
upsphapac_lbl | /data/batchapp/softeon/upsphapacprod/labeldaemon
upsphapac_rpt | /data/batchapp/softeon/upsphapacprod/reportdaemon
upsphapac_jqrpt | /data/batchapp/softeon/upsphapacprod/reportjqgridexportdaemon
upsphapac_sch | /data/batchapp/softeon/upsphapacprod/schedulerdaemon
upsphapac_upl | /data/batchapp/softeon/upsphapacprod/uploaddaemon
upsphapac_inbq1 | /data/batchapp/softeon/upsphapacprod/uploaddaemon1
upsphapac_wavl | /data/batchapp/softeon/upsphapacprod/wavelaunchdaemon
upsphapa_docrpt | /data/batchapp/softeon/upsphapacprod/shippingdocsreportdaemon
uphapac_schnoti | /data/batchapp/softeon/upsphapacprod/schedulerdaemon_notification
phapaprod_ftp | /data/batchapp/softeon/upsphapacprod/ftpdaemon
emea_dwn | /data/batchapp/softeon/upsphemeaprod/downloaddaemon
emea_evnt | /data/batchapp/softeon/upsphemeaprod/eventdaemon
emea_lbl | /data/batchapp/softeon/upsphemeaprod/labeldaemon
emea_rpt | /data/batchapp/softeon/upsphemeaprod/reportdaemon
emea_jqrpt | /data/batchapp/softeon/upsphemeaprod/reportjqgridexportdaemon
emea_sch | /data/batchapp/softeon/upsphemeaprod/schedulerdaemon
emea_upl | /data/batchapp/softeon/upsphemeaprod/uploaddaemon
emea_upl1 | /data/batchapp/softeon/upsphemeaprod/uploaddaemon1
emea_wavl | /data/batchapp/softeon/upsphemeaprod/wavelaunchdaemon
emea_shipdocrpt | /data/batchapp/softeon/upsphemeaprod/shippingdocsreportdaemon

==============================================================================
JBOSS/WILDFLY APPS (simple table)
==============================================================================
JBoss App Processes | 0
JBoss Apps | None

==============================================================================
HEALTH MONITOR CRONTAB STATUS
==============================================================================
Health Monitor Crontab | Active

==============================================================================
Server Availability Check Completed | 2026-08-02 05:30:07.370173
==============================================================================

2026-08-02 01:30:36,114 - 2714750 - INFO - Before patching log saved: /data/patching_report/validation-2026-08-02/UPS-Philips-App/172.29.61.132/172.29.61.132-BeforePatching-2026-08-02-01-30-36-113.log
2026-08-02 01:30:36,606 - 2714750 - INFO - Sent app_validation.py to i-070ba43ca7fa4ce81 (command_id: e34b3b68-c1e5-4b78-8770-da723028cb3c)
2026-08-02 01:31:06,684 - 2714750 - INFO - SSM Command Status: Success
2026-08-02 01:31:06,684 - 2714750 - INFO - app_validation.py output for i-070ba43ca7fa4ce81:

==============================================================================
Server Availability Check Started | 2026-08-02 05:30:36.897422
==============================================================================

==============================================================================
SYSTEM INFORMATION
==============================================================================
Server IP | 172.29.61.24
Hostname | ip-172-29-61-24
Current User | root
Working Directory | /usr/bin
Time Zone | UTC

==============================================================================
STORAGE CHECK | /data mounts
==============================================================================
Filesystem | Size | Used | Avail | Use% | Mounted on
/dev/nvme1n1p2 | 177.0G | 56.7G | 111.3G | 32% | /data
fs-6db0bc26.efs.us-east-1.amazonaws.com:/ | 0B | 147.1G | 0B | 0% | /data2

==============================================================================
SYMLINK CHECK | root (/)
==============================================================================
Symlinks Total | 4
Symlinks Valid | 4
Symlinks Invalid | 0
Symlink | ResolvedTarget
/bin | /usr/bin
/lib | /usr/lib
/lib64 | /usr/lib64
/sbin | /usr/sbin

==============================================================================
NFS CHECK
==============================================================================
NFS Package Installed | Yes
nfs-server.service Active | No
nfs-client.target Active | Yes
/etc/exports Present | Yes
EXPORTS_LINE | (empty)
NFS_MOUNT | Device | MountPoint | FSType
NFS_MOUNT | fs-6db0bc26.efs.us-east-1.amazonaws.com:/ | /data2 | nfs4

==============================================================================
CUPS CHECK
==============================================================================
CUPS Installed | Yes
CUPS Running | Yes
CUPS Version | 1.7.5
CUPS IP URL (http://172.29.61.24:631) | 200
Cups server Http Status | 200
Cups printers Http Status | 200
Printers Configured | 98

==============================================================================
FTP CHECK
==============================================================================
FTP Installed | No
FTP Running (Port 21 localhost) | No
FTP Port 21 Reachable on 172.29.61.24 | No
FTP Processes | None

==============================================================================
JAVA CHECK
==============================================================================
Total Java Processes | 2
Batch/Daemon Java Processes | 0
Non-Standalone Java Processes | Not Found

==============================================================================
BATCH/DAEMON JAVA DETAILS
==============================================================================
Batch/Daemon Java Processes | 0
Batch/Daemon Java Details | None

==============================================================================
JBOSS/WILDFLY APPS (simple table)
==============================================================================
JBoss App Processes | 2
PID | AppName | JbossVersion | Java-Name | Port | URL | Status | Code | SSL-Status | App-Path
3482 | upsphilipsv8prod | jboss730eap | philv8prod_jb73 | 8080 | 172.29.61.24:8080 | UP | 200 | Disabled | /data/app/jboss730eap/softeon/upsphilipsv8prod/standalone
3461 | upsphilipsv8rfprod | jboss730eap | philv8rfpd_jb73 | 8081 | 172.29.61.24:8081 | UP | 200 | Disabled | /data/app/jboss730eap/softeon/upsphilipsv8rfprod/standalone

==============================================================================
HEALTH MONITOR CRONTAB STATUS
==============================================================================
Health Monitor Crontab | Not Found

==============================================================================
Server Availability Check Completed | 2026-08-02 05:30:37.318374
==============================================================================

2026-08-02 01:31:06,687 - 2714750 - INFO - Before patching log saved: /data/patching_report/validation-2026-08-02/UPS-Philips-App/172.29.61.24/172.29.61.24-BeforePatching-2026-08-02-01-31-06-686.log
2026-08-02 01:31:12,280 - 2714750 - INFO - i-013433f4497b0cb0b: Cron was active = True
2026-08-02 01:31:17,642 - 2714750 - INFO - i-070ba43ca7fa4ce81: Cron was active = False
2026-08-02 01:31:17,925 - 2714750 - INFO - Health monitor crontab disabled on all instances
2026-08-02 01:31:17,927 - 2714750 - INFO - Disabled cron for: ['i-013433f4497b0cb0b']
2026-08-02 01:31:18,276 - 2714750 - INFO - Sending patch command to instance i-013433f4497b0cb0b
2026-08-02 01:31:18,416 - 2714750 - INFO - Command sent successfully to instance i-013433f4497b0cb0b. Command ID: 24fd3ee2-7357-4876-b0c8-711a59ba8f4b
2026-08-02 01:31:18,624 - 2714750 - INFO - Sending patch command to instance i-070ba43ca7fa4ce81
2026-08-02 01:31:18,696 - 2714750 - INFO - Command sent successfully to instance i-070ba43ca7fa4ce81. Command ID: 853d3a03-158f-4933-9eb3-8bdc76f14b28
2026-08-02 01:40:51,070 - 2714750 - INFO - All patches applied successfully.
2026-08-02 01:40:51,071 - 2714750 - INFO - Patching end time: 2026-08-02 01:40:51
2026-08-02 01:40:51,071 - 2714750 - INFO - Patch Elapsed time: 0:10:45.459955
2026-08-02 01:40:51,139 - 2714750 - INFO - Email sent successfully to ['CloudOps@softeon.com']
2026-08-02 01:40:51,140 - 2714750 - INFO - Confirmed - services are stopped
2026-08-02 01:41:12,301 - 2714750 - INFO - Discovered TG map: {'i-070ba43ca7fa4ce81': ['arn:aws:elasticloadbalancing:us-east-1:835314132208:targetgroup/UPS-Philips-Prod-ALB-RF/3eb4f474203c59aa', 'arn:aws:elasticloadbalancing:us-east-1:835314132208:targetgroup/UPS-Philips-Prod-ALB-Desktop/bb8e70bfb2aba919']}
2026-08-02 01:41:12,550 - 2714750 - INFO - Stopping EC2 instance: i-013433f4497b0cb0b at 2026-08-02 01:41:12
2026-08-02 01:42:43,798 - 2714750 - INFO - Instance i-013433f4497b0cb0b stopped successfully.
2026-08-02 01:42:44,047 - 2714750 - INFO - Stopped i-013433f4497b0cb0b in 0:01:31.496532
2026-08-02 01:42:44,048 - 2714750 - INFO - Starting EC2 instance: i-013433f4497b0cb0b
2026-08-02 01:43:00,025 - 2714750 - INFO - Instance i-013433f4497b0cb0b started successfully.
2026-08-02 01:43:00,025 - 2714750 - INFO - Waiting 100 seconds for SSM agent to be ready on i-013433f4497b0cb0b...
2026-08-02 01:44:40,272 - 2714750 - INFO - Sent app_validation.py to i-013433f4497b0cb0b (command_id: 0d3edde2-3880-4106-8075-0c9501688458)
2026-08-02 01:45:10,480 - 2714750 - INFO - SSM Command Status: Success
2026-08-02 01:45:10,480 - 2714750 - INFO - app_validation.py output for i-013433f4497b0cb0b:

==============================================================================
Server Availability Check Started | 2026-08-02 05:44:40.603444
==============================================================================

==============================================================================
SYSTEM INFORMATION
==============================================================================
Server IP | 172.29.61.132
Hostname | ip-172-29-61-132
Current User | root
Working Directory | /usr/bin
Time Zone | UTC

==============================================================================
STORAGE CHECK | /data mounts
==============================================================================
Filesystem | Size | Used | Avail | Use% | Mounted on
/dev/nvme1n1p2 | 275.4G | 99.6G | 161.8G | 36% | /data
fs-6db0bc26.efs.us-east-1.amazonaws.com:/ | 0B | 147.1G | 0B | 0% | /data2

==============================================================================
SYMLINK CHECK | root (/)
==============================================================================
Symlinks Total | 4
Symlinks Valid | 4
Symlinks Invalid | 0
Symlink | ResolvedTarget
/bin | /usr/bin
/lib | /usr/lib
/lib64 | /usr/lib64
/sbin | /usr/sbin

==============================================================================
NFS CHECK
==============================================================================
NFS Package Installed | Yes
nfs-server.service Active | No
nfs-client.target Active | Yes
/etc/exports Present | Yes
EXPORTS_LINE | (empty)
NFS_MOUNT | Device | MountPoint | FSType
NFS_MOUNT | fs-6db0bc26.efs.us-east-1.amazonaws.com:/ | /data2 | nfs4

==============================================================================
CUPS CHECK
==============================================================================
CUPS Installed | Yes
CUPS Running | No
CUPS Version | 1.7.5
CUPS IP Port 631 Reachable | No
Cups server Http Status | Not Found
Cups printers Http Status | Not Found
Printers Configured | 0

==============================================================================
FTP CHECK
==============================================================================
FTP Installed | No
FTP Running (Port 21 localhost) | No
FTP Port 21 Reachable on 172.29.61.132 | No
FTP Processes | None

==============================================================================
JAVA CHECK
==============================================================================
Total Java Processes | 2
Batch/Daemon Java Processes | 0
Non-Standalone Java Processes | Not Found

==============================================================================
BATCH/DAEMON JAVA DETAILS
==============================================================================
Batch/Daemon Java Processes | 0
Batch/Daemon Java Details | None

==============================================================================
JBOSS/WILDFLY APPS (simple table)
==============================================================================
JBoss App Processes | 0
JBoss Apps | None

==============================================================================
HEALTH MONITOR CRONTAB STATUS
==============================================================================
Health Monitor Crontab | Disabled

==============================================================================
Server Availability Check Completed | 2026-08-02 05:44:40.982029
==============================================================================

2026-08-02 01:45:10,482 - 2714750 - INFO - After patching validation saved to: /data/patching_report/validation-2026-08-02/UPS-Philips-App/172.29.61.132/172.29.61.132-AfterPatching-2026-08-02-01-45-10-481.log
2026-08-02 01:45:10,539 - 2714750 - INFO - Validation comparison report generated: /data/patching_report/validation-2026-08-02/UPS-Philips-App/172.29.61.132/172.29.61.132-Validation-details-2026-08-02-01-45-10-481.html
2026-08-02 01:45:10,666 - 2714750 - INFO - Daemon count - Pre: 32, Post: 0
2026-08-02 01:45:10,667 - 2714750 - INFO - CUPS: before=running after=not running version=1.7.5
2026-08-02 01:45:10,667 - 2714750 - INFO - Manage_cron: True, daemon_action: True, cups_action: True
2026-08-02 01:45:10,667 - 2714750 - INFO - Background: restarting daemons on i-013433f4497b0cb0b
2026-08-02 01:45:10,667 - 2714750 - INFO - Background thread started for i-013433f4497b0cb0b - daemon:True cups:True
2026-08-02 01:45:11,065 - 2714750 - INFO - Started i-013433f4497b0cb0b in 0:02:27.017166
2026-08-02 01:45:11,066 - 2714750 - INFO - Waiting 120 seconds before proceeding to the next instance...
2026-08-02 01:45:41,012 - 2714750 - INFO - Daemon restart output: Found base path: /data/batchapp/softeon
Checking folder: upsphapacprod
/data/batchapp/softeon/upsphapacprod/startall-upsphapacprodDaemon.sh
Checking folder: upsphemeaprod
/data/batchapp/softeon/upsphemeaprod/startall-upsphemeaprodDaemon.sh
Checking folder: upsphilipsprod
/data/batchapp/softeon/upsphilipsprod/startall-upsphilipsprodDaemon.sh
Checking folder: upsphilipswesprod-donotstart

2026-08-02 01:45:41,013 - 2714750 - INFO - Waiting 100 sec for daemons to start on i-013433f4497b0cb0b
2026-08-02 01:47:11,161 - 2714750 - INFO - Deregistering i-070ba43ca7fa4ce81 from TG arn:aws:elasticloadbalancing:us-east-1:835314132208:targetgroup/UPS-Philips-Prod-ALB-RF/3eb4f474203c59aa
2026-08-02 01:47:11,235 - 2714750 - INFO - Deregistering i-070ba43ca7fa4ce81 from TG arn:aws:elasticloadbalancing:us-east-1:835314132208:targetgroup/UPS-Philips-Prod-ALB-Desktop/bb8e70bfb2aba919
2026-08-02 01:47:11,275 - 2714750 - INFO - Stopping EC2 instance: i-070ba43ca7fa4ce81 at 2026-08-02 01:47:11
2026-08-02 01:47:21,031 - 2714750 - INFO - CUPS was running (v1.7.5) before, not running after - reinstalling on i-013433f4497b0cb0b
2026-08-02 01:47:21,203 - 2714750 - INFO - CUPS upgrade command sent to i-013433f4497b0cb0b (command_id: ab810ffd-2b74-4220-b761-f6ecfd9f08fb)
2026-08-02 01:48:21,330 - 2714750 - INFO - CUPS upgrade output: '/etc/cups' -> '/tmp/cups-backup/cups1.7.5/cups'
'/etc/cups/client.conf' -> '/tmp/cups-backup/cups1.7.5/cups/client.conf'
'/etc/cups/cups-files.conf.N' -> '/tmp/cups-backup/cups1.7.5/cups/cups-files.conf.N'
'/etc/cups/cupsd.conf.N' -> '/tmp/cups-backup/cups1.7.5/cups/cupsd.conf.N'
'/etc/cups/snmp.conf.N' -> '/tmp/cups-backup/cups1.7.5/cups/snmp.conf.N'
'/etc/cups/printers.conf' -> '/tmp/cups-backup/cups1.7.5/cups/printers.conf'
'/etc/cups/cupsd.conf.default' -> '/tmp/cups-backup/cups1.7.5/cups/cupsd.conf.default'
'/etc/cups/printers.conf.O' -> '/tmp/cups-backup/cups1.7.5/cups/printers.conf.O'
'/etc/cups/interfaces' -> '/tmp/cups-backup/cups1.7.5/cups/interfaces'
'/etc/cups/cups-files.conf' -> '/tmp/cups-backup/cups1.7.5/cups/cups-files.conf'
'/etc/cups/cupsd.conf' -> '/tmp/cups-backup/cups1.7.5/cups/cupsd.conf'
'/etc/cups/snmp.conf' -> '/tmp/cups-backup/cups1.7.5/cups/snmp.conf'
'/etc/cups/ssl' -> '/tmp/cups-backup/cups1.7.5/cups/ssl'
'/etc/cups/ppd' -> '/tmp/cups-backup/cups1.7.5/cups/ppd'
Last metadata expiration check: 0:07:56 ago on Sun Aug  2 05:39:27 2026.
Dependencies resolved.
================================================================================
 Package           Architecture     Version             Repository         Size
================================================================================
Installing Groups:
 Development Tools                                                             

Transaction Summary
================================================================================

Complete!
cups-1.7.5/
cups-1.7.5/backend/
cups-1.7.5/berkeley/
cups-1.7.5/cgi-bin/
cups-1.7.5/CHANGES-1.0.txt
cups-1.7.5/CHANGES-1.1.txt
cups-1.7.5/CHANGES-1.2.txt
cups-1.7.5/CHANGES-1.3.txt
cups-1.7.5/CHANGES-1.4.txt
cups-1.7.5/CHANGES-1.5.txt
cups-1.7.5/CHANGES-1.6.txt
cups-1.7.5/CHANGES-IPPTOOL.txt
cups-1.7.5/CHANGES.txt
cups-1.7.5/conf/
cups-1.7.5/config-scripts/
cups-1.7.5/config.h.in
cups-1.7.5/configure
cups-1.7.5/configure.in
cups-1.7.5/CREDITS.txt
cups-1.7.5/cups/
cups-1.7.5/cups-config.in
cups-1.7.5/data/
cups-1.7.5/desktop/
cups-1.7.5/doc/
cups-1.7.5/examples/
cups-1.7.5/filter/
cups-1.7.5/install-sh
cups-1.7.5/INSTALL.txt
cups-1.7.5/IPPTOOL.txt
cups-1.7.5/LICENSE.txt
cups-1.7.5/locale/
cups-1.7.5/Makedefs.in
cups-1.7.5/Makefile
cups-1.7.5/man/
cups-1.7.5/monitor/
cups-1.7.5/notifier/
cups-1.7.5/packaging/
cups-1.7.5/ppdc/
cups-1.7.5/README.txt
cups-1.7.5/scheduler/
cups-1.7.5/systemv/
cups-1.7.5/templates/
cups-1.7.5/test/
cups-1.7.5/vcnet/
cups-1.7.5/xcode/
cups-1.7.5/xcode/config.h
cups-1.7.5/xcode/CUPS.xcodeproj/
cups-1.7.5/xcode/CUPS.xcodeproj/project.pbxproj
cups-1.7.5/vcnet/config.h
cups-1.7.5/vcnet/cups.sln
cups-1.7.5/vcnet/cupstestppd.vcproj
cups-1.7.5/vcnet/ippfind.vcproj
cups-1.7.5/vcnet/ipptool-installer.vdproj
cups-1.7.5/vcnet/ipptool.vcproj
cups-1.7.5/vcnet/libcups2-installer.vdproj
cups-1.7.5/vcnet/libcups2.vcproj
cups-1.7.5/vcnet/libcupsimage2.vcproj
cups-1.7.5/vcnet/README.txt
cups-1.7.5/vcnet/regex/
cups-1.7.5/vcnet/regex.vcproj
cups-1.7.5/vcnet/setdebug.bat
cups-1.7.5/vcnet/testfile.vcproj
cups-1.7.5/vcnet/testhttp.vcproj
cups-1.7.5/vcnet/regex/cclass.h
cups-1.7.5/vcnet/regex/cname.h
cups-1.7.5/vcnet/regex/COPYRIGHT
cups-1.7.5/vcnet/regex/debug.c
cups-1.7.5/vcnet/regex/debug.ih
cups-1.7.5/vcnet/regex/engine.c
cups-1.7.5/vcnet/regex/engine.ih
cups-1.7.5/vcnet/regex/main.c
cups-1.7.5/vcnet/regex/main.ih
cups-1.7.5/vcnet/regex/Makefile
cups-1.7.5/vcnet/regex/mkh
cups-1.7.5/vcnet/regex/README
cups-1.7.5/vcnet/regex/regcomp.c
cups-1.7.5/vcnet/regex/regcomp.ih
cups-1.7.5/vcnet/regex/regerror.c
cups-1.7.5/vcnet/regex/regerror.ih
cups-1.7.5/vcnet/regex/regex.3
cups-1.7.5/vcnet/regex/regex.7
cups-1.7.5/vcnet/regex/regex.def
cups-1.7.5/vcnet/regex/regex.h
cups-1.7.5/vcnet/regex/regex2.h
cups-1.7.5/vcnet/regex/regexec.c
cups-1.7.5/vcnet/regex/regfree.c
cups-1.7.5/vcnet/regex/split.c
cups-1.7.5/vcnet/regex/tests
cups-1.7.5/vcnet/regex/utils.h
cups-1.7.5/vcnet/regex/WHATSNEW
cups-1.7.5/test/4.1-requests.test
cups-1.7.5/test/4.2-cups-printer-ops.test
cups-1.7.5/test/4.3-job-ops.test
cups-1.7.5/test/4.4-subscription-ops.test
cups-1.7.5/test/5.1-lpadmin.sh
cups-1.7.5/test/5.2-lpc.sh
cups-1.7.5/test/5.3-lpq.sh
cups-1.7.5/test/5.4-lpstat.sh
cups-1.7.5/test/5.5-lp.sh
cups-1.7.5/test/5.6-lpr.sh
cups-1.7.5/test/5.7-lprm.sh
cups-1.7.5/test/5.8-cancel.sh
cups-1.7.5/test/5.9-lpinfo.sh
cups-1.7.5/test/cancel-current-job.test
cups-1.7.5/test/color.jpg
cups-1.7.5/test/create-job-format.test
cups-1.7.5/test/create-job-sheets.test
cups-1.7.5/test/create-job-timeout.test
cups-1.7.5/test/create-job.test
cups-1.7.5/test/create-printer-subscription.test
cups-1.7.5/test/Dependencies
cups-1.7.5/test/document-a4.pdf
cups-1.7.5/test/document-a4.ps
cups-1.7.5/test/document-a4.sla
cups-1.7.5/test/document-letter.pdf
cups-1.7.5/test/document-letter.ps
cups-1.7.5/test/document-letter.sla
cups-1.7.5/test/get-completed-jobs.test
cups-1.7.5/test/get-devices.test
cups-1.7.5/test/get-job-attributes.test
cups-1.7.5/test/get-job-attributes2.test
cups-1.7.5/test/get-jobs.test
cups-1.7.5/test/get-notifications.test
cups-1.7.5/test/get-ppd-printer.test
cups-1.7.5/test/get-ppd.test
cups-1.7.5/test/get-ppds-drv-only.test
cups-1.7.5/test/get-ppds-language.test
cups-1.7.5/test/get-ppds-make-and-model.test
cups-1.7.5/test/get-ppds-make.test
cups-1.7.5/test/get-ppds-product.test
cups-1.7.5/test/get-ppds-psversion.test
cups-1.7.5/test/get-ppds.test
cups-1.7.5/test/get-printer-attributes-2.0.test
cups-1.7.5/test/get-printer-attributes.test
cups-1.7.5/test/get-printers.test
cups-1.7.5/test/get-subscriptions.test
cups-1.7.5/test/gray.jpg
cups-1.7.5/test/ipp-1.1.test
cups-1.7.5/test/ipp-2.0.test
cups-1.7.5/test/ipp-2.1.test
cups-1.7.5/test/ipp-2.2.test
cups-1.7.5/test/ipp-backend.test
cups-1.7.5/test/ipp-everywhere.test
cups-1.7.5/test/ippdiscover.c
cups-1.7.5/test/ippfind.c
cups-1.7.5/test/ippserver.c
cups-1.7.5/test/ipptool.c
cups-1.7.5/test/make-ippeverywhere-print-tests.sh
cups-1.7.5/test/Makefile
cups-1.7.5/test/onepage-a4-300-black-1.pwg.gz
cups-1.7.5/test/onepage-a4.pdf
cups-1.7.5/test/onepage-a4.ps
cups-1.7.5/test/onepage-a4.sla
cups-1.7.5/test/onepage-letter-300-black-1.pwg.gz
cups-1.7.5/test/onepage-letter.pdf
cups-1.7.5/test/onepage-letter.ps
cups-1.7.5/test/onepage-letter.sla
cups-1.7.5/test/print-job-and-wait.test
cups-1.7.5/test/print-job-deflate.test
cups-1.7.5/test/print-job-gzip.test
cups-1.7.5/test/print-job-hold.test
cups-1.7.5/test/print-job-media-col.test
cups-1.7.5/test/print-job-password.test
cups-1.7.5/test/print-job.test
cups-1.7.5/test/print-uri.test
cups-1.7.5/test/printer.opacity
cups-1.7.5/test/printer.png
cups-1.7.5/test/run-stp-tests.sh
cups-1.7.5/test/set-attrs-hold.test
cups-1.7.5/test/str-header.html
cups-1.7.5/test/str-trailer.html
cups-1.7.5/test/test.convs
cups-1.7.5/test/testfile.jpg
cups-1.7.5/test/testfile.pcl
cups-1.7.5/test/testfile.pdf
cups-1.7.5/test/testfile.ps
cups-1.7.5/test/testfile.txt
cups-1.7.5/test/testhp.ppd
cups-1.7.5/test/testps.ppd
cups-1.7.5/test/validate-job.test
cups-1.7.5/test/waitjobs.sh
cups-1.7.5/test/xmltotest.c
cups-1.7.5/templates/add-class.tmpl
cups-1.7.5/templates/add-printer.tmpl
cups-1.7.5/templates/add-rss-subscription.tmpl
cups-1.7.5/templates/admin.tmpl
cups-1.7.5/templates/ca/
cups-1.7.5/templates/choose-device.tmpl
cups-1.7.5/templates/choose-make.tmpl
cups-1.7.5/templates/choose-model.tmpl
cups-1.7.5/templates/choose-serial.tmpl
cups-1.7.5/templates/choose-uri.tmpl
cups-1.7.5/templates/class-added.tmpl
cups-1.7.5/templates/class-confirm.tmpl
cups-1.7.5/templates/class-deleted.tmpl
cups-1.7.5/templates/class-jobs-header.tmpl
cups-1.7.5/templates/class-modified.tmpl
cups-1.7.5/templates/class.tmpl
cups-1.7.5/templates/classes-header.tmpl
cups-1.7.5/templates/classes.tmpl
cups-1.7.5/templates/command.tmpl
cups-1.7.5/templates/cs/
cups-1.7.5/templates/de/
cups-1.7.5/templates/edit-config.tmpl
cups-1.7.5/templates/error-op.tmpl
cups-1.7.5/templates/error.tmpl
cups-1.7.5/templates/es/
cups-1.7.5/templates/fr/
cups-1.7.5/templates/header.tmpl.in
cups-1.7.5/templates/help-header.tmpl
cups-1.7.5/templates/help-printable.tmpl
cups-1.7.5/templates/help-trailer.tmpl
cups-1.7.5/templates/it/
cups-1.7.5/templates/ja/
cups-1.7.5/templates/job-cancel.tmpl
cups-1.7.5/templates/job-hold.tmpl
cups-1.7.5/templates/job-move.tmpl
cups-1.7.5/templates/job-moved.tmpl
cups-1.7.5/templates/job-release.tmpl
cups-1.7.5/templates/job-restart.tmpl
cups-1.7.5/templates/jobs-header.tmpl
cups-1.7.5/templates/jobs.tmpl
cups-1.7.5/templates/list-available-printers.tmpl
cups-1.7.5/templates/Makefile
cups-1.7.5/templates/modify-class.tmpl
cups-1.7.5/templates/modify-printer.tmpl
cups-1.7.5/templates/norestart.tmpl
cups-1.7.5/templates/option-boolean.tmpl
cups-1.7.5/templates/option-conflict.tmpl
cups-1.7.5/templates/option-header.tmpl
cups-1.7.5/templates/option-pickmany.tmpl
cups-1.7.5/templates/option-pickone.tmpl
cups-1.7.5/templates/option-trailer.tmpl
cups-1.7.5/templates/pager.tmpl
cups-1.7.5/templates/printer-accept.tmpl
cups-1.7.5/templates/printer-added.tmpl
cups-1.7.5/templates/printer-configured.tmpl
cups-1.7.5/templates/printer-confirm.tmpl
cups-1.7.5/templates/printer-default.tmpl
cups-1.7.5/templates/printer-deleted.tmpl
cups-1.7.5/templates/printer-jobs-header.tmpl
cups-1.7.5/templates/printer-modified.tmpl
cups-1.7.5/templates/printer-purge.tmpl
cups-1.7.5/templates/printer-reject.tmpl
cups-1.7.5/templates/printer-start.tmpl
cups-1.7.5/templates/printer-stop.tmpl
cups-1.7.5/templates/printer.tmpl
cups-1.7.5/templates/printers-header.tmpl
cups-1.7.5/templates/printers.tmpl
cups-1.7.5/templates/pt_BR/
cups-1.7.5/templates/restart.tmpl
cups-1.7.5/templates/ru/
cups-1.7.5/templates/samba-export.tmpl
cups-1.7.5/templates/samba-exported.tmpl
cups-1.7.5/templates/search.tmpl
cups-1.7.5/templates/set-printer-options-header.tmpl
cups-1.7.5/templates/set-printer-options-trailer.tmpl
cups-1.7.5/templates/subscription-added.tmpl
cups-1.7.5/templates/subscription-canceled.tmpl
cups-1.7.5/templates/test-page.tmpl
cups-1.7.5/templates/trailer.tmpl
cups-1.7.5/templates/users.tmpl
cups-1.7.5/templates/ru/add-class.tmpl
cups-1.7.5/templates/ru/add-printer.tmpl
cups-1.7.5/templates/ru/add-rss-subscription.tmpl
cups-1.7.5/templates/ru/admin.tmpl
cups-1.7.5/templates/ru/choose-device.tmpl
cups-1.7.5/templates/ru/choose-make.tmpl
cups-1.7.5/templates/ru/choose-model.tmpl
cups-1.7.5/templates/ru/choose-serial.tmpl
cups-1.7.5/templates/ru/choose-uri.tmpl
cups-1.7.5/templates/ru/class-added.tmpl
cups-1.7.5/templates/ru/class-confirm.tmpl
cups-1.7.5/templates/ru/class-deleted.tmpl
cups-1.7.5/templates/ru/class-jobs-header.tmpl
cups-1.7.5/templates/ru/class-modified.tmpl
cups-1.7.5/templates/ru/class.tmpl
cups-1.7.5/templates/ru/classes-header.tmpl
cups-1.7.5/templates/ru/classes.tmpl
cups-1.7.5/templates/ru/command.tmpl
cups-1.7.5/templates/ru/edit-config.tmpl
cups-1.7.5/templates/ru/error-op.tmpl
cups-1.7.5/templates/ru/error.tmpl
cups-1.7.5/templates/ru/header.tmpl.in
cups-1.7.5/templates/ru/help-header.tmpl
cups-1.7.5/templates/ru/help-printable.tmpl
cups-1.7.5/templates/ru/help-trailer.tmpl
cups-1.7.5/templates/ru/job-cancel.tmpl
cups-1.7.5/templates/ru/job-hold.tmpl
cups-1.7.5/templates/ru/job-move.tmpl
cups-1.7.5/templates/ru/job-moved.tmpl
cups-1.7.5/templates/ru/job-release.tmpl
cups-1.7.5/templates/ru/job-restart.tmpl
cups-1.7.5/templates/ru/jobs-header.tmpl
cups-1.7.5/templates/ru/jobs.tmpl
cups-1.7.5/templates/ru/list-available-printers.tmpl
cups-1.7.5/templates/ru/Makefile
cups-1.7.5/templates/ru/modify-class.tmpl
cups-1.7.5/templates/ru/modify-printer.tmpl
cups-1.7.5/templates/ru/norestart.tmpl
cups-1.7.5/templates/ru/option-boolean.tmpl
cups-1.7.5/templates/ru/option-conflict.tmpl
cups-1.7.5/templates/ru/option-header.tmpl
cups-1.7.5/templates/ru/option-pickmany.tmpl
cups-1.7.5/templates/ru/option-pickone.tmpl
cups-1.7.5/templates/ru/option-trailer.tmpl
cups-1.7.5/templates/ru/pager.tmpl
cups-1.7.5/templates/ru/printer-accept.tmpl
cups-1.7.5/templates/ru/printer-added.tmpl
cups-1.7.5/templates/ru/printer-configured.tmpl
cups-1.7.5/templates/ru/printer-confirm.tmpl
cups-1.7.5/templates/ru/printer-default.tmpl
cups-1.7.5/templates/ru/printer-deleted.tmpl
cups-1.7.5/templates/ru/printer-jobs-header.tmpl
cups-1.7.5/templates/ru/printer-modified.tmpl
cups-1.7.5/templates/ru/printer-purge.tmpl
cups-1.7.5/templates/ru/printer-reject.tmpl
cups-1.7.5/templates/ru/printer-start.tmpl
cups-1.7.5/templates/ru/printer-stop.tmpl
cups-1.7.5/templates/ru/printer.tmpl
cups-1.7.5/templates/ru/printers-header.tmpl
cups-1.7.5/templates/ru/printers.tmpl
cups-1.7.5/templates/ru/restart.tmpl
cups-1.7.5/templates/ru/samba-export.tmpl
cups-1.7.5/templates/ru/samba-exported.tmpl
cups-1.7.5/templates/ru/search.tmpl
cups-1.7.5/templates/ru/set-printer-options-header.tmpl
cups-1.7.5/templates/ru/set-printer-options-trailer.tmpl
cups-1.7.5/templates/ru/subscription-added.tmpl
cups-1.7.5/templates/ru/subscription-canceled.tmpl
cups-1.7.5/templates/ru/test-page.tmpl
cups-1.7.5/templates/ru/trailer.tmpl
cups-1.7.5/templates/ru/users.tmpl
cups-1.7.5/templates/pt_BR/add-class.tmpl
cups-1.7.5/templates/pt_BR/add-printer.tmpl
cups-1.7.5/templates/pt_BR/add-rss-subscription.tmpl
cups-1.7.5/templates/pt_BR/admin.tmpl
cups-1.7.5/templates/pt_BR/choose-device.tmpl
cups-1.7.5/templates/pt_BR/choose-make.tmpl
cups-1.7.5/templates/pt_BR/choose-model.tmpl
cups-1.7.5/templates/pt_BR/choose-serial.tmpl
cups-1.7.5/templates/pt_BR/choose-uri.tmpl
cups-1.7.5/templates/pt_BR/class-added.tmpl
cups-1.7.5/templates/pt_BR/class-confirm.tmpl
cups-1.7.5/templates/pt_BR/class-deleted.tmpl
cups-1.7.5/templates/pt_BR/class-jobs-header.tmpl
cups-1.7.5/templates/pt_BR/class-modified.tmpl
cups-1.7.5/templates/pt_BR/class.tmpl
cups-1.7.5/templates/pt_BR/classes-header.tmpl
cups-1.7.5/templates/pt_BR/classes.tmpl
cups-1.7.5/templates/pt_BR/command.tmpl
cups-1.7.5/templates/pt_BR/edit-config.tmpl
cups-1.7.5/templates/pt_BR/error-op.tmpl
cups-1.7.5/templates/pt_BR/error.tmpl
cups-1.7.5/templates/pt_BR/header.tmpl.in
cups-1.7.5/templates/pt_BR/help-header.tmpl
cups-1.7.5/templates/pt_BR/job-cancel.tmpl
cups-1.7.5/templates/pt_BR/job-hold.tmpl
cups-1.7.5/templates/pt_BR/job-move.tmpl
cups-1.7.5/templates/pt_BR/job-moved.tmpl
cups-1.7.5/templates/pt_BR/job-release.tmpl
cups-1.7.5/templates/pt_BR/job-restart.tmpl
cups-1.7.5/templates/pt_BR/jobs-header.tmpl
cups-1.7.5/templates/pt_BR/jobs.tmpl
cups-1.7.5/templates/pt_BR/list-available-printers.tmpl
cups-1.7.5/templates/pt_BR/modify-class.tmpl
cups-1.7.5/templates/pt_BR/modify-printer.tmpl
cups-1.7.5/templates/pt_BR/norestart.tmpl
cups-1.7.5/templates/pt_BR/option-boolean.tmpl
cups-1.7.5/templates/pt_BR/option-conflict.tmpl
cups-1.7.5/templates/pt_BR/option-header.tmpl
cups-1.7.5/templates/pt_BR/option-pickmany.tmpl
cups-1.7.5/templates/pt_BR/option-pickone.tmpl
cups-1.7.5/templates/pt_BR/option-trailer.tmpl
cups-1.7.5/templates/pt_BR/pager.tmpl
cups-1.7.5/templates/pt_BR/printer-accept.tmpl
cups-1.7.5/templates/pt_BR/printer-added.tmpl
cups-1.7.5/templates/pt_BR/printer-configured.tmpl
cups-1.7.5/templates/pt_BR/printer-confirm.tmpl
cups-1.7.5/templates/pt_BR/printer-default.tmpl
cups-1.7.5/templates/pt_BR/printer-deleted.tmpl
cups-1.7.5/templates/pt_BR/printer-jobs-header.tmpl
cups-1.7.5/templates/pt_BR/printer-modified.tmpl
cups-1.7.5/templates/pt_BR/printer-purge.tmpl
cups-1.7.5/templates/pt_BR/printer-reject.tmpl
cups-1.7.5/templates/pt_BR/printer-start.tmpl
cups-1.7.5/templates/pt_BR/printer-stop.tmpl
cups-1.7.5/templates/pt_BR/printer.tmpl
cups-1.7.5/templates/pt_BR/printers-header.tmpl
cups-1.7.5/templates/pt_BR/printers.tmpl
cups-1.7.5/templates/pt_BR/restart.tmpl
cups-1.7.5/templates/pt_BR/samba-export.tmpl
cups-1.7.5/templates/pt_BR/samba-exported.tmpl
cups-1.7.5/templates/pt_BR/search.tmpl
cups-1.7.5/templates/pt_BR/set-printer-options-header.tmpl
cups-1.7.5/templates/pt_BR/set-printer-options-trailer.tmpl
cups-1.7.5/templates/pt_BR/subscription-added.tmpl
cups-1.7.5/templates/pt_BR/subscription-canceled.tmpl
cups-1.7.5/templates/pt_BR/test-page.tmpl
cups-1.7.5/templates/pt_BR/trailer.tmpl
cups-1.7.5/templates/pt_BR/users.tmpl
cups-1.7.5/templates/ja/add-class.tmpl
cups-1.7.5/templates/ja/add-printer.tmpl
cups-1.7.5/templates/ja/add-rss-subscription.tmpl
cups-1.7.5/templates/ja/admin.tmpl
cups-1.7.5/templates/ja/choose-device.tmpl
cups-1.7.5/templates/ja/choose-make.tmpl
cups-1.7.5/templates/ja/choose-model.tmpl
cups-1.7.5/templates/ja/choose-serial.tmpl
cups-1.7.5/templates/ja/choose-uri.tmpl
cups-1.7.5/templates/ja/class-added.tmpl
cups-1.7.5/templates/ja/class-confirm.tmpl
cups-1.7.5/templates/ja/class-deleted.tmpl
cups-1.7.5/templates/ja/class-jobs-header.tmpl
cups-1.7.5/templates/ja/class-modified.tmpl
cups-1.7.5/templates/ja/class.tmpl
cups-1.7.5/templates/ja/classes-header.tmpl
cups-1.7.5/templates/ja/classes.tmpl
cups-1.7.5/templates/ja/command.tmpl
cups-1.7.5/templates/ja/edit-config.tmpl
cups-1.7.5/templates/ja/error-op.tmpl
cups-1.7.5/templates/ja/error.tmpl
cups-1.7.5/templates/ja/header.tmpl.in
cups-1.7.5/templates/ja/help-header.tmpl
cups-1.7.5/templates/ja/help-printable.tmpl
cups-1.7.5/templates/ja/help-trailer.tmpl
cups-1.7.5/templates/ja/job-cancel.tmpl
cups-1.7.5/templates/ja/job-hold.tmpl
cups-1.7.5/templates/ja/job-move.tmpl
cups-1.7.5/templates/ja/job-moved.tmpl
cups-1.7.5/templates/ja/job-release.tmpl
cups-1.7.5/templates/ja/job-restart.tmpl
cups-1.7.5/templates/ja/jobs-header.tmpl
cups-1.7.5/templates/ja/jobs.tmpl
cups-1.7.5/templates/ja/list-available-printers.tmpl
cups-1.7.5/templates/ja/modify-class.tmpl
cups-1.7.5/templates/ja/modify-printer.tmpl
cups-1.7.5/templates/ja/norestart.tmpl
cups-1.7.5/templates/ja/option-boolean.tmpl
cups-1.7.5/templates/ja/option-conflict.tmpl
cups-1.7.5/templates/ja/option-header.tmpl
cups-1.7.5/templates/ja/option-pickmany.tmpl
cups-1.7.5/templates/ja/option-pickone.tmpl
cups-1.7.5/templates/ja/option-trailer.tmpl
cups-1.7.5/templates/ja/pager.tmpl
cups-1.7.5/templates/ja/printer-accept.tmpl
cups-1.7.5/templates/ja/printer-added.tmpl
cups-1.7.5/templates/ja/printer-configured.tmpl
cups-1.7.5/templates/ja/printer-confirm.tmpl
cups-1.7.5/templates/ja/printer-default.tmpl
cups-1.7.5/templates/ja/printer-deleted.tmpl
cups-1.7.5/templates/ja/printer-jobs-header.tmpl
cups-1.7.5/templates/ja/printer-modified.tmpl
cups-1.7.5/templates/ja/printer-purge.tmpl
cups-1.7.5/templates/ja/printer-reject.tmpl
cups-1.7.5/templates/ja/printer-start.tmpl
cups-1.7.5/templates/ja/printer-stop.tmpl
cups-1.7.5/templates/ja/printer.tmpl
cups-1.7.5/templates/ja/printers-header.tmpl
cups-1.7.5/templates/ja/printers.tmpl
cups-1.7.5/templates/ja/restart.tmpl
cups-1.7.5/templates/ja/samba-export.tmpl
cups-1.7.5/templates/ja/samba-exported.tmpl
cups-1.7.5/templates/ja/search.tmpl
cups-1.7.5/templates/ja/set-printer-options-header.tmpl
cups-1.7.5/templates/ja/set-printer-options-trailer.tmpl
cups-1.7.5/templates/ja/subscription-added.tmpl
cups-1.7.5/templates/ja/subscription-canceled.tmpl
cups-1.7.5/templates/ja/test-page.tmpl
cups-1.7.5/templates/ja/trailer.tmpl
cups-1.7.5/templates/ja/users.tmpl
cups-1.7.5/templates/it/add-class.tmpl
cups-1.7.5/templates/it/add-printer.tmpl
cups-1.7.5/templates/it/add-rss-subscription.tmpl
cups-1.7.5/templates/it/admin.tmpl
cups-1.7.5/templates/it/choose-device.tmpl
cups-1.7.5/templates/it/choose-make.tmpl
cups-1.7.5/templates/it/choose-model.tmpl
cups-1.7.5/templates/it/choose-serial.tmpl
cups-1.7.5/templates/it/choose-uri.tmpl
cups-1.7.5/templates/it/class-added.tmpl
cups-1.7.5/templates/it/class-confirm.tmpl
cups-1.7.5/templates/it/class-deleted.tmpl
cups-1.7.5/templates/it/class-jobs-header.tmpl
cups-1.7.5/templates/it/class-modified.tmpl
cups-1.7.5/templates/it/class.tmpl
cups-1.7.5/templates/it/classes-header.tmpl
cups-1.7.5/templates/it/classes.tmpl
cups-1.7.5/templates/it/command.tmpl
cups-1.7.5/templates/it/edit-config.tmpl
cups-1.7.5/templates/it/error-op.tmpl
cups-1.7.5/templates/it/error.tmpl
cups-1.7.5/templates/it/header.tmpl.in
cups-1.7.5/templates/it/help-header.tmpl
cups-1.7.5/templates/it/help-printable.tmpl
cups-1.7.5/templates/it/help-trailer.tmpl
cups-1.7.5/templates/it/job-cancel.tmpl
cups-1.7.5/templates/it/job-hold.tmpl
cups-1.7.5/templates/it/job-move.tmpl
cups-1.7.5/templates/it/job-moved.tmpl
cups-1.7.5/templates/it/job-release.tmpl
cups-1.7.5/templates/it/job-restart.tmpl
cups-1.7.5/templates/it/jobs-header.tmpl
cups-1.7.5/templates/it/jobs.tmpl
cups-1.7.5/templates/it/list-available-printers.tmpl
cups-1.7.5/templates/it/modify-class.tmpl
cups-1.7.5/templates/it/modify-printer.tmpl
cups-1.7.5/templates/it/norestart.tmpl
cups-1.7.5/templates/it/option-boolean.tmpl
cups-1.7.5/templates/it/option-conflict.tmpl
cups-1.7.5/templates/it/option-header.tmpl
cups-1.7.5/templates/it/option-pickmany.tmpl
cups-1.7.5/templates/it/option-pickone.tmpl
cups-1.7.5/templates/it/option-trailer.tmpl
cups-1.7.5/templates/it/pager.tmpl
cups-1.7.5/templates/it/printer-accept.tmpl
cups-1.7.5/templates/it/printer-added.tmpl
cups-1.7.5/templates/it/printer-configured.tmpl
cups-1.7.5/templates/it/printer-confirm.tmpl
cups-1.7.5/templates/it/printer-default.tmpl
cups-1.7.5/templates/it/printer-deleted.tmpl
cups-1.7.5/templates/it/printer-jobs-header.tmpl
cups-1.7.5/templates/it/printer-modified.tmpl
cups-1.7.5/templates/it/printer-purge.tmpl
cups-1.7.5/templates/it/printer-reject.tmpl
cups-1.7.5/templates/it/printer-start.tmpl
cups-1.7.5/templates/it/printer-stop.tmpl
cups-1.7.5/templates/it/printer.tmpl
cups-1.7.5/templates/it/printers-header.tmpl
cups-1.7.5/templates/it/printers.tmpl
cups-1.7.5/templates/it/restart.tmpl
cups-1.7.5/templates/it/samba-export.tmpl
cups-1.7.5/templates/it/samba-exported.tmpl
cups-1.7.5/templates/it/search.tmpl
cups-1.7.5/templates/it/set-printer-options-header.tmpl
cups-1.7.5/templates/it/set-printer-options-trailer.tmpl
cups-1.7.5/templates/it/subscription-added.tmpl
cups-1.7.5/templates/it/subscription-canceled.tmpl
cups-1.7.5/templates/it/test-page.tmpl
cups-1.7.5/templates/it/trailer.tmpl
cups-1.7.5/templates/it/users.tmpl
cups-1.7.5/templates/fr/add-class.tmpl
cups-1.7.5/templates/fr/add-printer.tmpl
cups-1.7.5/templates/fr/add-rss-subscription.tmpl
cups-1.7.5/templates/fr/admin.tmpl
cups-1.7.5/templates/fr/choose-device.tmpl
cups-1.7.5/templates/fr/choose-make.tmpl
cups-1.7.5/templates/fr/choose-model.tmpl
cups-1.7.5/templates/fr/choose-serial.tmpl
cups-1.7.5/templates/fr/choose-uri.tmpl
cups-1.7.5/templates/fr/class-added.tmpl
cups-1.7.5/templates/fr/class-confirm.tmpl
cups-1.7.5/templates/fr/class-deleted.tmpl
cups-1.7.5/templates/fr/class-jobs-header.tmpl
cups-1.7.5/templates/fr/class-modified.tmpl
cups-1.7.5/templates/fr/class.tmpl
cups-1.7.5/templates/fr/classes-header.tmpl
cups-1.7.5/templates/fr/classes.tmpl
cups-1.7.5/templates/fr/command.tmpl
cups-1.7.5/templates/fr/edit-config.tmpl
cups-1.7.5/templates/fr/error-op.tmpl
cups-1.7.5/templates/fr/error.tmpl
cups-1.7.5/templates/fr/header.tmpl.in
cups-1.7.5/templates/fr/help-header.tmpl
cups-1.7.5/templates/fr/help-printable.tmpl
cups-1.7.5/templates/fr/help-trailer.tmpl
cups-1.7.5/templates/fr/job-cancel.tmpl
cups-1.7.5/templates/fr/job-hold.tmpl
cups-1.7.5/templates/fr/job-move.tmpl
cups-1.7.5/templates/fr/job-moved.tmpl
cups-1.7.5/templates/fr/job-release.tmpl
cups-1.7.5/templates/fr/job-restart.tmpl
cups-1.7.5/templates/fr/jobs-header.tmpl
cups-1.7.5/templates/fr/jobs.tmpl
cups-1.7.5/templates/fr/list-available-printers.tmpl
cups-1.7.5/templates/fr/modify-class.tmpl
cups-1.7.5/templates/fr/modify-printer.tmpl
cups-1.7.5/templates/fr/norestart.tmpl
cups-1.7.5/templates/fr/option-boolean.tmpl
cups-1.7.5/templates/fr/option-conflict.tmpl
cups-1.7.5/templates/fr/option-header.tmpl
cups-1.7.5/templates/fr/option-pickmany.tmpl
cups-1.7.5/templates/fr/option-pickone.tmpl
cups-1.7.5/templates/fr/option-trailer.tmpl
cups-1.7.5/templates/fr/pager.tmpl
cups-1.7.5/templates/fr/printer-accept.tmpl
cups-1.7.5/templates/fr/printer-added.tmpl
cups-1.7.5/temp--output truncated--
2026-08-02 01:48:21,332 - 2714750 - INFO - CUPS reinstall successful on i-013433f4497b0cb0b
2026-08-02 01:48:21,525 - 2714750 - INFO - Sent app_validation.py to i-013433f4497b0cb0b (command_id: 0944dd5a-b068-459b-b71b-923f7476a272)
2026-08-02 01:48:51,592 - 2714750 - INFO - SSM Command Status: Success
2026-08-02 01:48:51,592 - 2714750 - INFO - app_validation.py output for i-013433f4497b0cb0b:

==============================================================================
Server Availability Check Started | 2026-08-02 05:48:21.820091
==============================================================================

==============================================================================
SYSTEM INFORMATION
==============================================================================
Server IP | 172.29.61.132
Hostname | ip-172-29-61-132
Current User | root
Working Directory | /usr/bin
Time Zone | UTC

==============================================================================
STORAGE CHECK | /data mounts
==============================================================================
Filesystem | Size | Used | Avail | Use% | Mounted on
/dev/nvme1n1p2 | 275.4G | 99.6G | 161.8G | 36% | /data
fs-6db0bc26.efs.us-east-1.amazonaws.com:/ | 0B | 147.1G | 0B | 0% | /data2

==============================================================================
SYMLINK CHECK | root (/)
==============================================================================
Symlinks Total | 4
Symlinks Valid | 4
Symlinks Invalid | 0
Symlink | ResolvedTarget
/bin | /usr/bin
/lib | /usr/lib
/lib64 | /usr/lib64
/sbin | /usr/sbin

==============================================================================
NFS CHECK
==============================================================================
NFS Package Installed | Yes
nfs-server.service Active | No
nfs-client.target Active | Yes
/etc/exports Present | Yes
EXPORTS_LINE | (empty)
NFS_MOUNT | Device | MountPoint | FSType
NFS_MOUNT | fs-6db0bc26.efs.us-east-1.amazonaws.com:/ | /data2 | nfs4

==============================================================================
CUPS CHECK
==============================================================================
CUPS Installed | Yes
CUPS Running | Yes
CUPS Version | 1.7.5
CUPS IP URL (http://172.29.61.132:631) | 200
Cups server Http Status | 200
Cups printers Http Status | 200
Printers Configured | 98

==============================================================================
FTP CHECK
==============================================================================
FTP Installed | No
FTP Running (Port 21 localhost) | No
FTP Port 21 Reachable on 172.29.61.132 | No
FTP Processes | None

==============================================================================
JAVA CHECK
==============================================================================
Total Java Processes | 34
Batch/Daemon Java Processes | 32
Non-Standalone Java Processes | upsphapac_dwn, upsphapac_evnt, upsphapac_lbl, upsphapac_rpt, upsphapac_jqrpt, upsphapac_sch, upsphapac_upl, upsphapac_inbq1, upsphapac_wavl, upsphapa_docrpt, uphapac_schnoti, phapaprod_ftp, emea_dwn, emea_evnt, emea_lbl, emea_rpt, emea_jqrpt, emea_sch, emea_upl, emea_upl1, emea_wavl, emea_shipdocrpt, philipsprd_dwn, philipsprd_evnt, philipsprd_lbl, philipsprd_rpt, philipprd_jqrpt, philipsprd_sch, philipsprd_upl, philpsprd_upl1, philipsprd_wavl, philipsprd_doc

==============================================================================
BATCH/DAEMON JAVA DETAILS
==============================================================================
Batch/Daemon Java Processes | 32
Java-Name | Java-Path
upsphapac_dwn | /data/batchapp/softeon/upsphapacprod/downloaddaemon
upsphapac_evnt | /data/batchapp/softeon/upsphapacprod/eventdaemon
upsphapac_lbl | /data/batchapp/softeon/upsphapacprod/labeldaemon
upsphapac_rpt | /data/batchapp/softeon/upsphapacprod/reportdaemon
upsphapac_jqrpt | /data/batchapp/softeon/upsphapacprod/reportjqgridexportdaemon
upsphapac_sch | /data/batchapp/softeon/upsphapacprod/schedulerdaemon
upsphapac_upl | /data/batchapp/softeon/upsphapacprod/uploaddaemon
upsphapac_inbq1 | /data/batchapp/softeon/upsphapacprod/uploaddaemon1
upsphapac_wavl | /data/batchapp/softeon/upsphapacprod/wavelaunchdaemon
upsphapa_docrpt | /data/batchapp/softeon/upsphapacprod/shippingdocsreportdaemon
uphapac_schnoti | /data/batchapp/softeon/upsphapacprod/schedulerdaemon_notification
phapaprod_ftp | /data/batchapp/softeon/upsphapacprod/ftpdaemon
emea_dwn | /data/batchapp/softeon/upsphemeaprod/downloaddaemon
emea_evnt | /data/batchapp/softeon/upsphemeaprod/eventdaemon
emea_lbl | /data/batchapp/softeon/upsphemeaprod/labeldaemon
emea_rpt | /data/batchapp/softeon/upsphemeaprod/reportdaemon
emea_jqrpt | /data/batchapp/softeon/upsphemeaprod/reportjqgridexportdaemon
emea_sch | /data/batchapp/softeon/upsphemeaprod/schedulerdaemon
emea_upl | /data/batchapp/softeon/upsphemeaprod/uploaddaemon
emea_upl1 | /data/batchapp/softeon/upsphemeaprod/uploaddaemon1
emea_wavl | /data/batchapp/softeon/upsphemeaprod/wavelaunchdaemon
emea_shipdocrpt | /data/batchapp/softeon/upsphemeaprod/shippingdocsreportdaemon
philipsprd_dwn | /data/batchapp/softeon/upsphilipsprod/downloaddaemon
philipsprd_evnt | /data/batchapp/softeon/upsphilipsprod/eventdaemon
philipsprd_lbl | /data/batchapp/softeon/upsphilipsprod/labeldaemon
philipsprd_rpt | /data/batchapp/softeon/upsphilipsprod/reportdaemon
philipprd_jqrpt | /data/batchapp/softeon/upsphilipsprod/reportjqgridexportdaemon
philipsprd_sch | /data/batchapp/softeon/upsphilipsprod/schedulerdaemon
philipsprd_upl | /data/batchapp/softeon/upsphilipsprod/uploaddaemon
philpsprd_upl1 | /data/batchapp/softeon/upsphilipsprod/uploaddaemon1
philipsprd_wavl | /data/batchapp/softeon/upsphilipsprod/wavelaunchdaemon
philipsprd_doc | /data/batchapp/softeon/upsphilipsprod/shippingdocreportdaemon

==============================================================================
JBOSS/WILDFLY APPS (simple table)
==============================================================================
JBoss App Processes | 0
JBoss Apps | None

==============================================================================
HEALTH MONITOR CRONTAB STATUS
==============================================================================
Health Monitor Crontab | Disabled

==============================================================================
Server Availability Check Completed | 2026-08-02 05:48:22.701448
==============================================================================

2026-08-02 01:48:51,974 - 2714750 - INFO - Health monitor crontab enabled on all instances
2026-08-02 01:48:51,976 - 2714750 - INFO - Green after restart - cron enabled for i-013433f4497b0cb0b
2026-08-02 01:48:52,047 - 2714750 - INFO - Email sent successfully to ['kishlayk@softeon.com', 'CloudOps@softeon.com']
2026-08-02 01:48:52,047 - 2714750 - INFO - GREEN re-validation mail sent for i-013433f4497b0cb0b
2026-08-02 01:49:12,793 - 2714750 - INFO - Instance i-070ba43ca7fa4ce81 stopped successfully.
2026-08-02 01:49:13,057 - 2714750 - INFO - Stopped i-070ba43ca7fa4ce81 in 0:02:01.782341
2026-08-02 01:49:13,058 - 2714750 - INFO - Starting EC2 instance: i-070ba43ca7fa4ce81
2026-08-02 01:49:29,153 - 2714750 - INFO - Instance i-070ba43ca7fa4ce81 started successfully.
2026-08-02 01:49:29,154 - 2714750 - INFO - Waiting 100 seconds for SSM agent to be ready on i-070ba43ca7fa4ce81...
2026-08-02 01:51:09,199 - 2714750 - INFO - Registering i-070ba43ca7fa4ce81 to TG arn:aws:elasticloadbalancing:us-east-1:835314132208:targetgroup/UPS-Philips-Prod-ALB-RF/3eb4f474203c59aa
2026-08-02 01:51:09,394 - 2714750 - INFO - Registering i-070ba43ca7fa4ce81 to TG arn:aws:elasticloadbalancing:us-east-1:835314132208:targetgroup/UPS-Philips-Prod-ALB-Desktop/bb8e70bfb2aba919
2026-08-02 01:52:09,847 - 2714750 - INFO - Sent app_validation.py to i-070ba43ca7fa4ce81 (command_id: db19ab1a-b926-4e1e-949b-9ae7a716a8f9)
2026-08-02 01:52:39,903 - 2714750 - INFO - SSM Command Status: Success
2026-08-02 01:52:39,903 - 2714750 - INFO - app_validation.py output for i-070ba43ca7fa4ce81:

==============================================================================
Server Availability Check Started | 2026-08-02 05:52:10.182999
==============================================================================

==============================================================================
SYSTEM INFORMATION
==============================================================================
Server IP | 172.29.61.24
Hostname | ip-172-29-61-24
Current User | root
Working Directory | /usr/bin
Time Zone | UTC

==============================================================================
STORAGE CHECK | /data mounts
==============================================================================
Filesystem | Size | Used | Avail | Use% | Mounted on
/dev/nvme1n1p2 | 177.0G | 56.6G | 111.4G | 31% | /data
fs-6db0bc26.efs.us-east-1.amazonaws.com:/ | 0B | 147.1G | 0B | 0% | /data2

==============================================================================
SYMLINK CHECK | root (/)
==============================================================================
Symlinks Total | 4
Symlinks Valid | 4
Symlinks Invalid | 0
Symlink | ResolvedTarget
/bin | /usr/bin
/lib | /usr/lib
/lib64 | /usr/lib64
/sbin | /usr/sbin

==============================================================================
NFS CHECK
==============================================================================
NFS Package Installed | Yes
nfs-server.service Active | No
nfs-client.target Active | Yes
/etc/exports Present | Yes
EXPORTS_LINE | (empty)
NFS_MOUNT | Device | MountPoint | FSType
NFS_MOUNT | fs-6db0bc26.efs.us-east-1.amazonaws.com:/ | /data2 | nfs4

==============================================================================
CUPS CHECK
==============================================================================
CUPS Installed | Yes
CUPS Running | No
CUPS Version | 1.7.5
CUPS IP Port 631 Reachable | No
Cups server Http Status | Not Found
Cups printers Http Status | Not Found
Printers Configured | 0

==============================================================================
FTP CHECK
==============================================================================
FTP Installed | No
FTP Running (Port 21 localhost) | No
FTP Port 21 Reachable on 172.29.61.24 | No
FTP Processes | None

==============================================================================
JAVA CHECK
==============================================================================
Total Java Processes | 2
Batch/Daemon Java Processes | 0
Non-Standalone Java Processes | Not Found

==============================================================================
BATCH/DAEMON JAVA DETAILS
==============================================================================
Batch/Daemon Java Processes | 0
Batch/Daemon Java Details | None

==============================================================================
JBOSS/WILDFLY APPS (simple table)
==============================================================================
JBoss App Processes | 2
PID | AppName | JbossVersion | Java-Name | Port | URL | Status | Code | SSL-Status | App-Path
3496 | upsphilipsv8prod | jboss730eap | philv8prod_jb73 | 8080 | 172.29.61.24:8080 | UP | 200 | Disabled | /data/app/jboss730eap/softeon/upsphilipsv8prod/standalone
3491 | upsphilipsv8rfprod | jboss730eap | philv8rfpd_jb73 | 8081 | 172.29.61.24:8081 | UP | 200 | Disabled | /data/app/jboss730eap/softeon/upsphilipsv8rfprod/standalone

==============================================================================
HEALTH MONITOR CRONTAB STATUS
==============================================================================
Health Monitor Crontab | Not Found

==============================================================================
Server Availability Check Completed | 2026-08-02 05:52:11.120657
==============================================================================

2026-08-02 01:52:39,905 - 2714750 - INFO - After patching validation saved to: /data/patching_report/validation-2026-08-02/UPS-Philips-App/172.29.61.24/172.29.61.24-AfterPatching-2026-08-02-01-52-39-904.log
2026-08-02 01:52:39,961 - 2714750 - INFO - Validation comparison report generated: /data/patching_report/validation-2026-08-02/UPS-Philips-App/172.29.61.24/172.29.61.24-Validation-details-2026-08-02-01-52-39-904.html
2026-08-02 01:52:40,129 - 2714750 - INFO - Daemon count - Pre: 0, Post: 0
2026-08-02 01:52:40,130 - 2714750 - INFO - CUPS: before=running after=not running version=1.7.5
2026-08-02 01:52:40,130 - 2714750 - INFO - Manage_cron: False, daemon_action: False, cups_action: True
2026-08-02 01:52:40,130 - 2714750 - INFO - CUPS was running (v1.7.5) before, not running after - reinstalling on i-070ba43ca7fa4ce81
2026-08-02 01:52:40,130 - 2714750 - INFO - Background thread started for i-070ba43ca7fa4ce81 - daemon:False cups:True
2026-08-02 01:52:40,435 - 2714750 - INFO - CUPS upgrade command sent to i-070ba43ca7fa4ce81 (command_id: d31f9728-f74f-40f4-96d0-5a79078dae0b)
2026-08-02 01:52:40,576 - 2714750 - INFO - Started i-070ba43ca7fa4ce81 in 0:03:27.518134
2026-08-02 01:52:40,577 - 2714750 - INFO - All instances processed.
2026-08-02 01:52:40,581 - 2714750 - INFO - Restart Total time: 0:11:49.309486
2026-08-02 01:52:40,582 - 2714750 - INFO - Auto-confirmed services are restarted
2026-08-02 01:52:40,582 - 2714750 - INFO - Confirmed - services are started
2026-08-02 01:52:40,692 - 2714750 - INFO - The following instances have failed the patch: []
2026-08-02 01:52:40,693 - 2714750 - INFO - No instances have failed the patch.
2026-08-02 01:52:40,693 - 2714750 - INFO - Total Patch Process time: 0:22:35.783376
2026-08-02 01:53:40,584 - 2714750 - INFO - CUPS upgrade output: '/etc/cups' -> '/tmp/cups-backup/cups1.7.5/cups'
'/etc/cups/cups-files.conf.N' -> '/tmp/cups-backup/cups1.7.5/cups/cups-files.conf.N'
'/etc/cups/cupsd.conf.N' -> '/tmp/cups-backup/cups1.7.5/cups/cupsd.conf.N'
'/etc/cups/cupsd.conf.default' -> '/tmp/cups-backup/cups1.7.5/cups/cupsd.conf.default'
'/etc/cups/snmp.conf.N' -> '/tmp/cups-backup/cups1.7.5/cups/snmp.conf.N'
'/etc/cups/printers.conf.O' -> '/tmp/cups-backup/cups1.7.5/cups/printers.conf.O'
'/etc/cups/printers.conf' -> '/tmp/cups-backup/cups1.7.5/cups/printers.conf'
'/etc/cups/ssl' -> '/tmp/cups-backup/cups1.7.5/cups/ssl'
'/etc/cups/ppd' -> '/tmp/cups-backup/cups1.7.5/cups/ppd'
'/etc/cups/client.conf' -> '/tmp/cups-backup/cups1.7.5/cups/client.conf'
'/etc/cups/cups-files.conf' -> '/tmp/cups-backup/cups1.7.5/cups/cups-files.conf'
'/etc/cups/cupsd.conf' -> '/tmp/cups-backup/cups1.7.5/cups/cupsd.conf'
'/etc/cups/snmp.conf' -> '/tmp/cups-backup/cups1.7.5/cups/snmp.conf'
'/etc/cups/interfaces' -> '/tmp/cups-backup/cups1.7.5/cups/interfaces'
Last metadata expiration check: 0:13:25 ago on Sun Aug  2 05:39:17 2026.
Dependencies resolved.
================================================================================
 Package           Architecture     Version             Repository         Size
================================================================================
Installing Groups:
 Development Tools                                                             

Transaction Summary
================================================================================

Complete!
cups-1.7.5/
cups-1.7.5/backend/
cups-1.7.5/berkeley/
cups-1.7.5/cgi-bin/
cups-1.7.5/CHANGES-1.0.txt
cups-1.7.5/CHANGES-1.1.txt
cups-1.7.5/CHANGES-1.2.txt
cups-1.7.5/CHANGES-1.3.txt
cups-1.7.5/CHANGES-1.4.txt
cups-1.7.5/CHANGES-1.5.txt
cups-1.7.5/CHANGES-1.6.txt
cups-1.7.5/CHANGES-IPPTOOL.txt
cups-1.7.5/CHANGES.txt
cups-1.7.5/conf/
cups-1.7.5/config-scripts/
cups-1.7.5/config.h.in
cups-1.7.5/configure
cups-1.7.5/configure.in
cups-1.7.5/CREDITS.txt
cups-1.7.5/cups/
cups-1.7.5/cups-config.in
cups-1.7.5/data/
cups-1.7.5/desktop/
cups-1.7.5/doc/
cups-1.7.5/examples/
cups-1.7.5/filter/
cups-1.7.5/install-sh
cups-1.7.5/INSTALL.txt
cups-1.7.5/IPPTOOL.txt
cups-1.7.5/LICENSE.txt
cups-1.7.5/locale/
cups-1.7.5/Makedefs.in
cups-1.7.5/Makefile
cups-1.7.5/man/
cups-1.7.5/monitor/
cups-1.7.5/notifier/
cups-1.7.5/packaging/
cups-1.7.5/ppdc/
cups-1.7.5/README.txt
cups-1.7.5/scheduler/
cups-1.7.5/systemv/
cups-1.7.5/templates/
cups-1.7.5/test/
cups-1.7.5/vcnet/
cups-1.7.5/xcode/
cups-1.7.5/xcode/config.h
cups-1.7.5/xcode/CUPS.xcodeproj/
cups-1.7.5/xcode/CUPS.xcodeproj/project.pbxproj
cups-1.7.5/vcnet/config.h
cups-1.7.5/vcnet/cups.sln
cups-1.7.5/vcnet/cupstestppd.vcproj
cups-1.7.5/vcnet/ippfind.vcproj
cups-1.7.5/vcnet/ipptool-installer.vdproj
cups-1.7.5/vcnet/ipptool.vcproj
cups-1.7.5/vcnet/libcups2-installer.vdproj
cups-1.7.5/vcnet/libcups2.vcproj
cups-1.7.5/vcnet/libcupsimage2.vcproj
cups-1.7.5/vcnet/README.txt
cups-1.7.5/vcnet/regex/
cups-1.7.5/vcnet/regex.vcproj
cups-1.7.5/vcnet/setdebug.bat
cups-1.7.5/vcnet/testfile.vcproj
cups-1.7.5/vcnet/testhttp.vcproj
cups-1.7.5/vcnet/regex/cclass.h
cups-1.7.5/vcnet/regex/cname.h
cups-1.7.5/vcnet/regex/COPYRIGHT
cups-1.7.5/vcnet/regex/debug.c
cups-1.7.5/vcnet/regex/debug.ih
cups-1.7.5/vcnet/regex/engine.c
cups-1.7.5/vcnet/regex/engine.ih
cups-1.7.5/vcnet/regex/main.c
cups-1.7.5/vcnet/regex/main.ih
cups-1.7.5/vcnet/regex/Makefile
cups-1.7.5/vcnet/regex/mkh
cups-1.7.5/vcnet/regex/README
cups-1.7.5/vcnet/regex/regcomp.c
cups-1.7.5/vcnet/regex/regcomp.ih
cups-1.7.5/vcnet/regex/regerror.c
cups-1.7.5/vcnet/regex/regerror.ih
cups-1.7.5/vcnet/regex/regex.3
cups-1.7.5/vcnet/regex/regex.7
cups-1.7.5/vcnet/regex/regex.def
cups-1.7.5/vcnet/regex/regex.h
cups-1.7.5/vcnet/regex/regex2.h
cups-1.7.5/vcnet/regex/regexec.c
cups-1.7.5/vcnet/regex/regfree.c
cups-1.7.5/vcnet/regex/split.c
cups-1.7.5/vcnet/regex/tests
cups-1.7.5/vcnet/regex/utils.h
cups-1.7.5/vcnet/regex/WHATSNEW
cups-1.7.5/test/4.1-requests.test
cups-1.7.5/test/4.2-cups-printer-ops.test
cups-1.7.5/test/4.3-job-ops.test
cups-1.7.5/test/4.4-subscription-ops.test
cups-1.7.5/test/5.1-lpadmin.sh
cups-1.7.5/test/5.2-lpc.sh
cups-1.7.5/test/5.3-lpq.sh
cups-1.7.5/test/5.4-lpstat.sh
cups-1.7.5/test/5.5-lp.sh
cups-1.7.5/test/5.6-lpr.sh
cups-1.7.5/test/5.7-lprm.sh
cups-1.7.5/test/5.8-cancel.sh
cups-1.7.5/test/5.9-lpinfo.sh
cups-1.7.5/test/cancel-current-job.test
cups-1.7.5/test/color.jpg
cups-1.7.5/test/create-job-format.test
cups-1.7.5/test/create-job-sheets.test
cups-1.7.5/test/create-job-timeout.test
cups-1.7.5/test/create-job.test
cups-1.7.5/test/create-printer-subscription.test
cups-1.7.5/test/Dependencies
cups-1.7.5/test/document-a4.pdf
cups-1.7.5/test/document-a4.ps
cups-1.7.5/test/document-a4.sla
cups-1.7.5/test/document-letter.pdf
cups-1.7.5/test/document-letter.ps
cups-1.7.5/test/document-letter.sla
cups-1.7.5/test/get-completed-jobs.test
cups-1.7.5/test/get-devices.test
cups-1.7.5/test/get-job-attributes.test
cups-1.7.5/test/get-job-attributes2.test
cups-1.7.5/test/get-jobs.test
cups-1.7.5/test/get-notifications.test
cups-1.7.5/test/get-ppd-printer.test
cups-1.7.5/test/get-ppd.test
cups-1.7.5/test/get-ppds-drv-only.test
cups-1.7.5/test/get-ppds-language.test
cups-1.7.5/test/get-ppds-make-and-model.test
cups-1.7.5/test/get-ppds-make.test
cups-1.7.5/test/get-ppds-product.test
cups-1.7.5/test/get-ppds-psversion.test
cups-1.7.5/test/get-ppds.test
cups-1.7.5/test/get-printer-attributes-2.0.test
cups-1.7.5/test/get-printer-attributes.test
cups-1.7.5/test/get-printers.test
cups-1.7.5/test/get-subscriptions.test
cups-1.7.5/test/gray.jpg
cups-1.7.5/test/ipp-1.1.test
cups-1.7.5/test/ipp-2.0.test
cups-1.7.5/test/ipp-2.1.test
cups-1.7.5/test/ipp-2.2.test
cups-1.7.5/test/ipp-backend.test
cups-1.7.5/test/ipp-everywhere.test
cups-1.7.5/test/ippdiscover.c
cups-1.7.5/test/ippfind.c
cups-1.7.5/test/ippserver.c
cups-1.7.5/test/ipptool.c
cups-1.7.5/test/make-ippeverywhere-print-tests.sh
cups-1.7.5/test/Makefile
cups-1.7.5/test/onepage-a4-300-black-1.pwg.gz
cups-1.7.5/test/onepage-a4.pdf
cups-1.7.5/test/onepage-a4.ps
cups-1.7.5/test/onepage-a4.sla
cups-1.7.5/test/onepage-letter-300-black-1.pwg.gz
cups-1.7.5/test/onepage-letter.pdf
cups-1.7.5/test/onepage-letter.ps
cups-1.7.5/test/onepage-letter.sla
cups-1.7.5/test/print-job-and-wait.test
cups-1.7.5/test/print-job-deflate.test
cups-1.7.5/test/print-job-gzip.test
cups-1.7.5/test/print-job-hold.test
cups-1.7.5/test/print-job-media-col.test
cups-1.7.5/test/print-job-password.test
cups-1.7.5/test/print-job.test
cups-1.7.5/test/print-uri.test
cups-1.7.5/test/printer.opacity
cups-1.7.5/test/printer.png
cups-1.7.5/test/run-stp-tests.sh
cups-1.7.5/test/set-attrs-hold.test
cups-1.7.5/test/str-header.html
cups-1.7.5/test/str-trailer.html
cups-1.7.5/test/test.convs
cups-1.7.5/test/testfile.jpg
cups-1.7.5/test/testfile.pcl
cups-1.7.5/test/testfile.pdf
cups-1.7.5/test/testfile.ps
cups-1.7.5/test/testfile.txt
cups-1.7.5/test/testhp.ppd
cups-1.7.5/test/testps.ppd
cups-1.7.5/test/validate-job.test
cups-1.7.5/test/waitjobs.sh
cups-1.7.5/test/xmltotest.c
cups-1.7.5/templates/add-class.tmpl
cups-1.7.5/templates/add-printer.tmpl
cups-1.7.5/templates/add-rss-subscription.tmpl
cups-1.7.5/templates/admin.tmpl
cups-1.7.5/templates/ca/
cups-1.7.5/templates/choose-device.tmpl
cups-1.7.5/templates/choose-make.tmpl
cups-1.7.5/templates/choose-model.tmpl
cups-1.7.5/templates/choose-serial.tmpl
cups-1.7.5/templates/choose-uri.tmpl
cups-1.7.5/templates/class-added.tmpl
cups-1.7.5/templates/class-confirm.tmpl
cups-1.7.5/templates/class-deleted.tmpl
cups-1.7.5/templates/class-jobs-header.tmpl
cups-1.7.5/templates/class-modified.tmpl
cups-1.7.5/templates/class.tmpl
cups-1.7.5/templates/classes-header.tmpl
cups-1.7.5/templates/classes.tmpl
cups-1.7.5/templates/command.tmpl
cups-1.7.5/templates/cs/
cups-1.7.5/templates/de/
cups-1.7.5/templates/edit-config.tmpl
cups-1.7.5/templates/error-op.tmpl
cups-1.7.5/templates/error.tmpl
cups-1.7.5/templates/es/
cups-1.7.5/templates/fr/
cups-1.7.5/templates/header.tmpl.in
cups-1.7.5/templates/help-header.tmpl
cups-1.7.5/templates/help-printable.tmpl
cups-1.7.5/templates/help-trailer.tmpl
cups-1.7.5/templates/it/
cups-1.7.5/templates/ja/
cups-1.7.5/templates/job-cancel.tmpl
cups-1.7.5/templates/job-hold.tmpl
cups-1.7.5/templates/job-move.tmpl
cups-1.7.5/templates/job-moved.tmpl
cups-1.7.5/templates/job-release.tmpl
cups-1.7.5/templates/job-restart.tmpl
cups-1.7.5/templates/jobs-header.tmpl
cups-1.7.5/templates/jobs.tmpl
cups-1.7.5/templates/list-available-printers.tmpl
cups-1.7.5/templates/Makefile
cups-1.7.5/templates/modify-class.tmpl
cups-1.7.5/templates/modify-printer.tmpl
cups-1.7.5/templates/norestart.tmpl
cups-1.7.5/templates/option-boolean.tmpl
cups-1.7.5/templates/option-conflict.tmpl
cups-1.7.5/templates/option-header.tmpl
cups-1.7.5/templates/option-pickmany.tmpl
cups-1.7.5/templates/option-pickone.tmpl
cups-1.7.5/templates/option-trailer.tmpl
cups-1.7.5/templates/pager.tmpl
cups-1.7.5/templates/printer-accept.tmpl
cups-1.7.5/templates/printer-added.tmpl
cups-1.7.5/templates/printer-configured.tmpl
cups-1.7.5/templates/printer-confirm.tmpl
cups-1.7.5/templates/printer-default.tmpl
cups-1.7.5/templates/printer-deleted.tmpl
cups-1.7.5/templates/printer-jobs-header.tmpl
cups-1.7.5/templates/printer-modified.tmpl
cups-1.7.5/templates/printer-purge.tmpl
cups-1.7.5/templates/printer-reject.tmpl
cups-1.7.5/templates/printer-start.tmpl
cups-1.7.5/templates/printer-stop.tmpl
cups-1.7.5/templates/printer.tmpl
cups-1.7.5/templates/printers-header.tmpl
cups-1.7.5/templates/printers.tmpl
cups-1.7.5/templates/pt_BR/
cups-1.7.5/templates/restart.tmpl
cups-1.7.5/templates/ru/
cups-1.7.5/templates/samba-export.tmpl
cups-1.7.5/templates/samba-exported.tmpl
cups-1.7.5/templates/search.tmpl
cups-1.7.5/templates/set-printer-options-header.tmpl
cups-1.7.5/templates/set-printer-options-trailer.tmpl
cups-1.7.5/templates/subscription-added.tmpl
cups-1.7.5/templates/subscription-canceled.tmpl
cups-1.7.5/templates/test-page.tmpl
cups-1.7.5/templates/trailer.tmpl
cups-1.7.5/templates/users.tmpl
cups-1.7.5/templates/ru/add-class.tmpl
cups-1.7.5/templates/ru/add-printer.tmpl
cups-1.7.5/templates/ru/add-rss-subscription.tmpl
cups-1.7.5/templates/ru/admin.tmpl
cups-1.7.5/templates/ru/choose-device.tmpl
cups-1.7.5/templates/ru/choose-make.tmpl
cups-1.7.5/templates/ru/choose-model.tmpl
cups-1.7.5/templates/ru/choose-serial.tmpl
cups-1.7.5/templates/ru/choose-uri.tmpl
cups-1.7.5/templates/ru/class-added.tmpl
cups-1.7.5/templates/ru/class-confirm.tmpl
cups-1.7.5/templates/ru/class-deleted.tmpl
cups-1.7.5/templates/ru/class-jobs-header.tmpl
cups-1.7.5/templates/ru/class-modified.tmpl
cups-1.7.5/templates/ru/class.tmpl
cups-1.7.5/templates/ru/classes-header.tmpl
cups-1.7.5/templates/ru/classes.tmpl
cups-1.7.5/templates/ru/command.tmpl
cups-1.7.5/templates/ru/edit-config.tmpl
cups-1.7.5/templates/ru/error-op.tmpl
cups-1.7.5/templates/ru/error.tmpl
cups-1.7.5/templates/ru/header.tmpl.in
cups-1.7.5/templates/ru/help-header.tmpl
cups-1.7.5/templates/ru/help-printable.tmpl
cups-1.7.5/templates/ru/help-trailer.tmpl
cups-1.7.5/templates/ru/job-cancel.tmpl
cups-1.7.5/templates/ru/job-hold.tmpl
cups-1.7.5/templates/ru/job-move.tmpl
cups-1.7.5/templates/ru/job-moved.tmpl
cups-1.7.5/templates/ru/job-release.tmpl
cups-1.7.5/templates/ru/job-restart.tmpl
cups-1.7.5/templates/ru/jobs-header.tmpl
cups-1.7.5/templates/ru/jobs.tmpl
cups-1.7.5/templates/ru/list-available-printers.tmpl
cups-1.7.5/templates/ru/Makefile
cups-1.7.5/templates/ru/modify-class.tmpl
cups-1.7.5/templates/ru/modify-printer.tmpl
cups-1.7.5/templates/ru/norestart.tmpl
cups-1.7.5/templates/ru/option-boolean.tmpl
cups-1.7.5/templates/ru/option-conflict.tmpl
cups-1.7.5/templates/ru/option-header.tmpl
cups-1.7.5/templates/ru/option-pickmany.tmpl
cups-1.7.5/templates/ru/option-pickone.tmpl
cups-1.7.5/templates/ru/option-trailer.tmpl
cups-1.7.5/templates/ru/pager.tmpl
cups-1.7.5/templates/ru/printer-accept.tmpl
cups-1.7.5/templates/ru/printer-added.tmpl
cups-1.7.5/templates/ru/printer-configured.tmpl
cups-1.7.5/templates/ru/printer-confirm.tmpl
cups-1.7.5/templates/ru/printer-default.tmpl
cups-1.7.5/templates/ru/printer-deleted.tmpl
cups-1.7.5/templates/ru/printer-jobs-header.tmpl
cups-1.7.5/templates/ru/printer-modified.tmpl
cups-1.7.5/templates/ru/printer-purge.tmpl
cups-1.7.5/templates/ru/printer-reject.tmpl
cups-1.7.5/templates/ru/printer-start.tmpl
cups-1.7.5/templates/ru/printer-stop.tmpl
cups-1.7.5/templates/ru/printer.tmpl
cups-1.7.5/templates/ru/printers-header.tmpl
cups-1.7.5/templates/ru/printers.tmpl
cups-1.7.5/templates/ru/restart.tmpl
cups-1.7.5/templates/ru/samba-export.tmpl
cups-1.7.5/templates/ru/samba-exported.tmpl
cups-1.7.5/templates/ru/search.tmpl
cups-1.7.5/templates/ru/set-printer-options-header.tmpl
cups-1.7.5/templates/ru/set-printer-options-trailer.tmpl
cups-1.7.5/templates/ru/subscription-added.tmpl
cups-1.7.5/templates/ru/subscription-canceled.tmpl
cups-1.7.5/templates/ru/test-page.tmpl
cups-1.7.5/templates/ru/trailer.tmpl
cups-1.7.5/templates/ru/users.tmpl
cups-1.7.5/templates/pt_BR/add-class.tmpl
cups-1.7.5/templates/pt_BR/add-printer.tmpl
cups-1.7.5/templates/pt_BR/add-rss-subscription.tmpl
cups-1.7.5/templates/pt_BR/admin.tmpl
cups-1.7.5/templates/pt_BR/choose-device.tmpl
cups-1.7.5/templates/pt_BR/choose-make.tmpl
cups-1.7.5/templates/pt_BR/choose-model.tmpl
cups-1.7.5/templates/pt_BR/choose-serial.tmpl
cups-1.7.5/templates/pt_BR/choose-uri.tmpl
cups-1.7.5/templates/pt_BR/class-added.tmpl
cups-1.7.5/templates/pt_BR/class-confirm.tmpl
cups-1.7.5/templates/pt_BR/class-deleted.tmpl
cups-1.7.5/templates/pt_BR/class-jobs-header.tmpl
cups-1.7.5/templates/pt_BR/class-modified.tmpl
cups-1.7.5/templates/pt_BR/class.tmpl
cups-1.7.5/templates/pt_BR/classes-header.tmpl
cups-1.7.5/templates/pt_BR/classes.tmpl
cups-1.7.5/templates/pt_BR/command.tmpl
cups-1.7.5/templates/pt_BR/edit-config.tmpl
cups-1.7.5/templates/pt_BR/error-op.tmpl
cups-1.7.5/templates/pt_BR/error.tmpl
cups-1.7.5/templates/pt_BR/header.tmpl.in
cups-1.7.5/templates/pt_BR/help-header.tmpl
cups-1.7.5/templates/pt_BR/job-cancel.tmpl
cups-1.7.5/templates/pt_BR/job-hold.tmpl
cups-1.7.5/templates/pt_BR/job-move.tmpl
cups-1.7.5/templates/pt_BR/job-moved.tmpl
cups-1.7.5/templates/pt_BR/job-release.tmpl
cups-1.7.5/templates/pt_BR/job-restart.tmpl
cups-1.7.5/templates/pt_BR/jobs-header.tmpl
cups-1.7.5/templates/pt_BR/jobs.tmpl
cups-1.7.5/templates/pt_BR/list-available-printers.tmpl
cups-1.7.5/templates/pt_BR/modify-class.tmpl
cups-1.7.5/templates/pt_BR/modify-printer.tmpl
cups-1.7.5/templates/pt_BR/norestart.tmpl
cups-1.7.5/templates/pt_BR/option-boolean.tmpl
cups-1.7.5/templates/pt_BR/option-conflict.tmpl
cups-1.7.5/templates/pt_BR/option-header.tmpl
cups-1.7.5/templates/pt_BR/option-pickmany.tmpl
cups-1.7.5/templates/pt_BR/option-pickone.tmpl
cups-1.7.5/templates/pt_BR/option-trailer.tmpl
cups-1.7.5/templates/pt_BR/pager.tmpl
cups-1.7.5/templates/pt_BR/printer-accept.tmpl
cups-1.7.5/templates/pt_BR/printer-added.tmpl
cups-1.7.5/templates/pt_BR/printer-configured.tmpl
cups-1.7.5/templates/pt_BR/printer-confirm.tmpl
cups-1.7.5/templates/pt_BR/printer-default.tmpl
cups-1.7.5/templates/pt_BR/printer-deleted.tmpl
cups-1.7.5/templates/pt_BR/printer-jobs-header.tmpl
cups-1.7.5/templates/pt_BR/printer-modified.tmpl
cups-1.7.5/templates/pt_BR/printer-purge.tmpl
cups-1.7.5/templates/pt_BR/printer-reject.tmpl
cups-1.7.5/templates/pt_BR/printer-start.tmpl
cups-1.7.5/templates/pt_BR/printer-stop.tmpl
cups-1.7.5/templates/pt_BR/printer.tmpl
cups-1.7.5/templates/pt_BR/printers-header.tmpl
cups-1.7.5/templates/pt_BR/printers.tmpl
cups-1.7.5/templates/pt_BR/restart.tmpl
cups-1.7.5/templates/pt_BR/samba-export.tmpl
cups-1.7.5/templates/pt_BR/samba-exported.tmpl
cups-1.7.5/templates/pt_BR/search.tmpl
cups-1.7.5/templates/pt_BR/set-printer-options-header.tmpl
cups-1.7.5/templates/pt_BR/set-printer-options-trailer.tmpl
cups-1.7.5/templates/pt_BR/subscription-added.tmpl
cups-1.7.5/templates/pt_BR/subscription-canceled.tmpl
cups-1.7.5/templates/pt_BR/test-page.tmpl
cups-1.7.5/templates/pt_BR/trailer.tmpl
cups-1.7.5/templates/pt_BR/users.tmpl
cups-1.7.5/templates/ja/add-class.tmpl
cups-1.7.5/templates/ja/add-printer.tmpl
cups-1.7.5/templates/ja/add-rss-subscription.tmpl
cups-1.7.5/templates/ja/admin.tmpl
cups-1.7.5/templates/ja/choose-device.tmpl
cups-1.7.5/templates/ja/choose-make.tmpl
cups-1.7.5/templates/ja/choose-model.tmpl
cups-1.7.5/templates/ja/choose-serial.tmpl
cups-1.7.5/templates/ja/choose-uri.tmpl
cups-1.7.5/templates/ja/class-added.tmpl
cups-1.7.5/templates/ja/class-confirm.tmpl
cups-1.7.5/templates/ja/class-deleted.tmpl
cups-1.7.5/templates/ja/class-jobs-header.tmpl
cups-1.7.5/templates/ja/class-modified.tmpl
cups-1.7.5/templates/ja/class.tmpl
cups-1.7.5/templates/ja/classes-header.tmpl
cups-1.7.5/templates/ja/classes.tmpl
cups-1.7.5/templates/ja/command.tmpl
cups-1.7.5/templates/ja/edit-config.tmpl
cups-1.7.5/templates/ja/error-op.tmpl
cups-1.7.5/templates/ja/error.tmpl
cups-1.7.5/templates/ja/header.tmpl.in
cups-1.7.5/templates/ja/help-header.tmpl
cups-1.7.5/templates/ja/help-printable.tmpl
cups-1.7.5/templates/ja/help-trailer.tmpl
cups-1.7.5/templates/ja/job-cancel.tmpl
cups-1.7.5/templates/ja/job-hold.tmpl
cups-1.7.5/templates/ja/job-move.tmpl
cups-1.7.5/templates/ja/job-moved.tmpl
cups-1.7.5/templates/ja/job-release.tmpl
cups-1.7.5/templates/ja/job-restart.tmpl
cups-1.7.5/templates/ja/jobs-header.tmpl
cups-1.7.5/templates/ja/jobs.tmpl
cups-1.7.5/templates/ja/list-available-printers.tmpl
cups-1.7.5/templates/ja/modify-class.tmpl
cups-1.7.5/templates/ja/modify-printer.tmpl
cups-1.7.5/templates/ja/norestart.tmpl
cups-1.7.5/templates/ja/option-boolean.tmpl
cups-1.7.5/templates/ja/option-conflict.tmpl
cups-1.7.5/templates/ja/option-header.tmpl
cups-1.7.5/templates/ja/option-pickmany.tmpl
cups-1.7.5/templates/ja/option-pickone.tmpl
cups-1.7.5/templates/ja/option-trailer.tmpl
cups-1.7.5/templates/ja/pager.tmpl
cups-1.7.5/templates/ja/printer-accept.tmpl
cups-1.7.5/templates/ja/printer-added.tmpl
cups-1.7.5/templates/ja/printer-configured.tmpl
cups-1.7.5/templates/ja/printer-confirm.tmpl
cups-1.7.5/templates/ja/printer-default.tmpl
cups-1.7.5/templates/ja/printer-deleted.tmpl
cups-1.7.5/templates/ja/printer-jobs-header.tmpl
cups-1.7.5/templates/ja/printer-modified.tmpl
cups-1.7.5/templates/ja/printer-purge.tmpl
cups-1.7.5/templates/ja/printer-reject.tmpl
cups-1.7.5/templates/ja/printer-start.tmpl
cups-1.7.5/templates/ja/printer-stop.tmpl
cups-1.7.5/templates/ja/printer.tmpl
cups-1.7.5/templates/ja/printers-header.tmpl
cups-1.7.5/templates/ja/printers.tmpl
cups-1.7.5/templates/ja/restart.tmpl
cups-1.7.5/templates/ja/samba-export.tmpl
cups-1.7.5/templates/ja/samba-exported.tmpl
cups-1.7.5/templates/ja/search.tmpl
cups-1.7.5/templates/ja/set-printer-options-header.tmpl
cups-1.7.5/templates/ja/set-printer-options-trailer.tmpl
cups-1.7.5/templates/ja/subscription-added.tmpl
cups-1.7.5/templates/ja/subscription-canceled.tmpl
cups-1.7.5/templates/ja/test-page.tmpl
cups-1.7.5/templates/ja/trailer.tmpl
cups-1.7.5/templates/ja/users.tmpl
cups-1.7.5/templates/it/add-class.tmpl
cups-1.7.5/templates/it/add-printer.tmpl
cups-1.7.5/templates/it/add-rss-subscription.tmpl
cups-1.7.5/templates/it/admin.tmpl
cups-1.7.5/templates/it/choose-device.tmpl
cups-1.7.5/templates/it/choose-make.tmpl
cups-1.7.5/templates/it/choose-model.tmpl
cups-1.7.5/templates/it/choose-serial.tmpl
cups-1.7.5/templates/it/choose-uri.tmpl
cups-1.7.5/templates/it/class-added.tmpl
cups-1.7.5/templates/it/class-confirm.tmpl
cups-1.7.5/templates/it/class-deleted.tmpl
cups-1.7.5/templates/it/class-jobs-header.tmpl
cups-1.7.5/templates/it/class-modified.tmpl
cups-1.7.5/templates/it/class.tmpl
cups-1.7.5/templates/it/classes-header.tmpl
cups-1.7.5/templates/it/classes.tmpl
cups-1.7.5/templates/it/command.tmpl
cups-1.7.5/templates/it/edit-config.tmpl
cups-1.7.5/templates/it/error-op.tmpl
cups-1.7.5/templates/it/error.tmpl
cups-1.7.5/templates/it/header.tmpl.in
cups-1.7.5/templates/it/help-header.tmpl
cups-1.7.5/templates/it/help-printable.tmpl
cups-1.7.5/templates/it/help-trailer.tmpl
cups-1.7.5/templates/it/job-cancel.tmpl
cups-1.7.5/templates/it/job-hold.tmpl
cups-1.7.5/templates/it/job-move.tmpl
cups-1.7.5/templates/it/job-moved.tmpl
cups-1.7.5/templates/it/job-release.tmpl
cups-1.7.5/templates/it/job-restart.tmpl
cups-1.7.5/templates/it/jobs-header.tmpl
cups-1.7.5/templates/it/jobs.tmpl
cups-1.7.5/templates/it/list-available-printers.tmpl
cups-1.7.5/templates/it/modify-class.tmpl
cups-1.7.5/templates/it/modify-printer.tmpl
cups-1.7.5/templates/it/norestart.tmpl
cups-1.7.5/templates/it/option-boolean.tmpl
cups-1.7.5/templates/it/option-conflict.tmpl
cups-1.7.5/templates/it/option-header.tmpl
cups-1.7.5/templates/it/option-pickmany.tmpl
cups-1.7.5/templates/it/option-pickone.tmpl
cups-1.7.5/templates/it/option-trailer.tmpl
cups-1.7.5/templates/it/pager.tmpl
cups-1.7.5/templates/it/printer-accept.tmpl
cups-1.7.5/templates/it/printer-added.tmpl
cups-1.7.5/templates/it/printer-configured.tmpl
cups-1.7.5/templates/it/printer-confirm.tmpl
cups-1.7.5/templates/it/printer-default.tmpl
cups-1.7.5/templates/it/printer-deleted.tmpl
cups-1.7.5/templates/it/printer-jobs-header.tmpl
cups-1.7.5/templates/it/printer-modified.tmpl
cups-1.7.5/templates/it/printer-purge.tmpl
cups-1.7.5/templates/it/printer-reject.tmpl
cups-1.7.5/templates/it/printer-start.tmpl
cups-1.7.5/templates/it/printer-stop.tmpl
cups-1.7.5/templates/it/printer.tmpl
cups-1.7.5/templates/it/printers-header.tmpl
cups-1.7.5/templates/it/printers.tmpl
cups-1.7.5/templates/it/restart.tmpl
cups-1.7.5/templates/it/samba-export.tmpl
cups-1.7.5/templates/it/samba-exported.tmpl
cups-1.7.5/templates/it/search.tmpl
cups-1.7.5/templates/it/set-printer-options-header.tmpl
cups-1.7.5/templates/it/set-printer-options-trailer.tmpl
cups-1.7.5/templates/it/subscription-added.tmpl
cups-1.7.5/templates/it/subscription-canceled.tmpl
cups-1.7.5/templates/it/test-page.tmpl
cups-1.7.5/templates/it/trailer.tmpl
cups-1.7.5/templates/it/users.tmpl
cups-1.7.5/templates/fr/add-class.tmpl
cups-1.7.5/templates/fr/add-printer.tmpl
cups-1.7.5/templates/fr/add-rss-subscription.tmpl
cups-1.7.5/templates/fr/admin.tmpl
cups-1.7.5/templates/fr/choose-device.tmpl
cups-1.7.5/templates/fr/choose-make.tmpl
cups-1.7.5/templates/fr/choose-model.tmpl
cups-1.7.5/templates/fr/choose-serial.tmpl
cups-1.7.5/templates/fr/choose-uri.tmpl
cups-1.7.5/templates/fr/class-added.tmpl
cups-1.7.5/templates/fr/class-confirm.tmpl
cups-1.7.5/templates/fr/class-deleted.tmpl
cups-1.7.5/templates/fr/class-jobs-header.tmpl
cups-1.7.5/templates/fr/class-modified.tmpl
cups-1.7.5/templates/fr/class.tmpl
cups-1.7.5/templates/fr/classes-header.tmpl
cups-1.7.5/templates/fr/classes.tmpl
cups-1.7.5/templates/fr/command.tmpl
cups-1.7.5/templates/fr/edit-config.tmpl
cups-1.7.5/templates/fr/error-op.tmpl
cups-1.7.5/templates/fr/error.tmpl
cups-1.7.5/templates/fr/header.tmpl.in
cups-1.7.5/templates/fr/help-header.tmpl
cups-1.7.5/templates/fr/help-printable.tmpl
cups-1.7.5/templates/fr/help-trailer.tmpl
cups-1.7.5/templates/fr/job-cancel.tmpl
cups-1.7.5/templates/fr/job-hold.tmpl
cups-1.7.5/templates/fr/job-move.tmpl
cups-1.7.5/templates/fr/job-moved.tmpl
cups-1.7.5/templates/fr/job-release.tmpl
cups-1.7.5/templates/fr/job-restart.tmpl
cups-1.7.5/templates/fr/jobs-header.tmpl
cups-1.7.5/templates/fr/jobs.tmpl
cups-1.7.5/templates/fr/list-available-printers.tmpl
cups-1.7.5/templates/fr/modify-class.tmpl
cups-1.7.5/templates/fr/modify-printer.tmpl
cups-1.7.5/templates/fr/norestart.tmpl
cups-1.7.5/templates/fr/option-boolean.tmpl
cups-1.7.5/templates/fr/option-conflict.tmpl
cups-1.7.5/templates/fr/option-header.tmpl
cups-1.7.5/templates/fr/option-pickmany.tmpl
cups-1.7.5/templates/fr/option-pickone.tmpl
cups-1.7.5/templates/fr/option-trailer.tmpl
cups-1.7.5/templates/fr/pager.tmpl
cups-1.7.5/templates/fr/printer-accept.tmpl
cups-1.7.5/templates/fr/printer-added.tmpl
cups-1.7.5/temp--output truncated--
2026-08-02 01:53:40,585 - 2714750 - INFO - CUPS reinstall successful on i-070ba43ca7fa4ce81
2026-08-02 01:53:40,763 - 2714750 - INFO - Sent app_validation.py to i-070ba43ca7fa4ce81 (command_id: fe423180-2ee6-42ee-993e-4340640fc561)
2026-08-02 01:53:41,314 - 2714750 - INFO - Log file ./logs/patching_2026-08-02_UPS-Philips-App.log uploaded to s3://q3-2026-aws-security-patching/UPS-Philips-App_Patch/2026-08-02/patching_2026-08-02_UPS-Philips-App.log
2026-08-02 01:54:10,901 - 2714750 - INFO - SSM Command Status: Success
2026-08-02 01:54:10,901 - 2714750 - INFO - app_validation.py output for i-070ba43ca7fa4ce81:

==============================================================================
Server Availability Check Started | 2026-08-02 05:53:41.036746
==============================================================================

==============================================================================
SYSTEM INFORMATION
==============================================================================
Server IP | 172.29.61.24
Hostname | ip-172-29-61-24
Current User | root
Working Directory | /usr/bin
Time Zone | UTC

==============================================================================
STORAGE CHECK | /data mounts
==============================================================================
Filesystem | Size | Used | Avail | Use% | Mounted on
/dev/nvme1n1p2 | 177.0G | 56.6G | 111.4G | 31% | /data
fs-6db0bc26.efs.us-east-1.amazonaws.com:/ | 0B | 147.1G | 0B | 0% | /data2

==============================================================================
SYMLINK CHECK | root (/)
==============================================================================
Symlinks Total | 4
Symlinks Valid | 4
Symlinks Invalid | 0
Symlink | ResolvedTarget
/bin | /usr/bin
/lib | /usr/lib
/lib64 | /usr/lib64
/sbin | /usr/sbin

==============================================================================
NFS CHECK
==============================================================================
NFS Package Installed | Yes
nfs-server.service Active | No
nfs-client.target Active | Yes
/etc/exports Present | Yes
EXPORTS_LINE | (empty)
NFS_MOUNT | Device | MountPoint | FSType
NFS_MOUNT | fs-6db0bc26.efs.us-east-1.amazonaws.com:/ | /data2 | nfs4

==============================================================================
CUPS CHECK
==============================================================================
CUPS Installed | Yes
CUPS Running | Yes
CUPS Version | 1.7.5
CUPS IP URL (http://172.29.61.24:631) | 200
Cups server Http Status | 200
Cups printers Http Status | 200
Printers Configured | 98

==============================================================================
FTP CHECK
==============================================================================
FTP Installed | No
FTP Running (Port 21 localhost) | No
FTP Port 21 Reachable on 172.29.61.24 | No
FTP Processes | None

==============================================================================
JAVA CHECK
==============================================================================
Total Java Processes | 2
Batch/Daemon Java Processes | 0
Non-Standalone Java Processes | Not Found

==============================================================================
BATCH/DAEMON JAVA DETAILS
==============================================================================
Batch/Daemon Java Processes | 0
Batch/Daemon Java Details | None

==============================================================================
JBOSS/WILDFLY APPS (simple table)
==============================================================================
JBoss App Processes | 2
PID | AppName | JbossVersion | Java-Name | Port | URL | Status | Code | SSL-Status | App-Path
3496 | upsphilipsv8prod | jboss730eap | philv8prod_jb73 | 8080 | 172.29.61.24:8080 | UP | 200 | Disabled | /data/app/jboss730eap/softeon/upsphilipsv8prod/standalone
3491 | upsphilipsv8rfprod | jboss730eap | philv8rfpd_jb73 | 8081 | 172.29.61.24:8081 | UP | 200 | Disabled | /data/app/jboss730eap/softeon/upsphilipsv8rfprod/standalone

==============================================================================
HEALTH MONITOR CRONTAB STATUS
==============================================================================
Health Monitor Crontab | Not Found

==============================================================================
Server Availability Check Completed | 2026-08-02 05:53:41.401730
==============================================================================

2026-08-02 01:54:10,965 - 2714750 - INFO - i-070ba43ca7fa4ce81: Cron was not active - skipping enable
2026-08-02 01:54:11,043 - 2714750 - INFO - Email sent successfully to ['kishlayk@softeon.com', 'CloudOps@softeon.com']
2026-08-02 01:54:11,043 - 2714750 - INFO - GREEN re-validation mail sent for i-070ba43ca7fa4ce81
