2026-05-09 02:15:02,941 - 539601 - INFO - Logger setup has been removed, using shared logger from common.logs.logger.
2026-05-09 02:15:02,941 - 539601 - INFO - Script Start Time: 2026-05-09 02:15:02
2026-05-09 02:15:03,151 - 539601 - INFO - Instance(s) selected for Patching: {'i-02f1afae9b4c73690': '10.0.9.186', 'i-0edfe4bd402b56176': '10.0.9.151'}
2026-05-09 02:15:03,226 - 539601 - INFO - Email sent successfully to ['CloudOps@softeon.com']
2026-05-09 02:15:03,226 - 539601 - INFO - Now patching instances at: 2026-05-09 02:15:03
2026-05-09 02:15:03,313 - 539601 - INFO - Sending patch command to instance i-02f1afae9b4c73690
2026-05-09 02:15:03,526 - 539601 - INFO - Command sent successfully to instance i-02f1afae9b4c73690. Command ID: 1ba09fe7-85a8-4b8a-8a52-298caf789b5a
2026-05-09 02:15:03,684 - 539601 - INFO - Sending patch command to instance i-0edfe4bd402b56176
2026-05-09 02:15:03,804 - 539601 - INFO - Command sent successfully to instance i-0edfe4bd402b56176. Command ID: 9770cd81-43c5-465e-ae23-c5330d34c256
2026-05-09 02:26:06,739 - 539601 - INFO - All patches applied successfully.
2026-05-09 02:26:06,740 - 539601 - INFO - Patching end time: 2026-05-09 02:26:06
2026-05-09 02:26:06,740 - 539601 - INFO - Patch Elapsed time: 0:11:03.513250
2026-05-09 02:26:06,836 - 539601 - INFO - Email sent successfully to ['CloudOps@softeon.com']
2026-05-09 02:26:06,837 - 539601 - INFO - Confirmed - services are stopped
2026-05-09 02:26:27,056 - 539601 - INFO - Discovered TG map: {'i-02f1afae9b4c73690': ['arn:aws:elasticloadbalancing:us-east-1:835314132208:targetgroup/SCL-Central-Prod-Webservices/a3bda76066185860', 'arn:aws:elasticloadbalancing:us-east-1:835314132208:targetgroup/SCLC-Ext-Portal/a0f944a97aad8207', 'arn:aws:elasticloadbalancing:us-east-1:835314132208:targetgroup/SCLC-Production-Desktop/85793463b1014f02', 'arn:aws:elasticloadbalancing:us-east-1:835314132208:targetgroup/SCLC-Production-RF/933d08d6f5a21195'], 'i-0edfe4bd402b56176': ['arn:aws:elasticloadbalancing:us-east-1:835314132208:targetgroup/SCL-Central-Prod-Webservices/a3bda76066185860', 'arn:aws:elasticloadbalancing:us-east-1:835314132208:targetgroup/SCLC-Ext-Portal/a0f944a97aad8207', 'arn:aws:elasticloadbalancing:us-east-1:835314132208:targetgroup/SCLC-Production-Desktop/85793463b1014f02', 'arn:aws:elasticloadbalancing:us-east-1:835314132208:targetgroup/SCLC-Production-RF/933d08d6f5a21195', 'arn:aws:elasticloadbalancing:us-east-1:835314132208:targetgroup/SCLC-WES-Prod/4956da77810d6341']}
2026-05-09 02:26:27,456 - 539601 - INFO - Sent app_validation.py to i-02f1afae9b4c73690 (command_id: 53e16a6c-3905-4d4c-b913-2c429514ea2e)
2026-05-09 02:26:57,515 - 539601 - INFO - app_validation.py output for i-02f1afae9b4c73690:

==============================================================================
Server Availability Check Started | 2026-05-09 01:26:27.715213
==============================================================================

==============================================================================
SYSTEM INFORMATION
==============================================================================
Server IP | 10.0.9.186
Hostname | ip-10-0-9-186
Current User | root
Working Directory | /usr/bin
Time Zone | CDT

==============================================================================
STORAGE CHECK | /data mounts
==============================================================================
Filesystem | Size | Used | Avail | Use% | Mounted on
/dev/nvme1n1p2 | 289.9G | 113.6G | 176.2G | 39% | /data
fs-c00ce123.efs.us-east-1.amazonaws.com:/ | 0B | 529.5G | 0B | 0% | /data/softeon/shared

==============================================================================
SYMLINK CHECK | root (/)
==============================================================================
Symlinks Total | 4
Symlinks Valid | 4
Symlinks Invalid | 0
Symlink | ResolvedTarget
/bin | /usr/bin
/lib | /usr/lib
/lib64 | /usr/lib64
/sbin | /usr/sbin

==============================================================================
NFS CHECK
==============================================================================
NFS Package Installed | Yes
nfs-server.service Active | No
nfs-client.target Active | Yes
/etc/exports Present | Yes
EXPORTS_LINE | (empty)
NFS_MOUNT | Device | MountPoint | FSType
NFS_MOUNT | fs-c00ce123.efs.us-east-1.amazonaws.com:/ | /data/softeon/shared | nfs4

==============================================================================
CUPS CHECK
==============================================================================
CUPS Installed | Yes
CUPS Running | Yes
CUPS Version | 1.7.5
CUPS IP URL (http://10.0.9.186:631) | 200
Cups server Http Status | 200
Cups printers Http Status | 200
Printers Configured | 687

==============================================================================
FTP CHECK
==============================================================================
FTP Installed | No
FTP Running (Port 21 localhost) | No
FTP Port 21 Reachable on 10.0.9.186 | No
FTP Processes | None

==============================================================================
JAVA CHECK
==============================================================================
Total Java Processes | 5
Batch/Daemon Java Processes | 0
Non-Standalone Java Processes | Not Found

==============================================================================
BATCH/DAEMON JAVA DETAILS
==============================================================================
Batch/Daemon Java Processes | 0
Batch/Daemon Java Details | None

==============================================================================
JBOSS/WILDFLY APPS (simple table)
==============================================================================
JBoss App Processes | 5
PID | AppName | JbossVersion | Java-Name | Port | URL | Status | Code | SSL-Status | App-Path
10574 | biportal | jboss62eap | biportal_jboss | 8085 | 10.0.9.186:8085 | UP | 200 | Disabled | /data/app/jboss62eap/sclc3plprod/biportal/standalone
3229091 | sclc3plportal | jboss62eap | sclc3plportal_jboss | 8083 | 10.0.9.186:8083 | UP | 200 | Disabled | /data/app/jboss62eap/sclc3plprod/sclc3plportal/standalone
3229206 | sclcwsprod | jboss62eap | sclcwsprod_jboss | 8084 | 10.0.9.186:8084 | Down | 403 | Disabled | /data/app/jboss62eap/sclc3plprod/sclcwsprod/standalone
3228837 | softeonprod | jboss62eap | sclc3plprod_jboss | 8081 | 10.0.9.186:8081 | UP | 200 | Disabled | /data/app/jboss62eap/sclc3plprod/softeonprod/standalone
3228973 | softeonrfprod | jboss62eap | sclc3plrfprod_jboss | 8082 | 10.0.9.186:8082 | UP | 200 | Disabled | /data/app/jboss62eap/sclc3plprod/softeonrfprod/standalone

==============================================================================
Server Availability Check Completed | 2026-05-09 01:26:28.936836
==============================================================================

2026-05-09 02:26:57,515 - 539601 - ERROR - app_validation.py errors for i-02f1afae9b4c73690:

2026-05-09 02:26:57,517 - 539601 - INFO - Before patching validation saved to: /data/patching_report/validation-2026-05-09/SaddleCreek-Central-app/10.0.9.186/10.0.9.186-BeforePatching-2026-05-09-02-26-57-516.log
2026-05-09 02:26:57,517 - 539601 - INFO - Deregistering i-02f1afae9b4c73690 from TG arn:aws:elasticloadbalancing:us-east-1:835314132208:targetgroup/SCL-Central-Prod-Webservices/a3bda76066185860
2026-05-09 02:26:57,595 - 539601 - INFO - Deregistering i-02f1afae9b4c73690 from TG arn:aws:elasticloadbalancing:us-east-1:835314132208:targetgroup/SCLC-Ext-Portal/a0f944a97aad8207
2026-05-09 02:26:57,642 - 539601 - INFO - Deregistering i-02f1afae9b4c73690 from TG arn:aws:elasticloadbalancing:us-east-1:835314132208:targetgroup/SCLC-Production-Desktop/85793463b1014f02
2026-05-09 02:26:57,694 - 539601 - INFO - Deregistering i-02f1afae9b4c73690 from TG arn:aws:elasticloadbalancing:us-east-1:835314132208:targetgroup/SCLC-Production-RF/933d08d6f5a21195
2026-05-09 02:26:57,752 - 539601 - INFO - Stopping EC2 instance: i-02f1afae9b4c73690 at 2026-05-09 02:26:57
2026-05-09 02:28:44,146 - 539601 - INFO - Instance i-02f1afae9b4c73690 stopped successfully.
2026-05-09 02:28:44,444 - 539601 - INFO - Stopped i-02f1afae9b4c73690 in 0:01:46.692319
2026-05-09 02:28:44,445 - 539601 - INFO - Starting EC2 instance: i-02f1afae9b4c73690
2026-05-09 02:29:00,724 - 539601 - INFO - Instance i-02f1afae9b4c73690 started successfully.
2026-05-09 02:29:00,724 - 539601 - INFO - Waiting 100 seconds for SSM agent to be ready on i-02f1afae9b4c73690...
2026-05-09 02:30:40,801 - 539601 - INFO - Registering i-02f1afae9b4c73690 to TG arn:aws:elasticloadbalancing:us-east-1:835314132208:targetgroup/SCL-Central-Prod-Webservices/a3bda76066185860
2026-05-09 02:30:41,021 - 539601 - INFO - Registering i-02f1afae9b4c73690 to TG arn:aws:elasticloadbalancing:us-east-1:835314132208:targetgroup/SCLC-Ext-Portal/a0f944a97aad8207
2026-05-09 02:30:41,140 - 539601 - INFO - Registering i-02f1afae9b4c73690 to TG arn:aws:elasticloadbalancing:us-east-1:835314132208:targetgroup/SCLC-Production-Desktop/85793463b1014f02
2026-05-09 02:30:41,275 - 539601 - INFO - Registering i-02f1afae9b4c73690 to TG arn:aws:elasticloadbalancing:us-east-1:835314132208:targetgroup/SCLC-Production-RF/933d08d6f5a21195
2026-05-09 02:35:42,041 - 539601 - WARNING - i-02f1afae9b4c73690 not healthy in arn:aws:elasticloadbalancing:us-east-1:835314132208:targetgroup/SCL-Central-Prod-Webservices/a3bda76066185860 after timeout.
2026-05-09 02:40:42,732 - 539601 - WARNING - i-02f1afae9b4c73690 not healthy in arn:aws:elasticloadbalancing:us-east-1:835314132208:targetgroup/SCLC-Ext-Portal/a0f944a97aad8207 after timeout.
2026-05-09 02:45:43,413 - 539601 - WARNING - i-02f1afae9b4c73690 not healthy in arn:aws:elasticloadbalancing:us-east-1:835314132208:targetgroup/SCLC-Production-Desktop/85793463b1014f02 after timeout.
2026-05-09 02:45:43,686 - 539601 - INFO - Email sent successfully to ['kishlayk@softeon.com', 'CloudOps@softeon.com']
2026-05-09 02:45:43,686 - 539601 - ERROR - Aborting workflow: i-02f1afae9b4c73690 is not healthy after restart.
2026-05-09 02:45:43,689 - 539601 - INFO - Restart Total time: 0:19:36.639208
2026-05-09 02:45:43,689 - 539601 - INFO - Auto-confirmed services are restarted
2026-05-09 02:45:43,689 - 539601 - INFO - Confirmed - services are started
2026-05-09 02:45:43,813 - 539601 - INFO - The following instances have failed the patch: []
2026-05-09 02:45:43,813 - 539601 - INFO - No instances have failed the patch.
2026-05-09 02:45:43,813 - 539601 - INFO - Total Patch Process time: 0:30:40.871820
2026-05-09 02:46:44,346 - 539601 - INFO - Log file ./logs/patching_2026-05-09_SaddleCreek-Central-app.log uploaded to s3://q2-2026-aws-security-patching/SaddleCreek-Central-app_Patch/2026-05-09/patching_2026-05-09_SaddleCreek-Central-app.log
