2026-07-03 01:00:04,718 - 3668299 - INFO - Logger setup has been removed, using shared logger from common.logs.logger.
2026-07-03 01:00:04,718 - 3668299 - INFO - Script Start Time: 2026-07-03 01:00:04
2026-07-03 01:00:05,189 - 3668299 - INFO - Instance(s) selected for Patching: {'i-0da492d36be325ed6': '172.31.30.46', 'i-0c5e67ea916adde48': '172.31.30.19'}
2026-07-03 01:00:05,309 - 3668299 - INFO - Email sent successfully to ['CloudOps@softeon.com']
2026-07-03 01:00:05,310 - 3668299 - INFO - Now patching instances at: 2026-07-03 01:00:05
2026-07-03 01:00:10,729 - 3668299 - INFO - i-0da492d36be325ed6: Cron was active = True
2026-07-03 01:00:15,974 - 3668299 - INFO - i-0c5e67ea916adde48: Cron was active = True
2026-07-03 01:00:16,304 - 3668299 - INFO - Health monitor crontab disabled on all instances
2026-07-03 01:00:16,306 - 3668299 - INFO - Disabled cron for: ['i-0da492d36be325ed6', 'i-0c5e67ea916adde48']
2026-07-03 01:00:16,480 - 3668299 - INFO - Sent app_validation.py to i-0da492d36be325ed6 (command_id: c52b4838-8d77-496c-bc2e-b8ae3647ed02)
2026-07-03 01:00:46,552 - 3668299 - INFO - app_validation.py output for i-0da492d36be325ed6:

==============================================================================
Server Availability Check Started | 2026-07-03 05:00:16.825157
==============================================================================

==============================================================================
SYSTEM INFORMATION
==============================================================================
Server IP | 172.31.30.46
Hostname | ip-172-31-30-46
Current User | root
Working Directory | /usr/bin
Time Zone | UTC

==============================================================================
STORAGE CHECK | /data mounts
==============================================================================
Filesystem | Size | Used | Avail | Use% | Mounted on
/dev/nvme1n1p2 | 239.9G | 23.9G | 216.0G | 9% | /data
/dev/nvme1n1p2 | 239.9G | 23.9G | 216.0G | 9% | /data2
/dev/nvme1n1p2 | 239.9G | 23.9G | 216.0G | 9% | /data3

==============================================================================
SYMLINK CHECK | root (/)
==============================================================================
Symlinks Total | 4
Symlinks Valid | 4
Symlinks Invalid | 0
Symlink | ResolvedTarget
/bin | /usr/bin
/lib | /usr/lib
/lib64 | /usr/lib64
/sbin | /usr/sbin

==============================================================================
NFS CHECK
==============================================================================
NFS Package Installed | Yes
nfs-server.service Active | No
nfs-client.target Active | Yes
/etc/exports Present | Yes
EXPORTS_LINE | (empty)
NFS Mounted Shares | None

==============================================================================
CUPS CHECK
==============================================================================
CUPS Installed | Yes
CUPS Running | Yes
CUPS Version | cups-2.4.14-1.amzn2023.0.2.aarch64
CUPS IP URL (http://172.31.30.46:631) | 200
Cups server Http Status | 200
Cups printers Http Status | 200
Printers Configured | 0

==============================================================================
FTP CHECK
==============================================================================
FTP Installed | No
FTP Running (Port 21 localhost) | No
FTP Port 21 Reachable on 172.31.30.46 | No
FTP Processes | None

==============================================================================
JAVA CHECK
==============================================================================
Total Java Processes | 10
Batch/Daemon Java Processes | 8
Non-Standalone Java Processes | cranevmi_jqgrid, cranevmi_event, cranevmi_repl, cranevmi_lbl, cranevmi_inbq, cranevmi_wld, cranevmi_dwa, cranevmi_rpt

==============================================================================
BATCH/DAEMON JAVA DETAILS
==============================================================================
Batch/Daemon Java Processes | 8
Java-Name | Java-Path
cranevmi_jqgrid | /data/batchapp/softeon/cranevmiuat/reportjqgridexportdaemon
cranevmi_event | /data/batchapp/softeon/cranevmiuat/eventdaemon
cranevmi_repl | /data/batchapp/softeon/cranevmiuat/replenishmentdaemon
cranevmi_lbl | /data/batchapp/softeon/cranevmiuat/labeldaemon
cranevmi_inbq | /data/batchapp/softeon/cranevmiuat/uploaddeamon
cranevmi_wld | /data/batchapp/softeon/cranevmiuat/wavelaunchdaemon
cranevmi_dwa | /data/batchapp/softeon/cranevmiuat/downloaddaemon
cranevmi_rpt | /data/batchapp/softeon/cranevmiuat/reportdaemon

==============================================================================
JBOSS/WILDFLY APPS (simple table)
==============================================================================
JBoss App Processes | 2
PID | AppName | JbossVersion | Java-Name | Port | URL | Status | Code | SSL-Status | App-Path
4425 | cranevmirfuat | jboss800eap | cranevmrf_jb800 | 8081 | 172.31.30.46:8081 | UP | 200 | Disabled | /data/app/jboss800eap/softeon/cranevmirfuat/standalone
4445 | cranevmiuat | jboss800eap | cranevmi_jb800e | 8080 | 172.31.30.46:8080 | UP | 200 | Disabled | /data/app/jboss800eap/softeon/cranevmiuat/standalone

==============================================================================
Server Availability Check Completed | 2026-07-03 05:00:17.388639
==============================================================================

2026-07-03 01:00:46,552 - 3668299 - ERROR - app_validation.py errors for i-0da492d36be325ed6:

2026-07-03 01:00:46,554 - 3668299 - INFO - Before patching log saved: /data/patching_report/validation-2026-07-03/q3-crane-uat/172.31.30.46/172.31.30.46-BeforePatching-2026-07-03-01-00-46-553.log
2026-07-03 01:00:46,733 - 3668299 - INFO - Sent app_validation.py to i-0c5e67ea916adde48 (command_id: dcb1d278-5c12-49c8-8892-e462daba2c7e)
2026-07-03 01:01:16,843 - 3668299 - INFO - app_validation.py output for i-0c5e67ea916adde48:

==============================================================================
Server Availability Check Started | 2026-07-03 05:00:46.986079
==============================================================================

==============================================================================
SYSTEM INFORMATION
==============================================================================
Server IP | 172.31.30.19
Hostname | ip-172-31-30-19
Current User | root
Working Directory | /usr/bin
Time Zone | UTC

==============================================================================
STORAGE CHECK | /data mounts
==============================================================================
Filesystem | Size | Used | Avail | Use% | Mounted on
/dev/mapper/vg01-lv02 | 239.9G | 157.6G | 82.3G | 65% | /data

==============================================================================
SYMLINK CHECK | root (/)
==============================================================================
Symlinks Total | 6
Symlinks Valid | 6
Symlinks Invalid | 0
Symlink | ResolvedTarget
/bin | /usr/bin
/data2 | /data/data2
/data3 | /data/data3
/lib | /usr/lib
/lib64 | /usr/lib64
/sbin | /usr/sbin

==============================================================================
NFS CHECK
==============================================================================
NFS Package Installed | Yes
nfs-server.service Active | No
nfs-client.target Active | Yes
/etc/exports Present | Yes
EXPORTS_LINE | (empty)
NFS Mounted Shares | None

==============================================================================
CUPS CHECK
==============================================================================
CUPS Installed | Yes
CUPS Running | Yes
CUPS Version | 1.7.5
CUPS IP URL (http://172.31.30.19:631) | 200
Cups server Http Status | 200
Cups printers Http Status | 200
Printers Configured | 36

==============================================================================
FTP CHECK
==============================================================================
FTP Installed | No
FTP Running (Port 21 localhost) | No
FTP Port 21 Reachable on 172.31.30.19 | No
FTP Processes | None

==============================================================================
JAVA CHECK
==============================================================================
Total Java Processes | 53
Batch/Daemon Java Processes | 43
Non-Standalone Java Processes | cranenuat_sch, crnnewcfg_bcopy, cranenuat_dwa, cranenuat_event, cranenuat_ftp, cranenuat_lbl, cranenuat_repl, cranenut_jqgri, cranenuat_inbq, cranenuat_wld, craneuat_bilsc, cranenut_ict, crntest_dwa, crntest_event, crntest_ftp, crntest_harp, crntest_lbl, crntest_repl, crntest_rccl, crntest_rplpu, crntest_jqgrid, crntest_inbq, crntest_wld, craneuat_rccl, crncfg_bcopy, cranenew_dwa, cranenew_event, cranenew_ftp, cranenew_lbl, cranenew_repl, cranenew_rpt, cranenew_jqgrid, cranenew_sch, cranenew_inbq, cranenew_wld, cranenew_bilsc, cranenew_ict, cranenew_mstrpt, crane_iah1_lbl, crane_iah1_wld, crntest_rpt, crntest_sch, cranenuat_rpt

==============================================================================
BATCH/DAEMON JAVA DETAILS
==============================================================================
Batch/Daemon Java Processes | 43
Java-Name | Java-Path
cranenuat_sch | /data/batchapp/softeon/craneuat/schedulerdaemon
crnnewcfg_bcopy | /data/batchapp/softeon/craneconfignewuat/bulkdatacopydaemon
cranenuat_dwa | /data/batchapp/softeon/craneuat/downloaddaemon
cranenuat_event | /data/batchapp/softeon/craneuat/eventdaemon
cranenuat_ftp | /data/batchapp/softeon/craneuat/ftpdaemon
cranenuat_lbl | /data/batchapp/softeon/craneuat/labeldaemon
cranenuat_repl | /data/batchapp/softeon/craneuat/replenishmentdaemon
cranenut_jqgri | /data/batchapp/softeon/craneuat/reportjqgridexportdaemon
cranenuat_inbq | /data/batchapp/softeon/craneuat/uploaddaemon
cranenuat_wld | /data/batchapp/softeon/craneuat/wavelaunchdaemon
craneuat_bilsc | /data/batchapp/softeon/craneuat/billingschedulerdaemon
cranenut_ict | /data/batchapp/softeon/craneuat/inventorycomputationdaemon
crntest_dwa | /data/batchapp/softeon/cranetestuat/downloaddaemon
crntest_event | /data/batchapp/softeon/cranetestuat/eventdaemon
crntest_ftp | /data/batchapp/softeon/cranetestuat/ftpdaemon
crntest_harp | /data/batchapp/softeon/cranetestuat/hardallocationdaemon
crntest_lbl | /data/batchapp/softeon/cranetestuat/labeldaemon
crntest_repl | /data/batchapp/softeon/cranetestuat/replenishmentdaemon
crntest_rccl | /data/batchapp/softeon/cranetestuat/replenishmentpickloccanceldaemon
crntest_rplpu | /data/batchapp/softeon/cranetestuat/replenishmentpriorityupdatedaemon
crntest_jqgrid | /data/batchapp/softeon/cranetestuat/reportjqgridexportdaemon
crntest_inbq | /data/batchapp/softeon/cranetestuat/uploaddaemon
crntest_wld | /data/batchapp/softeon/cranetestuat/wavelaunchdaemon
craneuat_rccl | /data/batchapp/softeon/craneuat/replenishmentpickloccanceldaemon
crncfg_bcopy | /data/batchapp/softeon/craneconfiguat/bulkdatacopydaemon
cranenew_dwa | /data/batchapp/softeon/cranenewuat/downloaddaemon
cranenew_event | /data/batchapp/softeon/cranenewuat/eventdaemon
cranenew_ftp | /data/batchapp/softeon/cranenewuat/ftpdaemon
cranenew_lbl | /data/batchapp/softeon/cranenewuat/labeldaemon
cranenew_repl | /data/batchapp/softeon/cranenewuat/replenishmentdaemon
cranenew_rpt | /data/batchapp/softeon/cranenewuat/reportdaemon
cranenew_jqgrid | /data/batchapp/softeon/cranenewuat/reportjqgridexportdaemon
cranenew_sch | /data/batchapp/softeon/cranenewuat/schedulerdaemon
cranenew_inbq | /data/batchapp/softeon/cranenewuat/uploaddaemon
cranenew_wld | /data/batchapp/softeon/cranenewuat/wavelaunchdaemon
cranenew_bilsc | /data/batchapp/softeon/cranenewuat/billingschedulerdaemon
cranenew_ict | /data/batchapp/softeon/cranenewuat/inventorycomputationdaemon
cranenew_mstrpt | /data/batchapp/softeon/cranenewuat/milestonereportdaemon
crane_iah1_lbl | /data/batchapp/softeon/cranenewuat_iah1/labeldaemon
crane_iah1_wld | /data/batchapp/softeon/cranenewuat_iah1/wavelaunchdaemon
crntest_rpt | /data/batchapp/softeon/cranetestuat/reportdaemon
crntest_sch | /data/batchapp/softeon/cranetestuat/schedulerdaemon
cranenuat_rpt | /data/batchapp/softeon/craneuat/reportdaemon

==============================================================================
JBOSS/WILDFLY APPS (simple table)
==============================================================================
JBoss App Processes | 8
PID | AppName | JbossVersion | Java-Name | Port | URL | Status | Code | SSL-Status | App-Path
1766592 | craneconfignewuat | jboss740eap | crnconfnew_jb74 | 8087 | 172.31.30.19:8087 | UP | 200 | Disabled | /data/app/jboss740eap/softeon/craneconfignewuat/standalone
1916720 | craneconfiguat | jboss740eap | crncofg_jb740 | 8085 | 172.31.30.19:8085 | Down | 302 | Disabled | /data/app/jboss740eap/softeon/craneconfiguat/standalone
3515717 | cranenewuat | jboss800eap | cranenewuat_jb8 | 8080 | 172.31.30.19:8080 | UP | 200 | Disabled | /data/app/jboss800eap/softeon/cranenewuat/standalone
1944738 | craneportalnewuat | jboss800eap | cranenewswp_jb8 | 8086 | 172.31.30.19:8086 | UP | 200 | Disabled | /data/app/jboss800eap/softeon/craneportalnewuat/standalone
478341 | craneportaluat | jboss800eap | crnportal_jb800 | 8084 | 172.31.30.19:8084 | UP | 200 | Disabled | /data/app/jboss800eap/softeon/craneportaluat/standalone
3515977 | cranerfnewuat | jboss800eap | crnnewrfuat_jb8 | 8081 | 172.31.30.19:8081 | UP | 200 | Disabled | /data/app/jboss800eap/softeon/cranerfnewuat/standalone
471498 | cranerfuat | jboss800eap | cranerf_jb800e | 8083 | 172.31.30.19:8083 | UP | 200 | Disabled | /data/app/jboss800eap/softeon/cranerfuat/standalone
2695514 | craneuat | jboss800eap | craneuat_jb800e | 8082 | 172.31.30.19:8082 | UP | 200 | Disabled | /data/app/jboss800eap/softeon/craneuat/standalone

==============================================================================
Server Availability Check Completed | 2026-07-03 05:00:48.755038
==============================================================================

2026-07-03 01:01:16,843 - 3668299 - ERROR - app_validation.py errors for i-0c5e67ea916adde48:

2026-07-03 01:01:16,845 - 3668299 - INFO - Before patching log saved: /data/patching_report/validation-2026-07-03/q3-crane-uat/172.31.30.19/172.31.30.19-BeforePatching-2026-07-03-01-01-16-844.log
2026-07-03 01:01:17,016 - 3668299 - INFO - Sending patch command to instance i-0da492d36be325ed6
2026-07-03 01:01:17,129 - 3668299 - INFO - Command sent successfully to instance i-0da492d36be325ed6. Command ID: d0ebed7b-1f2a-455a-8bf7-fb7963bc6836
2026-07-03 01:01:17,267 - 3668299 - INFO - Sending patch command to instance i-0c5e67ea916adde48
2026-07-03 01:01:17,375 - 3668299 - INFO - Command sent successfully to instance i-0c5e67ea916adde48. Command ID: a79a625b-3184-47fc-bd83-65ee86fe3b59
2026-07-03 01:08:49,581 - 3668299 - INFO - All patches applied successfully.
2026-07-03 01:08:49,582 - 3668299 - INFO - Patching end time: 2026-07-03 01:08:49
2026-07-03 01:08:49,582 - 3668299 - INFO - Patch Elapsed time: 0:08:44.272334
2026-07-03 01:08:49,657 - 3668299 - INFO - Email sent successfully to ['CloudOps@softeon.com']
2026-07-03 01:08:49,657 - 3668299 - INFO - Confirmed - services are stopped
2026-07-03 01:09:10,199 - 3668299 - INFO - Discovered TG map: {'i-0c5e67ea916adde48': ['arn:aws:elasticloadbalancing:us-east-1:835314132208:targetgroup/CraneLogistics-UAT-Portal-242/9de2f72fb0d01830', 'arn:aws:elasticloadbalancing:us-east-1:835314132208:targetgroup/CraneLogistics-UAT-Portal-252/9a570bd38eb360e8', 'arn:aws:elasticloadbalancing:us-east-1:835314132208:targetgroup/CraneLogistics-UAT-Config/b47cb973d89b212d', 'arn:aws:elasticloadbalancing:us-east-1:835314132208:targetgroup/CraneLogistics-UAT-Config-252/b2f9c41025533872', 'arn:aws:elasticloadbalancing:us-east-1:835314132208:targetgroup/CraneLogistics-UAT-Desktop-242/b95bb14319220d7e', 'arn:aws:elasticloadbalancing:us-east-1:835314132208:targetgroup/CraneLogistics-UAT-Desktop-252/b80750c11aad5774', 'arn:aws:elasticloadbalancing:us-east-1:835314132208:targetgroup/CraneLogistics-UAT-RF-242/d6369fbdfae9b3b5', 'arn:aws:elasticloadbalancing:us-east-1:835314132208:targetgroup/CraneLogistics-UAT-RF-252/cd1848dcdbefad97', 'arn:aws:elasticloadbalancing:us-east-1:835314132208:targetgroup/CraneLogistics-UAT-WS/bd0986f15d8f5b2e'], 'i-0da492d36be325ed6': ['arn:aws:elasticloadbalancing:us-east-1:835314132208:targetgroup/CraneLogistics-VMI-UAT-Desktop/9c86f84aa02cfcc0', 'arn:aws:elasticloadbalancing:us-east-1:835314132208:targetgroup/CraneLogistics-VMI-UAT-RF/14100f48e620dfab']}
2026-07-03 01:09:10,434 - 3668299 - INFO - Deregistering i-0da492d36be325ed6 from TG arn:aws:elasticloadbalancing:us-east-1:835314132208:targetgroup/CraneLogistics-VMI-UAT-Desktop/9c86f84aa02cfcc0
2026-07-03 01:09:10,506 - 3668299 - INFO - Deregistering i-0da492d36be325ed6 from TG arn:aws:elasticloadbalancing:us-east-1:835314132208:targetgroup/CraneLogistics-VMI-UAT-RF/14100f48e620dfab
2026-07-03 01:09:10,551 - 3668299 - INFO - Stopping EC2 instance: i-0da492d36be325ed6 at 2026-07-03 01:09:10
2026-07-03 01:10:42,228 - 3668299 - INFO - Instance i-0da492d36be325ed6 stopped successfully.
2026-07-03 01:10:42,490 - 3668299 - INFO - Stopped i-0da492d36be325ed6 in 0:01:31.939706
2026-07-03 01:10:42,491 - 3668299 - INFO - Starting EC2 instance: i-0da492d36be325ed6
2026-07-03 01:10:58,413 - 3668299 - INFO - Instance i-0da492d36be325ed6 started successfully.
2026-07-03 01:10:58,413 - 3668299 - INFO - Waiting 100 seconds for SSM agent to be ready on i-0da492d36be325ed6...
2026-07-03 01:12:38,432 - 3668299 - INFO - Registering i-0da492d36be325ed6 to TG arn:aws:elasticloadbalancing:us-east-1:835314132208:targetgroup/CraneLogistics-VMI-UAT-Desktop/9c86f84aa02cfcc0
2026-07-03 01:12:38,593 - 3668299 - INFO - Registering i-0da492d36be325ed6 to TG arn:aws:elasticloadbalancing:us-east-1:835314132208:targetgroup/CraneLogistics-VMI-UAT-RF/14100f48e620dfab
2026-07-03 01:17:09,605 - 3668299 - INFO - Sent app_validation.py to i-0da492d36be325ed6 (command_id: 5512ec32-4ffa-4943-8ffe-e25aec7b262a)
2026-07-03 01:17:39,725 - 3668299 - INFO - app_validation.py output for i-0da492d36be325ed6:

==============================================================================
Server Availability Check Started | 2026-07-03 05:17:09.879683
==============================================================================

==============================================================================
SYSTEM INFORMATION
==============================================================================
Server IP | 172.31.30.46
Hostname | ip-172-31-30-46
Current User | root
Working Directory | /usr/bin
Time Zone | UTC

==============================================================================
STORAGE CHECK | /data mounts
==============================================================================
Filesystem | Size | Used | Avail | Use% | Mounted on
/dev/nvme1n1p2 | 239.9G | 23.7G | 216.2G | 9% | /data
/dev/nvme1n1p2 | 239.9G | 23.7G | 216.2G | 9% | /data2
/dev/nvme1n1p2 | 239.9G | 23.7G | 216.2G | 9% | /data3

==============================================================================
SYMLINK CHECK | root (/)
==============================================================================
Symlinks Total | 4
Symlinks Valid | 4
Symlinks Invalid | 0
Symlink | ResolvedTarget
/bin | /usr/bin
/lib | /usr/lib
/lib64 | /usr/lib64
/sbin | /usr/sbin

==============================================================================
NFS CHECK
==============================================================================
NFS Package Installed | Yes
nfs-server.service Active | No
nfs-client.target Active | Yes
/etc/exports Present | Yes
EXPORTS_LINE | (empty)
NFS Mounted Shares | None

==============================================================================
CUPS CHECK
==============================================================================
CUPS Installed | Yes
CUPS Running | Yes
CUPS Version | cups-2.4.19-1.amzn2023.0.1.aarch64
CUPS IP URL (http://172.31.30.46:631) | 200
Cups server Http Status | 200
Cups printers Http Status | 200
Printers Configured | 0

==============================================================================
FTP CHECK
==============================================================================
FTP Installed | No
FTP Running (Port 21 localhost) | No
FTP Port 21 Reachable on 172.31.30.46 | No
FTP Processes | None

==============================================================================
JAVA CHECK
==============================================================================
Total Java Processes | 11
Batch/Daemon Java Processes | 9
Non-Standalone Java Processes | cranevmi_event, cranevmi_rpt, cranevmi_wld, cranevmi_dwa, cranevmi_lbl, cranevmi_repl, cranevmi_jqgrid, cranevmi_inbq, cranevmi_sch

==============================================================================
BATCH/DAEMON JAVA DETAILS
==============================================================================
Batch/Daemon Java Processes | 9
Java-Name | Java-Path
cranevmi_event | /data/batchapp/softeon/cranevmiuat/eventdaemon
cranevmi_rpt | /data/batchapp/softeon/cranevmiuat/reportdaemon
cranevmi_wld | /data/batchapp/softeon/cranevmiuat/wavelaunchdaemon
cranevmi_dwa | /data/batchapp/softeon/cranevmiuat/downloaddaemon
cranevmi_lbl | /data/batchapp/softeon/cranevmiuat/labeldaemon
cranevmi_repl | /data/batchapp/softeon/cranevmiuat/replenishmentdaemon
cranevmi_jqgrid | /data/batchapp/softeon/cranevmiuat/reportjqgridexportdaemon
cranevmi_inbq | /data/batchapp/softeon/cranevmiuat/uploaddeamon
cranevmi_sch | /data/batchapp/softeon/cranevmiuat/schedulardaemon

==============================================================================
JBOSS/WILDFLY APPS (simple table)
==============================================================================
JBoss App Processes | 2
PID | AppName | JbossVersion | Java-Name | Port | URL | Status | Code | SSL-Status | App-Path
4459 | cranevmirfuat | jboss800eap | cranevmrf_jb800 | 8081 | 172.31.30.46:8081 | UP | 200 | Disabled | /data/app/jboss800eap/softeon/cranevmirfuat/standalone
4405 | cranevmiuat | jboss800eap | cranevmi_jb800e | 8080 | 172.31.30.46:8080 | UP | 200 | Disabled | /data/app/jboss800eap/softeon/cranevmiuat/standalone

==============================================================================
Server Availability Check Completed | 2026-07-03 05:17:11.287621
==============================================================================

2026-07-03 01:17:39,725 - 3668299 - ERROR - app_validation.py errors for i-0da492d36be325ed6:

2026-07-03 01:17:39,726 - 3668299 - INFO - After patching validation saved to: /data/patching_report/validation-2026-07-03/q3-crane-uat/172.31.30.46/172.31.30.46-AfterPatching-2026-07-03-01-17-39-726.log
2026-07-03 01:17:39,779 - 3668299 - INFO - Validation comparison report generated: /data/patching_report/validation-2026-07-03/q3-crane-uat/172.31.30.46/172.31.30.46-Validation-details-2026-07-03-01-17-39-726.html
2026-07-03 01:17:40,025 - 3668299 - INFO - Email sent successfully to ['kishlayk@softeon.com', 'clouOps@softeon.com']
2026-07-03 01:17:40,026 - 3668299 - INFO - HTML validation report email sent for i-0da492d36be325ed6
2026-07-03 01:17:40,026 - 3668299 - INFO - [Retry-1] Waiting 600s for i-0da492d36be325ed6...
2026-07-03 01:17:40,026 - 3668299 - INFO - RED - Background retry thread started for i-0da492d36be325ed6
2026-07-03 01:17:40,298 - 3668299 - INFO - Started i-0da492d36be325ed6 in 0:06:57.806928
2026-07-03 01:17:40,298 - 3668299 - INFO - Waiting 120 seconds before proceeding to the next instance...
2026-07-03 01:19:40,313 - 3668299 - INFO - Deregistering i-0c5e67ea916adde48 from TG arn:aws:elasticloadbalancing:us-east-1:835314132208:targetgroup/CraneLogistics-UAT-Portal-242/9de2f72fb0d01830
2026-07-03 01:19:40,378 - 3668299 - INFO - Deregistering i-0c5e67ea916adde48 from TG arn:aws:elasticloadbalancing:us-east-1:835314132208:targetgroup/CraneLogistics-UAT-Portal-252/9a570bd38eb360e8
2026-07-03 01:19:40,419 - 3668299 - INFO - Deregistering i-0c5e67ea916adde48 from TG arn:aws:elasticloadbalancing:us-east-1:835314132208:targetgroup/CraneLogistics-UAT-Config/b47cb973d89b212d
2026-07-03 01:19:40,469 - 3668299 - INFO - Deregistering i-0c5e67ea916adde48 from TG arn:aws:elasticloadbalancing:us-east-1:835314132208:targetgroup/CraneLogistics-UAT-Config-252/b2f9c41025533872
2026-07-03 01:19:40,517 - 3668299 - INFO - Deregistering i-0c5e67ea916adde48 from TG arn:aws:elasticloadbalancing:us-east-1:835314132208:targetgroup/CraneLogistics-UAT-Desktop-242/b95bb14319220d7e
2026-07-03 01:19:40,567 - 3668299 - INFO - Deregistering i-0c5e67ea916adde48 from TG arn:aws:elasticloadbalancing:us-east-1:835314132208:targetgroup/CraneLogistics-UAT-Desktop-252/b80750c11aad5774
2026-07-03 01:19:40,610 - 3668299 - INFO - Deregistering i-0c5e67ea916adde48 from TG arn:aws:elasticloadbalancing:us-east-1:835314132208:targetgroup/CraneLogistics-UAT-RF-242/d6369fbdfae9b3b5
2026-07-03 01:19:40,656 - 3668299 - INFO - Deregistering i-0c5e67ea916adde48 from TG arn:aws:elasticloadbalancing:us-east-1:835314132208:targetgroup/CraneLogistics-UAT-RF-252/cd1848dcdbefad97
2026-07-03 01:19:40,704 - 3668299 - INFO - Deregistering i-0c5e67ea916adde48 from TG arn:aws:elasticloadbalancing:us-east-1:835314132208:targetgroup/CraneLogistics-UAT-WS/bd0986f15d8f5b2e
2026-07-03 01:19:40,750 - 3668299 - INFO - Stopping EC2 instance: i-0c5e67ea916adde48 at 2026-07-03 01:19:40
2026-07-03 01:24:43,682 - 3668299 - INFO - Instance i-0c5e67ea916adde48 stopped successfully.
2026-07-03 01:24:43,934 - 3668299 - INFO - Stopped i-0c5e67ea916adde48 in 0:05:03.184098
2026-07-03 01:24:43,935 - 3668299 - INFO - Starting EC2 instance: i-0c5e67ea916adde48
2026-07-03 01:24:59,809 - 3668299 - INFO - Instance i-0c5e67ea916adde48 started successfully.
2026-07-03 01:24:59,810 - 3668299 - INFO - Waiting 100 seconds for SSM agent to be ready on i-0c5e67ea916adde48...
2026-07-03 01:26:39,824 - 3668299 - INFO - Registering i-0c5e67ea916adde48 to TG arn:aws:elasticloadbalancing:us-east-1:835314132208:targetgroup/CraneLogistics-UAT-Portal-242/9de2f72fb0d01830
2026-07-03 01:26:39,979 - 3668299 - INFO - Registering i-0c5e67ea916adde48 to TG arn:aws:elasticloadbalancing:us-east-1:835314132208:targetgroup/CraneLogistics-UAT-Portal-252/9a570bd38eb360e8
2026-07-03 01:26:40,121 - 3668299 - INFO - Registering i-0c5e67ea916adde48 to TG arn:aws:elasticloadbalancing:us-east-1:835314132208:targetgroup/CraneLogistics-UAT-Config/b47cb973d89b212d
2026-07-03 01:26:40,248 - 3668299 - INFO - Registering i-0c5e67ea916adde48 to TG arn:aws:elasticloadbalancing:us-east-1:835314132208:targetgroup/CraneLogistics-UAT-Config-252/b2f9c41025533872
2026-07-03 01:26:40,394 - 3668299 - INFO - Registering i-0c5e67ea916adde48 to TG arn:aws:elasticloadbalancing:us-east-1:835314132208:targetgroup/CraneLogistics-UAT-Desktop-242/b95bb14319220d7e
2026-07-03 01:26:40,547 - 3668299 - INFO - Registering i-0c5e67ea916adde48 to TG arn:aws:elasticloadbalancing:us-east-1:835314132208:targetgroup/CraneLogistics-UAT-Desktop-252/b80750c11aad5774
2026-07-03 01:26:40,697 - 3668299 - INFO - Registering i-0c5e67ea916adde48 to TG arn:aws:elasticloadbalancing:us-east-1:835314132208:targetgroup/CraneLogistics-UAT-RF-242/d6369fbdfae9b3b5
2026-07-03 01:26:40,828 - 3668299 - INFO - Registering i-0c5e67ea916adde48 to TG arn:aws:elasticloadbalancing:us-east-1:835314132208:targetgroup/CraneLogistics-UAT-RF-252/cd1848dcdbefad97
2026-07-03 01:26:40,977 - 3668299 - INFO - Registering i-0c5e67ea916adde48 to TG arn:aws:elasticloadbalancing:us-east-1:835314132208:targetgroup/CraneLogistics-UAT-WS/bd0986f15d8f5b2e
2026-07-03 01:27:40,342 - 3668299 - INFO - Sent app_validation.py to i-0da492d36be325ed6 (command_id: bb6e6474-025a-44bf-bf27-14a06cf2c1a1)
2026-07-03 01:28:10,427 - 3668299 - INFO - app_validation.py output for i-0da492d36be325ed6:

==============================================================================
Server Availability Check Started | 2026-07-03 05:27:40.644819
==============================================================================

==============================================================================
SYSTEM INFORMATION
==============================================================================
Server IP | 172.31.30.46
Hostname | ip-172-31-30-46
Current User | root
Working Directory | /usr/bin
Time Zone | UTC

==============================================================================
STORAGE CHECK | /data mounts
==============================================================================
Filesystem | Size | Used | Avail | Use% | Mounted on
/dev/nvme1n1p2 | 239.9G | 23.6G | 216.2G | 9% | /data
/dev/nvme1n1p2 | 239.9G | 23.6G | 216.2G | 9% | /data2
/dev/nvme1n1p2 | 239.9G | 23.6G | 216.2G | 9% | /data3

==============================================================================
SYMLINK CHECK | root (/)
==============================================================================
Symlinks Total | 4
Symlinks Valid | 4
Symlinks Invalid | 0
Symlink | ResolvedTarget
/bin | /usr/bin
/lib | /usr/lib
/lib64 | /usr/lib64
/sbin | /usr/sbin

==============================================================================
NFS CHECK
==============================================================================
NFS Package Installed | Yes
nfs-server.service Active | No
nfs-client.target Active | Yes
/etc/exports Present | Yes
EXPORTS_LINE | (empty)
NFS Mounted Shares | None

==============================================================================
CUPS CHECK
==============================================================================
CUPS Installed | Yes
CUPS Running | Yes
CUPS Version | cups-2.4.19-1.amzn2023.0.1.aarch64
CUPS IP URL (http://172.31.30.46:631) | 200
Cups server Http Status | 200
Cups printers Http Status | 200
Printers Configured | 0

==============================================================================
FTP CHECK
==============================================================================
FTP Installed | No
FTP Running (Port 21 localhost) | No
FTP Port 21 Reachable on 172.31.30.46 | No
FTP Processes | None

==============================================================================
JAVA CHECK
==============================================================================
Total Java Processes | 11
Batch/Daemon Java Processes | 9
Non-Standalone Java Processes | cranevmi_event, cranevmi_rpt, cranevmi_wld, cranevmi_dwa, cranevmi_lbl, cranevmi_repl, cranevmi_jqgrid, cranevmi_inbq, cranevmi_sch

==============================================================================
BATCH/DAEMON JAVA DETAILS
==============================================================================
Batch/Daemon Java Processes | 9
Java-Name | Java-Path
cranevmi_event | /data/batchapp/softeon/cranevmiuat/eventdaemon
cranevmi_rpt | /data/batchapp/softeon/cranevmiuat/reportdaemon
cranevmi_wld | /data/batchapp/softeon/cranevmiuat/wavelaunchdaemon
cranevmi_dwa | /data/batchapp/softeon/cranevmiuat/downloaddaemon
cranevmi_lbl | /data/batchapp/softeon/cranevmiuat/labeldaemon
cranevmi_repl | /data/batchapp/softeon/cranevmiuat/replenishmentdaemon
cranevmi_jqgrid | /data/batchapp/softeon/cranevmiuat/reportjqgridexportdaemon
cranevmi_inbq | /data/batchapp/softeon/cranevmiuat/uploaddeamon
cranevmi_sch | /data/batchapp/softeon/cranevmiuat/schedulardaemon

==============================================================================
JBOSS/WILDFLY APPS (simple table)
==============================================================================
JBoss App Processes | 2
PID | AppName | JbossVersion | Java-Name | Port | URL | Status | Code | SSL-Status | App-Path
4459 | cranevmirfuat | jboss800eap | cranevmrf_jb800 | 8081 | 172.31.30.46:8081 | UP | 200 | Disabled | /data/app/jboss800eap/softeon/cranevmirfuat/standalone
4405 | cranevmiuat | jboss800eap | cranevmi_jb800e | 8080 | 172.31.30.46:8080 | UP | 200 | Disabled | /data/app/jboss800eap/softeon/cranevmiuat/standalone

==============================================================================
Server Availability Check Completed | 2026-07-03 05:27:41.174380
==============================================================================

2026-07-03 01:28:10,427 - 3668299 - ERROR - app_validation.py errors for i-0da492d36be325ed6:

2026-07-03 01:28:10,428 - 3668299 - INFO - [Retry-1] After log saved: /data/patching_report/validation-2026-07-03/q3-crane-uat/172.31.30.46/172.31.30.46-AfterPatching-Retry1-2026-07-03-01-28-10-428.log
2026-07-03 01:28:10,482 - 3668299 - INFO - [Retry-1] RED detected for CraneLogistics VMI UAT Application and Batch Server (25.2) (172.31.30.46), retrying... (Total waited: 600s)
2026-07-03 01:28:10,482 - 3668299 - INFO - [Retry-2] Waiting 600s for i-0da492d36be325ed6...
2026-07-03 01:33:41,995 - 3668299 - WARNING - i-0c5e67ea916adde48 not healthy in arn:aws:elasticloadbalancing:us-east-1:835314132208:targetgroup/CraneLogistics-UAT-Portal-252/9a570bd38eb360e8 after timeout.
2026-07-03 01:38:10,769 - 3668299 - INFO - Sent app_validation.py to i-0da492d36be325ed6 (command_id: 63c4f3af-cf91-40af-8b43-b4f8246a3e84)
2026-07-03 01:38:40,856 - 3668299 - INFO - app_validation.py output for i-0da492d36be325ed6:

==============================================================================
Server Availability Check Started | 2026-07-03 05:38:11.073923
==============================================================================

==============================================================================
SYSTEM INFORMATION
==============================================================================
Server IP | 172.31.30.46
Hostname | ip-172-31-30-46
Current User | root
Working Directory | /usr/bin
Time Zone | UTC

==============================================================================
STORAGE CHECK | /data mounts
==============================================================================
Filesystem | Size | Used | Avail | Use% | Mounted on
/dev/nvme1n1p2 | 239.9G | 23.7G | 216.1G | 9% | /data
/dev/nvme1n1p2 | 239.9G | 23.7G | 216.1G | 9% | /data2
/dev/nvme1n1p2 | 239.9G | 23.7G | 216.1G | 9% | /data3

==============================================================================
SYMLINK CHECK | root (/)
==============================================================================
Symlinks Total | 4
Symlinks Valid | 4
Symlinks Invalid | 0
Symlink | ResolvedTarget
/bin | /usr/bin
/lib | /usr/lib
/lib64 | /usr/lib64
/sbin | /usr/sbin

==============================================================================
NFS CHECK
==============================================================================
NFS Package Installed | Yes
nfs-server.service Active | No
nfs-client.target Active | Yes
/etc/exports Present | Yes
EXPORTS_LINE | (empty)
NFS Mounted Shares | None

==============================================================================
CUPS CHECK
==============================================================================
CUPS Installed | Yes
CUPS Running | Yes
CUPS Version | cups-2.4.19-1.amzn2023.0.1.aarch64
CUPS IP URL (http://172.31.30.46:631) | 200
Cups server Http Status | 200
Cups printers Http Status | 200
Printers Configured | 0

==============================================================================
FTP CHECK
==============================================================================
FTP Installed | No
FTP Running (Port 21 localhost) | No
FTP Port 21 Reachable on 172.31.30.46 | No
FTP Processes | None

==============================================================================
JAVA CHECK
==============================================================================
Total Java Processes | 11
Batch/Daemon Java Processes | 9
Non-Standalone Java Processes | cranevmi_event, cranevmi_rpt, cranevmi_wld, cranevmi_dwa, cranevmi_lbl, cranevmi_repl, cranevmi_jqgrid, cranevmi_inbq, cranevmi_sch

==============================================================================
BATCH/DAEMON JAVA DETAILS
==============================================================================
Batch/Daemon Java Processes | 9
Java-Name | Java-Path
cranevmi_event | /data/batchapp/softeon/cranevmiuat/eventdaemon
cranevmi_rpt | /data/batchapp/softeon/cranevmiuat/reportdaemon
cranevmi_wld | /data/batchapp/softeon/cranevmiuat/wavelaunchdaemon
cranevmi_dwa | /data/batchapp/softeon/cranevmiuat/downloaddaemon
cranevmi_lbl | /data/batchapp/softeon/cranevmiuat/labeldaemon
cranevmi_repl | /data/batchapp/softeon/cranevmiuat/replenishmentdaemon
cranevmi_jqgrid | /data/batchapp/softeon/cranevmiuat/reportjqgridexportdaemon
cranevmi_inbq | /data/batchapp/softeon/cranevmiuat/uploaddeamon
cranevmi_sch | /data/batchapp/softeon/cranevmiuat/schedulardaemon

==============================================================================
JBOSS/WILDFLY APPS (simple table)
==============================================================================
JBoss App Processes | 2
PID | AppName | JbossVersion | Java-Name | Port | URL | Status | Code | SSL-Status | App-Path
4459 | cranevmirfuat | jboss800eap | cranevmrf_jb800 | 8081 | 172.31.30.46:8081 | UP | 200 | Disabled | /data/app/jboss800eap/softeon/cranevmirfuat/standalone
4405 | cranevmiuat | jboss800eap | cranevmi_jb800e | 8080 | 172.31.30.46:8080 | UP | 200 | Disabled | /data/app/jboss800eap/softeon/cranevmiuat/standalone

==============================================================================
Server Availability Check Completed | 2026-07-03 05:38:11.527486
==============================================================================

2026-07-03 01:38:40,856 - 3668299 - ERROR - app_validation.py errors for i-0da492d36be325ed6:

2026-07-03 01:38:40,858 - 3668299 - INFO - [Retry-2] After log saved: /data/patching_report/validation-2026-07-03/q3-crane-uat/172.31.30.46/172.31.30.46-AfterPatching-Retry2-2026-07-03-01-38-40-857.log
2026-07-03 01:38:40,913 - 3668299 - INFO - [Retry-2] RED detected for CraneLogistics VMI UAT Application and Batch Server (25.2) (172.31.30.46), retrying... (Total waited: 1200s)
2026-07-03 01:38:40,913 - 3668299 - INFO - [Retry-3] Waiting 600s for i-0da492d36be325ed6...
2026-07-03 01:38:42,692 - 3668299 - WARNING - i-0c5e67ea916adde48 not healthy in arn:aws:elasticloadbalancing:us-east-1:835314132208:targetgroup/CraneLogistics-UAT-Config-252/b2f9c41025533872 after timeout.
2026-07-03 01:38:43,029 - 3668299 - INFO - Email sent successfully to ['kishlayk@softeon.com', 'CloudOps@softeon.com']
2026-07-03 01:38:43,029 - 3668299 - ERROR - Aborting workflow: i-0c5e67ea916adde48 is not healthy after restart.
2026-07-03 01:38:43,035 - 3668299 - INFO - Restart Total time: 0:29:53.253533
2026-07-03 01:38:43,036 - 3668299 - INFO - Auto-confirmed services are restarted
2026-07-03 01:38:43,036 - 3668299 - INFO - Confirmed - services are started
2026-07-03 01:38:43,173 - 3668299 - INFO - The following instances have failed the patch: []
2026-07-03 01:38:43,174 - 3668299 - INFO - No instances have failed the patch.
2026-07-03 01:38:43,174 - 3668299 - INFO - Total Patch Process time: 0:38:38.454989
2026-07-03 01:39:43,811 - 3668299 - INFO - Log file ./logs/patching_2026-07-03_q3-crane-uat.log uploaded to s3://q3-2026-aws-security-patching/q3-crane-uat_Patch/2026-07-03/patching_2026-07-03_q3-crane-uat.log
2026-07-03 01:48:41,106 - 3668299 - INFO - Sent app_validation.py to i-0da492d36be325ed6 (command_id: 5b3fd1ec-7309-4c84-a71c-1619b0910571)
2026-07-03 01:49:11,196 - 3668299 - INFO - app_validation.py output for i-0da492d36be325ed6:

==============================================================================
Server Availability Check Started | 2026-07-03 05:48:41.416088
==============================================================================

==============================================================================
SYSTEM INFORMATION
==============================================================================
Server IP | 172.31.30.46
Hostname | ip-172-31-30-46
Current User | root
Working Directory | /usr/bin
Time Zone | UTC

==============================================================================
STORAGE CHECK | /data mounts
==============================================================================
Filesystem | Size | Used | Avail | Use% | Mounted on
/dev/nvme1n1p2 | 239.9G | 23.6G | 216.3G | 9% | /data
/dev/nvme1n1p2 | 239.9G | 23.6G | 216.3G | 9% | /data2
/dev/nvme1n1p2 | 239.9G | 23.6G | 216.3G | 9% | /data3

==============================================================================
SYMLINK CHECK | root (/)
==============================================================================
Symlinks Total | 4
Symlinks Valid | 4
Symlinks Invalid | 0
Symlink | ResolvedTarget
/bin | /usr/bin
/lib | /usr/lib
/lib64 | /usr/lib64
/sbin | /usr/sbin

==============================================================================
NFS CHECK
==============================================================================
NFS Package Installed | Yes
nfs-server.service Active | No
nfs-client.target Active | Yes
/etc/exports Present | Yes
EXPORTS_LINE | (empty)
NFS Mounted Shares | None

==============================================================================
CUPS CHECK
==============================================================================
CUPS Installed | Yes
CUPS Running | Yes
CUPS Version | cups-2.4.19-1.amzn2023.0.1.aarch64
CUPS IP URL (http://172.31.30.46:631) | 200
Cups server Http Status | 200
Cups printers Http Status | 200
Printers Configured | 0

==============================================================================
FTP CHECK
==============================================================================
FTP Installed | No
FTP Running (Port 21 localhost) | No
FTP Port 21 Reachable on 172.31.30.46 | No
FTP Processes | None

==============================================================================
JAVA CHECK
==============================================================================
Total Java Processes | 11
Batch/Daemon Java Processes | 9
Non-Standalone Java Processes | cranevmi_event, cranevmi_rpt, cranevmi_wld, cranevmi_dwa, cranevmi_lbl, cranevmi_repl, cranevmi_jqgrid, cranevmi_inbq, cranevmi_sch

==============================================================================
BATCH/DAEMON JAVA DETAILS
==============================================================================
Batch/Daemon Java Processes | 9
Java-Name | Java-Path
cranevmi_event | /data/batchapp/softeon/cranevmiuat/eventdaemon
cranevmi_rpt | /data/batchapp/softeon/cranevmiuat/reportdaemon
cranevmi_wld | /data/batchapp/softeon/cranevmiuat/wavelaunchdaemon
cranevmi_dwa | /data/batchapp/softeon/cranevmiuat/downloaddaemon
cranevmi_lbl | /data/batchapp/softeon/cranevmiuat/labeldaemon
cranevmi_repl | /data/batchapp/softeon/cranevmiuat/replenishmentdaemon
cranevmi_jqgrid | /data/batchapp/softeon/cranevmiuat/reportjqgridexportdaemon
cranevmi_inbq | /data/batchapp/softeon/cranevmiuat/uploaddeamon
cranevmi_sch | /data/batchapp/softeon/cranevmiuat/schedulardaemon

==============================================================================
JBOSS/WILDFLY APPS (simple table)
==============================================================================
JBoss App Processes | 2
PID | AppName | JbossVersion | Java-Name | Port | URL | Status | Code | SSL-Status | App-Path
4459 | cranevmirfuat | jboss800eap | cranevmrf_jb800 | 8081 | 172.31.30.46:8081 | UP | 200 | Disabled | /data/app/jboss800eap/softeon/cranevmirfuat/standalone
4405 | cranevmiuat | jboss800eap | cranevmi_jb800e | 8080 | 172.31.30.46:8080 | UP | 200 | Disabled | /data/app/jboss800eap/softeon/cranevmiuat/standalone

==============================================================================
Server Availability Check Completed | 2026-07-03 05:48:41.904691
==============================================================================

2026-07-03 01:49:11,196 - 3668299 - ERROR - app_validation.py errors for i-0da492d36be325ed6:

2026-07-03 01:49:11,198 - 3668299 - INFO - [Retry-3] After log saved: /data/patching_report/validation-2026-07-03/q3-crane-uat/172.31.30.46/172.31.30.46-AfterPatching-Retry3-2026-07-03-01-49-11-198.log
2026-07-03 01:49:11,538 - 3668299 - INFO - Health monitor crontab enabled on all instances
2026-07-03 01:49:11,539 - 3668299 - WARNING - [Retry] Timeout - auto cron enabled for i-0da492d36be325ed6
