2026-05-10 00:15:02,591 - 587611 - INFO - Logger setup has been removed, using shared logger from common.logs.logger.
2026-05-10 00:15:02,592 - 587611 - INFO - Script Start Time: 2026-05-10 00:15:02
2026-05-10 00:15:02,839 - 587611 - INFO - Instance(s) selected for Patching: {'i-013433f4497b0cb0b': '172.29.61.132'}
2026-05-10 00:15:02,909 - 587611 - INFO - Email sent successfully to ['CloudOps@softeon.com']
2026-05-10 00:15:02,909 - 587611 - INFO - Now patching instances at: 2026-05-10 00:15:02
2026-05-10 00:15:02,996 - 587611 - INFO - Sending patch command to instance i-013433f4497b0cb0b
2026-05-10 00:15:03,152 - 587611 - INFO - Command sent successfully to instance i-013433f4497b0cb0b. Command ID: b1c39a81-7a36-44bf-b83f-f7eaa13d9eb8
2026-05-10 00:20:04,622 - 587611 - INFO - All patches applied successfully.
2026-05-10 00:20:04,623 - 587611 - INFO - Patching end time: 2026-05-10 00:20:04
2026-05-10 00:20:04,623 - 587611 - INFO - Patch Elapsed time: 0:05:01.713979
2026-05-10 00:20:04,698 - 587611 - INFO - Email sent successfully to ['CloudOps@softeon.com']
2026-05-10 00:20:04,699 - 587611 - INFO - Confirmed - services are stopped
2026-05-10 00:20:24,988 - 587611 - INFO - Discovered TG map: {}
2026-05-10 00:20:25,388 - 587611 - INFO - Sent app_validation.py to i-013433f4497b0cb0b (command_id: 44fc8bbb-8084-404d-ab65-ca175fecd044)
2026-05-10 00:20:55,470 - 587611 - INFO - app_validation.py output for i-013433f4497b0cb0b:

==============================================================================
Server Availability Check Started | 2026-05-10 04:20:25.770209
==============================================================================

==============================================================================
SYSTEM INFORMATION
==============================================================================
Server IP | 172.29.61.132
Hostname | ip-172-29-61-132
Current User | root
Working Directory | /usr/bin
Time Zone | UTC

==============================================================================
STORAGE CHECK | /data mounts
==============================================================================
Filesystem | Size | Used | Avail | Use% | Mounted on
/dev/nvme1n1p2 | 275.4G | 107.8G | 153.6G | 39% | /data
fs-6db0bc26.efs.us-east-1.amazonaws.com:/ | 0B | 180.9G | 0B | 0% | /data2

==============================================================================
SYMLINK CHECK | root (/)
==============================================================================
Symlinks Total | 4
Symlinks Valid | 4
Symlinks Invalid | 0
Symlink | ResolvedTarget
/bin | /usr/bin
/lib | /usr/lib
/lib64 | /usr/lib64
/sbin | /usr/sbin

==============================================================================
NFS CHECK
==============================================================================
NFS Package Installed | Yes
nfs-server.service Active | No
nfs-client.target Active | Yes
/etc/exports Present | Yes
EXPORTS_LINE | (empty)
NFS_MOUNT | Device | MountPoint | FSType
NFS_MOUNT | fs-6db0bc26.efs.us-east-1.amazonaws.com:/ | /data2 | nfs4

==============================================================================
CUPS CHECK
==============================================================================
CUPS Installed | Yes
CUPS Running | Yes
CUPS Version | 1.7.5
CUPS IP URL (http://172.29.61.132:631) | 200
Cups server Http Status | 200
Cups printers Http Status | 500
Printers Configured | 0

==============================================================================
FTP CHECK
==============================================================================
FTP Installed | No
FTP Running (Port 21 localhost) | No
FTP Port 21 Reachable on 172.29.61.132 | No
FTP Processes | None

==============================================================================
JAVA CHECK
==============================================================================
Total Java Processes | 34
Batch/Daemon Java Processes | 32
Non-Standalone Java Processes | philipsprd_dwn, philipsprd_evnt, philipsprd_lbl, philipsprd_rpt, philipprd_jqrpt, philipsprd_sch, philipsprd_upl, philpsprd_upl1, philipsprd_wavl, philipsprd_doc, emea_dwn, emea_evnt, emea_lbl, emea_rpt, emea_jqrpt, emea_sch, emea_upl, emea_upl1, emea_wavl, emea_shipdocrpt, upsphapac_dwn, upsphapac_evnt, upsphapac_lbl, upsphapac_rpt, upsphapac_jqrpt, upsphapac_sch, upsphapac_upl, upsphapac_inbq1, upsphapac_wavl, upsphapa_docrpt, uphapac_schnoti, phapaprod_ftp

==============================================================================
BATCH/DAEMON JAVA DETAILS
==============================================================================
Batch/Daemon Java Processes | 32
Java-Name | Java-Path
philipsprd_dwn | /data/batchapp/softeon/upsphilipsprod/downloaddaemon
philipsprd_evnt | /data/batchapp/softeon/upsphilipsprod/eventdaemon
philipsprd_lbl | /data/batchapp/softeon/upsphilipsprod/labeldaemon
philipsprd_rpt | /data/batchapp/softeon/upsphilipsprod/reportdaemon
philipprd_jqrpt | /data/batchapp/softeon/upsphilipsprod/reportjqgridexportdaemon
philipsprd_sch | /data/batchapp/softeon/upsphilipsprod/schedulerdaemon
philipsprd_upl | /data/batchapp/softeon/upsphilipsprod/uploaddaemon
philpsprd_upl1 | /data/batchapp/softeon/upsphilipsprod/uploaddaemon1
philipsprd_wavl | /data/batchapp/softeon/upsphilipsprod/wavelaunchdaemon
philipsprd_doc | /data/batchapp/softeon/upsphilipsprod/shippingdocreportdaemon
emea_dwn | /data/batchapp/softeon/upsphemeaprod/downloaddaemon
emea_evnt | /data/batchapp/softeon/upsphemeaprod/eventdaemon
emea_lbl | /data/batchapp/softeon/upsphemeaprod/labeldaemon
emea_rpt | /data/batchapp/softeon/upsphemeaprod/reportdaemon
emea_jqrpt | /data/batchapp/softeon/upsphemeaprod/reportjqgridexportdaemon
emea_sch | /data/batchapp/softeon/upsphemeaprod/schedulerdaemon
emea_upl | /data/batchapp/softeon/upsphemeaprod/uploaddaemon
emea_upl1 | /data/batchapp/softeon/upsphemeaprod/uploaddaemon1
emea_wavl | /data/batchapp/softeon/upsphemeaprod/wavelaunchdaemon
emea_shipdocrpt | /data/batchapp/softeon/upsphemeaprod/shippingdocsreportdaemon
upsphapac_dwn | /data/batchapp/softeon/upsphapacprod/downloaddaemon
upsphapac_evnt | /data/batchapp/softeon/upsphapacprod/eventdaemon
upsphapac_lbl | /data/batchapp/softeon/upsphapacprod/labeldaemon
upsphapac_rpt | /data/batchapp/softeon/upsphapacprod/reportdaemon
upsphapac_jqrpt | /data/batchapp/softeon/upsphapacprod/reportjqgridexportdaemon
upsphapac_sch | /data/batchapp/softeon/upsphapacprod/schedulerdaemon
upsphapac_upl | /data/batchapp/softeon/upsphapacprod/uploaddaemon
upsphapac_inbq1 | /data/batchapp/softeon/upsphapacprod/uploaddaemon1
upsphapac_wavl | /data/batchapp/softeon/upsphapacprod/wavelaunchdaemon
upsphapa_docrpt | /data/batchapp/softeon/upsphapacprod/shippingdocsreportdaemon
uphapac_schnoti | /data/batchapp/softeon/upsphapacprod/schedulerdaemon_notification
phapaprod_ftp | /data/batchapp/softeon/upsphapacprod/ftpdaemon

==============================================================================
JBOSS/WILDFLY APPS (simple table)
==============================================================================
JBoss App Processes | 0
JBoss Apps | None

==============================================================================
Server Availability Check Completed | 2026-05-10 04:20:26.630982
==============================================================================

2026-05-10 00:20:55,470 - 587611 - ERROR - app_validation.py errors for i-013433f4497b0cb0b:

2026-05-10 00:20:55,472 - 587611 - INFO - Before patching validation saved to: /data/patching_report/validation-2026-05-10/UPS-Philips-Batch/172.29.61.132/172.29.61.132-BeforePatching-2026-05-10-00-20-55-471.log
2026-05-10 00:20:55,472 - 587611 - INFO - Stopping EC2 instance: i-013433f4497b0cb0b at 2026-05-10 00:20:55
2026-05-10 00:21:56,679 - 587611 - INFO - Instance i-013433f4497b0cb0b stopped successfully.
2026-05-10 00:21:56,824 - 587611 - INFO - Stopped i-013433f4497b0cb0b in 0:01:01.351700
2026-05-10 00:21:56,824 - 587611 - INFO - Starting EC2 instance: i-013433f4497b0cb0b
2026-05-10 00:22:12,779 - 587611 - INFO - Instance i-013433f4497b0cb0b started successfully.
2026-05-10 00:22:12,780 - 587611 - INFO - Waiting 100 seconds for SSM agent to be ready on i-013433f4497b0cb0b...
2026-05-10 00:23:53,060 - 587611 - INFO - Sent app_validation.py to i-013433f4497b0cb0b (command_id: 68d78e23-4ae1-4433-8195-4eeb4fc1deeb)
2026-05-10 00:24:23,139 - 587611 - INFO - app_validation.py output for i-013433f4497b0cb0b:

==============================================================================
Server Availability Check Started | 2026-05-10 04:23:53.464919
==============================================================================

==============================================================================
SYSTEM INFORMATION
==============================================================================
Server IP | 172.29.61.132
Hostname | ip-172-29-61-132
Current User | root
Working Directory | /usr/bin
Time Zone | UTC

==============================================================================
STORAGE CHECK | /data mounts
==============================================================================
Filesystem | Size | Used | Avail | Use% | Mounted on
/dev/nvme1n1p2 | 275.4G | 107.8G | 153.6G | 39% | /data
fs-6db0bc26.efs.us-east-1.amazonaws.com:/ | 0B | 180.9G | 0B | 0% | /data2

==============================================================================
SYMLINK CHECK | root (/)
==============================================================================
Symlinks Total | 4
Symlinks Valid | 4
Symlinks Invalid | 0
Symlink | ResolvedTarget
/bin | /usr/bin
/lib | /usr/lib
/lib64 | /usr/lib64
/sbin | /usr/sbin

==============================================================================
NFS CHECK
==============================================================================
NFS Package Installed | Yes
nfs-server.service Active | No
nfs-client.target Active | Yes
/etc/exports Present | Yes
EXPORTS_LINE | (empty)
NFS_MOUNT | Device | MountPoint | FSType
NFS_MOUNT | fs-6db0bc26.efs.us-east-1.amazonaws.com:/ | /data2 | nfs4

==============================================================================
CUPS CHECK
==============================================================================
CUPS Installed | Yes
CUPS Running | No
CUPS Version | 1.7.5
CUPS IP Port 631 Reachable | No
Cups server Http Status | Not Found
Cups printers Http Status | Not Found
Printers Configured | 0

==============================================================================
FTP CHECK
==============================================================================
FTP Installed | No
FTP Running (Port 21 localhost) | No
FTP Port 21 Reachable on 172.29.61.132 | No
FTP Processes | None

==============================================================================
JAVA CHECK
==============================================================================
Total Java Processes | 2
Batch/Daemon Java Processes | 0
Non-Standalone Java Processes | Not Found

==============================================================================
BATCH/DAEMON JAVA DETAILS
==============================================================================
Batch/Daemon Java Processes | 0
Batch/Daemon Java Details | None

==============================================================================
JBOSS/WILDFLY APPS (simple table)
==============================================================================
JBoss App Processes | 0
JBoss Apps | None

==============================================================================
Server Availability Check Completed | 2026-05-10 04:23:53.651840
==============================================================================

2026-05-10 00:24:23,139 - 587611 - ERROR - app_validation.py errors for i-013433f4497b0cb0b:

2026-05-10 00:24:23,141 - 587611 - INFO - After patching validation saved to: /data/patching_report/validation-2026-05-10/UPS-Philips-Batch/172.29.61.132/172.29.61.132-AfterPatching-2026-05-10-00-24-23-141.log
2026-05-10 00:24:23,193 - 587611 - INFO - Validation comparison report generated: /data/patching_report/validation-2026-05-10/UPS-Philips-Batch/172.29.61.132/172.29.61.132-Validation-details-2026-05-10-00-24-23-141.html
2026-05-10 00:24:23,439 - 587611 - INFO - Email sent successfully to ['CloudOps@softeon.com', 'kishlayk@softeon.com']
2026-05-10 00:24:23,440 - 587611 - INFO - HTML validation report email sent for i-013433f4497b0cb0b
2026-05-10 00:24:23,577 - 587611 - INFO - Started i-013433f4497b0cb0b in 0:02:26.752990
2026-05-10 00:24:23,578 - 587611 - INFO - All instances processed.
2026-05-10 00:24:23,581 - 587611 - INFO - Restart Total time: 0:04:18.722759
2026-05-10 00:24:23,581 - 587611 - INFO - Auto-confirmed services are restarted
2026-05-10 00:24:23,581 - 587611 - INFO - Confirmed - services are started
2026-05-10 00:24:23,690 - 587611 - INFO - The following instances have failed the patch: []
2026-05-10 00:24:23,691 - 587611 - INFO - No instances have failed the patch.
2026-05-10 00:24:23,691 - 587611 - INFO - Total Patch Process time: 0:09:21.098788
2026-05-10 00:25:24,021 - 587611 - INFO - Log file ./logs/patching_2026-05-10_UPS-Philips-Batch.log uploaded to s3://q2-2026-aws-security-patching/UPS-Philips-Batch_Patch/2026-05-10/patching_2026-05-10_UPS-Philips-Batch.log
