2026-05-03 01:10:02,745 - 206639 - INFO - Logger setup has been removed, using shared logger from common.logs.logger.
2026-05-03 01:10:02,745 - 206639 - INFO - Script Start Time: 2026-05-03 01:10:02
2026-05-03 01:10:03,017 - 206639 - INFO - Instance(s) selected for Patching: {'i-0eac53ca1af477653': '172.31.27.122'}
2026-05-03 01:10:03,097 - 206639 - INFO - Email sent successfully to ['a80af5b5.softeon.com@in.teams.ms', 'CloudOps@softeon.com']
2026-05-03 01:10:03,097 - 206639 - INFO - Now patching instances at: 2026-05-03 01:10:03
2026-05-03 01:10:03,184 - 206639 - INFO - Sending patch command to instance i-0eac53ca1af477653
2026-05-03 01:10:03,334 - 206639 - INFO - Command sent successfully to instance i-0eac53ca1af477653. Command ID: e566d4e3-cb42-45b6-adaa-8e64df65f946
2026-05-03 01:14:34,616 - 206639 - INFO - All patches applied successfully.
2026-05-03 01:14:34,617 - 206639 - INFO - Patching end time: 2026-05-03 01:14:34
2026-05-03 01:14:34,618 - 206639 - INFO - Patch Elapsed time: 0:04:31.520699
2026-05-03 01:14:34,687 - 206639 - INFO - Email sent successfully to ['a80af5b5.softeon.com@in.teams.ms', 'CloudOps@softeon.com']
2026-05-03 01:14:34,687 - 206639 - INFO - Confirmed - services are stopped
2026-05-03 01:14:54,185 - 206639 - INFO - Discovered TG map: {}
2026-05-03 01:14:54,605 - 206639 - INFO - Sent app_validation.py to i-0eac53ca1af477653 (command_id: f847fc3b-e2a3-43ac-bf34-a86d7abda200)
2026-05-03 01:15:24,696 - 206639 - INFO - app_validation.py output for i-0eac53ca1af477653:

==============================================================================
Server Availability Check Started | 2026-05-03 00:14:54.883132
==============================================================================

==============================================================================
SYSTEM INFORMATION
==============================================================================
Server IP | 172.31.27.122
Hostname | ip-172-31-27-122
Current User | root
Working Directory | /usr/bin
Time Zone | CDT

==============================================================================
STORAGE CHECK | /data mounts
==============================================================================
Filesystem | Size | Used | Avail | Use% | Mounted on
/dev/nvme1n1p2 | 279.9G | 75.9G | 203.9G | 27% | /data
us-east-1d.fs-70148639.efs.us-east-1.amazonaws.com:/ | 0B | 1.8T | 0B | 0% | /data2

==============================================================================
SYMLINK CHECK | root (/)
==============================================================================
Symlinks Total | 4
Symlinks Valid | 4
Symlinks Invalid | 0
Symlink | ResolvedTarget
/bin | /usr/bin
/lib | /usr/lib
/lib64 | /usr/lib64
/sbin | /usr/sbin

==============================================================================
NFS CHECK
==============================================================================
NFS Package Installed | Yes
nfs-server.service Active | No
nfs-client.target Active | Yes
/etc/exports Present | Yes
EXPORTS_LINE | (empty)
NFS_MOUNT | Device | MountPoint | FSType
NFS_MOUNT | us-east-1d.fs-70148639.efs.us-east-1.amazonaws.com:/ | /data2 | nfs4

==============================================================================
CUPS CHECK
==============================================================================
CUPS Installed | Yes
CUPS Running | Yes
CUPS Version | 1.7.5
CUPS IP URL (http://172.31.27.122:631) | 200
Cups server Http Status | 200
Cups printers Http Status | 500
Printers Configured | 0

==============================================================================
FTP CHECK
==============================================================================
FTP Installed | No
FTP Running (Port 21 localhost) | No
FTP Port 21 Reachable on 172.31.27.122 | No
FTP Processes | None

==============================================================================
JAVA CHECK
==============================================================================
Total Java Processes | 34
Batch/Daemon Java Processes | 34
Non-Standalone Java Processes | softeonprod_downloaddaemon, softeonprod_701labeldaemon, softeonprod_bdclabeldaemon, softeonprod_mdclabeldaemon, rad_label, softeonprod_reportdaemon, softeonprod_reportjqgridexportdaemon, softeonprod_schedulerdaemon, softeonprod_uploaddaemon, softeonprod_eventdaemon, softeonprod_integritydaemon, softeonprod_replenishmentrequestdaemon, softeonprod_replpickloccancel701, softeonuat_schedulerdaemonBDC, softeonprod_1reportdaemon, softeonprod_masspickconfirmation, softeonprod_new_uploaddaemon, softeon_schedulerdaemonmdc, rad_scheduler, sftprod_SCH_WDC, softeonprod_wdclabeldaemon, softeonprod_wc1labeldaemon, softeon_schedulerdaemonwc1, softeonprod_1voicemobile, softeonprod_2voicemobile, softeonprod_voicestg, softeonprd_abdis, sftprod_sch_wc2, softeonprod_wc2, rmi_wsrmidaemon, sftprd_wc1_abdis, softeonprd_2abdis, wms_vomobadm, softeonprod_wavelaunchdaemon

==============================================================================
BATCH/DAEMON JAVA DETAILS
==============================================================================
Batch/Daemon Java Processes | 34
Java-Name | Java-Path
softeonprod_downloaddaemon | /data/app/java/jdk1.7.0_80/bin/softeonprod_downloaddaemon
softeonprod_701labeldaemon | /data/app/java/jdk1.7.0_80/bin/softeonprod_701labeldaemon
softeonprod_bdclabeldaemon | /data/app/java/jdk1.7.0_80/bin/softeonprod_bdclabeldaemon
softeonprod_mdclabeldaemon | /data/app/java/jdk1.7.0_80/bin/softeonprod_mdclabeldaemon
rad_label | /data/app/java/jdk1.7.0_80/bin/rad_label
softeonprod_reportdaemon | /data/batchapp/softeonprod/reportdaemon
softeonprod_reportjqgridexportdaemon | /data/app/java/jdk1.7.0_80/bin/softeonprod_reportjqgridexportdaemon
softeonprod_schedulerdaemon | /data/batchapp/softeonprod/schedulerdaemon
softeonprod_uploaddaemon | /data/app/java/jdk1.7.0_80/bin/softeonprod_uploaddaemon
softeonprod_eventdaemon | /data/app/java/jdk1.7.0_80/bin/softeonprod_eventdaemon
softeonprod_integritydaemon | /data/app/java/jdk1.7.0_80/bin/softeonprod_integritydaemon
softeonprod_replenishmentrequestdaemon | /data/app/java/jdk1.7.0_80/bin/softeonprod_replenishmentrequestdaemon
softeonprod_replpickloccancel701 | /data/app/java/jdk1.7.0_80/bin/softeonprod_replpickloccancel701
softeonuat_schedulerdaemonBDC | /data/batchapp/softeonprod/schedulerdaemon_bdc
softeonprod_1reportdaemon | /data/batchapp/softeonprod/reportdaemon1
softeonprod_masspickconfirmation | /data/app/java/jdk1.7.0_80/bin/softeonprod_masspickconfirmation
softeonprod_new_uploaddaemon | /data/app/java/jdk1.7.0_80/bin/softeonprod_new_uploaddaemon
softeon_schedulerdaemonmdc | /data/batchapp/softeonprod/schedulerdaemon_mdc
rad_scheduler | /data/batchapp/softeonprod/schedulerdaemon_rad
sftprod_SCH_WDC | /data/batchapp/softeonprod/schedulerdaemon_wdc
softeonprod_wdclabeldaemon | /data/app/java/jdk1.7.0_80/bin/softeonprod_wdclabeldaemon
softeonprod_wc1labeldaemon | /data/app/java/jdk1.7.0_80/bin/softeonprod_wc1labeldaemon
softeon_schedulerdaemonwc1 | /data/batchapp/softeonprod/schedulerdaemon_wc1
softeonprod_1voicemobile | /data/app/java/jdk1.7.0_80/bin/softeonprod_1voicemobile
softeonprod_2voicemobile | /data/app/java/jdk1.7.0_80/bin/softeonprod_2voicemobile
softeonprod_voicestg | /data/app/java/jdk1.7.0_80/bin/softeonprod_voicestg
softeonprd_abdis | /data/app/java/jdk1.7.0_80/bin/softeonprd_abdis
sftprod_sch_wc2 | /data/batchapp/softeonprod/schedulerdaemon_wc2
softeonprod_wc2 | /data/app/java/jdk1.7.0_80/bin/softeonprod_wc2
rmi_wsrmidaemon | /data/batchapp/softeonprod/wsrmidaemon
sftprd_wc1_abdis | /data/app/java/jdk1.7.0_80/bin/sftprd_wc1_abdis
softeonprd_2abdis | /data/app/java/jdk1.7.0_80/bin/softeonprd_2abdis
wms_vomobadm | /data/batchapp/softeonprod/voiceadminserver
softeonprod_wavelaunchdaemon | /data/app/java/jdk1.7.0_80/bin/softeonprod_wavelaunchdaemon

==============================================================================
JBOSS/WILDFLY APPS (simple table)
==============================================================================
JBoss App Processes | 0
JBoss Apps | None

==============================================================================
Server Availability Check Completed | 2026-05-03 00:14:55.507337
==============================================================================

2026-05-03 01:15:24,696 - 206639 - ERROR - app_validation.py errors for i-0eac53ca1af477653:

2026-05-03 01:15:24,698 - 206639 - INFO - Before patching validation saved to: /data/patching_report/validation-2026-05-03/suncast-batch/172.31.27.122/172.31.27.122-BeforePatching-2026-05-03-01-15-24-697.log
2026-05-03 01:15:24,698 - 206639 - INFO - Stopping EC2 instance: i-0eac53ca1af477653 at 2026-05-03 01:15:24
2026-05-03 01:17:56,430 - 206639 - INFO - Instance i-0eac53ca1af477653 stopped successfully.
2026-05-03 01:17:56,594 - 206639 - INFO - Stopped i-0eac53ca1af477653 in 0:02:31.895734
2026-05-03 01:17:56,594 - 206639 - INFO - Starting EC2 instance: i-0eac53ca1af477653
2026-05-03 01:18:12,786 - 206639 - INFO - Instance i-0eac53ca1af477653 started successfully.
2026-05-03 01:18:12,786 - 206639 - INFO - Waiting 100 seconds for SSM agent to be ready on i-0eac53ca1af477653...
2026-05-03 01:19:53,150 - 206639 - INFO - Sent app_validation.py to i-0eac53ca1af477653 (command_id: 0228e06d-dfad-4a5c-81e6-d4fdad50fa63)
2026-05-03 01:20:23,259 - 206639 - INFO - app_validation.py output for i-0eac53ca1af477653:

==============================================================================
Server Availability Check Started | 2026-05-03 00:19:53.494400
==============================================================================

==============================================================================
SYSTEM INFORMATION
==============================================================================
Server IP | 172.31.27.122
Hostname | ip-172-31-27-122
Current User | root
Working Directory | /usr/bin
Time Zone | CDT

==============================================================================
STORAGE CHECK | /data mounts
==============================================================================
Filesystem | Size | Used | Avail | Use% | Mounted on
/dev/nvme1n1p2 | 279.9G | 75.8G | 204.1G | 27% | /data
us-east-1d.fs-70148639.efs.us-east-1.amazonaws.com:/ | 0B | 1.8T | 0B | 0% | /data2

==============================================================================
SYMLINK CHECK | root (/)
==============================================================================
Symlinks Total | 4
Symlinks Valid | 4
Symlinks Invalid | 0
Symlink | ResolvedTarget
/bin | /usr/bin
/lib | /usr/lib
/lib64 | /usr/lib64
/sbin | /usr/sbin

==============================================================================
NFS CHECK
==============================================================================
NFS Package Installed | Yes
nfs-server.service Active | No
nfs-client.target Active | Yes
/etc/exports Present | Yes
EXPORTS_LINE | (empty)
NFS_MOUNT | Device | MountPoint | FSType
NFS_MOUNT | us-east-1d.fs-70148639.efs.us-east-1.amazonaws.com:/ | /data2 | nfs4

==============================================================================
CUPS CHECK
==============================================================================
CUPS Installed | Yes
CUPS Running | No
CUPS Version | 1.7.5
CUPS IP Port 631 Reachable | No
Cups server Http Status | Not Found
Cups printers Http Status | Not Found
Printers Configured | 0

==============================================================================
FTP CHECK
==============================================================================
FTP Installed | No
FTP Running (Port 21 localhost) | No
FTP Port 21 Reachable on 172.31.27.122 | No
FTP Processes | None

==============================================================================
JAVA CHECK
==============================================================================
Total Java Processes | 0
Batch/Daemon Java Processes | 0
Non-Standalone Java Processes | Not Found

==============================================================================
BATCH/DAEMON JAVA DETAILS
==============================================================================
Batch/Daemon Java Processes | 0
Batch/Daemon Java Details | None

==============================================================================
JBOSS/WILDFLY APPS (simple table)
==============================================================================
JBoss App Processes | 0
JBoss Apps | None

==============================================================================
Server Availability Check Completed | 2026-05-03 00:19:53.828437
==============================================================================

2026-05-03 01:20:23,259 - 206639 - ERROR - app_validation.py errors for i-0eac53ca1af477653:

2026-05-03 01:20:23,261 - 206639 - INFO - After patching validation saved to: /data/patching_report/validation-2026-05-03/suncast-batch/172.31.27.122/172.31.27.122-AfterPatching-2026-05-03-01-20-23-261.log
2026-05-03 01:20:23,316 - 206639 - INFO - Validation comparison report generated: /data/patching_report/validation-2026-05-03/suncast-batch/172.31.27.122/172.31.27.122-Validation-details-2026-05-03-01-20-23-261.html
2026-05-03 01:20:23,596 - 206639 - INFO - Email sent successfully to ['CloudOps@softeon.com', 'kishlayk@softeon.com']
2026-05-03 01:20:23,597 - 206639 - INFO - HTML validation report email sent for i-0eac53ca1af477653
2026-05-03 01:20:23,723 - 206639 - INFO - Started i-0eac53ca1af477653 in 0:02:27.128387
2026-05-03 01:20:23,723 - 206639 - INFO - All instances processed.
2026-05-03 01:20:23,726 - 206639 - INFO - Restart Total time: 0:05:48.901678
2026-05-03 01:20:23,727 - 206639 - INFO - Auto-confirmed services are restarted
2026-05-03 01:20:23,727 - 206639 - INFO - Confirmed - services are started
2026-05-03 01:20:23,840 - 206639 - INFO - The following instances have failed the patch: []
2026-05-03 01:20:23,840 - 206639 - INFO - No instances have failed the patch.
2026-05-03 01:20:23,840 - 206639 - INFO - Total Patch Process time: 0:10:21.095144
2026-05-03 01:21:24,182 - 206639 - INFO - Log file ./logs/patching_2026-05-03_suncast-batch.log uploaded to s3://q2-2026-aws-security-patching/suncast-batch_Patch/2026-05-03/patching_2026-05-03_suncast-batch.log
