2026-04-26 00:10:02,467 - 1262930 - INFO - Logger setup has been removed, using shared logger from common.logs.logger.
2026-04-26 00:10:02,468 - 1262930 - INFO - Script Start Time: 2026-04-26 00:10:02
2026-04-26 00:10:03,141 - 1262930 - INFO - Instance(s) selected for Patching: {'i-0db01badc5932905f': '172.29.70.53'}
2026-04-26 00:10:03,222 - 1262930 - INFO - Email sent successfully to ['a80af5b5.softeon.com@in.teams.ms', 'CloudOps@softeon.com']
2026-04-26 00:10:03,222 - 1262930 - INFO - Now patching instances at: 2026-04-26 00:10:03
2026-04-26 00:10:03,309 - 1262930 - INFO - Sending patch command to instance i-0db01badc5932905f
2026-04-26 00:10:03,458 - 1262930 - INFO - Command sent successfully to instance i-0db01badc5932905f. Command ID: 1c393ea6-63a9-4a2b-a14a-8de54ccef53a
2026-04-26 00:15:04,967 - 1262930 - INFO - All patches applied successfully.
2026-04-26 00:15:04,968 - 1262930 - INFO - Patching end time: 2026-04-26 00:15:04
2026-04-26 00:15:04,968 - 1262930 - INFO - Patch Elapsed time: 0:05:01.745344
2026-04-26 00:15:05,041 - 1262930 - INFO - Email sent successfully to ['a80af5b5.softeon.com@in.teams.ms', 'CloudOps@softeon.com']
2026-04-26 00:15:05,041 - 1262930 - INFO - Confirmed - services are stopped
2026-04-26 00:15:24,380 - 1262930 - INFO - Discovered TG map: {}
2026-04-26 00:15:24,809 - 1262930 - INFO - Sent app_validation.py to i-0db01badc5932905f (command_id: 929db97d-f0ab-430b-a409-c82d4c6311e3)
2026-04-26 00:15:54,875 - 1262930 - INFO - app_validation.py output for i-0db01badc5932905f:

==============================================================================
Server Availability Check Started | 2026-04-26 04:15:25.249548
==============================================================================

==============================================================================
SYSTEM INFORMATION
==============================================================================
Server IP | 172.29.70.53
Hostname | ip-172-29-70-53
Current User | root
Working Directory | /usr/bin
Time Zone | UTC

==============================================================================
STORAGE CHECK | /data mounts
==============================================================================
Filesystem | Size | Used | Avail | Use% | Mounted on
/dev/nvme1n1p2 | 289.9G | 195.1G | 94.7G | 67% | /data
fs-8ff4346e.efs.us-east-1.amazonaws.com:/ | 0B | 1.1T | 0B | 0% | /data2

==============================================================================
SYMLINK CHECK | root (/)
==============================================================================
Symlinks Total | 4
Symlinks Valid | 4
Symlinks Invalid | 0
Symlink | ResolvedTarget
/bin | /usr/bin
/lib | /usr/lib
/lib64 | /usr/lib64
/sbin | /usr/sbin

==============================================================================
NFS CHECK
==============================================================================
NFS Package Installed | Yes
nfs-server.service Active | No
nfs-client.target Active | Yes
/etc/exports Present | Yes
EXPORTS_LINE | (empty)
NFS_MOUNT | Device | MountPoint | FSType
NFS_MOUNT | fs-8ff4346e.efs.us-east-1.amazonaws.com:/ | /data2 | nfs4

==============================================================================
CUPS CHECK
==============================================================================
CUPS Installed | Yes
CUPS Running | Yes
CUPS Version | 1.7.5
CUPS IP URL (http://172.29.70.53:631) | 200
Cups server Http Status | 200
Cups printers Http Status | 200
Printers Configured | 115

==============================================================================
FTP CHECK
==============================================================================
FTP Installed | No
FTP Running (Port 21 localhost) | No
FTP Port 21 Reachable on 172.29.70.53 | No
FTP Processes | None

==============================================================================
JAVA CHECK
==============================================================================
Total Java Processes | 35
Batch/Daemon Java Processes | 33
Non-Standalone Java Processes | java, brooksprod_ec, brook_po_ret_01, brook_ans_po_01, brook_cust_queue, brook_download, brook_dfileblo, brook_event, brook_ftp, brook_integrity, brook_ialloc, brook_itm_que_01, brook_itm_que_02, brook_label, brook_orr_que_01, brook_ord_que_02, brook_ord_que_03, brook_replreq, brook_report, brook_1_report, brook_2_report, brook_rptjqgrid, brook_schdler, brook_filupload, brook_wavecd, brook_waveld, brwcsinbound, brwcsoutbound, brook_relcd, brook_inv, brooksprd_ptcd, brooksprd_bre, brooks_downloaddaemonlong

==============================================================================
BATCH/DAEMON JAVA DETAILS
==============================================================================
Batch/Daemon Java Processes | 33
Java-Name | Java-Path
java | /data/app/workspace/client_release/attunedlabs/softwares/hsql/data
brooksprod_ec | /data/app/workspace/client_release/attunedlabs/softwares/release
brook_po_ret_01 | /data/app/java/jdk1.7.0_80/bin/brook_po_ret_01
brook_ans_po_01 | /data/app/java/jdk1.7.0_80/bin/brook_ans_po_01
brook_cust_queue | /data/app/java/jdk1.7.0_80/bin/brook_cust_queue
brook_download | /data/app/java/jdk1.7.0_80/bin/brook_download
brook_dfileblo | /data/app/java/jdk1.7.0_80/bin/brook_dfileblo
brook_event | /data/app/java/jdk1.7.0_80/bin/brook_event
brook_ftp | /data/batchapp/softeon/brooksprod/ftpdaemon
brook_integrity | /data/app/java/jdk1.7.0_80/bin/brook_integrity
brook_ialloc | /data/app/java/jdk1.7.0_80/bin/brook_ialloc
brook_itm_que_01 | /data/app/java/jdk1.7.0_80/bin/brook_itm_que_01
brook_itm_que_02 | /data/app/java/jdk1.7.0_80/bin/brook_itm_que_02
brook_label | /data/app/java/jdk1.7.0_80/bin/brook_label
brook_orr_que_01 | /data/app/java/jdk1.7.0_80/bin/brook_orr_que_01
brook_ord_que_02 | /data/app/java/jdk1.7.0_80/bin/brook_ord_que_02
brook_ord_que_03 | /data/app/java/jdk1.7.0_80/bin/brook_ord_que_03
brook_replreq | /data/app/java/jdk1.7.0_80/bin/brook_replreq
brook_report | /data/app/java/jdk1.7.0_80/bin/brook_report
brook_1_report | /data/app/java/jdk1.7.0_80/bin/brook_1_report
brook_2_report | /data/app/java/jdk1.7.0_80/bin/brook_2_report
brook_rptjqgrid | /data/app/java/jdk1.7.0_80/bin/brook_rptjqgrid
brook_schdler | /data/app/java/jdk1.7.0_80/bin/brook_schdler
brook_filupload | /data/app/java/jdk1.7.0_80/bin/brook_filupload
brook_wavecd | /data/app/java/jdk1.7.0_80/bin/brook_wavecd
brook_waveld | /data/app/java/jdk1.7.0_80/bin/brook_waveld
brwcsinbound | /data/app/java/jdk1.7.0_80/bin/brwcsinbound
brwcsoutbound | /data/app/java/jdk1.7.0_80/bin/brwcsoutbound
brook_relcd | /data/app/java/jdk1.7.0_80/bin/brook_relcd
brook_inv | /data/app/java/jdk1.7.0_80/bin/brook_inv
brooksprd_ptcd | /data/app/java/jdk1.7.0_80/bin/brooksprd_ptcd
brooksprd_bre | /data/app/java/jdk1.7.0_80/bin/brooksprd_bre
brooks_downloaddaemonlong | /data/batchapp/softeon/brooksprod/downloaddaemonlong

==============================================================================
JBOSS/WILDFLY APPS (simple table)
==============================================================================
JBoss App Processes | 0
JBoss Apps | None

==============================================================================
Server Availability Check Completed | 2026-04-26 04:15:25.909889
==============================================================================

2026-04-26 00:15:54,875 - 1262930 - ERROR - app_validation.py errors for i-0db01badc5932905f:

2026-04-26 00:15:54,877 - 1262930 - INFO - Before patching validation saved to: /data/patching_report/validation-2026-04-26/q2-brooks-prod-batch/172.29.70.53/172.29.70.53-BeforePatching-2026-04-26-00-15-54-876.log
2026-04-26 00:15:54,877 - 1262930 - INFO - Stopping EC2 instance: i-0db01badc5932905f at 2026-04-26 00:15:54
2026-04-26 00:18:11,595 - 1262930 - INFO - Instance i-0db01badc5932905f stopped successfully.
2026-04-26 00:18:11,735 - 1262930 - INFO - Stopped i-0db01badc5932905f in 0:02:16.857626
2026-04-26 00:18:11,735 - 1262930 - INFO - Starting EC2 instance: i-0db01badc5932905f
2026-04-26 00:18:27,874 - 1262930 - INFO - Instance i-0db01badc5932905f started successfully.
2026-04-26 00:18:27,874 - 1262930 - INFO - Waiting 50 seconds for SSM agent to be ready on i-0db01badc5932905f...
2026-04-26 00:19:18,169 - 1262930 - INFO - Sent app_validation.py to i-0db01badc5932905f (command_id: 38c6d3e6-112f-48e7-93c2-88548e692a9c)
2026-04-26 00:19:48,220 - 1262930 - INFO - app_validation.py output for i-0db01badc5932905f:

==============================================================================
Server Availability Check Started | 2026-04-26 04:19:18.668412
==============================================================================

==============================================================================
SYSTEM INFORMATION
==============================================================================
Server IP | 172.29.70.53
Hostname | ip-172-29-70-53
Current User | root
Working Directory | /usr/bin
Time Zone | UTC

==============================================================================
STORAGE CHECK | /data mounts
==============================================================================
Filesystem | Size | Used | Avail | Use% | Mounted on
/dev/nvme1n1p2 | 289.9G | 195.0G | 94.9G | 67% | /data
fs-8ff4346e.efs.us-east-1.amazonaws.com:/ | 0B | 1.1T | 0B | 0% | /data2

==============================================================================
SYMLINK CHECK | root (/)
==============================================================================
Symlinks Total | 4
Symlinks Valid | 4
Symlinks Invalid | 0
Symlink | ResolvedTarget
/bin | /usr/bin
/lib | /usr/lib
/lib64 | /usr/lib64
/sbin | /usr/sbin

==============================================================================
NFS CHECK
==============================================================================
NFS Package Installed | Yes
nfs-server.service Active | No
nfs-client.target Active | Yes
/etc/exports Present | Yes
EXPORTS_LINE | (empty)
NFS_MOUNT | Device | MountPoint | FSType
NFS_MOUNT | fs-8ff4346e.efs.us-east-1.amazonaws.com:/ | /data2 | nfs4

==============================================================================
CUPS CHECK
==============================================================================
CUPS Installed | Yes
CUPS Running | Yes
CUPS Version | 1.7.5
CUPS IP URL (http://172.29.70.53:631) | 200
Cups server Http Status | 200
Cups printers Http Status | 200
Printers Configured | 115

==============================================================================
FTP CHECK
==============================================================================
FTP Installed | No
FTP Running (Port 21 localhost) | No
FTP Port 21 Reachable on 172.29.70.53 | No
FTP Processes | None

==============================================================================
JAVA CHECK
==============================================================================
Total Java Processes | 31
Batch/Daemon Java Processes | 31
Non-Standalone Java Processes | brooksprod_ec, brooksprod_hsqldb, brook_ans_po_01, brook_download, brook_dfileblo, brook_event, brook_ftp, brook_integrity, brook_ialloc, brook_itm_que_01, brook_itm_que_02, brook_label, brook_orr_que_01, brook_ord_que_02, brook_ord_que_03, brook_replreq, brook_report, brook_1_report, brook_2_report, brook_rptjqgrid, brook_schdler, brook_filupload, brook_wavecd, brook_waveld, brwcsinbound, brwcsoutbound, brook_relcd, brook_inv, brooksprd_ptcd, brooksprd_bre, brooks_downloaddaemonlong

==============================================================================
BATCH/DAEMON JAVA DETAILS
==============================================================================
Batch/Daemon Java Processes | 31
Java-Name | Java-Path
brooksprod_ec | /data/app/workspace/client_release/attunedlabs/softwares/release
brooksprod_hsqldb | /data/app/workspace/client_release/attunedlabs/softwares/hsql/data
brook_ans_po_01 | /data/app/java/jdk1.7.0_80/bin/brook_ans_po_01
brook_download | /data/app/java/jdk1.7.0_80/bin/brook_download
brook_dfileblo | /data/app/java/jdk1.7.0_80/bin/brook_dfileblo
brook_event | /data/app/java/jdk1.7.0_80/bin/brook_event
brook_ftp | /data/batchapp/softeon/brooksprod/ftpdaemon
brook_integrity | /data/app/java/jdk1.7.0_80/bin/brook_integrity
brook_ialloc | /data/app/java/jdk1.7.0_80/bin/brook_ialloc
brook_itm_que_01 | /data/app/java/jdk1.7.0_80/bin/brook_itm_que_01
brook_itm_que_02 | /data/app/java/jdk1.7.0_80/bin/brook_itm_que_02
brook_label | /data/app/java/jdk1.7.0_80/bin/brook_label
brook_orr_que_01 | /data/app/java/jdk1.7.0_80/bin/brook_orr_que_01
brook_ord_que_02 | /data/app/java/jdk1.7.0_80/bin/brook_ord_que_02
brook_ord_que_03 | /data/app/java/jdk1.7.0_80/bin/brook_ord_que_03
brook_replreq | /data/app/java/jdk1.7.0_80/bin/brook_replreq
brook_report | /data/app/java/jdk1.7.0_80/bin/brook_report
brook_1_report | /data/app/java/jdk1.7.0_80/bin/brook_1_report
brook_2_report | /data/app/java/jdk1.7.0_80/bin/brook_2_report
brook_rptjqgrid | /data/app/java/jdk1.7.0_80/bin/brook_rptjqgrid
brook_schdler | /data/app/java/jdk1.7.0_80/bin/brook_schdler
brook_filupload | /data/app/java/jdk1.7.0_80/bin/brook_filupload
brook_wavecd | /data/app/java/jdk1.7.0_80/bin/brook_wavecd
brook_waveld | /data/app/java/jdk1.7.0_80/bin/brook_waveld
brwcsinbound | /data/app/java/jdk1.7.0_80/bin/brwcsinbound
brwcsoutbound | /data/app/java/jdk1.7.0_80/bin/brwcsoutbound
brook_relcd | /data/app/java/jdk1.7.0_80/bin/brook_relcd
brook_inv | /data/app/java/jdk1.7.0_80/bin/brook_inv
brooksprd_ptcd | /data/app/java/jdk1.7.0_80/bin/brooksprd_ptcd
brooksprd_bre | /data/app/java/jdk1.7.0_80/bin/brooksprd_bre
brooks_downloaddaemonlong | /data/batchapp/softeon/brooksprod/downloaddaemonlong

==============================================================================
JBOSS/WILDFLY APPS (simple table)
==============================================================================
JBoss App Processes | 0
JBoss Apps | None

==============================================================================
Server Availability Check Completed | 2026-04-26 04:19:19.645625
==============================================================================

2026-04-26 00:19:48,220 - 1262930 - ERROR - app_validation.py errors for i-0db01badc5932905f:

2026-04-26 00:19:48,222 - 1262930 - INFO - After patching validation saved to: /data/patching_report/validation-2026-04-26/q2-brooks-prod-batch/172.29.70.53/172.29.70.53-AfterPatching-2026-04-26-00-19-48-221.log
2026-04-26 00:19:48,273 - 1262930 - INFO - Validation comparison report generated: /data/patching_report/validation-2026-04-26/q2-brooks-prod-batch/172.29.70.53/172.29.70.53-Validation-details-2026-04-26-00-19-48-221.html
2026-04-26 00:19:48,341 - 1262930 - INFO - Email sent successfully to ['CloudOps@softeon.com', 'kishlayk@softeon.com']
2026-04-26 00:19:48,341 - 1262930 - INFO - HTML validation report email sent for i-0db01badc5932905f
2026-04-26 00:19:48,465 - 1262930 - INFO - Started i-0db01badc5932905f in 0:01:36.730015
2026-04-26 00:19:48,466 - 1262930 - INFO - All instances processed.
2026-04-26 00:19:48,468 - 1262930 - INFO - Restart Total time: 0:04:43.267403
2026-04-26 00:19:48,468 - 1262930 - INFO - Auto-confirmed services are restarted
2026-04-26 00:19:48,468 - 1262930 - INFO - Confirmed - services are started
2026-04-26 00:19:48,578 - 1262930 - INFO - The following instances have failed the patch: []
2026-04-26 00:19:48,578 - 1262930 - INFO - No instances have failed the patch.
2026-04-26 00:19:48,578 - 1262930 - INFO - Total Patch Process time: 0:09:46.109946
2026-04-26 00:20:48,931 - 1262930 - INFO - Log file ./logs/patching_2026-04-26_q2-brooks-prod-batch.log uploaded to s3://q2-2026-aws-security-patching/q2-brooks-prod-batch_Patch/2026-04-26/patching_2026-04-26_q2-brooks-prod-batch.log
