2026-07-01 01:00:04,734 - 3556810 - INFO - Email sent successfully to ['CloudOps@softeon.com']
2026-07-01 01:13:31,339 - 3556810 - INFO - Email sent successfully to ['CloudOps@softeon.com']
2026-07-01 01:13:31,528 - 3556810 - INFO - Log file ./logs/backup_2026-07-01.log uploaded to s3://q3-2025-aws-security-patching/Brooks-UAT_Patch_Backup/2026-07-01/backup_2026-07-01.log
2026-07-01 05:00:04,287 - 3567279 - INFO - Logger setup has been removed, using shared logger from common.logs.logger.
2026-07-01 05:00:04,290 - 3567279 - INFO - Script Start Time: 2026-07-01 05:00:04
2026-07-01 05:00:04,696 - 3567279 - INFO - Instance(s) selected for Patching: {'i-034f4a12a0b84ba1c': '172.29.70.49', 'i-03686611dd51db3dc': '172.29.70.14'}
2026-07-01 05:00:04,789 - 3567279 - INFO - Email sent successfully to ['CloudOps@softeon.com']
2026-07-01 05:00:04,789 - 3567279 - INFO - Now patching instances at: 2026-07-01 05:00:04
2026-07-01 05:00:10,245 - 3567279 - INFO - i-034f4a12a0b84ba1c: Cron was active = False
2026-07-01 05:00:15,507 - 3567279 - INFO - i-03686611dd51db3dc: Cron was active = True
2026-07-01 05:00:15,754 - 3567279 - INFO - Health monitor crontab disabled on all instances
2026-07-01 05:00:15,756 - 3567279 - INFO - Disabled cron for: ['i-03686611dd51db3dc']
2026-07-01 05:00:15,948 - 3567279 - INFO - Sent app_validation.py to i-034f4a12a0b84ba1c (command_id: b6f2962a-0e80-4a27-b2ad-85b157e754b6)
2026-07-01 05:00:46,056 - 3567279 - INFO - app_validation.py output for i-034f4a12a0b84ba1c:

==============================================================================
Server Availability Check Started | 2026-07-01 09:00:16.280645
==============================================================================

==============================================================================
SYSTEM INFORMATION
==============================================================================
Server IP | 172.29.70.49
Hostname | ip-172-29-70-49
Current User | root
Working Directory | /usr/bin
Time Zone | UTC

==============================================================================
STORAGE CHECK | /data mounts
==============================================================================
Filesystem | Size | Used | Avail | Use% | Mounted on
/dev/nvme1n1p2 | 279.9G | 118.9G | 161.0G | 42% | /data

==============================================================================
SYMLINK CHECK | root (/)
==============================================================================
Symlinks Total | 4
Symlinks Valid | 4
Symlinks Invalid | 0
Symlink | ResolvedTarget
/bin | /usr/bin
/lib | /usr/lib
/lib64 | /usr/lib64
/sbin | /usr/sbin

==============================================================================
NFS CHECK
==============================================================================
NFS Package Installed | Yes
nfs-server.service Active | No
nfs-client.target Active | Yes
/etc/exports Present | Yes
EXPORTS_LINE | (empty)
NFS Mounted Shares | None

==============================================================================
CUPS CHECK
==============================================================================
CUPS Installed | Yes
CUPS Running | Yes
CUPS Version | 1.7.5
CUPS IP URL (http://172.29.70.49:631) | 200
Cups server Http Status | 200
Cups printers Http Status | 200
Printers Configured | 9

==============================================================================
FTP CHECK
==============================================================================
FTP Installed | No
FTP Running (Port 21 localhost) | No
FTP Port 21 Reachable on 172.29.70.49 | No
FTP Processes | None

==============================================================================
JAVA CHECK
==============================================================================
Total Java Processes | 32
Batch/Daemon Java Processes | 30
Non-Standalone Java Processes | brooksdev_downloaddaemon, brooksdev_eventdaemon, brooksdev_labeldaemon, brooksdev_reportdaemon, brooksdev_reportjqgridexportdaemon, brooksdev_schedulerdaemon, brooksdev_uploadblobdaemon, brooksdev_ftpagent, brooksdev_wavelaunchdaemon, brooksdev_uploadmasterdaemon, brooksdev_uploadaccountdaemon, brooksdev_uploadcustomerdaemon, brooksdev_replenishmentrequestdaemon, brooksdev_simulationlpoutbounddaemon, brooksdev_lpin, brwcssimulation, brooksdev_autopick, brdev_dfiletoblobd, brookstest_asnpouploaddaemon, brookstest_custaccuploaddaemon, brookstest_interfaceallocationdaemon, brookstest_itemuploaddaemon1, brookstest_itemuploaddaemon2, brookstest_orderuploaddaemon1, brookstest_orderuploaddaemon2, brookstest_orderuploaddaemon3, brooksdev_asnporetuploaddaemon, brooksdev_replpickloccanceldaemon, brooksdev_wavecreatedaemon, brooksdev_ptcdaemon

==============================================================================
BATCH/DAEMON JAVA DETAILS
==============================================================================
Batch/Daemon Java Processes | 30
Java-Name | Java-Path
brooksdev_downloaddaemon | /data/app/java/jdk1.7.0_80/bin/brooksdev_downloaddaemon
brooksdev_eventdaemon | /data/app/java/jdk1.7.0_80/bin/brooksdev_eventdaemon
brooksdev_labeldaemon | /data/app/java/jdk1.7.0_80/bin/brooksdev_labeldaemon
brooksdev_reportdaemon | /data/app/java/jdk1.7.0_80/bin/brooksdev_reportdaemon
brooksdev_reportjqgridexportdaemon | /data/app/java/jdk1.7.0_80/bin/brooksdev_reportjqgridexportdaemon
brooksdev_schedulerdaemon | /data/app/java/jdk1.7.0_80/bin/brooksdev_schedulerdaemon
brooksdev_uploadblobdaemon | /data/app/java/jdk1.7.0_80/bin/brooksdev_uploadblobdaemon
brooksdev_ftpagent | /data/app/java/jdk1.7.0_80/bin/brooksdev_ftpagent
brooksdev_wavelaunchdaemon | /data/app/java/jdk1.7.0_80/bin/brooksdev_wavelaunchdaemon
brooksdev_uploadmasterdaemon | /data/app/java/jdk1.7.0_80/bin/brooksdev_uploadmasterdaemon
brooksdev_uploadaccountdaemon | /data/app/java/jdk1.7.0_80/bin/brooksdev_uploadaccountdaemon
brooksdev_uploadcustomerdaemon | /data/app/java/jdk1.7.0_80/bin/brooksdev_uploadcustomerdaemon
brooksdev_replenishmentrequestdaemon | /data/app/java/jdk1.7.0_80/bin/brooksdev_replenishmentrequestdaemon
brooksdev_simulationlpoutbounddaemon | /data/app/java/jdk1.7.0_80/bin/brooksdev_simulationlpoutbounddaemon
brooksdev_lpin | /data/app/java/jdk1.7.0_80/bin/brooksdev_lpin
brwcssimulation | /data/app/java/jdk1.7.0_80/bin/brwcssimulation
brooksdev_autopick | /data/app/java/jdk1.7.0_80/bin/brooksdev_autopick
brdev_dfiletoblobd | /data/app/java/jdk1.7.0_80/bin/brdev_dfiletoblobd
brookstest_asnpouploaddaemon | /data/app/java/jdk1.7.0_80/bin/brookstest_asnpouploaddaemon
brookstest_custaccuploaddaemon | /data/app/java/jdk1.7.0_80/bin/brookstest_custaccuploaddaemon
brookstest_interfaceallocationdaemon | /data/app/java/jdk1.7.0_80/bin/brookstest_interfaceallocationdaemon
brookstest_itemuploaddaemon1 | /data/app/java/jdk1.7.0_80/bin/brookstest_itemuploaddaemon1
brookstest_itemuploaddaemon2 | /data/app/java/jdk1.7.0_80/bin/brookstest_itemuploaddaemon2
brookstest_orderuploaddaemon1 | /data/app/java/jdk1.7.0_80/bin/brookstest_orderuploaddaemon1
brookstest_orderuploaddaemon2 | /data/app/java/jdk1.7.0_80/bin/brookstest_orderuploaddaemon2
brookstest_orderuploaddaemon3 | /data/app/java/jdk1.7.0_80/bin/brookstest_orderuploaddaemon3
brooksdev_asnporetuploaddaemon | /data/app/java/jdk1.7.0_80/bin/brooksdev_asnporetuploaddaemon
brooksdev_replpickloccanceldaemon | /data/app/java/jdk1.7.0_80/bin/brooksdev_replpickloccanceldaemon
brooksdev_wavecreatedaemon | /data/app/java/jdk1.7.0_80/bin/brooksdev_wavecreatedaemon
brooksdev_ptcdaemon | /data/app/java/jdk1.7.0_80/bin/brooksdev_ptcdaemon

==============================================================================
JBOSS/WILDFLY APPS (simple table)
==============================================================================
JBoss App Processes | 2
PID | AppName | JbossVersion | Java-Name | Port | URL | Status | Code | SSL-Status | App-Path
946017 | brooksdev | app | brooksdev_jboss | 80 | 172.29.70.49:80 | UP | 200 | Disabled | /data/app/jboss62eap/brooksdev/standalone
946118 | brooksrfdev | app | brooksrfdev_jboss | 8080 | 172.29.70.49:8080 | UP | 200 | Disabled | /data/app/jboss62eap/brooksrfdev/standalone

==============================================================================
Server Availability Check Completed | 2026-07-01 09:00:17.147823
==============================================================================

2026-07-01 05:00:46,056 - 3567279 - ERROR - app_validation.py errors for i-034f4a12a0b84ba1c:

2026-07-01 05:00:46,058 - 3567279 - INFO - Before patching log saved: /data/patching_report/validation-2026-07-01/Brooks-UAT/172.29.70.49/172.29.70.49-BeforePatching-2026-07-01-05-00-46-057.log
2026-07-01 05:00:46,243 - 3567279 - INFO - Sent app_validation.py to i-03686611dd51db3dc (command_id: e0342b15-5d95-4ae4-8270-026092b16aef)
2026-07-01 05:01:16,329 - 3567279 - INFO - app_validation.py output for i-03686611dd51db3dc:

==============================================================================
Server Availability Check Started | 2026-07-01 09:00:46.854557
==============================================================================

==============================================================================
SYSTEM INFORMATION
==============================================================================
Server IP | 172.29.70.14
Hostname | ip-172-29-70-14
Current User | root
Working Directory | /usr/bin
Time Zone | UTC

==============================================================================
STORAGE CHECK | /data mounts
==============================================================================
Filesystem | Size | Used | Avail | Use% | Mounted on
/dev/xvdb2 | 279.9G | 122.1G | 157.7G | 43% | /data

==============================================================================
SYMLINK CHECK | root (/)
==============================================================================
Symlinks Total | 6
Symlinks Valid | 6
Symlinks Invalid | 0
Symlink | ResolvedTarget
/bin | /usr/bin
/data2 | /data/data2
/data3 | /data/data3
/lib | /usr/lib
/lib64 | /usr/lib64
/sbin | /usr/sbin

==============================================================================
NFS CHECK
==============================================================================
NFS Package Installed | Yes
nfs-server.service Active | No
nfs-client.target Active | Yes
/etc/exports Present | Yes
EXPORTS_LINE | (empty)
NFS Mounted Shares | None

==============================================================================
CUPS CHECK
==============================================================================
CUPS Installed | Yes
CUPS Running | Yes
CUPS Version | 1.7.5
CUPS IP URL (http://172.29.70.14:631) | 200
Cups server Http Status | 200
Cups printers Http Status | 200
Printers Configured | 76

==============================================================================
FTP CHECK
==============================================================================
FTP Installed | No
FTP Running (Port 21 localhost) | No
FTP Port 21 Reachable on 172.29.70.14 | No
FTP Processes | None

==============================================================================
JAVA CHECK
==============================================================================
Total Java Processes | 34
Batch/Daemon Java Processes | 31
Non-Standalone Java Processes | brooksuat_hsqldb, brooksuat_ec, brook_po_ret_01, brook_ans_po_01, brooks_autopick, brooksuat_breruleenginedaemon, brook_cust_queue, brooksuat_downloaddaemon, brooksuat_dfiletoblobd, brooksuat_eventdaemon, brooksuat_ftpagent, brook_ialloc, brook_itm_que_01, brook_itm_que_02, brooksuat_labeldaemon, brooksuat_lpinsim, brook_orr_que_01, brook_ord_que_02, brook_ord_que_03, brooksuat_ptcdaemon, brooksuat_replenishmentrequestdaemon, brooksuat_relcd, brooksuat_reportdaemon, brooksuat_reportjqgridexportdaemon, brooksuat_schedulerdaemon, brooksuat_simulationlpoutbounddaemon, brooksuat_uploadblobdaemon, brooksuat_wavecreatedaemon, brooksuat_wavelaunchdaemon, brwcssimulation, brooksuat_downloaddaemonlong

==============================================================================
BATCH/DAEMON JAVA DETAILS
==============================================================================
Batch/Daemon Java Processes | 31
Java-Name | Java-Path
brooksuat_hsqldb | /data/app/workspace/client_release/attunedlabs/softwares/hsql/data
brooksuat_ec | /data/app/workspace/client_release/attunedlabs/softwares/release
brook_po_ret_01 | /data/app/java/jdk1.7.0_80/bin/brook_po_ret_01
brook_ans_po_01 | /data/app/java/jdk1.7.0_80/bin/brook_ans_po_01
brooks_autopick | /data/app/java/jdk1.7.0_80/bin/brooks_autopick
brooksuat_breruleenginedaemon | /data/app/java/jdk1.7.0_80/bin/brooksuat_breruleenginedaemon
brook_cust_queue | /data/app/java/jdk1.7.0_80/bin/brook_cust_queue
brooksuat_downloaddaemon | /data/app/java/jdk1.7.0_80/bin/brooksuat_downloaddaemon
brooksuat_dfiletoblobd | /data/app/java/jdk1.7.0_80/bin/brooksuat_dfiletoblobd
brooksuat_eventdaemon | /data/app/java/jdk1.7.0_80/bin/brooksuat_eventdaemon
brooksuat_ftpagent | /data/batchapp/brooksuat/ftpagent
brook_ialloc | /data/app/java/jdk1.7.0_80/bin/brook_ialloc
brook_itm_que_01 | /data/app/java/jdk1.7.0_80/bin/brook_itm_que_01
brook_itm_que_02 | /data/app/java/jdk1.7.0_80/bin/brook_itm_que_02
brooksuat_labeldaemon | /data/app/java/jdk1.7.0_80/bin/brooksuat_labeldaemon
brooksuat_lpinsim | /data/app/java/jdk1.7.0_80/bin/brooksuat_lpinsim
brook_orr_que_01 | /data/app/java/jdk1.7.0_80/bin/brook_orr_que_01
brook_ord_que_02 | /data/app/java/jdk1.7.0_80/bin/brook_ord_que_02
brook_ord_que_03 | /data/app/java/jdk1.7.0_80/bin/brook_ord_que_03
brooksuat_ptcdaemon | /data/app/java/jdk1.7.0_80/bin/brooksuat_ptcdaemon
brooksuat_replenishmentrequestdaemon | /data/app/java/jdk1.7.0_80/bin/brooksuat_replenishmentrequestdaemon
brooksuat_relcd | /data/app/java/jdk1.7.0_80/bin/brooksuat_relcd
brooksuat_reportdaemon | /data/app/java/jdk1.7.0_80/bin/brooksuat_reportdaemon
brooksuat_reportjqgridexportdaemon | /data/app/java/jdk1.7.0_80/bin/brooksuat_reportjqgridexportdaemon
brooksuat_schedulerdaemon | /data/app/java/jdk1.7.0_80/bin/brooksuat_schedulerdaemon
brooksuat_simulationlpoutbounddaemon | /data/app/java/jdk1.7.0_80/bin/brooksuat_simulationlpoutbounddaemon
brooksuat_uploadblobdaemon | /data/app/java/jdk1.7.0_80/bin/brooksuat_uploadblobdaemon
brooksuat_wavecreatedaemon | /data/app/java/jdk1.7.0_80/bin/brooksuat_wavecreatedaemon
brooksuat_wavelaunchdaemon | /data/app/java/jdk1.7.0_80/bin/brooksuat_wavelaunchdaemon
brwcssimulation | /data/app/java/jdk1.7.0_80/bin/brwcssimulation
brooksuat_downloaddaemonlong | /data/batchapp/brooksuat/downloaddaemonlong

==============================================================================
JBOSS/WILDFLY APPS (simple table)
==============================================================================
JBoss App Processes | 2
PID | AppName | JbossVersion | Java-Name | Port | URL | Status | Code | SSL-Status | App-Path
2314597 | brooksrfuat | app | brooksrfuat_jb6 | 8080 | 172.29.70.14:8080 | UP | 200 | Disabled | /data/app/jboss62eap/brooksrfuat/standalone
2314467 | brooksuat | app | brooks_uatjboss | 80 | 172.29.70.14:80 | UP | 200 | Disabled | /data/app/jboss62eap/brooksuat/standalone

==============================================================================
Server Availability Check Completed | 2026-07-01 09:00:49.803212
==============================================================================

2026-07-01 05:01:16,329 - 3567279 - ERROR - app_validation.py errors for i-03686611dd51db3dc:

2026-07-01 05:01:16,331 - 3567279 - INFO - Before patching log saved: /data/patching_report/validation-2026-07-01/Brooks-UAT/172.29.70.14/172.29.70.14-BeforePatching-2026-07-01-05-01-16-330.log
2026-07-01 05:01:16,506 - 3567279 - INFO - Sending patch command to instance i-034f4a12a0b84ba1c
2026-07-01 05:01:16,629 - 3567279 - INFO - Command sent successfully to instance i-034f4a12a0b84ba1c. Command ID: c864d7c6-aeaf-4d58-9ca6-e17d61ffa516
2026-07-01 05:01:16,769 - 3567279 - INFO - Sending patch command to instance i-03686611dd51db3dc
2026-07-01 05:01:16,866 - 3567279 - INFO - Command sent successfully to instance i-03686611dd51db3dc. Command ID: 8963ab00-3713-49ff-bd77-1a5146a073a7
2026-07-01 05:18:21,133 - 3567279 - INFO - All patches applied successfully.
2026-07-01 05:18:21,134 - 3567279 - INFO - Patching end time: 2026-07-01 05:18:21
2026-07-01 05:18:21,134 - 3567279 - INFO - Patch Elapsed time: 0:18:16.344803
2026-07-01 05:18:21,216 - 3567279 - INFO - Email sent successfully to ['CloudOps@softeon.com']
2026-07-01 05:18:21,216 - 3567279 - INFO - Confirmed - services are stopped
2026-07-01 05:18:41,841 - 3567279 - INFO - Discovered TG map: {'i-03686611dd51db3dc': ['arn:aws:elasticloadbalancing:us-east-1:835314132208:targetgroup/Brooks-UAT-Desktop/aab3819d0afd1417'], 'i-034f4a12a0b84ba1c': ['arn:aws:elasticloadbalancing:us-east-1:835314132208:targetgroup/Brooks-Dev-Private/b834d02e2d7a004b', 'arn:aws:elasticloadbalancing:us-east-1:835314132208:targetgroup/Brooks-Dev-RF-Private/dc1df24a1cdab85e']}
2026-07-01 05:18:42,077 - 3567279 - INFO - Deregistering i-034f4a12a0b84ba1c from TG arn:aws:elasticloadbalancing:us-east-1:835314132208:targetgroup/Brooks-Dev-Private/b834d02e2d7a004b
2026-07-01 05:18:42,151 - 3567279 - INFO - Deregistering i-034f4a12a0b84ba1c from TG arn:aws:elasticloadbalancing:us-east-1:835314132208:targetgroup/Brooks-Dev-RF-Private/dc1df24a1cdab85e
2026-07-01 05:18:42,198 - 3567279 - INFO - Stopping EC2 instance: i-034f4a12a0b84ba1c at 2026-07-01 05:18:42
2026-07-01 05:19:58,418 - 3567279 - INFO - Instance i-034f4a12a0b84ba1c stopped successfully.
2026-07-01 05:19:58,703 - 3567279 - INFO - Stopped i-034f4a12a0b84ba1c in 0:01:16.505678
2026-07-01 05:19:58,704 - 3567279 - INFO - Starting EC2 instance: i-034f4a12a0b84ba1c
2026-07-01 05:20:14,825 - 3567279 - INFO - Instance i-034f4a12a0b84ba1c started successfully.
2026-07-01 05:20:14,826 - 3567279 - INFO - Waiting 100 seconds for SSM agent to be ready on i-034f4a12a0b84ba1c...
2026-07-01 05:21:54,851 - 3567279 - INFO - Registering i-034f4a12a0b84ba1c to TG arn:aws:elasticloadbalancing:us-east-1:835314132208:targetgroup/Brooks-Dev-Private/b834d02e2d7a004b
2026-07-01 05:21:55,070 - 3567279 - INFO - Registering i-034f4a12a0b84ba1c to TG arn:aws:elasticloadbalancing:us-east-1:835314132208:targetgroup/Brooks-Dev-RF-Private/dc1df24a1cdab85e
2026-07-01 05:22:25,519 - 3567279 - INFO - Sent app_validation.py to i-034f4a12a0b84ba1c (command_id: 585c97cb-0b7f-423f-b6e9-c6260f8635c9)
2026-07-01 05:22:55,612 - 3567279 - INFO - app_validation.py output for i-034f4a12a0b84ba1c:

==============================================================================
Server Availability Check Started | 2026-07-01 09:22:25.794705
==============================================================================

==============================================================================
SYSTEM INFORMATION
==============================================================================
Server IP | 172.29.70.49
Hostname | ip-172-29-70-49
Current User | root
Working Directory | /usr/bin
Time Zone | UTC

==============================================================================
STORAGE CHECK | /data mounts
==============================================================================
Filesystem | Size | Used | Avail | Use% | Mounted on
/dev/nvme1n1p2 | 279.9G | 118.9G | 161.0G | 42% | /data

==============================================================================
SYMLINK CHECK | root (/)
==============================================================================
Symlinks Total | 4
Symlinks Valid | 4
Symlinks Invalid | 0
Symlink | ResolvedTarget
/bin | /usr/bin
/lib | /usr/lib
/lib64 | /usr/lib64
/sbin | /usr/sbin

==============================================================================
NFS CHECK
==============================================================================
NFS Package Installed | Yes
nfs-server.service Active | No
nfs-client.target Active | Yes
/etc/exports Present | Yes
EXPORTS_LINE | (empty)
NFS Mounted Shares | None

==============================================================================
CUPS CHECK
==============================================================================
CUPS Installed | Yes
CUPS Running | Yes
CUPS Version | 1.7.5
CUPS IP URL (http://172.29.70.49:631) | 200
Cups server Http Status | 200
Cups printers Http Status | 200
Printers Configured | 9

==============================================================================
FTP CHECK
==============================================================================
FTP Installed | No
FTP Running (Port 21 localhost) | No
FTP Port 21 Reachable on 172.29.70.49 | No
FTP Processes | None

==============================================================================
JAVA CHECK
==============================================================================
Total Java Processes | 2
Batch/Daemon Java Processes | 0
Non-Standalone Java Processes | Not Found

==============================================================================
BATCH/DAEMON JAVA DETAILS
==============================================================================
Batch/Daemon Java Processes | 0
Batch/Daemon Java Details | None

==============================================================================
JBOSS/WILDFLY APPS (simple table)
==============================================================================
JBoss App Processes | 2
PID | AppName | JbossVersion | Java-Name | Port | URL | Status | Code | SSL-Status | App-Path
3038 | brooksdev | app | brooksdev_jboss | 80 | 172.29.70.49:80 | UP | 200 | Disabled | /data/app/jboss62eap/brooksdev/standalone
3034 | brooksrfdev | app | brooksrfdev_jboss | 8080 | 172.29.70.49:8080 | UP | 200 | Disabled | /data/app/jboss62eap/brooksrfdev/standalone

==============================================================================
Server Availability Check Completed | 2026-07-01 09:22:26.860900
==============================================================================

2026-07-01 05:22:55,612 - 3567279 - ERROR - app_validation.py errors for i-034f4a12a0b84ba1c:

2026-07-01 05:22:55,614 - 3567279 - INFO - After patching validation saved to: /data/patching_report/validation-2026-07-01/Brooks-UAT/172.29.70.49/172.29.70.49-AfterPatching-2026-07-01-05-22-55-614.log
2026-07-01 05:22:55,667 - 3567279 - INFO - Validation comparison report generated: /data/patching_report/validation-2026-07-01/Brooks-UAT/172.29.70.49/172.29.70.49-Validation-details-2026-07-01-05-22-55-614.html
2026-07-01 05:22:55,869 - 3567279 - INFO - Email sent successfully to ['kishlayk@softeon.com', 'clouOps@softeon.com']
2026-07-01 05:22:55,869 - 3567279 - INFO - HTML validation report email sent for i-034f4a12a0b84ba1c
2026-07-01 05:22:55,869 - 3567279 - INFO - i-034f4a12a0b84ba1c: Cron was not active before patching - skipping retry thread.
2026-07-01 05:22:56,122 - 3567279 - INFO - Started i-034f4a12a0b84ba1c in 0:02:57.418323
2026-07-01 05:22:56,123 - 3567279 - INFO - Waiting 120 seconds before proceeding to the next instance...
2026-07-01 05:24:56,163 - 3567279 - INFO - Deregistering i-03686611dd51db3dc from TG arn:aws:elasticloadbalancing:us-east-1:835314132208:targetgroup/Brooks-UAT-Desktop/aab3819d0afd1417
2026-07-01 05:24:56,251 - 3567279 - INFO - Stopping EC2 instance: i-03686611dd51db3dc at 2026-07-01 05:24:56
2026-07-01 05:26:27,549 - 3567279 - INFO - Instance i-03686611dd51db3dc stopped successfully.
2026-07-01 05:26:27,809 - 3567279 - INFO - Stopped i-03686611dd51db3dc in 0:01:31.558354
2026-07-01 05:26:27,810 - 3567279 - INFO - Starting EC2 instance: i-03686611dd51db3dc
2026-07-01 05:26:43,940 - 3567279 - INFO - Instance i-03686611dd51db3dc started successfully.
2026-07-01 05:26:43,940 - 3567279 - INFO - Waiting 100 seconds for SSM agent to be ready on i-03686611dd51db3dc...
2026-07-01 05:28:23,961 - 3567279 - INFO - Registering i-03686611dd51db3dc to TG arn:aws:elasticloadbalancing:us-east-1:835314132208:targetgroup/Brooks-UAT-Desktop/aab3819d0afd1417
2026-07-01 05:33:24,742 - 3567279 - WARNING - i-03686611dd51db3dc not healthy in arn:aws:elasticloadbalancing:us-east-1:835314132208:targetgroup/Brooks-UAT-Desktop/aab3819d0afd1417 after timeout.
2026-07-01 05:33:24,896 - 3567279 - INFO - Email sent successfully to ['kishlayk@softeon.com', 'clouOps@softeon.com']
2026-07-01 05:33:24,896 - 3567279 - ERROR - Aborting workflow: i-03686611dd51db3dc is not healthy after restart.
2026-07-01 05:33:24,901 - 3567279 - INFO - Restart Total time: 0:15:03.556490
2026-07-01 05:33:24,901 - 3567279 - INFO - Auto-confirmed services are restarted
2026-07-01 05:33:24,901 - 3567279 - INFO - Confirmed - services are started
2026-07-01 05:33:25,146 - 3567279 - INFO - The following instances have failed the patch: []
2026-07-01 05:33:25,146 - 3567279 - INFO - No instances have failed the patch.
2026-07-01 05:33:25,146 - 3567279 - INFO - Total Patch Process time: 0:33:20.858448
2026-07-01 05:34:25,595 - 3567279 - INFO - Log file ./logs/patching_2026-07-01_Brooks-UAT.log uploaded to s3://q3-2026-aws-security-patching/Brooks-UAT_Patch/2026-07-01/patching_2026-07-01_Brooks-UAT.log
