2026-05-23 03:40:02,458 - 1451805 - INFO - Logger setup has been removed, using shared logger from common.logs.logger.
2026-05-23 03:40:02,458 - 1451805 - INFO - Script Start Time: 2026-05-23 03:40:02
2026-05-23 03:40:03,095 - 1451805 - INFO - Instance(s) selected for Patching: {'i-0e699478baf4cc5b0': '10.64.12.58'}
2026-05-23 03:40:03,167 - 1451805 - INFO - Email sent successfully to ['CloudOps@softeon.com']
2026-05-23 03:40:03,167 - 1451805 - INFO - Now patching instances at: 2026-05-23 03:40:03
2026-05-23 03:40:03,355 - 1451805 - INFO - Sending patch command to instance i-0e699478baf4cc5b0
2026-05-23 03:40:03,522 - 1451805 - INFO - Command sent successfully to instance i-0e699478baf4cc5b0. Command ID: 7a654fa3-6e1b-43f9-bbcb-ffef0301e5f7
2026-05-23 03:47:35,539 - 1451805 - INFO - All patches applied successfully.
2026-05-23 03:47:35,540 - 1451805 - INFO - Patching end time: 2026-05-23 03:47:35
2026-05-23 03:47:35,540 - 1451805 - INFO - Patch Elapsed time: 0:07:32.372665
2026-05-23 03:47:35,609 - 1451805 - INFO - Email sent successfully to ['CloudOps@softeon.com']
2026-05-23 03:47:35,609 - 1451805 - INFO - Confirmed - services are stopped
2026-05-23 03:47:43,298 - 1451805 - INFO - Discovered TG map: {}
2026-05-23 03:47:43,813 - 1451805 - INFO - Sent app_validation.py to i-0e699478baf4cc5b0 (command_id: 57e3e38b-50d8-47ff-b5fe-49fc8c665791)
2026-05-23 03:48:13,914 - 1451805 - INFO - app_validation.py output for i-0e699478baf4cc5b0:

==============================================================================
Server Availability Check Started | 2026-05-23 07:47:44.093281
==============================================================================

==============================================================================
SYSTEM INFORMATION
==============================================================================
Server IP | 10.64.12.58
Hostname | ip-10-64-12-58.us-east-2.compute.internal
Current User | root
Working Directory | /usr/bin
Time Zone | UTC

==============================================================================
STORAGE CHECK | /data mounts
==============================================================================
Filesystem | Size | Used | Avail | Use% | Mounted on
/dev/nvme1n1p2 | 289.9G | 122.1G | 167.7G | 42% | /data
fs-c14c83ba.efs.us-east-2.amazonaws.com:/ | 0B | 10.8T | 0B | 0% | /data2

==============================================================================
SYMLINK CHECK | root (/)
==============================================================================
Symlinks Total | 4
Symlinks Valid | 4
Symlinks Invalid | 0
Symlink | ResolvedTarget
/bin | /usr/bin
/lib | /usr/lib
/lib64 | /usr/lib64
/sbin | /usr/sbin

==============================================================================
NFS CHECK
==============================================================================
NFS Package Installed | Yes
nfs-server.service Active | No
nfs-client.target Active | Yes
/etc/exports Present | Yes
EXPORTS_LINE | (empty)
NFS_MOUNT | Device | MountPoint | FSType
NFS_MOUNT | fs-c14c83ba.efs.us-east-2.amazonaws.com:/ | /data2 | nfs4

==============================================================================
CUPS CHECK
==============================================================================
CUPS Installed | Yes
CUPS Running | Yes
CUPS Version | 1.7.5
CUPS IP URL (http://10.64.12.58:631) | 200
Cups server Http Status | 200
Cups printers Http Status | 200
Printers Configured | 48

==============================================================================
FTP CHECK
==============================================================================
FTP Installed | No
FTP Running (Port 21 localhost) | No
FTP Port 21 Reachable on 10.64.12.58 | No
FTP Processes | None

==============================================================================
JAVA CHECK
==============================================================================
Total Java Processes | 21
Batch/Daemon Java Processes | 20
Non-Standalone Java Processes | dibsso_vomobadm, dibstge_2vomob, wmswco_2vomob, wmswco_3vomob, wmswco_abchdis, wmswco_ccd, wmswco_dwa, wmswco_event, wmswco_ftp, wmswco_harp, wmswco_lbl, wmswco_repl, wmswco_rccl, wmswco_rpt, wmswco_1rpt, wmswco_jqgrid, wmswco_sch, wmswco_inbq, wmswco_wld, wmswco_zplp

==============================================================================
BATCH/DAEMON JAVA DETAILS
==============================================================================
Batch/Daemon Java Processes | 20
Java-Name | Java-Path
dibsso_vomobadm | /data/batchapp/softeon/dibssoprod/voiceadminserver
dibstge_2vomob | /data/batchapp/softeon/dibstage/voicemobiledaemon2
wmswco_2vomob | /data/batchapp/softeon/dibwmswcoprod/voicemobiledaemon2
wmswco_3vomob | /data/batchapp/softeon/dibwmswcoprod/voicemobiledaemon3
wmswco_abchdis | /data/batchapp/softeon/dibwmswcoprod/autobatchdistributiondaemon
wmswco_ccd | /data/batchapp/softeon/dibwmswcoprod/clustercreationdaemon
wmswco_dwa | /data/batchapp/softeon/dibwmswcoprod/downloaddaemon
wmswco_event | /data/batchapp/softeon/dibwmswcoprod/eventdaemon
wmswco_ftp | /data/batchapp/softeon/dibwmswcoprod/ftpdaemon
wmswco_harp | /data/batchapp/softeon/dibwmswcoprod/hardallocationdaemon
wmswco_lbl | /data/batchapp/softeon/dibwmswcoprod/labeldaemon
wmswco_repl | /data/batchapp/softeon/dibwmswcoprod/replenishmentdaemon
wmswco_rccl | /data/batchapp/softeon/dibwmswcoprod/replenishmentpickloccanceldaemon
wmswco_rpt | /data/batchapp/softeon/dibwmswcoprod/reportdaemon
wmswco_1rpt | /data/batchapp/softeon/dibwmswcoprod/reportdaemon1
wmswco_jqgrid | /data/batchapp/softeon/dibwmswcoprod/reportjqgridexportdaemon
wmswco_sch | /data/batchapp/softeon/dibwmswcoprod/schedulerdaemon
wmswco_inbq | /data/batchapp/softeon/dibwmswcoprod/uploaddaemon
wmswco_wld | /data/batchapp/softeon/dibwmswcoprod/wavelaunchdaemon
wmswco_zplp | /data/batchapp/softeon/dibwmswcoprod/zebraprintdaemon

==============================================================================
JBOSS/WILDFLY APPS (simple table)
==============================================================================
JBoss App Processes | 0
JBoss Apps | None

==============================================================================
Server Availability Check Completed | 2026-05-23 07:47:44.801388
==============================================================================

2026-05-23 03:48:13,914 - 1451805 - ERROR - app_validation.py errors for i-0e699478baf4cc5b0:

2026-05-23 03:48:13,916 - 1451805 - INFO - Before patching validation saved to: /data/patching_report/validation-2026-05-23/DIB-WCO-Batch/10.64.12.58/10.64.12.58-BeforePatching-2026-05-23-03-48-13-915.log
2026-05-23 03:48:13,916 - 1451805 - INFO - Stopping EC2 instance: i-0e699478baf4cc5b0 at 2026-05-23 03:48:13
2026-05-23 03:50:30,488 - 1451805 - INFO - Instance i-0e699478baf4cc5b0 stopped successfully.
2026-05-23 03:50:30,634 - 1451805 - INFO - Stopped i-0e699478baf4cc5b0 in 0:02:16.718045
2026-05-23 03:50:30,634 - 1451805 - INFO - Starting EC2 instance: i-0e699478baf4cc5b0
2026-05-23 03:50:46,519 - 1451805 - INFO - Instance i-0e699478baf4cc5b0 started successfully.
2026-05-23 03:50:46,519 - 1451805 - INFO - Waiting 100 seconds for SSM agent to be ready on i-0e699478baf4cc5b0...
2026-05-23 03:52:26,836 - 1451805 - INFO - Sent app_validation.py to i-0e699478baf4cc5b0 (command_id: 19188933-1d70-48a3-a16c-c035d2e33e69)
2026-05-23 03:52:56,898 - 1451805 - INFO - app_validation.py output for i-0e699478baf4cc5b0:

==============================================================================
Server Availability Check Started | 2026-05-23 07:52:27.155947
==============================================================================

==============================================================================
SYSTEM INFORMATION
==============================================================================
Server IP | 10.64.12.58
Hostname | ip-10-64-12-58.us-east-2.compute.internal
Current User | root
Working Directory | /usr/bin
Time Zone | UTC

==============================================================================
STORAGE CHECK | /data mounts
==============================================================================
Filesystem | Size | Used | Avail | Use% | Mounted on
/dev/nvme1n1p2 | 289.9G | 122.0G | 167.9G | 42% | /data
fs-c14c83ba.efs.us-east-2.amazonaws.com:/ | 0B | 10.8T | 0B | 0% | /data2

==============================================================================
SYMLINK CHECK | root (/)
==============================================================================
Symlinks Total | 4
Symlinks Valid | 4
Symlinks Invalid | 0
Symlink | ResolvedTarget
/bin | /usr/bin
/lib | /usr/lib
/lib64 | /usr/lib64
/sbin | /usr/sbin

==============================================================================
NFS CHECK
==============================================================================
NFS Package Installed | Yes
nfs-server.service Active | No
nfs-client.target Active | Yes
/etc/exports Present | Yes
EXPORTS_LINE | (empty)
NFS_MOUNT | Device | MountPoint | FSType
NFS_MOUNT | fs-c14c83ba.efs.us-east-2.amazonaws.com:/ | /data2 | nfs4

==============================================================================
CUPS CHECK
==============================================================================
CUPS Installed | Yes
CUPS Running | Yes
CUPS Version | 1.7.5
CUPS IP URL (http://10.64.12.58:631) | 200
Cups server Http Status | 200
Cups printers Http Status | 200
Printers Configured | 48

==============================================================================
FTP CHECK
==============================================================================
FTP Installed | No
FTP Running (Port 21 localhost) | No
FTP Port 21 Reachable on 10.64.12.58 | No
FTP Processes | None

==============================================================================
JAVA CHECK
==============================================================================
Total Java Processes | 20
Batch/Daemon Java Processes | 19
Non-Standalone Java Processes | wmswco_abchdis, dibstge_2vomob, wmswco_ccd, wmswco_dwa, wmswco_event, wmswco_ftp, wmswco_harp, wmswco_lbl, wmswco_repl, wmswco_rccl, wmswco_rpt, wmswco_1rpt, wmswco_jqgrid, wmswco_sch, wmswco_inbq, wmswco_2vomob, wmswco_3vomob, wmswco_wld, wmswco_zplp

==============================================================================
BATCH/DAEMON JAVA DETAILS
==============================================================================
Batch/Daemon Java Processes | 19
Java-Name | Java-Path
wmswco_abchdis | /data/batchapp/softeon/dibwmswcoprod/autobatchdistributiondaemon
dibstge_2vomob | /data/batchapp/softeon/dibstage/voicemobiledaemon2
wmswco_ccd | /data/batchapp/softeon/dibwmswcoprod/clustercreationdaemon
wmswco_dwa | /data/batchapp/softeon/dibwmswcoprod/downloaddaemon
wmswco_event | /data/batchapp/softeon/dibwmswcoprod/eventdaemon
wmswco_ftp | /data/batchapp/softeon/dibwmswcoprod/ftpdaemon
wmswco_harp | /data/batchapp/softeon/dibwmswcoprod/hardallocationdaemon
wmswco_lbl | /data/batchapp/softeon/dibwmswcoprod/labeldaemon
wmswco_repl | /data/batchapp/softeon/dibwmswcoprod/replenishmentdaemon
wmswco_rccl | /data/batchapp/softeon/dibwmswcoprod/replenishmentpickloccanceldaemon
wmswco_rpt | /data/batchapp/softeon/dibwmswcoprod/reportdaemon
wmswco_1rpt | /data/batchapp/softeon/dibwmswcoprod/reportdaemon1
wmswco_jqgrid | /data/batchapp/softeon/dibwmswcoprod/reportjqgridexportdaemon
wmswco_sch | /data/batchapp/softeon/dibwmswcoprod/schedulerdaemon
wmswco_inbq | /data/batchapp/softeon/dibwmswcoprod/uploaddaemon
wmswco_2vomob | /data/batchapp/softeon/dibwmswcoprod/voicemobiledaemon2
wmswco_3vomob | /data/batchapp/softeon/dibwmswcoprod/voicemobiledaemon3
wmswco_wld | /data/batchapp/softeon/dibwmswcoprod/wavelaunchdaemon
wmswco_zplp | /data/batchapp/softeon/dibwmswcoprod/zebraprintdaemon

==============================================================================
JBOSS/WILDFLY APPS (simple table)
==============================================================================
JBoss App Processes | 0
JBoss Apps | None

==============================================================================
Server Availability Check Completed | 2026-05-23 07:52:27.785932
==============================================================================

2026-05-23 03:52:56,898 - 1451805 - ERROR - app_validation.py errors for i-0e699478baf4cc5b0:

2026-05-23 03:52:56,900 - 1451805 - INFO - After patching validation saved to: /data/patching_report/validation-2026-05-23/DIB-WCO-Batch/10.64.12.58/10.64.12.58-AfterPatching-2026-05-23-03-52-56-899.log
2026-05-23 03:52:56,952 - 1451805 - INFO - Validation comparison report generated: /data/patching_report/validation-2026-05-23/DIB-WCO-Batch/10.64.12.58/10.64.12.58-Validation-details-2026-05-23-03-52-56-899.html
2026-05-23 03:52:57,217 - 1451805 - INFO - Email sent successfully to ['CloudOps@softeon.com', 'kishlayk@softeon.com']
2026-05-23 03:52:57,217 - 1451805 - INFO - HTML validation report email sent for i-0e699478baf4cc5b0
2026-05-23 03:52:57,469 - 1451805 - INFO - Started i-0e699478baf4cc5b0 in 0:02:26.834457
2026-05-23 03:52:57,469 - 1451805 - INFO - All instances processed.
2026-05-23 03:52:57,472 - 1451805 - INFO - Restart Total time: 0:05:21.732430
2026-05-23 03:52:57,473 - 1451805 - INFO - Auto-confirmed services are restarted
2026-05-23 03:52:57,473 - 1451805 - INFO - Confirmed - services are started
2026-05-23 03:52:57,587 - 1451805 - INFO - The following instances have failed the patch: []
2026-05-23 03:52:57,588 - 1451805 - INFO - No instances have failed the patch.
2026-05-23 03:52:57,588 - 1451805 - INFO - Total Patch Process time: 0:12:55.129473
2026-05-23 03:53:57,946 - 1451805 - INFO - Log file ./logs/patching_2026-05-23_DIB-WCO-Batch.log uploaded to s3://q2-2026-aws-security-patching/DIB-WCO-Batch_Patch/2026-05-23/patching_2026-05-23_DIB-WCO-Batch.log
