2026-06-06 02:00:02,779 - 2221008 - INFO - Logger setup has been removed, using shared logger from common.logs.logger.
2026-06-06 02:00:02,780 - 2221008 - INFO - Script Start Time: 2026-06-06 02:00:02
2026-06-06 02:00:03,344 - 2221008 - INFO - Instance(s) selected for Patching: {'i-069ada2ac82c4e6b9': '172.30.136.22', 'i-00535ac12a64d48a8': '172.30.136.41'}
2026-06-06 02:00:03,429 - 2221008 - INFO - Email sent successfully to ['kishlayk@softeon.com', 'CloudOps@softeon.com']
2026-06-06 02:00:03,429 - 2221008 - INFO - Now patching instances at: 2026-06-06 02:00:03
2026-06-06 02:00:03,750 - 2221008 - INFO - Sent app_validation.py to i-069ada2ac82c4e6b9 (command_id: 435adba4-162e-4803-99bc-ddcc7a56fe79)
2026-06-06 02:00:33,881 - 2221008 - INFO - app_validation.py output for i-069ada2ac82c4e6b9:

==============================================================================
Server Availability Check Started | 2026-06-06 06:00:04.066617
==============================================================================

==============================================================================
SYSTEM INFORMATION
==============================================================================
Server IP | 172.30.136.22
Hostname | ip-172-30-136-22.us-east-2.compute.internal
Current User | root
Working Directory | /usr/bin
Time Zone | UTC

==============================================================================
STORAGE CHECK | /data mounts
==============================================================================
Filesystem | Size | Used | Avail | Use% | Mounted on
/dev/nvme1n1p2 | 239.9G | 24.2G | 215.7G | 10% | /data
fs-06ba9ac5621e5ed4d.efs.us-east-2.amazonaws.com:/ | 0B | 54.4G | 0B | 0% | /data2

==============================================================================
SYMLINK CHECK | root (/)
==============================================================================
Symlinks Total | 4
Symlinks Valid | 4
Symlinks Invalid | 0
Symlink | ResolvedTarget
/bin | /usr/bin
/lib | /usr/lib
/lib64 | /usr/lib64
/sbin | /usr/sbin

==============================================================================
NFS CHECK
==============================================================================
NFS Package Installed | Yes
nfs-server.service Active | No
nfs-client.target Active | Yes
/etc/exports Present | Yes
EXPORTS_LINE | (empty)
NFS_MOUNT | Device | MountPoint | FSType
NFS_MOUNT | fs-06ba9ac5621e5ed4d.efs.us-east-2.amazonaws.com:/ | /data2 | nfs4

==============================================================================
CUPS CHECK
==============================================================================
CUPS Installed | Yes
CUPS Running | Yes
CUPS Version | 1.7.5
CUPS IP URL (http://172.30.136.22:631) | 200
Cups server Http Status | 200
Cups printers Http Status | 200
Printers Configured | 133

==============================================================================
FTP CHECK
==============================================================================
FTP Installed | No
FTP Running (Port 21 localhost) | No
FTP Port 21 Reachable on 172.30.136.22 | No
FTP Processes | None

==============================================================================
JAVA CHECK
==============================================================================
Total Java Processes | 2
Batch/Daemon Java Processes | 0
Non-Standalone Java Processes | Not Found

==============================================================================
BATCH/DAEMON JAVA DETAILS
==============================================================================
Batch/Daemon Java Processes | 0
Batch/Daemon Java Details | None

==============================================================================
JBOSS/WILDFLY APPS (simple table)
==============================================================================
JBoss App Processes | 2
PID | AppName | JbossVersion | Java-Name | Port | URL | Status | Code | SSL-Status | App-Path
2994279 | hilcoprod | jboss730eap | hilcoprod_jb730 | 8080 | 172.30.136.22:8080 | UP | 200 | Disabled | /data/app/jboss730eap/softeon/hilcoprod/standalone
2994465 | hilcorfprod | jboss730eap | hilcorf_jb730 | 8081 | 172.30.136.22:8081 | UP | 200 | Disabled | /data/app/jboss730eap/softeon/hilcorfprod/standalone

==============================================================================
Server Availability Check Completed | 2026-06-06 06:00:04.451300
==============================================================================

2026-06-06 02:00:33,881 - 2221008 - ERROR - app_validation.py errors for i-069ada2ac82c4e6b9:

2026-06-06 02:00:33,883 - 2221008 - INFO - Before patching log saved: /data/patching_report/validation-2026-06-06/Hilco-Production-App/172.30.136.22/172.30.136.22-BeforePatching-2026-06-06-02-00-33-882.log
2026-06-06 02:00:34,117 - 2221008 - INFO - Sent app_validation.py to i-00535ac12a64d48a8 (command_id: 3d7709d7-494e-45f3-a826-2b3aa4636f76)
2026-06-06 02:01:04,251 - 2221008 - INFO - app_validation.py output for i-00535ac12a64d48a8:

==============================================================================
Server Availability Check Started | 2026-06-06 06:00:34.418106
==============================================================================

==============================================================================
SYSTEM INFORMATION
==============================================================================
Server IP | 172.30.136.41
Hostname | ip-172-30-136-41.us-east-2.compute.internal
Current User | root
Working Directory | /usr/bin
Time Zone | UTC

==============================================================================
STORAGE CHECK | /data mounts
==============================================================================
Filesystem | Size | Used | Avail | Use% | Mounted on
/dev/nvme1n1p2 | 239.9G | 24.2G | 215.7G | 10% | /data
fs-06ba9ac5621e5ed4d.efs.us-east-2.amazonaws.com:/ | 0B | 54.4G | 0B | 0% | /data2

==============================================================================
SYMLINK CHECK | root (/)
==============================================================================
Symlinks Total | 4
Symlinks Valid | 4
Symlinks Invalid | 0
Symlink | ResolvedTarget
/bin | /usr/bin
/lib | /usr/lib
/lib64 | /usr/lib64
/sbin | /usr/sbin

==============================================================================
NFS CHECK
==============================================================================
NFS Package Installed | Yes
nfs-server.service Active | No
nfs-client.target Active | Yes
/etc/exports Present | Yes
EXPORTS_LINE | (empty)
NFS_MOUNT | Device | MountPoint | FSType
NFS_MOUNT | fs-06ba9ac5621e5ed4d.efs.us-east-2.amazonaws.com:/ | /data2 | nfs4

==============================================================================
CUPS CHECK
==============================================================================
CUPS Installed | Yes
CUPS Running | Yes
CUPS Version | 1.7.5
CUPS IP URL (http://172.30.136.41:631) | 200
Cups server Http Status | 200
Cups printers Http Status | 200
Printers Configured | 133

==============================================================================
FTP CHECK
==============================================================================
FTP Installed | No
FTP Running (Port 21 localhost) | No
FTP Port 21 Reachable on 172.30.136.41 | No
FTP Processes | None

==============================================================================
JAVA CHECK
==============================================================================
Total Java Processes | 2
Batch/Daemon Java Processes | 0
Non-Standalone Java Processes | Not Found

==============================================================================
BATCH/DAEMON JAVA DETAILS
==============================================================================
Batch/Daemon Java Processes | 0
Batch/Daemon Java Details | None

==============================================================================
JBOSS/WILDFLY APPS (simple table)
==============================================================================
JBoss App Processes | 2
PID | AppName | JbossVersion | Java-Name | Port | URL | Status | Code | SSL-Status | App-Path
2934865 | hilcoprod | jboss730eap | hilcoprod_jb730 | 8080 | 172.30.136.41:8080 | UP | 200 | Disabled | /data/app/jboss730eap/softeon/hilcoprod/standalone
2935054 | hilcorfprod | jboss730eap | hilcorf_jb730 | 8081 | 172.30.136.41:8081 | UP | 200 | Disabled | /data/app/jboss730eap/softeon/hilcorfprod/standalone

==============================================================================
Server Availability Check Completed | 2026-06-06 06:00:34.781398
==============================================================================

2026-06-06 02:01:04,251 - 2221008 - ERROR - app_validation.py errors for i-00535ac12a64d48a8:

2026-06-06 02:01:04,253 - 2221008 - INFO - Before patching log saved: /data/patching_report/validation-2026-06-06/Hilco-Production-App/172.30.136.41/172.30.136.41-BeforePatching-2026-06-06-02-01-04-252.log
2026-06-06 02:01:04,404 - 2221008 - INFO - Sending patch command to instance i-069ada2ac82c4e6b9
2026-06-06 02:01:04,563 - 2221008 - INFO - Command sent successfully to instance i-069ada2ac82c4e6b9. Command ID: 7910dfd8-9bb1-4f1f-829a-8c65a19b2616
2026-06-06 02:01:04,709 - 2221008 - INFO - Sending patch command to instance i-00535ac12a64d48a8
2026-06-06 02:01:04,780 - 2221008 - INFO - Command sent successfully to instance i-00535ac12a64d48a8. Command ID: efa99e3e-9a0d-40c5-bc5a-00f887c092d4
2026-06-06 02:09:37,249 - 2221008 - INFO - All patches applied successfully.
2026-06-06 02:09:37,250 - 2221008 - INFO - Patching end time: 2026-06-06 02:09:37
2026-06-06 02:09:37,250 - 2221008 - INFO - Patch Elapsed time: 0:09:33.820738
2026-06-06 02:09:37,326 - 2221008 - INFO - Email sent successfully to ['kishlayk@softeon.com', 'CloudOps@softeon.com']
2026-06-06 02:09:37,326 - 2221008 - INFO - Confirmed - services are stopped
2026-06-06 02:09:44,296 - 2221008 - INFO - Discovered TG map: {'i-069ada2ac82c4e6b9': ['arn:aws:elasticloadbalancing:us-east-2:835314132208:targetgroup/Hilco-Prod-Desktop/093fe48707fefbfd', 'arn:aws:elasticloadbalancing:us-east-2:835314132208:targetgroup/Hilco-Prod-RF/d4e3e77c55c6e7ba'], 'i-00535ac12a64d48a8': ['arn:aws:elasticloadbalancing:us-east-2:835314132208:targetgroup/Hilco-Prod-Desktop/093fe48707fefbfd', 'arn:aws:elasticloadbalancing:us-east-2:835314132208:targetgroup/Hilco-Prod-RF/d4e3e77c55c6e7ba']}
2026-06-06 02:09:44,471 - 2221008 - INFO - Deregistering i-069ada2ac82c4e6b9 from TG arn:aws:elasticloadbalancing:us-east-2:835314132208:targetgroup/Hilco-Prod-Desktop/093fe48707fefbfd
2026-06-06 02:09:44,573 - 2221008 - INFO - Deregistering i-069ada2ac82c4e6b9 from TG arn:aws:elasticloadbalancing:us-east-2:835314132208:targetgroup/Hilco-Prod-RF/d4e3e77c55c6e7ba
2026-06-06 02:09:44,624 - 2221008 - INFO - Stopping EC2 instance: i-069ada2ac82c4e6b9 at 2026-06-06 02:09:44
2026-06-06 02:10:45,728 - 2221008 - INFO - Instance i-069ada2ac82c4e6b9 stopped successfully.
2026-06-06 02:10:45,984 - 2221008 - INFO - Stopped i-069ada2ac82c4e6b9 in 0:01:01.359737
2026-06-06 02:10:45,984 - 2221008 - INFO - Starting EC2 instance: i-069ada2ac82c4e6b9
2026-06-06 02:11:01,922 - 2221008 - INFO - Instance i-069ada2ac82c4e6b9 started successfully.
2026-06-06 02:11:01,922 - 2221008 - INFO - Waiting 100 seconds for SSM agent to be ready on i-069ada2ac82c4e6b9...
2026-06-06 02:12:41,951 - 2221008 - INFO - Registering i-069ada2ac82c4e6b9 to TG arn:aws:elasticloadbalancing:us-east-2:835314132208:targetgroup/Hilco-Prod-Desktop/093fe48707fefbfd
2026-06-06 02:12:42,211 - 2221008 - INFO - Registering i-069ada2ac82c4e6b9 to TG arn:aws:elasticloadbalancing:us-east-2:835314132208:targetgroup/Hilco-Prod-RF/d4e3e77c55c6e7ba
2026-06-06 02:13:12,786 - 2221008 - INFO - Sent app_validation.py to i-069ada2ac82c4e6b9 (command_id: 240fe26b-8d29-490b-8270-9b21dc5832b6)
2026-06-06 02:13:42,909 - 2221008 - INFO - app_validation.py output for i-069ada2ac82c4e6b9:

==============================================================================
Server Availability Check Started | 2026-06-06 06:13:13.077088
==============================================================================

==============================================================================
SYSTEM INFORMATION
==============================================================================
Server IP | 172.30.136.22
Hostname | ip-172-30-136-22.us-east-2.compute.internal
Current User | root
Working Directory | /usr/bin
Time Zone | UTC

==============================================================================
STORAGE CHECK | /data mounts
==============================================================================
Filesystem | Size | Used | Avail | Use% | Mounted on
/dev/nvme1n1p2 | 239.9G | 24.0G | 215.9G | 10% | /data
fs-06ba9ac5621e5ed4d.efs.us-east-2.amazonaws.com:/ | 0B | 54.4G | 0B | 0% | /data2

==============================================================================
SYMLINK CHECK | root (/)
==============================================================================
Symlinks Total | 4
Symlinks Valid | 4
Symlinks Invalid | 0
Symlink | ResolvedTarget
/bin | /usr/bin
/lib | /usr/lib
/lib64 | /usr/lib64
/sbin | /usr/sbin

==============================================================================
NFS CHECK
==============================================================================
NFS Package Installed | Yes
nfs-server.service Active | No
nfs-client.target Active | Yes
/etc/exports Present | Yes
EXPORTS_LINE | (empty)
NFS_MOUNT | Device | MountPoint | FSType
NFS_MOUNT | fs-06ba9ac5621e5ed4d.efs.us-east-2.amazonaws.com:/ | /data2 | nfs4

==============================================================================
CUPS CHECK
==============================================================================
CUPS Installed | Yes
CUPS Running | No
CUPS Version | 1.7.5
CUPS IP Port 631 Reachable | No
Cups server Http Status | Not Found
Cups printers Http Status | Not Found
Printers Configured | 0

==============================================================================
FTP CHECK
==============================================================================
FTP Installed | No
FTP Running (Port 21 localhost) | No
FTP Port 21 Reachable on 172.30.136.22 | No
FTP Processes | None

==============================================================================
JAVA CHECK
==============================================================================
Total Java Processes | 2
Batch/Daemon Java Processes | 0
Non-Standalone Java Processes | Not Found

==============================================================================
BATCH/DAEMON JAVA DETAILS
==============================================================================
Batch/Daemon Java Processes | 0
Batch/Daemon Java Details | None

==============================================================================
JBOSS/WILDFLY APPS (simple table)
==============================================================================
JBoss App Processes | 2
PID | AppName | JbossVersion | Java-Name | Port | URL | Status | Code | SSL-Status | App-Path
3470 | hilcoprod | jboss730eap | hilcoprod_jb730 | 8080 | 172.30.136.22:8080 | UP | 200 | Disabled | /data/app/jboss730eap/softeon/hilcoprod/standalone
3471 | hilcorfprod | jboss730eap | hilcorf_jb730 | 8081 | 172.30.136.22:8081 | UP | 200 | Disabled | /data/app/jboss730eap/softeon/hilcorfprod/standalone

==============================================================================
Server Availability Check Completed | 2026-06-06 06:13:14.382236
==============================================================================

2026-06-06 02:13:42,909 - 2221008 - ERROR - app_validation.py errors for i-069ada2ac82c4e6b9:

2026-06-06 02:13:42,911 - 2221008 - INFO - After patching validation saved to: /data/patching_report/validation-2026-06-06/Hilco-Production-App/172.30.136.22/172.30.136.22-AfterPatching-2026-06-06-02-13-42-910.log
2026-06-06 02:13:42,976 - 2221008 - INFO - Validation comparison report generated: /data/patching_report/validation-2026-06-06/Hilco-Production-App/172.30.136.22/172.30.136.22-Validation-details-2026-06-06-02-13-42-910.html
2026-06-06 02:13:43,236 - 2221008 - INFO - Email sent successfully to ['kishlayk@softeon.com', 'CloudOps@softeon.com']
2026-06-06 02:13:43,236 - 2221008 - INFO - HTML validation report email sent for i-069ada2ac82c4e6b9
2026-06-06 02:13:43,490 - 2221008 - INFO - Started i-069ada2ac82c4e6b9 in 0:02:57.505849
2026-06-06 02:13:43,490 - 2221008 - INFO - Waiting 120 seconds before proceeding to the next instance...
2026-06-06 02:15:43,522 - 2221008 - INFO - Deregistering i-00535ac12a64d48a8 from TG arn:aws:elasticloadbalancing:us-east-2:835314132208:targetgroup/Hilco-Prod-Desktop/093fe48707fefbfd
2026-06-06 02:15:43,625 - 2221008 - INFO - Deregistering i-00535ac12a64d48a8 from TG arn:aws:elasticloadbalancing:us-east-2:835314132208:targetgroup/Hilco-Prod-RF/d4e3e77c55c6e7ba
2026-06-06 02:15:43,679 - 2221008 - INFO - Stopping EC2 instance: i-00535ac12a64d48a8 at 2026-06-06 02:15:43
2026-06-06 02:16:44,916 - 2221008 - INFO - Instance i-00535ac12a64d48a8 stopped successfully.
2026-06-06 02:16:45,204 - 2221008 - INFO - Stopped i-00535ac12a64d48a8 in 0:01:01.525753
2026-06-06 02:16:45,205 - 2221008 - INFO - Starting EC2 instance: i-00535ac12a64d48a8
2026-06-06 02:17:01,139 - 2221008 - INFO - Instance i-00535ac12a64d48a8 started successfully.
2026-06-06 02:17:01,139 - 2221008 - INFO - Waiting 100 seconds for SSM agent to be ready on i-00535ac12a64d48a8...
2026-06-06 02:18:41,141 - 2221008 - INFO - Registering i-00535ac12a64d48a8 to TG arn:aws:elasticloadbalancing:us-east-2:835314132208:targetgroup/Hilco-Prod-Desktop/093fe48707fefbfd
2026-06-06 02:18:41,388 - 2221008 - INFO - Registering i-00535ac12a64d48a8 to TG arn:aws:elasticloadbalancing:us-east-2:835314132208:targetgroup/Hilco-Prod-RF/d4e3e77c55c6e7ba
2026-06-06 02:19:41,965 - 2221008 - INFO - Sent app_validation.py to i-00535ac12a64d48a8 (command_id: 60dc8c0b-65cd-4d61-87f3-f97614e3de1a)
2026-06-06 02:20:12,156 - 2221008 - INFO - app_validation.py output for i-00535ac12a64d48a8:

==============================================================================
Server Availability Check Started | 2026-06-06 06:19:42.263196
==============================================================================

==============================================================================
SYSTEM INFORMATION
==============================================================================
Server IP | 172.30.136.41
Hostname | ip-172-30-136-41.us-east-2.compute.internal
Current User | root
Working Directory | /usr/bin
Time Zone | UTC

==============================================================================
STORAGE CHECK | /data mounts
==============================================================================
Filesystem | Size | Used | Avail | Use% | Mounted on
/dev/nvme1n1p2 | 239.9G | 24.1G | 215.8G | 10% | /data
fs-06ba9ac5621e5ed4d.efs.us-east-2.amazonaws.com:/ | 0B | 54.4G | 0B | 0% | /data2

==============================================================================
SYMLINK CHECK | root (/)
==============================================================================
Symlinks Total | 4
Symlinks Valid | 4
Symlinks Invalid | 0
Symlink | ResolvedTarget
/bin | /usr/bin
/lib | /usr/lib
/lib64 | /usr/lib64
/sbin | /usr/sbin

==============================================================================
NFS CHECK
==============================================================================
NFS Package Installed | Yes
nfs-server.service Active | No
nfs-client.target Active | Yes
/etc/exports Present | Yes
EXPORTS_LINE | (empty)
NFS_MOUNT | Device | MountPoint | FSType
NFS_MOUNT | fs-06ba9ac5621e5ed4d.efs.us-east-2.amazonaws.com:/ | /data2 | nfs4

==============================================================================
CUPS CHECK
==============================================================================
CUPS Installed | Yes
CUPS Running | No
CUPS Version | 1.7.5
CUPS IP Port 631 Reachable | No
Cups server Http Status | Not Found
Cups printers Http Status | Not Found
Printers Configured | 0

==============================================================================
FTP CHECK
==============================================================================
FTP Installed | No
FTP Running (Port 21 localhost) | No
FTP Port 21 Reachable on 172.30.136.41 | No
FTP Processes | None

==============================================================================
JAVA CHECK
==============================================================================
Total Java Processes | 2
Batch/Daemon Java Processes | 0
Non-Standalone Java Processes | Not Found

==============================================================================
BATCH/DAEMON JAVA DETAILS
==============================================================================
Batch/Daemon Java Processes | 0
Batch/Daemon Java Details | None

==============================================================================
JBOSS/WILDFLY APPS (simple table)
==============================================================================
JBoss App Processes | 2
PID | AppName | JbossVersion | Java-Name | Port | URL | Status | Code | SSL-Status | App-Path
3497 | hilcoprod | jboss730eap | hilcoprod_jb730 | 8080 | 172.30.136.41:8080 | UP | 200 | Disabled | /data/app/jboss730eap/softeon/hilcoprod/standalone
3476 | hilcorfprod | jboss730eap | hilcorf_jb730 | 8081 | 172.30.136.41:8081 | UP | 200 | Disabled | /data/app/jboss730eap/softeon/hilcorfprod/standalone

==============================================================================
Server Availability Check Completed | 2026-06-06 06:19:43.307312
==============================================================================

2026-06-06 02:20:12,157 - 2221008 - ERROR - app_validation.py errors for i-00535ac12a64d48a8:

2026-06-06 02:20:12,161 - 2221008 - INFO - After patching validation saved to: /data/patching_report/validation-2026-06-06/Hilco-Production-App/172.30.136.41/172.30.136.41-AfterPatching-2026-06-06-02-20-12-161.log
2026-06-06 02:20:12,213 - 2221008 - INFO - Validation comparison report generated: /data/patching_report/validation-2026-06-06/Hilco-Production-App/172.30.136.41/172.30.136.41-Validation-details-2026-06-06-02-20-12-161.html
2026-06-06 02:20:12,468 - 2221008 - INFO - Email sent successfully to ['kishlayk@softeon.com', 'CloudOps@softeon.com']
2026-06-06 02:20:12,468 - 2221008 - INFO - HTML validation report email sent for i-00535ac12a64d48a8
2026-06-06 02:20:12,737 - 2221008 - INFO - Started i-00535ac12a64d48a8 in 0:03:27.532680
2026-06-06 02:20:12,738 - 2221008 - INFO - All instances processed.
2026-06-06 02:20:12,742 - 2221008 - INFO - Restart Total time: 0:10:35.279330
2026-06-06 02:20:12,743 - 2221008 - INFO - Auto-confirmed services are restarted
2026-06-06 02:20:12,743 - 2221008 - INFO - Confirmed - services are started
2026-06-06 02:20:12,858 - 2221008 - INFO - The following instances have failed the patch: []
2026-06-06 02:20:12,858 - 2221008 - INFO - No instances have failed the patch.
2026-06-06 02:20:12,858 - 2221008 - INFO - Total Patch Process time: 0:20:10.078010
2026-06-06 02:21:13,313 - 2221008 - INFO - Log file ./logs/patching_2026-06-06_Hilco-Production-App.log uploaded to s3://q2-2026-aws-security-patching/Hilco-Production-App_Patch/2026-06-06/patching_2026-06-06_Hilco-Production-App.log
