2026-04-10 01:05:03,064 - 405238 - INFO - Logger setup has been removed, using shared logger from common.logs.logger.
2026-04-10 01:05:03,064 - 405238 - INFO - Script Start Time: 2026-04-10 01:05:03
2026-04-10 01:05:03,281 - 405238 - INFO - Instance(s) selected for Patching: {'i-0470afe7b1e5f392a': '172.29.10.11'}
2026-04-10 01:05:03,363 - 405238 - INFO - Email sent successfully to ['a80af5b5.softeon.com@in.teams.ms', 'CloudOps@softeon.com']
2026-04-10 01:05:03,363 - 405238 - INFO - Now patching instances at: 2026-04-10 01:05:03
2026-04-10 01:05:03,450 - 405238 - INFO - Sending patch command to instance i-0470afe7b1e5f392a
2026-04-10 01:05:03,596 - 405238 - INFO - Command sent successfully to instance i-0470afe7b1e5f392a. Command ID: 154908d9-ee04-460d-a2bd-a06e76dd1729
2026-04-10 01:13:07,185 - 405238 - INFO - All patches applied successfully.
2026-04-10 01:13:07,185 - 405238 - INFO - Patching end time: 2026-04-10 01:13:07
2026-04-10 01:13:07,185 - 405238 - INFO - Patch Elapsed time: 0:08:03.822204
2026-04-10 01:13:07,263 - 405238 - INFO - Email sent successfully to ['a80af5b5.softeon.com@in.teams.ms', 'CloudOps@softeon.com']
2026-04-10 01:13:07,263 - 405238 - INFO - Confirmed - services are stopped
2026-04-10 01:13:28,272 - 405238 - INFO - Discovered TG map: {'i-0470afe7b1e5f392a': ['arn:aws:elasticloadbalancing:us-east-1:835314132208:targetgroup/UMG-P2F-UAT-Ext/fd5f3b0f58dc91f3']}
2026-04-10 01:13:28,677 - 405238 - INFO - Sent app_validation.py to i-0470afe7b1e5f392a (command_id: ed7cb7a9-672c-435b-bd82-05cba92667b0)
2026-04-10 01:13:58,781 - 405238 - INFO - app_validation.py output for i-0470afe7b1e5f392a:

==============================================================================
Server Availability Check Started | 2026-04-10 06:13:29.315227
==============================================================================

==============================================================================
SYSTEM INFORMATION
==============================================================================
Server IP | 172.29.10.11
Hostname | ip-172-29-10-11
Current User | root
Working Directory | /usr/bin
Time Zone | BST

==============================================================================
STORAGE CHECK | /data mounts
==============================================================================
Filesystem | Size | Used | Avail | Use% | Mounted on
/dev/xvdb2 | 279.9G | 100.9G | 179.0G | 36% | /data

==============================================================================
SYMLINK CHECK | root (/)
==============================================================================
Symlinks Total | 5
Symlinks Valid | 5
Symlinks Invalid | 0
Symlink | ResolvedTarget
/bin | /usr/bin
/data2 | /data/data2
/lib | /usr/lib
/lib64 | /usr/lib64
/sbin | /usr/sbin

==============================================================================
NFS CHECK
==============================================================================
NFS Package Installed | Yes
nfs-server.service Active | No
nfs-client.target Active | Yes
/etc/exports Present | Yes
EXPORTS_LINE | (empty)
NFS Mounted Shares | None

==============================================================================
CUPS CHECK
==============================================================================
CUPS Installed | No
CUPS Running | No
CUPS Version | Not Found
CUPS IP Port 631 Reachable | No
Cups server Http Status | Not Found
Cups printers Http Status | Not Found
Printers Configured | Not Found

==============================================================================
FTP CHECK
==============================================================================
FTP Installed | No
FTP Running (Port 21 localhost) | No
FTP Port 21 Reachable on 172.29.10.11 | No
FTP Processes | None

==============================================================================
JAVA CHECK
==============================================================================
Total Java Processes | 13
Batch/Daemon Java Processes | 12
Non-Standalone Java Processes | umgp2fuat_downloaddaemon, umgp2fuat_eventdaemon, umgp2fuat_forecastdaemon, umgp2fuat_ftpdaemon, umgp2fuat_overnightprocessdaemon, umgp2fuat_schedulerdaemon, umgp2fuat_inventorycomputationdaemon, umgp2fuat_dmdcp, umgp2fuat_cnpop, umgp2fuat_cnpom, umgp2fuat_1upload, umgp2fuat_uploaddaemon

==============================================================================
BATCH/DAEMON JAVA DETAILS
==============================================================================
Batch/Daemon Java Processes | 12
Java-Name | Java-Path
umgp2fuat_downloaddaemon | /data/batchapp/softeonuat/umgp2fuat/downloaddaemon
umgp2fuat_eventdaemon | /data/batchapp/softeonuat/umgp2fuat/eventdaemon
umgp2fuat_forecastdaemon | /data/batchapp/softeonuat/umgp2fuat/forecastdaemon
umgp2fuat_ftpdaemon | /data/batchapp/softeonuat/umgp2fuat/ftpdaemon
umgp2fuat_overnightprocessdaemon | /data/batchapp/softeonuat/umgp2fuat/overnightprocessdaemon
umgp2fuat_schedulerdaemon | /data/batchapp/softeonuat/umgp2fuat/schedulerdaemon
umgp2fuat_inventorycomputationdaemon | /data/batchapp/softeonuat/umgp2fuat/inventorycomputationdaemon
umgp2fuat_dmdcp | /data/batchapp/softeonuat/umgp2fuat/demandcomputationdaemon
umgp2fuat_cnpop | /data/batchapp/softeonuat/umgp2fuat/canvasspopulationdaemon
umgp2fuat_cnpom | /data/batchapp/softeonuat/umgp2fuat/canvasspopulationmusicdaemon
umgp2fuat_1upload | /data/batchapp/softeonuat/umgp2fuat/uploaddaemon1
umgp2fuat_uploaddaemon | /data/batchapp/softeonuat/umgp2fuat/uploaddaemon

==============================================================================
JBOSS/WILDFLY APPS (simple table)
==============================================================================
JBoss App Processes | 1
PID | AppName | JbossVersion | Java-Name | Port | URL | Status | Code | SSL-Status | App-Path
3413490 | umgp2fuat | jboss62eap | umgp2fuat_jboss | 80 | 172.29.10.11:80 | UP | 200 | Disabled | /data/app/jboss62eap/softeonuat/umgp2fuat/standalone

==============================================================================
Server Availability Check Completed | 2026-04-10 06:13:31.703769
==============================================================================

2026-04-10 01:13:58,781 - 405238 - ERROR - app_validation.py errors for i-0470afe7b1e5f392a:

2026-04-10 01:13:58,783 - 405238 - INFO - Before patching validation saved to: /data/patching_report/validation-2026-04-10/UMG-UAT-1/172.29.10.11/172.29.10.11-BeforePatching-2026-04-10-01-13-58-783.log
2026-04-10 01:13:58,783 - 405238 - INFO - Deregistering i-0470afe7b1e5f392a from TG arn:aws:elasticloadbalancing:us-east-1:835314132208:targetgroup/UMG-P2F-UAT-Ext/fd5f3b0f58dc91f3
2026-04-10 01:13:58,863 - 405238 - INFO - Stopping EC2 instance: i-0470afe7b1e5f392a at 2026-04-10 01:13:58
2026-04-10 01:16:15,740 - 405238 - INFO - Instance i-0470afe7b1e5f392a stopped successfully.
2026-04-10 01:16:15,882 - 405238 - INFO - Stopped i-0470afe7b1e5f392a in 0:02:17.018621
2026-04-10 01:16:15,883 - 405238 - INFO - Starting EC2 instance: i-0470afe7b1e5f392a
2026-04-10 01:16:46,987 - 405238 - INFO - Instance i-0470afe7b1e5f392a started successfully.
2026-04-10 01:16:46,987 - 405238 - INFO - Waiting 50 seconds for SSM agent to be ready on i-0470afe7b1e5f392a...
2026-04-10 01:17:36,997 - 405238 - INFO - Registering i-0470afe7b1e5f392a to TG arn:aws:elasticloadbalancing:us-east-1:835314132208:targetgroup/UMG-P2F-UAT-Ext/fd5f3b0f58dc91f3
2026-04-10 01:19:37,792 - 405238 - INFO - Sent app_validation.py to i-0470afe7b1e5f392a (command_id: de156134-f6ef-4fc3-9e68-eeebd24988ff)
2026-04-10 01:20:07,912 - 405238 - INFO - app_validation.py output for i-0470afe7b1e5f392a:

==============================================================================
Server Availability Check Started | 2026-04-10 06:19:38.336830
==============================================================================

==============================================================================
SYSTEM INFORMATION
==============================================================================
Server IP | 172.29.10.11
Hostname | ip-172-29-10-11
Current User | root
Working Directory | /usr/bin
Time Zone | BST

==============================================================================
STORAGE CHECK | /data mounts
==============================================================================
Filesystem | Size | Used | Avail | Use% | Mounted on
/dev/xvdb2 | 279.9G | 100.8G | 179.0G | 36% | /data

==============================================================================
SYMLINK CHECK | root (/)
==============================================================================
Symlinks Total | 5
Symlinks Valid | 5
Symlinks Invalid | 0
Symlink | ResolvedTarget
/bin | /usr/bin
/data2 | /data/data2
/lib | /usr/lib
/lib64 | /usr/lib64
/sbin | /usr/sbin

==============================================================================
NFS CHECK
==============================================================================
NFS Package Installed | Yes
nfs-server.service Active | No
nfs-client.target Active | Yes
/etc/exports Present | Yes
EXPORTS_LINE | (empty)
NFS Mounted Shares | None

==============================================================================
CUPS CHECK
==============================================================================
CUPS Installed | No
CUPS Running | No
CUPS Version | Not Found
CUPS IP Port 631 Reachable | No
Cups server Http Status | Not Found
Cups printers Http Status | Not Found
Printers Configured | Not Found

==============================================================================
FTP CHECK
==============================================================================
FTP Installed | No
FTP Running (Port 21 localhost) | No
FTP Port 21 Reachable on 172.29.10.11 | No
FTP Processes | None

==============================================================================
JAVA CHECK
==============================================================================
Total Java Processes | 13
Batch/Daemon Java Processes | 12
Non-Standalone Java Processes | umgp2fuat_downloaddaemon, umgp2fuat_eventdaemon, umgp2fuat_forecastdaemon, umgp2fuat_ftpdaemon, umgp2fuat_overnightprocessdaemon, umgp2fuat_schedulerdaemon, umgp2fuat_uploaddaemon, umgp2fuat_inventorycomputationdaemon, umgp2fuat_dmdcp, umgp2fuat_cnpop, umgp2fuat_cnpom, umgp2fuat_1upload

==============================================================================
BATCH/DAEMON JAVA DETAILS
==============================================================================
Batch/Daemon Java Processes | 12
Java-Name | Java-Path
umgp2fuat_downloaddaemon | /data/batchapp/softeonuat/umgp2fuat/downloaddaemon
umgp2fuat_eventdaemon | /data/batchapp/softeonuat/umgp2fuat/eventdaemon
umgp2fuat_forecastdaemon | /data/batchapp/softeonuat/umgp2fuat/forecastdaemon
umgp2fuat_ftpdaemon | /data/batchapp/softeonuat/umgp2fuat/ftpdaemon
umgp2fuat_overnightprocessdaemon | /data/batchapp/softeonuat/umgp2fuat/overnightprocessdaemon
umgp2fuat_schedulerdaemon | /data/batchapp/softeonuat/umgp2fuat/schedulerdaemon
umgp2fuat_uploaddaemon | /data/batchapp/softeonuat/umgp2fuat/uploaddaemon
umgp2fuat_inventorycomputationdaemon | /data/batchapp/softeonuat/umgp2fuat/inventorycomputationdaemon
umgp2fuat_dmdcp | /data/batchapp/softeonuat/umgp2fuat/demandcomputationdaemon
umgp2fuat_cnpop | /data/batchapp/softeonuat/umgp2fuat/canvasspopulationdaemon
umgp2fuat_cnpom | /data/batchapp/softeonuat/umgp2fuat/canvasspopulationmusicdaemon
umgp2fuat_1upload | /data/batchapp/softeonuat/umgp2fuat/uploaddaemon1

==============================================================================
JBOSS/WILDFLY APPS (simple table)
==============================================================================
JBoss App Processes | 1
PID | AppName | JbossVersion | Java-Name | Port | URL | Status | Code | SSL-Status | App-Path
3272 | umgp2fuat | jboss62eap | umgp2fuat_jboss | 80 | 172.29.10.11:80 | UP | 200 | Disabled | /data/app/jboss62eap/softeonuat/umgp2fuat/standalone

==============================================================================
Server Availability Check Completed | 2026-04-10 06:19:40.658910
==============================================================================

2026-04-10 01:20:07,912 - 405238 - ERROR - app_validation.py errors for i-0470afe7b1e5f392a:

2026-04-10 01:20:07,914 - 405238 - INFO - After patching validation saved to: /data/patching_report/validation-2026-04-10/UMG-UAT-1/172.29.10.11/172.29.10.11-AfterPatching-2026-04-10-01-20-07-914.log
2026-04-10 01:20:07,965 - 405238 - INFO - Validation comparison report generated: /data/patching_report/validation-2026-04-10/UMG-UAT-1/172.29.10.11/172.29.10.11-Validation-details-2026-04-10-01-20-07-914.html
2026-04-10 01:20:08,053 - 405238 - INFO - Email sent successfully to ['CloudOps@softeon.com', 'kishlayk@softeon.com']
2026-04-10 01:20:08,053 - 405238 - INFO - HTML validation report email sent for i-0470afe7b1e5f392a
2026-04-10 01:20:08,189 - 405238 - INFO - Started i-0470afe7b1e5f392a in 0:03:52.306380
2026-04-10 01:20:08,190 - 405238 - INFO - All instances processed.
2026-04-10 01:20:08,193 - 405238 - INFO - Restart Total time: 0:07:00.801490
2026-04-10 01:20:08,193 - 405238 - INFO - Auto-confirmed services are restarted
2026-04-10 01:20:08,193 - 405238 - INFO - Confirmed - services are started
2026-04-10 01:20:08,308 - 405238 - INFO - The following instances have failed the patch: []
2026-04-10 01:20:08,308 - 405238 - INFO - No instances have failed the patch.
2026-04-10 01:20:08,309 - 405238 - INFO - Total Patch Process time: 0:15:05.243883
2026-04-10 01:21:08,650 - 405238 - INFO - Log file ./logs/patching_2026-04-10_UMG-UAT-1.log uploaded to s3://q2-2026-aws-security-patching/UMG-UAT-1_Patch/2026-04-10/patching_2026-04-10_UMG-UAT-1.log
