2026-05-09 03:40:02,882 - 542644 - INFO - Logger setup has been removed, using shared logger from common.logs.logger.
2026-05-09 03:40:02,882 - 542644 - INFO - Script Start Time: 2026-05-09 03:40:02
2026-05-09 03:40:03,390 - 542644 - INFO - Instance(s) selected for Patching: {'i-09143840fad7bab85': '10.64.24.105'}
2026-05-09 03:40:03,469 - 542644 - INFO - Email sent successfully to ['CloudOps@softeon.com']
2026-05-09 03:40:03,469 - 542644 - INFO - Now patching instances at: 2026-05-09 03:40:03
2026-05-09 03:40:03,557 - 542644 - INFO - Sending patch command to instance i-09143840fad7bab85
2026-05-09 03:40:03,708 - 542644 - INFO - Command sent successfully to instance i-09143840fad7bab85. Command ID: df1b2019-dc31-4636-a989-aaea188b994c
2026-05-09 03:44:34,965 - 542644 - INFO - All patches applied successfully.
2026-05-09 03:44:34,966 - 542644 - INFO - Patching end time: 2026-05-09 03:44:34
2026-05-09 03:44:34,966 - 542644 - INFO - Patch Elapsed time: 0:04:31.496496
2026-05-09 03:44:35,036 - 542644 - INFO - Email sent successfully to ['CloudOps@softeon.com']
2026-05-09 03:44:35,036 - 542644 - INFO - Confirmed - services are stopped
2026-05-09 03:44:55,322 - 542644 - INFO - Discovered TG map: {}
2026-05-09 03:44:55,733 - 542644 - INFO - Sent app_validation.py to i-09143840fad7bab85 (command_id: 80d0f1a0-a7c3-4039-a26e-6f521befc968)
2026-05-09 03:45:25,817 - 542644 - INFO - app_validation.py output for i-09143840fad7bab85:

==============================================================================
Server Availability Check Started | 2026-05-09 07:44:56.004153
==============================================================================

==============================================================================
SYSTEM INFORMATION
==============================================================================
Server IP | 10.64.24.105
Hostname | ip-10-64-24-105
Current User | root
Working Directory | /usr/bin
Time Zone | UTC

==============================================================================
STORAGE CHECK | /data mounts
==============================================================================
Filesystem | Size | Used | Avail | Use% | Mounted on
/dev/mapper/vg01-lv02 | 239.9G | 113.6G | 126.3G | 47% | /data
fs-0906c1292ccb7b576.efs.us-east-1.amazonaws.com:/ | 0B | 2.8T | 0B | 0% | /data2

==============================================================================
SYMLINK CHECK | root (/)
==============================================================================
Symlinks Total | 5
Symlinks Valid | 5
Symlinks Invalid | 0
Symlink | ResolvedTarget
/bin | /usr/bin
/data3 | /data/data3
/lib | /usr/lib
/lib64 | /usr/lib64
/sbin | /usr/sbin

==============================================================================
NFS CHECK
==============================================================================
NFS Package Installed | Yes
nfs-server.service Active | No
nfs-client.target Active | Yes
/etc/exports Present | Yes
EXPORTS_LINE | (empty)
NFS_MOUNT | Device | MountPoint | FSType
NFS_MOUNT | fs-0906c1292ccb7b576.efs.us-east-1.amazonaws.com:/ | /data2 | nfs4

==============================================================================
CUPS CHECK
==============================================================================
CUPS Installed | Yes
CUPS Running | Yes
CUPS Version | 1.7.5
CUPS IP URL (http://10.64.24.105:631) | 200
Cups server Http Status | 200
Cups printers Http Status | 200
Printers Configured | 54

==============================================================================
FTP CHECK
==============================================================================
FTP Installed | No
FTP Running (Port 21 localhost) | No
FTP Port 21 Reachable on 10.64.24.105 | No
FTP Processes | None

==============================================================================
JAVA CHECK
==============================================================================
Total Java Processes | 19
Batch/Daemon Java Processes | 19
Non-Standalone Java Processes | dibmtg_abchdis, dibmtg_ccd, dibmtg_dwa, dibmtg_event, dibmtg_ftp, dibmtg_harp, dibmtg_lbl, dibmtg_repl, dibmtg_rccl, dibmtg_rpt, dibmtg_1rpt, dibmtg_jqgrid, dibmtg_sch, dibmtg_inbq, dibmtg_wld, dibmtg_zplp, dibmtg_voadm4, dibmtg_2vomob, dibmtg_vomob

==============================================================================
BATCH/DAEMON JAVA DETAILS
==============================================================================
Batch/Daemon Java Processes | 19
Java-Name | Java-Path
dibmtg_abchdis | /data/batchapp/softeon/dibwmsmtgprod/autobatchdistributiondaemon
dibmtg_ccd | /data/batchapp/softeon/dibwmsmtgprod/clustercreationdaemon
dibmtg_dwa | /data/batchapp/softeon/dibwmsmtgprod/downloaddaemon
dibmtg_event | /data/batchapp/softeon/dibwmsmtgprod/eventdaemon
dibmtg_ftp | /data/batchapp/softeon/dibwmsmtgprod/ftpdaemon
dibmtg_harp | /data/batchapp/softeon/dibwmsmtgprod/hardallocationdaemon
dibmtg_lbl | /data/batchapp/softeon/dibwmsmtgprod/labeldaemon
dibmtg_repl | /data/batchapp/softeon/dibwmsmtgprod/replenishmentdaemon
dibmtg_rccl | /data/batchapp/softeon/dibwmsmtgprod/replenishmentpickloccanceldaemon
dibmtg_rpt | /data/batchapp/softeon/dibwmsmtgprod/reportdaemon
dibmtg_1rpt | /data/batchapp/softeon/dibwmsmtgprod/reportdaemon1
dibmtg_jqgrid | /data/batchapp/softeon/dibwmsmtgprod/reportjqgridexportdaemon
dibmtg_sch | /data/batchapp/softeon/dibwmsmtgprod/schedulerdaemon
dibmtg_inbq | /data/batchapp/softeon/dibwmsmtgprod/uploaddaemon
dibmtg_wld | /data/batchapp/softeon/dibwmsmtgprod/wavelaunchdaemon
dibmtg_zplp | /data/batchapp/softeon/dibwmsmtgprod/zebraprintdaemon
dibmtg_voadm4 | /data/batchapp/softeon/dibssoprod/voiceadminserver
dibmtg_2vomob | /data/batchapp/softeon/dibwmsmtgprod/voicemobilemtg2daemon
dibmtg_vomob | /data/batchapp/softeon/dibwmsmtgprod/voicemobilemtgdaemon

==============================================================================
JBOSS/WILDFLY APPS (simple table)
==============================================================================
JBoss App Processes | 0
JBoss Apps | None

==============================================================================
Server Availability Check Completed | 2026-05-09 07:44:56.562307
==============================================================================

2026-05-09 03:45:25,817 - 542644 - ERROR - app_validation.py errors for i-09143840fad7bab85:

2026-05-09 03:45:25,820 - 542644 - INFO - Before patching validation saved to: /data/patching_report/validation-2026-05-09/DIB-MTG-Batch/10.64.24.105/10.64.24.105-BeforePatching-2026-05-09-03-45-25-818.log
2026-05-09 03:45:25,820 - 542644 - INFO - Stopping EC2 instance: i-09143840fad7bab85 at 2026-05-09 03:45:25
2026-05-09 03:47:42,460 - 542644 - INFO - Instance i-09143840fad7bab85 stopped successfully.
2026-05-09 03:47:42,660 - 542644 - INFO - Stopped i-09143840fad7bab85 in 0:02:16.839746
2026-05-09 03:47:42,660 - 542644 - INFO - Starting EC2 instance: i-09143840fad7bab85
2026-05-09 03:47:58,730 - 542644 - INFO - Instance i-09143840fad7bab85 started successfully.
2026-05-09 03:47:58,730 - 542644 - INFO - Waiting 100 seconds for SSM agent to be ready on i-09143840fad7bab85...
2026-05-09 03:49:39,018 - 542644 - INFO - Sent app_validation.py to i-09143840fad7bab85 (command_id: fe7b687b-985b-4667-a22a-e97023886cea)
2026-05-09 03:50:09,097 - 542644 - INFO - app_validation.py output for i-09143840fad7bab85:

==============================================================================
Server Availability Check Started | 2026-05-09 07:49:39.333587
==============================================================================

==============================================================================
SYSTEM INFORMATION
==============================================================================
Server IP | 10.64.24.105
Hostname | ip-10-64-24-105
Current User | root
Working Directory | /usr/bin
Time Zone | UTC

==============================================================================
STORAGE CHECK | /data mounts
==============================================================================
Filesystem | Size | Used | Avail | Use% | Mounted on
/dev/mapper/vg01-lv02 | 239.9G | 113.4G | 126.5G | 47% | /data
fs-0906c1292ccb7b576.efs.us-east-1.amazonaws.com:/ | 0B | 2.8T | 0B | 0% | /data2

==============================================================================
SYMLINK CHECK | root (/)
==============================================================================
Symlinks Total | 5
Symlinks Valid | 5
Symlinks Invalid | 0
Symlink | ResolvedTarget
/bin | /usr/bin
/data3 | /data/data3
/lib | /usr/lib
/lib64 | /usr/lib64
/sbin | /usr/sbin

==============================================================================
NFS CHECK
==============================================================================
NFS Package Installed | Yes
nfs-server.service Active | No
nfs-client.target Active | Yes
/etc/exports Present | Yes
EXPORTS_LINE | (empty)
NFS_MOUNT | Device | MountPoint | FSType
NFS_MOUNT | fs-0906c1292ccb7b576.efs.us-east-1.amazonaws.com:/ | /data2 | nfs4

==============================================================================
CUPS CHECK
==============================================================================
CUPS Installed | Yes
CUPS Running | Yes
CUPS Version | 1.7.5
CUPS IP URL (http://10.64.24.105:631) | 200
Cups server Http Status | 200
Cups printers Http Status | 200
Printers Configured | 54

==============================================================================
FTP CHECK
==============================================================================
FTP Installed | No
FTP Running (Port 21 localhost) | No
FTP Port 21 Reachable on 10.64.24.105 | No
FTP Processes | None

==============================================================================
JAVA CHECK
==============================================================================
Total Java Processes | 0
Batch/Daemon Java Processes | 0
Non-Standalone Java Processes | Not Found

==============================================================================
BATCH/DAEMON JAVA DETAILS
==============================================================================
Batch/Daemon Java Processes | 0
Batch/Daemon Java Details | None

==============================================================================
JBOSS/WILDFLY APPS (simple table)
==============================================================================
JBoss App Processes | 0
JBoss Apps | None

==============================================================================
Server Availability Check Completed | 2026-05-09 07:49:39.587261
==============================================================================

2026-05-09 03:50:09,098 - 542644 - ERROR - app_validation.py errors for i-09143840fad7bab85:

2026-05-09 03:50:09,099 - 542644 - INFO - After patching validation saved to: /data/patching_report/validation-2026-05-09/DIB-MTG-Batch/10.64.24.105/10.64.24.105-AfterPatching-2026-05-09-03-50-09-099.log
2026-05-09 03:50:09,149 - 542644 - INFO - Validation comparison report generated: /data/patching_report/validation-2026-05-09/DIB-MTG-Batch/10.64.24.105/10.64.24.105-Validation-details-2026-05-09-03-50-09-099.html
2026-05-09 03:50:09,349 - 542644 - INFO - Email sent successfully to ['CloudOps@softeon.com', 'kishlayk@softeon.com']
2026-05-09 03:50:09,349 - 542644 - INFO - HTML validation report email sent for i-09143840fad7bab85
2026-05-09 03:50:09,494 - 542644 - INFO - Started i-09143840fad7bab85 in 0:02:26.833723
2026-05-09 03:50:09,495 - 542644 - INFO - All instances processed.
2026-05-09 03:50:09,498 - 542644 - INFO - Restart Total time: 0:05:34.339376
2026-05-09 03:50:09,498 - 542644 - INFO - Auto-confirmed services are restarted
2026-05-09 03:50:09,498 - 542644 - INFO - Confirmed - services are started
2026-05-09 03:50:09,681 - 542644 - INFO - The following instances have failed the patch: []
2026-05-09 03:50:09,681 - 542644 - INFO - No instances have failed the patch.
2026-05-09 03:50:09,682 - 542644 - INFO - Total Patch Process time: 0:10:06.798868
2026-05-09 03:51:10,071 - 542644 - INFO - Log file ./logs/patching_2026-05-09_DIB-MTG-Batch.log uploaded to s3://q2-2026-aws-security-patching/DIB-MTG-Batch_Patch/2026-05-09/patching_2026-05-09_DIB-MTG-Batch.log
