2026-05-19 00:40:03,248 - 1219625 - INFO - Logger setup has been removed, using shared logger from common.logs.logger.
2026-05-19 00:40:03,249 - 1219625 - INFO - Script Start Time: 2026-05-19 00:40:03
2026-05-19 00:40:03,542 - 1219625 - INFO - Instance(s) selected for Patching: {'i-0894052f74e1461ea': '172.28.24.235'}
2026-05-19 00:40:03,608 - 1219625 - INFO - Email sent successfully to ['CloudOps@softeon.com']
2026-05-19 00:40:03,609 - 1219625 - INFO - Now patching instances at: 2026-05-19 00:40:03
2026-05-19 00:40:03,695 - 1219625 - INFO - Sending patch command to instance i-0894052f74e1461ea
2026-05-19 00:40:03,859 - 1219625 - INFO - Command sent successfully to instance i-0894052f74e1461ea. Command ID: 90b0b60c-79c7-4b7c-84fd-990d541af1f4
2026-05-19 00:50:06,132 - 1219625 - INFO - All patches applied successfully.
2026-05-19 00:50:06,133 - 1219625 - INFO - Patching end time: 2026-05-19 00:50:06
2026-05-19 00:50:06,133 - 1219625 - INFO - Patch Elapsed time: 0:10:02.524299
2026-05-19 00:50:06,199 - 1219625 - INFO - Email sent successfully to ['CloudOps@softeon.com']
2026-05-19 00:50:06,199 - 1219625 - INFO - Confirmed - services are stopped
2026-05-19 00:50:26,146 - 1219625 - INFO - Discovered TG map: {'i-0894052f74e1461ea': ['arn:aws:elasticloadbalancing:us-east-1:835314132208:targetgroup/UPSHC-VAC-STG-RF/7c327ef2dee895c8', 'arn:aws:elasticloadbalancing:us-east-1:835314132208:targetgroup/UPSHC-VAC-STG-Desktop/d33758bd2c06e417', 'arn:aws:elasticloadbalancing:us-east-1:835314132208:targetgroup/UPSHC-VAC-STG-WS/d74ba7771dbc14c5']}
2026-05-19 00:50:26,560 - 1219625 - INFO - Sent app_validation.py to i-0894052f74e1461ea (command_id: 01665406-bc43-421c-b1de-fddd466941d6)
2026-05-19 00:50:56,617 - 1219625 - INFO - app_validation.py output for i-0894052f74e1461ea:

==============================================================================
Server Availability Check Started | 2026-05-19 04:50:26.853695
==============================================================================

==============================================================================
SYSTEM INFORMATION
==============================================================================
Server IP | 172.28.24.235
Hostname | ip-172-28-24-235
Current User | root
Working Directory | /usr/bin
Time Zone | UTC

==============================================================================
STORAGE CHECK | /data mounts
==============================================================================
Filesystem | Size | Used | Avail | Use% | Mounted on
/dev/mapper/vg01-lv02 | 239.9G | 185.1G | 54.8G | 77% | /data

==============================================================================
SYMLINK CHECK | root (/)
==============================================================================
Symlinks Total | 6
Symlinks Valid | 6
Symlinks Invalid | 0
Symlink | ResolvedTarget
/bin | /usr/bin
/data2 | /data/data2
/data3 | /data/data3
/lib | /usr/lib
/lib64 | /usr/lib64
/sbin | /usr/sbin

==============================================================================
NFS CHECK
==============================================================================
NFS Package Installed | Yes
nfs-server.service Active | No
nfs-client.target Active | Yes
/etc/exports Present | Yes
EXPORTS_LINE | (empty)
NFS Mounted Shares | None

==============================================================================
CUPS CHECK
==============================================================================
CUPS Installed | Yes
CUPS Running | Yes
CUPS Version | 1.7.5
CUPS IP URL (http://172.28.24.235:631) | 200
Cups server Http Status | 200
Cups printers Http Status | 500
Printers Configured | 0

==============================================================================
FTP CHECK
==============================================================================
FTP Installed | No
FTP Running (Port 21 localhost) | No
FTP Port 21 Reachable on 172.28.24.235 | No
FTP Processes | None

==============================================================================
JAVA CHECK
==============================================================================
Total Java Processes | 33
Batch/Daemon Java Processes | 28
Non-Standalone Java Processes | upshcvac_arcd, upshcvac_bre, upshcvac_1ccd, upshcvac_2ccd, upshcvac_dwa, upshcvac_event, upshcvac_ftp, upshcvac_harp, upshcvac_ict, upshcvac_lbl, upshcvac_luca, upshcvac_mqc, upshcvac_mqp, upshcvac_2mqp, upshcvac_3mqp, upshcvac_lrcd, upshcvac_rccl, upshcvac_rpt, upshcvac_jqgrid, upshcvac_pacsch, upshcvac_sch, upshcvac_tiad, upshcvac_ialloc, upshcvac_inbq, upshcvac_1inbq, upshcvac_2inbq, upshcvac_wld, upshcvac_wsq

==============================================================================
BATCH/DAEMON JAVA DETAILS
==============================================================================
Batch/Daemon Java Processes | 28
Java-Name | Java-Path
upshcvac_arcd | /data/batchapp/softeon/upshcvacprdstg/autorouteconversiondaemon
upshcvac_bre | /data/batchapp/softeon/upshcvacprdstg/breruleenginedaemon
upshcvac_1ccd | /data/batchapp/softeon/upshcvacprdstg/clustercreationdaemon1
upshcvac_2ccd | /data/batchapp/softeon/upshcvacprdstg/clustercreationdaemon2
upshcvac_dwa | /data/batchapp/softeon/upshcvacprdstg/downloaddaemon
upshcvac_event | /data/batchapp/softeon/upshcvacprdstg/eventdaemon
upshcvac_ftp | /data/batchapp/softeon/upshcvacprdstg/ftpdaemon
upshcvac_harp | /data/batchapp/softeon/upshcvacprdstg/hardallocationdaemon
upshcvac_ict | /data/batchapp/softeon/upshcvacprdstg/invcomputationbytask
upshcvac_lbl | /data/batchapp/softeon/upshcvacprdstg/labeldaemon
upshcvac_luca | /data/batchapp/softeon/upshcvacprdstg/lucamqconsumerdaemon
upshcvac_mqc | /data/batchapp/softeon/upshcvacprdstg/mqconsumerdaemon
upshcvac_mqp | /data/batchapp/softeon/upshcvacprdstg/mqproducerdaemon
upshcvac_2mqp | /data/batchapp/softeon/upshcvacprdstg/mqproducerdaemon2
upshcvac_3mqp | /data/batchapp/softeon/upshcvacprdstg/mqproducerdaemon3
upshcvac_lrcd | /data/batchapp/softeon/upshcvacprdstg/onepullrouteconversiondaemon
upshcvac_rccl | /data/batchapp/softeon/upshcvacprdstg/replenishmentpickloccanceldaemon
upshcvac_rpt | /data/batchapp/softeon/upshcvacprdstg/reportdaemon
upshcvac_jqgrid | /data/batchapp/softeon/upshcvacprdstg/reportjqgridexportdaemon
upshcvac_pacsch | /data/batchapp/softeon/upshcvacprdstg/schedulardaemon_pacific
upshcvac_sch | /data/batchapp/softeon/upshcvacprdstg/schedulerdaemon
upshcvac_tiad | /data/batchapp/softeon/upshcvacprdstg/taskinvallocationdaemon
upshcvac_ialloc | /data/batchapp/softeon/upshcvacprdstg/uploadallocationdaemon
upshcvac_inbq | /data/batchapp/softeon/upshcvacprdstg/uploaddaemon
upshcvac_1inbq | /data/batchapp/softeon/upshcvacprdstg/uploaddaemon1
upshcvac_2inbq | /data/batchapp/softeon/upshcvacprdstg/uploaddaemon2
upshcvac_wld | /data/batchapp/softeon/upshcvacprdstg/wavelaunchdaemon
upshcvac_wsq | /data/batchapp/softeon/upshcvacprdstg/wsqdaemon

==============================================================================
JBOSS/WILDFLY APPS (simple table)
==============================================================================
JBoss App Processes | 3
PID | AppName | JbossVersion | Java-Name | Port | URL | Status | Code | SSL-Status | App-Path
3111285 | upshcvacprdstg | jboss730eap | upshcvac_jb730 | 8080 | 172.28.24.235:8080 | UP | 200 | Disabled | /data/app/jboss730eap/softeon/upshcvacprdstg/standalone
3111262 | upshcvacrfprdstg | jboss730eap | upshcvacrf_jb73 | 8081 | 172.28.24.235:8081 | UP | 200 | Disabled | /data/app/jboss730eap/softeon/upshcvacrfprdstg/standalone
3111480 | upshcvacwsprdstg | jboss730eap | upshcvacws_jb73 | 8082 | 172.28.24.235:8082 | UP | 200 | Disabled | /data/app/jboss730eap/softeon/upshcvacwsprdstg/standalone

==============================================================================
Server Availability Check Completed | 2026-05-19 04:50:29.477934
==============================================================================

2026-05-19 00:50:56,617 - 1219625 - ERROR - app_validation.py errors for i-0894052f74e1461ea:

2026-05-19 00:50:56,619 - 1219625 - INFO - Before patching validation saved to: /data/patching_report/validation-2026-05-19/UPSHC-VAC-Stage/172.28.24.235/172.28.24.235-BeforePatching-2026-05-19-00-50-56-618.log
2026-05-19 00:50:56,619 - 1219625 - INFO - Deregistering i-0894052f74e1461ea from TG arn:aws:elasticloadbalancing:us-east-1:835314132208:targetgroup/UPSHC-VAC-STG-RF/7c327ef2dee895c8
2026-05-19 00:50:56,691 - 1219625 - INFO - Deregistering i-0894052f74e1461ea from TG arn:aws:elasticloadbalancing:us-east-1:835314132208:targetgroup/UPSHC-VAC-STG-Desktop/d33758bd2c06e417
2026-05-19 00:50:56,733 - 1219625 - INFO - Deregistering i-0894052f74e1461ea from TG arn:aws:elasticloadbalancing:us-east-1:835314132208:targetgroup/UPSHC-VAC-STG-WS/d74ba7771dbc14c5
2026-05-19 00:50:56,777 - 1219625 - INFO - Stopping EC2 instance: i-0894052f74e1461ea at 2026-05-19 00:50:56
2026-05-19 00:52:13,017 - 1219625 - INFO - Instance i-0894052f74e1461ea stopped successfully.
2026-05-19 00:52:13,158 - 1219625 - INFO - Stopped i-0894052f74e1461ea in 0:01:16.381347
2026-05-19 00:52:13,158 - 1219625 - INFO - Starting EC2 instance: i-0894052f74e1461ea
2026-05-19 00:52:29,095 - 1219625 - INFO - Instance i-0894052f74e1461ea started successfully.
2026-05-19 00:52:29,096 - 1219625 - INFO - Waiting 100 seconds for SSM agent to be ready on i-0894052f74e1461ea...
2026-05-19 00:54:09,101 - 1219625 - INFO - Registering i-0894052f74e1461ea to TG arn:aws:elasticloadbalancing:us-east-1:835314132208:targetgroup/UPSHC-VAC-STG-RF/7c327ef2dee895c8
2026-05-19 00:54:09,324 - 1219625 - INFO - Registering i-0894052f74e1461ea to TG arn:aws:elasticloadbalancing:us-east-1:835314132208:targetgroup/UPSHC-VAC-STG-Desktop/d33758bd2c06e417
2026-05-19 00:54:09,453 - 1219625 - INFO - Registering i-0894052f74e1461ea to TG arn:aws:elasticloadbalancing:us-east-1:835314132208:targetgroup/UPSHC-VAC-STG-WS/d74ba7771dbc14c5
2026-05-19 00:59:10,271 - 1219625 - WARNING - i-0894052f74e1461ea not healthy in arn:aws:elasticloadbalancing:us-east-1:835314132208:targetgroup/UPSHC-VAC-STG-RF/7c327ef2dee895c8 after timeout.
2026-05-19 01:04:10,936 - 1219625 - WARNING - i-0894052f74e1461ea not healthy in arn:aws:elasticloadbalancing:us-east-1:835314132208:targetgroup/UPSHC-VAC-STG-Desktop/d33758bd2c06e417 after timeout.
2026-05-19 01:09:11,521 - 1219625 - WARNING - i-0894052f74e1461ea not healthy in arn:aws:elasticloadbalancing:us-east-1:835314132208:targetgroup/UPSHC-VAC-STG-WS/d74ba7771dbc14c5 after timeout.
2026-05-19 01:09:11,758 - 1219625 - INFO - Email sent successfully to ['kishlayk@softeon.com', 'CloudOps@softeon.com']
2026-05-19 01:09:11,758 - 1219625 - ERROR - Aborting workflow: i-0894052f74e1461ea is not healthy after restart.
2026-05-19 01:09:11,761 - 1219625 - INFO - Restart Total time: 0:19:05.423792
2026-05-19 01:09:11,762 - 1219625 - INFO - Auto-confirmed services are restarted
2026-05-19 01:09:11,762 - 1219625 - INFO - Confirmed - services are started
2026-05-19 01:09:11,897 - 1219625 - INFO - The following instances have failed the patch: []
2026-05-19 01:09:11,897 - 1219625 - INFO - No instances have failed the patch.
2026-05-19 01:09:11,898 - 1219625 - INFO - Total Patch Process time: 0:29:08.648578
2026-05-19 01:10:12,314 - 1219625 - INFO - Log file ./logs/patching_2026-05-19_UPSHC-VAC-Stage.log uploaded to s3://q2-2026-aws-security-patching/UPSHC-VAC-Stage_Patch/2026-05-19/patching_2026-05-19_UPSHC-VAC-Stage.log
