2026-07-01 00:10:03,716 - 3554630 - INFO - Email sent successfully to ['CloudOps@softeon.com']
2026-07-01 00:26:37,196 - 3554630 - INFO - Email sent successfully to ['CloudOps@softeon.com']
2026-07-01 00:26:37,389 - 3554630 - INFO - Log file ./logs/backup_2026-07-01.log uploaded to s3://q3-2025-aws-security-patching/Denso-Batch_Patch_Backup/2026-07-01/backup_2026-07-01.log
2026-07-01 04:10:03,256 - 3565034 - INFO - Logger setup has been removed, using shared logger from common.logs.logger.
2026-07-01 04:10:03,256 - 3565034 - INFO - Script Start Time: 2026-07-01 04:10:03
2026-07-01 04:10:03,507 - 3565034 - INFO - Instance(s) selected for Patching: {'i-000e4ec780ce15fa9': '10.73.82.125', 'i-0416620961779a0a4': '10.73.82.155'}
2026-07-01 04:10:03,577 - 3565034 - INFO - Email sent successfully to ['CloudOps@softeon.com']
2026-07-01 04:10:03,577 - 3565034 - INFO - Now patching instances at: 2026-07-01 04:10:03
2026-07-01 04:10:03,809 - 3565034 - INFO - Sent app_validation.py to i-000e4ec780ce15fa9 (command_id: 99ee599f-69d2-4197-8fe3-d890b4465816)
2026-07-01 04:10:33,837 - 3565034 - ERROR - Before validation failed for i-000e4ec780ce15fa9: An error occurred (AccessDeniedException) when calling the GetCommandInvocation operation: User: arn:aws:iam::178355190358:user/DevOps-Prod-Scripts is not authorized to perform: ssm:GetCommandInvocation on resource: arn:aws:ssm:us-east-2:178355190358:* because no identity-based policy allows the ssm:GetCommandInvocation action
2026-07-01 04:10:34,064 - 3565034 - INFO - Sent app_validation.py to i-0416620961779a0a4 (command_id: 85027920-78b7-4bee-bf1d-9713b381bc35)
2026-07-01 04:11:04,116 - 3565034 - ERROR - Before validation failed for i-0416620961779a0a4: An error occurred (AccessDeniedException) when calling the GetCommandInvocation operation: User: arn:aws:iam::178355190358:user/DevOps-Prod-Scripts is not authorized to perform: ssm:GetCommandInvocation on resource: arn:aws:ssm:us-east-2:178355190358:* because no identity-based policy allows the ssm:GetCommandInvocation action
2026-07-01 04:11:04,275 - 3565034 - INFO - Sending patch command to instance i-000e4ec780ce15fa9
2026-07-01 04:11:04,445 - 3565034 - INFO - Command sent successfully to instance i-000e4ec780ce15fa9. Command ID: cad165c1-cab5-4433-b705-e6fe0338e933
2026-07-01 04:11:04,579 - 3565034 - INFO - Sending patch command to instance i-0416620961779a0a4
2026-07-01 04:11:04,751 - 3565034 - INFO - Command sent successfully to instance i-0416620961779a0a4. Command ID: aebc993d-c9c8-43dc-a248-bb3fc59da06c
2026-07-01 04:19:07,110 - 3565034 - INFO - All patches applied successfully.
2026-07-01 04:19:07,110 - 3565034 - INFO - Patching end time: 2026-07-01 04:19:07
2026-07-01 04:19:07,110 - 3565034 - INFO - Patch Elapsed time: 0:09:03.533564
2026-07-01 04:19:07,186 - 3565034 - INFO - Email sent successfully to ['CloudOps@softeon.com']
2026-07-01 04:19:07,186 - 3565034 - INFO - Confirmed - services are stopped
2026-07-01 04:19:08,247 - 3565034 - INFO - Discovered TG map: {}
2026-07-01 04:19:08,424 - 3565034 - INFO - Stopping EC2 instance: i-000e4ec780ce15fa9 at 2026-07-01 04:19:08
2026-07-01 04:21:40,337 - 3565034 - INFO - Instance i-000e4ec780ce15fa9 stopped successfully.
2026-07-01 04:21:40,592 - 3565034 - INFO - Stopped i-000e4ec780ce15fa9 in 0:02:32.168118
2026-07-01 04:21:40,593 - 3565034 - INFO - Starting EC2 instance: i-000e4ec780ce15fa9
2026-07-01 04:21:56,572 - 3565034 - INFO - Instance i-000e4ec780ce15fa9 started successfully.
2026-07-01 04:21:56,573 - 3565034 - INFO - Waiting 100 seconds for SSM agent to be ready on i-000e4ec780ce15fa9...
2026-07-01 04:23:36,621 - 3565034 - ERROR - Error starting instance i-000e4ec780ce15fa9: expected str, bytes or os.PathLike object, not NoneType
2026-07-01 04:23:36,623 - 3565034 - INFO - Stopping EC2 instance: i-0416620961779a0a4 at 2026-07-01 04:23:36
2026-07-01 04:26:23,522 - 3565034 - INFO - Instance i-0416620961779a0a4 stopped successfully.
2026-07-01 04:26:23,842 - 3565034 - INFO - Stopped i-0416620961779a0a4 in 0:02:47.218926
2026-07-01 04:26:23,842 - 3565034 - INFO - Starting EC2 instance: i-0416620961779a0a4
2026-07-01 04:26:39,701 - 3565034 - INFO - Instance i-0416620961779a0a4 started successfully.
2026-07-01 04:26:39,701 - 3565034 - INFO - Waiting 100 seconds for SSM agent to be ready on i-0416620961779a0a4...
2026-07-01 04:28:19,801 - 3565034 - ERROR - Error starting instance i-0416620961779a0a4: expected str, bytes or os.PathLike object, not NoneType
2026-07-01 04:28:19,802 - 3565034 - INFO - All instances processed.
2026-07-01 04:28:19,803 - 3565034 - INFO - Restart Total time: 0:09:12.479738
2026-07-01 04:28:19,803 - 3565034 - INFO - Auto-confirmed services are restarted
2026-07-01 04:28:19,803 - 3565034 - INFO - Confirmed - services are started
2026-07-01 04:28:19,931 - 3565034 - INFO - The following instances have failed the patch: []
2026-07-01 04:28:19,931 - 3565034 - INFO - No instances have failed the patch.
2026-07-01 04:28:19,931 - 3565034 - INFO - Total Patch Process time: 0:18:16.674796
2026-07-01 04:29:20,428 - 3565034 - INFO - Log file ./logs/patching_2026-07-01_Denso-Batch.log uploaded to s3://q3-2026-aws-security-patching/Denso-Batch_Patch/2026-07-01/patching_2026-07-01_Denso-Batch.log
