2026-08-01 03:10:03,379 - 2287703 - INFO - Logger setup has been removed, using shared logger from common.logs.logger.
2026-08-01 03:10:03,379 - 2287703 - INFO - Script Start Time: 2026-08-01 03:10:03
2026-08-01 03:10:03,825 - 2287703 - INFO - Tag: q3-g3-prod-batch, IPs: ['192.168.161.120'], Environment: prod
2026-08-01 03:10:03,826 - 2287703 - INFO - Instance(s) selected for Patching: {'i-03609ed3e7d6a7859': '192.168.161.120'}
2026-08-01 03:10:03,907 - 2287703 - INFO - Email sent successfully to ['CloudOps@softeon.com']
2026-08-01 03:10:03,907 - 2287703 - INFO - Now patching instances at: 2026-08-01 03:10:03
2026-08-01 03:10:04,466 - 2287703 - INFO - Sent app_validation.py to i-03609ed3e7d6a7859 (command_id: 684d9633-3999-41d1-9ae7-a179695f8504)
2026-08-01 03:10:34,608 - 2287703 - INFO - SSM Command Status: Success
2026-08-01 03:10:34,608 - 2287703 - INFO - app_validation.py output for i-03609ed3e7d6a7859:

==============================================================================
Server Availability Check Started | 2026-08-01 07:10:04.915811
==============================================================================

==============================================================================
SYSTEM INFORMATION
==============================================================================
Server IP | 192.168.161.120
Hostname | ip-192-168-161-120.us-west-2.compute.internal
Current User | root
Working Directory | /usr/bin
Time Zone | UTC

==============================================================================
STORAGE CHECK | /data mounts
==============================================================================
Filesystem | Size | Used | Avail | Use% | Mounted on
/dev/nvme1n1p2 | 289.9G | 149.0G | 140.8G | 51% | /data
fs-85963b80.efs.us-west-2.amazonaws.com:/ | 0B | 55.2G | 0B | 0% | /data2

==============================================================================
SYMLINK CHECK | root (/)
==============================================================================
Symlinks Total | 4
Symlinks Valid | 4
Symlinks Invalid | 0
Symlink | ResolvedTarget
/bin | /usr/bin
/lib | /usr/lib
/lib64 | /usr/lib64
/sbin | /usr/sbin

==============================================================================
NFS CHECK
==============================================================================
NFS Package Installed | Yes
nfs-server.service Active | No
nfs-client.target Active | Yes
/etc/exports Present | Yes
EXPORTS_LINE | (empty)
NFS_MOUNT | Device | MountPoint | FSType
NFS_MOUNT | fs-85963b80.efs.us-west-2.amazonaws.com:/ | /data2 | nfs4

==============================================================================
CUPS CHECK
==============================================================================
CUPS Installed | Yes
CUPS Running | Yes
CUPS Version | 1.7.5
CUPS IP URL (http://192.168.161.120:631) | 200
Cups server Http Status | 200
Cups printers Http Status | 200
Printers Configured | 26

==============================================================================
FTP CHECK
==============================================================================
FTP Installed | No
FTP Running (Port 21 localhost) | No
FTP Port 21 Reachable on 192.168.161.120 | No
FTP Processes | None

==============================================================================
JAVA CHECK
==============================================================================
Total Java Processes | 14
Batch/Daemon Java Processes | 13
Non-Standalone Java Processes | g3prod_dwa, g3prod_event, g3prod_ftp, g3prod_lbl, g3prod_rpt, g3prod_1rpt, g3prod_exrpt, g3prod_sch, g3prod_inbq, g3prod_wld, g3prod_repl, g3prod_rccl, g3prod_billsch

==============================================================================
BATCH/DAEMON JAVA DETAILS
==============================================================================
Batch/Daemon Java Processes | 13
Java-Name | Java-Path
g3prod_dwa | /data/batchapp/softeon/g3prod/downloaddaemon
g3prod_event | /data/batchapp/softeon/g3prod/eventdaemon
g3prod_ftp | /data/batchapp/softeon/g3prod/ftpdaemon
g3prod_lbl | /data/batchapp/softeon/g3prod/labeldaemon
g3prod_rpt | /data/batchapp/softeon/g3prod/reportdaemon
g3prod_1rpt | /data/batchapp/softeon/g3prod/reportdaemon1
g3prod_exrpt | /data/batchapp/softeon/g3prod/reportjqgridexportdaemon
g3prod_sch | /data/batchapp/softeon/g3prod/schedulardaemon
g3prod_inbq | /data/batchapp/softeon/g3prod/uploaddaemon
g3prod_wld | /data/batchapp/softeon/g3prod/wavelaunchdaemon
g3prod_repl | /data/batchapp/softeon/g3prod/replenishmentdaemon
g3prod_rccl | /data/batchapp/softeon/g3prod/replenishmentpickloccanceldaemon
g3prod_billsch | /data/batchapp/softeon/g3prod/billingschedulerdaemon

==============================================================================
JBOSS/WILDFLY APPS (simple table)
==============================================================================
JBoss App Processes | 0
JBoss Apps | None

==============================================================================
HEALTH MONITOR CRONTAB STATUS
==============================================================================
Health Monitor Crontab | Active

==============================================================================
Server Availability Check Completed | 2026-08-01 07:10:05.470116
==============================================================================

2026-08-01 03:10:34,610 - 2287703 - INFO - Before patching log saved: /data/patching_report/validation-2026-08-01/q3-g3-prod-batch/192.168.161.120/192.168.161.120-BeforePatching-2026-08-01-03-10-34-609.log
2026-08-01 03:10:40,144 - 2287703 - INFO - i-03609ed3e7d6a7859: Cron was active = True
2026-08-01 03:10:40,606 - 2287703 - INFO - Health monitor crontab disabled on all instances
2026-08-01 03:10:40,607 - 2287703 - INFO - Disabled cron for: ['i-03609ed3e7d6a7859']
2026-08-01 03:10:40,692 - 2287703 - INFO - Sending patch command to instance i-03609ed3e7d6a7859
2026-08-01 03:10:41,023 - 2287703 - INFO - Command sent successfully to instance i-03609ed3e7d6a7859. Command ID: fd709908-60bc-4bde-a60e-4dcfd72ab46c
2026-08-01 03:20:45,034 - 2287703 - INFO - All patches applied successfully.
2026-08-01 03:20:45,035 - 2287703 - INFO - Patching end time: 2026-08-01 03:20:45
2026-08-01 03:20:45,035 - 2287703 - INFO - Patch Elapsed time: 0:10:41.128194
2026-08-01 03:20:45,133 - 2287703 - INFO - Email sent successfully to ['CloudOps@softeon.com']
2026-08-01 03:20:45,133 - 2287703 - INFO - Confirmed - services are stopped
2026-08-01 03:20:50,187 - 2287703 - INFO - Discovered TG map: {}
2026-08-01 03:20:50,440 - 2287703 - INFO - Stopping EC2 instance: i-03609ed3e7d6a7859 at 2026-08-01 03:20:50
2026-08-01 03:21:52,013 - 2287703 - INFO - Instance i-03609ed3e7d6a7859 stopped successfully.
2026-08-01 03:21:52,141 - 2287703 - INFO - Stopped i-03609ed3e7d6a7859 in 0:01:01.700912
2026-08-01 03:21:52,141 - 2287703 - INFO - Starting EC2 instance: i-03609ed3e7d6a7859
2026-08-01 03:22:08,273 - 2287703 - INFO - Instance i-03609ed3e7d6a7859 started successfully.
2026-08-01 03:22:08,274 - 2287703 - INFO - Waiting 100 seconds for SSM agent to be ready on i-03609ed3e7d6a7859...
2026-08-01 03:23:48,875 - 2287703 - INFO - Sent app_validation.py to i-03609ed3e7d6a7859 (command_id: f080f95b-ae0d-40a3-8028-b4a02c7a56c8)
2026-08-01 03:24:19,019 - 2287703 - INFO - SSM Command Status: Success
2026-08-01 03:24:19,020 - 2287703 - INFO - app_validation.py output for i-03609ed3e7d6a7859:

==============================================================================
Server Availability Check Started | 2026-08-01 07:23:49.127147
==============================================================================

==============================================================================
SYSTEM INFORMATION
==============================================================================
Server IP | 192.168.161.120
Hostname | ip-192-168-161-120.us-west-2.compute.internal
Current User | root
Working Directory | /usr/bin
Time Zone | UTC

==============================================================================
STORAGE CHECK | /data mounts
==============================================================================
Filesystem | Size | Used | Avail | Use% | Mounted on
/dev/nvme1n1p2 | 289.9G | 148.9G | 141.0G | 51% | /data
fs-85963b80.efs.us-west-2.amazonaws.com:/ | 0B | 55.2G | 0B | 0% | /data2

==============================================================================
SYMLINK CHECK | root (/)
==============================================================================
Symlinks Total | 4
Symlinks Valid | 4
Symlinks Invalid | 0
Symlink | ResolvedTarget
/bin | /usr/bin
/lib | /usr/lib
/lib64 | /usr/lib64
/sbin | /usr/sbin

==============================================================================
NFS CHECK
==============================================================================
NFS Package Installed | Yes
nfs-server.service Active | No
nfs-client.target Active | Yes
/etc/exports Present | Yes
EXPORTS_LINE | (empty)
NFS_MOUNT | Device | MountPoint | FSType
NFS_MOUNT | fs-85963b80.efs.us-west-2.amazonaws.com:/ | /data2 | nfs4

==============================================================================
CUPS CHECK
==============================================================================
CUPS Installed | Yes
CUPS Running | No
CUPS Version | 1.7.5
CUPS IP Port 631 Reachable | No
Cups server Http Status | Not Found
Cups printers Http Status | Not Found
Printers Configured | 0

==============================================================================
FTP CHECK
==============================================================================
FTP Installed | No
FTP Running (Port 21 localhost) | No
FTP Port 21 Reachable on 192.168.161.120 | No
FTP Processes | None

==============================================================================
JAVA CHECK
==============================================================================
Total Java Processes | 2
Batch/Daemon Java Processes | 2
Non-Standalone Java Processes | g3prod_sch, g3prod_rccl

==============================================================================
BATCH/DAEMON JAVA DETAILS
==============================================================================
Batch/Daemon Java Processes | 2
Java-Name | Java-Path
g3prod_sch | /data/batchapp/softeon/g3prod/schedulardaemon
g3prod_rccl | /data/batchapp/softeon/g3prod/replenishmentpickloccanceldaemon

==============================================================================
JBOSS/WILDFLY APPS (simple table)
==============================================================================
JBoss App Processes | 0
JBoss Apps | None

==============================================================================
HEALTH MONITOR CRONTAB STATUS
==============================================================================
Health Monitor Crontab | Disabled

==============================================================================
Server Availability Check Completed | 2026-08-01 07:23:49.485420
==============================================================================

2026-08-01 03:24:19,021 - 2287703 - INFO - After patching validation saved to: /data/patching_report/validation-2026-08-01/q3-g3-prod-batch/192.168.161.120/192.168.161.120-AfterPatching-2026-08-01-03-24-19-021.log
2026-08-01 03:24:19,080 - 2287703 - INFO - Validation comparison report generated: /data/patching_report/validation-2026-08-01/q3-g3-prod-batch/192.168.161.120/192.168.161.120-Validation-details-2026-08-01-03-24-19-021.html
2026-08-01 03:24:19,495 - 2287703 - INFO - Daemon count - Pre: 13, Post: 2
2026-08-01 03:24:19,495 - 2287703 - INFO - CUPS: before=running after=not running version=1.7.5
2026-08-01 03:24:19,495 - 2287703 - INFO - Manage_cron: True, daemon_action: True, cups_action: True
2026-08-01 03:24:19,495 - 2287703 - INFO - Background: restarting daemons on i-03609ed3e7d6a7859
2026-08-01 03:24:19,495 - 2287703 - INFO - Background thread started for i-03609ed3e7d6a7859 - daemon:True cups:True
2026-08-01 03:24:19,780 - 2287703 - INFO - Started i-03609ed3e7d6a7859 in 0:02:27.639260
2026-08-01 03:24:19,781 - 2287703 - INFO - All instances processed.
2026-08-01 03:24:19,784 - 2287703 - INFO - Restart Total time: 0:03:34.510169
2026-08-01 03:24:19,784 - 2287703 - INFO - Auto-confirmed services are restarted
2026-08-01 03:24:19,784 - 2287703 - INFO - Confirmed - services are started
2026-08-01 03:24:19,889 - 2287703 - INFO - The following instances have failed the patch: []
2026-08-01 03:24:19,890 - 2287703 - INFO - No instances have failed the patch.
2026-08-01 03:24:19,890 - 2287703 - INFO - Total Patch Process time: 0:14:16.510115
2026-08-01 03:24:50,154 - 2287703 - INFO - Daemon restart output: Found base path: /data/batchapp/softeon
Checking folder: g3prod
/data/batchapp/softeon/g3prod/startall-g3prod.sh







Current Batch  Application process already running with Process id: 4529




Current Batch  Application process already running with Process id: 4879

Checking folder: g3prod_service

2026-08-01 03:24:50,155 - 2287703 - INFO - Waiting 100 sec for daemons to start on i-03609ed3e7d6a7859
2026-08-01 03:25:20,267 - 2287703 - INFO - Log file ./logs/patching_2026-08-01_q3-g3-prod-batch.log uploaded to s3://q3-2026-aws-security-patching/q3-g3-prod-batch_Patch/2026-08-01/patching_2026-08-01_q3-g3-prod-batch.log
2026-08-01 03:26:30,212 - 2287703 - INFO - CUPS was running (v1.7.5) before, not running after - reinstalling on i-03609ed3e7d6a7859
2026-08-01 03:26:30,629 - 2287703 - INFO - CUPS upgrade command sent to i-03609ed3e7d6a7859 (command_id: eec76fa2-66dd-4cee-b4cd-d3d7bacc3e64)
2026-08-01 03:28:01,143 - 2287703 - INFO - CUPS upgrade output: '/etc/cups' -> '/tmp/cups-backup/cups1.7.5/cups'
'/etc/cups/snmp.conf.N' -> '/tmp/cups-backup/cups1.7.5/cups/snmp.conf.N'
'/etc/cups/cupsd.conf.default' -> '/tmp/cups-backup/cups1.7.5/cups/cupsd.conf.default'
'/etc/cups/client.conf' -> '/tmp/cups-backup/cups1.7.5/cups/client.conf'
'/etc/cups/cups-files.conf' -> '/tmp/cups-backup/cups1.7.5/cups/cups-files.conf'
'/etc/cups/cupsd.conf' -> '/tmp/cups-backup/cups1.7.5/cups/cupsd.conf'
'/etc/cups/snmp.conf' -> '/tmp/cups-backup/cups1.7.5/cups/snmp.conf'
'/etc/cups/printers.conf.O' -> '/tmp/cups-backup/cups1.7.5/cups/printers.conf.O'
'/etc/cups/cups-files.conf.N' -> '/tmp/cups-backup/cups1.7.5/cups/cups-files.conf.N'
'/etc/cups/cupsd.conf.N' -> '/tmp/cups-backup/cups1.7.5/cups/cupsd.conf.N'
'/etc/cups/printers.conf' -> '/tmp/cups-backup/cups1.7.5/cups/printers.conf'
'/etc/cups/interfaces' -> '/tmp/cups-backup/cups1.7.5/cups/interfaces'
'/etc/cups/ppd' -> '/tmp/cups-backup/cups1.7.5/cups/ppd'
'/etc/cups/ssl' -> '/tmp/cups-backup/cups1.7.5/cups/ssl'
Last metadata expiration check: 0:06:52 ago on Sat Aug  1 07:19:41 2026.
Dependencies resolved.
================================================================================
 Package           Architecture     Version             Repository         Size
================================================================================
Installing Groups:
 Development Tools                                                             

Transaction Summary
================================================================================

Complete!
cups-1.7.5/
cups-1.7.5/backend/
cups-1.7.5/berkeley/
cups-1.7.5/cgi-bin/
cups-1.7.5/CHANGES-1.0.txt
cups-1.7.5/CHANGES-1.1.txt
cups-1.7.5/CHANGES-1.2.txt
cups-1.7.5/CHANGES-1.3.txt
cups-1.7.5/CHANGES-1.4.txt
cups-1.7.5/CHANGES-1.5.txt
cups-1.7.5/CHANGES-1.6.txt
cups-1.7.5/CHANGES-IPPTOOL.txt
cups-1.7.5/CHANGES.txt
cups-1.7.5/conf/
cups-1.7.5/config-scripts/
cups-1.7.5/config.h.in
cups-1.7.5/configure
cups-1.7.5/configure.in
cups-1.7.5/CREDITS.txt
cups-1.7.5/cups/
cups-1.7.5/cups-config.in
cups-1.7.5/data/
cups-1.7.5/desktop/
cups-1.7.5/doc/
cups-1.7.5/examples/
cups-1.7.5/filter/
cups-1.7.5/install-sh
cups-1.7.5/INSTALL.txt
cups-1.7.5/IPPTOOL.txt
cups-1.7.5/LICENSE.txt
cups-1.7.5/locale/
cups-1.7.5/Makedefs.in
cups-1.7.5/Makefile
cups-1.7.5/man/
cups-1.7.5/monitor/
cups-1.7.5/notifier/
cups-1.7.5/packaging/
cups-1.7.5/ppdc/
cups-1.7.5/README.txt
cups-1.7.5/scheduler/
cups-1.7.5/systemv/
cups-1.7.5/templates/
cups-1.7.5/test/
cups-1.7.5/vcnet/
cups-1.7.5/xcode/
cups-1.7.5/xcode/config.h
cups-1.7.5/xcode/CUPS.xcodeproj/
cups-1.7.5/xcode/CUPS.xcodeproj/project.pbxproj
cups-1.7.5/vcnet/config.h
cups-1.7.5/vcnet/cups.sln
cups-1.7.5/vcnet/cupstestppd.vcproj
cups-1.7.5/vcnet/ippfind.vcproj
cups-1.7.5/vcnet/ipptool-installer.vdproj
cups-1.7.5/vcnet/ipptool.vcproj
cups-1.7.5/vcnet/libcups2-installer.vdproj
cups-1.7.5/vcnet/libcups2.vcproj
cups-1.7.5/vcnet/libcupsimage2.vcproj
cups-1.7.5/vcnet/README.txt
cups-1.7.5/vcnet/regex/
cups-1.7.5/vcnet/regex.vcproj
cups-1.7.5/vcnet/setdebug.bat
cups-1.7.5/vcnet/testfile.vcproj
cups-1.7.5/vcnet/testhttp.vcproj
cups-1.7.5/vcnet/regex/cclass.h
cups-1.7.5/vcnet/regex/cname.h
cups-1.7.5/vcnet/regex/COPYRIGHT
cups-1.7.5/vcnet/regex/debug.c
cups-1.7.5/vcnet/regex/debug.ih
cups-1.7.5/vcnet/regex/engine.c
cups-1.7.5/vcnet/regex/engine.ih
cups-1.7.5/vcnet/regex/main.c
cups-1.7.5/vcnet/regex/main.ih
cups-1.7.5/vcnet/regex/Makefile
cups-1.7.5/vcnet/regex/mkh
cups-1.7.5/vcnet/regex/README
cups-1.7.5/vcnet/regex/regcomp.c
cups-1.7.5/vcnet/regex/regcomp.ih
cups-1.7.5/vcnet/regex/regerror.c
cups-1.7.5/vcnet/regex/regerror.ih
cups-1.7.5/vcnet/regex/regex.3
cups-1.7.5/vcnet/regex/regex.7
cups-1.7.5/vcnet/regex/regex.def
cups-1.7.5/vcnet/regex/regex.h
cups-1.7.5/vcnet/regex/regex2.h
cups-1.7.5/vcnet/regex/regexec.c
cups-1.7.5/vcnet/regex/regfree.c
cups-1.7.5/vcnet/regex/split.c
cups-1.7.5/vcnet/regex/tests
cups-1.7.5/vcnet/regex/utils.h
cups-1.7.5/vcnet/regex/WHATSNEW
cups-1.7.5/test/4.1-requests.test
cups-1.7.5/test/4.2-cups-printer-ops.test
cups-1.7.5/test/4.3-job-ops.test
cups-1.7.5/test/4.4-subscription-ops.test
cups-1.7.5/test/5.1-lpadmin.sh
cups-1.7.5/test/5.2-lpc.sh
cups-1.7.5/test/5.3-lpq.sh
cups-1.7.5/test/5.4-lpstat.sh
cups-1.7.5/test/5.5-lp.sh
cups-1.7.5/test/5.6-lpr.sh
cups-1.7.5/test/5.7-lprm.sh
cups-1.7.5/test/5.8-cancel.sh
cups-1.7.5/test/5.9-lpinfo.sh
cups-1.7.5/test/cancel-current-job.test
cups-1.7.5/test/color.jpg
cups-1.7.5/test/create-job-format.test
cups-1.7.5/test/create-job-sheets.test
cups-1.7.5/test/create-job-timeout.test
cups-1.7.5/test/create-job.test
cups-1.7.5/test/create-printer-subscription.test
cups-1.7.5/test/Dependencies
cups-1.7.5/test/document-a4.pdf
cups-1.7.5/test/document-a4.ps
cups-1.7.5/test/document-a4.sla
cups-1.7.5/test/document-letter.pdf
cups-1.7.5/test/document-letter.ps
cups-1.7.5/test/document-letter.sla
cups-1.7.5/test/get-completed-jobs.test
cups-1.7.5/test/get-devices.test
cups-1.7.5/test/get-job-attributes.test
cups-1.7.5/test/get-job-attributes2.test
cups-1.7.5/test/get-jobs.test
cups-1.7.5/test/get-notifications.test
cups-1.7.5/test/get-ppd-printer.test
cups-1.7.5/test/get-ppd.test
cups-1.7.5/test/get-ppds-drv-only.test
cups-1.7.5/test/get-ppds-language.test
cups-1.7.5/test/get-ppds-make-and-model.test
cups-1.7.5/test/get-ppds-make.test
cups-1.7.5/test/get-ppds-product.test
cups-1.7.5/test/get-ppds-psversion.test
cups-1.7.5/test/get-ppds.test
cups-1.7.5/test/get-printer-attributes-2.0.test
cups-1.7.5/test/get-printer-attributes.test
cups-1.7.5/test/get-printers.test
cups-1.7.5/test/get-subscriptions.test
cups-1.7.5/test/gray.jpg
cups-1.7.5/test/ipp-1.1.test
cups-1.7.5/test/ipp-2.0.test
cups-1.7.5/test/ipp-2.1.test
cups-1.7.5/test/ipp-2.2.test
cups-1.7.5/test/ipp-backend.test
cups-1.7.5/test/ipp-everywhere.test
cups-1.7.5/test/ippdiscover.c
cups-1.7.5/test/ippfind.c
cups-1.7.5/test/ippserver.c
cups-1.7.5/test/ipptool.c
cups-1.7.5/test/make-ippeverywhere-print-tests.sh
cups-1.7.5/test/Makefile
cups-1.7.5/test/onepage-a4-300-black-1.pwg.gz
cups-1.7.5/test/onepage-a4.pdf
cups-1.7.5/test/onepage-a4.ps
cups-1.7.5/test/onepage-a4.sla
cups-1.7.5/test/onepage-letter-300-black-1.pwg.gz
cups-1.7.5/test/onepage-letter.pdf
cups-1.7.5/test/onepage-letter.ps
cups-1.7.5/test/onepage-letter.sla
cups-1.7.5/test/print-job-and-wait.test
cups-1.7.5/test/print-job-deflate.test
cups-1.7.5/test/print-job-gzip.test
cups-1.7.5/test/print-job-hold.test
cups-1.7.5/test/print-job-media-col.test
cups-1.7.5/test/print-job-password.test
cups-1.7.5/test/print-job.test
cups-1.7.5/test/print-uri.test
cups-1.7.5/test/printer.opacity
cups-1.7.5/test/printer.png
cups-1.7.5/test/run-stp-tests.sh
cups-1.7.5/test/set-attrs-hold.test
cups-1.7.5/test/str-header.html
cups-1.7.5/test/str-trailer.html
cups-1.7.5/test/test.convs
cups-1.7.5/test/testfile.jpg
cups-1.7.5/test/testfile.pcl
cups-1.7.5/test/testfile.pdf
cups-1.7.5/test/testfile.ps
cups-1.7.5/test/testfile.txt
cups-1.7.5/test/testhp.ppd
cups-1.7.5/test/testps.ppd
cups-1.7.5/test/validate-job.test
cups-1.7.5/test/waitjobs.sh
cups-1.7.5/test/xmltotest.c
cups-1.7.5/templates/add-class.tmpl
cups-1.7.5/templates/add-printer.tmpl
cups-1.7.5/templates/add-rss-subscription.tmpl
cups-1.7.5/templates/admin.tmpl
cups-1.7.5/templates/ca/
cups-1.7.5/templates/choose-device.tmpl
cups-1.7.5/templates/choose-make.tmpl
cups-1.7.5/templates/choose-model.tmpl
cups-1.7.5/templates/choose-serial.tmpl
cups-1.7.5/templates/choose-uri.tmpl
cups-1.7.5/templates/class-added.tmpl
cups-1.7.5/templates/class-confirm.tmpl
cups-1.7.5/templates/class-deleted.tmpl
cups-1.7.5/templates/class-jobs-header.tmpl
cups-1.7.5/templates/class-modified.tmpl
cups-1.7.5/templates/class.tmpl
cups-1.7.5/templates/classes-header.tmpl
cups-1.7.5/templates/classes.tmpl
cups-1.7.5/templates/command.tmpl
cups-1.7.5/templates/cs/
cups-1.7.5/templates/de/
cups-1.7.5/templates/edit-config.tmpl
cups-1.7.5/templates/error-op.tmpl
cups-1.7.5/templates/error.tmpl
cups-1.7.5/templates/es/
cups-1.7.5/templates/fr/
cups-1.7.5/templates/header.tmpl.in
cups-1.7.5/templates/help-header.tmpl
cups-1.7.5/templates/help-printable.tmpl
cups-1.7.5/templates/help-trailer.tmpl
cups-1.7.5/templates/it/
cups-1.7.5/templates/ja/
cups-1.7.5/templates/job-cancel.tmpl
cups-1.7.5/templates/job-hold.tmpl
cups-1.7.5/templates/job-move.tmpl
cups-1.7.5/templates/job-moved.tmpl
cups-1.7.5/templates/job-release.tmpl
cups-1.7.5/templates/job-restart.tmpl
cups-1.7.5/templates/jobs-header.tmpl
cups-1.7.5/templates/jobs.tmpl
cups-1.7.5/templates/list-available-printers.tmpl
cups-1.7.5/templates/Makefile
cups-1.7.5/templates/modify-class.tmpl
cups-1.7.5/templates/modify-printer.tmpl
cups-1.7.5/templates/norestart.tmpl
cups-1.7.5/templates/option-boolean.tmpl
cups-1.7.5/templates/option-conflict.tmpl
cups-1.7.5/templates/option-header.tmpl
cups-1.7.5/templates/option-pickmany.tmpl
cups-1.7.5/templates/option-pickone.tmpl
cups-1.7.5/templates/option-trailer.tmpl
cups-1.7.5/templates/pager.tmpl
cups-1.7.5/templates/printer-accept.tmpl
cups-1.7.5/templates/printer-added.tmpl
cups-1.7.5/templates/printer-configured.tmpl
cups-1.7.5/templates/printer-confirm.tmpl
cups-1.7.5/templates/printer-default.tmpl
cups-1.7.5/templates/printer-deleted.tmpl
cups-1.7.5/templates/printer-jobs-header.tmpl
cups-1.7.5/templates/printer-modified.tmpl
cups-1.7.5/templates/printer-purge.tmpl
cups-1.7.5/templates/printer-reject.tmpl
cups-1.7.5/templates/printer-start.tmpl
cups-1.7.5/templates/printer-stop.tmpl
cups-1.7.5/templates/printer.tmpl
cups-1.7.5/templates/printers-header.tmpl
cups-1.7.5/templates/printers.tmpl
cups-1.7.5/templates/pt_BR/
cups-1.7.5/templates/restart.tmpl
cups-1.7.5/templates/ru/
cups-1.7.5/templates/samba-export.tmpl
cups-1.7.5/templates/samba-exported.tmpl
cups-1.7.5/templates/search.tmpl
cups-1.7.5/templates/set-printer-options-header.tmpl
cups-1.7.5/templates/set-printer-options-trailer.tmpl
cups-1.7.5/templates/subscription-added.tmpl
cups-1.7.5/templates/subscription-canceled.tmpl
cups-1.7.5/templates/test-page.tmpl
cups-1.7.5/templates/trailer.tmpl
cups-1.7.5/templates/users.tmpl
cups-1.7.5/templates/ru/add-class.tmpl
cups-1.7.5/templates/ru/add-printer.tmpl
cups-1.7.5/templates/ru/add-rss-subscription.tmpl
cups-1.7.5/templates/ru/admin.tmpl
cups-1.7.5/templates/ru/choose-device.tmpl
cups-1.7.5/templates/ru/choose-make.tmpl
cups-1.7.5/templates/ru/choose-model.tmpl
cups-1.7.5/templates/ru/choose-serial.tmpl
cups-1.7.5/templates/ru/choose-uri.tmpl
cups-1.7.5/templates/ru/class-added.tmpl
cups-1.7.5/templates/ru/class-confirm.tmpl
cups-1.7.5/templates/ru/class-deleted.tmpl
cups-1.7.5/templates/ru/class-jobs-header.tmpl
cups-1.7.5/templates/ru/class-modified.tmpl
cups-1.7.5/templates/ru/class.tmpl
cups-1.7.5/templates/ru/classes-header.tmpl
cups-1.7.5/templates/ru/classes.tmpl
cups-1.7.5/templates/ru/command.tmpl
cups-1.7.5/templates/ru/edit-config.tmpl
cups-1.7.5/templates/ru/error-op.tmpl
cups-1.7.5/templates/ru/error.tmpl
cups-1.7.5/templates/ru/header.tmpl.in
cups-1.7.5/templates/ru/help-header.tmpl
cups-1.7.5/templates/ru/help-printable.tmpl
cups-1.7.5/templates/ru/help-trailer.tmpl
cups-1.7.5/templates/ru/job-cancel.tmpl
cups-1.7.5/templates/ru/job-hold.tmpl
cups-1.7.5/templates/ru/job-move.tmpl
cups-1.7.5/templates/ru/job-moved.tmpl
cups-1.7.5/templates/ru/job-release.tmpl
cups-1.7.5/templates/ru/job-restart.tmpl
cups-1.7.5/templates/ru/jobs-header.tmpl
cups-1.7.5/templates/ru/jobs.tmpl
cups-1.7.5/templates/ru/list-available-printers.tmpl
cups-1.7.5/templates/ru/Makefile
cups-1.7.5/templates/ru/modify-class.tmpl
cups-1.7.5/templates/ru/modify-printer.tmpl
cups-1.7.5/templates/ru/norestart.tmpl
cups-1.7.5/templates/ru/option-boolean.tmpl
cups-1.7.5/templates/ru/option-conflict.tmpl
cups-1.7.5/templates/ru/option-header.tmpl
cups-1.7.5/templates/ru/option-pickmany.tmpl
cups-1.7.5/templates/ru/option-pickone.tmpl
cups-1.7.5/templates/ru/option-trailer.tmpl
cups-1.7.5/templates/ru/pager.tmpl
cups-1.7.5/templates/ru/printer-accept.tmpl
cups-1.7.5/templates/ru/printer-added.tmpl
cups-1.7.5/templates/ru/printer-configured.tmpl
cups-1.7.5/templates/ru/printer-confirm.tmpl
cups-1.7.5/templates/ru/printer-default.tmpl
cups-1.7.5/templates/ru/printer-deleted.tmpl
cups-1.7.5/templates/ru/printer-jobs-header.tmpl
cups-1.7.5/templates/ru/printer-modified.tmpl
cups-1.7.5/templates/ru/printer-purge.tmpl
cups-1.7.5/templates/ru/printer-reject.tmpl
cups-1.7.5/templates/ru/printer-start.tmpl
cups-1.7.5/templates/ru/printer-stop.tmpl
cups-1.7.5/templates/ru/printer.tmpl
cups-1.7.5/templates/ru/printers-header.tmpl
cups-1.7.5/templates/ru/printers.tmpl
cups-1.7.5/templates/ru/restart.tmpl
cups-1.7.5/templates/ru/samba-export.tmpl
cups-1.7.5/templates/ru/samba-exported.tmpl
cups-1.7.5/templates/ru/search.tmpl
cups-1.7.5/templates/ru/set-printer-options-header.tmpl
cups-1.7.5/templates/ru/set-printer-options-trailer.tmpl
cups-1.7.5/templates/ru/subscription-added.tmpl
cups-1.7.5/templates/ru/subscription-canceled.tmpl
cups-1.7.5/templates/ru/test-page.tmpl
cups-1.7.5/templates/ru/trailer.tmpl
cups-1.7.5/templates/ru/users.tmpl
cups-1.7.5/templates/pt_BR/add-class.tmpl
cups-1.7.5/templates/pt_BR/add-printer.tmpl
cups-1.7.5/templates/pt_BR/add-rss-subscription.tmpl
cups-1.7.5/templates/pt_BR/admin.tmpl
cups-1.7.5/templates/pt_BR/choose-device.tmpl
cups-1.7.5/templates/pt_BR/choose-make.tmpl
cups-1.7.5/templates/pt_BR/choose-model.tmpl
cups-1.7.5/templates/pt_BR/choose-serial.tmpl
cups-1.7.5/templates/pt_BR/choose-uri.tmpl
cups-1.7.5/templates/pt_BR/class-added.tmpl
cups-1.7.5/templates/pt_BR/class-confirm.tmpl
cups-1.7.5/templates/pt_BR/class-deleted.tmpl
cups-1.7.5/templates/pt_BR/class-jobs-header.tmpl
cups-1.7.5/templates/pt_BR/class-modified.tmpl
cups-1.7.5/templates/pt_BR/class.tmpl
cups-1.7.5/templates/pt_BR/classes-header.tmpl
cups-1.7.5/templates/pt_BR/classes.tmpl
cups-1.7.5/templates/pt_BR/command.tmpl
cups-1.7.5/templates/pt_BR/edit-config.tmpl
cups-1.7.5/templates/pt_BR/error-op.tmpl
cups-1.7.5/templates/pt_BR/error.tmpl
cups-1.7.5/templates/pt_BR/header.tmpl.in
cups-1.7.5/templates/pt_BR/help-header.tmpl
cups-1.7.5/templates/pt_BR/job-cancel.tmpl
cups-1.7.5/templates/pt_BR/job-hold.tmpl
cups-1.7.5/templates/pt_BR/job-move.tmpl
cups-1.7.5/templates/pt_BR/job-moved.tmpl
cups-1.7.5/templates/pt_BR/job-release.tmpl
cups-1.7.5/templates/pt_BR/job-restart.tmpl
cups-1.7.5/templates/pt_BR/jobs-header.tmpl
cups-1.7.5/templates/pt_BR/jobs.tmpl
cups-1.7.5/templates/pt_BR/list-available-printers.tmpl
cups-1.7.5/templates/pt_BR/modify-class.tmpl
cups-1.7.5/templates/pt_BR/modify-printer.tmpl
cups-1.7.5/templates/pt_BR/norestart.tmpl
cups-1.7.5/templates/pt_BR/option-boolean.tmpl
cups-1.7.5/templates/pt_BR/option-conflict.tmpl
cups-1.7.5/templates/pt_BR/option-header.tmpl
cups-1.7.5/templates/pt_BR/option-pickmany.tmpl
cups-1.7.5/templates/pt_BR/option-pickone.tmpl
cups-1.7.5/templates/pt_BR/option-trailer.tmpl
cups-1.7.5/templates/pt_BR/pager.tmpl
cups-1.7.5/templates/pt_BR/printer-accept.tmpl
cups-1.7.5/templates/pt_BR/printer-added.tmpl
cups-1.7.5/templates/pt_BR/printer-configured.tmpl
cups-1.7.5/templates/pt_BR/printer-confirm.tmpl
cups-1.7.5/templates/pt_BR/printer-default.tmpl
cups-1.7.5/templates/pt_BR/printer-deleted.tmpl
cups-1.7.5/templates/pt_BR/printer-jobs-header.tmpl
cups-1.7.5/templates/pt_BR/printer-modified.tmpl
cups-1.7.5/templates/pt_BR/printer-purge.tmpl
cups-1.7.5/templates/pt_BR/printer-reject.tmpl
cups-1.7.5/templates/pt_BR/printer-start.tmpl
cups-1.7.5/templates/pt_BR/printer-stop.tmpl
cups-1.7.5/templates/pt_BR/printer.tmpl
cups-1.7.5/templates/pt_BR/printers-header.tmpl
cups-1.7.5/templates/pt_BR/printers.tmpl
cups-1.7.5/templates/pt_BR/restart.tmpl
cups-1.7.5/templates/pt_BR/samba-export.tmpl
cups-1.7.5/templates/pt_BR/samba-exported.tmpl
cups-1.7.5/templates/pt_BR/search.tmpl
cups-1.7.5/templates/pt_BR/set-printer-options-header.tmpl
cups-1.7.5/templates/pt_BR/set-printer-options-trailer.tmpl
cups-1.7.5/templates/pt_BR/subscription-added.tmpl
cups-1.7.5/templates/pt_BR/subscription-canceled.tmpl
cups-1.7.5/templates/pt_BR/test-page.tmpl
cups-1.7.5/templates/pt_BR/trailer.tmpl
cups-1.7.5/templates/pt_BR/users.tmpl
cups-1.7.5/templates/ja/add-class.tmpl
cups-1.7.5/templates/ja/add-printer.tmpl
cups-1.7.5/templates/ja/add-rss-subscription.tmpl
cups-1.7.5/templates/ja/admin.tmpl
cups-1.7.5/templates/ja/choose-device.tmpl
cups-1.7.5/templates/ja/choose-make.tmpl
cups-1.7.5/templates/ja/choose-model.tmpl
cups-1.7.5/templates/ja/choose-serial.tmpl
cups-1.7.5/templates/ja/choose-uri.tmpl
cups-1.7.5/templates/ja/class-added.tmpl
cups-1.7.5/templates/ja/class-confirm.tmpl
cups-1.7.5/templates/ja/class-deleted.tmpl
cups-1.7.5/templates/ja/class-jobs-header.tmpl
cups-1.7.5/templates/ja/class-modified.tmpl
cups-1.7.5/templates/ja/class.tmpl
cups-1.7.5/templates/ja/classes-header.tmpl
cups-1.7.5/templates/ja/classes.tmpl
cups-1.7.5/templates/ja/command.tmpl
cups-1.7.5/templates/ja/edit-config.tmpl
cups-1.7.5/templates/ja/error-op.tmpl
cups-1.7.5/templates/ja/error.tmpl
cups-1.7.5/templates/ja/header.tmpl.in
cups-1.7.5/templates/ja/help-header.tmpl
cups-1.7.5/templates/ja/help-printable.tmpl
cups-1.7.5/templates/ja/help-trailer.tmpl
cups-1.7.5/templates/ja/job-cancel.tmpl
cups-1.7.5/templates/ja/job-hold.tmpl
cups-1.7.5/templates/ja/job-move.tmpl
cups-1.7.5/templates/ja/job-moved.tmpl
cups-1.7.5/templates/ja/job-release.tmpl
cups-1.7.5/templates/ja/job-restart.tmpl
cups-1.7.5/templates/ja/jobs-header.tmpl
cups-1.7.5/templates/ja/jobs.tmpl
cups-1.7.5/templates/ja/list-available-printers.tmpl
cups-1.7.5/templates/ja/modify-class.tmpl
cups-1.7.5/templates/ja/modify-printer.tmpl
cups-1.7.5/templates/ja/norestart.tmpl
cups-1.7.5/templates/ja/option-boolean.tmpl
cups-1.7.5/templates/ja/option-conflict.tmpl
cups-1.7.5/templates/ja/option-header.tmpl
cups-1.7.5/templates/ja/option-pickmany.tmpl
cups-1.7.5/templates/ja/option-pickone.tmpl
cups-1.7.5/templates/ja/option-trailer.tmpl
cups-1.7.5/templates/ja/pager.tmpl
cups-1.7.5/templates/ja/printer-accept.tmpl
cups-1.7.5/templates/ja/printer-added.tmpl
cups-1.7.5/templates/ja/printer-configured.tmpl
cups-1.7.5/templates/ja/printer-confirm.tmpl
cups-1.7.5/templates/ja/printer-default.tmpl
cups-1.7.5/templates/ja/printer-deleted.tmpl
cups-1.7.5/templates/ja/printer-jobs-header.tmpl
cups-1.7.5/templates/ja/printer-modified.tmpl
cups-1.7.5/templates/ja/printer-purge.tmpl
cups-1.7.5/templates/ja/printer-reject.tmpl
cups-1.7.5/templates/ja/printer-start.tmpl
cups-1.7.5/templates/ja/printer-stop.tmpl
cups-1.7.5/templates/ja/printer.tmpl
cups-1.7.5/templates/ja/printers-header.tmpl
cups-1.7.5/templates/ja/printers.tmpl
cups-1.7.5/templates/ja/restart.tmpl
cups-1.7.5/templates/ja/samba-export.tmpl
cups-1.7.5/templates/ja/samba-exported.tmpl
cups-1.7.5/templates/ja/search.tmpl
cups-1.7.5/templates/ja/set-printer-options-header.tmpl
cups-1.7.5/templates/ja/set-printer-options-trailer.tmpl
cups-1.7.5/templates/ja/subscription-added.tmpl
cups-1.7.5/templates/ja/subscription-canceled.tmpl
cups-1.7.5/templates/ja/test-page.tmpl
cups-1.7.5/templates/ja/trailer.tmpl
cups-1.7.5/templates/ja/users.tmpl
cups-1.7.5/templates/it/add-class.tmpl
cups-1.7.5/templates/it/add-printer.tmpl
cups-1.7.5/templates/it/add-rss-subscription.tmpl
cups-1.7.5/templates/it/admin.tmpl
cups-1.7.5/templates/it/choose-device.tmpl
cups-1.7.5/templates/it/choose-make.tmpl
cups-1.7.5/templates/it/choose-model.tmpl
cups-1.7.5/templates/it/choose-serial.tmpl
cups-1.7.5/templates/it/choose-uri.tmpl
cups-1.7.5/templates/it/class-added.tmpl
cups-1.7.5/templates/it/class-confirm.tmpl
cups-1.7.5/templates/it/class-deleted.tmpl
cups-1.7.5/templates/it/class-jobs-header.tmpl
cups-1.7.5/templates/it/class-modified.tmpl
cups-1.7.5/templates/it/class.tmpl
cups-1.7.5/templates/it/classes-header.tmpl
cups-1.7.5/templates/it/classes.tmpl
cups-1.7.5/templates/it/command.tmpl
cups-1.7.5/templates/it/edit-config.tmpl
cups-1.7.5/templates/it/error-op.tmpl
cups-1.7.5/templates/it/error.tmpl
cups-1.7.5/templates/it/header.tmpl.in
cups-1.7.5/templates/it/help-header.tmpl
cups-1.7.5/templates/it/help-printable.tmpl
cups-1.7.5/templates/it/help-trailer.tmpl
cups-1.7.5/templates/it/job-cancel.tmpl
cups-1.7.5/templates/it/job-hold.tmpl
cups-1.7.5/templates/it/job-move.tmpl
cups-1.7.5/templates/it/job-moved.tmpl
cups-1.7.5/templates/it/job-release.tmpl
cups-1.7.5/templates/it/job-restart.tmpl
cups-1.7.5/templates/it/jobs-header.tmpl
cups-1.7.5/templates/it/jobs.tmpl
cups-1.7.5/templates/it/list-available-printers.tmpl
cups-1.7.5/templates/it/modify-class.tmpl
cups-1.7.5/templates/it/modify-printer.tmpl
cups-1.7.5/templates/it/norestart.tmpl
cups-1.7.5/templates/it/option-boolean.tmpl
cups-1.7.5/templates/it/option-conflict.tmpl
cups-1.7.5/templates/it/option-header.tmpl
cups-1.7.5/templates/it/option-pickmany.tmpl
cups-1.7.5/templates/it/option-pickone.tmpl
cups-1.7.5/templates/it/option-trailer.tmpl
cups-1.7.5/templates/it/pager.tmpl
cups-1.7.5/templates/it/printer-accept.tmpl
cups-1.7.5/templates/it/printer-added.tmpl
cups-1.7.5/templates/it/printer-configured.tmpl
cups-1.7.5/templates/it/printer-confirm.tmpl
cups-1.7.5/templates/it/printer-default.tmpl
cups-1.7.5/templates/it/printer-deleted.tmpl
cups-1.7.5/templates/it/printer-jobs-header.tmpl
cups-1.7.5/templates/it/printer-modified.tmpl
cups-1.7.5/templates/it/printer-purge.tmpl
cups-1.7.5/templates/it/printer-reject.tmpl
cups-1.7.5/templates/it/printer-start.tmpl
cups-1.7.5/templates/it/printer-stop.tmpl
cups-1.7.5/templates/it/printer.tmpl
cups-1.7.5/templates/it/printers-header.tmpl
cups-1.7.5/templates/it/printers.tmpl
cups-1.7.5/templates/it/restart.tmpl
cups-1.7.5/templates/it/samba-export.tmpl
cups-1.7.5/templates/it/samba-exported.tmpl
cups-1.7.5/templates/it/search.tmpl
cups-1.7.5/templates/it/set-printer-options-header.tmpl
cups-1.7.5/templates/it/set-printer-options-trailer.tmpl
cups-1.7.5/templates/it/subscription-added.tmpl
cups-1.7.5/templates/it/subscription-canceled.tmpl
cups-1.7.5/templates/it/test-page.tmpl
cups-1.7.5/templates/it/trailer.tmpl
cups-1.7.5/templates/it/users.tmpl
cups-1.7.5/templates/fr/add-class.tmpl
cups-1.7.5/templates/fr/add-printer.tmpl
cups-1.7.5/templates/fr/add-rss-subscription.tmpl
cups-1.7.5/templates/fr/admin.tmpl
cups-1.7.5/templates/fr/choose-device.tmpl
cups-1.7.5/templates/fr/choose-make.tmpl
cups-1.7.5/templates/fr/choose-model.tmpl
cups-1.7.5/templates/fr/choose-serial.tmpl
cups-1.7.5/templates/fr/choose-uri.tmpl
cups-1.7.5/templates/fr/class-added.tmpl
cups-1.7.5/templates/fr/class-confirm.tmpl
cups-1.7.5/templates/fr/class-deleted.tmpl
cups-1.7.5/templates/fr/class-jobs-header.tmpl
cups-1.7.5/templates/fr/class-modified.tmpl
cups-1.7.5/templates/fr/class.tmpl
cups-1.7.5/templates/fr/classes-header.tmpl
cups-1.7.5/templates/fr/classes.tmpl
cups-1.7.5/templates/fr/command.tmpl
cups-1.7.5/templates/fr/edit-config.tmpl
cups-1.7.5/templates/fr/error-op.tmpl
cups-1.7.5/templates/fr/error.tmpl
cups-1.7.5/templates/fr/header.tmpl.in
cups-1.7.5/templates/fr/help-header.tmpl
cups-1.7.5/templates/fr/help-printable.tmpl
cups-1.7.5/templates/fr/help-trailer.tmpl
cups-1.7.5/templates/fr/job-cancel.tmpl
cups-1.7.5/templates/fr/job-hold.tmpl
cups-1.7.5/templates/fr/job-move.tmpl
cups-1.7.5/templates/fr/job-moved.tmpl
cups-1.7.5/templates/fr/job-release.tmpl
cups-1.7.5/templates/fr/job-restart.tmpl
cups-1.7.5/templates/fr/jobs-header.tmpl
cups-1.7.5/templates/fr/jobs.tmpl
cups-1.7.5/templates/fr/list-available-printers.tmpl
cups-1.7.5/templates/fr/modify-class.tmpl
cups-1.7.5/templates/fr/modify-printer.tmpl
cups-1.7.5/templates/fr/norestart.tmpl
cups-1.7.5/templates/fr/option-boolean.tmpl
cups-1.7.5/templates/fr/option-conflict.tmpl
cups-1.7.5/templates/fr/option-header.tmpl
cups-1.7.5/templates/fr/option-pickmany.tmpl
cups-1.7.5/templates/fr/option-pickone.tmpl
cups-1.7.5/templates/fr/option-trailer.tmpl
cups-1.7.5/templates/fr/pager.tmpl
cups-1.7.5/templates/fr/printer-accept.tmpl
cups-1.7.5/templates/fr/printer-added.tmpl
cups-1.7.5/temp--output truncated--
2026-08-01 03:28:01,146 - 2287703 - INFO - CUPS reinstall successful on i-03609ed3e7d6a7859
2026-08-01 03:28:02,487 - 2287703 - INFO - Sent app_validation.py to i-03609ed3e7d6a7859 (command_id: fa3fc0b1-5069-4806-947c-f032a0fbe257)
2026-08-01 03:28:32,600 - 2287703 - INFO - SSM Command Status: Success
2026-08-01 03:28:32,600 - 2287703 - INFO - app_validation.py output for i-03609ed3e7d6a7859:

==============================================================================
Server Availability Check Started | 2026-08-01 07:28:02.655396
==============================================================================

==============================================================================
SYSTEM INFORMATION
==============================================================================
Server IP | 192.168.161.120
Hostname | ip-192-168-161-120.us-west-2.compute.internal
Current User | root
Working Directory | /usr/bin
Time Zone | UTC

==============================================================================
STORAGE CHECK | /data mounts
==============================================================================
Filesystem | Size | Used | Avail | Use% | Mounted on
/dev/nvme1n1p2 | 289.9G | 149.0G | 140.8G | 51% | /data
fs-85963b80.efs.us-west-2.amazonaws.com:/ | 0B | 55.2G | 0B | 0% | /data2

==============================================================================
SYMLINK CHECK | root (/)
==============================================================================
Symlinks Total | 4
Symlinks Valid | 4
Symlinks Invalid | 0
Symlink | ResolvedTarget
/bin | /usr/bin
/lib | /usr/lib
/lib64 | /usr/lib64
/sbin | /usr/sbin

==============================================================================
NFS CHECK
==============================================================================
NFS Package Installed | Yes
nfs-server.service Active | No
nfs-client.target Active | Yes
/etc/exports Present | Yes
EXPORTS_LINE | (empty)
NFS_MOUNT | Device | MountPoint | FSType
NFS_MOUNT | fs-85963b80.efs.us-west-2.amazonaws.com:/ | /data2 | nfs4

==============================================================================
CUPS CHECK
==============================================================================
CUPS Installed | Yes
CUPS Running | Yes
CUPS Version | 1.7.5
CUPS IP URL (http://192.168.161.120:631) | 200
Cups server Http Status | 200
Cups printers Http Status | 200
Printers Configured | 26

==============================================================================
FTP CHECK
==============================================================================
FTP Installed | No
FTP Running (Port 21 localhost) | No
FTP Port 21 Reachable on 192.168.161.120 | No
FTP Processes | None

==============================================================================
JAVA CHECK
==============================================================================
Total Java Processes | 13
Batch/Daemon Java Processes | 13
Non-Standalone Java Processes | g3prod_sch, g3prod_rccl, g3prod_dwa, g3prod_event, g3prod_ftp, g3prod_lbl, g3prod_rpt, g3prod_1rpt, g3prod_exrpt, g3prod_inbq, g3prod_wld, g3prod_repl, g3prod_billsch

==============================================================================
BATCH/DAEMON JAVA DETAILS
==============================================================================
Batch/Daemon Java Processes | 13
Java-Name | Java-Path
g3prod_sch | /data/batchapp/softeon/g3prod/schedulardaemon
g3prod_rccl | /data/batchapp/softeon/g3prod/replenishmentpickloccanceldaemon
g3prod_dwa | /data/batchapp/softeon/g3prod/downloaddaemon
g3prod_event | /data/batchapp/softeon/g3prod/eventdaemon
g3prod_ftp | /data/batchapp/softeon/g3prod/ftpdaemon
g3prod_lbl | /data/batchapp/softeon/g3prod/labeldaemon
g3prod_rpt | /data/batchapp/softeon/g3prod/reportdaemon
g3prod_1rpt | /data/batchapp/softeon/g3prod/reportdaemon1
g3prod_exrpt | /data/batchapp/softeon/g3prod/reportjqgridexportdaemon
g3prod_inbq | /data/batchapp/softeon/g3prod/uploaddaemon
g3prod_wld | /data/batchapp/softeon/g3prod/wavelaunchdaemon
g3prod_repl | /data/batchapp/softeon/g3prod/replenishmentdaemon
g3prod_billsch | /data/batchapp/softeon/g3prod/billingschedulerdaemon

==============================================================================
JBOSS/WILDFLY APPS (simple table)
==============================================================================
JBoss App Processes | 0
JBoss Apps | None

==============================================================================
HEALTH MONITOR CRONTAB STATUS
==============================================================================
Health Monitor Crontab | Disabled

==============================================================================
Server Availability Check Completed | 2026-08-01 07:28:03.077118
==============================================================================

2026-08-01 03:28:32,736 - 2287703 - INFO - Email sent successfully to ['kishlayk@softeon.com', 'CloudOps@softeon.com']
2026-08-01 03:28:32,737 - 2287703 - INFO - RED re-validation mail sent for i-03609ed3e7d6a7859
2026-08-01 03:28:32,737 - 2287703 - INFO - Still Red after restart - starting retry for i-03609ed3e7d6a7859
2026-08-01 03:28:32,737 - 2287703 - INFO - [Retry-1] Waiting 300s for i-03609ed3e7d6a7859...
2026-08-01 03:33:33,338 - 2287703 - INFO - Sent app_validation.py to i-03609ed3e7d6a7859 (command_id: 327da3f3-0e23-4560-a77f-7a937f5ff147)
2026-08-01 03:34:03,500 - 2287703 - INFO - SSM Command Status: Success
2026-08-01 03:34:03,500 - 2287703 - INFO - app_validation.py output for i-03609ed3e7d6a7859:

==============================================================================
Server Availability Check Started | 2026-08-01 07:33:33.490207
==============================================================================

==============================================================================
SYSTEM INFORMATION
==============================================================================
Server IP | 192.168.161.120
Hostname | ip-192-168-161-120.us-west-2.compute.internal
Current User | root
Working Directory | /usr/bin
Time Zone | UTC

==============================================================================
STORAGE CHECK | /data mounts
==============================================================================
Filesystem | Size | Used | Avail | Use% | Mounted on
/dev/nvme1n1p2 | 289.9G | 149.1G | 140.8G | 51% | /data
fs-85963b80.efs.us-west-2.amazonaws.com:/ | 0B | 55.2G | 0B | 0% | /data2

==============================================================================
SYMLINK CHECK | root (/)
==============================================================================
Symlinks Total | 4
Symlinks Valid | 4
Symlinks Invalid | 0
Symlink | ResolvedTarget
/bin | /usr/bin
/lib | /usr/lib
/lib64 | /usr/lib64
/sbin | /usr/sbin

==============================================================================
NFS CHECK
==============================================================================
NFS Package Installed | Yes
nfs-server.service Active | No
nfs-client.target Active | Yes
/etc/exports Present | Yes
EXPORTS_LINE | (empty)
NFS_MOUNT | Device | MountPoint | FSType
NFS_MOUNT | fs-85963b80.efs.us-west-2.amazonaws.com:/ | /data2 | nfs4

==============================================================================
CUPS CHECK
==============================================================================
CUPS Installed | Yes
CUPS Running | Yes
CUPS Version | 1.7.5
CUPS IP URL (http://192.168.161.120:631) | 200
Cups server Http Status | 200
Cups printers Http Status | 200
Printers Configured | 26

==============================================================================
FTP CHECK
==============================================================================
FTP Installed | No
FTP Running (Port 21 localhost) | No
FTP Port 21 Reachable on 192.168.161.120 | No
FTP Processes | None

==============================================================================
JAVA CHECK
==============================================================================
Total Java Processes | 13
Batch/Daemon Java Processes | 13
Non-Standalone Java Processes | g3prod_sch, g3prod_rccl, g3prod_dwa, g3prod_event, g3prod_ftp, g3prod_lbl, g3prod_rpt, g3prod_1rpt, g3prod_exrpt, g3prod_inbq, g3prod_wld, g3prod_repl, g3prod_billsch

==============================================================================
BATCH/DAEMON JAVA DETAILS
==============================================================================
Batch/Daemon Java Processes | 13
Java-Name | Java-Path
g3prod_sch | /data/batchapp/softeon/g3prod/schedulardaemon
g3prod_rccl | /data/batchapp/softeon/g3prod/replenishmentpickloccanceldaemon
g3prod_dwa | /data/batchapp/softeon/g3prod/downloaddaemon
g3prod_event | /data/batchapp/softeon/g3prod/eventdaemon
g3prod_ftp | /data/batchapp/softeon/g3prod/ftpdaemon
g3prod_lbl | /data/batchapp/softeon/g3prod/labeldaemon
g3prod_rpt | /data/batchapp/softeon/g3prod/reportdaemon
g3prod_1rpt | /data/batchapp/softeon/g3prod/reportdaemon1
g3prod_exrpt | /data/batchapp/softeon/g3prod/reportjqgridexportdaemon
g3prod_inbq | /data/batchapp/softeon/g3prod/uploaddaemon
g3prod_wld | /data/batchapp/softeon/g3prod/wavelaunchdaemon
g3prod_repl | /data/batchapp/softeon/g3prod/replenishmentdaemon
g3prod_billsch | /data/batchapp/softeon/g3prod/billingschedulerdaemon

==============================================================================
JBOSS/WILDFLY APPS (simple table)
==============================================================================
JBoss App Processes | 0
JBoss Apps | None

==============================================================================
HEALTH MONITOR CRONTAB STATUS
==============================================================================
Health Monitor Crontab | Disabled

==============================================================================
Server Availability Check Completed | 2026-08-01 07:33:33.897296
==============================================================================

2026-08-01 03:34:03,502 - 2287703 - INFO - [Retry-1] After log saved: /data/patching_report/validation-2026-08-01/q3-g3-prod-batch/192.168.161.120/192.168.161.120-AfterPatching-Retry1-2026-08-01-03-34-03-501.log
2026-08-01 03:34:03,564 - 2287703 - INFO - [Retry-1] RED for G3 Production Batch Server (192.168.161.120), retrying... (Total waited: 300s)
2026-08-01 03:34:03,564 - 2287703 - INFO - [Retry-2] Waiting 300s for i-03609ed3e7d6a7859...
2026-08-01 03:39:04,298 - 2287703 - INFO - Sent app_validation.py to i-03609ed3e7d6a7859 (command_id: 758f41d7-7bda-45f4-a4e1-0841dbadf81f)
2026-08-01 03:39:34,427 - 2287703 - INFO - SSM Command Status: Success
2026-08-01 03:39:34,427 - 2287703 - INFO - app_validation.py output for i-03609ed3e7d6a7859:

==============================================================================
Server Availability Check Started | 2026-08-01 07:39:04.474807
==============================================================================

==============================================================================
SYSTEM INFORMATION
==============================================================================
Server IP | 192.168.161.120
Hostname | ip-192-168-161-120.us-west-2.compute.internal
Current User | root
Working Directory | /usr/bin
Time Zone | UTC

==============================================================================
STORAGE CHECK | /data mounts
==============================================================================
Filesystem | Size | Used | Avail | Use% | Mounted on
/dev/nvme1n1p2 | 289.9G | 149.1G | 140.7G | 51% | /data
fs-85963b80.efs.us-west-2.amazonaws.com:/ | 0B | 55.2G | 0B | 0% | /data2

==============================================================================
SYMLINK CHECK | root (/)
==============================================================================
Symlinks Total | 4
Symlinks Valid | 4
Symlinks Invalid | 0
Symlink | ResolvedTarget
/bin | /usr/bin
/lib | /usr/lib
/lib64 | /usr/lib64
/sbin | /usr/sbin

==============================================================================
NFS CHECK
==============================================================================
NFS Package Installed | Yes
nfs-server.service Active | No
nfs-client.target Active | Yes
/etc/exports Present | Yes
EXPORTS_LINE | (empty)
NFS_MOUNT | Device | MountPoint | FSType
NFS_MOUNT | fs-85963b80.efs.us-west-2.amazonaws.com:/ | /data2 | nfs4

==============================================================================
CUPS CHECK
==============================================================================
CUPS Installed | Yes
CUPS Running | Yes
CUPS Version | 1.7.5
CUPS IP URL (http://192.168.161.120:631) | 200
Cups server Http Status | 200
Cups printers Http Status | 200
Printers Configured | 26

==============================================================================
FTP CHECK
==============================================================================
FTP Installed | No
FTP Running (Port 21 localhost) | No
FTP Port 21 Reachable on 192.168.161.120 | No
FTP Processes | None

==============================================================================
JAVA CHECK
==============================================================================
Total Java Processes | 14
Batch/Daemon Java Processes | 13
Non-Standalone Java Processes | g3prod_sch, g3prod_rccl, g3prod_dwa, g3prod_event, g3prod_ftp, g3prod_lbl, g3prod_rpt, g3prod_1rpt, g3prod_exrpt, g3prod_inbq, g3prod_wld, g3prod_repl, g3prod_billsch

==============================================================================
BATCH/DAEMON JAVA DETAILS
==============================================================================
Batch/Daemon Java Processes | 13
Java-Name | Java-Path
g3prod_sch | /data/batchapp/softeon/g3prod/schedulardaemon
g3prod_rccl | /data/batchapp/softeon/g3prod/replenishmentpickloccanceldaemon
g3prod_dwa | /data/batchapp/softeon/g3prod/downloaddaemon
g3prod_event | /data/batchapp/softeon/g3prod/eventdaemon
g3prod_ftp | /data/batchapp/softeon/g3prod/ftpdaemon
g3prod_lbl | /data/batchapp/softeon/g3prod/labeldaemon
g3prod_rpt | /data/batchapp/softeon/g3prod/reportdaemon
g3prod_1rpt | /data/batchapp/softeon/g3prod/reportdaemon1
g3prod_exrpt | /data/batchapp/softeon/g3prod/reportjqgridexportdaemon
g3prod_inbq | /data/batchapp/softeon/g3prod/uploaddaemon
g3prod_wld | /data/batchapp/softeon/g3prod/wavelaunchdaemon
g3prod_repl | /data/batchapp/softeon/g3prod/replenishmentdaemon
g3prod_billsch | /data/batchapp/softeon/g3prod/billingschedulerdaemon

==============================================================================
JBOSS/WILDFLY APPS (simple table)
==============================================================================
JBoss App Processes | 0
JBoss Apps | None

==============================================================================
HEALTH MONITOR CRONTAB STATUS
==============================================================================
Health Monitor Crontab | Disabled

==============================================================================
Server Availability Check Completed | 2026-08-01 07:39:05.050134
==============================================================================

2026-08-01 03:39:34,429 - 2287703 - INFO - [Retry-2] After log saved: /data/patching_report/validation-2026-08-01/q3-g3-prod-batch/192.168.161.120/192.168.161.120-AfterPatching-Retry2-2026-08-01-03-39-34-429.log
2026-08-01 03:39:34,899 - 2287703 - INFO - Health monitor crontab enabled on all instances
2026-08-01 03:39:34,901 - 2287703 - INFO - [Retry] Green - cron enabled for i-03609ed3e7d6a7859
2026-08-01 03:39:34,969 - 2287703 - INFO - Email sent successfully to ['kishlayk@softeon.com', 'CloudOps@softeon.com']
2026-08-01 03:39:34,969 - 2287703 - INFO - [Retry] GREEN mail sent for i-03609ed3e7d6a7859
