2026-04-05 02:00:04,388 - 117857 - INFO - Logger setup has been removed, using shared logger from common.logs.logger.
2026-04-05 02:00:04,388 - 117857 - INFO - Script Start Time: 2026-04-05 02:00:04
2026-04-05 02:00:04,833 - 117857 - INFO - Instance(s) selected for Patching: {'i-0f5983f58c7d7706f': '172.21.131.150'}
2026-04-05 02:00:04,912 - 117857 - INFO - Email sent successfully to ['a80af5b5.softeon.com@in.teams.ms', 'CloudOps@softeon.com']
2026-04-05 02:00:04,913 - 117857 - INFO - Now patching instances at: 2026-04-05 02:00:04
2026-04-05 02:00:05,158 - 117857 - INFO - Sending patch command to instance i-0f5983f58c7d7706f
2026-04-05 02:00:05,305 - 117857 - INFO - Command sent successfully to instance i-0f5983f58c7d7706f. Command ID: b1042eb8-1607-4765-858d-16a83bb98280
2026-04-05 02:09:07,467 - 117857 - INFO - All patches applied successfully.
2026-04-05 02:09:07,468 - 117857 - INFO - Patching end time: 2026-04-05 02:09:07
2026-04-05 02:09:07,468 - 117857 - INFO - Patch Elapsed time: 0:09:02.555460
2026-04-05 02:09:07,541 - 117857 - INFO - Email sent successfully to ['a80af5b5.softeon.com@in.teams.ms', 'CloudOps@softeon.com']
2026-04-05 02:09:07,542 - 117857 - INFO - Confirmed - services are stopped
2026-04-05 02:09:28,764 - 117857 - INFO - Discovered TG map: {'i-0f5983f58c7d7706f': ['arn:aws:elasticloadbalancing:us-east-1:835314132208:targetgroup/Honest-UAT-WMS-Desktop/4b9343ad1f91ea96', 'arn:aws:elasticloadbalancing:us-east-1:835314132208:targetgroup/Honest-UAT-YMS-Desktop/e8fb9987bf943e5d']}
2026-04-05 02:09:29,174 - 117857 - INFO - Sent app_validation.py to i-0f5983f58c7d7706f (command_id: 14815c2a-78ee-4d9f-96df-ad2872ac9ee7)
2026-04-05 02:09:59,415 - 117857 - INFO - app_validation.py output for i-0f5983f58c7d7706f:

==============================================================================
Server Availability Check Started | 2026-04-04 23:09:29.627370
==============================================================================

==============================================================================
SYSTEM INFORMATION
==============================================================================
Server IP | 172.21.131.150
Hostname | ip-172-21-131-150
Current User | root
Working Directory | /usr/bin
Time Zone | PDT

==============================================================================
STORAGE CHECK | /data mounts
==============================================================================
Filesystem | Size | Used | Avail | Use% | Mounted on
/dev/xvdb2 | 179.9G | 134.0G | 45.9G | 74% | /data

==============================================================================
SYMLINK CHECK | root (/)
==============================================================================
Symlinks Total | 5
Symlinks Valid | 5
Symlinks Invalid | 0
Symlink | ResolvedTarget
/bin | /usr/bin
/data2 | /data/data2
/lib | /usr/lib
/lib64 | /usr/lib64
/sbin | /usr/sbin

==============================================================================
NFS CHECK
==============================================================================
NFS Package Installed | Yes
nfs-server.service Active | No
nfs-client.target Active | Yes
/etc/exports Present | Yes
EXPORTS_LINE | (empty)
NFS Mounted Shares | None

==============================================================================
CUPS CHECK
==============================================================================
CUPS Installed | Yes
CUPS Running | Yes
CUPS Version | 1.7.5
CUPS IP URL (http://172.21.131.150:631) | 200
Cups server Http Status | 200
Cups printers Http Status | 500
Printers Configured | 52

==============================================================================
FTP CHECK
==============================================================================
FTP Installed | No
FTP Running (Port 21 localhost) | No
FTP Port 21 Reachable on 172.21.131.150 | No
FTP Processes | None

==============================================================================
JAVA CHECK
==============================================================================
Total Java Processes | 24
Batch/Daemon Java Processes | 21
Non-Standalone Java Processes | honest_jqgrid, honest_rpt_241, softeonwmsuat_downloaddaemon, softeonwmsuat_ftpdaemon, softeonwmsuat_jqgridreportdaemon, softeonwmsuat_reportdaemon, softeonwmsuat_schedulerdaemon, softeonwmsuat_uploaddaemon, softeonwmsuat_wavelaunchdaemon, softeonwmsuat_replenishmentrequestdaemon, softeonwmsuat_replpickLoccanceldaemon, softeonwmsuat_hardallocationdaemon, softeonwmsuat_labeldaemon, softeonwmsuat_wavefiledownloaddaemon, wmsuat_wesout, wmsuat_wesin, softeonwmsuat_ptcdaemon, softeonwmsuat_autobatchdistributiondaemon, softeonwmsuat_wesinboundweightdaemon, softeonwmsuat_clusterbatch, softeonwmsuat_WLPK1

==============================================================================
BATCH/DAEMON JAVA DETAILS
==============================================================================
Batch/Daemon Java Processes | 21
Java-Name | Java-Path
honest_jqgrid | /data/batchapp/honestwmsuat/jqgridreport241daemon
honest_rpt_241 | /data/batchapp/honestwmsuat/report241daemon
softeonwmsuat_downloaddaemon | /data/app/java/jdk1.7.0_80/bin/softeonwmsuat_downloaddaemon
softeonwmsuat_ftpdaemon | /data/app/java/jdk1.7.0_80/bin/softeonwmsuat_ftpdaemon
softeonwmsuat_jqgridreportdaemon | /data/app/java/jdk1.7.0_80/bin/softeonwmsuat_jqgridreportdaemon
softeonwmsuat_reportdaemon | /data/app/java/jdk1.7.0_80/bin/softeonwmsuat_reportdaemon
softeonwmsuat_schedulerdaemon | /data/app/java/jdk1.7.0_80/bin/softeonwmsuat_schedulerdaemon
softeonwmsuat_uploaddaemon | /data/app/java/jdk1.7.0_80/bin/softeonwmsuat_uploaddaemon
softeonwmsuat_wavelaunchdaemon | /data/app/java/jdk1.7.0_80/bin/softeonwmsuat_wavelaunchdaemon
softeonwmsuat_replenishmentrequestdaemon | /data/app/java/jdk1.7.0_80/bin/softeonwmsuat_replenishmentrequestdaemon
softeonwmsuat_replpickLoccanceldaemon | /data/app/java/jdk1.7.0_80/bin/softeonwmsuat_replpickLoccanceldaemon
softeonwmsuat_hardallocationdaemon | /data/app/java/jdk1.7.0_80/bin/softeonwmsuat_hardallocationdaemon
softeonwmsuat_labeldaemon | /data/app/java/jdk1.7.0_80/bin/softeonwmsuat_labeldaemon
softeonwmsuat_wavefiledownloaddaemon | /data/app/java/jdk1.7.0_80/bin/softeonwmsuat_wavefiledownloaddaemon
wmsuat_wesout | /data/batchapp/softeonwmsuat/wesoutbounddaemon
wmsuat_wesin | /data/batchapp/softeonwmsuat/wesinbounddaemon
softeonwmsuat_ptcdaemon | /data/app/java/jdk1.7.0_80/bin/softeonwmsuat_ptcdaemon
softeonwmsuat_autobatchdistributiondaemon | /data/app/java/jdk1.7.0_80/bin/softeonwmsuat_autobatchdistributiondaemon
softeonwmsuat_wesinboundweightdaemon | /data/app/java/jdk1.7.0_80/bin/softeonwmsuat_wesinboundweightdaemon
softeonwmsuat_clusterbatch | /data/app/java/jdk1.7.0_80/bin/softeonwmsuat_clusterbatch
softeonwmsuat_WLPK1 | /data/app/java/jdk1.7.0_80/bin/softeonwmsuat_WLPK1

==============================================================================
JBOSS/WILDFLY APPS (simple table)
==============================================================================
JBoss App Processes | 3
PID | AppName | JbossVersion | Java-Name | Port | URL | Status | Code | SSL-Status | App-Path
3843 | honestwmsuat | jboss740eap | hnstwmsuat_jb74 | 8083 | 172.21.131.150:8083 | UP | 200 | Disabled | /data/app/jboss740eap/softeon/honestwmsuat/standalone
2766 | softeondev | app | softeondev_jboss72 | 8090 | 172.21.131.150:8090 | UP | 200 | Disabled | /data/app/jboss72/softeondev/standalone
2698009 | softeonwmsuat | app | softeonwmsuat_jboss72 | 8081 | 172.21.131.150:8081 | UP | 200 | Disabled | /data/app/jboss72/softeonwmsuat/standalone

==============================================================================
Server Availability Check Completed | 2026-04-04 23:09:30.981288
==============================================================================

2026-04-05 02:09:59,415 - 117857 - ERROR - app_validation.py errors for i-0f5983f58c7d7706f:

2026-04-05 02:09:59,417 - 117857 - INFO - Before patching validation saved to: output/validation-2026-04-05/172.21.131.150-BeforePatching-2026-04-05-02-09-59-417.log
2026-04-05 02:09:59,417 - 117857 - INFO - Deregistering i-0f5983f58c7d7706f from TG arn:aws:elasticloadbalancing:us-east-1:835314132208:targetgroup/Honest-UAT-WMS-Desktop/4b9343ad1f91ea96
2026-04-05 02:09:59,488 - 117857 - INFO - Deregistering i-0f5983f58c7d7706f from TG arn:aws:elasticloadbalancing:us-east-1:835314132208:targetgroup/Honest-UAT-YMS-Desktop/e8fb9987bf943e5d
2026-04-05 02:09:59,532 - 117857 - INFO - Stopping EC2 instance: i-0f5983f58c7d7706f at 2026-04-05 02:09:59
2026-04-05 02:11:30,754 - 117857 - INFO - Instance i-0f5983f58c7d7706f stopped successfully.
2026-04-05 02:11:30,885 - 117857 - INFO - Stopped i-0f5983f58c7d7706f in 0:01:31.352764
2026-04-05 02:11:30,885 - 117857 - INFO - Starting EC2 instance: i-0f5983f58c7d7706f
2026-04-05 02:11:46,857 - 117857 - INFO - Instance i-0f5983f58c7d7706f started successfully.
2026-04-05 02:11:46,857 - 117857 - INFO - Waiting 100 seconds for SSM agent to be ready on i-0f5983f58c7d7706f...
2026-04-05 02:13:26,869 - 117857 - INFO - Registering i-0f5983f58c7d7706f to TG arn:aws:elasticloadbalancing:us-east-1:835314132208:targetgroup/Honest-UAT-WMS-Desktop/4b9343ad1f91ea96
2026-04-05 02:13:27,053 - 117857 - INFO - Registering i-0f5983f58c7d7706f to TG arn:aws:elasticloadbalancing:us-east-1:835314132208:targetgroup/Honest-UAT-YMS-Desktop/e8fb9987bf943e5d
2026-04-05 02:18:27,876 - 117857 - WARNING - i-0f5983f58c7d7706f not healthy in arn:aws:elasticloadbalancing:us-east-1:835314132208:targetgroup/Honest-UAT-WMS-Desktop/4b9343ad1f91ea96 after timeout.
2026-04-05 02:18:28,013 - 117857 - INFO - Email sent successfully to ['CloudOps@softeon.com', 'kishlayk@softeon.com']
2026-04-05 02:18:28,013 - 117857 - ERROR - Aborting workflow: i-0f5983f58c7d7706f is not healthy after restart.
2026-04-05 02:18:28,016 - 117857 - INFO - Restart Total time: 0:09:20.346347
2026-04-05 02:18:28,016 - 117857 - INFO - Auto-confirmed services are restarted
2026-04-05 02:18:28,016 - 117857 - INFO - Confirmed - services are started
2026-04-05 02:18:28,147 - 117857 - INFO - The following instances have failed the patch: []
2026-04-05 02:18:28,148 - 117857 - INFO - No instances have failed the patch.
2026-04-05 02:18:28,148 - 117857 - INFO - Total Patch Process time: 0:18:23.758959
2026-04-05 02:19:28,555 - 117857 - INFO - Log file ./logs/patching_2026-04-05_Honest-uat-q2-26.log uploaded to s3://q2-2026-aws-security-patching/Honest-uat-q2-26_Patch/2026-04-05/patching_2026-04-05_Honest-uat-q2-26.log
