2026-06-21 00:10:03,479 - 3020110 - INFO - Email sent successfully to ['CloudOps@softeon.com']
2026-06-21 00:26:28,187 - 3020110 - INFO - Email sent successfully to ['CloudOps@softeon.com']
2026-06-21 00:26:28,419 - 3020110 - INFO - Log file ./logs/backup_2026-06-21.log uploaded to s3://q3-2025-aws-security-patching/RXO-Batch_Patch_Backup/2026-06-21/backup_2026-06-21.log
2026-06-21 04:10:02,609 - 3028926 - INFO - Logger setup has been removed, using shared logger from common.logs.logger.
2026-06-21 04:10:02,609 - 3028926 - INFO - Script Start Time: 2026-06-21 04:10:02
2026-06-21 04:10:02,999 - 3028926 - INFO - Instance(s) selected for Patching: {'i-0df2810cbf2c541a1': '172.22.24.59'}
2026-06-21 04:10:03,079 - 3028926 - INFO - Email sent successfully to ['CloudOps@softeon.com']
2026-06-21 04:10:03,080 - 3028926 - INFO - Now patching instances at: 2026-06-21 04:10:03
2026-06-21 04:10:03,721 - 3028926 - INFO - Sent app_validation.py to i-0df2810cbf2c541a1 (command_id: d7e2cb2a-e370-4462-bee0-c89248119d1b)
2026-06-21 04:10:33,956 - 3028926 - INFO - app_validation.py output for i-0df2810cbf2c541a1:

==============================================================================
Server Availability Check Started | 2026-06-21 08:10:03.880489
==============================================================================

==============================================================================
SYSTEM INFORMATION
==============================================================================
Server IP | 172.22.24.59
Hostname | ip-172-22-24-59.eu-west-1.compute.internal
Current User | root
Working Directory | /usr/bin
Time Zone | UTC

==============================================================================
STORAGE CHECK | /data mounts
==============================================================================
Filesystem | Size | Used | Avail | Use% | Mounted on
/dev/mapper/vg01-lv02 | 239.9G | 102.5G | 137.4G | 42% | /data
fs-085a5698fcf41dc35.efs.eu-west-1.amazonaws.com:/ | 0B | 9.3G | 0B | 0% | /data2

==============================================================================
SYMLINK CHECK | root (/)
==============================================================================
Symlinks Total | 5
Symlinks Valid | 5
Symlinks Invalid | 0
Symlink | ResolvedTarget
/bin | /usr/bin
/data3 | /data/data3
/lib | /usr/lib
/lib64 | /usr/lib64
/sbin | /usr/sbin

==============================================================================
NFS CHECK
==============================================================================
NFS Package Installed | Yes
nfs-server.service Active | No
nfs-client.target Active | Yes
/etc/exports Present | Yes
EXPORTS_LINE | (empty)
NFS_MOUNT | Device | MountPoint | FSType
NFS_MOUNT | fs-085a5698fcf41dc35.efs.eu-west-1.amazonaws.com:/ | /data2 | nfs4

==============================================================================
CUPS CHECK
==============================================================================
CUPS Installed | Yes
CUPS Running | Yes
CUPS Version | 1.7.5
CUPS IP URL (http://172.22.24.59:631) | 200
Cups server Http Status | 200
Cups printers Http Status | 200
Printers Configured | 10

==============================================================================
FTP CHECK
==============================================================================
FTP Installed | No
FTP Running (Port 21 localhost) | No
FTP Port 21 Reachable on 172.22.24.59 | No
FTP Processes | None

==============================================================================
JAVA CHECK
==============================================================================
Total Java Processes | 15
Batch/Daemon Java Processes | 15
Non-Standalone Java Processes | rxoprod_abchdis, rxoprod_dwa, rxoprod_event, rxoprod_ftp, rxoprod_lbl, rxoprod_repl, rxoprod_rccl, rxoprod_rpt, rxoprod_jqgrid, rxoprod_sch, rxoprod_inbq, rxoprod_wld, rxoymsprd_rpt, rxoymsprd_jqgri, rxoconfig_bcopy

==============================================================================
BATCH/DAEMON JAVA DETAILS
==============================================================================
Batch/Daemon Java Processes | 15
Java-Name | Java-Path
rxoprod_abchdis | /data/batchapp/softeon/rxoprod/autobatchdistributiondaemon
rxoprod_dwa | /data/batchapp/softeon/rxoprod/downloaddaemon
rxoprod_event | /data/batchapp/softeon/rxoprod/eventdaemon
rxoprod_ftp | /data/batchapp/softeon/rxoprod/ftpdaemon
rxoprod_lbl | /data/batchapp/softeon/rxoprod/labeldaemon
rxoprod_repl | /data/batchapp/softeon/rxoprod/replenishmentdaemon
rxoprod_rccl | /data/batchapp/softeon/rxoprod/replenishmentpickloccanceldaemon
rxoprod_rpt | /data/batchapp/softeon/rxoprod/reportdaemon
rxoprod_jqgrid | /data/batchapp/softeon/rxoprod/reportjqgridexportdaemon
rxoprod_sch | /data/batchapp/softeon/rxoprod/schedulerdaemon
rxoprod_inbq | /data/batchapp/softeon/rxoprod/uploaddaemon
rxoprod_wld | /data/batchapp/softeon/rxoprod/wavelaunchdaemon
rxoymsprd_rpt | /data/batchapp/softeon/rxoymsprod/reportdaemon
rxoymsprd_jqgri | /data/batchapp/softeon/rxoymsprod/reportjqgridexportdaemon
rxoconfig_bcopy | /data/batchapp/softeon/rxoconfigprod/bulkdatacopydaemon

==============================================================================
JBOSS/WILDFLY APPS (simple table)
==============================================================================
JBoss App Processes | 0
JBoss Apps | None

==============================================================================
Server Availability Check Completed | 2026-06-21 08:10:04.421093
==============================================================================

2026-06-21 04:10:33,957 - 3028926 - ERROR - app_validation.py errors for i-0df2810cbf2c541a1:

2026-06-21 04:10:33,958 - 3028926 - INFO - Before patching log saved: /data/patching_report/validation-2026-06-21/RXO-Batch/172.22.24.59/172.22.24.59-BeforePatching-2026-06-21-04-10-33-958.log
2026-06-21 04:10:34,042 - 3028926 - INFO - Sending patch command to instance i-0df2810cbf2c541a1
2026-06-21 04:10:34,410 - 3028926 - INFO - Command sent successfully to instance i-0df2810cbf2c541a1. Command ID: bdde3d94-75a9-41dc-aa44-bab0cddeda3c
2026-06-21 04:14:06,094 - 3028926 - INFO - All patches applied successfully.
2026-06-21 04:14:06,095 - 3028926 - INFO - Patching end time: 2026-06-21 04:14:06
2026-06-21 04:14:06,095 - 3028926 - INFO - Patch Elapsed time: 0:04:03.015053
2026-06-21 04:14:06,167 - 3028926 - INFO - Email sent successfully to ['CloudOps@softeon.com']
2026-06-21 04:14:06,167 - 3028926 - INFO - Confirmed - services are stopped
2026-06-21 04:14:12,189 - 3028926 - INFO - Discovered TG map: {}
2026-06-21 04:14:12,437 - 3028926 - INFO - Stopping EC2 instance: i-0df2810cbf2c541a1 at 2026-06-21 04:14:12
2026-06-21 04:16:14,699 - 3028926 - INFO - Instance i-0df2810cbf2c541a1 stopped successfully.
2026-06-21 04:16:14,833 - 3028926 - INFO - Stopped i-0df2810cbf2c541a1 in 0:02:02.396133
2026-06-21 04:16:14,834 - 3028926 - INFO - Starting EC2 instance: i-0df2810cbf2c541a1
2026-06-21 04:16:30,913 - 3028926 - INFO - Instance i-0df2810cbf2c541a1 started successfully.
2026-06-21 04:16:30,913 - 3028926 - INFO - Waiting 100 seconds for SSM agent to be ready on i-0df2810cbf2c541a1...
2026-06-21 04:18:11,544 - 3028926 - INFO - Sent app_validation.py to i-0df2810cbf2c541a1 (command_id: 74e073eb-e77e-48df-b041-24deb31594db)
2026-06-21 04:18:41,738 - 3028926 - INFO - app_validation.py output for i-0df2810cbf2c541a1:

==============================================================================
Server Availability Check Started | 2026-06-21 08:18:11.763702
==============================================================================

==============================================================================
SYSTEM INFORMATION
==============================================================================
Server IP | 172.22.24.59
Hostname | ip-172-22-24-59.eu-west-1.compute.internal
Current User | root
Working Directory | /usr/bin
Time Zone | UTC

==============================================================================
STORAGE CHECK | /data mounts
==============================================================================
Filesystem | Size | Used | Avail | Use% | Mounted on
/dev/mapper/vg01-lv02 | 239.9G | 102.4G | 137.5G | 42% | /data
fs-085a5698fcf41dc35.efs.eu-west-1.amazonaws.com:/ | 0B | 9.3G | 0B | 0% | /data2

==============================================================================
SYMLINK CHECK | root (/)
==============================================================================
Symlinks Total | 5
Symlinks Valid | 5
Symlinks Invalid | 0
Symlink | ResolvedTarget
/bin | /usr/bin
/data3 | /data/data3
/lib | /usr/lib
/lib64 | /usr/lib64
/sbin | /usr/sbin

==============================================================================
NFS CHECK
==============================================================================
NFS Package Installed | Yes
nfs-server.service Active | No
nfs-client.target Active | Yes
/etc/exports Present | Yes
EXPORTS_LINE | (empty)
NFS_MOUNT | Device | MountPoint | FSType
NFS_MOUNT | fs-085a5698fcf41dc35.efs.eu-west-1.amazonaws.com:/ | /data2 | nfs4

==============================================================================
CUPS CHECK
==============================================================================
CUPS Installed | Yes
CUPS Running | No
CUPS Version | 1.7.5
CUPS IP Port 631 Reachable | No
Cups server Http Status | Not Found
Cups printers Http Status | Not Found
Printers Configured | 0

==============================================================================
FTP CHECK
==============================================================================
FTP Installed | No
FTP Running (Port 21 localhost) | No
FTP Port 21 Reachable on 172.22.24.59 | No
FTP Processes | None

==============================================================================
JAVA CHECK
==============================================================================
Total Java Processes | 0
Batch/Daemon Java Processes | 0
Non-Standalone Java Processes | Not Found

==============================================================================
BATCH/DAEMON JAVA DETAILS
==============================================================================
Batch/Daemon Java Processes | 0
Batch/Daemon Java Details | None

==============================================================================
JBOSS/WILDFLY APPS (simple table)
==============================================================================
JBoss App Processes | 0
JBoss Apps | None

==============================================================================
Server Availability Check Completed | 2026-06-21 08:18:12.062684
==============================================================================

2026-06-21 04:18:41,738 - 3028926 - ERROR - app_validation.py errors for i-0df2810cbf2c541a1:

2026-06-21 04:18:41,739 - 3028926 - INFO - After patching validation saved to: /data/patching_report/validation-2026-06-21/RXO-Batch/172.22.24.59/172.22.24.59-AfterPatching-2026-06-21-04-18-41-739.log
2026-06-21 04:18:41,791 - 3028926 - INFO - Validation comparison report generated: /data/patching_report/validation-2026-06-21/RXO-Batch/172.22.24.59/172.22.24.59-Validation-details-2026-06-21-04-18-41-739.html
2026-06-21 04:18:42,268 - 3028926 - INFO - Email sent successfully to ['kishlayk@softeon.com', 'CloudOps@softeon.com']
2026-06-21 04:18:42,268 - 3028926 - INFO - HTML validation report email sent for i-0df2810cbf2c541a1
2026-06-21 04:18:42,402 - 3028926 - INFO - Started i-0df2810cbf2c541a1 in 0:02:27.567866
2026-06-21 04:18:42,402 - 3028926 - INFO - All instances processed.
2026-06-21 04:18:42,405 - 3028926 - INFO - Restart Total time: 0:04:36.113509
2026-06-21 04:18:42,405 - 3028926 - INFO - Auto-confirmed services are restarted
2026-06-21 04:18:42,405 - 3028926 - INFO - Confirmed - services are started
2026-06-21 04:18:42,622 - 3028926 - INFO - The following instances have failed the patch: []
2026-06-21 04:18:42,622 - 3028926 - INFO - No instances have failed the patch.
2026-06-21 04:18:42,622 - 3028926 - INFO - Total Patch Process time: 0:08:40.012872
2026-06-21 04:19:43,087 - 3028926 - INFO - Log file ./logs/patching_2026-06-21_RXO-Batch.log uploaded to s3://q2-2026-aws-security-patching/RXO-Batch_Patch/2026-06-21/patching_2026-06-21_RXO-Batch.log
