2026-07-19 00:10:01,528 - 362965 - INFO - Logger setup has been removed, using shared logger from common.logs.logger.
2026-07-19 00:10:01,528 - 362965 - INFO - Script Start Time: 2026-07-19 00:10:01
2026-07-19 00:10:01,721 - 362965 - INFO - Tag: UPS-APAC-Prod-App, IPs: ['172.29.61.136', '172.29.61.23'], Environment: prod
2026-07-19 00:10:01,721 - 362965 - INFO - Instance(s) selected for Patching: {'i-07d53feec41e476f3': '172.29.61.136', 'i-0c3de637b079f40da': '172.29.61.23'}
2026-07-19 00:10:01,789 - 362965 - INFO - Email sent successfully to ['CloudOps@softeon.com']
2026-07-19 00:10:01,789 - 362965 - INFO - Now patching instances at: 2026-07-19 00:10:01
2026-07-19 00:10:01,978 - 362965 - INFO - Sent app_validation.py to i-0c3de637b079f40da (command_id: 6f10d787-4253-433a-9ef9-dfd6e680e3e6)
2026-07-19 00:10:32,058 - 362965 - INFO - app_validation.py output for i-0c3de637b079f40da:

==============================================================================
Server Availability Check Started | 2026-07-19 04:10:02.302363
==============================================================================

==============================================================================
SYSTEM INFORMATION
==============================================================================
Server IP | 172.29.61.23
Hostname | ip-172-29-61-23
Current User | root
Working Directory | /usr/bin
Time Zone | UTC

==============================================================================
STORAGE CHECK | /data mounts
==============================================================================
Filesystem | Size | Used | Avail | Use% | Mounted on
/dev/nvme1n1p2 | 177.0G | 24.8G | 143.2G | 13% | /data
fs-73269f3b.efs.us-east-1.amazonaws.com:/ | 0B | 918.8G | 0B | 0% | /data2

==============================================================================
SYMLINK CHECK | root (/)
==============================================================================
Symlinks Total | 4
Symlinks Valid | 4
Symlinks Invalid | 0
Symlink | ResolvedTarget
/bin | /usr/bin
/lib | /usr/lib
/lib64 | /usr/lib64
/sbin | /usr/sbin

==============================================================================
NFS CHECK
==============================================================================
NFS Package Installed | Yes
nfs-server.service Active | No
nfs-client.target Active | Yes
/etc/exports Present | Yes
EXPORTS_LINE | (empty)
NFS_MOUNT | Device | MountPoint | FSType
NFS_MOUNT | fs-73269f3b.efs.us-east-1.amazonaws.com:/ | /data2 | nfs4

==============================================================================
CUPS CHECK
==============================================================================
CUPS Installed | Yes
CUPS Running | Yes
CUPS Version | 1.7.5
CUPS IP URL (http://172.29.61.23:631) | 200
Cups server Http Status | 200
Cups printers Http Status | 200
Printers Configured | 65

==============================================================================
FTP CHECK
==============================================================================
FTP Installed | No
FTP Running (Port 21 localhost) | No
FTP Port 21 Reachable on 172.29.61.23 | No
FTP Processes | None

==============================================================================
JAVA CHECK
==============================================================================
Total Java Processes | 2
Batch/Daemon Java Processes | 0
Non-Standalone Java Processes | Not Found

==============================================================================
BATCH/DAEMON JAVA DETAILS
==============================================================================
Batch/Daemon Java Processes | 0
Batch/Daemon Java Details | None

==============================================================================
JBOSS/WILDFLY APPS (simple table)
==============================================================================
JBoss App Processes | 2
PID | AppName | JbossVersion | Java-Name | Port | URL | Status | Code | SSL-Status | App-Path
3030 | upsapacprod | jboss62eap | apacprd_jboss | 80 | 172.29.61.23:80 | UP | 200 | Disabled | /data/app/jboss62eap/softeon/upsapacprod/standalone
3043 | upsapacrfprod | jboss62eap | apacrfprd_jboss | 8080 | 172.29.61.23:8080 | UP | 200 | Disabled | /data/app/jboss62eap/softeon/upsapacrfprod/standalone

==============================================================================
HEALTH MONITOR CRONTAB STATUS
==============================================================================
Health Monitor Crontab | Disabled

==============================================================================
Server Availability Check Completed | 2026-07-19 04:10:03.273628
==============================================================================

2026-07-19 00:10:32,058 - 362965 - ERROR - app_validation.py errors for i-0c3de637b079f40da:

2026-07-19 00:10:32,060 - 362965 - INFO - Before patching log saved: /data/patching_report/validation-2026-07-19/UPS-APAC-Prod-App/172.29.61.23/172.29.61.23-BeforePatching-2026-07-19-00-10-32-060.log
2026-07-19 00:10:32,238 - 362965 - INFO - Sent app_validation.py to i-07d53feec41e476f3 (command_id: 131241c6-f5e9-4784-a510-3b4447e17cc7)
2026-07-19 00:11:02,300 - 362965 - INFO - app_validation.py output for i-07d53feec41e476f3:

==============================================================================
Server Availability Check Started | 2026-07-19 04:10:32.590400
==============================================================================

==============================================================================
SYSTEM INFORMATION
==============================================================================
Server IP | 172.29.61.136
Hostname | ip-172-29-61-136
Current User | root
Working Directory | /usr/bin
Time Zone | UTC

==============================================================================
STORAGE CHECK | /data mounts
==============================================================================
Filesystem | Size | Used | Avail | Use% | Mounted on
/dev/nvme1n1p2 | 177.0G | 28.1G | 139.9G | 15% | /data
fs-73269f3b.efs.us-east-1.amazonaws.com:/ | 0B | 918.8G | 0B | 0% | /data2

==============================================================================
SYMLINK CHECK | root (/)
==============================================================================
Symlinks Total | 4
Symlinks Valid | 4
Symlinks Invalid | 0
Symlink | ResolvedTarget
/bin | /usr/bin
/lib | /usr/lib
/lib64 | /usr/lib64
/sbin | /usr/sbin

==============================================================================
NFS CHECK
==============================================================================
NFS Package Installed | Yes
nfs-server.service Active | No
nfs-client.target Active | Yes
/etc/exports Present | Yes
EXPORTS_LINE | (empty)
NFS_MOUNT | Device | MountPoint | FSType
NFS_MOUNT | fs-73269f3b.efs.us-east-1.amazonaws.com:/ | /data2 | nfs4

==============================================================================
CUPS CHECK
==============================================================================
CUPS Installed | Yes
CUPS Running | Yes
CUPS Version | 1.7.5
CUPS IP URL (http://172.29.61.136:631) | 200
Cups server Http Status | 200
Cups printers Http Status | 200
Printers Configured | 90

==============================================================================
FTP CHECK
==============================================================================
FTP Installed | No
FTP Running (Port 21 localhost) | No
FTP Port 21 Reachable on 172.29.61.136 | No
FTP Processes | None

==============================================================================
JAVA CHECK
==============================================================================
Total Java Processes | 2
Batch/Daemon Java Processes | 0
Non-Standalone Java Processes | Not Found

==============================================================================
BATCH/DAEMON JAVA DETAILS
==============================================================================
Batch/Daemon Java Processes | 0
Batch/Daemon Java Details | None

==============================================================================
JBOSS/WILDFLY APPS (simple table)
==============================================================================
JBoss App Processes | 2
PID | AppName | JbossVersion | Java-Name | Port | URL | Status | Code | SSL-Status | App-Path
3039 | upsapacprod | jboss62eap | apacprd_jboss | 80 | 172.29.61.136:80 | UP | 200 | Disabled | /data/app/jboss62eap/softeon/upsapacprod/standalone
3049 | upsapacrfprod | jboss62eap | apacrfprd_jboss | 8080 | 172.29.61.136:8080 | UP | 200 | Disabled | /data/app/jboss62eap/softeon/upsapacrfprod/standalone

==============================================================================
HEALTH MONITOR CRONTAB STATUS
==============================================================================
Health Monitor Crontab | Disabled

==============================================================================
Server Availability Check Completed | 2026-07-19 04:10:32.962315
==============================================================================

2026-07-19 00:11:02,301 - 362965 - ERROR - app_validation.py errors for i-07d53feec41e476f3:

2026-07-19 00:11:02,302 - 362965 - INFO - Before patching log saved: /data/patching_report/validation-2026-07-19/UPS-APAC-Prod-App/172.29.61.136/172.29.61.136-BeforePatching-2026-07-19-00-11-02-302.log
2026-07-19 00:11:07,559 - 362965 - INFO - i-0c3de637b079f40da: Cron was active = False
2026-07-19 00:11:12,741 - 362965 - INFO - i-07d53feec41e476f3: Cron was active = False
2026-07-19 00:11:12,742 - 362965 - INFO - No active cron is found on any instance, skipping disable step.
2026-07-19 00:11:12,822 - 362965 - INFO - Sending patch command to instance i-0c3de637b079f40da
2026-07-19 00:11:12,957 - 362965 - INFO - Command sent successfully to instance i-0c3de637b079f40da. Command ID: fcb04ee2-983f-48a0-a002-8c2a1c1f7098
2026-07-19 00:11:13,092 - 362965 - INFO - Sending patch command to instance i-07d53feec41e476f3
2026-07-19 00:11:13,209 - 362965 - INFO - Command sent successfully to instance i-07d53feec41e476f3. Command ID: a88db7cd-99f0-4a19-b178-a3153a5b4e8e
2026-07-19 00:19:45,572 - 362965 - INFO - All patches applied successfully.
2026-07-19 00:19:45,573 - 362965 - INFO - Patching end time: 2026-07-19 00:19:45
2026-07-19 00:19:45,573 - 362965 - INFO - Patch Elapsed time: 0:09:43.784013
2026-07-19 00:19:45,639 - 362965 - INFO - Email sent successfully to ['CloudOps@softeon.com']
2026-07-19 00:19:45,639 - 362965 - INFO - Confirmed - services are stopped
2026-07-19 00:20:06,422 - 362965 - INFO - Discovered TG map: {'i-0c3de637b079f40da': ['arn:aws:elasticloadbalancing:us-east-1:835314132208:targetgroup/UPS-APAC-Production-Desktop/ac738fcb4e89ad3c', 'arn:aws:elasticloadbalancing:us-east-1:835314132208:targetgroup/UPS-APAC-Production-RF/fdc4ca05da717c34'], 'i-07d53feec41e476f3': ['arn:aws:elasticloadbalancing:us-east-1:835314132208:targetgroup/UPS-APAC-Production-Desktop/ac738fcb4e89ad3c', 'arn:aws:elasticloadbalancing:us-east-1:835314132208:targetgroup/UPS-APAC-Production-RF/fdc4ca05da717c34']}
2026-07-19 00:20:06,587 - 362965 - INFO - Deregistering i-0c3de637b079f40da from TG arn:aws:elasticloadbalancing:us-east-1:835314132208:targetgroup/UPS-APAC-Production-Desktop/ac738fcb4e89ad3c
2026-07-19 00:20:06,654 - 362965 - INFO - Deregistering i-0c3de637b079f40da from TG arn:aws:elasticloadbalancing:us-east-1:835314132208:targetgroup/UPS-APAC-Production-RF/fdc4ca05da717c34
2026-07-19 00:20:06,694 - 362965 - INFO - Stopping EC2 instance: i-0c3de637b079f40da at 2026-07-19 00:20:06
2026-07-19 00:21:53,198 - 362965 - INFO - Instance i-0c3de637b079f40da stopped successfully.
2026-07-19 00:21:53,456 - 362965 - INFO - Stopped i-0c3de637b079f40da in 0:01:46.762245
2026-07-19 00:21:53,457 - 362965 - INFO - Starting EC2 instance: i-0c3de637b079f40da
2026-07-19 00:22:09,470 - 362965 - INFO - Instance i-0c3de637b079f40da started successfully.
2026-07-19 00:22:09,470 - 362965 - INFO - Waiting 100 seconds for SSM agent to be ready on i-0c3de637b079f40da...
2026-07-19 00:23:49,491 - 362965 - INFO - Registering i-0c3de637b079f40da to TG arn:aws:elasticloadbalancing:us-east-1:835314132208:targetgroup/UPS-APAC-Production-Desktop/ac738fcb4e89ad3c
2026-07-19 00:23:49,703 - 362965 - INFO - Registering i-0c3de637b079f40da to TG arn:aws:elasticloadbalancing:us-east-1:835314132208:targetgroup/UPS-APAC-Production-RF/fdc4ca05da717c34
2026-07-19 00:24:20,281 - 362965 - INFO - Sent app_validation.py to i-0c3de637b079f40da (command_id: 023ef093-7c2b-4887-be63-ba92a5f29aa7)
2026-07-19 00:24:50,419 - 362965 - INFO - app_validation.py output for i-0c3de637b079f40da:

==============================================================================
Server Availability Check Started | 2026-07-19 04:24:20.612727
==============================================================================

==============================================================================
SYSTEM INFORMATION
==============================================================================
Server IP | 172.29.61.23
Hostname | ip-172-29-61-23
Current User | root
Working Directory | /usr/bin
Time Zone | UTC

==============================================================================
STORAGE CHECK | /data mounts
==============================================================================
Filesystem | Size | Used | Avail | Use% | Mounted on
/dev/nvme1n1p2 | 177.0G | 24.7G | 143.2G | 13% | /data
fs-73269f3b.efs.us-east-1.amazonaws.com:/ | 0B | 918.9G | 0B | 0% | /data2

==============================================================================
SYMLINK CHECK | root (/)
==============================================================================
Symlinks Total | 4
Symlinks Valid | 4
Symlinks Invalid | 0
Symlink | ResolvedTarget
/bin | /usr/bin
/lib | /usr/lib
/lib64 | /usr/lib64
/sbin | /usr/sbin

==============================================================================
NFS CHECK
==============================================================================
NFS Package Installed | Yes
nfs-server.service Active | No
nfs-client.target Active | Yes
/etc/exports Present | Yes
EXPORTS_LINE | (empty)
NFS_MOUNT | Device | MountPoint | FSType
NFS_MOUNT | fs-73269f3b.efs.us-east-1.amazonaws.com:/ | /data2 | nfs4

==============================================================================
CUPS CHECK
==============================================================================
CUPS Installed | Yes
CUPS Running | No
CUPS Version | 1.7.5
CUPS IP Port 631 Reachable | No
Cups server Http Status | Not Found
Cups printers Http Status | Not Found
Printers Configured | 0

==============================================================================
FTP CHECK
==============================================================================
FTP Installed | No
FTP Running (Port 21 localhost) | No
FTP Port 21 Reachable on 172.29.61.23 | No
FTP Processes | None

==============================================================================
JAVA CHECK
==============================================================================
Total Java Processes | 2
Batch/Daemon Java Processes | 0
Non-Standalone Java Processes | Not Found

==============================================================================
BATCH/DAEMON JAVA DETAILS
==============================================================================
Batch/Daemon Java Processes | 0
Batch/Daemon Java Details | None

==============================================================================
JBOSS/WILDFLY APPS (simple table)
==============================================================================
JBoss App Processes | 2
PID | AppName | JbossVersion | Java-Name | Port | URL | Status | Code | SSL-Status | App-Path
3031 | upsapacprod | jboss62eap | apacprd_jboss | 80 | 172.29.61.23:80 | UP | 200 | Disabled | /data/app/jboss62eap/softeon/upsapacprod/standalone
3014 | upsapacrfprod | jboss62eap | apacrfprd_jboss | 8080 | 172.29.61.23:8080 | UP | 200 | Disabled | /data/app/jboss62eap/softeon/upsapacrfprod/standalone

==============================================================================
HEALTH MONITOR CRONTAB STATUS
==============================================================================
Health Monitor Crontab | Disabled

==============================================================================
Server Availability Check Completed | 2026-07-19 04:24:21.671802
==============================================================================

2026-07-19 00:24:50,420 - 362965 - ERROR - app_validation.py errors for i-0c3de637b079f40da:

2026-07-19 00:24:50,421 - 362965 - INFO - After patching validation saved to: /data/patching_report/validation-2026-07-19/UPS-APAC-Prod-App/172.29.61.23/172.29.61.23-AfterPatching-2026-07-19-00-24-50-421.log
2026-07-19 00:24:50,473 - 362965 - INFO - Validation comparison report generated: /data/patching_report/validation-2026-07-19/UPS-APAC-Prod-App/172.29.61.23/172.29.61.23-Validation-details-2026-07-19-00-24-50-421.html
2026-07-19 00:24:50,651 - 362965 - INFO - Daemon count - Pre: 0, Post: 0
2026-07-19 00:24:50,651 - 362965 - INFO - CUPS: before=running after=not running version=1.7.5
2026-07-19 00:24:50,652 - 362965 - INFO - Manage_cron: False, daemon_action: False, cups_action: True
2026-07-19 00:24:50,652 - 362965 - INFO - CUPS was running (v1.7.5) before, not running after - reinstalling on i-0c3de637b079f40da
2026-07-19 00:24:50,652 - 362965 - INFO - Background thread started for i-0c3de637b079f40da - daemon:False cups:True
2026-07-19 00:24:50,836 - 362965 - INFO - CUPS upgrade command sent to i-0c3de637b079f40da (command_id: 082c4aa7-c4dd-4ea7-942e-89c9bf78c037)
2026-07-19 00:24:50,948 - 362965 - INFO - Started i-0c3de637b079f40da in 0:02:57.490714
2026-07-19 00:24:50,948 - 362965 - INFO - Waiting 120 seconds before proceeding to the next instance...
2026-07-19 00:25:50,972 - 362965 - INFO - CUPS upgrade output: '/etc/cups' -> '/tmp/cups-backup/cups1.7.5/cups'
'/etc/cups/cups-files.conf.N' -> '/tmp/cups-backup/cups1.7.5/cups/cups-files.conf.N'
'/etc/cups/cupsd.conf.N' -> '/tmp/cups-backup/cups1.7.5/cups/cupsd.conf.N'
'/etc/cups/snmp.conf.N' -> '/tmp/cups-backup/cups1.7.5/cups/snmp.conf.N'
'/etc/cups/cupsd.conf.default' -> '/tmp/cups-backup/cups1.7.5/cups/cupsd.conf.default'
'/etc/cups/printers.conf.O' -> '/tmp/cups-backup/cups1.7.5/cups/printers.conf.O'
'/etc/cups/printers.conf' -> '/tmp/cups-backup/cups1.7.5/cups/printers.conf'
'/etc/cups/interfaces' -> '/tmp/cups-backup/cups1.7.5/cups/interfaces'
'/etc/cups/cups-files.conf' -> '/tmp/cups-backup/cups1.7.5/cups/cups-files.conf'
'/etc/cups/cupsd.conf' -> '/tmp/cups-backup/cups1.7.5/cups/cupsd.conf'
'/etc/cups/snmp.conf' -> '/tmp/cups-backup/cups1.7.5/cups/snmp.conf'
'/etc/cups/client.conf' -> '/tmp/cups-backup/cups1.7.5/cups/client.conf'
'/etc/cups/ssl' -> '/tmp/cups-backup/cups1.7.5/cups/ssl'
'/etc/cups/ppd' -> '/tmp/cups-backup/cups1.7.5/cups/ppd'
Last metadata expiration check: 0:06:26 ago on Sun Jul 19 04:18:26 2026.
Dependencies resolved.
================================================================================
 Package           Architecture     Version             Repository         Size
================================================================================
Installing Groups:
 Development Tools                                                             

Transaction Summary
================================================================================

Complete!
cups-1.7.5/
cups-1.7.5/backend/
cups-1.7.5/berkeley/
cups-1.7.5/cgi-bin/
cups-1.7.5/CHANGES-1.0.txt
cups-1.7.5/CHANGES-1.1.txt
cups-1.7.5/CHANGES-1.2.txt
cups-1.7.5/CHANGES-1.3.txt
cups-1.7.5/CHANGES-1.4.txt
cups-1.7.5/CHANGES-1.5.txt
cups-1.7.5/CHANGES-1.6.txt
cups-1.7.5/CHANGES-IPPTOOL.txt
cups-1.7.5/CHANGES.txt
cups-1.7.5/conf/
cups-1.7.5/config-scripts/
cups-1.7.5/config.h.in
cups-1.7.5/configure
cups-1.7.5/configure.in
cups-1.7.5/CREDITS.txt
cups-1.7.5/cups/
cups-1.7.5/cups-config.in
cups-1.7.5/data/
cups-1.7.5/desktop/
cups-1.7.5/doc/
cups-1.7.5/examples/
cups-1.7.5/filter/
cups-1.7.5/install-sh
cups-1.7.5/INSTALL.txt
cups-1.7.5/IPPTOOL.txt
cups-1.7.5/LICENSE.txt
cups-1.7.5/locale/
cups-1.7.5/Makedefs.in
cups-1.7.5/Makefile
cups-1.7.5/man/
cups-1.7.5/monitor/
cups-1.7.5/notifier/
cups-1.7.5/packaging/
cups-1.7.5/ppdc/
cups-1.7.5/README.txt
cups-1.7.5/scheduler/
cups-1.7.5/systemv/
cups-1.7.5/templates/
cups-1.7.5/test/
cups-1.7.5/vcnet/
cups-1.7.5/xcode/
cups-1.7.5/xcode/config.h
cups-1.7.5/xcode/CUPS.xcodeproj/
cups-1.7.5/xcode/CUPS.xcodeproj/project.pbxproj
cups-1.7.5/vcnet/config.h
cups-1.7.5/vcnet/cups.sln
cups-1.7.5/vcnet/cupstestppd.vcproj
cups-1.7.5/vcnet/ippfind.vcproj
cups-1.7.5/vcnet/ipptool-installer.vdproj
cups-1.7.5/vcnet/ipptool.vcproj
cups-1.7.5/vcnet/libcups2-installer.vdproj
cups-1.7.5/vcnet/libcups2.vcproj
cups-1.7.5/vcnet/libcupsimage2.vcproj
cups-1.7.5/vcnet/README.txt
cups-1.7.5/vcnet/regex/
cups-1.7.5/vcnet/regex.vcproj
cups-1.7.5/vcnet/setdebug.bat
cups-1.7.5/vcnet/testfile.vcproj
cups-1.7.5/vcnet/testhttp.vcproj
cups-1.7.5/vcnet/regex/cclass.h
cups-1.7.5/vcnet/regex/cname.h
cups-1.7.5/vcnet/regex/COPYRIGHT
cups-1.7.5/vcnet/regex/debug.c
cups-1.7.5/vcnet/regex/debug.ih
cups-1.7.5/vcnet/regex/engine.c
cups-1.7.5/vcnet/regex/engine.ih
cups-1.7.5/vcnet/regex/main.c
cups-1.7.5/vcnet/regex/main.ih
cups-1.7.5/vcnet/regex/Makefile
cups-1.7.5/vcnet/regex/mkh
cups-1.7.5/vcnet/regex/README
cups-1.7.5/vcnet/regex/regcomp.c
cups-1.7.5/vcnet/regex/regcomp.ih
cups-1.7.5/vcnet/regex/regerror.c
cups-1.7.5/vcnet/regex/regerror.ih
cups-1.7.5/vcnet/regex/regex.3
cups-1.7.5/vcnet/regex/regex.7
cups-1.7.5/vcnet/regex/regex.def
cups-1.7.5/vcnet/regex/regex.h
cups-1.7.5/vcnet/regex/regex2.h
cups-1.7.5/vcnet/regex/regexec.c
cups-1.7.5/vcnet/regex/regfree.c
cups-1.7.5/vcnet/regex/split.c
cups-1.7.5/vcnet/regex/tests
cups-1.7.5/vcnet/regex/utils.h
cups-1.7.5/vcnet/regex/WHATSNEW
cups-1.7.5/test/4.1-requests.test
cups-1.7.5/test/4.2-cups-printer-ops.test
cups-1.7.5/test/4.3-job-ops.test
cups-1.7.5/test/4.4-subscription-ops.test
cups-1.7.5/test/5.1-lpadmin.sh
cups-1.7.5/test/5.2-lpc.sh
cups-1.7.5/test/5.3-lpq.sh
cups-1.7.5/test/5.4-lpstat.sh
cups-1.7.5/test/5.5-lp.sh
cups-1.7.5/test/5.6-lpr.sh
cups-1.7.5/test/5.7-lprm.sh
cups-1.7.5/test/5.8-cancel.sh
cups-1.7.5/test/5.9-lpinfo.sh
cups-1.7.5/test/cancel-current-job.test
cups-1.7.5/test/color.jpg
cups-1.7.5/test/create-job-format.test
cups-1.7.5/test/create-job-sheets.test
cups-1.7.5/test/create-job-timeout.test
cups-1.7.5/test/create-job.test
cups-1.7.5/test/create-printer-subscription.test
cups-1.7.5/test/Dependencies
cups-1.7.5/test/document-a4.pdf
cups-1.7.5/test/document-a4.ps
cups-1.7.5/test/document-a4.sla
cups-1.7.5/test/document-letter.pdf
cups-1.7.5/test/document-letter.ps
cups-1.7.5/test/document-letter.sla
cups-1.7.5/test/get-completed-jobs.test
cups-1.7.5/test/get-devices.test
cups-1.7.5/test/get-job-attributes.test
cups-1.7.5/test/get-job-attributes2.test
cups-1.7.5/test/get-jobs.test
cups-1.7.5/test/get-notifications.test
cups-1.7.5/test/get-ppd-printer.test
cups-1.7.5/test/get-ppd.test
cups-1.7.5/test/get-ppds-drv-only.test
cups-1.7.5/test/get-ppds-language.test
cups-1.7.5/test/get-ppds-make-and-model.test
cups-1.7.5/test/get-ppds-make.test
cups-1.7.5/test/get-ppds-product.test
cups-1.7.5/test/get-ppds-psversion.test
cups-1.7.5/test/get-ppds.test
cups-1.7.5/test/get-printer-attributes-2.0.test
cups-1.7.5/test/get-printer-attributes.test
cups-1.7.5/test/get-printers.test
cups-1.7.5/test/get-subscriptions.test
cups-1.7.5/test/gray.jpg
cups-1.7.5/test/ipp-1.1.test
cups-1.7.5/test/ipp-2.0.test
cups-1.7.5/test/ipp-2.1.test
cups-1.7.5/test/ipp-2.2.test
cups-1.7.5/test/ipp-backend.test
cups-1.7.5/test/ipp-everywhere.test
cups-1.7.5/test/ippdiscover.c
cups-1.7.5/test/ippfind.c
cups-1.7.5/test/ippserver.c
cups-1.7.5/test/ipptool.c
cups-1.7.5/test/make-ippeverywhere-print-tests.sh
cups-1.7.5/test/Makefile
cups-1.7.5/test/onepage-a4-300-black-1.pwg.gz
cups-1.7.5/test/onepage-a4.pdf
cups-1.7.5/test/onepage-a4.ps
cups-1.7.5/test/onepage-a4.sla
cups-1.7.5/test/onepage-letter-300-black-1.pwg.gz
cups-1.7.5/test/onepage-letter.pdf
cups-1.7.5/test/onepage-letter.ps
cups-1.7.5/test/onepage-letter.sla
cups-1.7.5/test/print-job-and-wait.test
cups-1.7.5/test/print-job-deflate.test
cups-1.7.5/test/print-job-gzip.test
cups-1.7.5/test/print-job-hold.test
cups-1.7.5/test/print-job-media-col.test
cups-1.7.5/test/print-job-password.test
cups-1.7.5/test/print-job.test
cups-1.7.5/test/print-uri.test
cups-1.7.5/test/printer.opacity
cups-1.7.5/test/printer.png
cups-1.7.5/test/run-stp-tests.sh
cups-1.7.5/test/set-attrs-hold.test
cups-1.7.5/test/str-header.html
cups-1.7.5/test/str-trailer.html
cups-1.7.5/test/test.convs
cups-1.7.5/test/testfile.jpg
cups-1.7.5/test/testfile.pcl
cups-1.7.5/test/testfile.pdf
cups-1.7.5/test/testfile.ps
cups-1.7.5/test/testfile.txt
cups-1.7.5/test/testhp.ppd
cups-1.7.5/test/testps.ppd
cups-1.7.5/test/validate-job.test
cups-1.7.5/test/waitjobs.sh
cups-1.7.5/test/xmltotest.c
cups-1.7.5/templates/add-class.tmpl
cups-1.7.5/templates/add-printer.tmpl
cups-1.7.5/templates/add-rss-subscription.tmpl
cups-1.7.5/templates/admin.tmpl
cups-1.7.5/templates/ca/
cups-1.7.5/templates/choose-device.tmpl
cups-1.7.5/templates/choose-make.tmpl
cups-1.7.5/templates/choose-model.tmpl
cups-1.7.5/templates/choose-serial.tmpl
cups-1.7.5/templates/choose-uri.tmpl
cups-1.7.5/templates/class-added.tmpl
cups-1.7.5/templates/class-confirm.tmpl
cups-1.7.5/templates/class-deleted.tmpl
cups-1.7.5/templates/class-jobs-header.tmpl
cups-1.7.5/templates/class-modified.tmpl
cups-1.7.5/templates/class.tmpl
cups-1.7.5/templates/classes-header.tmpl
cups-1.7.5/templates/classes.tmpl
cups-1.7.5/templates/command.tmpl
cups-1.7.5/templates/cs/
cups-1.7.5/templates/de/
cups-1.7.5/templates/edit-config.tmpl
cups-1.7.5/templates/error-op.tmpl
cups-1.7.5/templates/error.tmpl
cups-1.7.5/templates/es/
cups-1.7.5/templates/fr/
cups-1.7.5/templates/header.tmpl.in
cups-1.7.5/templates/help-header.tmpl
cups-1.7.5/templates/help-printable.tmpl
cups-1.7.5/templates/help-trailer.tmpl
cups-1.7.5/templates/it/
cups-1.7.5/templates/ja/
cups-1.7.5/templates/job-cancel.tmpl
cups-1.7.5/templates/job-hold.tmpl
cups-1.7.5/templates/job-move.tmpl
cups-1.7.5/templates/job-moved.tmpl
cups-1.7.5/templates/job-release.tmpl
cups-1.7.5/templates/job-restart.tmpl
cups-1.7.5/templates/jobs-header.tmpl
cups-1.7.5/templates/jobs.tmpl
cups-1.7.5/templates/list-available-printers.tmpl
cups-1.7.5/templates/Makefile
cups-1.7.5/templates/modify-class.tmpl
cups-1.7.5/templates/modify-printer.tmpl
cups-1.7.5/templates/norestart.tmpl
cups-1.7.5/templates/option-boolean.tmpl
cups-1.7.5/templates/option-conflict.tmpl
cups-1.7.5/templates/option-header.tmpl
cups-1.7.5/templates/option-pickmany.tmpl
cups-1.7.5/templates/option-pickone.tmpl
cups-1.7.5/templates/option-trailer.tmpl
cups-1.7.5/templates/pager.tmpl
cups-1.7.5/templates/printer-accept.tmpl
cups-1.7.5/templates/printer-added.tmpl
cups-1.7.5/templates/printer-configured.tmpl
cups-1.7.5/templates/printer-confirm.tmpl
cups-1.7.5/templates/printer-default.tmpl
cups-1.7.5/templates/printer-deleted.tmpl
cups-1.7.5/templates/printer-jobs-header.tmpl
cups-1.7.5/templates/printer-modified.tmpl
cups-1.7.5/templates/printer-purge.tmpl
cups-1.7.5/templates/printer-reject.tmpl
cups-1.7.5/templates/printer-start.tmpl
cups-1.7.5/templates/printer-stop.tmpl
cups-1.7.5/templates/printer.tmpl
cups-1.7.5/templates/printers-header.tmpl
cups-1.7.5/templates/printers.tmpl
cups-1.7.5/templates/pt_BR/
cups-1.7.5/templates/restart.tmpl
cups-1.7.5/templates/ru/
cups-1.7.5/templates/samba-export.tmpl
cups-1.7.5/templates/samba-exported.tmpl
cups-1.7.5/templates/search.tmpl
cups-1.7.5/templates/set-printer-options-header.tmpl
cups-1.7.5/templates/set-printer-options-trailer.tmpl
cups-1.7.5/templates/subscription-added.tmpl
cups-1.7.5/templates/subscription-canceled.tmpl
cups-1.7.5/templates/test-page.tmpl
cups-1.7.5/templates/trailer.tmpl
cups-1.7.5/templates/users.tmpl
cups-1.7.5/templates/ru/add-class.tmpl
cups-1.7.5/templates/ru/add-printer.tmpl
cups-1.7.5/templates/ru/add-rss-subscription.tmpl
cups-1.7.5/templates/ru/admin.tmpl
cups-1.7.5/templates/ru/choose-device.tmpl
cups-1.7.5/templates/ru/choose-make.tmpl
cups-1.7.5/templates/ru/choose-model.tmpl
cups-1.7.5/templates/ru/choose-serial.tmpl
cups-1.7.5/templates/ru/choose-uri.tmpl
cups-1.7.5/templates/ru/class-added.tmpl
cups-1.7.5/templates/ru/class-confirm.tmpl
cups-1.7.5/templates/ru/class-deleted.tmpl
cups-1.7.5/templates/ru/class-jobs-header.tmpl
cups-1.7.5/templates/ru/class-modified.tmpl
cups-1.7.5/templates/ru/class.tmpl
cups-1.7.5/templates/ru/classes-header.tmpl
cups-1.7.5/templates/ru/classes.tmpl
cups-1.7.5/templates/ru/command.tmpl
cups-1.7.5/templates/ru/edit-config.tmpl
cups-1.7.5/templates/ru/error-op.tmpl
cups-1.7.5/templates/ru/error.tmpl
cups-1.7.5/templates/ru/header.tmpl.in
cups-1.7.5/templates/ru/help-header.tmpl
cups-1.7.5/templates/ru/help-printable.tmpl
cups-1.7.5/templates/ru/help-trailer.tmpl
cups-1.7.5/templates/ru/job-cancel.tmpl
cups-1.7.5/templates/ru/job-hold.tmpl
cups-1.7.5/templates/ru/job-move.tmpl
cups-1.7.5/templates/ru/job-moved.tmpl
cups-1.7.5/templates/ru/job-release.tmpl
cups-1.7.5/templates/ru/job-restart.tmpl
cups-1.7.5/templates/ru/jobs-header.tmpl
cups-1.7.5/templates/ru/jobs.tmpl
cups-1.7.5/templates/ru/list-available-printers.tmpl
cups-1.7.5/templates/ru/Makefile
cups-1.7.5/templates/ru/modify-class.tmpl
cups-1.7.5/templates/ru/modify-printer.tmpl
cups-1.7.5/templates/ru/norestart.tmpl
cups-1.7.5/templates/ru/option-boolean.tmpl
cups-1.7.5/templates/ru/option-conflict.tmpl
cups-1.7.5/templates/ru/option-header.tmpl
cups-1.7.5/templates/ru/option-pickmany.tmpl
cups-1.7.5/templates/ru/option-pickone.tmpl
cups-1.7.5/templates/ru/option-trailer.tmpl
cups-1.7.5/templates/ru/pager.tmpl
cups-1.7.5/templates/ru/printer-accept.tmpl
cups-1.7.5/templates/ru/printer-added.tmpl
cups-1.7.5/templates/ru/printer-configured.tmpl
cups-1.7.5/templates/ru/printer-confirm.tmpl
cups-1.7.5/templates/ru/printer-default.tmpl
cups-1.7.5/templates/ru/printer-deleted.tmpl
cups-1.7.5/templates/ru/printer-jobs-header.tmpl
cups-1.7.5/templates/ru/printer-modified.tmpl
cups-1.7.5/templates/ru/printer-purge.tmpl
cups-1.7.5/templates/ru/printer-reject.tmpl
cups-1.7.5/templates/ru/printer-start.tmpl
cups-1.7.5/templates/ru/printer-stop.tmpl
cups-1.7.5/templates/ru/printer.tmpl
cups-1.7.5/templates/ru/printers-header.tmpl
cups-1.7.5/templates/ru/printers.tmpl
cups-1.7.5/templates/ru/restart.tmpl
cups-1.7.5/templates/ru/samba-export.tmpl
cups-1.7.5/templates/ru/samba-exported.tmpl
cups-1.7.5/templates/ru/search.tmpl
cups-1.7.5/templates/ru/set-printer-options-header.tmpl
cups-1.7.5/templates/ru/set-printer-options-trailer.tmpl
cups-1.7.5/templates/ru/subscription-added.tmpl
cups-1.7.5/templates/ru/subscription-canceled.tmpl
cups-1.7.5/templates/ru/test-page.tmpl
cups-1.7.5/templates/ru/trailer.tmpl
cups-1.7.5/templates/ru/users.tmpl
cups-1.7.5/templates/pt_BR/add-class.tmpl
cups-1.7.5/templates/pt_BR/add-printer.tmpl
cups-1.7.5/templates/pt_BR/add-rss-subscription.tmpl
cups-1.7.5/templates/pt_BR/admin.tmpl
cups-1.7.5/templates/pt_BR/choose-device.tmpl
cups-1.7.5/templates/pt_BR/choose-make.tmpl
cups-1.7.5/templates/pt_BR/choose-model.tmpl
cups-1.7.5/templates/pt_BR/choose-serial.tmpl
cups-1.7.5/templates/pt_BR/choose-uri.tmpl
cups-1.7.5/templates/pt_BR/class-added.tmpl
cups-1.7.5/templates/pt_BR/class-confirm.tmpl
cups-1.7.5/templates/pt_BR/class-deleted.tmpl
cups-1.7.5/templates/pt_BR/class-jobs-header.tmpl
cups-1.7.5/templates/pt_BR/class-modified.tmpl
cups-1.7.5/templates/pt_BR/class.tmpl
cups-1.7.5/templates/pt_BR/classes-header.tmpl
cups-1.7.5/templates/pt_BR/classes.tmpl
cups-1.7.5/templates/pt_BR/command.tmpl
cups-1.7.5/templates/pt_BR/edit-config.tmpl
cups-1.7.5/templates/pt_BR/error-op.tmpl
cups-1.7.5/templates/pt_BR/error.tmpl
cups-1.7.5/templates/pt_BR/header.tmpl.in
cups-1.7.5/templates/pt_BR/help-header.tmpl
cups-1.7.5/templates/pt_BR/job-cancel.tmpl
cups-1.7.5/templates/pt_BR/job-hold.tmpl
cups-1.7.5/templates/pt_BR/job-move.tmpl
cups-1.7.5/templates/pt_BR/job-moved.tmpl
cups-1.7.5/templates/pt_BR/job-release.tmpl
cups-1.7.5/templates/pt_BR/job-restart.tmpl
cups-1.7.5/templates/pt_BR/jobs-header.tmpl
cups-1.7.5/templates/pt_BR/jobs.tmpl
cups-1.7.5/templates/pt_BR/list-available-printers.tmpl
cups-1.7.5/templates/pt_BR/modify-class.tmpl
cups-1.7.5/templates/pt_BR/modify-printer.tmpl
cups-1.7.5/templates/pt_BR/norestart.tmpl
cups-1.7.5/templates/pt_BR/option-boolean.tmpl
cups-1.7.5/templates/pt_BR/option-conflict.tmpl
cups-1.7.5/templates/pt_BR/option-header.tmpl
cups-1.7.5/templates/pt_BR/option-pickmany.tmpl
cups-1.7.5/templates/pt_BR/option-pickone.tmpl
cups-1.7.5/templates/pt_BR/option-trailer.tmpl
cups-1.7.5/templates/pt_BR/pager.tmpl
cups-1.7.5/templates/pt_BR/printer-accept.tmpl
cups-1.7.5/templates/pt_BR/printer-added.tmpl
cups-1.7.5/templates/pt_BR/printer-configured.tmpl
cups-1.7.5/templates/pt_BR/printer-confirm.tmpl
cups-1.7.5/templates/pt_BR/printer-default.tmpl
cups-1.7.5/templates/pt_BR/printer-deleted.tmpl
cups-1.7.5/templates/pt_BR/printer-jobs-header.tmpl
cups-1.7.5/templates/pt_BR/printer-modified.tmpl
cups-1.7.5/templates/pt_BR/printer-purge.tmpl
cups-1.7.5/templates/pt_BR/printer-reject.tmpl
cups-1.7.5/templates/pt_BR/printer-start.tmpl
cups-1.7.5/templates/pt_BR/printer-stop.tmpl
cups-1.7.5/templates/pt_BR/printer.tmpl
cups-1.7.5/templates/pt_BR/printers-header.tmpl
cups-1.7.5/templates/pt_BR/printers.tmpl
cups-1.7.5/templates/pt_BR/restart.tmpl
cups-1.7.5/templates/pt_BR/samba-export.tmpl
cups-1.7.5/templates/pt_BR/samba-exported.tmpl
cups-1.7.5/templates/pt_BR/search.tmpl
cups-1.7.5/templates/pt_BR/set-printer-options-header.tmpl
cups-1.7.5/templates/pt_BR/set-printer-options-trailer.tmpl
cups-1.7.5/templates/pt_BR/subscription-added.tmpl
cups-1.7.5/templates/pt_BR/subscription-canceled.tmpl
cups-1.7.5/templates/pt_BR/test-page.tmpl
cups-1.7.5/templates/pt_BR/trailer.tmpl
cups-1.7.5/templates/pt_BR/users.tmpl
cups-1.7.5/templates/ja/add-class.tmpl
cups-1.7.5/templates/ja/add-printer.tmpl
cups-1.7.5/templates/ja/add-rss-subscription.tmpl
cups-1.7.5/templates/ja/admin.tmpl
cups-1.7.5/templates/ja/choose-device.tmpl
cups-1.7.5/templates/ja/choose-make.tmpl
cups-1.7.5/templates/ja/choose-model.tmpl
cups-1.7.5/templates/ja/choose-serial.tmpl
cups-1.7.5/templates/ja/choose-uri.tmpl
cups-1.7.5/templates/ja/class-added.tmpl
cups-1.7.5/templates/ja/class-confirm.tmpl
cups-1.7.5/templates/ja/class-deleted.tmpl
cups-1.7.5/templates/ja/class-jobs-header.tmpl
cups-1.7.5/templates/ja/class-modified.tmpl
cups-1.7.5/templates/ja/class.tmpl
cups-1.7.5/templates/ja/classes-header.tmpl
cups-1.7.5/templates/ja/classes.tmpl
cups-1.7.5/templates/ja/command.tmpl
cups-1.7.5/templates/ja/edit-config.tmpl
cups-1.7.5/templates/ja/error-op.tmpl
cups-1.7.5/templates/ja/error.tmpl
cups-1.7.5/templates/ja/header.tmpl.in
cups-1.7.5/templates/ja/help-header.tmpl
cups-1.7.5/templates/ja/help-printable.tmpl
cups-1.7.5/templates/ja/help-trailer.tmpl
cups-1.7.5/templates/ja/job-cancel.tmpl
cups-1.7.5/templates/ja/job-hold.tmpl
cups-1.7.5/templates/ja/job-move.tmpl
cups-1.7.5/templates/ja/job-moved.tmpl
cups-1.7.5/templates/ja/job-release.tmpl
cups-1.7.5/templates/ja/job-restart.tmpl
cups-1.7.5/templates/ja/jobs-header.tmpl
cups-1.7.5/templates/ja/jobs.tmpl
cups-1.7.5/templates/ja/list-available-printers.tmpl
cups-1.7.5/templates/ja/modify-class.tmpl
cups-1.7.5/templates/ja/modify-printer.tmpl
cups-1.7.5/templates/ja/norestart.tmpl
cups-1.7.5/templates/ja/option-boolean.tmpl
cups-1.7.5/templates/ja/option-conflict.tmpl
cups-1.7.5/templates/ja/option-header.tmpl
cups-1.7.5/templates/ja/option-pickmany.tmpl
cups-1.7.5/templates/ja/option-pickone.tmpl
cups-1.7.5/templates/ja/option-trailer.tmpl
cups-1.7.5/templates/ja/pager.tmpl
cups-1.7.5/templates/ja/printer-accept.tmpl
cups-1.7.5/templates/ja/printer-added.tmpl
cups-1.7.5/templates/ja/printer-configured.tmpl
cups-1.7.5/templates/ja/printer-confirm.tmpl
cups-1.7.5/templates/ja/printer-default.tmpl
cups-1.7.5/templates/ja/printer-deleted.tmpl
cups-1.7.5/templates/ja/printer-jobs-header.tmpl
cups-1.7.5/templates/ja/printer-modified.tmpl
cups-1.7.5/templates/ja/printer-purge.tmpl
cups-1.7.5/templates/ja/printer-reject.tmpl
cups-1.7.5/templates/ja/printer-start.tmpl
cups-1.7.5/templates/ja/printer-stop.tmpl
cups-1.7.5/templates/ja/printer.tmpl
cups-1.7.5/templates/ja/printers-header.tmpl
cups-1.7.5/templates/ja/printers.tmpl
cups-1.7.5/templates/ja/restart.tmpl
cups-1.7.5/templates/ja/samba-export.tmpl
cups-1.7.5/templates/ja/samba-exported.tmpl
cups-1.7.5/templates/ja/search.tmpl
cups-1.7.5/templates/ja/set-printer-options-header.tmpl
cups-1.7.5/templates/ja/set-printer-options-trailer.tmpl
cups-1.7.5/templates/ja/subscription-added.tmpl
cups-1.7.5/templates/ja/subscription-canceled.tmpl
cups-1.7.5/templates/ja/test-page.tmpl
cups-1.7.5/templates/ja/trailer.tmpl
cups-1.7.5/templates/ja/users.tmpl
cups-1.7.5/templates/it/add-class.tmpl
cups-1.7.5/templates/it/add-printer.tmpl
cups-1.7.5/templates/it/add-rss-subscription.tmpl
cups-1.7.5/templates/it/admin.tmpl
cups-1.7.5/templates/it/choose-device.tmpl
cups-1.7.5/templates/it/choose-make.tmpl
cups-1.7.5/templates/it/choose-model.tmpl
cups-1.7.5/templates/it/choose-serial.tmpl
cups-1.7.5/templates/it/choose-uri.tmpl
cups-1.7.5/templates/it/class-added.tmpl
cups-1.7.5/templates/it/class-confirm.tmpl
cups-1.7.5/templates/it/class-deleted.tmpl
cups-1.7.5/templates/it/class-jobs-header.tmpl
cups-1.7.5/templates/it/class-modified.tmpl
cups-1.7.5/templates/it/class.tmpl
cups-1.7.5/templates/it/classes-header.tmpl
cups-1.7.5/templates/it/classes.tmpl
cups-1.7.5/templates/it/command.tmpl
cups-1.7.5/templates/it/edit-config.tmpl
cups-1.7.5/templates/it/error-op.tmpl
cups-1.7.5/templates/it/error.tmpl
cups-1.7.5/templates/it/header.tmpl.in
cups-1.7.5/templates/it/help-header.tmpl
cups-1.7.5/templates/it/help-printable.tmpl
cups-1.7.5/templates/it/help-trailer.tmpl
cups-1.7.5/templates/it/job-cancel.tmpl
cups-1.7.5/templates/it/job-hold.tmpl
cups-1.7.5/templates/it/job-move.tmpl
cups-1.7.5/templates/it/job-moved.tmpl
cups-1.7.5/templates/it/job-release.tmpl
cups-1.7.5/templates/it/job-restart.tmpl
cups-1.7.5/templates/it/jobs-header.tmpl
cups-1.7.5/templates/it/jobs.tmpl
cups-1.7.5/templates/it/list-available-printers.tmpl
cups-1.7.5/templates/it/modify-class.tmpl
cups-1.7.5/templates/it/modify-printer.tmpl
cups-1.7.5/templates/it/norestart.tmpl
cups-1.7.5/templates/it/option-boolean.tmpl
cups-1.7.5/templates/it/option-conflict.tmpl
cups-1.7.5/templates/it/option-header.tmpl
cups-1.7.5/templates/it/option-pickmany.tmpl
cups-1.7.5/templates/it/option-pickone.tmpl
cups-1.7.5/templates/it/option-trailer.tmpl
cups-1.7.5/templates/it/pager.tmpl
cups-1.7.5/templates/it/printer-accept.tmpl
cups-1.7.5/templates/it/printer-added.tmpl
cups-1.7.5/templates/it/printer-configured.tmpl
cups-1.7.5/templates/it/printer-confirm.tmpl
cups-1.7.5/templates/it/printer-default.tmpl
cups-1.7.5/templates/it/printer-deleted.tmpl
cups-1.7.5/templates/it/printer-jobs-header.tmpl
cups-1.7.5/templates/it/printer-modified.tmpl
cups-1.7.5/templates/it/printer-purge.tmpl
cups-1.7.5/templates/it/printer-reject.tmpl
cups-1.7.5/templates/it/printer-start.tmpl
cups-1.7.5/templates/it/printer-stop.tmpl
cups-1.7.5/templates/it/printer.tmpl
cups-1.7.5/templates/it/printers-header.tmpl
cups-1.7.5/templates/it/printers.tmpl
cups-1.7.5/templates/it/restart.tmpl
cups-1.7.5/templates/it/samba-export.tmpl
cups-1.7.5/templates/it/samba-exported.tmpl
cups-1.7.5/templates/it/search.tmpl
cups-1.7.5/templates/it/set-printer-options-header.tmpl
cups-1.7.5/templates/it/set-printer-options-trailer.tmpl
cups-1.7.5/templates/it/subscription-added.tmpl
cups-1.7.5/templates/it/subscription-canceled.tmpl
cups-1.7.5/templates/it/test-page.tmpl
cups-1.7.5/templates/it/trailer.tmpl
cups-1.7.5/templates/it/users.tmpl
cups-1.7.5/templates/fr/add-class.tmpl
cups-1.7.5/templates/fr/add-printer.tmpl
cups-1.7.5/templates/fr/add-rss-subscription.tmpl
cups-1.7.5/templates/fr/admin.tmpl
cups-1.7.5/templates/fr/choose-device.tmpl
cups-1.7.5/templates/fr/choose-make.tmpl
cups-1.7.5/templates/fr/choose-model.tmpl
cups-1.7.5/templates/fr/choose-serial.tmpl
cups-1.7.5/templates/fr/choose-uri.tmpl
cups-1.7.5/templates/fr/class-added.tmpl
cups-1.7.5/templates/fr/class-confirm.tmpl
cups-1.7.5/templates/fr/class-deleted.tmpl
cups-1.7.5/templates/fr/class-jobs-header.tmpl
cups-1.7.5/templates/fr/class-modified.tmpl
cups-1.7.5/templates/fr/class.tmpl
cups-1.7.5/templates/fr/classes-header.tmpl
cups-1.7.5/templates/fr/classes.tmpl
cups-1.7.5/templates/fr/command.tmpl
cups-1.7.5/templates/fr/edit-config.tmpl
cups-1.7.5/templates/fr/error-op.tmpl
cups-1.7.5/templates/fr/error.tmpl
cups-1.7.5/templates/fr/header.tmpl.in
cups-1.7.5/templates/fr/help-header.tmpl
cups-1.7.5/templates/fr/help-printable.tmpl
cups-1.7.5/templates/fr/help-trailer.tmpl
cups-1.7.5/templates/fr/job-cancel.tmpl
cups-1.7.5/templates/fr/job-hold.tmpl
cups-1.7.5/templates/fr/job-move.tmpl
cups-1.7.5/templates/fr/job-moved.tmpl
cups-1.7.5/templates/fr/job-release.tmpl
cups-1.7.5/templates/fr/job-restart.tmpl
cups-1.7.5/templates/fr/jobs-header.tmpl
cups-1.7.5/templates/fr/jobs.tmpl
cups-1.7.5/templates/fr/list-available-printers.tmpl
cups-1.7.5/templates/fr/modify-class.tmpl
cups-1.7.5/templates/fr/modify-printer.tmpl
cups-1.7.5/templates/fr/norestart.tmpl
cups-1.7.5/templates/fr/option-boolean.tmpl
cups-1.7.5/templates/fr/option-conflict.tmpl
cups-1.7.5/templates/fr/option-header.tmpl
cups-1.7.5/templates/fr/option-pickmany.tmpl
cups-1.7.5/templates/fr/option-pickone.tmpl
cups-1.7.5/templates/fr/option-trailer.tmpl
cups-1.7.5/templates/fr/pager.tmpl
cups-1.7.5/templates/fr/printer-accept.tmpl
cups-1.7.5/templates/fr/printer-added.tmpl
cups-1.7.5/temp--output truncated--
2026-07-19 00:25:50,973 - 362965 - INFO - CUPS reinstall successful on i-0c3de637b079f40da
2026-07-19 00:25:51,233 - 362965 - INFO - Sent app_validation.py to i-0c3de637b079f40da (command_id: a7b3a86a-99be-442b-9d32-51c8ea9e9928)
2026-07-19 00:26:21,350 - 362965 - INFO - app_validation.py output for i-0c3de637b079f40da:

==============================================================================
Server Availability Check Started | 2026-07-19 04:25:51.495383
==============================================================================

==============================================================================
SYSTEM INFORMATION
==============================================================================
Server IP | 172.29.61.23
Hostname | ip-172-29-61-23
Current User | root
Working Directory | /usr/bin
Time Zone | UTC

==============================================================================
STORAGE CHECK | /data mounts
==============================================================================
Filesystem | Size | Used | Avail | Use% | Mounted on
/dev/nvme1n1p2 | 177.0G | 24.7G | 143.2G | 13% | /data
fs-73269f3b.efs.us-east-1.amazonaws.com:/ | 0B | 918.9G | 0B | 0% | /data2

==============================================================================
SYMLINK CHECK | root (/)
==============================================================================
Symlinks Total | 4
Symlinks Valid | 4
Symlinks Invalid | 0
Symlink | ResolvedTarget
/bin | /usr/bin
/lib | /usr/lib
/lib64 | /usr/lib64
/sbin | /usr/sbin

==============================================================================
NFS CHECK
==============================================================================
NFS Package Installed | Yes
nfs-server.service Active | No
nfs-client.target Active | Yes
/etc/exports Present | Yes
EXPORTS_LINE | (empty)
NFS_MOUNT | Device | MountPoint | FSType
NFS_MOUNT | fs-73269f3b.efs.us-east-1.amazonaws.com:/ | /data2 | nfs4

==============================================================================
CUPS CHECK
==============================================================================
CUPS Installed | Yes
CUPS Running | Yes
CUPS Version | 1.7.5
CUPS IP URL (http://172.29.61.23:631) | 200
Cups server Http Status | 200
Cups printers Http Status | 200
Printers Configured | 65

==============================================================================
FTP CHECK
==============================================================================
FTP Installed | No
FTP Running (Port 21 localhost) | No
FTP Port 21 Reachable on 172.29.61.23 | No
FTP Processes | None

==============================================================================
JAVA CHECK
==============================================================================
Total Java Processes | 2
Batch/Daemon Java Processes | 0
Non-Standalone Java Processes | Not Found

==============================================================================
BATCH/DAEMON JAVA DETAILS
==============================================================================
Batch/Daemon Java Processes | 0
Batch/Daemon Java Details | None

==============================================================================
JBOSS/WILDFLY APPS (simple table)
==============================================================================
JBoss App Processes | 2
PID | AppName | JbossVersion | Java-Name | Port | URL | Status | Code | SSL-Status | App-Path
3031 | upsapacprod | jboss62eap | apacprd_jboss | 80 | 172.29.61.23:80 | UP | 200 | Disabled | /data/app/jboss62eap/softeon/upsapacprod/standalone
3014 | upsapacrfprod | jboss62eap | apacrfprd_jboss | 8080 | 172.29.61.23:8080 | UP | 200 | Disabled | /data/app/jboss62eap/softeon/upsapacrfprod/standalone

==============================================================================
HEALTH MONITOR CRONTAB STATUS
==============================================================================
Health Monitor Crontab | Disabled

==============================================================================
Server Availability Check Completed | 2026-07-19 04:25:51.838382
==============================================================================

2026-07-19 00:26:21,351 - 362965 - ERROR - app_validation.py errors for i-0c3de637b079f40da:

2026-07-19 00:26:21,404 - 362965 - INFO - i-0c3de637b079f40da: Cron was not active - skipping enable
2026-07-19 00:26:21,487 - 362965 - INFO - Email sent successfully to ['kishlayk@softeon.com', 'CloudOps@softeon.com']
2026-07-19 00:26:21,487 - 362965 - INFO - GREEN re-validation mail sent for i-0c3de637b079f40da
2026-07-19 00:26:50,973 - 362965 - INFO - Deregistering i-07d53feec41e476f3 from TG arn:aws:elasticloadbalancing:us-east-1:835314132208:targetgroup/UPS-APAC-Production-Desktop/ac738fcb4e89ad3c
2026-07-19 00:26:51,046 - 362965 - INFO - Deregistering i-07d53feec41e476f3 from TG arn:aws:elasticloadbalancing:us-east-1:835314132208:targetgroup/UPS-APAC-Production-RF/fdc4ca05da717c34
2026-07-19 00:26:51,092 - 362965 - INFO - Stopping EC2 instance: i-07d53feec41e476f3 at 2026-07-19 00:26:51
2026-07-19 00:28:07,321 - 362965 - INFO - Instance i-07d53feec41e476f3 stopped successfully.
2026-07-19 00:28:07,569 - 362965 - INFO - Stopped i-07d53feec41e476f3 in 0:01:16.476583
2026-07-19 00:28:07,569 - 362965 - INFO - Starting EC2 instance: i-07d53feec41e476f3
2026-07-19 00:28:23,613 - 362965 - INFO - Instance i-07d53feec41e476f3 started successfully.
2026-07-19 00:28:23,613 - 362965 - INFO - Waiting 100 seconds for SSM agent to be ready on i-07d53feec41e476f3...
2026-07-19 00:30:03,651 - 362965 - INFO - Registering i-07d53feec41e476f3 to TG arn:aws:elasticloadbalancing:us-east-1:835314132208:targetgroup/UPS-APAC-Production-Desktop/ac738fcb4e89ad3c
2026-07-19 00:30:03,837 - 362965 - INFO - Registering i-07d53feec41e476f3 to TG arn:aws:elasticloadbalancing:us-east-1:835314132208:targetgroup/UPS-APAC-Production-RF/fdc4ca05da717c34
2026-07-19 00:30:34,375 - 362965 - INFO - Sent app_validation.py to i-07d53feec41e476f3 (command_id: bfa0a74e-12c3-4de5-8309-cf1d91d9dbe0)
2026-07-19 00:31:04,495 - 362965 - INFO - app_validation.py output for i-07d53feec41e476f3:

==============================================================================
Server Availability Check Started | 2026-07-19 04:30:34.696559
==============================================================================

==============================================================================
SYSTEM INFORMATION
==============================================================================
Server IP | 172.29.61.136
Hostname | ip-172-29-61-136
Current User | root
Working Directory | /usr/bin
Time Zone | UTC

==============================================================================
STORAGE CHECK | /data mounts
==============================================================================
Filesystem | Size | Used | Avail | Use% | Mounted on
/dev/nvme1n1p2 | 177.0G | 27.8G | 140.2G | 15% | /data
fs-73269f3b.efs.us-east-1.amazonaws.com:/ | 0B | 918.9G | 0B | 0% | /data2

==============================================================================
SYMLINK CHECK | root (/)
==============================================================================
Symlinks Total | 4
Symlinks Valid | 4
Symlinks Invalid | 0
Symlink | ResolvedTarget
/bin | /usr/bin
/lib | /usr/lib
/lib64 | /usr/lib64
/sbin | /usr/sbin

==============================================================================
NFS CHECK
==============================================================================
NFS Package Installed | Yes
nfs-server.service Active | No
nfs-client.target Active | Yes
/etc/exports Present | Yes
EXPORTS_LINE | (empty)
NFS_MOUNT | Device | MountPoint | FSType
NFS_MOUNT | fs-73269f3b.efs.us-east-1.amazonaws.com:/ | /data2 | nfs4

==============================================================================
CUPS CHECK
==============================================================================
CUPS Installed | Yes
CUPS Running | No
CUPS Version | 1.7.5
CUPS IP Port 631 Reachable | No
Cups server Http Status | Not Found
Cups printers Http Status | Not Found
Printers Configured | 0

==============================================================================
FTP CHECK
==============================================================================
FTP Installed | No
FTP Running (Port 21 localhost) | No
FTP Port 21 Reachable on 172.29.61.136 | No
FTP Processes | None

==============================================================================
JAVA CHECK
==============================================================================
Total Java Processes | 2
Batch/Daemon Java Processes | 0
Non-Standalone Java Processes | Not Found

==============================================================================
BATCH/DAEMON JAVA DETAILS
==============================================================================
Batch/Daemon Java Processes | 0
Batch/Daemon Java Details | None

==============================================================================
JBOSS/WILDFLY APPS (simple table)
==============================================================================
JBoss App Processes | 2
PID | AppName | JbossVersion | Java-Name | Port | URL | Status | Code | SSL-Status | App-Path
3074 | upsapacprod | jboss62eap | apacprd_jboss | 80 | 172.29.61.136:80 | UP | 200 | Disabled | /data/app/jboss62eap/softeon/upsapacprod/standalone
3094 | upsapacrfprod | jboss62eap | apacrfprd_jboss | 8080 | 172.29.61.136:8080 | UP | 200 | Disabled | /data/app/jboss62eap/softeon/upsapacrfprod/standalone

==============================================================================
HEALTH MONITOR CRONTAB STATUS
==============================================================================
Health Monitor Crontab | Disabled

==============================================================================
Server Availability Check Completed | 2026-07-19 04:30:35.587227
==============================================================================

2026-07-19 00:31:04,496 - 362965 - ERROR - app_validation.py errors for i-07d53feec41e476f3:

2026-07-19 00:31:04,497 - 362965 - INFO - After patching validation saved to: /data/patching_report/validation-2026-07-19/UPS-APAC-Prod-App/172.29.61.136/172.29.61.136-AfterPatching-2026-07-19-00-31-04-497.log
2026-07-19 00:31:04,549 - 362965 - INFO - Validation comparison report generated: /data/patching_report/validation-2026-07-19/UPS-APAC-Prod-App/172.29.61.136/172.29.61.136-Validation-details-2026-07-19-00-31-04-497.html
2026-07-19 00:31:04,761 - 362965 - INFO - Daemon count - Pre: 0, Post: 0
2026-07-19 00:31:04,761 - 362965 - INFO - CUPS: before=running after=not running version=1.7.5
2026-07-19 00:31:04,761 - 362965 - INFO - Manage_cron: False, daemon_action: False, cups_action: True
2026-07-19 00:31:04,761 - 362965 - INFO - CUPS was running (v1.7.5) before, not running after - reinstalling on i-07d53feec41e476f3
2026-07-19 00:31:04,761 - 362965 - INFO - Background thread started for i-07d53feec41e476f3 - daemon:False cups:True
2026-07-19 00:31:05,040 - 362965 - INFO - CUPS upgrade command sent to i-07d53feec41e476f3 (command_id: b441ac44-e4fd-4c53-bda8-a6fe0c715239)
2026-07-19 00:31:05,186 - 362965 - INFO - Started i-07d53feec41e476f3 in 0:02:57.616075
2026-07-19 00:31:05,186 - 362965 - INFO - All instances processed.
2026-07-19 00:31:05,190 - 362965 - INFO - Restart Total time: 0:11:19.428996
2026-07-19 00:31:05,191 - 362965 - INFO - Auto-confirmed services are restarted
2026-07-19 00:31:05,191 - 362965 - INFO - Confirmed - services are started
2026-07-19 00:31:05,317 - 362965 - INFO - The following instances have failed the patch: []
2026-07-19 00:31:05,318 - 362965 - INFO - No instances have failed the patch.
2026-07-19 00:31:05,318 - 362965 - INFO - Total Patch Process time: 0:21:03.789398
2026-07-19 00:32:05,202 - 362965 - INFO - CUPS upgrade output: '/etc/cups' -> '/tmp/cups-backup/cups1.7.5/cups'
'/etc/cups/cups-files.conf.N' -> '/tmp/cups-backup/cups1.7.5/cups/cups-files.conf.N'
'/etc/cups/cupsd.conf.N' -> '/tmp/cups-backup/cups1.7.5/cups/cupsd.conf.N'
'/etc/cups/snmp.conf.N' -> '/tmp/cups-backup/cups1.7.5/cups/snmp.conf.N'
'/etc/cups/cupsd.conf.default' -> '/tmp/cups-backup/cups1.7.5/cups/cupsd.conf.default'
'/etc/cups/printers.conf.O' -> '/tmp/cups-backup/cups1.7.5/cups/printers.conf.O'
'/etc/cups/printers.conf' -> '/tmp/cups-backup/cups1.7.5/cups/printers.conf'
'/etc/cups/client.conf' -> '/tmp/cups-backup/cups1.7.5/cups/client.conf'
'/etc/cups/cups-files.conf' -> '/tmp/cups-backup/cups1.7.5/cups/cups-files.conf'
'/etc/cups/cupsd.conf' -> '/tmp/cups-backup/cups1.7.5/cups/cupsd.conf'
'/etc/cups/snmp.conf' -> '/tmp/cups-backup/cups1.7.5/cups/snmp.conf'
'/etc/cups/ssl' -> '/tmp/cups-backup/cups1.7.5/cups/ssl'
'/etc/cups/interfaces' -> '/tmp/cups-backup/cups1.7.5/cups/interfaces'
'/etc/cups/ppd' -> '/tmp/cups-backup/cups1.7.5/cups/ppd'
Last metadata expiration check: 0:12:45 ago on Sun Jul 19 04:18:22 2026.
Dependencies resolved.
================================================================================
 Package           Architecture     Version             Repository         Size
================================================================================
Installing Groups:
 Development Tools                                                             

Transaction Summary
================================================================================

Complete!
cups-1.7.5/
cups-1.7.5/backend/
cups-1.7.5/berkeley/
cups-1.7.5/cgi-bin/
cups-1.7.5/CHANGES-1.0.txt
cups-1.7.5/CHANGES-1.1.txt
cups-1.7.5/CHANGES-1.2.txt
cups-1.7.5/CHANGES-1.3.txt
cups-1.7.5/CHANGES-1.4.txt
cups-1.7.5/CHANGES-1.5.txt
cups-1.7.5/CHANGES-1.6.txt
cups-1.7.5/CHANGES-IPPTOOL.txt
cups-1.7.5/CHANGES.txt
cups-1.7.5/conf/
cups-1.7.5/config-scripts/
cups-1.7.5/config.h.in
cups-1.7.5/configure
cups-1.7.5/configure.in
cups-1.7.5/CREDITS.txt
cups-1.7.5/cups/
cups-1.7.5/cups-config.in
cups-1.7.5/data/
cups-1.7.5/desktop/
cups-1.7.5/doc/
cups-1.7.5/examples/
cups-1.7.5/filter/
cups-1.7.5/install-sh
cups-1.7.5/INSTALL.txt
cups-1.7.5/IPPTOOL.txt
cups-1.7.5/LICENSE.txt
cups-1.7.5/locale/
cups-1.7.5/Makedefs.in
cups-1.7.5/Makefile
cups-1.7.5/man/
cups-1.7.5/monitor/
cups-1.7.5/notifier/
cups-1.7.5/packaging/
cups-1.7.5/ppdc/
cups-1.7.5/README.txt
cups-1.7.5/scheduler/
cups-1.7.5/systemv/
cups-1.7.5/templates/
cups-1.7.5/test/
cups-1.7.5/vcnet/
cups-1.7.5/xcode/
cups-1.7.5/xcode/config.h
cups-1.7.5/xcode/CUPS.xcodeproj/
cups-1.7.5/xcode/CUPS.xcodeproj/project.pbxproj
cups-1.7.5/vcnet/config.h
cups-1.7.5/vcnet/cups.sln
cups-1.7.5/vcnet/cupstestppd.vcproj
cups-1.7.5/vcnet/ippfind.vcproj
cups-1.7.5/vcnet/ipptool-installer.vdproj
cups-1.7.5/vcnet/ipptool.vcproj
cups-1.7.5/vcnet/libcups2-installer.vdproj
cups-1.7.5/vcnet/libcups2.vcproj
cups-1.7.5/vcnet/libcupsimage2.vcproj
cups-1.7.5/vcnet/README.txt
cups-1.7.5/vcnet/regex/
cups-1.7.5/vcnet/regex.vcproj
cups-1.7.5/vcnet/setdebug.bat
cups-1.7.5/vcnet/testfile.vcproj
cups-1.7.5/vcnet/testhttp.vcproj
cups-1.7.5/vcnet/regex/cclass.h
cups-1.7.5/vcnet/regex/cname.h
cups-1.7.5/vcnet/regex/COPYRIGHT
cups-1.7.5/vcnet/regex/debug.c
cups-1.7.5/vcnet/regex/debug.ih
cups-1.7.5/vcnet/regex/engine.c
cups-1.7.5/vcnet/regex/engine.ih
cups-1.7.5/vcnet/regex/main.c
cups-1.7.5/vcnet/regex/main.ih
cups-1.7.5/vcnet/regex/Makefile
cups-1.7.5/vcnet/regex/mkh
cups-1.7.5/vcnet/regex/README
cups-1.7.5/vcnet/regex/regcomp.c
cups-1.7.5/vcnet/regex/regcomp.ih
cups-1.7.5/vcnet/regex/regerror.c
cups-1.7.5/vcnet/regex/regerror.ih
cups-1.7.5/vcnet/regex/regex.3
cups-1.7.5/vcnet/regex/regex.7
cups-1.7.5/vcnet/regex/regex.def
cups-1.7.5/vcnet/regex/regex.h
cups-1.7.5/vcnet/regex/regex2.h
cups-1.7.5/vcnet/regex/regexec.c
cups-1.7.5/vcnet/regex/regfree.c
cups-1.7.5/vcnet/regex/split.c
cups-1.7.5/vcnet/regex/tests
cups-1.7.5/vcnet/regex/utils.h
cups-1.7.5/vcnet/regex/WHATSNEW
cups-1.7.5/test/4.1-requests.test
cups-1.7.5/test/4.2-cups-printer-ops.test
cups-1.7.5/test/4.3-job-ops.test
cups-1.7.5/test/4.4-subscription-ops.test
cups-1.7.5/test/5.1-lpadmin.sh
cups-1.7.5/test/5.2-lpc.sh
cups-1.7.5/test/5.3-lpq.sh
cups-1.7.5/test/5.4-lpstat.sh
cups-1.7.5/test/5.5-lp.sh
cups-1.7.5/test/5.6-lpr.sh
cups-1.7.5/test/5.7-lprm.sh
cups-1.7.5/test/5.8-cancel.sh
cups-1.7.5/test/5.9-lpinfo.sh
cups-1.7.5/test/cancel-current-job.test
cups-1.7.5/test/color.jpg
cups-1.7.5/test/create-job-format.test
cups-1.7.5/test/create-job-sheets.test
cups-1.7.5/test/create-job-timeout.test
cups-1.7.5/test/create-job.test
cups-1.7.5/test/create-printer-subscription.test
cups-1.7.5/test/Dependencies
cups-1.7.5/test/document-a4.pdf
cups-1.7.5/test/document-a4.ps
cups-1.7.5/test/document-a4.sla
cups-1.7.5/test/document-letter.pdf
cups-1.7.5/test/document-letter.ps
cups-1.7.5/test/document-letter.sla
cups-1.7.5/test/get-completed-jobs.test
cups-1.7.5/test/get-devices.test
cups-1.7.5/test/get-job-attributes.test
cups-1.7.5/test/get-job-attributes2.test
cups-1.7.5/test/get-jobs.test
cups-1.7.5/test/get-notifications.test
cups-1.7.5/test/get-ppd-printer.test
cups-1.7.5/test/get-ppd.test
cups-1.7.5/test/get-ppds-drv-only.test
cups-1.7.5/test/get-ppds-language.test
cups-1.7.5/test/get-ppds-make-and-model.test
cups-1.7.5/test/get-ppds-make.test
cups-1.7.5/test/get-ppds-product.test
cups-1.7.5/test/get-ppds-psversion.test
cups-1.7.5/test/get-ppds.test
cups-1.7.5/test/get-printer-attributes-2.0.test
cups-1.7.5/test/get-printer-attributes.test
cups-1.7.5/test/get-printers.test
cups-1.7.5/test/get-subscriptions.test
cups-1.7.5/test/gray.jpg
cups-1.7.5/test/ipp-1.1.test
cups-1.7.5/test/ipp-2.0.test
cups-1.7.5/test/ipp-2.1.test
cups-1.7.5/test/ipp-2.2.test
cups-1.7.5/test/ipp-backend.test
cups-1.7.5/test/ipp-everywhere.test
cups-1.7.5/test/ippdiscover.c
cups-1.7.5/test/ippfind.c
cups-1.7.5/test/ippserver.c
cups-1.7.5/test/ipptool.c
cups-1.7.5/test/make-ippeverywhere-print-tests.sh
cups-1.7.5/test/Makefile
cups-1.7.5/test/onepage-a4-300-black-1.pwg.gz
cups-1.7.5/test/onepage-a4.pdf
cups-1.7.5/test/onepage-a4.ps
cups-1.7.5/test/onepage-a4.sla
cups-1.7.5/test/onepage-letter-300-black-1.pwg.gz
cups-1.7.5/test/onepage-letter.pdf
cups-1.7.5/test/onepage-letter.ps
cups-1.7.5/test/onepage-letter.sla
cups-1.7.5/test/print-job-and-wait.test
cups-1.7.5/test/print-job-deflate.test
cups-1.7.5/test/print-job-gzip.test
cups-1.7.5/test/print-job-hold.test
cups-1.7.5/test/print-job-media-col.test
cups-1.7.5/test/print-job-password.test
cups-1.7.5/test/print-job.test
cups-1.7.5/test/print-uri.test
cups-1.7.5/test/printer.opacity
cups-1.7.5/test/printer.png
cups-1.7.5/test/run-stp-tests.sh
cups-1.7.5/test/set-attrs-hold.test
cups-1.7.5/test/str-header.html
cups-1.7.5/test/str-trailer.html
cups-1.7.5/test/test.convs
cups-1.7.5/test/testfile.jpg
cups-1.7.5/test/testfile.pcl
cups-1.7.5/test/testfile.pdf
cups-1.7.5/test/testfile.ps
cups-1.7.5/test/testfile.txt
cups-1.7.5/test/testhp.ppd
cups-1.7.5/test/testps.ppd
cups-1.7.5/test/validate-job.test
cups-1.7.5/test/waitjobs.sh
cups-1.7.5/test/xmltotest.c
cups-1.7.5/templates/add-class.tmpl
cups-1.7.5/templates/add-printer.tmpl
cups-1.7.5/templates/add-rss-subscription.tmpl
cups-1.7.5/templates/admin.tmpl
cups-1.7.5/templates/ca/
cups-1.7.5/templates/choose-device.tmpl
cups-1.7.5/templates/choose-make.tmpl
cups-1.7.5/templates/choose-model.tmpl
cups-1.7.5/templates/choose-serial.tmpl
cups-1.7.5/templates/choose-uri.tmpl
cups-1.7.5/templates/class-added.tmpl
cups-1.7.5/templates/class-confirm.tmpl
cups-1.7.5/templates/class-deleted.tmpl
cups-1.7.5/templates/class-jobs-header.tmpl
cups-1.7.5/templates/class-modified.tmpl
cups-1.7.5/templates/class.tmpl
cups-1.7.5/templates/classes-header.tmpl
cups-1.7.5/templates/classes.tmpl
cups-1.7.5/templates/command.tmpl
cups-1.7.5/templates/cs/
cups-1.7.5/templates/de/
cups-1.7.5/templates/edit-config.tmpl
cups-1.7.5/templates/error-op.tmpl
cups-1.7.5/templates/error.tmpl
cups-1.7.5/templates/es/
cups-1.7.5/templates/fr/
cups-1.7.5/templates/header.tmpl.in
cups-1.7.5/templates/help-header.tmpl
cups-1.7.5/templates/help-printable.tmpl
cups-1.7.5/templates/help-trailer.tmpl
cups-1.7.5/templates/it/
cups-1.7.5/templates/ja/
cups-1.7.5/templates/job-cancel.tmpl
cups-1.7.5/templates/job-hold.tmpl
cups-1.7.5/templates/job-move.tmpl
cups-1.7.5/templates/job-moved.tmpl
cups-1.7.5/templates/job-release.tmpl
cups-1.7.5/templates/job-restart.tmpl
cups-1.7.5/templates/jobs-header.tmpl
cups-1.7.5/templates/jobs.tmpl
cups-1.7.5/templates/list-available-printers.tmpl
cups-1.7.5/templates/Makefile
cups-1.7.5/templates/modify-class.tmpl
cups-1.7.5/templates/modify-printer.tmpl
cups-1.7.5/templates/norestart.tmpl
cups-1.7.5/templates/option-boolean.tmpl
cups-1.7.5/templates/option-conflict.tmpl
cups-1.7.5/templates/option-header.tmpl
cups-1.7.5/templates/option-pickmany.tmpl
cups-1.7.5/templates/option-pickone.tmpl
cups-1.7.5/templates/option-trailer.tmpl
cups-1.7.5/templates/pager.tmpl
cups-1.7.5/templates/printer-accept.tmpl
cups-1.7.5/templates/printer-added.tmpl
cups-1.7.5/templates/printer-configured.tmpl
cups-1.7.5/templates/printer-confirm.tmpl
cups-1.7.5/templates/printer-default.tmpl
cups-1.7.5/templates/printer-deleted.tmpl
cups-1.7.5/templates/printer-jobs-header.tmpl
cups-1.7.5/templates/printer-modified.tmpl
cups-1.7.5/templates/printer-purge.tmpl
cups-1.7.5/templates/printer-reject.tmpl
cups-1.7.5/templates/printer-start.tmpl
cups-1.7.5/templates/printer-stop.tmpl
cups-1.7.5/templates/printer.tmpl
cups-1.7.5/templates/printers-header.tmpl
cups-1.7.5/templates/printers.tmpl
cups-1.7.5/templates/pt_BR/
cups-1.7.5/templates/restart.tmpl
cups-1.7.5/templates/ru/
cups-1.7.5/templates/samba-export.tmpl
cups-1.7.5/templates/samba-exported.tmpl
cups-1.7.5/templates/search.tmpl
cups-1.7.5/templates/set-printer-options-header.tmpl
cups-1.7.5/templates/set-printer-options-trailer.tmpl
cups-1.7.5/templates/subscription-added.tmpl
cups-1.7.5/templates/subscription-canceled.tmpl
cups-1.7.5/templates/test-page.tmpl
cups-1.7.5/templates/trailer.tmpl
cups-1.7.5/templates/users.tmpl
cups-1.7.5/templates/ru/add-class.tmpl
cups-1.7.5/templates/ru/add-printer.tmpl
cups-1.7.5/templates/ru/add-rss-subscription.tmpl
cups-1.7.5/templates/ru/admin.tmpl
cups-1.7.5/templates/ru/choose-device.tmpl
cups-1.7.5/templates/ru/choose-make.tmpl
cups-1.7.5/templates/ru/choose-model.tmpl
cups-1.7.5/templates/ru/choose-serial.tmpl
cups-1.7.5/templates/ru/choose-uri.tmpl
cups-1.7.5/templates/ru/class-added.tmpl
cups-1.7.5/templates/ru/class-confirm.tmpl
cups-1.7.5/templates/ru/class-deleted.tmpl
cups-1.7.5/templates/ru/class-jobs-header.tmpl
cups-1.7.5/templates/ru/class-modified.tmpl
cups-1.7.5/templates/ru/class.tmpl
cups-1.7.5/templates/ru/classes-header.tmpl
cups-1.7.5/templates/ru/classes.tmpl
cups-1.7.5/templates/ru/command.tmpl
cups-1.7.5/templates/ru/edit-config.tmpl
cups-1.7.5/templates/ru/error-op.tmpl
cups-1.7.5/templates/ru/error.tmpl
cups-1.7.5/templates/ru/header.tmpl.in
cups-1.7.5/templates/ru/help-header.tmpl
cups-1.7.5/templates/ru/help-printable.tmpl
cups-1.7.5/templates/ru/help-trailer.tmpl
cups-1.7.5/templates/ru/job-cancel.tmpl
cups-1.7.5/templates/ru/job-hold.tmpl
cups-1.7.5/templates/ru/job-move.tmpl
cups-1.7.5/templates/ru/job-moved.tmpl
cups-1.7.5/templates/ru/job-release.tmpl
cups-1.7.5/templates/ru/job-restart.tmpl
cups-1.7.5/templates/ru/jobs-header.tmpl
cups-1.7.5/templates/ru/jobs.tmpl
cups-1.7.5/templates/ru/list-available-printers.tmpl
cups-1.7.5/templates/ru/Makefile
cups-1.7.5/templates/ru/modify-class.tmpl
cups-1.7.5/templates/ru/modify-printer.tmpl
cups-1.7.5/templates/ru/norestart.tmpl
cups-1.7.5/templates/ru/option-boolean.tmpl
cups-1.7.5/templates/ru/option-conflict.tmpl
cups-1.7.5/templates/ru/option-header.tmpl
cups-1.7.5/templates/ru/option-pickmany.tmpl
cups-1.7.5/templates/ru/option-pickone.tmpl
cups-1.7.5/templates/ru/option-trailer.tmpl
cups-1.7.5/templates/ru/pager.tmpl
cups-1.7.5/templates/ru/printer-accept.tmpl
cups-1.7.5/templates/ru/printer-added.tmpl
cups-1.7.5/templates/ru/printer-configured.tmpl
cups-1.7.5/templates/ru/printer-confirm.tmpl
cups-1.7.5/templates/ru/printer-default.tmpl
cups-1.7.5/templates/ru/printer-deleted.tmpl
cups-1.7.5/templates/ru/printer-jobs-header.tmpl
cups-1.7.5/templates/ru/printer-modified.tmpl
cups-1.7.5/templates/ru/printer-purge.tmpl
cups-1.7.5/templates/ru/printer-reject.tmpl
cups-1.7.5/templates/ru/printer-start.tmpl
cups-1.7.5/templates/ru/printer-stop.tmpl
cups-1.7.5/templates/ru/printer.tmpl
cups-1.7.5/templates/ru/printers-header.tmpl
cups-1.7.5/templates/ru/printers.tmpl
cups-1.7.5/templates/ru/restart.tmpl
cups-1.7.5/templates/ru/samba-export.tmpl
cups-1.7.5/templates/ru/samba-exported.tmpl
cups-1.7.5/templates/ru/search.tmpl
cups-1.7.5/templates/ru/set-printer-options-header.tmpl
cups-1.7.5/templates/ru/set-printer-options-trailer.tmpl
cups-1.7.5/templates/ru/subscription-added.tmpl
cups-1.7.5/templates/ru/subscription-canceled.tmpl
cups-1.7.5/templates/ru/test-page.tmpl
cups-1.7.5/templates/ru/trailer.tmpl
cups-1.7.5/templates/ru/users.tmpl
cups-1.7.5/templates/pt_BR/add-class.tmpl
cups-1.7.5/templates/pt_BR/add-printer.tmpl
cups-1.7.5/templates/pt_BR/add-rss-subscription.tmpl
cups-1.7.5/templates/pt_BR/admin.tmpl
cups-1.7.5/templates/pt_BR/choose-device.tmpl
cups-1.7.5/templates/pt_BR/choose-make.tmpl
cups-1.7.5/templates/pt_BR/choose-model.tmpl
cups-1.7.5/templates/pt_BR/choose-serial.tmpl
cups-1.7.5/templates/pt_BR/choose-uri.tmpl
cups-1.7.5/templates/pt_BR/class-added.tmpl
cups-1.7.5/templates/pt_BR/class-confirm.tmpl
cups-1.7.5/templates/pt_BR/class-deleted.tmpl
cups-1.7.5/templates/pt_BR/class-jobs-header.tmpl
cups-1.7.5/templates/pt_BR/class-modified.tmpl
cups-1.7.5/templates/pt_BR/class.tmpl
cups-1.7.5/templates/pt_BR/classes-header.tmpl
cups-1.7.5/templates/pt_BR/classes.tmpl
cups-1.7.5/templates/pt_BR/command.tmpl
cups-1.7.5/templates/pt_BR/edit-config.tmpl
cups-1.7.5/templates/pt_BR/error-op.tmpl
cups-1.7.5/templates/pt_BR/error.tmpl
cups-1.7.5/templates/pt_BR/header.tmpl.in
cups-1.7.5/templates/pt_BR/help-header.tmpl
cups-1.7.5/templates/pt_BR/job-cancel.tmpl
cups-1.7.5/templates/pt_BR/job-hold.tmpl
cups-1.7.5/templates/pt_BR/job-move.tmpl
cups-1.7.5/templates/pt_BR/job-moved.tmpl
cups-1.7.5/templates/pt_BR/job-release.tmpl
cups-1.7.5/templates/pt_BR/job-restart.tmpl
cups-1.7.5/templates/pt_BR/jobs-header.tmpl
cups-1.7.5/templates/pt_BR/jobs.tmpl
cups-1.7.5/templates/pt_BR/list-available-printers.tmpl
cups-1.7.5/templates/pt_BR/modify-class.tmpl
cups-1.7.5/templates/pt_BR/modify-printer.tmpl
cups-1.7.5/templates/pt_BR/norestart.tmpl
cups-1.7.5/templates/pt_BR/option-boolean.tmpl
cups-1.7.5/templates/pt_BR/option-conflict.tmpl
cups-1.7.5/templates/pt_BR/option-header.tmpl
cups-1.7.5/templates/pt_BR/option-pickmany.tmpl
cups-1.7.5/templates/pt_BR/option-pickone.tmpl
cups-1.7.5/templates/pt_BR/option-trailer.tmpl
cups-1.7.5/templates/pt_BR/pager.tmpl
cups-1.7.5/templates/pt_BR/printer-accept.tmpl
cups-1.7.5/templates/pt_BR/printer-added.tmpl
cups-1.7.5/templates/pt_BR/printer-configured.tmpl
cups-1.7.5/templates/pt_BR/printer-confirm.tmpl
cups-1.7.5/templates/pt_BR/printer-default.tmpl
cups-1.7.5/templates/pt_BR/printer-deleted.tmpl
cups-1.7.5/templates/pt_BR/printer-jobs-header.tmpl
cups-1.7.5/templates/pt_BR/printer-modified.tmpl
cups-1.7.5/templates/pt_BR/printer-purge.tmpl
cups-1.7.5/templates/pt_BR/printer-reject.tmpl
cups-1.7.5/templates/pt_BR/printer-start.tmpl
cups-1.7.5/templates/pt_BR/printer-stop.tmpl
cups-1.7.5/templates/pt_BR/printer.tmpl
cups-1.7.5/templates/pt_BR/printers-header.tmpl
cups-1.7.5/templates/pt_BR/printers.tmpl
cups-1.7.5/templates/pt_BR/restart.tmpl
cups-1.7.5/templates/pt_BR/samba-export.tmpl
cups-1.7.5/templates/pt_BR/samba-exported.tmpl
cups-1.7.5/templates/pt_BR/search.tmpl
cups-1.7.5/templates/pt_BR/set-printer-options-header.tmpl
cups-1.7.5/templates/pt_BR/set-printer-options-trailer.tmpl
cups-1.7.5/templates/pt_BR/subscription-added.tmpl
cups-1.7.5/templates/pt_BR/subscription-canceled.tmpl
cups-1.7.5/templates/pt_BR/test-page.tmpl
cups-1.7.5/templates/pt_BR/trailer.tmpl
cups-1.7.5/templates/pt_BR/users.tmpl
cups-1.7.5/templates/ja/add-class.tmpl
cups-1.7.5/templates/ja/add-printer.tmpl
cups-1.7.5/templates/ja/add-rss-subscription.tmpl
cups-1.7.5/templates/ja/admin.tmpl
cups-1.7.5/templates/ja/choose-device.tmpl
cups-1.7.5/templates/ja/choose-make.tmpl
cups-1.7.5/templates/ja/choose-model.tmpl
cups-1.7.5/templates/ja/choose-serial.tmpl
cups-1.7.5/templates/ja/choose-uri.tmpl
cups-1.7.5/templates/ja/class-added.tmpl
cups-1.7.5/templates/ja/class-confirm.tmpl
cups-1.7.5/templates/ja/class-deleted.tmpl
cups-1.7.5/templates/ja/class-jobs-header.tmpl
cups-1.7.5/templates/ja/class-modified.tmpl
cups-1.7.5/templates/ja/class.tmpl
cups-1.7.5/templates/ja/classes-header.tmpl
cups-1.7.5/templates/ja/classes.tmpl
cups-1.7.5/templates/ja/command.tmpl
cups-1.7.5/templates/ja/edit-config.tmpl
cups-1.7.5/templates/ja/error-op.tmpl
cups-1.7.5/templates/ja/error.tmpl
cups-1.7.5/templates/ja/header.tmpl.in
cups-1.7.5/templates/ja/help-header.tmpl
cups-1.7.5/templates/ja/help-printable.tmpl
cups-1.7.5/templates/ja/help-trailer.tmpl
cups-1.7.5/templates/ja/job-cancel.tmpl
cups-1.7.5/templates/ja/job-hold.tmpl
cups-1.7.5/templates/ja/job-move.tmpl
cups-1.7.5/templates/ja/job-moved.tmpl
cups-1.7.5/templates/ja/job-release.tmpl
cups-1.7.5/templates/ja/job-restart.tmpl
cups-1.7.5/templates/ja/jobs-header.tmpl
cups-1.7.5/templates/ja/jobs.tmpl
cups-1.7.5/templates/ja/list-available-printers.tmpl
cups-1.7.5/templates/ja/modify-class.tmpl
cups-1.7.5/templates/ja/modify-printer.tmpl
cups-1.7.5/templates/ja/norestart.tmpl
cups-1.7.5/templates/ja/option-boolean.tmpl
cups-1.7.5/templates/ja/option-conflict.tmpl
cups-1.7.5/templates/ja/option-header.tmpl
cups-1.7.5/templates/ja/option-pickmany.tmpl
cups-1.7.5/templates/ja/option-pickone.tmpl
cups-1.7.5/templates/ja/option-trailer.tmpl
cups-1.7.5/templates/ja/pager.tmpl
cups-1.7.5/templates/ja/printer-accept.tmpl
cups-1.7.5/templates/ja/printer-added.tmpl
cups-1.7.5/templates/ja/printer-configured.tmpl
cups-1.7.5/templates/ja/printer-confirm.tmpl
cups-1.7.5/templates/ja/printer-default.tmpl
cups-1.7.5/templates/ja/printer-deleted.tmpl
cups-1.7.5/templates/ja/printer-jobs-header.tmpl
cups-1.7.5/templates/ja/printer-modified.tmpl
cups-1.7.5/templates/ja/printer-purge.tmpl
cups-1.7.5/templates/ja/printer-reject.tmpl
cups-1.7.5/templates/ja/printer-start.tmpl
cups-1.7.5/templates/ja/printer-stop.tmpl
cups-1.7.5/templates/ja/printer.tmpl
cups-1.7.5/templates/ja/printers-header.tmpl
cups-1.7.5/templates/ja/printers.tmpl
cups-1.7.5/templates/ja/restart.tmpl
cups-1.7.5/templates/ja/samba-export.tmpl
cups-1.7.5/templates/ja/samba-exported.tmpl
cups-1.7.5/templates/ja/search.tmpl
cups-1.7.5/templates/ja/set-printer-options-header.tmpl
cups-1.7.5/templates/ja/set-printer-options-trailer.tmpl
cups-1.7.5/templates/ja/subscription-added.tmpl
cups-1.7.5/templates/ja/subscription-canceled.tmpl
cups-1.7.5/templates/ja/test-page.tmpl
cups-1.7.5/templates/ja/trailer.tmpl
cups-1.7.5/templates/ja/users.tmpl
cups-1.7.5/templates/it/add-class.tmpl
cups-1.7.5/templates/it/add-printer.tmpl
cups-1.7.5/templates/it/add-rss-subscription.tmpl
cups-1.7.5/templates/it/admin.tmpl
cups-1.7.5/templates/it/choose-device.tmpl
cups-1.7.5/templates/it/choose-make.tmpl
cups-1.7.5/templates/it/choose-model.tmpl
cups-1.7.5/templates/it/choose-serial.tmpl
cups-1.7.5/templates/it/choose-uri.tmpl
cups-1.7.5/templates/it/class-added.tmpl
cups-1.7.5/templates/it/class-confirm.tmpl
cups-1.7.5/templates/it/class-deleted.tmpl
cups-1.7.5/templates/it/class-jobs-header.tmpl
cups-1.7.5/templates/it/class-modified.tmpl
cups-1.7.5/templates/it/class.tmpl
cups-1.7.5/templates/it/classes-header.tmpl
cups-1.7.5/templates/it/classes.tmpl
cups-1.7.5/templates/it/command.tmpl
cups-1.7.5/templates/it/edit-config.tmpl
cups-1.7.5/templates/it/error-op.tmpl
cups-1.7.5/templates/it/error.tmpl
cups-1.7.5/templates/it/header.tmpl.in
cups-1.7.5/templates/it/help-header.tmpl
cups-1.7.5/templates/it/help-printable.tmpl
cups-1.7.5/templates/it/help-trailer.tmpl
cups-1.7.5/templates/it/job-cancel.tmpl
cups-1.7.5/templates/it/job-hold.tmpl
cups-1.7.5/templates/it/job-move.tmpl
cups-1.7.5/templates/it/job-moved.tmpl
cups-1.7.5/templates/it/job-release.tmpl
cups-1.7.5/templates/it/job-restart.tmpl
cups-1.7.5/templates/it/jobs-header.tmpl
cups-1.7.5/templates/it/jobs.tmpl
cups-1.7.5/templates/it/list-available-printers.tmpl
cups-1.7.5/templates/it/modify-class.tmpl
cups-1.7.5/templates/it/modify-printer.tmpl
cups-1.7.5/templates/it/norestart.tmpl
cups-1.7.5/templates/it/option-boolean.tmpl
cups-1.7.5/templates/it/option-conflict.tmpl
cups-1.7.5/templates/it/option-header.tmpl
cups-1.7.5/templates/it/option-pickmany.tmpl
cups-1.7.5/templates/it/option-pickone.tmpl
cups-1.7.5/templates/it/option-trailer.tmpl
cups-1.7.5/templates/it/pager.tmpl
cups-1.7.5/templates/it/printer-accept.tmpl
cups-1.7.5/templates/it/printer-added.tmpl
cups-1.7.5/templates/it/printer-configured.tmpl
cups-1.7.5/templates/it/printer-confirm.tmpl
cups-1.7.5/templates/it/printer-default.tmpl
cups-1.7.5/templates/it/printer-deleted.tmpl
cups-1.7.5/templates/it/printer-jobs-header.tmpl
cups-1.7.5/templates/it/printer-modified.tmpl
cups-1.7.5/templates/it/printer-purge.tmpl
cups-1.7.5/templates/it/printer-reject.tmpl
cups-1.7.5/templates/it/printer-start.tmpl
cups-1.7.5/templates/it/printer-stop.tmpl
cups-1.7.5/templates/it/printer.tmpl
cups-1.7.5/templates/it/printers-header.tmpl
cups-1.7.5/templates/it/printers.tmpl
cups-1.7.5/templates/it/restart.tmpl
cups-1.7.5/templates/it/samba-export.tmpl
cups-1.7.5/templates/it/samba-exported.tmpl
cups-1.7.5/templates/it/search.tmpl
cups-1.7.5/templates/it/set-printer-options-header.tmpl
cups-1.7.5/templates/it/set-printer-options-trailer.tmpl
cups-1.7.5/templates/it/subscription-added.tmpl
cups-1.7.5/templates/it/subscription-canceled.tmpl
cups-1.7.5/templates/it/test-page.tmpl
cups-1.7.5/templates/it/trailer.tmpl
cups-1.7.5/templates/it/users.tmpl
cups-1.7.5/templates/fr/add-class.tmpl
cups-1.7.5/templates/fr/add-printer.tmpl
cups-1.7.5/templates/fr/add-rss-subscription.tmpl
cups-1.7.5/templates/fr/admin.tmpl
cups-1.7.5/templates/fr/choose-device.tmpl
cups-1.7.5/templates/fr/choose-make.tmpl
cups-1.7.5/templates/fr/choose-model.tmpl
cups-1.7.5/templates/fr/choose-serial.tmpl
cups-1.7.5/templates/fr/choose-uri.tmpl
cups-1.7.5/templates/fr/class-added.tmpl
cups-1.7.5/templates/fr/class-confirm.tmpl
cups-1.7.5/templates/fr/class-deleted.tmpl
cups-1.7.5/templates/fr/class-jobs-header.tmpl
cups-1.7.5/templates/fr/class-modified.tmpl
cups-1.7.5/templates/fr/class.tmpl
cups-1.7.5/templates/fr/classes-header.tmpl
cups-1.7.5/templates/fr/classes.tmpl
cups-1.7.5/templates/fr/command.tmpl
cups-1.7.5/templates/fr/edit-config.tmpl
cups-1.7.5/templates/fr/error-op.tmpl
cups-1.7.5/templates/fr/error.tmpl
cups-1.7.5/templates/fr/header.tmpl.in
cups-1.7.5/templates/fr/help-header.tmpl
cups-1.7.5/templates/fr/help-printable.tmpl
cups-1.7.5/templates/fr/help-trailer.tmpl
cups-1.7.5/templates/fr/job-cancel.tmpl
cups-1.7.5/templates/fr/job-hold.tmpl
cups-1.7.5/templates/fr/job-move.tmpl
cups-1.7.5/templates/fr/job-moved.tmpl
cups-1.7.5/templates/fr/job-release.tmpl
cups-1.7.5/templates/fr/job-restart.tmpl
cups-1.7.5/templates/fr/jobs-header.tmpl
cups-1.7.5/templates/fr/jobs.tmpl
cups-1.7.5/templates/fr/list-available-printers.tmpl
cups-1.7.5/templates/fr/modify-class.tmpl
cups-1.7.5/templates/fr/modify-printer.tmpl
cups-1.7.5/templates/fr/norestart.tmpl
cups-1.7.5/templates/fr/option-boolean.tmpl
cups-1.7.5/templates/fr/option-conflict.tmpl
cups-1.7.5/templates/fr/option-header.tmpl
cups-1.7.5/templates/fr/option-pickmany.tmpl
cups-1.7.5/templates/fr/option-pickone.tmpl
cups-1.7.5/templates/fr/option-trailer.tmpl
cups-1.7.5/templates/fr/pager.tmpl
cups-1.7.5/templates/fr/printer-accept.tmpl
cups-1.7.5/templates/fr/printer-added.tmpl
cups-1.7.5/temp--output truncated--
2026-07-19 00:32:05,203 - 362965 - INFO - CUPS reinstall successful on i-07d53feec41e476f3
2026-07-19 00:32:05,380 - 362965 - INFO - Sent app_validation.py to i-07d53feec41e476f3 (command_id: 2555f020-6f1d-45bb-9100-eed0e4eb0382)
2026-07-19 00:32:05,913 - 362965 - INFO - Log file ./logs/patching_2026-07-19_UPS-APAC-Prod-App.log uploaded to s3://q3-2026-aws-security-patching/UPS-APAC-Prod-App_Patch/2026-07-19/patching_2026-07-19_UPS-APAC-Prod-App.log
2026-07-19 00:32:35,461 - 362965 - INFO - app_validation.py output for i-07d53feec41e476f3:

==============================================================================
Server Availability Check Started | 2026-07-19 04:32:05.628633
==============================================================================

==============================================================================
SYSTEM INFORMATION
==============================================================================
Server IP | 172.29.61.136
Hostname | ip-172-29-61-136
Current User | root
Working Directory | /usr/bin
Time Zone | UTC

==============================================================================
STORAGE CHECK | /data mounts
==============================================================================
Filesystem | Size | Used | Avail | Use% | Mounted on
/dev/nvme1n1p2 | 177.0G | 27.8G | 140.2G | 15% | /data
fs-73269f3b.efs.us-east-1.amazonaws.com:/ | 0B | 918.9G | 0B | 0% | /data2

==============================================================================
SYMLINK CHECK | root (/)
==============================================================================
Symlinks Total | 4
Symlinks Valid | 4
Symlinks Invalid | 0
Symlink | ResolvedTarget
/bin | /usr/bin
/lib | /usr/lib
/lib64 | /usr/lib64
/sbin | /usr/sbin

==============================================================================
NFS CHECK
==============================================================================
NFS Package Installed | Yes
nfs-server.service Active | No
nfs-client.target Active | Yes
/etc/exports Present | Yes
EXPORTS_LINE | (empty)
NFS_MOUNT | Device | MountPoint | FSType
NFS_MOUNT | fs-73269f3b.efs.us-east-1.amazonaws.com:/ | /data2 | nfs4

==============================================================================
CUPS CHECK
==============================================================================
CUPS Installed | Yes
CUPS Running | Yes
CUPS Version | 1.7.5
CUPS IP URL (http://172.29.61.136:631) | 200
Cups server Http Status | 200
Cups printers Http Status | 200
Printers Configured | 90

==============================================================================
FTP CHECK
==============================================================================
FTP Installed | No
FTP Running (Port 21 localhost) | No
FTP Port 21 Reachable on 172.29.61.136 | No
FTP Processes | None

==============================================================================
JAVA CHECK
==============================================================================
Total Java Processes | 2
Batch/Daemon Java Processes | 0
Non-Standalone Java Processes | Not Found

==============================================================================
BATCH/DAEMON JAVA DETAILS
==============================================================================
Batch/Daemon Java Processes | 0
Batch/Daemon Java Details | None

==============================================================================
JBOSS/WILDFLY APPS (simple table)
==============================================================================
JBoss App Processes | 2
PID | AppName | JbossVersion | Java-Name | Port | URL | Status | Code | SSL-Status | App-Path
3074 | upsapacprod | jboss62eap | apacprd_jboss | 80 | 172.29.61.136:80 | UP | 200 | Disabled | /data/app/jboss62eap/softeon/upsapacprod/standalone
3094 | upsapacrfprod | jboss62eap | apacrfprd_jboss | 8080 | 172.29.61.136:8080 | UP | 200 | Disabled | /data/app/jboss62eap/softeon/upsapacrfprod/standalone

==============================================================================
HEALTH MONITOR CRONTAB STATUS
==============================================================================
Health Monitor Crontab | Disabled

==============================================================================
Server Availability Check Completed | 2026-07-19 04:32:05.948996
==============================================================================

2026-07-19 00:32:35,461 - 362965 - ERROR - app_validation.py errors for i-07d53feec41e476f3:

2026-07-19 00:32:35,519 - 362965 - INFO - i-07d53feec41e476f3: Cron was not active - skipping enable
2026-07-19 00:32:35,588 - 362965 - INFO - Email sent successfully to ['kishlayk@softeon.com', 'CloudOps@softeon.com']
2026-07-19 00:32:35,588 - 362965 - INFO - GREEN re-validation mail sent for i-07d53feec41e476f3
