2026-04-05 00:05:02,433 - 113664 - INFO - Logger setup has been removed, using shared logger from common.logs.logger.
2026-04-05 00:05:02,433 - 113664 - INFO - Script Start Time: 2026-04-05 00:05:02
2026-04-05 00:05:02,698 - 113664 - INFO - Instance(s) selected for Patching: {'i-0f5e35841da4f058d': '10.225.12.16'}
2026-04-05 00:05:02,771 - 113664 - INFO - Email sent successfully to ['a80af5b5.softeon.com@in.teams.ms', 'CloudOps@softeon.com']
2026-04-05 00:05:02,771 - 113664 - INFO - Now patching instances at: 2026-04-05 00:05:02
2026-04-05 00:05:02,857 - 113664 - INFO - Sending patch command to instance i-0f5e35841da4f058d
2026-04-05 00:05:03,225 - 113664 - INFO - Command sent successfully to instance i-0f5e35841da4f058d. Command ID: ffdc1090-d8a1-4269-81aa-6f13f2a8373e
2026-04-05 00:08:04,717 - 113664 - INFO - All patches applied successfully.
2026-04-05 00:08:04,717 - 113664 - INFO - Patching end time: 2026-04-05 00:08:04
2026-04-05 00:08:04,718 - 113664 - INFO - Patch Elapsed time: 0:03:01.946057
2026-04-05 00:08:04,791 - 113664 - INFO - Email sent successfully to ['a80af5b5.softeon.com@in.teams.ms', 'CloudOps@softeon.com']
2026-04-05 00:08:04,791 - 113664 - INFO - Confirmed - services are stopped
2026-04-05 00:08:07,504 - 113664 - INFO - Discovered TG map: {'i-0f5e35841da4f058d': ['arn:aws:elasticloadbalancing:us-west-1:835314132208:targetgroup/Hensley-RAS-Mobility-UAT/378cdf8ac9cc2f79', 'arn:aws:elasticloadbalancing:us-west-1:835314132208:targetgroup/Hensley-RAS-UAT-WS/9616d692fdc3638f', 'arn:aws:elasticloadbalancing:us-west-1:835314132208:targetgroup/Hensley-UAT-WS/6faf33f1f6d8456e', 'arn:aws:elasticloadbalancing:us-west-1:835314132208:targetgroup/Hensley-WMSFlexTest-ALB/ea27568559905cd7', 'arn:aws:elasticloadbalancing:us-west-1:835314132208:targetgroup/HensleyTest-ALB/9f97aa502a425322']}
2026-04-05 00:08:08,261 - 113664 - INFO - Sent app_validation.py to i-0f5e35841da4f058d (command_id: 5fb9be57-e0b0-4ac4-80a2-eb2e54dd0d76)
2026-04-05 00:08:38,407 - 113664 - INFO - app_validation.py output for i-0f5e35841da4f058d:

==============================================================================
Server Availability Check Started | 2026-04-04 21:08:08.493157
==============================================================================

==============================================================================
SYSTEM INFORMATION
==============================================================================
Server IP | 10.225.12.16
Hostname | ip-10-225-12-16.us-west-1.compute.internal
Current User | root
Working Directory | /usr/bin
Time Zone | MST

==============================================================================
STORAGE CHECK | /data mounts
==============================================================================
Filesystem | Size | Used | Avail | Use% | Mounted on
/dev/nvme1n1p2 | 129.9G | 90.2G | 39.8G | 69% | /data

==============================================================================
SYMLINK CHECK | root (/)
==============================================================================
Symlinks Total | 5
Symlinks Valid | 5
Symlinks Invalid | 0
Symlink | ResolvedTarget
/bin | /usr/bin
/data2 | /data/data2
/lib | /usr/lib
/lib64 | /usr/lib64
/sbin | /usr/sbin

==============================================================================
NFS CHECK
==============================================================================
NFS Package Installed | Yes
nfs-server.service Active | No
nfs-client.target Active | Yes
/etc/exports Present | Yes
EXPORTS_LINE | (empty)
NFS Mounted Shares | None

==============================================================================
CUPS CHECK
==============================================================================
CUPS Installed | Yes
CUPS Running | Yes
CUPS Version | 1.7.5
CUPS IP URL (http://10.225.12.16:631) | 200
Cups server Http Status | 200
Cups printers Http Status | 200
Printers Configured | 72

==============================================================================
FTP CHECK
==============================================================================
FTP Installed | Yes
FTP Running (Port 21 localhost) | Yes
FTP Port 21 Reachable on 10.225.12.16 | Yes
FTP_PROCESS | PID | User | Proc
FTP_PROCESS | 2410 | root | /usr/sbin/vsftpd

==============================================================================
JAVA CHECK
==============================================================================
Total Java Processes | 25
Batch/Daemon Java Processes | 5
Non-Standalone Java Processes | hensely_wmsflextestvoicedaemon, hensely_wmsflextestproductivityprocess, hensely_wmsflextestschedulerdaemon, hensely_wmsflextestlabeldaemon, hensely_wmsflextestuploaddaemon

==============================================================================
BATCH/DAEMON JAVA DETAILS
==============================================================================
Batch/Daemon Java Processes | 5
Java-Name | Java-Path
hensely_wmsflextestvoicedaemon | /data/app/java/jdk1.7.0_80/bin/hensely_wmsflextestvoicedaemon
hensely_wmsflextestproductivityprocess | /data/app/java/jdk1.7.0_80/bin/hensely_wmsflextestproductivityprocess
hensely_wmsflextestschedulerdaemon | /data/app/java/jdk1.7.0_80/bin/hensely_wmsflextestschedulerdaemon
hensely_wmsflextestlabeldaemon | /data/app/java/jdk1.7.0_80/bin/hensely_wmsflextestlabeldaemon
hensely_wmsflextestuploaddaemon | /data/app/java/jdk1.7.0_80/bin/hensely_wmsflextestuploaddaemon

==============================================================================
JBOSS/WILDFLY APPS (simple table)
==============================================================================
JBoss App Processes | 4
PID | AppName | JbossVersion | Java-Name | Port | URL | Status | Code | SSL-Status | App-Path
2345 | portal62 | jboss72 | hensleyportal_jboss | 8082 | 10.225.12.16:8082 | UP | 200 | Disabled | /data/app/jboss72/hensleyportal/portal62/standalone
3681447 | rasflexuat | jboss72 | rasflexuat_jboss | 8080 | 10.225.12.16:8080 | UP | 200 | Disabled | /data/app/jboss72/henselyuat/rasflexuat/standalone
6095 | rasportal | jboss72 | rasportal_jboss72 | 8084 | 10.225.12.16:8084 | UP | 200 | Disabled | /data/app/jboss72/henselyuat/rasportal/standalone
2305 | wmsflextest | jboss72 | wmsflextest_jboss | 80 | 10.225.12.16:80 | UP | 200 | Disabled | /data/app/jboss72/henselyuat/wmsflextest/standalone

==============================================================================
Server Availability Check Completed | 2026-04-04 21:08:09.289250
==============================================================================

2026-04-05 00:08:38,407 - 113664 - ERROR - app_validation.py errors for i-0f5e35841da4f058d:

2026-04-05 00:08:38,409 - 113664 - INFO - Before patching validation saved to: output/validation-2026-04-05/10.225.12.16-BeforePatching-2026-04-05-00-08-38-408.log
2026-04-05 00:08:38,409 - 113664 - INFO - Deregistering i-0f5e35841da4f058d from TG arn:aws:elasticloadbalancing:us-west-1:835314132208:targetgroup/Hensley-RAS-Mobility-UAT/378cdf8ac9cc2f79
2026-04-05 00:08:38,727 - 113664 - INFO - Deregistering i-0f5e35841da4f058d from TG arn:aws:elasticloadbalancing:us-west-1:835314132208:targetgroup/Hensley-RAS-UAT-WS/9616d692fdc3638f
2026-04-05 00:08:38,835 - 113664 - INFO - Deregistering i-0f5e35841da4f058d from TG arn:aws:elasticloadbalancing:us-west-1:835314132208:targetgroup/Hensley-UAT-WS/6faf33f1f6d8456e
2026-04-05 00:08:38,946 - 113664 - INFO - Deregistering i-0f5e35841da4f058d from TG arn:aws:elasticloadbalancing:us-west-1:835314132208:targetgroup/Hensley-WMSFlexTest-ALB/ea27568559905cd7
2026-04-05 00:08:39,046 - 113664 - INFO - Deregistering i-0f5e35841da4f058d from TG arn:aws:elasticloadbalancing:us-west-1:835314132208:targetgroup/HensleyTest-ALB/9f97aa502a425322
2026-04-05 00:08:39,150 - 113664 - INFO - Stopping EC2 instance: i-0f5e35841da4f058d at 2026-04-05 00:08:39
2026-04-05 00:11:11,701 - 113664 - INFO - Instance i-0f5e35841da4f058d stopped successfully.
2026-04-05 00:11:11,833 - 113664 - INFO - Stopped i-0f5e35841da4f058d in 0:02:32.682866
2026-04-05 00:11:11,833 - 113664 - INFO - Starting EC2 instance: i-0f5e35841da4f058d
2026-04-05 00:11:27,937 - 113664 - INFO - Instance i-0f5e35841da4f058d started successfully.
2026-04-05 00:11:27,938 - 113664 - INFO - Waiting 100 seconds for SSM agent to be ready on i-0f5e35841da4f058d...
2026-04-05 00:13:07,996 - 113664 - INFO - Registering i-0f5e35841da4f058d to TG arn:aws:elasticloadbalancing:us-west-1:835314132208:targetgroup/Hensley-RAS-Mobility-UAT/378cdf8ac9cc2f79
2026-04-05 00:13:08,410 - 113664 - INFO - Registering i-0f5e35841da4f058d to TG arn:aws:elasticloadbalancing:us-west-1:835314132208:targetgroup/Hensley-RAS-UAT-WS/9616d692fdc3638f
2026-04-05 00:13:08,604 - 113664 - INFO - Registering i-0f5e35841da4f058d to TG arn:aws:elasticloadbalancing:us-west-1:835314132208:targetgroup/Hensley-UAT-WS/6faf33f1f6d8456e
2026-04-05 00:13:08,803 - 113664 - INFO - Registering i-0f5e35841da4f058d to TG arn:aws:elasticloadbalancing:us-west-1:835314132208:targetgroup/Hensley-WMSFlexTest-ALB/ea27568559905cd7
2026-04-05 00:13:09,000 - 113664 - INFO - Registering i-0f5e35841da4f058d to TG arn:aws:elasticloadbalancing:us-west-1:835314132208:targetgroup/HensleyTest-ALB/9f97aa502a425322
2026-04-05 00:16:10,908 - 113664 - INFO - Sent app_validation.py to i-0f5e35841da4f058d (command_id: 3c18a81d-3f17-4997-b84a-f778b51aafe2)
2026-04-05 00:16:41,045 - 113664 - INFO - app_validation.py output for i-0f5e35841da4f058d:

==============================================================================
Server Availability Check Started | 2026-04-04 21:16:11.176170
==============================================================================

==============================================================================
SYSTEM INFORMATION
==============================================================================
Server IP | 10.225.12.16
Hostname | ip-10-225-12-16.us-west-1.compute.internal
Current User | root
Working Directory | /usr/bin
Time Zone | MST

==============================================================================
STORAGE CHECK | /data mounts
==============================================================================
Filesystem | Size | Used | Avail | Use% | Mounted on
/dev/nvme1n1p2 | 129.9G | 90.1G | 39.8G | 69% | /data

==============================================================================
SYMLINK CHECK | root (/)
==============================================================================
Symlinks Total | 5
Symlinks Valid | 5
Symlinks Invalid | 0
Symlink | ResolvedTarget
/bin | /usr/bin
/data2 | /data/data2
/lib | /usr/lib
/lib64 | /usr/lib64
/sbin | /usr/sbin

==============================================================================
NFS CHECK
==============================================================================
NFS Package Installed | Yes
nfs-server.service Active | No
nfs-client.target Active | Yes
/etc/exports Present | Yes
EXPORTS_LINE | (empty)
NFS Mounted Shares | None

==============================================================================
CUPS CHECK
==============================================================================
CUPS Installed | Yes
CUPS Running | Yes
CUPS Version | 1.7.5
CUPS IP URL (http://10.225.12.16:631) | 200
Cups server Http Status | 200
Cups printers Http Status | 200
Printers Configured | 72

==============================================================================
FTP CHECK
==============================================================================
FTP Installed | Yes
FTP Running (Port 21 localhost) | Yes
FTP Port 21 Reachable on 10.225.12.16 | Yes
FTP_PROCESS | PID | User | Proc
FTP_PROCESS | 2393 | root | /usr/sbin/vsftpd

==============================================================================
JAVA CHECK
==============================================================================
Total Java Processes | 22
Batch/Daemon Java Processes | 4
Non-Standalone Java Processes | hensely_wmsflextestlabeldaemon, hensely_wmsflextestschedulerdaemon, hensely_wmsflextestuploaddaemon, hensely_wmsflextestvoicedaemon

==============================================================================
BATCH/DAEMON JAVA DETAILS
==============================================================================
Batch/Daemon Java Processes | 4
Java-Name | Java-Path
hensely_wmsflextestlabeldaemon | /data/app/java/jdk1.7.0_80/bin/hensely_wmsflextestlabeldaemon
hensely_wmsflextestschedulerdaemon | /data/app/java/jdk1.7.0_80/bin/hensely_wmsflextestschedulerdaemon
hensely_wmsflextestuploaddaemon | /data/app/java/jdk1.7.0_80/bin/hensely_wmsflextestuploaddaemon
hensely_wmsflextestvoicedaemon | /data/app/java/jdk1.7.0_80/bin/hensely_wmsflextestvoicedaemon

==============================================================================
JBOSS/WILDFLY APPS (simple table)
==============================================================================
JBoss App Processes | 4
PID | AppName | JbossVersion | Java-Name | Port | URL | Status | Code | SSL-Status | App-Path
2309 | portal62 | jboss72 | hensleyportal_jboss | 8082 | 10.225.12.16:8082 | UP | 200 | Disabled | /data/app/jboss72/hensleyportal/portal62/standalone
2359 | rasflexuat | jboss72 | rasflexuat_jboss | 8080 | 10.225.12.16:8080 | UP | 200 | Disabled | /data/app/jboss72/henselyuat/rasflexuat/standalone
2519 | rasportal | jboss72 | rasportal_jboss72 | 8084 | 10.225.12.16:8084 | UP | 200 | Disabled | /data/app/jboss72/henselyuat/rasportal/standalone
2317 | wmsflextest | jboss72 | wmsflextest_jboss | 80 | 10.225.12.16:80 | UP | 200 | Disabled | /data/app/jboss72/henselyuat/wmsflextest/standalone

==============================================================================
Server Availability Check Completed | 2026-04-04 21:16:16.097748
==============================================================================

2026-04-05 00:16:41,045 - 113664 - ERROR - app_validation.py errors for i-0f5e35841da4f058d:

2026-04-05 00:16:41,047 - 113664 - INFO - After patching validation saved to: output/validation-2026-04-05/10.225.12.16-AfterPatching-2026-04-05-00-16-41-047.log
2026-04-05 00:16:41,099 - 113664 - INFO - Validation comparison report generated: output/validation-2026-04-05/10.225.12.16-Validation-details-2026-04-05-00-16-41-047.html
2026-04-05 00:16:41,183 - 113664 - INFO - Email sent successfully to ['CloudOps@softeon.com', 'kishlayk@softeon.com']
2026-04-05 00:16:41,183 - 113664 - INFO - HTML validation report email sent for i-0f5e35841da4f058d
2026-04-05 00:16:41,333 - 113664 - INFO - Started i-0f5e35841da4f058d in 0:05:29.499207
2026-04-05 00:16:41,333 - 113664 - INFO - All instances processed.
2026-04-05 00:16:41,336 - 113664 - INFO - Restart Total time: 0:08:36.412097
2026-04-05 00:16:41,337 - 113664 - INFO - Auto-confirmed services are restarted
2026-04-05 00:16:41,337 - 113664 - INFO - Confirmed - services are started
2026-04-05 00:16:41,452 - 113664 - INFO - The following instances have failed the patch: []
2026-04-05 00:16:41,453 - 113664 - INFO - No instances have failed the patch.
2026-04-05 00:16:41,453 - 113664 - INFO - Total Patch Process time: 0:11:39.018578
2026-04-05 00:17:41,969 - 113664 - INFO - Log file ./logs/patching_2026-04-05_Hensley-uat-Q2-26.log uploaded to s3://q2-2026-aws-security-patching/Hensley-uat-Q2-26_Patch/2026-04-05/patching_2026-04-05_Hensley-uat-Q2-26.log
