2026-06-07 00:10:02,441 - 2270544 - INFO - Logger setup has been removed, using shared logger from common.logs.logger.
2026-06-07 00:10:02,442 - 2270544 - INFO - Script Start Time: 2026-06-07 00:10:02
2026-06-07 00:10:02,814 - 2270544 - INFO - Instance(s) selected for Patching: {'i-0a94dd5ceb7f45380': '172.30.150.7', 'i-01eaa898efc6facdc': '172.30.150.53'}
2026-06-07 00:10:02,937 - 2270544 - INFO - Email sent successfully to ['kishlayk@softeon.com', 'CloudOps@softeon.com']
2026-06-07 00:10:02,937 - 2270544 - INFO - Now patching instances at: 2026-06-07 00:10:02
2026-06-07 00:10:03,279 - 2270544 - INFO - Sent app_validation.py to i-01eaa898efc6facdc (command_id: 34252785-8c71-41df-9d2a-a0e85f05c74c)
2026-06-07 00:10:33,347 - 2270544 - INFO - app_validation.py output for i-01eaa898efc6facdc:

==============================================================================
Server Availability Check Started | 2026-06-07 04:10:03.583067
==============================================================================

==============================================================================
SYSTEM INFORMATION
==============================================================================
Server IP | 172.30.150.53
Hostname | ip-172-30-150-53.us-east-2.compute.internal
Current User | root
Working Directory | /usr/bin
Time Zone | UTC

==============================================================================
STORAGE CHECK | /data mounts
==============================================================================
Filesystem | Size | Used | Avail | Use% | Mounted on
/dev/mapper/vg01-lv02 | 239.9G | 55.9G | 184.0G | 23% | /data
fs-0a910d932cde831e3.efs.us-east-2.amazonaws.com:/ | 0B | 83.7G | 0B | 0% | /data2

==============================================================================
SYMLINK CHECK | root (/)
==============================================================================
Symlinks Total | 4
Symlinks Valid | 4
Symlinks Invalid | 0
Symlink | ResolvedTarget
/bin | /usr/bin
/lib | /usr/lib
/lib64 | /usr/lib64
/sbin | /usr/sbin

==============================================================================
NFS CHECK
==============================================================================
NFS Package Installed | Yes
nfs-server.service Active | No
nfs-client.target Active | Yes
/etc/exports Present | Yes
EXPORTS_LINE | (empty)
NFS_MOUNT | Device | MountPoint | FSType
NFS_MOUNT | fs-0a910d932cde831e3.efs.us-east-2.amazonaws.com:/ | /data2 | nfs4

==============================================================================
CUPS CHECK
==============================================================================
CUPS Installed | Yes
CUPS Running | Yes
CUPS Version | 1.7.5
CUPS IP URL (http://172.30.150.53:631) | 200
Cups server Http Status | 200
Cups printers Http Status | 200
Printers Configured | 97

==============================================================================
FTP CHECK
==============================================================================
FTP Installed | No
FTP Running (Port 21 localhost) | No
FTP Port 21 Reachable on 172.30.150.53 | No
FTP Processes | None

==============================================================================
JAVA CHECK
==============================================================================
Total Java Processes | 3
Batch/Daemon Java Processes | 0
Non-Standalone Java Processes | Not Found

==============================================================================
BATCH/DAEMON JAVA DETAILS
==============================================================================
Batch/Daemon Java Processes | 0
Batch/Daemon Java Details | None

==============================================================================
JBOSS/WILDFLY APPS (simple table)
==============================================================================
JBoss App Processes | 3
PID | AppName | JbossVersion | Java-Name | Port | URL | Status | Code | SSL-Status | App-Path
3848306 | jasprod | jboss730eap | jasprd_jb730eap | 8080 | 172.30.150.53:8080 | UP | 200 | Disabled | /data/app/jboss730eap/softeon/jasprod/standalone
3848495 | jasrfprod | jboss730eap | jasrfprd_jb730e | 8081 | 172.30.150.53:8081 | UP | 200 | Disabled | /data/app/jboss730eap/softeon/jasrfprod/standalone
3848676 | jaswsprod | jboss730eap | jaswsprd_jb730e | 8082 | 172.30.150.53:8082 | UP | 200 | Disabled | /data/app/jboss730eap/softeon/jaswsprod/standalone

==============================================================================
Server Availability Check Completed | 2026-06-07 04:10:04.285350
==============================================================================

2026-06-07 00:10:33,347 - 2270544 - ERROR - app_validation.py errors for i-01eaa898efc6facdc:

2026-06-07 00:10:33,349 - 2270544 - INFO - Before patching log saved: /data/patching_report/validation-2026-06-07/jas-prod-app/172.30.150.53/172.30.150.53-BeforePatching-2026-06-07-00-10-33-348.log
2026-06-07 00:10:33,583 - 2270544 - INFO - Sent app_validation.py to i-0a94dd5ceb7f45380 (command_id: 191eac93-0594-461e-860e-92f4761ee0e5)
2026-06-07 00:11:03,720 - 2270544 - INFO - app_validation.py output for i-0a94dd5ceb7f45380:

==============================================================================
Server Availability Check Started | 2026-06-07 04:10:33.922772
==============================================================================

==============================================================================
SYSTEM INFORMATION
==============================================================================
Server IP | 172.30.150.7
Hostname | ip-172-30-150-7.us-east-2.compute.internal
Current User | root
Working Directory | /usr/bin
Time Zone | UTC

==============================================================================
STORAGE CHECK | /data mounts
==============================================================================
Filesystem | Size | Used | Avail | Use% | Mounted on
/dev/mapper/vg01-lv02 | 239.9G | 53.4G | 186.5G | 22% | /data
fs-0a910d932cde831e3.efs.us-east-2.amazonaws.com:/ | 0B | 83.7G | 0B | 0% | /data2

==============================================================================
SYMLINK CHECK | root (/)
==============================================================================
Symlinks Total | 4
Symlinks Valid | 4
Symlinks Invalid | 0
Symlink | ResolvedTarget
/bin | /usr/bin
/lib | /usr/lib
/lib64 | /usr/lib64
/sbin | /usr/sbin

==============================================================================
NFS CHECK
==============================================================================
NFS Package Installed | Yes
nfs-server.service Active | No
nfs-client.target Active | Yes
/etc/exports Present | Yes
EXPORTS_LINE | (empty)
NFS_MOUNT | Device | MountPoint | FSType
NFS_MOUNT | fs-0a910d932cde831e3.efs.us-east-2.amazonaws.com:/ | /data2 | nfs4

==============================================================================
CUPS CHECK
==============================================================================
CUPS Installed | Yes
CUPS Running | Yes
CUPS Version | 1.7.5
CUPS IP URL (http://172.30.150.7:631) | 200
Cups server Http Status | 200
Cups printers Http Status | 200
Printers Configured | 97

==============================================================================
FTP CHECK
==============================================================================
FTP Installed | No
FTP Running (Port 21 localhost) | No
FTP Port 21 Reachable on 172.30.150.7 | No
FTP Processes | None

==============================================================================
JAVA CHECK
==============================================================================
Total Java Processes | 3
Batch/Daemon Java Processes | 0
Non-Standalone Java Processes | Not Found

==============================================================================
BATCH/DAEMON JAVA DETAILS
==============================================================================
Batch/Daemon Java Processes | 0
Batch/Daemon Java Details | None

==============================================================================
JBOSS/WILDFLY APPS (simple table)
==============================================================================
JBoss App Processes | 3
PID | AppName | JbossVersion | Java-Name | Port | URL | Status | Code | SSL-Status | App-Path
3795718 | jasprod | jboss730eap | jasprd_jb730eap | 8080 | 172.30.150.7:8080 | UP | 200 | Disabled | /data/app/jboss730eap/softeon/jasprod/standalone
3797492 | jasrfprod | jboss730eap | jasrfprd_jb730e | 8081 | 172.30.150.7:8081 | UP | 200 | Disabled | /data/app/jboss730eap/softeon/jasrfprod/standalone
3787518 | jaswsprod | jboss730eap | jaswsprd_jb730e | 8082 | 172.30.150.7:8082 | UP | 200 | Disabled | /data/app/jboss730eap/softeon/jaswsprod/standalone

==============================================================================
Server Availability Check Completed | 2026-06-07 04:10:34.818003
==============================================================================

2026-06-07 00:11:03,720 - 2270544 - ERROR - app_validation.py errors for i-0a94dd5ceb7f45380:

2026-06-07 00:11:03,722 - 2270544 - INFO - Before patching log saved: /data/patching_report/validation-2026-06-07/jas-prod-app/172.30.150.7/172.30.150.7-BeforePatching-2026-06-07-00-11-03-721.log
2026-06-07 00:11:03,878 - 2270544 - INFO - Sending patch command to instance i-01eaa898efc6facdc
2026-06-07 00:11:04,042 - 2270544 - INFO - Command sent successfully to instance i-01eaa898efc6facdc. Command ID: 215beb9c-8886-4daf-88ba-a0cfdedfaac2
2026-06-07 00:11:04,197 - 2270544 - INFO - Sending patch command to instance i-0a94dd5ceb7f45380
2026-06-07 00:11:04,306 - 2270544 - INFO - Command sent successfully to instance i-0a94dd5ceb7f45380. Command ID: a14c1a6d-f2bd-454e-8778-8e20ad23a5ac
2026-06-07 00:22:07,016 - 2270544 - INFO - All patches applied successfully.
2026-06-07 00:22:07,016 - 2270544 - INFO - Patching end time: 2026-06-07 00:22:07
2026-06-07 00:22:07,017 - 2270544 - INFO - Patch Elapsed time: 0:12:04.079556
2026-06-07 00:22:07,079 - 2270544 - INFO - Email sent successfully to ['kishlayk@softeon.com', 'CloudOps@softeon.com']
2026-06-07 00:22:07,079 - 2270544 - INFO - Confirmed - services are stopped
2026-06-07 00:22:14,079 - 2270544 - INFO - Discovered TG map: {'i-01eaa898efc6facdc': ['arn:aws:elasticloadbalancing:us-east-2:835314132208:targetgroup/JAS-Prod-Desktop/75fc2639b3320836', 'arn:aws:elasticloadbalancing:us-east-2:835314132208:targetgroup/JAS-Prod-RF/d41076384873dd44', 'arn:aws:elasticloadbalancing:us-east-2:835314132208:targetgroup/JAS-Prod-WS/0550815f71db3c5a'], 'i-0a94dd5ceb7f45380': ['arn:aws:elasticloadbalancing:us-east-2:835314132208:targetgroup/JAS-Prod-Desktop/75fc2639b3320836', 'arn:aws:elasticloadbalancing:us-east-2:835314132208:targetgroup/JAS-Prod-RF/d41076384873dd44', 'arn:aws:elasticloadbalancing:us-east-2:835314132208:targetgroup/JAS-Prod-WS/0550815f71db3c5a']}
2026-06-07 00:22:14,258 - 2270544 - INFO - Deregistering i-01eaa898efc6facdc from TG arn:aws:elasticloadbalancing:us-east-2:835314132208:targetgroup/JAS-Prod-Desktop/75fc2639b3320836
2026-06-07 00:22:14,363 - 2270544 - INFO - Deregistering i-01eaa898efc6facdc from TG arn:aws:elasticloadbalancing:us-east-2:835314132208:targetgroup/JAS-Prod-RF/d41076384873dd44
2026-06-07 00:22:14,416 - 2270544 - INFO - Deregistering i-01eaa898efc6facdc from TG arn:aws:elasticloadbalancing:us-east-2:835314132208:targetgroup/JAS-Prod-WS/0550815f71db3c5a
2026-06-07 00:22:14,471 - 2270544 - INFO - Stopping EC2 instance: i-01eaa898efc6facdc at 2026-06-07 00:22:14
2026-06-07 00:23:45,861 - 2270544 - INFO - Instance i-01eaa898efc6facdc stopped successfully.
2026-06-07 00:23:46,117 - 2270544 - INFO - Stopped i-01eaa898efc6facdc in 0:01:31.646447
2026-06-07 00:23:46,118 - 2270544 - INFO - Starting EC2 instance: i-01eaa898efc6facdc
2026-06-07 00:24:02,125 - 2270544 - INFO - Instance i-01eaa898efc6facdc started successfully.
2026-06-07 00:24:02,125 - 2270544 - INFO - Waiting 100 seconds for SSM agent to be ready on i-01eaa898efc6facdc...
2026-06-07 00:25:42,141 - 2270544 - INFO - Registering i-01eaa898efc6facdc to TG arn:aws:elasticloadbalancing:us-east-2:835314132208:targetgroup/JAS-Prod-Desktop/75fc2639b3320836
2026-06-07 00:25:42,402 - 2270544 - INFO - Registering i-01eaa898efc6facdc to TG arn:aws:elasticloadbalancing:us-east-2:835314132208:targetgroup/JAS-Prod-RF/d41076384873dd44
2026-06-07 00:25:42,535 - 2270544 - INFO - Registering i-01eaa898efc6facdc to TG arn:aws:elasticloadbalancing:us-east-2:835314132208:targetgroup/JAS-Prod-WS/0550815f71db3c5a
2026-06-07 00:28:13,445 - 2270544 - INFO - Sent app_validation.py to i-01eaa898efc6facdc (command_id: b4ae2c77-ef5a-4929-b3b0-08e54a6a1c1f)
2026-06-07 00:28:43,573 - 2270544 - INFO - app_validation.py output for i-01eaa898efc6facdc:

==============================================================================
Server Availability Check Started | 2026-06-07 04:28:13.686599
==============================================================================

==============================================================================
SYSTEM INFORMATION
==============================================================================
Server IP | 172.30.150.53
Hostname | ip-172-30-150-53.us-east-2.compute.internal
Current User | root
Working Directory | /usr/bin
Time Zone | UTC

==============================================================================
STORAGE CHECK | /data mounts
==============================================================================
Filesystem | Size | Used | Avail | Use% | Mounted on
/dev/mapper/vg01-lv02 | 239.9G | 55.7G | 184.2G | 23% | /data
fs-0a910d932cde831e3.efs.us-east-2.amazonaws.com:/ | 0B | 83.7G | 0B | 0% | /data2

==============================================================================
SYMLINK CHECK | root (/)
==============================================================================
Symlinks Total | 4
Symlinks Valid | 4
Symlinks Invalid | 0
Symlink | ResolvedTarget
/bin | /usr/bin
/lib | /usr/lib
/lib64 | /usr/lib64
/sbin | /usr/sbin

==============================================================================
NFS CHECK
==============================================================================
NFS Package Installed | Yes
nfs-server.service Active | No
nfs-client.target Active | Yes
/etc/exports Present | Yes
EXPORTS_LINE | (empty)
NFS_MOUNT | Device | MountPoint | FSType
NFS_MOUNT | fs-0a910d932cde831e3.efs.us-east-2.amazonaws.com:/ | /data2 | nfs4

==============================================================================
CUPS CHECK
==============================================================================
CUPS Installed | Yes
CUPS Running | No
CUPS Version | 1.7.5
CUPS IP Port 631 Reachable | No
Cups server Http Status | Not Found
Cups printers Http Status | Not Found
Printers Configured | 0

==============================================================================
FTP CHECK
==============================================================================
FTP Installed | No
FTP Running (Port 21 localhost) | No
FTP Port 21 Reachable on 172.30.150.53 | No
FTP Processes | None

==============================================================================
JAVA CHECK
==============================================================================
Total Java Processes | 3
Batch/Daemon Java Processes | 0
Non-Standalone Java Processes | Not Found

==============================================================================
BATCH/DAEMON JAVA DETAILS
==============================================================================
Batch/Daemon Java Processes | 0
Batch/Daemon Java Details | None

==============================================================================
JBOSS/WILDFLY APPS (simple table)
==============================================================================
JBoss App Processes | 3
PID | AppName | JbossVersion | Java-Name | Port | URL | Status | Code | SSL-Status | App-Path
3155 | jasprod | jboss730eap | jasprd_jb730eap | 8080 | 172.30.150.53:8080 | UP | 200 | Disabled | /data/app/jboss730eap/softeon/jasprod/standalone
3201 | jasrfprod | jboss730eap | jasrfprd_jb730e | 8081 | 172.30.150.53:8081 | UP | 200 | Disabled | /data/app/jboss730eap/softeon/jasrfprod/standalone
3165 | jaswsprod | jboss730eap | jaswsprd_jb730e | 8082 | 172.30.150.53:8082 | UP | 200 | Disabled | /data/app/jboss730eap/softeon/jaswsprod/standalone

==============================================================================
Server Availability Check Completed | 2026-06-07 04:28:20.779870
==============================================================================

2026-06-07 00:28:43,573 - 2270544 - ERROR - app_validation.py errors for i-01eaa898efc6facdc:

2026-06-07 00:28:43,575 - 2270544 - INFO - After patching validation saved to: /data/patching_report/validation-2026-06-07/jas-prod-app/172.30.150.53/172.30.150.53-AfterPatching-2026-06-07-00-28-43-575.log
2026-06-07 00:28:43,625 - 2270544 - INFO - Validation comparison report generated: /data/patching_report/validation-2026-06-07/jas-prod-app/172.30.150.53/172.30.150.53-Validation-details-2026-06-07-00-28-43-575.html
2026-06-07 00:28:43,906 - 2270544 - INFO - Email sent successfully to ['kishlayk@softeon.com', 'CloudOps@softeon.com']
2026-06-07 00:28:43,906 - 2270544 - INFO - HTML validation report email sent for i-01eaa898efc6facdc
2026-06-07 00:28:44,153 - 2270544 - INFO - Started i-01eaa898efc6facdc in 0:04:58.035553
2026-06-07 00:28:44,154 - 2270544 - INFO - Waiting 120 seconds before proceeding to the next instance...
2026-06-07 00:30:44,202 - 2270544 - INFO - Deregistering i-0a94dd5ceb7f45380 from TG arn:aws:elasticloadbalancing:us-east-2:835314132208:targetgroup/JAS-Prod-Desktop/75fc2639b3320836
2026-06-07 00:30:44,311 - 2270544 - INFO - Deregistering i-0a94dd5ceb7f45380 from TG arn:aws:elasticloadbalancing:us-east-2:835314132208:targetgroup/JAS-Prod-RF/d41076384873dd44
2026-06-07 00:30:44,367 - 2270544 - INFO - Deregistering i-0a94dd5ceb7f45380 from TG arn:aws:elasticloadbalancing:us-east-2:835314132208:targetgroup/JAS-Prod-WS/0550815f71db3c5a
2026-06-07 00:30:44,419 - 2270544 - INFO - Stopping EC2 instance: i-0a94dd5ceb7f45380 at 2026-06-07 00:30:44
2026-06-07 00:32:00,596 - 2270544 - INFO - Instance i-0a94dd5ceb7f45380 stopped successfully.
2026-06-07 00:32:00,880 - 2270544 - INFO - Stopped i-0a94dd5ceb7f45380 in 0:01:16.461197
2026-06-07 00:32:00,880 - 2270544 - INFO - Starting EC2 instance: i-0a94dd5ceb7f45380
2026-06-07 00:32:16,804 - 2270544 - INFO - Instance i-0a94dd5ceb7f45380 started successfully.
2026-06-07 00:32:16,804 - 2270544 - INFO - Waiting 100 seconds for SSM agent to be ready on i-0a94dd5ceb7f45380...
2026-06-07 00:33:56,879 - 2270544 - INFO - Registering i-0a94dd5ceb7f45380 to TG arn:aws:elasticloadbalancing:us-east-2:835314132208:targetgroup/JAS-Prod-Desktop/75fc2639b3320836
2026-06-07 00:33:57,122 - 2270544 - INFO - Registering i-0a94dd5ceb7f45380 to TG arn:aws:elasticloadbalancing:us-east-2:835314132208:targetgroup/JAS-Prod-RF/d41076384873dd44
2026-06-07 00:33:57,255 - 2270544 - INFO - Registering i-0a94dd5ceb7f45380 to TG arn:aws:elasticloadbalancing:us-east-2:835314132208:targetgroup/JAS-Prod-WS/0550815f71db3c5a
2026-06-07 00:36:28,058 - 2270544 - INFO - Sent app_validation.py to i-0a94dd5ceb7f45380 (command_id: 0d23615f-df3d-4cc3-85cc-037c0a219a17)
2026-06-07 00:36:58,246 - 2270544 - INFO - app_validation.py output for i-0a94dd5ceb7f45380:

==============================================================================
Server Availability Check Started | 2026-06-07 04:36:28.416486
==============================================================================

==============================================================================
SYSTEM INFORMATION
==============================================================================
Server IP | 172.30.150.7
Hostname | ip-172-30-150-7.us-east-2.compute.internal
Current User | root
Working Directory | /usr/bin
Time Zone | UTC

==============================================================================
STORAGE CHECK | /data mounts
==============================================================================
Filesystem | Size | Used | Avail | Use% | Mounted on
/dev/mapper/vg01-lv02 | 239.9G | 53.2G | 186.7G | 22% | /data
fs-0a910d932cde831e3.efs.us-east-2.amazonaws.com:/ | 0B | 83.7G | 0B | 0% | /data2

==============================================================================
SYMLINK CHECK | root (/)
==============================================================================
Symlinks Total | 4
Symlinks Valid | 4
Symlinks Invalid | 0
Symlink | ResolvedTarget
/bin | /usr/bin
/lib | /usr/lib
/lib64 | /usr/lib64
/sbin | /usr/sbin

==============================================================================
NFS CHECK
==============================================================================
NFS Package Installed | Yes
nfs-server.service Active | No
nfs-client.target Active | Yes
/etc/exports Present | Yes
EXPORTS_LINE | (empty)
NFS_MOUNT | Device | MountPoint | FSType
NFS_MOUNT | fs-0a910d932cde831e3.efs.us-east-2.amazonaws.com:/ | /data2 | nfs4

==============================================================================
CUPS CHECK
==============================================================================
CUPS Installed | Yes
CUPS Running | No
CUPS Version | 1.7.5
CUPS IP Port 631 Reachable | No
Cups server Http Status | Not Found
Cups printers Http Status | Not Found
Printers Configured | 0

==============================================================================
FTP CHECK
==============================================================================
FTP Installed | No
FTP Running (Port 21 localhost) | No
FTP Port 21 Reachable on 172.30.150.7 | No
FTP Processes | None

==============================================================================
JAVA CHECK
==============================================================================
Total Java Processes | 3
Batch/Daemon Java Processes | 0
Non-Standalone Java Processes | Not Found

==============================================================================
BATCH/DAEMON JAVA DETAILS
==============================================================================
Batch/Daemon Java Processes | 0
Batch/Daemon Java Details | None

==============================================================================
JBOSS/WILDFLY APPS (simple table)
==============================================================================
JBoss App Processes | 3
PID | AppName | JbossVersion | Java-Name | Port | URL | Status | Code | SSL-Status | App-Path
3134 | jasprod | jboss730eap | jasprd_jb730eap | 8080 | 172.30.150.7:8080 | UP | 200 | Disabled | /data/app/jboss730eap/softeon/jasprod/standalone
3201 | jasrfprod | jboss730eap | jasrfprd_jb730e | 8081 | 172.30.150.7:8081 | UP | 200 | Disabled | /data/app/jboss730eap/softeon/jasrfprod/standalone
3130 | jaswsprod | jboss730eap | jaswsprd_jb730e | 8082 | 172.30.150.7:8082 | UP | 200 | Disabled | /data/app/jboss730eap/softeon/jaswsprod/standalone

==============================================================================
Server Availability Check Completed | 2026-06-07 04:36:33.802296
==============================================================================

2026-06-07 00:36:58,246 - 2270544 - ERROR - app_validation.py errors for i-0a94dd5ceb7f45380:

2026-06-07 00:36:58,251 - 2270544 - INFO - After patching validation saved to: /data/patching_report/validation-2026-06-07/jas-prod-app/172.30.150.7/172.30.150.7-AfterPatching-2026-06-07-00-36-58-250.log
2026-06-07 00:36:58,302 - 2270544 - INFO - Validation comparison report generated: /data/patching_report/validation-2026-06-07/jas-prod-app/172.30.150.7/172.30.150.7-Validation-details-2026-06-07-00-36-58-250.html
2026-06-07 00:36:58,639 - 2270544 - INFO - Email sent successfully to ['kishlayk@softeon.com', 'CloudOps@softeon.com']
2026-06-07 00:36:58,639 - 2270544 - INFO - HTML validation report email sent for i-0a94dd5ceb7f45380
2026-06-07 00:36:58,878 - 2270544 - INFO - Started i-0a94dd5ceb7f45380 in 0:04:57.997848
2026-06-07 00:36:58,878 - 2270544 - INFO - All instances processed.
2026-06-07 00:36:58,883 - 2270544 - INFO - Restart Total time: 0:14:51.657978
2026-06-07 00:36:58,883 - 2270544 - INFO - Auto-confirmed services are restarted
2026-06-07 00:36:58,883 - 2270544 - INFO - Confirmed - services are started
2026-06-07 00:36:58,991 - 2270544 - INFO - The following instances have failed the patch: []
2026-06-07 00:36:58,992 - 2270544 - INFO - No instances have failed the patch.
2026-06-07 00:36:58,992 - 2270544 - INFO - Total Patch Process time: 0:26:56.549852
2026-06-07 00:37:59,421 - 2270544 - INFO - Log file ./logs/patching_2026-06-07_jas-prod-app.log uploaded to s3://q2-2026-aws-security-patching/jas-prod-app_Patch/2026-06-07/patching_2026-06-07_jas-prod-app.log
