2026-07-09 02:00:03,618 - 3999124 - INFO - Logger setup has been removed, using shared logger from common.logs.logger.
2026-07-09 02:00:03,618 - 3999124 - INFO - Script Start Time: 2026-07-09 02:00:03
2026-07-09 02:00:04,172 - 3999124 - INFO - Instance(s) selected for Patching: {'i-07ea91ecdf3c1b4cf': '10.0.10.209'}
2026-07-09 02:00:04,302 - 3999124 - INFO - Email sent successfully to ['CloudOps@softeon.com']
2026-07-09 02:00:04,303 - 3999124 - INFO - Now patching instances at: 2026-07-09 02:00:04
2026-07-09 02:00:09,653 - 3999124 - INFO - i-07ea91ecdf3c1b4cf: Cron was active = False
2026-07-09 02:00:09,654 - 3999124 - INFO - No active cron is found on any instance, skipping disable step.
2026-07-09 02:00:09,839 - 3999124 - INFO - Sent app_validation.py to i-07ea91ecdf3c1b4cf (command_id: 42c8990b-564c-4d7b-8966-ab9b4bbf55c0)
2026-07-09 02:00:39,941 - 3999124 - INFO - app_validation.py output for i-07ea91ecdf3c1b4cf:

==============================================================================
Server Availability Check Started | 2026-07-09 06:00:10.155924
==============================================================================

==============================================================================
SYSTEM INFORMATION
==============================================================================
Server IP | 10.0.10.209
Hostname | ip-10-0-10-209
Current User | root
Working Directory | /usr/bin
Time Zone | UTC

==============================================================================
STORAGE CHECK | /data mounts
==============================================================================
Filesystem | Size | Used | Avail | Use% | Mounted on
/dev/mapper/vg01-lv02 | 89.9G | 62.6G | 27.3G | 69% | /data

==============================================================================
SYMLINK CHECK | root (/)
==============================================================================
Symlinks Total | 4
Symlinks Valid | 4
Symlinks Invalid | 0
Symlink | ResolvedTarget
/bin | /usr/bin
/lib | /usr/lib
/lib64 | /usr/lib64
/sbin | /usr/sbin

==============================================================================
NFS CHECK
==============================================================================
NFS Package Installed | Yes
nfs-server.service Active | No
nfs-client.target Active | Yes
/etc/exports Present | Yes
EXPORTS_LINE | (empty)
NFS Mounted Shares | None

==============================================================================
CUPS CHECK
==============================================================================
CUPS Installed | No
CUPS Running | No
CUPS Version | Not Found
CUPS IP Port 631 Reachable | No
Cups server Http Status | Not Found
Cups printers Http Status | Not Found
Printers Configured | Not Found

==============================================================================
FTP CHECK
==============================================================================
FTP Installed | No
FTP Running (Port 21 localhost) | No
FTP Port 21 Reachable on 10.0.10.209 | No
FTP Processes | None

==============================================================================
JAVA CHECK
==============================================================================
Total Java Processes | 10
Batch/Daemon Java Processes | 10
Non-Standalone Java Processes | addverb_scl_ec, scluat_adverbhsql, slice-scl-addverbuat, scluat_hsqldb, qboid_scl_ec, slice-scl-uat, slice-scl-rrswuat, slice-scl-rrsuat, slice-scl-dswuat, slice-scl-nexcomuat

==============================================================================
BATCH/DAEMON JAVA DETAILS
==============================================================================
Batch/Daemon Java Processes | 10
Java-Name | Java-Path
addverb_scl_ec | /data/app/ec_addverb/attunedlabs/softwares/release
scluat_adverbhsql | /data/app/ec_addverb/attunedlabs/softwares/hsql/data
slice-scl-addverbuat | /data/app/softeon/slice/scl-addverb-uat
scluat_hsqldb | /data/app/qboid_multi/softeon/softwares/hsql/data
qboid_scl_ec | /data/app/qboid_multi/softeon/softwares/release
slice-scl-uat | /data/app/softeon/slice/scl-uat
slice-scl-rrswuat | /data/app/softeon/slice/scl-rrswuat
slice-scl-rrsuat | /data/app/softeon/slice/scl-rrsuat
slice-scl-dswuat | /data/app/softeon/slice/scl-dswuat
slice-scl-nexcomuat | /data/app/softeon/slice/scl-nexcomuat

==============================================================================
JBOSS/WILDFLY APPS (simple table)
==============================================================================
JBoss App Processes | 0
JBoss Apps | None

==============================================================================
Server Availability Check Completed | 2026-07-09 06:00:10.466175
==============================================================================

2026-07-09 02:00:39,941 - 3999124 - ERROR - app_validation.py errors for i-07ea91ecdf3c1b4cf:

2026-07-09 02:00:39,943 - 3999124 - INFO - Before patching log saved: /data/patching_report/validation-2026-07-09/SaddleCreek-EC/10.0.10.209/10.0.10.209-BeforePatching-2026-07-09-02-00-39-942.log
2026-07-09 02:00:40,096 - 3999124 - INFO - Sending patch command to instance i-07ea91ecdf3c1b4cf
2026-07-09 02:00:40,200 - 3999124 - INFO - Command sent successfully to instance i-07ea91ecdf3c1b4cf. Command ID: 1ce15919-e13a-4421-a4f3-b55219062bd4
2026-07-09 02:07:42,071 - 3999124 - INFO - All patches applied successfully.
2026-07-09 02:07:42,071 - 3999124 - INFO - Patching end time: 2026-07-09 02:07:42
2026-07-09 02:07:42,072 - 3999124 - INFO - Patch Elapsed time: 0:07:37.769113
2026-07-09 02:07:42,148 - 3999124 - INFO - Email sent successfully to ['CloudOps@softeon.com']
2026-07-09 02:07:42,148 - 3999124 - INFO - Confirmed - services are stopped
2026-07-09 02:08:02,699 - 3999124 - INFO - Discovered TG map: {'i-07ea91ecdf3c1b4cf': ['arn:aws:elasticloadbalancing:us-east-1:835314132208:targetgroup/SCL-UAT-EC/154a8d037d9dfa8a', 'arn:aws:elasticloadbalancing:us-east-1:835314132208:targetgroup/SCL-UAT-Slice/6ee4de96f48be228', 'arn:aws:elasticloadbalancing:us-east-1:835314132208:targetgroup/SCLDSW-UAT-Slice/a5a24566224a67ac', 'arn:aws:elasticloadbalancing:us-east-1:835314132208:targetgroup/SCL-Addverb-EC-UAT/fe0d34149d2bc917', 'arn:aws:elasticloadbalancing:us-east-1:835314132208:targetgroup/SCL-Addverb-slice-UAT/aeeed69df3a61c99', 'arn:aws:elasticloadbalancing:us-east-1:835314132208:targetgroup/SCL-UAT-EC-Ext/c324fd4d3d48cda7', 'arn:aws:elasticloadbalancing:us-east-1:835314132208:targetgroup/SCLNexcom-UAT-Slice/fb4001d94fbf9728', 'arn:aws:elasticloadbalancing:us-east-1:835314132208:targetgroup/SCLRRS-UAT-Slice/f96c15fecfcec02e', 'arn:aws:elasticloadbalancing:us-east-1:835314132208:targetgroup/SCLRRSW-UAT-Slice/cbb230c376254707']}
2026-07-09 02:08:02,946 - 3999124 - INFO - Deregistering i-07ea91ecdf3c1b4cf from TG arn:aws:elasticloadbalancing:us-east-1:835314132208:targetgroup/SCL-UAT-EC/154a8d037d9dfa8a
2026-07-09 02:08:03,019 - 3999124 - INFO - Deregistering i-07ea91ecdf3c1b4cf from TG arn:aws:elasticloadbalancing:us-east-1:835314132208:targetgroup/SCL-UAT-Slice/6ee4de96f48be228
2026-07-09 02:08:03,069 - 3999124 - INFO - Deregistering i-07ea91ecdf3c1b4cf from TG arn:aws:elasticloadbalancing:us-east-1:835314132208:targetgroup/SCLDSW-UAT-Slice/a5a24566224a67ac
2026-07-09 02:08:03,127 - 3999124 - INFO - Deregistering i-07ea91ecdf3c1b4cf from TG arn:aws:elasticloadbalancing:us-east-1:835314132208:targetgroup/SCL-Addverb-EC-UAT/fe0d34149d2bc917
2026-07-09 02:08:03,179 - 3999124 - INFO - Deregistering i-07ea91ecdf3c1b4cf from TG arn:aws:elasticloadbalancing:us-east-1:835314132208:targetgroup/SCL-Addverb-slice-UAT/aeeed69df3a61c99
2026-07-09 02:08:03,226 - 3999124 - INFO - Deregistering i-07ea91ecdf3c1b4cf from TG arn:aws:elasticloadbalancing:us-east-1:835314132208:targetgroup/SCL-UAT-EC-Ext/c324fd4d3d48cda7
2026-07-09 02:08:03,272 - 3999124 - INFO - Deregistering i-07ea91ecdf3c1b4cf from TG arn:aws:elasticloadbalancing:us-east-1:835314132208:targetgroup/SCLNexcom-UAT-Slice/fb4001d94fbf9728
2026-07-09 02:08:03,314 - 3999124 - INFO - Deregistering i-07ea91ecdf3c1b4cf from TG arn:aws:elasticloadbalancing:us-east-1:835314132208:targetgroup/SCLRRS-UAT-Slice/f96c15fecfcec02e
2026-07-09 02:08:03,362 - 3999124 - INFO - Deregistering i-07ea91ecdf3c1b4cf from TG arn:aws:elasticloadbalancing:us-east-1:835314132208:targetgroup/SCLRRSW-UAT-Slice/cbb230c376254707
2026-07-09 02:08:03,408 - 3999124 - INFO - Stopping EC2 instance: i-07ea91ecdf3c1b4cf at 2026-07-09 02:08:03
2026-07-09 02:09:19,702 - 3999124 - INFO - Instance i-07ea91ecdf3c1b4cf stopped successfully.
2026-07-09 02:09:19,963 - 3999124 - INFO - Stopped i-07ea91ecdf3c1b4cf in 0:01:16.554787
2026-07-09 02:09:19,963 - 3999124 - INFO - Starting EC2 instance: i-07ea91ecdf3c1b4cf
2026-07-09 02:09:35,906 - 3999124 - INFO - Instance i-07ea91ecdf3c1b4cf started successfully.
2026-07-09 02:09:35,906 - 3999124 - INFO - Waiting 100 seconds for SSM agent to be ready on i-07ea91ecdf3c1b4cf...
2026-07-09 02:11:16,001 - 3999124 - INFO - Registering i-07ea91ecdf3c1b4cf to TG arn:aws:elasticloadbalancing:us-east-1:835314132208:targetgroup/SCL-UAT-EC/154a8d037d9dfa8a
2026-07-09 02:11:16,203 - 3999124 - INFO - Registering i-07ea91ecdf3c1b4cf to TG arn:aws:elasticloadbalancing:us-east-1:835314132208:targetgroup/SCL-UAT-Slice/6ee4de96f48be228
2026-07-09 02:11:16,342 - 3999124 - INFO - Registering i-07ea91ecdf3c1b4cf to TG arn:aws:elasticloadbalancing:us-east-1:835314132208:targetgroup/SCLDSW-UAT-Slice/a5a24566224a67ac
2026-07-09 02:11:16,468 - 3999124 - INFO - Registering i-07ea91ecdf3c1b4cf to TG arn:aws:elasticloadbalancing:us-east-1:835314132208:targetgroup/SCL-Addverb-EC-UAT/fe0d34149d2bc917
2026-07-09 02:11:16,592 - 3999124 - INFO - Registering i-07ea91ecdf3c1b4cf to TG arn:aws:elasticloadbalancing:us-east-1:835314132208:targetgroup/SCL-Addverb-slice-UAT/aeeed69df3a61c99
2026-07-09 02:11:16,726 - 3999124 - INFO - Registering i-07ea91ecdf3c1b4cf to TG arn:aws:elasticloadbalancing:us-east-1:835314132208:targetgroup/SCL-UAT-EC-Ext/c324fd4d3d48cda7
2026-07-09 02:11:16,866 - 3999124 - INFO - Registering i-07ea91ecdf3c1b4cf to TG arn:aws:elasticloadbalancing:us-east-1:835314132208:targetgroup/SCLNexcom-UAT-Slice/fb4001d94fbf9728
2026-07-09 02:11:17,002 - 3999124 - INFO - Registering i-07ea91ecdf3c1b4cf to TG arn:aws:elasticloadbalancing:us-east-1:835314132208:targetgroup/SCLRRS-UAT-Slice/f96c15fecfcec02e
2026-07-09 02:11:17,139 - 3999124 - INFO - Registering i-07ea91ecdf3c1b4cf to TG arn:aws:elasticloadbalancing:us-east-1:835314132208:targetgroup/SCLRRSW-UAT-Slice/cbb230c376254707
2026-07-09 02:19:48,438 - 3999124 - WARNING - i-07ea91ecdf3c1b4cf not healthy in arn:aws:elasticloadbalancing:us-east-1:835314132208:targetgroup/SCLDSW-UAT-Slice/a5a24566224a67ac after timeout.
2026-07-09 02:19:48,769 - 3999124 - INFO - Email sent successfully to ['kishlayk@softeon.com', 'CloudOps@softeon.com']
2026-07-09 02:19:48,769 - 3999124 - ERROR - Aborting workflow: i-07ea91ecdf3c1b4cf is not healthy after restart.
2026-07-09 02:19:48,772 - 3999124 - INFO - Restart Total time: 0:12:06.497133
2026-07-09 02:19:48,772 - 3999124 - INFO - Auto-confirmed services are restarted
2026-07-09 02:19:48,772 - 3999124 - INFO - Confirmed - services are started
2026-07-09 02:19:48,898 - 3999124 - INFO - The following instances have failed the patch: []
2026-07-09 02:19:48,899 - 3999124 - INFO - No instances have failed the patch.
2026-07-09 02:19:48,899 - 3999124 - INFO - Total Patch Process time: 0:19:45.280520
2026-07-09 02:20:49,297 - 3999124 - INFO - Log file ./logs/patching_2026-07-09_SaddleCreek-EC.log uploaded to s3://q3-2026-aws-security-patching/SaddleCreek-EC_Patch/2026-07-09/patching_2026-07-09_SaddleCreek-EC.log
