2026-06-13 00:15:03,013 - 2591371 - INFO - Logger setup has been removed, using shared logger from common.logs.logger.
2026-06-13 00:15:03,013 - 2591371 - INFO - Script Start Time: 2026-06-13 00:15:03
2026-06-13 00:15:03,311 - 2591371 - INFO - Instance(s) selected for Patching: {'i-087b41b657dd18b9d': '172.25.10.104'}
2026-06-13 00:15:03,390 - 2591371 - INFO - Email sent successfully to ['kishlayk@softeon.com', 'CloudOps@softeon.com']
2026-06-13 00:15:03,390 - 2591371 - INFO - Now patching instances at: 2026-06-13 00:15:03
2026-06-13 00:15:03,976 - 2591371 - INFO - Sent app_validation.py to i-087b41b657dd18b9d (command_id: 91c70c98-7a04-4536-a30f-7849b380b214)
2026-06-13 00:15:34,096 - 2591371 - INFO - app_validation.py output for i-087b41b657dd18b9d:

==============================================================================
Server Availability Check Started | 2026-06-13 04:15:04.431648
==============================================================================

==============================================================================
SYSTEM INFORMATION
==============================================================================
Server IP | 172.25.10.104
Hostname | ip-172-25-10-104.us-west-2.compute.internal
Current User | root
Working Directory | /usr/bin
Time Zone | UTC

==============================================================================
STORAGE CHECK | /data mounts
==============================================================================
Filesystem | Size | Used | Avail | Use% | Mounted on
/dev/nvme1n1p2 | 289.9G | 32.1G | 257.8G | 11% | /data
fs-598f735d.efs.us-west-2.amazonaws.com:/ | 0B | 112.4G | 0B | 0% | /data2

==============================================================================
SYMLINK CHECK | root (/)
==============================================================================
Symlinks Total | 4
Symlinks Valid | 4
Symlinks Invalid | 0
Symlink | ResolvedTarget
/bin | /usr/bin
/lib | /usr/lib
/lib64 | /usr/lib64
/sbin | /usr/sbin

==============================================================================
NFS CHECK
==============================================================================
NFS Package Installed | Yes
nfs-server.service Active | No
nfs-client.target Active | Yes
/etc/exports Present | Yes
EXPORTS_LINE | (empty)
NFS_MOUNT | Device | MountPoint | FSType
NFS_MOUNT | fs-598f735d.efs.us-west-2.amazonaws.com:/ | /data2 | nfs4

==============================================================================
CUPS CHECK
==============================================================================
CUPS Installed | Yes
CUPS Running | Yes
CUPS Version | 1.7.5
CUPS IP URL (http://172.25.10.104:631) | 200
Cups server Http Status | 200
Cups printers Http Status | 200
Printers Configured | 16

==============================================================================
FTP CHECK
==============================================================================
FTP Installed | No
FTP Running (Port 21 localhost) | No
FTP Port 21 Reachable on 172.25.10.104 | No
FTP Processes | None

==============================================================================
JAVA CHECK
==============================================================================
Total Java Processes | 16
Batch/Daemon Java Processes | 14
Non-Standalone Java Processes | oiaprod_dwa, oiaprod_event, oiaprod_ftp, oiaprod_lbl, oiaprod_rccl, oiaprod_rpt, oiaprod_1_rpt, oiaprod_jqgrid, oiaprod_sch, oiaprod_inbq, oiaprod_wld, oiaprod_wcsin, oiaprod_2wcsin, oiaprod_repl

==============================================================================
BATCH/DAEMON JAVA DETAILS
==============================================================================
Batch/Daemon Java Processes | 14
Java-Name | Java-Path
oiaprod_dwa | /data/batchapp/softeon/oiaprod/downloaddaemon
oiaprod_event | /data/batchapp/softeon/oiaprod/eventdaemon
oiaprod_ftp | /data/batchapp/softeon/oiaprod/ftpdaemon
oiaprod_lbl | /data/batchapp/softeon/oiaprod/labeldaemon
oiaprod_rccl | /data/batchapp/softeon/oiaprod/replenishmentpickloccanceldaemon
oiaprod_rpt | /data/batchapp/softeon/oiaprod/reportdaemon
oiaprod_1_rpt | /data/batchapp/softeon/oiaprod/reportdaemon1
oiaprod_jqgrid | /data/batchapp/softeon/oiaprod/reportjqgridexportdaemon
oiaprod_sch | /data/batchapp/softeon/oiaprod/schedulardaemon
oiaprod_inbq | /data/batchapp/softeon/oiaprod/uploaddeamon
oiaprod_wld | /data/batchapp/softeon/oiaprod/wavelaunchdaemon
oiaprod_wcsin | /data/batchapp/softeon/oiaprod/wcsinbounddaemon
oiaprod_2wcsin | /data/batchapp/softeon/oiaprod/wcs02inbounddaemon
oiaprod_repl | /data/batchapp/softeon/oiaprod/replenishmentdaemon

==============================================================================
JBOSS/WILDFLY APPS (simple table)
==============================================================================
JBoss App Processes | 2
PID | AppName | JbossVersion | Java-Name | Port | URL | Status | Code | SSL-Status | App-Path
3125 | oiaprod | jboss720eap | oiprod_jb720eap | 8080 | 172.25.10.104:8080 | UP | 200 | Disabled | /data/app/jboss720eap/softeon/oiaprod/standalone
3124 | oiarfprod | jboss720eap | orfprd_jb720eap | 8081 | 172.25.10.104:8081 | UP | 200 | Disabled | /data/app/jboss720eap/softeon/oiarfprod/standalone

==============================================================================
Server Availability Check Completed | 2026-06-13 04:15:05.079189
==============================================================================

2026-06-13 00:15:34,096 - 2591371 - ERROR - app_validation.py errors for i-087b41b657dd18b9d:

2026-06-13 00:15:34,098 - 2591371 - INFO - Before patching log saved: /data/patching_report/validation-2026-06-13/OIA-Production-App/172.25.10.104/172.25.10.104-BeforePatching-2026-06-13-00-15-34-097.log
2026-06-13 00:15:34,181 - 2591371 - INFO - Sending patch command to instance i-087b41b657dd18b9d
2026-06-13 00:15:34,518 - 2591371 - INFO - Command sent successfully to instance i-087b41b657dd18b9d. Command ID: f36f2f43-da42-4776-90b5-23024c1d0aff
2026-06-13 00:24:07,929 - 2591371 - INFO - All patches applied successfully.
2026-06-13 00:24:07,930 - 2591371 - INFO - Patching end time: 2026-06-13 00:24:07
2026-06-13 00:24:07,930 - 2591371 - INFO - Patch Elapsed time: 0:09:04.539160
2026-06-13 00:24:07,999 - 2591371 - INFO - Email sent successfully to ['kishlayk@softeon.com', 'CloudOps@softeon.com']
2026-06-13 00:24:07,999 - 2591371 - INFO - Confirmed - services are stopped
2026-06-13 00:24:13,561 - 2591371 - INFO - Discovered TG map: {'i-087b41b657dd18b9d': ['arn:aws:elasticloadbalancing:us-west-2:835314132208:targetgroup/OIA-PROD-Desktop/f9022b877632ef17', 'arn:aws:elasticloadbalancing:us-west-2:835314132208:targetgroup/OIA-PROD-RF/b33035793ffda307']}
2026-06-13 00:24:14,008 - 2591371 - INFO - Deregistering i-087b41b657dd18b9d from TG arn:aws:elasticloadbalancing:us-west-2:835314132208:targetgroup/OIA-PROD-Desktop/f9022b877632ef17
2026-06-13 00:24:14,345 - 2591371 - INFO - Deregistering i-087b41b657dd18b9d from TG arn:aws:elasticloadbalancing:us-west-2:835314132208:targetgroup/OIA-PROD-RF/b33035793ffda307
2026-06-13 00:24:14,449 - 2591371 - INFO - Stopping EC2 instance: i-087b41b657dd18b9d at 2026-06-13 00:24:14
2026-06-13 00:25:15,985 - 2591371 - INFO - Instance i-087b41b657dd18b9d stopped successfully.
2026-06-13 00:25:16,131 - 2591371 - INFO - Stopped i-087b41b657dd18b9d in 0:01:01.682181
2026-06-13 00:25:16,132 - 2591371 - INFO - Starting EC2 instance: i-087b41b657dd18b9d
2026-06-13 00:25:32,194 - 2591371 - INFO - Instance i-087b41b657dd18b9d started successfully.
2026-06-13 00:25:32,194 - 2591371 - INFO - Waiting 100 seconds for SSM agent to be ready on i-087b41b657dd18b9d...
2026-06-13 00:27:12,294 - 2591371 - INFO - Registering i-087b41b657dd18b9d to TG arn:aws:elasticloadbalancing:us-west-2:835314132208:targetgroup/OIA-PROD-Desktop/f9022b877632ef17
2026-06-13 00:27:12,700 - 2591371 - INFO - Registering i-087b41b657dd18b9d to TG arn:aws:elasticloadbalancing:us-west-2:835314132208:targetgroup/OIA-PROD-RF/b33035793ffda307
2026-06-13 00:27:43,743 - 2591371 - INFO - Sent app_validation.py to i-087b41b657dd18b9d (command_id: 7cbff02c-d9b6-4b95-b427-e4d38864f6b2)
2026-06-13 00:28:13,903 - 2591371 - INFO - app_validation.py output for i-087b41b657dd18b9d:

==============================================================================
Server Availability Check Started | 2026-06-13 04:27:43.993079
==============================================================================

==============================================================================
SYSTEM INFORMATION
==============================================================================
Server IP | 172.25.10.104
Hostname | ip-172-25-10-104.us-west-2.compute.internal
Current User | root
Working Directory | /usr/bin
Time Zone | UTC

==============================================================================
STORAGE CHECK | /data mounts
==============================================================================
Filesystem | Size | Used | Avail | Use% | Mounted on
/dev/nvme1n1p2 | 289.9G | 31.8G | 258.0G | 10% | /data
fs-598f735d.efs.us-west-2.amazonaws.com:/ | 0B | 112.4G | 0B | 0% | /data2

==============================================================================
SYMLINK CHECK | root (/)
==============================================================================
Symlinks Total | 4
Symlinks Valid | 4
Symlinks Invalid | 0
Symlink | ResolvedTarget
/bin | /usr/bin
/lib | /usr/lib
/lib64 | /usr/lib64
/sbin | /usr/sbin

==============================================================================
NFS CHECK
==============================================================================
NFS Package Installed | Yes
nfs-server.service Active | No
nfs-client.target Active | Yes
/etc/exports Present | Yes
EXPORTS_LINE | (empty)
NFS_MOUNT | Device | MountPoint | FSType
NFS_MOUNT | fs-598f735d.efs.us-west-2.amazonaws.com:/ | /data2 | nfs4

==============================================================================
CUPS CHECK
==============================================================================
CUPS Installed | Yes
CUPS Running | No
CUPS Version | 1.7.5
CUPS IP Port 631 Reachable | No
Cups server Http Status | Not Found
Cups printers Http Status | Not Found
Printers Configured | 0

==============================================================================
FTP CHECK
==============================================================================
FTP Installed | No
FTP Running (Port 21 localhost) | No
FTP Port 21 Reachable on 172.25.10.104 | No
FTP Processes | None

==============================================================================
JAVA CHECK
==============================================================================
Total Java Processes | 2
Batch/Daemon Java Processes | 0
Non-Standalone Java Processes | Not Found

==============================================================================
BATCH/DAEMON JAVA DETAILS
==============================================================================
Batch/Daemon Java Processes | 0
Batch/Daemon Java Details | None

==============================================================================
JBOSS/WILDFLY APPS (simple table)
==============================================================================
JBoss App Processes | 2
PID | AppName | JbossVersion | Java-Name | Port | URL | Status | Code | SSL-Status | App-Path
3130 | oiaprod | jboss720eap | oiprod_jb720eap | 8080 | 172.25.10.104:8080 | UP | 200 | Disabled | /data/app/jboss720eap/softeon/oiaprod/standalone
3125 | oiarfprod | jboss720eap | orfprd_jb720eap | 8081 | 172.25.10.104:8081 | UP | 200 | Disabled | /data/app/jboss720eap/softeon/oiarfprod/standalone

==============================================================================
Server Availability Check Completed | 2026-06-13 04:27:44.479488
==============================================================================

2026-06-13 00:28:13,903 - 2591371 - ERROR - app_validation.py errors for i-087b41b657dd18b9d:

2026-06-13 00:28:13,905 - 2591371 - INFO - After patching validation saved to: /data/patching_report/validation-2026-06-13/OIA-Production-App/172.25.10.104/172.25.10.104-AfterPatching-2026-06-13-00-28-13-905.log
2026-06-13 00:28:13,957 - 2591371 - INFO - Validation comparison report generated: /data/patching_report/validation-2026-06-13/OIA-Production-App/172.25.10.104/172.25.10.104-Validation-details-2026-06-13-00-28-13-905.html
2026-06-13 00:28:14,427 - 2591371 - INFO - Email sent successfully to ['kishlayk@softeon.com', 'CloudOps@softeon.com']
2026-06-13 00:28:14,427 - 2591371 - INFO - HTML validation report email sent for i-087b41b657dd18b9d
2026-06-13 00:28:14,561 - 2591371 - INFO - Started i-087b41b657dd18b9d in 0:02:58.428974
2026-06-13 00:28:14,561 - 2591371 - INFO - All instances processed.
2026-06-13 00:28:14,566 - 2591371 - INFO - Restart Total time: 0:04:06.435049
2026-06-13 00:28:14,566 - 2591371 - INFO - Auto-confirmed services are restarted
2026-06-13 00:28:14,566 - 2591371 - INFO - Confirmed - services are started
2026-06-13 00:28:14,791 - 2591371 - INFO - The following instances have failed the patch: []
2026-06-13 00:28:14,791 - 2591371 - INFO - No instances have failed the patch.
2026-06-13 00:28:14,791 - 2591371 - INFO - Total Patch Process time: 0:13:11.778140
2026-06-13 00:29:15,107 - 2591371 - INFO - Log file ./logs/patching_2026-06-13_OIA-Production-App.log uploaded to s3://q2-2026-aws-security-patching/OIA-Production-App_Patch/2026-06-13/patching_2026-06-13_OIA-Production-App.log
