2026-06-20 00:35:03,256 - 2967024 - INFO - Email sent successfully to ['CloudOps@softeon.com']
2026-06-20 01:01:31,406 - 2967024 - INFO - Email sent successfully to ['CloudOps@softeon.com']
2026-06-20 01:01:31,589 - 2967024 - INFO - Log file ./logs/backup_2026-06-20.log uploaded to s3://q3-2025-aws-security-patching/DIB-WBN-Batch_Patch_Backup/2026-06-20/backup_2026-06-20.log
2026-06-20 04:35:02,619 - 2975811 - INFO - Logger setup has been removed, using shared logger from common.logs.logger.
2026-06-20 04:35:02,619 - 2975811 - INFO - Script Start Time: 2026-06-20 04:35:02
2026-06-20 04:35:03,023 - 2975811 - INFO - Instance(s) selected for Patching: {'i-0329a29cada237c40': '10.64.16.21'}
2026-06-20 04:35:03,109 - 2975811 - INFO - Email sent successfully to ['CloudOps@softeon.com']
2026-06-20 04:35:03,109 - 2975811 - INFO - Now patching instances at: 2026-06-20 04:35:03
2026-06-20 04:35:03,735 - 2975811 - INFO - Sent app_validation.py to i-0329a29cada237c40 (command_id: 14e16b7f-05a7-4bed-bebe-01fa706c4712)
2026-06-20 04:35:33,876 - 2975811 - INFO - app_validation.py output for i-0329a29cada237c40:

==============================================================================
Server Availability Check Started | 2026-06-20 08:35:04.257353
==============================================================================

==============================================================================
SYSTEM INFORMATION
==============================================================================
Server IP | 10.64.16.21
Hostname | ip-10-64-16-21.us-west-2.compute.internal
Current User | root
Working Directory | /usr/bin
Time Zone | UTC

==============================================================================
STORAGE CHECK | /data mounts
==============================================================================
Filesystem | Size | Used | Avail | Use% | Mounted on
/dev/mapper/vg01-lv02 | 239.9G | 78.9G | 161.0G | 32% | /data
fs-02c0a34dbbba7b5dc.efs.us-west-2.amazonaws.com:/ | 0B | 467.7G | 0B | 0% | /data2

==============================================================================
SYMLINK CHECK | root (/)
==============================================================================
Symlinks Total | 5
Symlinks Valid | 5
Symlinks Invalid | 0
Symlink | ResolvedTarget
/bin | /usr/bin
/data3 | /data/data3
/lib | /usr/lib
/lib64 | /usr/lib64
/sbin | /usr/sbin

==============================================================================
NFS CHECK
==============================================================================
NFS Package Installed | Yes
nfs-server.service Active | No
nfs-client.target Active | Yes
/etc/exports Present | Yes
EXPORTS_LINE | (empty)
NFS_MOUNT | Device | MountPoint | FSType
NFS_MOUNT | fs-02c0a34dbbba7b5dc.efs.us-west-2.amazonaws.com:/ | /data2 | nfs4

==============================================================================
CUPS CHECK
==============================================================================
CUPS Installed | Yes
CUPS Running | Yes
CUPS Version | 1.7.5
CUPS IP URL (http://10.64.16.21:631) | 200
Cups server Http Status | 200
Cups printers Http Status | 200
Printers Configured | 34

==============================================================================
FTP CHECK
==============================================================================
FTP Installed | No
FTP Running (Port 21 localhost) | No
FTP Port 21 Reachable on 10.64.16.21 | No
FTP Processes | None

==============================================================================
JAVA CHECK
==============================================================================
Total Java Processes | 20
Batch/Daemon Java Processes | 20
Non-Standalone Java Processes | dibwms_abchdis, dibwmswbn_ccd, dibwmswbn_dwa, dibwmswbn_event, dibwmswbn_ftp, dibwmswbn_harp, dibwmswbn_lbl, dibwmswbn_repl, dibwmswbn_rccl, dibwmswbn_rpt, dibwmswbn_1rpt, dibwmswb_jqgrid, dibwmswbn_sch, dibwmswbn_inbq, dibwmswbn_wld, dibwmswbn_zplp, dibwmswbn_wcso, dibwmswbn_wcsi, dibwmswbn_vomob, dibwmswb_2vomob

==============================================================================
BATCH/DAEMON JAVA DETAILS
==============================================================================
Batch/Daemon Java Processes | 20
Java-Name | Java-Path
dibwms_abchdis | /data/batchapp/softeon/dibwmswbnprod/autobatchdistributiondaemon
dibwmswbn_ccd | /data/batchapp/softeon/dibwmswbnprod/clustercreationdaemon
dibwmswbn_dwa | /data/batchapp/softeon/dibwmswbnprod/downloaddaemon
dibwmswbn_event | /data/batchapp/softeon/dibwmswbnprod/eventdaemon
dibwmswbn_ftp | /data/batchapp/softeon/dibwmswbnprod/ftpdaemon
dibwmswbn_harp | /data/batchapp/softeon/dibwmswbnprod/hardallocationdaemon
dibwmswbn_lbl | /data/batchapp/softeon/dibwmswbnprod/labeldaemon
dibwmswbn_repl | /data/batchapp/softeon/dibwmswbnprod/replenishmentdaemon
dibwmswbn_rccl | /data/batchapp/softeon/dibwmswbnprod/replenishmentpickloccanceldaemon
dibwmswbn_rpt | /data/batchapp/softeon/dibwmswbnprod/reportdaemon
dibwmswbn_1rpt | /data/batchapp/softeon/dibwmswbnprod/reportdaemon1
dibwmswb_jqgrid | /data/batchapp/softeon/dibwmswbnprod/reportjqgridexportdaemon
dibwmswbn_sch | /data/batchapp/softeon/dibwmswbnprod/schedulerdaemon
dibwmswbn_inbq | /data/batchapp/softeon/dibwmswbnprod/uploaddaemon
dibwmswbn_wld | /data/batchapp/softeon/dibwmswbnprod/wavelaunchdaemon
dibwmswbn_zplp | /data/batchapp/softeon/dibwmswbnprod/zebraprintdaemon
dibwmswbn_wcso | /data/batchapp/softeon/dibwmswbnprod/wcsoutbounddaemon
dibwmswbn_wcsi | /data/batchapp/softeon/dibwmswbnprod/wcsinbounddaemon
dibwmswbn_vomob | /data/batchapp/softeon/dibwmswbnprod/voicemobiledaemon
dibwmswb_2vomob | /data/batchapp/softeon/dibwmswbnprod/voicemobilewbn2daemon

==============================================================================
JBOSS/WILDFLY APPS (simple table)
==============================================================================
JBoss App Processes | 0
JBoss Apps | None

==============================================================================
Server Availability Check Completed | 2026-06-20 08:35:04.862334
==============================================================================

2026-06-20 04:35:33,876 - 2975811 - ERROR - app_validation.py errors for i-0329a29cada237c40:

2026-06-20 04:35:33,878 - 2975811 - INFO - Before patching log saved: /data/patching_report/validation-2026-06-20/DIB-WBN-Batch/10.64.16.21/10.64.16.21-BeforePatching-2026-06-20-04-35-33-878.log
2026-06-20 04:35:33,963 - 2975811 - INFO - Sending patch command to instance i-0329a29cada237c40
2026-06-20 04:35:34,306 - 2975811 - INFO - Command sent successfully to instance i-0329a29cada237c40. Command ID: 8198274a-c633-4f81-b6bf-941425a156dd
2026-06-20 04:43:37,602 - 2975811 - INFO - All patches applied successfully.
2026-06-20 04:43:37,603 - 2975811 - INFO - Patching end time: 2026-06-20 04:43:37
2026-06-20 04:43:37,603 - 2975811 - INFO - Patch Elapsed time: 0:08:34.493537
2026-06-20 04:43:37,677 - 2975811 - INFO - Email sent successfully to ['CloudOps@softeon.com']
2026-06-20 04:43:37,677 - 2975811 - INFO - Confirmed - services are stopped
2026-06-20 04:43:43,543 - 2975811 - INFO - Discovered TG map: {}
2026-06-20 04:43:43,797 - 2975811 - INFO - Stopping EC2 instance: i-0329a29cada237c40 at 2026-06-20 04:43:43
2026-06-20 04:44:45,332 - 2975811 - INFO - Instance i-0329a29cada237c40 stopped successfully.
2026-06-20 04:44:45,462 - 2975811 - INFO - Stopped i-0329a29cada237c40 in 0:01:01.665447
2026-06-20 04:44:45,463 - 2975811 - INFO - Starting EC2 instance: i-0329a29cada237c40
2026-06-20 04:45:01,521 - 2975811 - INFO - Instance i-0329a29cada237c40 started successfully.
2026-06-20 04:45:01,521 - 2975811 - INFO - Waiting 100 seconds for SSM agent to be ready on i-0329a29cada237c40...
2026-06-20 04:46:42,103 - 2975811 - INFO - Sent app_validation.py to i-0329a29cada237c40 (command_id: eb985c62-3c7d-47bd-97a1-00ee7b2c5c80)
2026-06-20 04:47:12,230 - 2975811 - INFO - app_validation.py output for i-0329a29cada237c40:

==============================================================================
Server Availability Check Started | 2026-06-20 08:46:42.355416
==============================================================================

==============================================================================
SYSTEM INFORMATION
==============================================================================
Server IP | 10.64.16.21
Hostname | ip-10-64-16-21.us-west-2.compute.internal
Current User | root
Working Directory | /usr/bin
Time Zone | UTC

==============================================================================
STORAGE CHECK | /data mounts
==============================================================================
Filesystem | Size | Used | Avail | Use% | Mounted on
/dev/mapper/vg01-lv02 | 239.9G | 78.9G | 161.0G | 32% | /data
fs-02c0a34dbbba7b5dc.efs.us-west-2.amazonaws.com:/ | 0B | 467.7G | 0B | 0% | /data2

==============================================================================
SYMLINK CHECK | root (/)
==============================================================================
Symlinks Total | 5
Symlinks Valid | 5
Symlinks Invalid | 0
Symlink | ResolvedTarget
/bin | /usr/bin
/data3 | /data/data3
/lib | /usr/lib
/lib64 | /usr/lib64
/sbin | /usr/sbin

==============================================================================
NFS CHECK
==============================================================================
NFS Package Installed | Yes
nfs-server.service Active | No
nfs-client.target Active | Yes
/etc/exports Present | Yes
EXPORTS_LINE | (empty)
NFS_MOUNT | Device | MountPoint | FSType
NFS_MOUNT | fs-02c0a34dbbba7b5dc.efs.us-west-2.amazonaws.com:/ | /data2 | nfs4

==============================================================================
CUPS CHECK
==============================================================================
CUPS Installed | Yes
CUPS Running | Yes
CUPS Version | 1.7.5
CUPS IP URL (http://10.64.16.21:631) | 200
Cups server Http Status | 200
Cups printers Http Status | 200
Printers Configured | 34

==============================================================================
FTP CHECK
==============================================================================
FTP Installed | No
FTP Running (Port 21 localhost) | No
FTP Port 21 Reachable on 10.64.16.21 | No
FTP Processes | None

==============================================================================
JAVA CHECK
==============================================================================
Total Java Processes | 20
Batch/Daemon Java Processes | 20
Non-Standalone Java Processes | dibwms_abchdis, dibwmswbn_ccd, dibwmswbn_dwa, dibwmswbn_event, dibwmswbn_ftp, dibwmswbn_harp, dibwmswbn_lbl, dibwmswbn_repl, dibwmswbn_rccl, dibwmswbn_rpt, dibwmswbn_1rpt, dibwmswb_jqgrid, dibwmswbn_sch, dibwmswbn_inbq, dibwmswbn_vomob, dibwmswbn_wld, dibwmswbn_zplp, dibwmswb_2vomob, dibwmswbn_wcso, dibwmswbn_wcsi

==============================================================================
BATCH/DAEMON JAVA DETAILS
==============================================================================
Batch/Daemon Java Processes | 20
Java-Name | Java-Path
dibwms_abchdis | /data/batchapp/softeon/dibwmswbnprod/autobatchdistributiondaemon
dibwmswbn_ccd | /data/batchapp/softeon/dibwmswbnprod/clustercreationdaemon
dibwmswbn_dwa | /data/batchapp/softeon/dibwmswbnprod/downloaddaemon
dibwmswbn_event | /data/batchapp/softeon/dibwmswbnprod/eventdaemon
dibwmswbn_ftp | /data/batchapp/softeon/dibwmswbnprod/ftpdaemon
dibwmswbn_harp | /data/batchapp/softeon/dibwmswbnprod/hardallocationdaemon
dibwmswbn_lbl | /data/batchapp/softeon/dibwmswbnprod/labeldaemon
dibwmswbn_repl | /data/batchapp/softeon/dibwmswbnprod/replenishmentdaemon
dibwmswbn_rccl | /data/batchapp/softeon/dibwmswbnprod/replenishmentpickloccanceldaemon
dibwmswbn_rpt | /data/batchapp/softeon/dibwmswbnprod/reportdaemon
dibwmswbn_1rpt | /data/batchapp/softeon/dibwmswbnprod/reportdaemon1
dibwmswb_jqgrid | /data/batchapp/softeon/dibwmswbnprod/reportjqgridexportdaemon
dibwmswbn_sch | /data/batchapp/softeon/dibwmswbnprod/schedulerdaemon
dibwmswbn_inbq | /data/batchapp/softeon/dibwmswbnprod/uploaddaemon
dibwmswbn_vomob | /data/batchapp/softeon/dibwmswbnprod/voicemobiledaemon
dibwmswbn_wld | /data/batchapp/softeon/dibwmswbnprod/wavelaunchdaemon
dibwmswbn_zplp | /data/batchapp/softeon/dibwmswbnprod/zebraprintdaemon
dibwmswb_2vomob | /data/batchapp/softeon/dibwmswbnprod/voicemobilewbn2daemon
dibwmswbn_wcso | /data/batchapp/softeon/dibwmswbnprod/wcsoutbounddaemon
dibwmswbn_wcsi | /data/batchapp/softeon/dibwmswbnprod/wcsinbounddaemon

==============================================================================
JBOSS/WILDFLY APPS (simple table)
==============================================================================
JBoss App Processes | 0
JBoss Apps | None

==============================================================================
Server Availability Check Completed | 2026-06-20 08:46:42.966816
==============================================================================

2026-06-20 04:47:12,230 - 2975811 - ERROR - app_validation.py errors for i-0329a29cada237c40:

2026-06-20 04:47:12,231 - 2975811 - INFO - After patching validation saved to: /data/patching_report/validation-2026-06-20/DIB-WBN-Batch/10.64.16.21/10.64.16.21-AfterPatching-2026-06-20-04-47-12-231.log
2026-06-20 04:47:12,283 - 2975811 - INFO - Validation comparison report generated: /data/patching_report/validation-2026-06-20/DIB-WBN-Batch/10.64.16.21/10.64.16.21-Validation-details-2026-06-20-04-47-12-231.html
2026-06-20 04:47:12,769 - 2975811 - INFO - Email sent successfully to ['kishlayk@softeon.com', 'CloudOps@softeon.com']
2026-06-20 04:47:12,769 - 2975811 - INFO - HTML validation report email sent for i-0329a29cada237c40
2026-06-20 04:47:12,892 - 2975811 - INFO - Started i-0329a29cada237c40 in 0:02:27.429157
2026-06-20 04:47:12,893 - 2975811 - INFO - All instances processed.
2026-06-20 04:47:12,896 - 2975811 - INFO - Restart Total time: 0:03:35.066414
2026-06-20 04:47:12,896 - 2975811 - INFO - Auto-confirmed services are restarted
2026-06-20 04:47:12,896 - 2975811 - INFO - Confirmed - services are started
2026-06-20 04:47:13,116 - 2975811 - INFO - The following instances have failed the patch: []
2026-06-20 04:47:13,116 - 2975811 - INFO - No instances have failed the patch.
2026-06-20 04:47:13,116 - 2975811 - INFO - Total Patch Process time: 0:12:10.496641
2026-06-20 04:48:13,440 - 2975811 - INFO - Log file ./logs/patching_2026-06-20_DIB-WBN-Batch.log uploaded to s3://q2-2026-aws-security-patching/DIB-WBN-Batch_Patch/2026-06-20/patching_2026-06-20_DIB-WBN-Batch.log
