2026-05-10 02:05:02,305 - 591788 - INFO - Logger setup has been removed, using shared logger from common.logs.logger.
2026-05-10 02:05:02,306 - 591788 - INFO - Script Start Time: 2026-05-10 02:05:02
2026-05-10 02:05:02,685 - 591788 - INFO - Instance(s) selected for Patching: {'i-0dff8ad82aa9571bd': '10.0.10.208'}
2026-05-10 02:05:02,749 - 591788 - INFO - Email sent successfully to ['CloudOps@softeon.com']
2026-05-10 02:05:02,750 - 591788 - INFO - Now patching instances at: 2026-05-10 02:05:02
2026-05-10 02:05:02,836 - 591788 - INFO - Sending patch command to instance i-0dff8ad82aa9571bd
2026-05-10 02:05:03,005 - 591788 - INFO - Command sent successfully to instance i-0dff8ad82aa9571bd. Command ID: 125f8ac5-33b8-4f64-b944-1f9796721942
2026-05-10 02:09:34,451 - 591788 - INFO - All patches applied successfully.
2026-05-10 02:09:34,452 - 591788 - INFO - Patching end time: 2026-05-10 02:09:34
2026-05-10 02:09:34,452 - 591788 - INFO - Patch Elapsed time: 0:04:31.702346
2026-05-10 02:09:34,526 - 591788 - INFO - Email sent successfully to ['CloudOps@softeon.com']
2026-05-10 02:09:34,526 - 591788 - INFO - Confirmed - services are stopped
2026-05-10 02:09:54,952 - 591788 - INFO - Discovered TG map: {'i-0dff8ad82aa9571bd': ['arn:aws:elasticloadbalancing:us-east-1:835314132208:targetgroup/SaddleCreek-SCLS-PROD-Desktop/5f87e12b3bb1f019', 'arn:aws:elasticloadbalancing:us-east-1:835314132208:targetgroup/SaddleCreek-SCLS-PROD-WS/0889d4e4c8f9ef68', 'arn:aws:elasticloadbalancing:us-east-1:835314132208:targetgroup/SaddleCreek-SCLS-PROD-Portal/b78cecbc8eeee914', 'arn:aws:elasticloadbalancing:us-east-1:835314132208:targetgroup/SaddleCreek-SCLS-PROD-RF/e62dbf63b0ee7237']}
2026-05-10 02:09:55,350 - 591788 - INFO - Sent app_validation.py to i-0dff8ad82aa9571bd (command_id: 78fb0443-1eba-4fa0-bcd7-35a617e569b0)
2026-05-10 02:10:25,409 - 591788 - INFO - app_validation.py output for i-0dff8ad82aa9571bd:

==============================================================================
Server Availability Check Started | 2026-05-10 06:09:55.653852
==============================================================================

==============================================================================
SYSTEM INFORMATION
==============================================================================
Server IP | 10.0.10.208
Hostname | ip-10-0-10-208
Current User | root
Working Directory | /usr/bin
Time Zone | UTC

==============================================================================
STORAGE CHECK | /data mounts
==============================================================================
Filesystem | Size | Used | Avail | Use% | Mounted on
/dev/mapper/vg01-lv02 | 239.9G | 82.4G | 157.5G | 34% | /data
fs-0946abfd2e4a0677e.efs.us-east-1.amazonaws.com:/ | 0B | 821.2G | 0B | 0% | /data2

==============================================================================
SYMLINK CHECK | root (/)
==============================================================================
Symlinks Total | 5
Symlinks Valid | 5
Symlinks Invalid | 0
Symlink | ResolvedTarget
/bin | /usr/bin
/data3 | /data/data3
/lib | /usr/lib
/lib64 | /usr/lib64
/sbin | /usr/sbin

==============================================================================
NFS CHECK
==============================================================================
NFS Package Installed | Yes
nfs-server.service Active | No
nfs-client.target Active | Yes
/etc/exports Present | Yes
EXPORTS_LINE | (empty)
NFS_MOUNT | Device | MountPoint | FSType
NFS_MOUNT | fs-0946abfd2e4a0677e.efs.us-east-1.amazonaws.com:/ | /data2 | nfs4

==============================================================================
CUPS CHECK
==============================================================================
CUPS Installed | Yes
CUPS Running | Yes
CUPS Version | 1.7.5
CUPS IP URL (http://10.0.10.208:631) | 200
Cups server Http Status | 200
Cups printers Http Status | 500
Printers Configured | 0

==============================================================================
FTP CHECK
==============================================================================
FTP Installed | No
FTP Running (Port 21 localhost) | No
FTP Port 21 Reachable on 10.0.10.208 | No
FTP Processes | None

==============================================================================
JAVA CHECK
==============================================================================
Total Java Processes | 4
Batch/Daemon Java Processes | 0
Non-Standalone Java Processes | Not Found

==============================================================================
BATCH/DAEMON JAVA DETAILS
==============================================================================
Batch/Daemon Java Processes | 0
Batch/Daemon Java Details | None

==============================================================================
JBOSS/WILDFLY APPS (simple table)
==============================================================================
JBoss App Processes | 4
PID | AppName | JbossVersion | Java-Name | Port | URL | Status | Code | SSL-Status | App-Path
3257543 | sclsportal | jboss800eap | sclsprtl_jb80ep | 8083 | 10.0.10.208:8083 | UP | 200 | Disabled | /data/app/jboss800eap/softeon/sclsportal/standalone
3258271 | sclsprod | jboss800eap | sclsprd_jb80eap | 8080 | 10.0.10.208:8080 | UP | 200 | Disabled | /data/app/jboss800eap/softeon/sclsprod/standalone
3258916 | sclsrfprod | jboss800eap | sclsrfprd_jb80e | 8081 | 10.0.10.208:8081 | UP | 200 | Disabled | /data/app/jboss800eap/softeon/sclsrfprod/standalone
3254852 | sclswsprod | jboss800eap | sclswsprd_jb80p | 8082 | 10.0.10.208:8082 | Down | 403 | Disabled | /data/app/jboss800eap/softeon/sclswsprod/standalone

==============================================================================
Server Availability Check Completed | 2026-05-10 06:09:56.242507
==============================================================================

2026-05-10 02:10:25,409 - 591788 - ERROR - app_validation.py errors for i-0dff8ad82aa9571bd:

2026-05-10 02:10:25,410 - 591788 - INFO - Before patching validation saved to: /data/patching_report/validation-2026-05-10/SaddleCreek-SCLS-App1/10.0.10.208/10.0.10.208-BeforePatching-2026-05-10-02-10-25-410.log
2026-05-10 02:10:25,411 - 591788 - INFO - Deregistering i-0dff8ad82aa9571bd from TG arn:aws:elasticloadbalancing:us-east-1:835314132208:targetgroup/SaddleCreek-SCLS-PROD-Desktop/5f87e12b3bb1f019
2026-05-10 02:10:25,485 - 591788 - INFO - Deregistering i-0dff8ad82aa9571bd from TG arn:aws:elasticloadbalancing:us-east-1:835314132208:targetgroup/SaddleCreek-SCLS-PROD-WS/0889d4e4c8f9ef68
2026-05-10 02:10:25,553 - 591788 - INFO - Deregistering i-0dff8ad82aa9571bd from TG arn:aws:elasticloadbalancing:us-east-1:835314132208:targetgroup/SaddleCreek-SCLS-PROD-Portal/b78cecbc8eeee914
2026-05-10 02:10:25,603 - 591788 - INFO - Deregistering i-0dff8ad82aa9571bd from TG arn:aws:elasticloadbalancing:us-east-1:835314132208:targetgroup/SaddleCreek-SCLS-PROD-RF/e62dbf63b0ee7237
2026-05-10 02:10:25,655 - 591788 - INFO - Stopping EC2 instance: i-0dff8ad82aa9571bd at 2026-05-10 02:10:25
2026-05-10 02:12:12,131 - 591788 - INFO - Instance i-0dff8ad82aa9571bd stopped successfully.
2026-05-10 02:12:12,294 - 591788 - INFO - Stopped i-0dff8ad82aa9571bd in 0:01:46.639276
2026-05-10 02:12:12,295 - 591788 - INFO - Starting EC2 instance: i-0dff8ad82aa9571bd
2026-05-10 02:12:28,162 - 591788 - INFO - Instance i-0dff8ad82aa9571bd started successfully.
2026-05-10 02:12:28,162 - 591788 - INFO - Waiting 100 seconds for SSM agent to be ready on i-0dff8ad82aa9571bd...
2026-05-10 02:14:08,201 - 591788 - INFO - Registering i-0dff8ad82aa9571bd to TG arn:aws:elasticloadbalancing:us-east-1:835314132208:targetgroup/SaddleCreek-SCLS-PROD-Desktop/5f87e12b3bb1f019
2026-05-10 02:14:08,367 - 591788 - INFO - Registering i-0dff8ad82aa9571bd to TG arn:aws:elasticloadbalancing:us-east-1:835314132208:targetgroup/SaddleCreek-SCLS-PROD-WS/0889d4e4c8f9ef68
2026-05-10 02:14:08,506 - 591788 - INFO - Registering i-0dff8ad82aa9571bd to TG arn:aws:elasticloadbalancing:us-east-1:835314132208:targetgroup/SaddleCreek-SCLS-PROD-Portal/b78cecbc8eeee914
2026-05-10 02:14:08,645 - 591788 - INFO - Registering i-0dff8ad82aa9571bd to TG arn:aws:elasticloadbalancing:us-east-1:835314132208:targetgroup/SaddleCreek-SCLS-PROD-RF/e62dbf63b0ee7237
2026-05-10 02:19:09,413 - 591788 - WARNING - i-0dff8ad82aa9571bd not healthy in arn:aws:elasticloadbalancing:us-east-1:835314132208:targetgroup/SaddleCreek-SCLS-PROD-Desktop/5f87e12b3bb1f019 after timeout.
2026-05-10 02:24:10,091 - 591788 - WARNING - i-0dff8ad82aa9571bd not healthy in arn:aws:elasticloadbalancing:us-east-1:835314132208:targetgroup/SaddleCreek-SCLS-PROD-Portal/b78cecbc8eeee914 after timeout.
2026-05-10 02:29:10,691 - 591788 - WARNING - i-0dff8ad82aa9571bd not healthy in arn:aws:elasticloadbalancing:us-east-1:835314132208:targetgroup/SaddleCreek-SCLS-PROD-RF/e62dbf63b0ee7237 after timeout.
2026-05-10 02:29:10,926 - 591788 - INFO - Email sent successfully to ['kishlayk@softeon.com', 'CloudOps@softeon.com']
2026-05-10 02:29:10,927 - 591788 - ERROR - Aborting workflow: i-0dff8ad82aa9571bd is not healthy after restart.
2026-05-10 02:29:10,929 - 591788 - INFO - Restart Total time: 0:19:36.278780
2026-05-10 02:29:10,929 - 591788 - INFO - Auto-confirmed services are restarted
2026-05-10 02:29:10,929 - 591788 - INFO - Confirmed - services are started
2026-05-10 02:29:11,046 - 591788 - INFO - The following instances have failed the patch: []
2026-05-10 02:29:11,046 - 591788 - INFO - No instances have failed the patch.
2026-05-10 02:29:11,046 - 591788 - INFO - Total Patch Process time: 0:24:08.740310
2026-05-10 02:30:11,458 - 591788 - INFO - Log file ./logs/patching_2026-05-10_SaddleCreek-SCLS-App1.log uploaded to s3://q2-2026-aws-security-patching/SaddleCreek-SCLS-App1_Patch/2026-05-10/patching_2026-05-10_SaddleCreek-SCLS-App1.log
