2026-05-23 02:35:02,950 - 1448154 - INFO - Logger setup has been removed, using shared logger from common.logs.logger.
2026-05-23 02:35:02,950 - 1448154 - INFO - Script Start Time: 2026-05-23 02:35:02
2026-05-23 02:35:03,183 - 1448154 - INFO - Instance(s) selected for Patching: {'i-0fbcd31a147a976dd': '10.64.12.61'}
2026-05-23 02:35:03,249 - 1448154 - INFO - Email sent successfully to ['CloudOps@softeon.com']
2026-05-23 02:35:03,249 - 1448154 - INFO - Now patching instances at: 2026-05-23 02:35:03
2026-05-23 02:35:03,355 - 1448154 - INFO - Sending patch command to instance i-0fbcd31a147a976dd
2026-05-23 02:35:03,513 - 1448154 - INFO - Command sent successfully to instance i-0fbcd31a147a976dd. Command ID: 052c3912-30bd-4c55-9682-e16bb2e681c3
2026-05-23 02:42:35,384 - 1448154 - INFO - All patches applied successfully.
2026-05-23 02:42:35,385 - 1448154 - INFO - Patching end time: 2026-05-23 02:42:35
2026-05-23 02:42:35,385 - 1448154 - INFO - Patch Elapsed time: 0:07:32.135369
2026-05-23 02:42:35,449 - 1448154 - INFO - Email sent successfully to ['CloudOps@softeon.com']
2026-05-23 02:42:35,449 - 1448154 - INFO - Confirmed - services are stopped
2026-05-23 02:42:43,474 - 1448154 - INFO - Discovered TG map: {}
2026-05-23 02:42:43,963 - 1448154 - INFO - Sent app_validation.py to i-0fbcd31a147a976dd (command_id: ec16dacd-61c3-4915-95ee-9de98424cc1e)
2026-05-23 02:43:14,059 - 1448154 - INFO - app_validation.py output for i-0fbcd31a147a976dd:

==============================================================================
Server Availability Check Started | 2026-05-23 06:42:44.231550
==============================================================================

==============================================================================
SYSTEM INFORMATION
==============================================================================
Server IP | 10.64.12.61
Hostname | ip-10-64-12-61.us-east-2.compute.internal
Current User | root
Working Directory | /usr/bin
Time Zone | UTC

==============================================================================
STORAGE CHECK | /data mounts
==============================================================================
Filesystem | Size | Used | Avail | Use% | Mounted on
/dev/nvme1n1p2 | 239.9G | 75.8G | 164.1G | 31% | /data
fs-c14c83ba.efs.us-east-2.amazonaws.com:/ | 0B | 10.8T | 0B | 0% | /data2

==============================================================================
SYMLINK CHECK | root (/)
==============================================================================
Symlinks Total | 4
Symlinks Valid | 4
Symlinks Invalid | 0
Symlink | ResolvedTarget
/bin | /usr/bin
/lib | /usr/lib
/lib64 | /usr/lib64
/sbin | /usr/sbin

==============================================================================
NFS CHECK
==============================================================================
NFS Package Installed | Yes
nfs-server.service Active | No
nfs-client.target Active | Yes
/etc/exports Present | Yes
EXPORTS_LINE | (empty)
NFS_MOUNT | Device | MountPoint | FSType
NFS_MOUNT | fs-c14c83ba.efs.us-east-2.amazonaws.com:/ | /data2 | nfs4

==============================================================================
CUPS CHECK
==============================================================================
CUPS Installed | Yes
CUPS Running | Yes
CUPS Version | 1.7.5
CUPS IP URL (http://10.64.12.61:631) | 200
Cups server Http Status | 200
Cups printers Http Status | 200
Printers Configured | 43

==============================================================================
FTP CHECK
==============================================================================
FTP Installed | No
FTP Running (Port 21 localhost) | No
FTP Port 21 Reachable on 10.64.12.61 | No
FTP Processes | None

==============================================================================
JAVA CHECK
==============================================================================
Total Java Processes | 18
Batch/Daemon Java Processes | 18
Non-Standalone Java Processes | wmssik_abchdis, wmssik_ccd, wmssik_dwa, wmssik_event, wmssik_ftp, wmssik_harp, wmssik_lbl, wmssik_repl, wmssik_rccl, wmssik_rpt, wmssik_1rpt, wmssik_jqgrid, wmssik_sch, wmssik_inbq, wmssik_wld, wmssik_zplp, wmssik_vmsik, wmssik_vmsik2

==============================================================================
BATCH/DAEMON JAVA DETAILS
==============================================================================
Batch/Daemon Java Processes | 18
Java-Name | Java-Path
wmssik_abchdis | /data/batchapp/softeon/dibwmssikprod/autobatchdistributiondaemon
wmssik_ccd | /data/batchapp/softeon/dibwmssikprod/clustercreationdaemon
wmssik_dwa | /data/batchapp/softeon/dibwmssikprod/downloaddaemon
wmssik_event | /data/batchapp/softeon/dibwmssikprod/eventdaemon
wmssik_ftp | /data/batchapp/softeon/dibwmssikprod/ftpdaemon
wmssik_harp | /data/batchapp/softeon/dibwmssikprod/hardallocationdaemon
wmssik_lbl | /data/batchapp/softeon/dibwmssikprod/labeldaemon
wmssik_repl | /data/batchapp/softeon/dibwmssikprod/replenishmentdaemon
wmssik_rccl | /data/batchapp/softeon/dibwmssikprod/replenishmentpickloccanceldaemon
wmssik_rpt | /data/batchapp/softeon/dibwmssikprod/reportdaemon
wmssik_1rpt | /data/batchapp/softeon/dibwmssikprod/reportdaemon1
wmssik_jqgrid | /data/batchapp/softeon/dibwmssikprod/reportjqgridexportdaemon
wmssik_sch | /data/batchapp/softeon/dibwmssikprod/schedulardaemon
wmssik_inbq | /data/batchapp/softeon/dibwmssikprod/uploaddeamon
wmssik_wld | /data/batchapp/softeon/dibwmssikprod/wavelaunchdaemon
wmssik_zplp | /data/batchapp/softeon/dibwmssikprod/zebraprintdaemon
wmssik_vmsik | /data/batchapp/softeon/dibwmssikprod/voicemobilesikdaemon
wmssik_vmsik2 | /data/batchapp/softeon/dibwmssikprod/voicemobilesikdaemon2

==============================================================================
JBOSS/WILDFLY APPS (simple table)
==============================================================================
JBoss App Processes | 0
JBoss Apps | None

==============================================================================
Server Availability Check Completed | 2026-05-23 06:42:44.768999
==============================================================================

2026-05-23 02:43:14,060 - 1448154 - ERROR - app_validation.py errors for i-0fbcd31a147a976dd:

2026-05-23 02:43:14,062 - 1448154 - INFO - Before patching validation saved to: /data/patching_report/validation-2026-05-23/DIB-SIK-Batch/10.64.12.61/10.64.12.61-BeforePatching-2026-05-23-02-43-14-061.log
2026-05-23 02:43:14,062 - 1448154 - INFO - Stopping EC2 instance: i-0fbcd31a147a976dd at 2026-05-23 02:43:14
2026-05-23 02:44:15,197 - 1448154 - INFO - Instance i-0fbcd31a147a976dd stopped successfully.
2026-05-23 02:44:15,328 - 1448154 - INFO - Stopped i-0fbcd31a147a976dd in 0:01:01.266409
2026-05-23 02:44:15,329 - 1448154 - INFO - Starting EC2 instance: i-0fbcd31a147a976dd
2026-05-23 02:44:31,239 - 1448154 - INFO - Instance i-0fbcd31a147a976dd started successfully.
2026-05-23 02:44:31,239 - 1448154 - INFO - Waiting 100 seconds for SSM agent to be ready on i-0fbcd31a147a976dd...
2026-05-23 02:46:11,524 - 1448154 - INFO - Sent app_validation.py to i-0fbcd31a147a976dd (command_id: 0fce77d0-cb51-42b4-bf7e-3c2877e22e8f)
2026-05-23 02:46:41,645 - 1448154 - INFO - app_validation.py output for i-0fbcd31a147a976dd:

==============================================================================
Server Availability Check Started | 2026-05-23 06:46:11.904849
==============================================================================

==============================================================================
SYSTEM INFORMATION
==============================================================================
Server IP | 10.64.12.61
Hostname | ip-10-64-12-61.us-east-2.compute.internal
Current User | root
Working Directory | /usr/bin
Time Zone | UTC

==============================================================================
STORAGE CHECK | /data mounts
==============================================================================
Filesystem | Size | Used | Avail | Use% | Mounted on
/dev/nvme1n1p2 | 239.9G | 75.8G | 164.0G | 31% | /data
fs-c14c83ba.efs.us-east-2.amazonaws.com:/ | 0B | 10.8T | 0B | 0% | /data2

==============================================================================
SYMLINK CHECK | root (/)
==============================================================================
Symlinks Total | 4
Symlinks Valid | 4
Symlinks Invalid | 0
Symlink | ResolvedTarget
/bin | /usr/bin
/lib | /usr/lib
/lib64 | /usr/lib64
/sbin | /usr/sbin

==============================================================================
NFS CHECK
==============================================================================
NFS Package Installed | Yes
nfs-server.service Active | No
nfs-client.target Active | Yes
/etc/exports Present | Yes
EXPORTS_LINE | (empty)
NFS_MOUNT | Device | MountPoint | FSType
NFS_MOUNT | fs-c14c83ba.efs.us-east-2.amazonaws.com:/ | /data2 | nfs4

==============================================================================
CUPS CHECK
==============================================================================
CUPS Installed | Yes
CUPS Running | Yes
CUPS Version | 1.7.5
CUPS IP URL (http://10.64.12.61:631) | 200
Cups server Http Status | 200
Cups printers Http Status | 200
Printers Configured | 43

==============================================================================
FTP CHECK
==============================================================================
FTP Installed | No
FTP Running (Port 21 localhost) | No
FTP Port 21 Reachable on 10.64.12.61 | No
FTP Processes | None

==============================================================================
JAVA CHECK
==============================================================================
Total Java Processes | 15
Batch/Daemon Java Processes | 15
Non-Standalone Java Processes | wmssik_abchdis, wmssik_ftp, wmssik_harp, wmssik_lbl, wmssik_repl, wmssik_rccl, wmssik_rpt, wmssik_1rpt, wmssik_jqgrid, wmssik_sch, wmssik_inbq, wmssik_vmsik, wmssik_vmsik2, wmssik_wld, wmssik_zplp

==============================================================================
BATCH/DAEMON JAVA DETAILS
==============================================================================
Batch/Daemon Java Processes | 15
Java-Name | Java-Path
wmssik_abchdis | /data/batchapp/softeon/dibwmssikprod/autobatchdistributiondaemon
wmssik_ftp | /data/batchapp/softeon/dibwmssikprod/ftpdaemon
wmssik_harp | /data/batchapp/softeon/dibwmssikprod/hardallocationdaemon
wmssik_lbl | /data/batchapp/softeon/dibwmssikprod/labeldaemon
wmssik_repl | /data/batchapp/softeon/dibwmssikprod/replenishmentdaemon
wmssik_rccl | /data/batchapp/softeon/dibwmssikprod/replenishmentpickloccanceldaemon
wmssik_rpt | /data/batchapp/softeon/dibwmssikprod/reportdaemon
wmssik_1rpt | /data/batchapp/softeon/dibwmssikprod/reportdaemon1
wmssik_jqgrid | /data/batchapp/softeon/dibwmssikprod/reportjqgridexportdaemon
wmssik_sch | /data/batchapp/softeon/dibwmssikprod/schedulardaemon
wmssik_inbq | /data/batchapp/softeon/dibwmssikprod/uploaddeamon
wmssik_vmsik | /data/batchapp/softeon/dibwmssikprod/voicemobilesikdaemon
wmssik_vmsik2 | /data/batchapp/softeon/dibwmssikprod/voicemobilesikdaemon2
wmssik_wld | /data/batchapp/softeon/dibwmssikprod/wavelaunchdaemon
wmssik_zplp | /data/batchapp/softeon/dibwmssikprod/zebraprintdaemon

==============================================================================
JBOSS/WILDFLY APPS (simple table)
==============================================================================
JBoss App Processes | 0
JBoss Apps | None

==============================================================================
Server Availability Check Completed | 2026-05-23 06:46:12.447560
==============================================================================

2026-05-23 02:46:41,645 - 1448154 - ERROR - app_validation.py errors for i-0fbcd31a147a976dd:

2026-05-23 02:46:41,647 - 1448154 - INFO - After patching validation saved to: /data/patching_report/validation-2026-05-23/DIB-SIK-Batch/10.64.12.61/10.64.12.61-AfterPatching-2026-05-23-02-46-41-646.log
2026-05-23 02:46:41,699 - 1448154 - INFO - Validation comparison report generated: /data/patching_report/validation-2026-05-23/DIB-SIK-Batch/10.64.12.61/10.64.12.61-Validation-details-2026-05-23-02-46-41-646.html
2026-05-23 02:46:41,986 - 1448154 - INFO - Email sent successfully to ['CloudOps@softeon.com', 'kishlayk@softeon.com']
2026-05-23 02:46:41,987 - 1448154 - INFO - HTML validation report email sent for i-0fbcd31a147a976dd
2026-05-23 02:46:42,213 - 1448154 - INFO - Started i-0fbcd31a147a976dd in 0:02:26.883732
2026-05-23 02:46:42,213 - 1448154 - INFO - All instances processed.
2026-05-23 02:46:42,216 - 1448154 - INFO - Restart Total time: 0:04:06.642743
2026-05-23 02:46:42,216 - 1448154 - INFO - Auto-confirmed services are restarted
2026-05-23 02:46:42,216 - 1448154 - INFO - Confirmed - services are started
2026-05-23 02:46:42,329 - 1448154 - INFO - The following instances have failed the patch: []
2026-05-23 02:46:42,330 - 1448154 - INFO - No instances have failed the patch.
2026-05-23 02:46:42,330 - 1448154 - INFO - Total Patch Process time: 0:11:39.379417
2026-05-23 02:47:42,699 - 1448154 - INFO - Log file ./logs/patching_2026-05-23_DIB-SIK-Batch.log uploaded to s3://q2-2026-aws-security-patching/DIB-SIK-Batch_Patch/2026-05-23/patching_2026-05-23_DIB-SIK-Batch.log
