
  Enter the username for the Server . 

  Enter the Password for the Server  Username: appadmin. 
Selected Server ip address is 
Gathering Application ports, CUPS, FTP service the details on this IP Address 10.154.0.22. 
Selected ip address is 10.154.0.22
Selected Username is appadmin

[0m

----------------------------------------
Server IP : 10.154.0.22
----------------------------------------
Physical Memory Information
---------------------------
Total Physical Memory = 15673 MB
Used Physical Memory  = 8740 MB
----------------------------------------
Free Physical Memory  = 6933 MB
----------------------------------------
----------------------------------------
Server IP : 10.154.0.22
----------------------------------------
Swap  Memory Information
------------------------
Total Swap Memory = 10239 MB
Used Swap Memory  = 0 MB
----------------------------------------
Free Swap Memory  = 10239 MB
----------------------------------------
Filesystem                                          Size  Used Avail Use% Mounted on
/dev/nvme0n1p1                                       20G  5.7G   15G  29% /
/dev/nvme1n1p2                                      240G  153G   88G  64% /data
fs-0ee5a97f5e33abab4.efs.us-east-1.amazonaws.com:/  8.0E   15G  8.0E   1% /data2
fs-282d309d.efs.us-east-1.amazonaws.com:/           8.0E  1.5G  8.0E   1% /data4
devtmpfs                                            7.7G     0  7.7G   0% /dev
tmpfs                                               7.7G  304K  7.7G   1% /dev/shm
tmpfs                                               7.7G  508K  7.7G   1% /run
tmpfs                                               1.6G     0  1.6G   0% /run/user/2001
tmpfs                                               7.7G     0  7.7G   0% /sys/fs/cgroup

[0m
Application Port Valiation for Server IP: [0;32m 10.154.0.22 [0m started on [0;32m 11-Feb-2024-10:49:36
[0m
Server IP: 10.154.0.22 is reachable.
[0m
SSH / SFTP Service (Port:[0;32m 22 [0m) is available in Server IP: 10.154.0.22 [0m
[0;31m
FTP Service (Port: 21) is not available in Server IP: 10.154.0.22
[0m
[0m
CUPS Service (Port:[0;32m 631 [0m) is available in Server IP: 10.154.0.22
[0m
[0m
Total Number of printers availabe in this Server IP: 10.154.0.22 [0;32m 119
[0m
Total number of Java process running on this host 10.154.0.22 is 2
Total number of Daemon / Batch (java) application process available is 0


Daemon Process id and name details are given below 
-------------------------------------------------------------------------------
Total number of App process running on this host 10.154.0.22
Total number of App java process available is [0;32m  2 [0m
-------------------------------------------------------------------------------

 
********************** IP address is "10.154.0.22"**********************
-----------------------------------------------------------------------
----------------------------------------------------------------------------------------------------------------------------------------------
 PID       AppName      JbossVersion  Java-Name              Port-No        	 URL     Status  SSL-Status   	App-Path% 
----------------------------------------------------------------------------------------------------------------------------------------------
17370      technicolorstress jboss720eap  tcstress_jb72ep           8080   10.154.0.22:8080 UP     Disabled   /data/app/jboss720eap/softeon/technicolorstress/standalone
7074       technicolorrfstress jboss720eap  trftress_jb72ep           8081   10.154.0.22:8081 UP     Enabled    /data/app/jboss720eap/softeon/technicolorrfstress/standalone
-------------------------------------------------------------------------------
Gathering Application ports, CUPS, FTP service the details on this IP Address 10.154.0.48. 
Selected ip address is 10.154.0.48
Selected Username is appadmin

[0m

----------------------------------------
Server IP : 10.154.0.48
----------------------------------------
Physical Memory Information
---------------------------
Total Physical Memory = 15673 MB
Used Physical Memory  = 8804 MB
----------------------------------------
Free Physical Memory  = 6869 MB
----------------------------------------
----------------------------------------
Server IP : 10.154.0.48
----------------------------------------
Swap  Memory Information
------------------------
Total Swap Memory = 10239 MB
Used Swap Memory  = 0 MB
----------------------------------------
Free Swap Memory  = 10239 MB
----------------------------------------
Filesystem                                          Size  Used Avail Use% Mounted on
/dev/nvme0n1p1                                       20G  5.7G   15G  29% /
/dev/nvme1n1p2                                      240G  152G   89G  64% /data
fs-0ee5a97f5e33abab4.efs.us-east-1.amazonaws.com:/  8.0E   15G  8.0E   1% /data2
fs-282d309d.efs.us-east-1.amazonaws.com:/           8.0E  1.5G  8.0E   1% /data4
devtmpfs                                            7.7G     0  7.7G   0% /dev
tmpfs                                               7.7G  308K  7.7G   1% /dev/shm
tmpfs                                               7.7G  508K  7.7G   1% /run
tmpfs                                               1.6G     0  1.6G   0% /run/user/2001
tmpfs                                               7.7G     0  7.7G   0% /sys/fs/cgroup

[0m
Application Port Valiation for Server IP: [0;32m 10.154.0.48 [0m started on [0;32m 11-Feb-2024-10:50:12
[0m
Server IP: 10.154.0.48 is reachable.
[0m
SSH / SFTP Service (Port:[0;32m 22 [0m) is available in Server IP: 10.154.0.48 [0m
[0;31m
FTP Service (Port: 21) is not available in Server IP: 10.154.0.48
[0m
[0m
CUPS Service (Port:[0;32m 631 [0m) is available in Server IP: 10.154.0.48
[0m
[0m
Total Number of printers availabe in this Server IP: 10.154.0.48 [0;32m 119
[0m
Total number of Java process running on this host 10.154.0.48 is 2
Total number of Daemon / Batch (java) application process available is 0


Daemon Process id and name details are given below 
-------------------------------------------------------------------------------
Total number of App process running on this host 10.154.0.48
Total number of App java process available is [0;32m  2 [0m
-------------------------------------------------------------------------------

 
********************** IP address is "10.154.0.48"**********************
-----------------------------------------------------------------------
----------------------------------------------------------------------------------------------------------------------------------------------
 PID       AppName      JbossVersion  Java-Name              Port-No        	 URL     Status  SSL-Status   	App-Path% 
----------------------------------------------------------------------------------------------------------------------------------------------
12358      technicolorstress jboss720eap  tcstress_jb72ep           8080   10.154.0.48:8080 UP     Disabled   /data/app/jboss720eap/softeon/technicolorstress/standalone
1507       technicolorrfstress jboss720eap  trftress_jb72ep           8081   10.154.0.48:8081 UP     Enabled    /data/app/jboss720eap/softeon/technicolorrfstress/standalone
-------------------------------------------------------------------------------
Gathering Application ports, CUPS, FTP service the details on this IP Address 10.154.0.46. 
Selected ip address is 10.154.0.46
Selected Username is appadmin

[0m

----------------------------------------
Server IP : 10.154.0.46
----------------------------------------
Physical Memory Information
---------------------------
Total Physical Memory = 15673 MB
Used Physical Memory  = 7390 MB
----------------------------------------
Free Physical Memory  = 8283 MB
----------------------------------------
----------------------------------------
Server IP : 10.154.0.46
----------------------------------------
Swap  Memory Information
------------------------
Total Swap Memory = 10239 MB
Used Swap Memory  = 0 MB
----------------------------------------
Free Swap Memory  = 10239 MB
----------------------------------------
Filesystem                                          Size  Used Avail Use% Mounted on
/dev/nvme0n1p1                                       20G  5.7G   15G  29% /
/dev/nvme1n1p2                                      240G  185G   56G  78% /data
fs-0ee5a97f5e33abab4.efs.us-east-1.amazonaws.com:/  8.0E   15G  8.0E   1% /data2
fs-282d309d.efs.us-east-1.amazonaws.com:/           8.0E  1.5G  8.0E   1% /data4
devtmpfs                                            7.7G     0  7.7G   0% /dev
tmpfs                                               7.7G  324K  7.7G   1% /dev/shm
tmpfs                                               7.7G  532K  7.7G   1% /run
tmpfs                                               1.6G     0  1.6G   0% /run/user/2001
tmpfs                                               1.6G     0  1.6G   0% /run/user/2002
tmpfs                                               7.7G     0  7.7G   0% /sys/fs/cgroup

[0m
Application Port Valiation for Server IP: [0;32m 10.154.0.46 [0m started on [0;32m 11-Feb-2024-10:50:46
[0m
Server IP: 10.154.0.46 is reachable.
[0m
SSH / SFTP Service (Port:[0;32m 22 [0m) is available in Server IP: 10.154.0.46 [0m
[0;31m
FTP Service (Port: 21) is not available in Server IP: 10.154.0.46
[0m
[0m
CUPS Service (Port:[0;32m 631 [0m) is available in Server IP: 10.154.0.46
[0m
[0m
Total Number of printers availabe in this Server IP: 10.154.0.46 [0;32m 119
[0m
Total number of Java process running on this host 10.154.0.46 is 26
Total number of Daemon / Batch (java) application process available is 26


Daemon Process id and name details are given below 
8859       techstr_1inbq                 
8617       techstr_1repcd                
8885       techstr_2inbq                 
9121       techstr_apick                 
9164       techstr_as_inv                
8409       techstr_dwa                   
8439       techstr_event                 
8709       techstr_exrpt                 
8465       techstr_ftp                   
8495       techstr_harp                  
11585      techstr_ict                   
30598      techstr_inbq                  
9083       techstr_invbt                 
8527       techstr_lbl                   
9016       techstr_nsh                   
8587       techstr_repcd                 
8556       techstr_repl                  
8647       techstr_reppu                 
8678       techstr_rpt                   
8739       techstr_sch                   
8951       techstr_wcsi                  
8983       techstr_wcso                  
8770       techstr_wcssi                 
8801       techstr_wcsso                 
8916       techstr_wld                   
9048       techstr_wsq                   
-------------------------------------------------------------------------------
Total number of App process running on this host 10.154.0.46
Total number of App java process available is [0;32m  0 [0m
-------------------------------------------------------------------------------
Jboss applications are not running on this server
-------------------------------------------------------------------------------
