2025-11-09 00:30:02,468 - INFO - Running backup for tag: NFI-APP-1
2025-11-09 00:30:03,040 - INFO - Creating backup for: i-0ac439d17ef1fb5fc
2025-11-09 00:30:03,233 - INFO - Backup Job ID: 081f5a13-b538-4f07-a3c8-eb7ad27be733 started at 2025-11-09 00:30:03
2025-11-09 00:35:02,260 - INFO - Running backup for tag: NFI-APP-2
2025-11-09 00:35:02,649 - INFO - Creating backup for: i-067679a16a6694521
2025-11-09 00:35:02,815 - INFO - Backup Job ID: 3a7442bb-fda5-4ef4-8479-2f251b7e25ed started at 2025-11-09 00:35:02
2025-11-09 00:38:16,503 - INFO - Backup completed: 081f5a13-b538-4f07-a3c8-eb7ad27be733
2025-11-09 00:38:21,623 - INFO - Backup total time: 0:08:17.959810
2025-11-09 00:38:21,704 - INFO - Completed backups: ['i-0ac439d17ef1fb5fc']
2025-11-09 00:43:15,859 - INFO - Backup completed: 3a7442bb-fda5-4ef4-8479-2f251b7e25ed
2025-11-09 00:43:20,980 - INFO - Backup total time: 0:08:17.837883
2025-11-09 00:43:21,064 - INFO - Completed backups: ['i-067679a16a6694521']
2025-11-09 00:50:02,403 - INFO - Running backup for tag: NFI-Batch
2025-11-09 00:50:02,748 - INFO - Creating backup for: i-03fba0551fdf718ff
2025-11-09 00:50:02,902 - INFO - Backup Job ID: 23bbc388-a902-4146-b93d-c4c72145e11f started at 2025-11-09 00:50:02
2025-11-09 01:30:02,747 - INFO - Running backup for tag: StandardFiber-APP
2025-11-09 01:30:03,242 - INFO - Creating backup for: i-005de4f42b412ffbf
2025-11-09 01:30:03,672 - INFO - Backup Job ID: b8323776-d677-44b2-96fe-dda588716026 started at 2025-11-09 01:30:03
2025-11-09 01:30:03,673 - INFO - Creating backup for: i-0a27717ada94ab4af
2025-11-09 01:30:03,904 - INFO - Backup Job ID: 0681ae14-8b5c-4d34-987e-5a292d815026 started at 2025-11-09 01:30:03
2025-11-09 01:34:13,954 - INFO - Backup completed: 0681ae14-8b5c-4d34-987e-5a292d815026
2025-11-09 01:34:19,036 - INFO - Backup completed: b8323776-d677-44b2-96fe-dda588716026
2025-11-09 01:34:24,169 - INFO - Backup total time: 0:04:19.978641
2025-11-09 01:34:24,247 - INFO - Completed backups: ['i-0a27717ada94ab4af', 'i-005de4f42b412ffbf']
2025-11-09 01:45:02,473 - INFO - Running backup for tag: StandardFiber-Batch
2025-11-09 01:45:02,778 - INFO - Creating backup for: i-03fb63aa41fa3e2f8
2025-11-09 01:45:03,205 - INFO - Backup Job ID: 3bd9a606-6338-488d-99a7-f49bab40c652 started at 2025-11-09 01:45:03
2025-11-09 01:46:27,359 - INFO - Backup completed: 23bbc388-a902-4146-b93d-c4c72145e11f
2025-11-09 01:46:32,489 - INFO - Backup total time: 0:56:29.214172
2025-11-09 01:46:32,585 - INFO - Completed backups: ['i-03fba0551fdf718ff']
2025-11-09 01:53:17,279 - INFO - Backup completed: 3bd9a606-6338-488d-99a7-f49bab40c652
2025-11-09 01:53:22,409 - INFO - Backup total time: 0:08:18.936744
2025-11-09 01:53:22,487 - INFO - Completed backups: ['i-03fb63aa41fa3e2f8']
