2025-11-16 00:00:02,302 - INFO - Running backup for tag: BFA-Production-App
2025-11-16 00:00:02,837 - INFO - Creating backup for: i-0e4fdb5174e4b7263
2025-11-16 00:00:03,047 - INFO - Backup Job ID: 20f2d01e-01e5-4898-9bfe-156830e9ae9c started at 2025-11-16 00:00:03
2025-11-16 00:00:03,048 - INFO - Creating backup for: i-050f7f976456fad9b
2025-11-16 00:00:03,227 - INFO - Backup Job ID: ce684eb4-5c08-4ef8-b9b5-bc1bc465bc42 started at 2025-11-16 00:00:03
2025-11-16 00:00:03,493 - ERROR - Backup update failed: Object of type UniqueViolation is not JSON serializable
Traceback (most recent call last):
  File "/data/patching_v4/common/utils.py", line 90, in bulk_insert
    result = cursor.executemany(insert_statement, records)
psycopg2.errors.UniqueViolation: duplicate key value violates unique constraint "patching_log_pkey"
DETAIL:  Key (instance_id, command_id)=(i-0e4fdb5174e4b7263, Pending) already exists.


During handling of the above exception, another exception occurred:

Traceback (most recent call last):
  File "/data/patching_v4/patching_backup.py", line 111, in backup_instances
    utils.bulk_insert(db_details, update_stmt, update_sql)
  File "/data/patching_v4/common/utils.py", line 100, in bulk_insert
    write_cw_logs(pid, log_level, message)
  File "/data/patching_v4/common/utils.py", line 158, in write_cw_logs
    json_message = json.dumps(cw_message)
  File "/usr/lib64/python3.8/json/__init__.py", line 231, in dumps
    return _default_encoder.encode(obj)
  File "/usr/lib64/python3.8/json/encoder.py", line 199, in encode
    chunks = self.iterencode(o, _one_shot=True)
  File "/usr/lib64/python3.8/json/encoder.py", line 257, in iterencode
    return _iterencode(o, 0)
  File "/usr/lib64/python3.8/json/encoder.py", line 179, in default
    raise TypeError(f'Object of type {o.__class__.__name__} '
TypeError: Object of type UniqueViolation is not JSON serializable

2025-11-16 00:05:02,022 - INFO - Running backup for tag: BFA-Production-Batch
2025-11-16 00:05:02,441 - INFO - Creating backup for: i-0a0f0aa129fe15e94
2025-11-16 00:05:02,636 - INFO - Backup Job ID: 11a854fa-db68-4ca7-a436-ffdab5dc4611 started at 2025-11-16 00:05:02
2025-11-16 00:05:02,823 - ERROR - Backup update failed: Object of type UniqueViolation is not JSON serializable
Traceback (most recent call last):
  File "/data/patching_v4/common/utils.py", line 90, in bulk_insert
    result = cursor.executemany(insert_statement, records)
psycopg2.errors.UniqueViolation: duplicate key value violates unique constraint "patching_log_pkey"
DETAIL:  Key (instance_id, command_id)=(i-0a0f0aa129fe15e94, Pending) already exists.


During handling of the above exception, another exception occurred:

Traceback (most recent call last):
  File "/data/patching_v4/patching_backup.py", line 111, in backup_instances
    utils.bulk_insert(db_details, update_stmt, update_sql)
  File "/data/patching_v4/common/utils.py", line 100, in bulk_insert
    write_cw_logs(pid, log_level, message)
  File "/data/patching_v4/common/utils.py", line 158, in write_cw_logs
    json_message = json.dumps(cw_message)
  File "/usr/lib64/python3.8/json/__init__.py", line 231, in dumps
    return _default_encoder.encode(obj)
  File "/usr/lib64/python3.8/json/encoder.py", line 199, in encode
    chunks = self.iterencode(o, _one_shot=True)
  File "/usr/lib64/python3.8/json/encoder.py", line 257, in iterencode
    return _iterencode(o, 0)
  File "/usr/lib64/python3.8/json/encoder.py", line 179, in default
    raise TypeError(f'Object of type {o.__class__.__name__} '
TypeError: Object of type UniqueViolation is not JSON serializable

2025-11-16 01:30:03,522 - INFO - Running backup for tag: Brooks-Production-App
2025-11-16 01:30:03,947 - INFO - Creating backup for: i-0194d9189e08ca623
2025-11-16 01:30:04,093 - INFO - Backup Job ID: d1961793-80a3-4f73-87ca-157a5e768032 started at 2025-11-16 01:30:04
2025-11-16 01:30:04,093 - INFO - Creating backup for: i-044a8d3d9923b5698
2025-11-16 01:30:04,251 - INFO - Backup Job ID: 2e88c3f9-7c93-4171-840b-25a583416c7a started at 2025-11-16 01:30:04
2025-11-16 01:32:10,296 - INFO - Backup completed: 2e88c3f9-7c93-4171-840b-25a583416c7a
2025-11-16 01:32:15,329 - INFO - Backup completed: d1961793-80a3-4f73-87ca-157a5e768032
2025-11-16 01:32:20,481 - INFO - Backup total time: 0:02:15.963925
2025-11-16 01:32:20,565 - INFO - Completed backups: ['i-0194d9189e08ca623', 'i-044a8d3d9923b5698']
2025-11-16 01:35:02,629 - INFO - Running backup for tag: Brooks-Production-Batch
2025-11-16 01:35:02,872 - INFO - Creating backup for: i-0db01badc5932905f
2025-11-16 01:35:02,985 - INFO - Backup Job ID: 5f0c0ae7-e9c9-4ab5-86e7-6fe3b2b69aa0 started at 2025-11-16 01:35:02
2025-11-16 01:43:16,126 - INFO - Backup completed: 5f0c0ae7-e9c9-4ab5-86e7-6fe3b2b69aa0
2025-11-16 01:43:21,300 - INFO - Backup total time: 0:08:18.044792
2025-11-16 01:43:21,384 - INFO - Completed backups: ['i-0db01badc5932905f']
