2025-10-30 20:10:02,656 - INFO - Running backup for tag: DIBUAT-Application
2025-10-30 20:10:03,068 - INFO - Creating backup for: i-08a386754cd949103
2025-10-30 20:10:03,336 - INFO - Backup Job ID: fb5ae625-ca02-47fe-85f5-eadbf4855b0f started at 2025-10-30 20:10:03
2025-10-30 20:10:03,336 - INFO - Creating backup for: i-0b2f0394db704a938
2025-10-30 20:10:03,562 - INFO - Backup Job ID: 4cf7e080-211b-4aeb-b25f-54abf6e412fa started at 2025-10-30 20:10:03
2025-10-30 20:10:03,562 - INFO - Creating backup for: i-0a0d1c277699e6002
2025-10-30 20:10:03,739 - INFO - Backup Job ID: 141661d2-fa32-4760-b15c-a5d967f0e2ad started at 2025-10-30 20:10:03
2025-10-30 20:10:03,739 - INFO - Creating backup for: i-0da9db3fe030f8a9e
2025-10-30 20:10:03,914 - INFO - Backup Job ID: 192f1587-f8a2-4e92-8f10-72a1f4e016dc started at 2025-10-30 20:10:03
2025-10-30 20:12:10,294 - INFO - Backup completed: 4cf7e080-211b-4aeb-b25f-54abf6e412fa
2025-10-30 20:12:20,355 - INFO - Backup completed: 192f1587-f8a2-4e92-8f10-72a1f4e016dc
2025-10-30 20:14:16,121 - INFO - Backup completed: fb5ae625-ca02-47fe-85f5-eadbf4855b0f
2025-10-30 20:15:02,731 - INFO - Running backup for tag: DIBUAT-Batch
2025-10-30 20:15:03,083 - INFO - Creating backup for: i-0061e0ca24620c596
2025-10-30 20:15:03,240 - INFO - Backup Job ID: a6a98075-3eb9-4514-88bd-079894e90317 started at 2025-10-30 20:15:03
2025-10-30 20:15:03,240 - INFO - Creating backup for: i-07347549ed5dc615a
2025-10-30 20:15:03,369 - INFO - Backup Job ID: 3be9e81e-938f-452b-a3d5-96fbba2dfc13 started at 2025-10-30 20:15:03
2025-10-30 20:23:16,706 - INFO - Backup completed: a6a98075-3eb9-4514-88bd-079894e90317
2025-10-30 20:23:21,733 - INFO - Backup completed: 3be9e81e-938f-452b-a3d5-96fbba2dfc13
2025-10-30 20:23:26,867 - INFO - Backup total time: 0:08:23.223417
2025-10-30 20:23:26,947 - INFO - Completed backups: ['i-0061e0ca24620c596', 'i-07347549ed5dc615a']
2025-10-30 20:26:25,440 - INFO - Backup completed: 141661d2-fa32-4760-b15c-a5d967f0e2ad
2025-10-30 20:26:30,601 - INFO - Backup total time: 0:16:26.390789
2025-10-30 20:26:30,687 - INFO - Completed backups: ['i-0b2f0394db704a938', 'i-0da9db3fe030f8a9e', 'i-0a0d1c277699e6002', 'i-08a386754cd949103']
2025-10-30 22:05:02,170 - INFO - Running backup for tag: Denso-uat-batch
2025-10-30 22:05:02,563 - INFO - Creating backup for: i-000e4ec780ce15fa9
2025-10-30 22:05:02,768 - INFO - Backup Job ID: e64b9c63-daea-4626-ade6-859fdb9cc492 started at 2025-10-30 22:05:02
2025-10-30 22:05:02,769 - INFO - Creating backup for: i-0416620961779a0a4
2025-10-30 22:05:02,970 - INFO - Backup Job ID: 47be887d-d8f9-4ab8-895a-cf6a992f6d0d started at 2025-10-30 22:05:02
2025-10-30 22:10:02,563 - INFO - Running backup for tag: Denso-App-Uat
2025-10-30 22:10:02,894 - INFO - Creating backup for: i-0f7908a2dfa94b044
2025-10-30 22:10:03,092 - INFO - Backup Job ID: f29ebf00-0449-40fc-bc6a-63a076f030e2 started at 2025-10-30 22:10:03
2025-10-30 22:10:03,092 - INFO - Creating backup for: i-03a3ede50a1daf0e3
2025-10-30 22:10:03,201 - INFO - Backup Job ID: eb699611-a59e-480f-9320-c58eb43997b1 started at 2025-10-30 22:10:03
2025-10-30 22:12:09,391 - INFO - Backup completed: eb699611-a59e-480f-9320-c58eb43997b1
2025-10-30 22:12:14,416 - INFO - Backup completed: f29ebf00-0449-40fc-bc6a-63a076f030e2
2025-10-30 22:12:19,555 - INFO - Backup total time: 0:02:15.997249
2025-10-30 22:12:19,634 - INFO - Completed backups: ['i-0f7908a2dfa94b044', 'i-03a3ede50a1daf0e3']
2025-10-30 22:21:25,068 - INFO - Backup completed: 47be887d-d8f9-4ab8-895a-cf6a992f6d0d
2025-10-30 22:21:30,095 - INFO - Backup completed: e64b9c63-daea-4626-ade6-859fdb9cc492
2025-10-30 22:21:35,268 - INFO - Backup total time: 0:16:31.987272
2025-10-30 22:21:35,355 - INFO - Completed backups: ['i-000e4ec780ce15fa9', 'i-0416620961779a0a4']
