2025-12-06 02:05:02,244 - INFO - Running backup for tag: Cyclelogistics-App
2025-12-06 02:05:02,665 - INFO - Creating backup for: i-0ffd7f51f314c4441
2025-12-06 02:05:02,786 - INFO - Backup Job ID: 7a350dd1-e185-4cb9-85bd-776299807fce started at 2025-12-06 02:05:02
2025-12-06 02:05:02,786 - INFO - Creating backup for: i-0f5c7ee8394b4f1cb
2025-12-06 02:05:02,879 - INFO - Backup Job ID: b848af50-c654-444a-8c54-f551f9a24510 started at 2025-12-06 02:05:02
2025-12-06 02:07:08,890 - INFO - Backup completed: b848af50-c654-444a-8c54-f551f9a24510
2025-12-06 02:07:13,921 - INFO - Backup completed: 7a350dd1-e185-4cb9-85bd-776299807fce
2025-12-06 02:07:19,050 - INFO - Backup total time: 0:02:15.903137
2025-12-06 02:07:19,127 - INFO - Completed backups: ['i-0f5c7ee8394b4f1cb', 'i-0ffd7f51f314c4441']
2025-12-06 02:15:02,854 - INFO - Running backup for tag: Cyclelogistics-Batch
2025-12-06 02:15:03,279 - INFO - Creating backup for: i-0fb88a901a4d17d8a
2025-12-06 02:15:03,441 - INFO - Backup Job ID: bf5f3be1-8a55-4d44-96cb-b6406698e4f3 started at 2025-12-06 02:15:03
2025-12-06 02:17:09,518 - INFO - Backup completed: bf5f3be1-8a55-4d44-96cb-b6406698e4f3
2025-12-06 02:17:14,648 - INFO - Backup total time: 0:02:10.904500
2025-12-06 02:17:14,723 - INFO - Completed backups: ['i-0fb88a901a4d17d8a']
2025-12-06 03:05:02,382 - INFO - Running backup for tag: Gabes-App
2025-12-06 03:05:02,744 - INFO - Creating backup for: i-0fb825dd572810fb8
2025-12-06 03:05:02,948 - INFO - Backup Job ID: 043d1307-8462-4fc2-9e3a-b8a6e9dbcf75 started at 2025-12-06 03:05:02
2025-12-06 03:05:02,948 - INFO - Creating backup for: i-0f90cf89c3348018f
2025-12-06 03:05:03,071 - INFO - Backup Job ID: cd96e31a-6fa4-497d-a0f7-69b6a25d8d37 started at 2025-12-06 03:05:03
2025-12-06 03:07:14,328 - INFO - Backup completed: 043d1307-8462-4fc2-9e3a-b8a6e9dbcf75
2025-12-06 03:09:10,179 - INFO - Backup completed: cd96e31a-6fa4-497d-a0f7-69b6a25d8d37
2025-12-06 03:09:15,328 - INFO - Backup total time: 0:04:11.974507
2025-12-06 03:09:15,406 - INFO - Completed backups: ['i-0f90cf89c3348018f', 'i-0fb825dd572810fb8']
2025-12-06 03:15:02,725 - INFO - Running backup for tag: Gabes-Batch
2025-12-06 03:15:03,146 - INFO - Creating backup for: i-0289ba0d4cf6f24fc
2025-12-06 03:15:03,362 - INFO - Backup Job ID: fde7e2c7-7ebb-499f-8544-e4b03a4de010 started at 2025-12-06 03:15:03
2025-12-06 03:17:09,820 - INFO - Backup completed: fde7e2c7-7ebb-499f-8544-e4b03a4de010
2025-12-06 03:17:14,958 - INFO - Backup total time: 0:02:11.165426
2025-12-06 03:17:15,038 - INFO - Completed backups: ['i-0289ba0d4cf6f24fc']
2025-12-06 04:05:01,610 - INFO - Running backup for tag: Durodyne-App
2025-12-06 04:05:02,108 - INFO - Creating backup for: i-0ca5df1a770e5ef25
2025-12-06 04:05:02,270 - INFO - Backup Job ID: ef17e3d7-0f5d-4b32-93ef-7514fde99567 started at 2025-12-06 04:05:02
2025-12-06 04:05:02,271 - INFO - Creating backup for: i-0391bdd1578394707
2025-12-06 04:05:02,378 - INFO - Backup Job ID: 32c73006-d93b-4769-a055-5799b16d8864 started at 2025-12-06 04:05:02
2025-12-06 04:07:08,561 - INFO - Backup completed: 32c73006-d93b-4769-a055-5799b16d8864
2025-12-06 04:07:13,592 - INFO - Backup completed: ef17e3d7-0f5d-4b32-93ef-7514fde99567
2025-12-06 04:07:18,720 - INFO - Backup total time: 0:02:15.931308
2025-12-06 04:07:18,817 - INFO - Completed backups: ['i-0391bdd1578394707', 'i-0ca5df1a770e5ef25']
2025-12-06 04:15:02,296 - INFO - Running backup for tag: Durodyne-Batch
2025-12-06 04:15:02,832 - INFO - Creating backup for: i-0a9e9959991701a40
2025-12-06 04:15:02,977 - INFO - Backup Job ID: 0948eb6c-12c4-4888-9a94-4c0a69f0648d started at 2025-12-06 04:15:02
2025-12-06 04:19:14,821 - INFO - Backup completed: 0948eb6c-12c4-4888-9a94-4c0a69f0648d
2025-12-06 04:19:19,951 - INFO - Backup total time: 0:04:16.598135
2025-12-06 04:19:20,035 - INFO - Completed backups: ['i-0a9e9959991701a40']
2025-12-06 20:05:02,765 - INFO - Running backup for tag: Denso-DMTN-APP
2025-12-06 20:05:03,067 - INFO - Creating backup for: i-00190e6a4710423d3
2025-12-06 20:05:03,284 - INFO - Backup Job ID: a786213e-1d17-4396-980f-ffc6d8734892 started at 2025-12-06 20:05:03
2025-12-06 20:05:03,285 - INFO - Creating backup for: i-0153aae98678276c6
2025-12-06 20:05:03,425 - INFO - Backup Job ID: 87b32920-9067-4f31-b04e-b0370ad85f11 started at 2025-12-06 20:05:03
2025-12-06 20:13:22,238 - INFO - Backup completed: 87b32920-9067-4f31-b04e-b0370ad85f11
2025-12-06 20:15:01,912 - INFO - Running backup for tag: Denso-DMTN-Batch
2025-12-06 20:15:02,516 - INFO - Creating backup for: i-0aed1add8d3af65fe
2025-12-06 20:15:02,728 - INFO - Backup Job ID: 722fa205-739c-492d-b301-256a9437b448 started at 2025-12-06 20:15:02
2025-12-06 20:15:02,728 - INFO - Creating backup for: i-02acb1dcd2b83e304
2025-12-06 20:15:02,896 - INFO - Backup Job ID: 2c02d21b-b4b3-4ce1-acb4-e829c05a6e91 started at 2025-12-06 20:15:02
2025-12-06 20:15:02,896 - INFO - Creating backup for: i-0693ef23307e427fb
2025-12-06 20:15:03,029 - INFO - Backup Job ID: e327c0dc-1578-46d4-be9a-45ba09586a02 started at 2025-12-06 20:15:02
2025-12-06 20:17:09,192 - INFO - Backup completed: 2c02d21b-b4b3-4ce1-acb4-e829c05a6e91
2025-12-06 20:17:14,217 - INFO - Backup completed: e327c0dc-1578-46d4-be9a-45ba09586a02
2025-12-06 20:21:24,930 - INFO - Backup completed: a786213e-1d17-4396-980f-ffc6d8734892
2025-12-06 20:21:30,098 - INFO - Backup total time: 0:16:26.383168
2025-12-06 20:21:30,177 - INFO - Completed backups: ['i-0153aae98678276c6', 'i-00190e6a4710423d3']
2025-12-06 20:31:24,349 - INFO - Backup completed: 722fa205-739c-492d-b301-256a9437b448
2025-12-06 20:31:29,501 - INFO - Backup total time: 0:16:26.055380
2025-12-06 20:31:29,584 - INFO - Completed backups: ['i-0693ef23307e427fb', 'i-0aed1add8d3af65fe', 'i-02acb1dcd2b83e304']
2025-12-06 21:05:01,848 - INFO - Running backup for tag: Denso-DMMI-App
2025-12-06 21:05:02,395 - INFO - Creating backup for: i-01ebc2bce873f8279
2025-12-06 21:05:02,617 - INFO - Backup Job ID: 5770c595-2d2b-4e0c-8099-e49fa1bb5b0b started at 2025-12-06 21:05:02
2025-12-06 21:05:02,618 - INFO - Creating backup for: i-06a3f3bb94ae8ffec
2025-12-06 21:05:02,752 - INFO - Backup Job ID: 0a289ddf-09ec-403d-b35b-f402e33b85f0 started at 2025-12-06 21:05:02
2025-12-06 21:07:14,209 - INFO - Backup completed: 5770c595-2d2b-4e0c-8099-e49fa1bb5b0b
2025-12-06 21:09:10,098 - INFO - Backup completed: 0a289ddf-09ec-403d-b35b-f402e33b85f0
2025-12-06 21:09:15,270 - INFO - Backup total time: 0:04:12.189877
2025-12-06 21:09:15,346 - INFO - Completed backups: ['i-06a3f3bb94ae8ffec', 'i-01ebc2bce873f8279']
2025-12-06 21:15:02,902 - INFO - Running backup for tag: Denso-DMMI-Batch
2025-12-06 21:15:03,369 - INFO - Creating backup for: i-0826c436822a4dcc3
2025-12-06 21:15:03,588 - INFO - Backup Job ID: e13c46c7-9634-4607-ab76-0555ec4cc759 started at 2025-12-06 21:15:03
2025-12-06 21:15:03,588 - INFO - Creating backup for: i-0caaa26f179d59cfd
2025-12-06 21:15:03,732 - INFO - Backup Job ID: fb16b538-1f5b-4834-bfe1-9af5ec8a9f2e started at 2025-12-06 21:15:03
2025-12-06 21:17:10,037 - INFO - Backup completed: fb16b538-1f5b-4834-bfe1-9af5ec8a9f2e
2025-12-06 21:23:17,563 - INFO - Backup completed: e13c46c7-9634-4607-ab76-0555ec4cc759
2025-12-06 21:23:22,708 - INFO - Backup total time: 0:08:18.675386
2025-12-06 21:23:22,794 - INFO - Completed backups: ['i-0caaa26f179d59cfd', 'i-0826c436822a4dcc3']
2025-12-06 22:05:02,756 - INFO - Running backup for tag: Denso-NA-App
2025-12-06 22:05:03,079 - INFO - Creating backup for: i-091c91e6d130071ab
2025-12-06 22:05:03,292 - INFO - Backup Job ID: 0da40ed4-5a9c-45f8-a87d-36419ccd8900 started at 2025-12-06 22:05:03
2025-12-06 22:05:03,292 - INFO - Creating backup for: i-09717aac4835468ad
2025-12-06 22:05:03,446 - INFO - Backup Job ID: d0563ac4-38e4-4c69-804f-0e56cfbf2612 started at 2025-12-06 22:05:03
2025-12-06 22:09:10,617 - INFO - Backup completed: d0563ac4-38e4-4c69-804f-0e56cfbf2612
2025-12-06 22:09:15,645 - INFO - Backup completed: 0da40ed4-5a9c-45f8-a87d-36419ccd8900
2025-12-06 22:09:20,781 - INFO - Backup total time: 0:04:16.980662
2025-12-06 22:09:20,864 - INFO - Completed backups: ['i-091c91e6d130071ab', 'i-09717aac4835468ad']
2025-12-06 22:15:01,805 - INFO - Running backup for tag: Denso-NA-Batch
2025-12-06 22:15:02,373 - INFO - Creating backup for: i-03557aff6cd460715
2025-12-06 22:15:02,710 - INFO - Backup Job ID: f89e703c-c2f8-4e26-9324-394f75b0d253 started at 2025-12-06 22:15:02
2025-12-06 22:15:02,711 - INFO - Creating backup for: i-00ab15d14feceaf32
2025-12-06 22:15:02,839 - INFO - Backup Job ID: a43b186c-04c1-42d4-a61e-c35977b72959 started at 2025-12-06 22:15:02
2025-12-06 22:17:09,356 - INFO - Backup completed: a43b186c-04c1-42d4-a61e-c35977b72959
2025-12-06 22:23:16,770 - INFO - Backup completed: f89e703c-c2f8-4e26-9324-394f75b0d253
2025-12-06 22:23:21,911 - INFO - Backup total time: 0:08:18.588885
2025-12-06 22:23:21,995 - INFO - Completed backups: ['i-03557aff6cd460715', 'i-00ab15d14feceaf32']
