2025-12-31 20:05:02,912 - INFO - Running backup for tag: JAS-UAT
2025-12-31 20:05:03,231 - INFO - Creating backup for: i-05794805ef320641a
2025-12-31 20:05:03,452 - INFO - Backup Job ID: fdb9435a-1ce6-418c-b643-67a14937172f started at 2025-12-31 20:05:03
2025-12-31 20:05:03,452 - INFO - Creating backup for: i-08f0405118a8fa28e
2025-12-31 20:05:03,633 - INFO - Backup Job ID: bc6a929b-e583-43f0-be98-db16a18d6352 started at 2025-12-31 20:05:03
2025-12-31 20:21:25,734 - INFO - Backup completed: bc6a929b-e583-43f0-be98-db16a18d6352
2025-12-31 20:51:27,566 - INFO - Backup completed: fdb9435a-1ce6-418c-b643-67a14937172f
2025-12-31 20:51:32,697 - INFO - Backup total time: 0:46:28.761688
2025-12-31 20:51:32,779 - INFO - Completed backups: ['i-05794805ef320641a', 'i-08f0405118a8fa28e']
2025-12-31 21:05:02,009 - INFO - Running backup for tag: ACT-UAT
2025-12-31 21:05:02,457 - INFO - Creating backup for: i-047fbd4a2a96ec8f3
2025-12-31 21:05:02,892 - INFO - Backup Job ID: 4d4cd082-b5e3-46bf-826c-2452aff2f2b3 started at 2025-12-31 21:05:02
2025-12-31 21:13:17,277 - INFO - Backup completed: 4d4cd082-b5e3-46bf-826c-2452aff2f2b3
2025-12-31 21:13:22,428 - INFO - Backup total time: 0:08:19.255320
2025-12-31 21:13:22,509 - INFO - Completed backups: ['i-047fbd4a2a96ec8f3']
2025-12-31 21:30:03,394 - INFO - Running backup for tag: Allen-Luca
2025-12-31 21:30:03,788 - INFO - Creating backup for: i-05c3b6ea3d95c3570
2025-12-31 21:30:04,005 - INFO - Backup Job ID: 50bff6e2-2eb0-4fcb-9a68-6636d611ab9e started at 2025-12-31 21:30:03
2025-12-31 21:32:10,318 - INFO - Backup completed: 50bff6e2-2eb0-4fcb-9a68-6636d611ab9e
2025-12-31 21:32:15,444 - INFO - Backup total time: 0:02:10.988552
2025-12-31 21:32:15,525 - INFO - Completed backups: ['i-05c3b6ea3d95c3570']
2025-12-31 22:00:02,114 - INFO - Running backup for tag: Allen-UAT
2025-12-31 22:00:03,073 - INFO - Creating backup for: i-08db7328c1263ecc9
2025-12-31 22:00:03,260 - INFO - Backup Job ID: c29550cd-5cef-4a7f-98ff-88b76bd85b50 started at 2025-12-31 22:00:03
2025-12-31 22:00:03,260 - INFO - Creating backup for: i-0d2623c2c6a4ee0b4
2025-12-31 22:00:03,383 - INFO - Backup Job ID: 5fa4aaf5-bac9-4324-ad50-12052a995cf4 started at 2025-12-31 22:00:03
2025-12-31 22:00:03,383 - INFO - Creating backup for: i-0b533bf915dbd6475
2025-12-31 22:00:03,529 - INFO - Backup Job ID: 6fea0c5a-dcf2-4a6e-a543-e355b47c1836 started at 2025-12-31 22:00:03
2025-12-31 22:07:57,099 - INFO - Backup completed: 5fa4aaf5-bac9-4324-ad50-12052a995cf4
2025-12-31 22:31:39,935 - INFO - Backup completed: 6fea0c5a-dcf2-4a6e-a543-e355b47c1836
2025-12-31 22:35:02,553 - INFO - Running backup for tag: BFA-UAT
2025-12-31 22:35:02,882 - INFO - Creating backup for: i-0325eb05c396d9242
2025-12-31 22:35:03,084 - INFO - Backup Job ID: 2a1a609b-30d7-4d86-a51b-eda194a95450 started at 2025-12-31 22:35:03
2025-12-31 22:39:10,320 - INFO - Backup completed: 2a1a609b-30d7-4d86-a51b-eda194a95450
2025-12-31 22:39:15,445 - INFO - Backup total time: 0:04:12.085651
2025-12-31 22:39:15,528 - INFO - Completed backups: ['i-0325eb05c396d9242']
2025-12-31 22:41:23,176 - INFO - Backup completed: c29550cd-5cef-4a7f-98ff-88b76bd85b50
2025-12-31 22:41:28,325 - INFO - Backup total time: 0:41:24.147641
2025-12-31 22:41:28,399 - INFO - Completed backups: ['i-0d2623c2c6a4ee0b4', 'i-0b533bf915dbd6475', 'i-08db7328c1263ecc9']
2025-12-31 23:30:03,632 - INFO - Running backup for tag: Brooks-UAT
2025-12-31 23:30:03,946 - INFO - Creating backup for: i-034f4a12a0b84ba1c
2025-12-31 23:30:04,099 - INFO - Backup Job ID: fcbe45da-162a-4fe9-bff6-a5aa64e8b07b started at 2025-12-31 23:30:04
2025-12-31 23:30:04,099 - INFO - Creating backup for: i-03686611dd51db3dc
2025-12-31 23:30:04,222 - INFO - Backup Job ID: d347c11f-3309-414c-95e4-fa92b5316790 started at 2025-12-31 23:30:04
2025-12-31 23:34:16,051 - INFO - Backup completed: fcbe45da-162a-4fe9-bff6-a5aa64e8b07b
2025-12-31 23:38:17,401 - INFO - Backup completed: d347c11f-3309-414c-95e4-fa92b5316790
2025-12-31 23:38:22,601 - INFO - Backup total time: 0:08:18.091696
2025-12-31 23:38:22,690 - INFO - Completed backups: ['i-034f4a12a0b84ba1c', 'i-03686611dd51db3dc']
