2025-10-09 20:05:02,661 - INFO - Running backup for tag: colehaan-uat
2025-10-09 20:05:02,920 - INFO - Creating backup for: i-0e3c9019c3899fc24
2025-10-09 20:05:03,128 - INFO - Backup Job ID: 4582a493-9ab3-44da-af64-8c67c1a2344f started at 2025-10-09 20:05:03
2025-10-09 20:41:25,224 - INFO - Backup completed: 4582a493-9ab3-44da-af64-8c67c1a2344f
2025-10-09 20:41:30,373 - INFO - Backup total time: 0:36:26.975100
2025-10-09 20:41:30,454 - INFO - Completed backups: ['i-0e3c9019c3899fc24']
2025-10-09 21:00:04,425 - INFO - Running backup for tag: 10-0-9-157-SaddleCreek
2025-10-09 21:00:04,435 - INFO - Running backup for tag: 10-0-8-202-SaddleCreek
2025-10-09 21:00:04,597 - INFO - Running backup for tag: 10-0-10-236-SaddleCreek
2025-10-09 21:00:04,648 - INFO - Running backup for tag: 10-0-10-210-SaddleCreek
2025-10-09 21:00:04,833 - INFO - Running backup for tag: 10-0-9-178-SaddleCreek
2025-10-09 21:00:04,833 - INFO - Running backup for tag: 10-0-10-209-SaddleCreek
2025-10-09 21:00:05,060 - INFO - Creating backup for: i-0eb1f8fc232a4d473
2025-10-09 21:00:05,109 - INFO - Creating backup for: i-02d3cbde08a945070
2025-10-09 21:00:05,121 - INFO - Creating backup for: i-03fe8cd1ae13257b0
2025-10-09 21:00:05,203 - INFO - Creating backup for: i-033b05e6675183ea2
2025-10-09 21:00:05,269 - INFO - Backup Job ID: 23aa820e-d5e4-439f-8b26-4b0b5f9b418f started at 2025-10-09 21:00:05
2025-10-09 21:00:05,298 - INFO - Creating backup for: i-07ea91ecdf3c1b4cf
2025-10-09 21:00:05,303 - INFO - Backup Job ID: 643a5eb4-9519-4b0c-bbad-a59b67b9c92f started at 2025-10-09 21:00:05
2025-10-09 21:00:05,326 - INFO - Backup Job ID: f085b0d7-cbd0-4c64-8ddc-d19e151bd022 started at 2025-10-09 21:00:05
2025-10-09 21:00:05,377 - INFO - Backup Job ID: d8d47baa-c613-4c22-b38f-c01792c4fabb started at 2025-10-09 21:00:05
2025-10-09 21:00:05,383 - INFO - Creating backup for: i-0bac7c222173cf2a1
2025-10-09 21:00:05,430 - INFO - Backup Job ID: 3a650bc8-69af-4e81-a0e5-50db79784ec3 started at 2025-10-09 21:00:05
2025-10-09 21:00:05,553 - INFO - Backup Job ID: b15256c5-d869-4560-8334-8c929e0c3d05 started at 2025-10-09 21:00:05
2025-10-09 21:07:32,544 - INFO - Backup completed: f085b0d7-cbd0-4c64-8ddc-d19e151bd022
2025-10-09 21:07:37,679 - INFO - Backup total time: 0:07:31.769572
2025-10-09 21:07:37,746 - INFO - Completed backups: ['i-03fe8cd1ae13257b0']
2025-10-09 21:09:38,156 - INFO - Backup completed: 3a650bc8-69af-4e81-a0e5-50db79784ec3
2025-10-09 21:09:43,314 - INFO - Backup total time: 0:09:37.213091
2025-10-09 21:09:43,393 - INFO - Completed backups: ['i-07ea91ecdf3c1b4cf']
2025-10-09 21:13:33,894 - INFO - Backup completed: b15256c5-d869-4560-8334-8c929e0c3d05
2025-10-09 21:13:39,073 - INFO - Backup total time: 0:13:32.977110
2025-10-09 21:13:39,147 - INFO - Completed backups: ['i-0bac7c222173cf2a1']
2025-10-09 21:13:43,954 - INFO - Backup completed: d8d47baa-c613-4c22-b38f-c01792c4fabb
2025-10-09 21:13:49,093 - INFO - Backup total time: 0:13:43.080434
2025-10-09 21:13:49,174 - INFO - Completed backups: ['i-033b05e6675183ea2']
2025-10-09 21:21:30,899 - INFO - Backup completed: 23aa820e-d5e4-439f-8b26-4b0b5f9b418f
2025-10-09 21:21:36,138 - INFO - Backup total time: 0:21:30.121097
2025-10-09 21:21:36,225 - INFO - Completed backups: ['i-0eb1f8fc232a4d473']
2025-10-09 21:21:51,203 - INFO - Backup completed: 643a5eb4-9519-4b0c-bbad-a59b67b9c92f
2025-10-09 21:21:56,350 - INFO - Backup total time: 0:21:50.337377
2025-10-09 21:21:56,424 - INFO - Completed backups: ['i-02d3cbde08a945070']
