2025-12-18 21:37:02,573 - INFO - Running backup for tag: Demo-1
2025-12-18 21:37:02,837 - INFO - Creating backup for: i-0bab1211e3e0984b8
2025-12-18 21:37:02,990 - INFO - Backup Job ID: 3f920223-f6a3-4f51-853c-ebbe32246b7b started at 2025-12-18 21:37:02
2025-12-18 21:37:02,990 - INFO - Creating backup for: i-0d2609152d8b9dadf
2025-12-18 21:37:03,162 - INFO - Backup Job ID: 98e1424e-bc76-4ae4-8a6b-3c676c5d3721 started at 2025-12-18 21:37:03
2025-12-18 21:37:03,163 - INFO - Creating backup for: i-0c1b4b554b7a6732f
2025-12-18 21:37:03,317 - INFO - Backup Job ID: a3fd7423-70bf-4de4-9f56-175b844af8db started at 2025-12-18 21:37:03
2025-12-18 21:37:03,317 - INFO - Creating backup for: i-01d9375b561f8e042
2025-12-18 21:37:03,480 - INFO - Backup Job ID: 9380e557-ee4f-4c6a-b275-29faabc1cebb started at 2025-12-18 21:37:03
2025-12-18 21:37:03,747 - ERROR - Backup update failed: Object of type UniqueViolation is not JSON serializable
Traceback (most recent call last):
  File "/data/patching_v4/common/utils.py", line 90, in bulk_insert
    result = cursor.executemany(insert_statement, records)
psycopg2.errors.UniqueViolation: duplicate key value violates unique constraint "patching_log_pkey"
DETAIL:  Key (instance_id, command_id)=(i-0d2609152d8b9dadf, Pending) already exists.


During handling of the above exception, another exception occurred:

Traceback (most recent call last):
  File "/data/patching_v4/patching_backup.py", line 111, in backup_instances
    utils.bulk_insert(db_details, update_stmt, update_sql)
  File "/data/patching_v4/common/utils.py", line 100, in bulk_insert
    write_cw_logs(pid, log_level, message)
  File "/data/patching_v4/common/utils.py", line 158, in write_cw_logs
    json_message = json.dumps(cw_message)
  File "/usr/lib64/python3.8/json/__init__.py", line 231, in dumps
    return _default_encoder.encode(obj)
  File "/usr/lib64/python3.8/json/encoder.py", line 199, in encode
    chunks = self.iterencode(o, _one_shot=True)
  File "/usr/lib64/python3.8/json/encoder.py", line 257, in iterencode
    return _iterencode(o, 0)
  File "/usr/lib64/python3.8/json/encoder.py", line 179, in default
    raise TypeError(f'Object of type {o.__class__.__name__} '
TypeError: Object of type UniqueViolation is not JSON serializable

