2026-01-14 13:05:02,521 - INFO - Running backup for tag: UPSHC-Dev-2
2026-01-14 13:05:02,878 - INFO - Creating backup for: i-05aa154f1ce8256c2
2026-01-14 13:05:03,101 - INFO - Backup Job ID: 7a709b04-6701-4722-bf9d-bfd5fe3aae9e started at 2026-01-14 13:05:03
2026-01-14 13:07:02,089 - INFO - Running backup for tag: UPSHC-Dev-1
2026-01-14 13:07:02,442 - INFO - Creating backup for: i-0dbf48c20d3255cf8
2026-01-14 13:07:02,591 - INFO - Backup Job ID: fe6f0a45-f5eb-46ae-b3fc-48f44523cf42 started at 2026-01-14 13:07:02
2026-01-14 13:10:02,781 - INFO - Running backup for tag: UPSHC-Dev-3
2026-01-14 13:10:03,216 - INFO - Creating backup for: i-06a38a62e9b42bed7
2026-01-14 13:10:03,392 - INFO - Backup Job ID: 5c620d7b-cf4c-4c53-95cb-139e3b992d9c started at 2026-01-14 13:10:03
2026-01-14 13:13:16,235 - INFO - Backup completed: 7a709b04-6701-4722-bf9d-bfd5fe3aae9e
2026-01-14 13:13:21,388 - INFO - Backup total time: 0:08:17.880398
2026-01-14 13:13:21,469 - INFO - Completed backups: ['i-05aa154f1ce8256c2']
2026-01-14 13:15:02,853 - INFO - Running backup for tag: UPSHC-Dev-4
2026-01-14 13:15:03,166 - INFO - Creating backup for: i-0b9af7a4d10a4a651
2026-01-14 13:15:03,312 - INFO - Backup Job ID: 5a849b2c-76e3-43a1-b153-8e60ea94f697 started at 2026-01-14 13:15:03
2026-01-14 13:19:14,752 - INFO - Backup completed: 5a849b2c-76e3-43a1-b153-8e60ea94f697
2026-01-14 13:19:19,895 - INFO - Backup total time: 0:04:16.287703
2026-01-14 13:19:19,979 - INFO - Completed backups: ['i-0b9af7a4d10a4a651']
2026-01-14 13:36:26,088 - INFO - Backup completed: 5c620d7b-cf4c-4c53-95cb-139e3b992d9c
2026-01-14 13:36:31,251 - INFO - Backup total time: 0:26:27.449784
2026-01-14 13:36:31,334 - INFO - Completed backups: ['i-06a38a62e9b42bed7']
2026-01-14 13:43:23,318 - INFO - Backup completed: fe6f0a45-f5eb-46ae-b3fc-48f44523cf42
2026-01-14 13:43:28,443 - INFO - Backup total time: 0:36:25.566587
2026-01-14 13:43:28,525 - INFO - Completed backups: ['i-0dbf48c20d3255cf8']
2026-01-14 14:00:03,782 - INFO - Running backup for tag: UPSHC-QA-1
2026-01-14 14:00:04,338 - INFO - Creating backup for: i-08b8a9deadd2f100d
2026-01-14 14:00:04,524 - INFO - Backup Job ID: 361bd124-e4a5-4ce8-937f-97d328e0a16f started at 2026-01-14 14:00:04
2026-01-14 14:05:02,736 - INFO - Running backup for tag: UPSHC-QA-2
2026-01-14 14:05:03,027 - INFO - Creating backup for: i-0748adb432a31d71d
2026-01-14 14:05:03,176 - INFO - Backup Job ID: 6ff16f96-58c4-4ec0-92ff-d1269cb94f21 started at 2026-01-14 14:05:03
2026-01-14 14:10:03,243 - INFO - Running backup for tag: UPSHC-QA-3
2026-01-14 14:10:03,712 - INFO - Creating backup for: i-03841f75618eb2de2
2026-01-14 14:10:03,877 - INFO - Backup Job ID: 71dd0f1d-6776-4c5a-a52f-40ef5ad4cb77 started at 2026-01-14 14:10:03
2026-01-14 14:15:03,015 - INFO - Running backup for tag: UPSHC-QA-4
2026-01-14 14:15:03,367 - INFO - Creating backup for: i-07aa5f72fc5283d80
2026-01-14 14:15:03,544 - INFO - Backup Job ID: e59c5a4f-6b22-4485-b3dc-5dcca92f47fd started at 2026-01-14 14:15:03
2026-01-14 14:21:22,918 - INFO - Backup completed: 6ff16f96-58c4-4ec0-92ff-d1269cb94f21
2026-01-14 14:21:28,073 - INFO - Backup total time: 0:16:24.560610
2026-01-14 14:21:28,148 - INFO - Completed backups: ['i-0748adb432a31d71d']
2026-01-14 14:23:15,897 - INFO - Backup completed: e59c5a4f-6b22-4485-b3dc-5dcca92f47fd
2026-01-14 14:23:21,050 - INFO - Backup total time: 0:08:17.218565
2026-01-14 14:23:21,128 - INFO - Completed backups: ['i-07aa5f72fc5283d80']
2026-01-14 14:26:23,381 - INFO - Backup completed: 71dd0f1d-6776-4c5a-a52f-40ef5ad4cb77
2026-01-14 14:26:28,533 - INFO - Backup total time: 0:16:24.347967
2026-01-14 14:26:28,634 - INFO - Completed backups: ['i-03841f75618eb2de2']
2026-01-14 14:51:21,420 - INFO - Backup completed: 361bd124-e4a5-4ce8-937f-97d328e0a16f
2026-01-14 14:51:26,551 - INFO - Backup total time: 0:51:21.290381
2026-01-14 14:51:26,629 - INFO - Completed backups: ['i-08b8a9deadd2f100d']
