2025-12-05 20:05:02,373 - INFO - Running backup for tag: DIB-MDN-APP
2025-12-05 20:05:02,674 - INFO - Creating backup for: i-0c779e211c7df82d3
2025-12-05 20:05:02,884 - INFO - Backup Job ID: dae1f465-5990-48c8-b3d2-18d597c49e01 started at 2025-12-05 20:05:02
2025-12-05 20:05:02,885 - INFO - Creating backup for: i-0ecb40c38140e65f2
2025-12-05 20:05:03,049 - INFO - Backup Job ID: 31264c1c-cd1e-4b59-a957-6aa20cdb1cd8 started at 2025-12-05 20:05:03
2025-12-05 20:13:16,872 - INFO - Backup completed: dae1f465-5990-48c8-b3d2-18d597c49e01
2025-12-05 20:13:21,897 - INFO - Backup completed: 31264c1c-cd1e-4b59-a957-6aa20cdb1cd8
2025-12-05 20:13:27,028 - INFO - Backup total time: 0:08:23.703895
2025-12-05 20:13:27,113 - INFO - Completed backups: ['i-0c779e211c7df82d3', 'i-0ecb40c38140e65f2']
2025-12-05 20:15:02,415 - INFO - Running backup for tag: DIB-MDN-Batch
2025-12-05 20:15:02,875 - INFO - Creating backup for: i-0a7f1fd2e1142e3b7
2025-12-05 20:15:03,058 - INFO - Backup Job ID: a58f0df8-b710-4ee3-abbe-c813d9c460ad started at 2025-12-05 20:15:03
2025-12-05 20:31:25,058 - INFO - Backup completed: a58f0df8-b710-4ee3-abbe-c813d9c460ad
2025-12-05 20:31:30,211 - INFO - Backup total time: 0:16:26.689300
2025-12-05 20:31:30,295 - INFO - Completed backups: ['i-0a7f1fd2e1142e3b7']
2025-12-05 21:05:02,206 - INFO - Running backup for tag: DIB-WBN-APP
2025-12-05 21:05:02,564 - INFO - Creating backup for: i-06882f468b202ef4d
2025-12-05 21:05:03,069 - INFO - Backup Job ID: e0b5abd0-ba16-4f86-a273-a92cca11ba82 started at 2025-12-05 21:05:03
2025-12-05 21:05:03,069 - INFO - Creating backup for: i-026f75b3d4465bf8e
2025-12-05 21:05:03,435 - INFO - Backup Job ID: 2e209b66-c1bd-44ca-8c10-0cf5138ca7a0 started at 2025-12-05 21:05:03
2025-12-05 21:13:14,394 - INFO - Backup completed: e0b5abd0-ba16-4f86-a273-a92cca11ba82
2025-12-05 21:13:19,486 - INFO - Backup completed: 2e209b66-c1bd-44ca-8c10-0cf5138ca7a0
2025-12-05 21:13:24,620 - INFO - Backup total time: 0:08:20.812006
2025-12-05 21:13:24,696 - INFO - Completed backups: ['i-026f75b3d4465bf8e', 'i-06882f468b202ef4d']
2025-12-05 21:15:02,913 - INFO - Running backup for tag: DIB-WBN-Batch
2025-12-05 21:15:03,276 - INFO - Creating backup for: i-0329a29cada237c40
2025-12-05 21:15:03,786 - INFO - Backup Job ID: 4f4e49d6-fef4-49b2-abda-8754c7e44f8c started at 2025-12-05 21:15:03
2025-12-05 21:31:24,571 - INFO - Backup completed: 4f4e49d6-fef4-49b2-abda-8754c7e44f8c
2025-12-05 21:31:29,723 - INFO - Backup total time: 0:16:25.669678
2025-12-05 21:31:29,796 - INFO - Completed backups: ['i-0329a29cada237c40']
2025-12-05 22:05:02,708 - INFO - Running backup for tag: DIB-WCO-APP
2025-12-05 22:05:02,994 - INFO - Creating backup for: i-0da0a212091e2b948
2025-12-05 22:05:03,181 - INFO - Backup Job ID: a94c70b6-d682-4e0c-97be-1b46711e94b5 started at 2025-12-05 22:05:03
2025-12-05 22:05:03,181 - INFO - Creating backup for: i-0cf51f07b57954bff
2025-12-05 22:05:03,300 - INFO - Backup Job ID: a800e2e3-4a39-41bc-84a7-72908c774ed6 started at 2025-12-05 22:05:03
2025-12-05 22:05:03,500 - ERROR - Backup update failed: Object of type UniqueViolation is not JSON serializable
Traceback (most recent call last):
  File "/data/patching_v4/common/utils.py", line 90, in bulk_insert
    result = cursor.executemany(insert_statement, records)
psycopg2.errors.UniqueViolation: duplicate key value violates unique constraint "patching_log_pkey"
DETAIL:  Key (instance_id, command_id)=(i-0da0a212091e2b948, Pending) already exists.


During handling of the above exception, another exception occurred:

Traceback (most recent call last):
  File "/data/patching_v4/patching_backup.py", line 111, in backup_instances
    utils.bulk_insert(db_details, update_stmt, update_sql)
  File "/data/patching_v4/common/utils.py", line 100, in bulk_insert
    write_cw_logs(pid, log_level, message)
  File "/data/patching_v4/common/utils.py", line 158, in write_cw_logs
    json_message = json.dumps(cw_message)
  File "/usr/lib64/python3.8/json/__init__.py", line 231, in dumps
    return _default_encoder.encode(obj)
  File "/usr/lib64/python3.8/json/encoder.py", line 199, in encode
    chunks = self.iterencode(o, _one_shot=True)
  File "/usr/lib64/python3.8/json/encoder.py", line 257, in iterencode
    return _iterencode(o, 0)
  File "/usr/lib64/python3.8/json/encoder.py", line 179, in default
    raise TypeError(f'Object of type {o.__class__.__name__} '
TypeError: Object of type UniqueViolation is not JSON serializable

2025-12-05 22:15:02,824 - INFO - Running backup for tag: DIB-WCO-Batch
2025-12-05 22:15:03,286 - INFO - Creating backup for: i-0e699478baf4cc5b0
2025-12-05 22:15:03,497 - INFO - Backup Job ID: bbe00667-e578-4983-a75a-074903fcdb4e started at 2025-12-05 22:15:03
2025-12-05 22:15:03,716 - ERROR - Backup update failed: Object of type UniqueViolation is not JSON serializable
Traceback (most recent call last):
  File "/data/patching_v4/common/utils.py", line 90, in bulk_insert
    result = cursor.executemany(insert_statement, records)
psycopg2.errors.UniqueViolation: duplicate key value violates unique constraint "patching_log_pkey"
DETAIL:  Key (instance_id, command_id)=(i-0e699478baf4cc5b0, Pending) already exists.


During handling of the above exception, another exception occurred:

Traceback (most recent call last):
  File "/data/patching_v4/patching_backup.py", line 111, in backup_instances
    utils.bulk_insert(db_details, update_stmt, update_sql)
  File "/data/patching_v4/common/utils.py", line 100, in bulk_insert
    write_cw_logs(pid, log_level, message)
  File "/data/patching_v4/common/utils.py", line 158, in write_cw_logs
    json_message = json.dumps(cw_message)
  File "/usr/lib64/python3.8/json/__init__.py", line 231, in dumps
    return _default_encoder.encode(obj)
  File "/usr/lib64/python3.8/json/encoder.py", line 199, in encode
    chunks = self.iterencode(o, _one_shot=True)
  File "/usr/lib64/python3.8/json/encoder.py", line 257, in iterencode
    return _iterencode(o, 0)
  File "/usr/lib64/python3.8/json/encoder.py", line 179, in default
    raise TypeError(f'Object of type {o.__class__.__name__} '
TypeError: Object of type UniqueViolation is not JSON serializable

2025-12-05 23:05:01,617 - INFO - Running backup for tag: DIB-LEX-App
2025-12-05 23:05:02,051 - INFO - Creating backup for: i-0ed1df470df809200
2025-12-05 23:05:02,246 - INFO - Backup Job ID: bcd76cf4-909d-4546-9551-a44ef41bfd87 started at 2025-12-05 23:05:02
2025-12-05 23:05:02,246 - INFO - Creating backup for: i-097a79c97f82cc32a
2025-12-05 23:05:02,425 - INFO - Backup Job ID: 96755f4e-2feb-4187-9e97-a00e469d7e1c started at 2025-12-05 23:05:02
2025-12-05 23:13:15,687 - INFO - Backup completed: bcd76cf4-909d-4546-9551-a44ef41bfd87
2025-12-05 23:13:20,721 - INFO - Backup completed: 96755f4e-2feb-4187-9e97-a00e469d7e1c
2025-12-05 23:13:25,852 - INFO - Backup total time: 0:08:23.109664
2025-12-05 23:13:25,926 - INFO - Completed backups: ['i-097a79c97f82cc32a', 'i-0ed1df470df809200']
2025-12-05 23:15:02,580 - INFO - Running backup for tag: DIB-LEX-Batch
2025-12-05 23:15:03,105 - INFO - Creating backup for: i-06f968d5a26cb1e78
2025-12-05 23:15:03,276 - INFO - Backup Job ID: 3428bba7-2a5a-4934-b47f-56c85fcde459 started at 2025-12-05 23:15:03
2025-12-05 23:41:27,497 - INFO - Backup completed: 3428bba7-2a5a-4934-b47f-56c85fcde459
2025-12-05 23:41:32,666 - INFO - Backup total time: 0:26:28.923241
2025-12-05 23:41:32,775 - INFO - Completed backups: ['i-06f968d5a26cb1e78']
