2025-11-05 20:10:01,872 - INFO - Running backup for tag: TIG-UAT
2025-11-05 20:10:02,326 - INFO - Creating backup for: i-02b64cbbcb8336483
2025-11-05 20:10:02,528 - INFO - Backup Job ID: dbda5d3a-1ed3-42e4-9610-2c4ed576f8f0 started at 2025-11-05 20:10:02
2025-11-05 20:18:16,539 - INFO - Backup completed: dbda5d3a-1ed3-42e4-9610-2c4ed576f8f0
2025-11-05 20:18:21,683 - INFO - Backup total time: 0:08:18.799711
2025-11-05 20:18:21,757 - INFO - Completed backups: ['i-02b64cbbcb8336483']
2025-11-05 20:30:02,124 - INFO - Running backup for tag: WhiteCap-uat
2025-11-05 20:30:02,804 - INFO - Creating backup for: i-0c96f11748b4150ec
2025-11-05 20:30:03,009 - INFO - Backup Job ID: 272a32b2-2096-45c6-8a28-68a422d7f62f started at 2025-11-05 20:30:02
2025-11-05 20:30:03,010 - INFO - Creating backup for: i-08a651b45de70e876
2025-11-05 20:30:03,164 - INFO - Backup Job ID: 7a461357-bffb-40a2-a140-d8ae7135e6c5 started at 2025-11-05 20:30:03
2025-11-05 20:30:03,164 - INFO - Creating backup for: i-0661622b40ea108ad
2025-11-05 20:30:03,289 - INFO - Backup Job ID: 28b0fbd5-8f34-4079-a31e-e7508aa362c1 started at 2025-11-05 20:30:03
2025-11-05 20:38:22,093 - INFO - Backup completed: 272a32b2-2096-45c6-8a28-68a422d7f62f
2025-11-05 20:46:25,324 - INFO - Backup completed: 28b0fbd5-8f34-4079-a31e-e7508aa362c1
2025-11-05 20:46:30,350 - INFO - Backup completed: 7a461357-bffb-40a2-a140-d8ae7135e6c5
2025-11-05 20:46:35,509 - INFO - Backup total time: 0:16:31.938927
2025-11-05 20:46:35,603 - INFO - Completed backups: ['i-0661622b40ea108ad', 'i-0c96f11748b4150ec', 'i-08a651b45de70e876']
2025-11-05 21:00:02,689 - INFO - Running backup for tag: Touchstone-uat
2025-11-05 21:00:03,207 - INFO - Creating backup for: i-0b34eb0e5dfecdada
2025-11-05 21:00:03,511 - INFO - Backup Job ID: 980150c0-b2f8-4e0a-9ed9-b57fc1afb89a started at 2025-11-05 21:00:03
2025-11-05 21:07:41,768 - INFO - Backup completed: 980150c0-b2f8-4e0a-9ed9-b57fc1afb89a
2025-11-05 21:07:46,899 - INFO - Backup total time: 0:07:43.018997
2025-11-05 21:07:46,987 - INFO - Completed backups: ['i-0b34eb0e5dfecdada']
2025-11-05 21:30:02,549 - INFO - Running backup for tag: Suncast-uat
2025-11-05 21:30:03,130 - INFO - Creating backup for: i-07fbec475d5c7ee07
2025-11-05 21:30:03,339 - INFO - Backup Job ID: 70f80121-8fe2-4505-b375-c147ca711679 started at 2025-11-05 21:30:03
2025-11-05 21:38:16,633 - INFO - Backup completed: 70f80121-8fe2-4505-b375-c147ca711679
2025-11-05 21:38:21,763 - INFO - Backup total time: 0:08:18.030494
2025-11-05 21:38:21,836 - INFO - Completed backups: ['i-07fbec475d5c7ee07']
2025-11-05 22:00:02,050 - INFO - Running backup for tag: USP-uat
2025-11-05 22:00:02,891 - INFO - Creating backup for: i-075f7294d9df0d053
2025-11-05 22:00:03,200 - INFO - Backup Job ID: 07691805-4325-4e76-833c-379d65ca1dab started at 2025-11-05 22:00:03
2025-11-05 22:05:02,177 - INFO - Running backup for tag: SaddleCreek-Infor
2025-11-05 22:05:02,552 - INFO - Creating backup for: i-0d9d5f9e220c34b36
2025-11-05 22:05:02,714 - INFO - Backup Job ID: d9fdd897-e846-4f90-905e-d079eae730d8 started at 2025-11-05 22:05:02
2025-11-05 22:05:02,715 - INFO - Creating backup for: i-0023ffff4d6990326
2025-11-05 22:05:02,889 - INFO - Backup Job ID: f2956c07-8e34-47dc-8193-51fdd85d3ac3 started at 2025-11-05 22:05:02
2025-11-05 22:07:14,233 - INFO - Backup completed: d9fdd897-e846-4f90-905e-d079eae730d8
2025-11-05 22:13:59,662 - INFO - Backup completed: 07691805-4325-4e76-833c-379d65ca1dab
2025-11-05 22:14:04,822 - INFO - Backup total time: 0:14:01.095601
2025-11-05 22:14:04,914 - INFO - Completed backups: ['i-075f7294d9df0d053']
2025-11-05 22:15:01,556 - INFO - Running backup for tag: SaddleCreek-Billing
2025-11-05 22:15:01,924 - INFO - Creating backup for: i-099b9cf27e7ead015
2025-11-05 22:15:02,083 - INFO - Backup Job ID: b079640e-10ae-4e24-8070-647d4629995b started at 2025-11-05 22:15:02
2025-11-05 22:31:26,909 - INFO - Backup completed: f2956c07-8e34-47dc-8193-51fdd85d3ac3
2025-11-05 22:31:32,070 - INFO - Backup total time: 0:26:28.847020
2025-11-05 22:31:32,164 - INFO - Completed backups: ['i-0023ffff4d6990326', 'i-0d9d5f9e220c34b36']
2025-11-05 22:51:24,102 - INFO - Backup completed: b079640e-10ae-4e24-8070-647d4629995b
2025-11-05 22:51:29,261 - INFO - Backup total time: 0:36:26.605422
2025-11-05 22:51:29,345 - INFO - Completed backups: ['i-099b9cf27e7ead015']
