2025-11-02 20:10:01,956 - INFO - Running backup for tag: DuroDyne-UAT
2025-11-02 20:10:02,535 - INFO - Creating backup for: i-038f9cfb21c505a23
2025-11-02 20:10:02,717 - INFO - Backup Job ID: 768f2196-54d2-4f7d-8095-af05a2f8a3af started at 2025-11-02 20:10:02
2025-11-02 20:10:02,718 - INFO - Creating backup for: i-081ef8257f22efb47
2025-11-02 20:10:02,880 - INFO - Backup Job ID: 12235d90-3946-44cc-bba6-015c50f59df8 started at 2025-11-02 20:10:02
2025-11-02 20:14:19,879 - INFO - Backup completed: 12235d90-3946-44cc-bba6-015c50f59df8
2025-11-02 20:18:16,168 - INFO - Backup completed: 768f2196-54d2-4f7d-8095-af05a2f8a3af
2025-11-02 20:18:21,360 - INFO - Backup total time: 0:08:18.085474
2025-11-02 20:18:21,444 - INFO - Completed backups: ['i-038f9cfb21c505a23', 'i-081ef8257f22efb47']
2025-11-02 20:30:02,812 - INFO - Running backup for tag: g3-uat
2025-11-02 20:30:03,231 - INFO - Creating backup for: i-0b955e604e1a37da9
2025-11-02 20:30:03,644 - INFO - Backup Job ID: 404ee78b-f295-4ea0-8d4e-d3e17b037c92 started at 2025-11-02 20:30:03
2025-11-02 20:38:18,048 - INFO - Backup completed: 404ee78b-f295-4ea0-8d4e-d3e17b037c92
2025-11-02 20:38:23,179 - INFO - Backup total time: 0:08:19.172614
2025-11-02 20:38:23,257 - INFO - Completed backups: ['i-0b955e604e1a37da9']
2025-11-02 21:30:02,733 - INFO - Running backup for tag: HCP-UAT
2025-11-02 21:30:03,090 - INFO - Creating backup for: i-08d98f20bc58d09ee
2025-11-02 21:30:03,553 - INFO - Backup Job ID: 9e6f667c-c41e-49a4-bf54-e24396fe9ef6 started at 2025-11-02 21:30:03
2025-11-02 21:30:03,554 - INFO - Creating backup for: i-0122036628af8c16d
2025-11-02 21:30:03,705 - INFO - Backup Job ID: b9db0525-196d-4530-9a98-22e1b332dc89 started at 2025-11-02 21:30:03
2025-11-02 21:30:03,706 - INFO - Creating backup for: i-0d9a68f32a279a210
2025-11-02 21:30:03,922 - INFO - Backup Job ID: 956f4c64-f647-4d93-a55a-5bcc58565634 started at 2025-11-02 21:30:03
2025-11-02 21:32:11,994 - INFO - Backup completed: b9db0525-196d-4530-9a98-22e1b332dc89
2025-11-02 21:34:14,180 - INFO - Backup completed: 9e6f667c-c41e-49a4-bf54-e24396fe9ef6
2025-11-02 21:38:18,522 - INFO - Backup completed: 956f4c64-f647-4d93-a55a-5bcc58565634
2025-11-02 21:38:23,653 - INFO - Backup total time: 0:08:19.416997
2025-11-02 21:38:23,737 - INFO - Completed backups: ['i-0d9a68f32a279a210', 'i-0122036628af8c16d', 'i-08d98f20bc58d09ee']
2025-11-02 22:00:02,215 - INFO - Running backup for tag: FL-UAT
2025-11-02 22:00:02,503 - INFO - Running backup for tag: Hayes-UAT
2025-11-02 22:00:03,189 - INFO - Creating backup for: i-0d081e4c548f00038
2025-11-02 22:00:03,419 - INFO - Creating backup for: i-0fc874c0001819e39
2025-11-02 22:00:03,454 - INFO - Backup Job ID: 3cb1a5ae-b2e8-4522-a02b-eeb1492de942 started at 2025-11-02 22:00:03
2025-11-02 22:00:03,684 - INFO - Backup Job ID: 66b6330a-3337-45dc-80a7-815cabb77c00 started at 2025-11-02 22:00:03
2025-11-02 22:21:46,743 - INFO - Backup completed: 3cb1a5ae-b2e8-4522-a02b-eeb1492de942
2025-11-02 22:21:51,898 - INFO - Backup total time: 0:21:47.672749
2025-11-02 22:21:51,986 - INFO - Completed backups: ['i-0d081e4c548f00038']
2025-11-02 22:21:52,949 - INFO - Backup completed: 66b6330a-3337-45dc-80a7-815cabb77c00
2025-11-02 22:21:58,105 - INFO - Backup total time: 0:21:53.754890
2025-11-02 22:21:58,176 - INFO - Completed backups: ['i-0fc874c0001819e39']
