2025-12-26 20:05:02,789 - INFO - Running backup for tag: Midea-App
2025-12-26 20:05:03,171 - INFO - Creating backup for: i-07fa11bf7769a2a62
2025-12-26 20:05:03,349 - INFO - Backup Job ID: 0fafd441-b3ff-4b77-a98f-f4532590fcbc started at 2025-12-26 20:05:03
2025-12-26 20:05:03,349 - INFO - Creating backup for: i-0441dafd1ae7252ad
2025-12-26 20:05:03,520 - INFO - Backup Job ID: 31d1a2b1-ed06-4ff4-bbc1-a7d9b2cb28bd started at 2025-12-26 20:05:03
2025-12-26 20:09:15,466 - INFO - Backup completed: 0fafd441-b3ff-4b77-a98f-f4532590fcbc
2025-12-26 20:09:20,500 - INFO - Backup completed: 31d1a2b1-ed06-4ff4-bbc1-a7d9b2cb28bd
2025-12-26 20:09:25,640 - INFO - Backup total time: 0:04:21.781652
2025-12-26 20:09:25,709 - INFO - Completed backups: ['i-07fa11bf7769a2a62', 'i-0441dafd1ae7252ad']
2025-12-26 20:10:02,879 - INFO - Running backup for tag: Midea-Batch
2025-12-26 20:10:03,183 - INFO - Creating backup for: i-0b50a660b51f8aeb2
2025-12-26 20:10:03,350 - INFO - Backup Job ID: fa5c153d-242c-450f-8afc-9951840b5229 started at 2025-12-26 20:10:03
2025-12-26 20:18:16,387 - INFO - Backup completed: fa5c153d-242c-450f-8afc-9951840b5229
2025-12-26 20:18:21,544 - INFO - Backup total time: 0:08:17.863458
2025-12-26 20:18:21,624 - INFO - Completed backups: ['i-0b50a660b51f8aeb2']
2025-12-26 23:00:03,156 - INFO - Running backup for tag: SaddleCreek-PySpark
2025-12-26 23:00:03,585 - INFO - Creating backup for: i-092f019afca263399
2025-12-26 23:00:03,767 - INFO - Backup Job ID: 860326ff-ab44-4f0b-aeca-b20d1e7f3695 started at 2025-12-26 23:00:03
2025-12-26 23:07:22,305 - INFO - Backup completed: 860326ff-ab44-4f0b-aeca-b20d1e7f3695
2025-12-26 23:07:27,434 - INFO - Backup total time: 0:07:23.016773
2025-12-26 23:07:27,514 - INFO - Completed backups: ['i-092f019afca263399']
