2025-11-23 02:30:03,118 - INFO - Running backup for tag: Tekton-Production-App
2025-11-23 02:30:03,503 - INFO - Creating backup for: i-0ddfff726a5813c2f
2025-11-23 02:30:03,729 - INFO - Backup Job ID: afacba8d-ad37-416e-8f18-4c5c66b6cd00 started at 2025-11-23 02:30:03
2025-11-23 02:30:03,730 - INFO - Creating backup for: i-0354165490f950351
2025-11-23 02:30:03,844 - INFO - Backup Job ID: 705d9d47-2460-4e73-9eb0-048ebec80e7e started at 2025-11-23 02:30:03
2025-11-23 02:32:15,297 - INFO - Backup completed: afacba8d-ad37-416e-8f18-4c5c66b6cd00
2025-11-23 02:38:17,860 - INFO - Backup completed: 705d9d47-2460-4e73-9eb0-048ebec80e7e
2025-11-23 02:38:22,999 - INFO - Backup total time: 0:08:18.877776
2025-11-23 02:38:23,085 - INFO - Completed backups: ['i-0ddfff726a5813c2f', 'i-0354165490f950351']
2025-11-23 02:40:02,553 - INFO - Running backup for tag: Tekton-Production-Batch
2025-11-23 02:40:02,822 - INFO - Creating backup for: i-0f99fd2baa2bc3c22
2025-11-23 02:40:03,013 - INFO - Backup Job ID: 905bb2f5-e5a8-4417-af6c-50b6abe01c76 started at 2025-11-23 02:40:02
2025-11-23 02:56:25,094 - INFO - Backup completed: 905bb2f5-e5a8-4417-af6c-50b6abe01c76
2025-11-23 02:56:30,246 - INFO - Backup total time: 0:16:26.928660
2025-11-23 02:56:30,335 - INFO - Completed backups: ['i-0f99fd2baa2bc3c22']
2025-11-23 20:05:03,272 - INFO - Running backup for tag: Kinaxis-Elastic
2025-11-23 20:05:03,569 - INFO - Creating backup for: i-0247c905a24cc8d5d
2025-11-23 20:05:03,712 - INFO - Backup Job ID: 2bf1edf3-3c5d-48bd-92f4-de16751877ef started at 2025-11-23 20:05:03
2025-11-23 20:09:10,810 - INFO - Backup completed: 2bf1edf3-3c5d-48bd-92f4-de16751877ef
2025-11-23 20:09:15,942 - INFO - Backup total time: 0:04:11.848859
2025-11-23 20:09:16,055 - INFO - Completed backups: ['i-0247c905a24cc8d5d']
2025-11-23 20:15:02,871 - INFO - Running backup for tag: Kinaxis-Elastic-2
2025-11-23 20:15:03,222 - INFO - Creating backup for: i-0d414e5543e3e396e
2025-11-23 20:15:03,379 - INFO - Backup Job ID: 41e29b60-8390-4c85-a50e-49162083f20b started at 2025-11-23 20:15:03
2025-11-23 20:17:09,476 - INFO - Backup completed: 41e29b60-8390-4c85-a50e-49162083f20b
2025-11-23 20:17:14,602 - INFO - Backup total time: 0:02:10.909881
2025-11-23 20:17:14,676 - INFO - Completed backups: ['i-0d414e5543e3e396e']
