2026-01-09 00:30:03,879 - 13427 - INFO - Email sent successfully to ['CloudOps@softeon.com']
2026-01-09 00:52:47,695 - 13427 - INFO - Email sent successfully to ['MahimaM@softeon.com']
2026-01-09 00:52:47,801 - 13427 - INFO - Log file ./logs/backup_2026-01-09.log uploaded to s3://q3-2025-aws-security-patching/UMG-OMS-US-uat_Patch_Backup/2026-01-09/backup_2026-01-09.log
2026-01-09 04:30:03,291 - 27248 - INFO - Logger setup has been removed, using shared logger from common.logs.logger.
2026-01-09 04:30:03,291 - 27248 - INFO - Script Start Time: 2026-01-09 04:30:03
2026-01-09 04:30:03,486 - 27248 - INFO - Instance(s) selected for Patching: {'i-0d5e877ac0d893b10': '172.29.10.218', 'i-02ebd6a6ab263e6f1': '172.29.10.217', 'i-08dfef7ff180a929d': '172.29.10.179', 'i-0112abf53f9f2e386': '172.29.10.46'}
2026-01-09 04:30:03,601 - 27248 - INFO - Email sent successfully to ['a80af5b5.softeon.com@in.teams.ms', 'CloudOps@softeon.com']
2026-01-09 04:30:03,601 - 27248 - INFO - Now patching instances at: 2026-01-09 04:30:03
2026-01-09 04:30:03,696 - 27248 - INFO - Sending patch command to instance i-02ebd6a6ab263e6f1
2026-01-09 04:30:03,849 - 27248 - INFO - Command sent successfully to instance i-02ebd6a6ab263e6f1. Command ID: 146cb837-4ae2-442d-ba73-c21c3e8c381e
2026-01-09 04:30:03,996 - 27248 - INFO - Sending patch command to instance i-0d5e877ac0d893b10
2026-01-09 04:30:05,162 - 27248 - INFO - Command sent successfully to instance i-0d5e877ac0d893b10. Command ID: 3d3fdbbb-1ac8-48a9-a051-38253ec52fdf
2026-01-09 04:30:05,286 - 27248 - INFO - Sending patch command to instance i-0112abf53f9f2e386
2026-01-09 04:30:05,351 - 27248 - INFO - Command sent successfully to instance i-0112abf53f9f2e386. Command ID: 87f319bf-d82c-45f8-abeb-1ceda7f8ede0
2026-01-09 04:30:05,471 - 27248 - INFO - Sending patch command to instance i-08dfef7ff180a929d
2026-01-09 04:30:05,596 - 27248 - INFO - Command sent successfully to instance i-08dfef7ff180a929d. Command ID: fa182697-9805-477d-b113-58a955b4c64f
2026-01-09 04:37:08,175 - 27248 - INFO - All patches applied successfully.
2026-01-09 04:37:08,175 - 27248 - INFO - Patching end time: 2026-01-09 04:37:08
2026-01-09 04:37:08,175 - 27248 - INFO - Patch Elapsed time: 0:07:04.574215
2026-01-09 04:37:08,249 - 27248 - INFO - Email sent successfully to ['a80af5b5.softeon.com@in.teams.ms', 'CloudOps@softeon.com']
2026-01-09 04:37:08,250 - 27248 - INFO - Confirmed - services are stopped
2026-01-09 04:37:27,829 - 27248 - INFO - Discovered TG map: {'i-0112abf53f9f2e386': ['arn:aws:elasticloadbalancing:us-east-1:835314132208:targetgroup/UMG-OMS-US-UAT-APP/29a67d9aa9863706', 'arn:aws:elasticloadbalancing:us-east-1:835314132208:targetgroup/UMG-OMS-Vendor-Portal-UAT/35b8cc33f919e46d', 'arn:aws:elasticloadbalancing:us-east-1:835314132208:targetgroup/UMG-Technicolor-UAT-DOMS-Ext/02b48de156df8f43', 'arn:aws:elasticloadbalancing:us-east-1:835314132208:targetgroup/UMG-US-UAT-DOMS-EXT/5fc31e1e3f6525f8'], 'i-02ebd6a6ab263e6f1': ['arn:aws:elasticloadbalancing:us-east-1:835314132208:targetgroup/UMG-US-STRESS-UAT-DOMS-EXT/8219af4075b17dc2'], 'i-08dfef7ff180a929d': ['arn:aws:elasticloadbalancing:us-east-1:835314132208:targetgroup/UMG-US-STRESS-UAT-DOMS-EXT/8219af4075b17dc2']}
2026-01-09 04:37:28,092 - 27248 - INFO - Sent app_validation.sh to i-02ebd6a6ab263e6f1 (command_id: 1ca02525-5666-4e73-b322-db9a831c1603)
2026-01-09 04:37:58,168 - 27248 - INFO - app_validation.sh output for i-02ebd6a6ab263e6f1:

==============================================================================
Server Availability Check Started at Fri Jan  9 04:37:28 EST 2026
==============================================================================

-------------------------------------
Server IP : 172.29.10.217
-------------------------------------
System Information
------------------
Hostname: ip-172-29-10-217
Uptime: up 13 weeks, 1 day, 4 hours, 29 minutes
Current User: root
Working Directory: /usr/bin
-------------------------------------
Voice Console URL: http://172.29.10.217:9090/VoiceConsole
-------------------------------------

-------------------------------------
Server IP : 172.29.10.217
-------------------------------------
Physical Memory Information
---------------------------
Total Physical Memory = 15611 MB
Used Physical Memory  = 4950 MB
Free Physical Memory  = 10661 MB
-------------------------------------
Swap Memory Information
-----------------------
Total Swap Memory = 10239 MB
Used Swap Memory  = 0 MB
Free Swap Memory  = 10239 MB
-------------------------------------
Load Average: 0.13 0.62 0.39 1/338 2113933
-------------------------------------

Disk Usage Information
----------------------
Filesystem                                 Size  Used Avail Use% Mounted on
/dev/nvme0n1p1                              20G  6.4G   14G  32% /
/dev/nvme0n1p128                            10M  1.3M  8.7M  13% /boot/efi
/dev/nvme1n1p2                             290G   55G  236G  19% /data
fs-282d309d.efs.us-east-1.amazonaws.com:/  8.0E   88G  8.0E   1% /data4
devtmpfs                                   4.0M     0  4.0M   0% /dev
tmpfs                                      7.7G     0  7.7G   0% /dev/shm
tmpfs                                      3.1G  8.7M  3.1G   1% /run
tmpfs                                      1.6G     0  1.6G   0% /run/user/2001
tmpfs                                      7.7G   32K  7.7G   1% /tmp
-------------------------------------

Application Port Validation for Server IP: 172.29.10.217 started on Fri Jan  9 04:37:28 EST 2026

Server IP: 172.29.10.217 is reachable.

SSH Service (Port 22) Status:
SSH Service (Port 22): NOT REACHABLE
-------------------------------------

FTP Service Validation for Server IP: 172.29.10.217

FTP Service (Port 21): NOT REACHABLE
No FTP processes detected
-------------------------------------

CUPS Service Validation for Server IP: 172.29.10.217

CUPS Service (Port 631): NOT REACHABLE

Printer Configuration:
Total Printers Configured: 0
-------------------------------------
CUPS Service (Port 631): NOT REACHABLE on 172.29.10.217
-------------------------------------

Total number of Java process running on this host 172.29.10.217 is 1
Total number of Daemon / Batch (java) application process available is 0

No Java daemon processes running
-------------------------------------

-------------------------------------
Total number of App process running on this host 172.29.10.217
Total number of App java process available is 1
-------------------------------------
App Process details:
Process ID: 2008683, Process Name: 3:37
-------------------------------------

Web Application Port Validation for Server IP: 172.29.10.217
Port 8080:	umgomsstr_j	Running
-------------------------------------

==============================================================================
Server Availability Check Completed at Fri Jan  9 04:37:29 EST 2026
==============================================================================


2026-01-09 04:37:58,168 - 27248 - ERROR - app_validation.sh errors for i-02ebd6a6ab263e6f1:

2026-01-09 04:37:58,170 - 27248 - INFO - Before patching validation saved to: output/validation-2026-01-09/172.29.10.217-BeforePatching-2026-01-09-04-37-58-169.log
2026-01-09 04:37:58,170 - 27248 - INFO - Deregistering i-02ebd6a6ab263e6f1 from TG arn:aws:elasticloadbalancing:us-east-1:835314132208:targetgroup/UMG-US-STRESS-UAT-DOMS-EXT/8219af4075b17dc2
2026-01-09 04:37:58,252 - 27248 - INFO - Stopping EC2 instance: i-02ebd6a6ab263e6f1 at 2026-01-09 04:37:58
2026-01-09 04:39:14,434 - 27248 - INFO - Instance i-02ebd6a6ab263e6f1 stopped successfully.
2026-01-09 04:39:14,937 - 27248 - INFO - Stopped i-02ebd6a6ab263e6f1 in 0:01:16.685045
2026-01-09 04:39:14,938 - 27248 - INFO - Starting EC2 instance: i-02ebd6a6ab263e6f1
2026-01-09 04:39:30,866 - 27248 - INFO - Instance i-02ebd6a6ab263e6f1 started successfully.
2026-01-09 04:39:30,866 - 27248 - INFO - Waiting 30 seconds for SSM agent to be ready on i-02ebd6a6ab263e6f1...
2026-01-09 04:40:00,895 - 27248 - INFO - Registering i-02ebd6a6ab263e6f1 to TG arn:aws:elasticloadbalancing:us-east-1:835314132208:targetgroup/UMG-US-STRESS-UAT-DOMS-EXT/8219af4075b17dc2
2026-01-09 04:41:31,468 - 27248 - INFO - Sent app_validation.sh to i-02ebd6a6ab263e6f1 (command_id: 1b06b3a7-6a92-4f86-9c59-b5d32b52a27c)
2026-01-09 04:42:01,559 - 27248 - INFO - app_validation.sh output for i-02ebd6a6ab263e6f1:

==============================================================================
Server Availability Check Started at Fri Jan  9 04:41:31 EST 2026
==============================================================================

-------------------------------------
Server IP : 172.29.10.217
-------------------------------------
System Information
------------------
Hostname: ip-172-29-10-217
Uptime: up 2 minutes
Current User: root
Working Directory: /usr/bin
-------------------------------------
Voice Console URL: http://172.29.10.217:9090/VoiceConsole
-------------------------------------

-------------------------------------
Server IP : 172.29.10.217
-------------------------------------
Physical Memory Information
---------------------------
Total Physical Memory = 15623 MB
Used Physical Memory  = 3773 MB
Free Physical Memory  = 11850 MB
-------------------------------------
Swap Memory Information
-----------------------
Total Swap Memory = 10239 MB
Used Swap Memory  = 0 MB
Free Swap Memory  = 10239 MB
-------------------------------------
Load Average: 0.56 0.31 0.12 3/331 3343
-------------------------------------

Disk Usage Information
----------------------
Filesystem                                 Size  Used Avail Use% Mounted on
/dev/nvme0n1p1                              20G  6.4G   14G  32% /
/dev/nvme0n1p128                            10M  1.3M  8.7M  13% /boot/efi
/dev/nvme1n1p2                             290G   55G  236G  19% /data
fs-282d309d.efs.us-east-1.amazonaws.com:/  8.0E   88G  8.0E   1% /data4
devtmpfs                                   4.0M     0  4.0M   0% /dev
tmpfs                                      7.7G     0  7.7G   0% /dev/shm
tmpfs                                      3.1G  8.7M  3.1G   1% /run
tmpfs                                      7.7G   32K  7.7G   1% /tmp
-------------------------------------

Application Port Validation for Server IP: 172.29.10.217 started on Fri Jan  9 04:41:31 EST 2026

Server IP: 172.29.10.217 is reachable.

SSH Service (Port 22) Status:
SSH Service (Port 22): NOT REACHABLE
-------------------------------------

FTP Service Validation for Server IP: 172.29.10.217

FTP Service (Port 21): NOT REACHABLE
No FTP processes detected
-------------------------------------

CUPS Service Validation for Server IP: 172.29.10.217

CUPS Service (Port 631): NOT REACHABLE

Printer Configuration:
Total Printers Configured: 0
-------------------------------------
CUPS Service (Port 631): NOT REACHABLE on 172.29.10.217
-------------------------------------

Total number of Java process running on this host 172.29.10.217 is 1
Total number of Daemon / Batch (java) application process available is 0

No Java daemon processes running
-------------------------------------

-------------------------------------
Total number of App process running on this host 172.29.10.217
Total number of App java process available is 1
-------------------------------------
App Process details:
Process ID: 3028, Process Name: 0:39
-------------------------------------

Web Application Port Validation for Server IP: 172.29.10.217
Port 8080:	umgomsstr_jb72	Running
-------------------------------------

==============================================================================
Server Availability Check Completed at Fri Jan  9 04:41:33 EST 2026
==============================================================================


2026-01-09 04:42:01,559 - 27248 - ERROR - app_validation.sh errors for i-02ebd6a6ab263e6f1:

2026-01-09 04:42:01,570 - 27248 - INFO - After patching validation saved to: output/validation-2026-01-09/172.29.10.217-AfterPatching-2026-01-09-04-42-01-560.log
2026-01-09 04:42:01,852 - 27248 - INFO - Validation comparison report generated: output/validation-2026-01-09/172.29.10.217-Validation-details-2026-01-09-04-42-01-560.log
2026-01-09 04:42:02,158 - 27248 - INFO - Email sent successfully to ['CloudOps@softeon.com']
2026-01-09 04:42:02,158 - 27248 - INFO - HTML validation report email sent for i-02ebd6a6ab263e6f1
2026-01-09 04:42:03,394 - 27248 - INFO - Started i-02ebd6a6ab263e6f1 in 0:02:48.455931
2026-01-09 04:42:03,394 - 27248 - INFO - Waiting 120 seconds before proceeding to the next instance...
2026-01-09 04:44:03,558 - 27248 - INFO - Sent app_validation.sh to i-0d5e877ac0d893b10 (command_id: 726354de-ed78-4c08-a3e9-47a24cda428b)
2026-01-09 04:44:33,667 - 27248 - INFO - app_validation.sh output for i-0d5e877ac0d893b10:

==============================================================================
Server Availability Check Started at Fri Jan  9 04:44:03 EST 2026
==============================================================================

-------------------------------------
Server IP : 172.29.10.218
-------------------------------------
System Information
------------------
Hostname: ip-172-29-10-218
Uptime: up 13 weeks, 1 day, 4 hours, 30 minutes
Current User: root
Working Directory: /usr/bin
-------------------------------------
Voice Console URL: http://172.29.10.218:9090/VoiceConsole
-------------------------------------

-------------------------------------
Server IP : 172.29.10.218
-------------------------------------
Physical Memory Information
---------------------------
Total Physical Memory = 15611 MB
Used Physical Memory  = 8574 MB
Free Physical Memory  = 7037 MB
-------------------------------------
Swap Memory Information
-----------------------
Total Swap Memory = 10239 MB
Used Swap Memory  = 351 MB
Free Swap Memory  = 9888 MB
-------------------------------------
Load Average: 0.34 0.63 0.67 4/895 1382570
-------------------------------------

Disk Usage Information
----------------------
Filesystem                                 Size  Used Avail Use% Mounted on
/dev/nvme0n1p1                              20G  6.4G   14G  32% /
/dev/nvme0n1p128                            10M  1.3M  8.7M  13% /boot/efi
/dev/nvme1n1p2                             290G   68G  223G  24% /data
fs-282d309d.efs.us-east-1.amazonaws.com:/  8.0E   88G  8.0E   1% /data4
devtmpfs                                   4.0M     0  4.0M   0% /dev
tmpfs                                      7.7G     0  7.7G   0% /dev/shm
tmpfs                                      3.1G  8.7M  3.1G   1% /run
tmpfs                                      1.6G     0  1.6G   0% /run/user/2001
tmpfs                                      7.7G  1.2M  7.7G   1% /tmp
-------------------------------------

Application Port Validation for Server IP: 172.29.10.218 started on Fri Jan  9 04:44:03 EST 2026

Server IP: 172.29.10.218 is reachable.

SSH Service (Port 22) Status:
SSH Service (Port 22): NOT REACHABLE
-------------------------------------

FTP Service Validation for Server IP: 172.29.10.218

FTP Service (Port 21): NOT REACHABLE
No FTP processes detected
-------------------------------------

CUPS Service Validation for Server IP: 172.29.10.218

CUPS Service (Port 631): NOT REACHABLE

Printer Configuration:
Total Printers Configured: 0
-------------------------------------
CUPS Service (Port 631): NOT REACHABLE on 172.29.10.218
-------------------------------------

Total number of Java process running on this host 172.29.10.218 is 37
Total number of Daemon / Batch (java) application process available is 37

Daemon Process id and name details are given below
Process ID: 1091809, Process Name: 0:32
Process ID: 1091450, Process Name: 4:03
Process ID: 1090729, Process Name: 0:39
Process ID: 1090399, Process Name: 0:39
Process ID: 1090445, Process Name: 0:28
Process ID: 1090538, Process Name: 21:15
Process ID: 1090491, Process Name: 0:29
Process ID: 1090582, Process Name: 0:33
Process ID: 1090631, Process Name: 0:37
Process ID: 1090682, Process Name: 82:58
Process ID: 1090307, Process Name: 1:09
Process ID: 1091756, Process Name: 4:27
Process ID: 1092179, Process Name: 0:32
Process ID: 1090777, Process Name: 0:33
Process ID: 1090827, Process Name: 0:37
Process ID: 1091132, Process Name: 1:12
Process ID: 1090877, Process Name: 0:33
Process ID: 1090925, Process Name: 0:56
Process ID: 1090977, Process Name: 0:36
Process ID: 1091031, Process Name: 0:36
Process ID: 1091083, Process Name: 0:32
Process ID: 1091182, Process Name: 0:32
Process ID: 1091298, Process Name: 1:08
Process ID: 1091239, Process Name: 0:47
Process ID: 1091350, Process Name: 21:47
Process ID: 1091500, Process Name: 0:34
Process ID: 1091401, Process Name: 128:32
Process ID: 1092230, Process Name: 0:47
Process ID: 1091602, Process Name: 0:48
Process ID: 1092280, Process Name: 0:46
Process ID: 1091553, Process Name: 0:45
Process ID: 1092069, Process Name: 0:38
Process ID: 1091653, Process Name: 1:53
Process ID: 1091863, Process Name: 0:46
Process ID: 1091916, Process Name: 1:10
Process ID: 1091979, Process Name: 1:42
Process ID: 1090353, Process Name: 8:24
-------------------------------------

-------------------------------------
Total number of App process running on this host 172.29.10.218
Total number of App java process available is 0
-------------------------------------
No Standalone application processes running
-------------------------------------

Web Application Port Validation for Server IP: 172.29.10.218
-------------------------------------

==============================================================================
Server Availability Check Completed at Fri Jan  9 04:44:08 EST 2026
==============================================================================


2026-01-09 04:44:33,668 - 27248 - ERROR - app_validation.sh errors for i-0d5e877ac0d893b10:

2026-01-09 04:44:33,669 - 27248 - INFO - Before patching validation saved to: output/validation-2026-01-09/172.29.10.218-BeforePatching-2026-01-09-04-44-33-669.log
2026-01-09 04:44:33,670 - 27248 - INFO - Stopping EC2 instance: i-0d5e877ac0d893b10 at 2026-01-09 04:44:33
2026-01-09 04:47:20,422 - 27248 - INFO - Instance i-0d5e877ac0d893b10 stopped successfully.
2026-01-09 04:47:20,881 - 27248 - INFO - Stopped i-0d5e877ac0d893b10 in 0:02:47.211773
2026-01-09 04:47:20,882 - 27248 - INFO - Starting EC2 instance: i-0d5e877ac0d893b10
2026-01-09 04:47:36,957 - 27248 - INFO - Instance i-0d5e877ac0d893b10 started successfully.
2026-01-09 04:47:36,957 - 27248 - INFO - Waiting 30 seconds for SSM agent to be ready on i-0d5e877ac0d893b10...
2026-01-09 04:48:07,100 - 27248 - INFO - Sent app_validation.sh to i-0d5e877ac0d893b10 (command_id: 09277fed-92b7-43cc-8fe0-e80d728b581e)
2026-01-09 04:48:37,177 - 27248 - INFO - app_validation.sh output for i-0d5e877ac0d893b10:

==============================================================================
Server Availability Check Started at Fri Jan  9 04:48:07 EST 2026
==============================================================================

-------------------------------------
Server IP : 172.29.10.218
-------------------------------------
System Information
------------------
Hostname: ip-172-29-10-218
Uptime: up 0 minutes
Current User: root
Working Directory: /usr/bin
-------------------------------------
Voice Console URL: http://172.29.10.218:9090/VoiceConsole
-------------------------------------

-------------------------------------
Server IP : 172.29.10.218
-------------------------------------
Physical Memory Information
---------------------------
Total Physical Memory = 15623 MB
Used Physical Memory  = 3914 MB
Free Physical Memory  = 11709 MB
-------------------------------------
Swap Memory Information
-----------------------
Total Swap Memory = 10239 MB
Used Swap Memory  = 0 MB
Free Swap Memory  = 10239 MB
-------------------------------------
Load Average: 22.29 5.34 1.77 89/673 4444
-------------------------------------

Disk Usage Information
----------------------
Filesystem                                 Size  Used Avail Use% Mounted on
/dev/nvme0n1p1                              20G  6.4G   14G  32% /
/dev/nvme0n1p128                            10M  1.3M  8.7M  13% /boot/efi
/dev/nvme1n1p2                             290G   67G  224G  23% /data
fs-282d309d.efs.us-east-1.amazonaws.com:/  8.0E   88G  8.0E   1% /data4
devtmpfs                                   4.0M     0  4.0M   0% /dev
tmpfs                                      7.7G     0  7.7G   0% /dev/shm
tmpfs                                      3.1G  9.0M  3.1G   1% /run
tmpfs                                      1.6G     0  1.6G   0% /run/user/2001
tmpfs                                      7.7G  1.1M  7.7G   1% /tmp
-------------------------------------

Application Port Validation for Server IP: 172.29.10.218 started on Fri Jan  9 04:48:07 EST 2026

Server IP: 172.29.10.218 is reachable.

SSH Service (Port 22) Status:
SSH Service (Port 22): NOT REACHABLE
-------------------------------------

FTP Service Validation for Server IP: 172.29.10.218

FTP Service (Port 21): NOT REACHABLE
No FTP processes detected
-------------------------------------

CUPS Service Validation for Server IP: 172.29.10.218

CUPS Service (Port 631): NOT REACHABLE

Printer Configuration:
Total Printers Configured: 0
-------------------------------------
CUPS Service (Port 631): NOT REACHABLE on 172.29.10.218
-------------------------------------

Total number of Java process running on this host 172.29.10.218 is 34
Total number of Daemon / Batch (java) application process available is 34

Daemon Process id and name details are given below
Process ID: 4201, Process Name: 0:00
Process ID: 3845, Process Name: 0:00
Process ID: 3186, Process Name: 0:01
Process ID: 2880, Process Name: 0:02
Process ID: 2925, Process Name: 0:02
Process ID: 3015, Process Name: 0:01
Process ID: 2970, Process Name: 0:02
Process ID: 3056, Process Name: 0:01
Process ID: 3101, Process Name: 0:01
Process ID: 3146, Process Name: 0:01
Process ID: 4106, Process Name: 0:00
Process ID: 2763, Process Name: 0:02
Process ID: 4153, Process Name: 0:00
Process ID: 3231, Process Name: 0:01
Process ID: 3276, Process Name: 0:01
Process ID: 3560, Process Name: 0:01
Process ID: 3321, Process Name: 0:01
Process ID: 3375, Process Name: 0:01
Process ID: 3430, Process Name: 0:01
Process ID: 3470, Process Name: 0:01
Process ID: 3520, Process Name: 0:01
Process ID: 3610, Process Name: 0:01
Process ID: 3703, Process Name: 0:00
Process ID: 3651, Process Name: 0:00
Process ID: 3750, Process Name: 0:00
Process ID: 3910, Process Name: 0:00
Process ID: 3796, Process Name: 0:00
Process ID: 4001, Process Name: 0:00
Process ID: 3957, Process Name: 0:00
Process ID: 4055, Process Name: 0:00
Process ID: 4297, Process Name: 0:00
Process ID: 4350, Process Name: 0:00
Process ID: 4472, Process Name: 0:00
Process ID: 2814, Process Name: 0:02
-------------------------------------

-------------------------------------
Total number of App process running on this host 172.29.10.218
Total number of App java process available is 0
-------------------------------------
No Standalone application processes running
-------------------------------------

Web Application Port Validation for Server IP: 172.29.10.218
-------------------------------------

==============================================================================
Server Availability Check Completed at Fri Jan  9 04:48:12 EST 2026
==============================================================================


2026-01-09 04:48:37,177 - 27248 - ERROR - app_validation.sh errors for i-0d5e877ac0d893b10:

2026-01-09 04:48:37,179 - 27248 - INFO - After patching validation saved to: output/validation-2026-01-09/172.29.10.218-AfterPatching-2026-01-09-04-48-37-179.log
2026-01-09 04:48:37,214 - 27248 - INFO - Validation comparison report generated: output/validation-2026-01-09/172.29.10.218-Validation-details-2026-01-09-04-48-37-179.log
2026-01-09 04:48:37,304 - 27248 - INFO - Email sent successfully to ['CloudOps@softeon.com']
2026-01-09 04:48:37,304 - 27248 - INFO - HTML validation report email sent for i-0d5e877ac0d893b10
2026-01-09 04:48:37,762 - 27248 - INFO - Started i-0d5e877ac0d893b10 in 0:01:16.879890
2026-01-09 04:48:37,762 - 27248 - INFO - Waiting 120 seconds before proceeding to the next instance...
2026-01-09 04:50:38,068 - 27248 - INFO - Sent app_validation.sh to i-0112abf53f9f2e386 (command_id: a378a665-b6af-4222-9ab6-0f043f63dc37)
2026-01-09 04:51:08,147 - 27248 - INFO - app_validation.sh output for i-0112abf53f9f2e386:

==============================================================================
Server Availability Check Started at Fri Jan  9 04:50:38 EST 2026
==============================================================================

-------------------------------------
Server IP : 172.29.10.46
-------------------------------------
System Information
------------------
Hostname: ip-172-29-10-46
Uptime: up 13 weeks, 1 day, 5 hours, 28 minutes
Current User: root
Working Directory: /usr/bin
-------------------------------------
Voice Console URL: http://172.29.10.46:9090/VoiceConsole
-------------------------------------

-------------------------------------
Server IP : 172.29.10.46
-------------------------------------
Physical Memory Information
---------------------------
Total Physical Memory = 31379 MB
Used Physical Memory  = 21302 MB
Free Physical Memory  = 10077 MB
-------------------------------------
Swap Memory Information
-----------------------
Total Swap Memory = 10239 MB
Used Swap Memory  = 1008 MB
Free Swap Memory  = 9231 MB
-------------------------------------
Load Average: 0.22 0.19 0.36 6/1729 2430700
-------------------------------------

Disk Usage Information
----------------------
Filesystem                                 Size  Used Avail Use% Mounted on
/dev/nvme0n1p1                              20G  5.4G   15G  27% /
/dev/nvme0n1p128                            10M  1.3M  8.7M  13% /boot/efi
/dev/nvme1n1p2                             290G  129G  162G  45% /data
fs-282d309d.efs.us-east-1.amazonaws.com:/  8.0E   88G  8.0E   1% /data4
devtmpfs                                   4.0M     0  4.0M   0% /dev
tmpfs                                       16G     0   16G   0% /dev/shm
tmpfs                                      6.2G  768K  6.2G   1% /run
tmpfs                                      3.1G     0  3.1G   0% /run/user/1000
tmpfs                                      3.1G     0  3.1G   0% /run/user/2001
tmpfs                                      3.1G     0  3.1G   0% /run/user/2002
tmpfs                                       16G   12M   16G   1% /tmp
-------------------------------------

Application Port Validation for Server IP: 172.29.10.46 started on Fri Jan  9 04:50:38 EST 2026

Server IP: 172.29.10.46 is reachable.

SSH Service (Port 22) Status:
SSH Service (Port 22): NOT REACHABLE
-------------------------------------

FTP Service Validation for Server IP: 172.29.10.46

FTP Service (Port 21): NOT REACHABLE
No FTP processes detected
-------------------------------------

CUPS Service Validation for Server IP: 172.29.10.46

CUPS Service (Port 631): NOT REACHABLE

Printer Configuration:
Total Printers Configured: 0
-------------------------------------
CUPS Service (Port 631): NOT REACHABLE on 172.29.10.46
-------------------------------------

Total number of Java process running on this host 172.29.10.46 is 52
Total number of Daemon / Batch (java) application process available is 50

Daemon Process id and name details are given below
Process ID: 1886132, Process Name: 0:32
Process ID: 1884920, Process Name: 6:30
Process ID: 1884005, Process Name: 0:45
Process ID: 1885516, Process Name: 0:39
Process ID: 1883656, Process Name: 0:41
Process ID: 1883705, Process Name: 0:34
Process ID: 1883803, Process Name: 0:45
Process ID: 1883754, Process Name: 20:18
Process ID: 1883848, Process Name: 0:33
Process ID: 1883905, Process Name: 0:54
Process ID: 1883958, Process Name: 130:08
Process ID: 1883554, Process Name: 1:09
Process ID: 1886069, Process Name: 6:59
Process ID: 1886463, Process Name: 0:35
Process ID: 1884061, Process Name: 8:29
Process ID: 1884689, Process Name: 7:11
Process ID: 1884549, Process Name: 1:11
Process ID: 1884177, Process Name: 0:34
Process ID: 1884244, Process Name: 0:54
Process ID: 1884322, Process Name: 0:37
Process ID: 1884392, Process Name: 0:36
Process ID: 1884470, Process Name: 0:32
Process ID: 1884622, Process Name: 0:31
Process ID: 1884754, Process Name: 1:05
Process ID: 1884808, Process Name: 0:35
Process ID: 1884976, Process Name: 0:34
Process ID: 1884865, Process Name: 26:41
Process ID: 1886528, Process Name: 0:46
Process ID: 1885095, Process Name: 0:47
Process ID: 1886589, Process Name: 0:47
Process ID: 1885034, Process Name: 0:45
Process ID: 1885210, Process Name: 1:13
Process ID: 1885271, Process Name: 0:39
Process ID: 1886394, Process Name: 0:39
Process ID: 1885336, Process Name: 0:41
Process ID: 1885402, Process Name: 0:41
Process ID: 1885459, Process Name: 0:39
Process ID: 1885575, Process Name: 0:40
Process ID: 1885638, Process Name: 0:40
Process ID: 1885695, Process Name: 0:40
Process ID: 1885759, Process Name: 0:41
Process ID: 1885822, Process Name: 0:40
Process ID: 1885888, Process Name: 0:58
Process ID: 1885949, Process Name: 0:40
Process ID: 1885151, Process Name: 1:48
Process ID: 1886187, Process Name: 1:58
Process ID: 1886251, Process Name: 1:20
Process ID: 1886324, Process Name: 1:52
Process ID: 1884123, Process Name: 0:35
Process ID: 1883603, Process Name: 11:01
-------------------------------------

-------------------------------------
Total number of App process running on this host 172.29.10.46
Total number of App java process available is 2
-------------------------------------
App Process details:
Process ID: 580109, Process Name: 28:10
Process ID: 1888682, Process Name: 7:49
-------------------------------------

Web Application Port Validation for Server IP: 172.29.10.46
Port 8080:	umgoms_jb72	Running
Port 8081:	vportal_jb72	Running
-------------------------------------

==============================================================================
Server Availability Check Completed at Fri Jan  9 04:50:42 EST 2026
==============================================================================


2026-01-09 04:51:08,147 - 27248 - ERROR - app_validation.sh errors for i-0112abf53f9f2e386:

2026-01-09 04:51:08,149 - 27248 - INFO - Before patching validation saved to: output/validation-2026-01-09/172.29.10.46-BeforePatching-2026-01-09-04-51-08-148.log
2026-01-09 04:51:08,149 - 27248 - INFO - Deregistering i-0112abf53f9f2e386 from TG arn:aws:elasticloadbalancing:us-east-1:835314132208:targetgroup/UMG-OMS-US-UAT-APP/29a67d9aa9863706
2026-01-09 04:51:08,229 - 27248 - INFO - Deregistering i-0112abf53f9f2e386 from TG arn:aws:elasticloadbalancing:us-east-1:835314132208:targetgroup/UMG-OMS-Vendor-Portal-UAT/35b8cc33f919e46d
2026-01-09 04:51:08,286 - 27248 - INFO - Deregistering i-0112abf53f9f2e386 from TG arn:aws:elasticloadbalancing:us-east-1:835314132208:targetgroup/UMG-Technicolor-UAT-DOMS-Ext/02b48de156df8f43
2026-01-09 04:51:08,331 - 27248 - INFO - Deregistering i-0112abf53f9f2e386 from TG arn:aws:elasticloadbalancing:us-east-1:835314132208:targetgroup/UMG-US-UAT-DOMS-EXT/5fc31e1e3f6525f8
2026-01-09 04:51:08,383 - 27248 - INFO - Stopping EC2 instance: i-0112abf53f9f2e386 at 2026-01-09 04:51:08
2026-01-09 04:53:40,028 - 27248 - INFO - Instance i-0112abf53f9f2e386 stopped successfully.
2026-01-09 04:53:40,495 - 27248 - INFO - Stopped i-0112abf53f9f2e386 in 0:02:32.111876
2026-01-09 04:53:40,495 - 27248 - INFO - Starting EC2 instance: i-0112abf53f9f2e386
2026-01-09 04:53:56,486 - 27248 - INFO - Instance i-0112abf53f9f2e386 started successfully.
2026-01-09 04:53:56,486 - 27248 - INFO - Waiting 30 seconds for SSM agent to be ready on i-0112abf53f9f2e386...
2026-01-09 04:54:26,491 - 27248 - INFO - Registering i-0112abf53f9f2e386 to TG arn:aws:elasticloadbalancing:us-east-1:835314132208:targetgroup/UMG-OMS-US-UAT-APP/29a67d9aa9863706
2026-01-09 04:54:26,669 - 27248 - INFO - Registering i-0112abf53f9f2e386 to TG arn:aws:elasticloadbalancing:us-east-1:835314132208:targetgroup/UMG-OMS-Vendor-Portal-UAT/35b8cc33f919e46d
2026-01-09 04:54:26,805 - 27248 - INFO - Registering i-0112abf53f9f2e386 to TG arn:aws:elasticloadbalancing:us-east-1:835314132208:targetgroup/UMG-Technicolor-UAT-DOMS-Ext/02b48de156df8f43
2026-01-09 04:54:26,941 - 27248 - INFO - Registering i-0112abf53f9f2e386 to TG arn:aws:elasticloadbalancing:us-east-1:835314132208:targetgroup/UMG-US-UAT-DOMS-EXT/5fc31e1e3f6525f8
2026-01-09 04:56:27,639 - 27248 - INFO - Sent app_validation.sh to i-0112abf53f9f2e386 (command_id: 75fef4d9-287f-47e5-95d8-b6ab38dbbc97)
2026-01-09 04:56:57,721 - 27248 - INFO - app_validation.sh output for i-0112abf53f9f2e386:

==============================================================================
Server Availability Check Started at Fri Jan  9 04:56:27 EST 2026
==============================================================================

-------------------------------------
Server IP : 172.29.10.46
-------------------------------------
System Information
------------------
Hostname: ip-172-29-10-46
Uptime: up 2 minutes
Current User: root
Working Directory: /usr/bin
-------------------------------------
Voice Console URL: http://172.29.10.46:9090/VoiceConsole
-------------------------------------

-------------------------------------
Server IP : 172.29.10.46
-------------------------------------
Physical Memory Information
---------------------------
Total Physical Memory = 31391 MB
Used Physical Memory  = 15107 MB
Free Physical Memory  = 16284 MB
-------------------------------------
Swap Memory Information
-----------------------
Total Swap Memory = 10239 MB
Used Swap Memory  = 0 MB
Free Swap Memory  = 10239 MB
-------------------------------------
Load Average: 6.39 6.23 2.65 2/1464 7535
-------------------------------------

Disk Usage Information
----------------------
Filesystem                                 Size  Used Avail Use% Mounted on
/dev/nvme0n1p1                              20G  5.4G   15G  27% /
/dev/nvme0n1p128                            10M  1.3M  8.7M  13% /boot/efi
/dev/nvme1n1p2                             290G  129G  162G  45% /data
fs-282d309d.efs.us-east-1.amazonaws.com:/  8.0E   88G  8.0E   1% /data4
devtmpfs                                   4.0M     0  4.0M   0% /dev
tmpfs                                       16G     0   16G   0% /dev/shm
tmpfs                                      6.2G  1.1M  6.2G   1% /run
tmpfs                                      3.1G     0  3.1G   0% /run/user/2001
tmpfs                                      3.1G     0  3.1G   0% /run/user/2002
tmpfs                                       16G   12M   16G   1% /tmp
-------------------------------------

Application Port Validation for Server IP: 172.29.10.46 started on Fri Jan  9 04:56:27 EST 2026

Server IP: 172.29.10.46 is reachable.

SSH Service (Port 22) Status:
SSH Service (Port 22): NOT REACHABLE
-------------------------------------

FTP Service Validation for Server IP: 172.29.10.46

FTP Service (Port 21): NOT REACHABLE
No FTP processes detected
-------------------------------------

CUPS Service Validation for Server IP: 172.29.10.46

CUPS Service (Port 631): NOT REACHABLE

Printer Configuration:
Total Printers Configured: 0
-------------------------------------
CUPS Service (Port 631): NOT REACHABLE on 172.29.10.46
-------------------------------------

Total number of Java process running on this host 172.29.10.46 is 51
Total number of Daemon / Batch (java) application process available is 49

Daemon Process id and name details are given below
Process ID: 5433, Process Name: 0:02
Process ID: 4268, Process Name: 0:04
Process ID: 3549, Process Name: 0:02
Process ID: 4837, Process Name: 0:03
Process ID: 3218, Process Name: 0:02
Process ID: 3271, Process Name: 0:06
Process ID: 3367, Process Name: 0:02
Process ID: 3319, Process Name: 0:09
Process ID: 3410, Process Name: 0:02
Process ID: 3458, Process Name: 0:02
Process ID: 3506, Process Name: 0:14
Process ID: 3112, Process Name: 0:02
Process ID: 5378, Process Name: 0:07
Process ID: 5768, Process Name: 0:02
Process ID: 3597, Process Name: 0:02
Process ID: 4062, Process Name: 0:06
Process ID: 3960, Process Name: 0:02
Process ID: 3697, Process Name: 0:02
Process ID: 3752, Process Name: 0:02
Process ID: 3807, Process Name: 0:02
Process ID: 3856, Process Name: 0:02
Process ID: 3911, Process Name: 0:02
Process ID: 4006, Process Name: 0:02
Process ID: 4116, Process Name: 0:02
Process ID: 4165, Process Name: 0:02
Process ID: 4317, Process Name: 0:02
Process ID: 4216, Process Name: 0:14
Process ID: 5822, Process Name: 0:02
Process ID: 4446, Process Name: 0:02
Process ID: 5887, Process Name: 0:02
Process ID: 4368, Process Name: 0:02
Process ID: 4564, Process Name: 0:04
Process ID: 4610, Process Name: 0:04
Process ID: 5715, Process Name: 0:04
Process ID: 4667, Process Name: 0:04
Process ID: 4729, Process Name: 0:03
Process ID: 4778, Process Name: 0:04
Process ID: 4893, Process Name: 0:03
Process ID: 4950, Process Name: 0:03
Process ID: 5005, Process Name: 0:03
Process ID: 5062, Process Name: 0:03
Process ID: 5120, Process Name: 0:03
Process ID: 5188, Process Name: 0:03
Process ID: 5252, Process Name: 0:03
Process ID: 4501, Process Name: 0:03
Process ID: 5591, Process Name: 0:03
Process ID: 5652, Process Name: 0:03
Process ID: 3645, Process Name: 0:02
Process ID: 3154, Process Name: 0:08
-------------------------------------

-------------------------------------
Total number of App process running on this host 172.29.10.46
Total number of App java process available is 2
-------------------------------------
App Process details:
Process ID: 6557, Process Name: 0:47
Process ID: 6561, Process Name: 0:23
-------------------------------------

Web Application Port Validation for Server IP: 172.29.10.46
Port 8080:	umgoms_jb720ea	Running
Port 8081:	vportal_jb720e	Running
-------------------------------------

==============================================================================
Server Availability Check Completed at Fri Jan  9 04:56:33 EST 2026
==============================================================================


2026-01-09 04:56:57,721 - 27248 - ERROR - app_validation.sh errors for i-0112abf53f9f2e386:

2026-01-09 04:56:57,724 - 27248 - INFO - After patching validation saved to: output/validation-2026-01-09/172.29.10.46-AfterPatching-2026-01-09-04-56-57-722.log
2026-01-09 04:56:57,762 - 27248 - INFO - Validation comparison report generated: output/validation-2026-01-09/172.29.10.46-Validation-details-2026-01-09-04-56-57-722.log
2026-01-09 04:56:57,839 - 27248 - INFO - Email sent successfully to ['CloudOps@softeon.com']
2026-01-09 04:56:57,839 - 27248 - INFO - HTML validation report email sent for i-0112abf53f9f2e386
2026-01-09 04:56:58,352 - 27248 - INFO - Started i-0112abf53f9f2e386 in 0:03:17.856669
2026-01-09 04:56:58,353 - 27248 - INFO - Waiting 120 seconds before proceeding to the next instance...
2026-01-09 04:58:58,582 - 27248 - INFO - Sent app_validation.sh to i-08dfef7ff180a929d (command_id: 4fa4b634-89a9-4754-af0a-fac0c476c3fa)
2026-01-09 04:59:28,666 - 27248 - INFO - app_validation.sh output for i-08dfef7ff180a929d:

==============================================================================
Server Availability Check Started at Fri Jan  9 04:58:58 EST 2026
==============================================================================

-------------------------------------
Server IP : 172.29.10.179
-------------------------------------
System Information
------------------
Hostname: ip-172-29-10-179
Uptime: up 13 weeks, 1 day, 5 hours, 45 minutes
Current User: root
Working Directory: /usr/bin
-------------------------------------
Voice Console URL: http://172.29.10.179:9090/VoiceConsole
-------------------------------------

-------------------------------------
Server IP : 172.29.10.179
-------------------------------------
Physical Memory Information
---------------------------
Total Physical Memory = 15611 MB
Used Physical Memory  = 4948 MB
Free Physical Memory  = 10663 MB
-------------------------------------
Swap Memory Information
-----------------------
Total Swap Memory = 10239 MB
Used Swap Memory  = 0 MB
Free Swap Memory  = 10239 MB
-------------------------------------
Load Average: 0.00 0.00 0.08 4/333 2287405
-------------------------------------

Disk Usage Information
----------------------
Filesystem                                 Size  Used Avail Use% Mounted on
/dev/nvme0n1p1                              20G  6.5G   14G  33% /
/dev/nvme0n1p128                            10M  1.3M  8.7M  13% /boot/efi
/dev/nvme1n1p2                             290G   46G  245G  16% /data
fs-282d309d.efs.us-east-1.amazonaws.com:/  8.0E   88G  8.0E   1% /data4
devtmpfs                                   4.0M     0  4.0M   0% /dev
tmpfs                                      7.7G     0  7.7G   0% /dev/shm
tmpfs                                      3.1G  8.7M  3.1G   1% /run
tmpfs                                      1.6G     0  1.6G   0% /run/user/2001
tmpfs                                      7.7G   32K  7.7G   1% /tmp
-------------------------------------

Application Port Validation for Server IP: 172.29.10.179 started on Fri Jan  9 04:58:58 EST 2026

Server IP: 172.29.10.179 is reachable.

SSH Service (Port 22) Status:
SSH Service (Port 22): NOT REACHABLE
-------------------------------------

FTP Service Validation for Server IP: 172.29.10.179

FTP Service (Port 21): NOT REACHABLE
No FTP processes detected
-------------------------------------

CUPS Service Validation for Server IP: 172.29.10.179

CUPS Service (Port 631): NOT REACHABLE

Printer Configuration:
Total Printers Configured: 0
-------------------------------------
CUPS Service (Port 631): NOT REACHABLE on 172.29.10.179
-------------------------------------

Total number of Java process running on this host 172.29.10.179 is 1
Total number of Daemon / Batch (java) application process available is 0

No Java daemon processes running
-------------------------------------

-------------------------------------
Total number of App process running on this host 172.29.10.179
Total number of App java process available is 1
-------------------------------------
App Process details:
Process ID: 2180908, Process Name: 3:41
-------------------------------------

Web Application Port Validation for Server IP: 172.29.10.179
Port 8080:	umgomsstr_j	Running
-------------------------------------

==============================================================================
Server Availability Check Completed at Fri Jan  9 04:58:59 EST 2026
==============================================================================


2026-01-09 04:59:28,666 - 27248 - ERROR - app_validation.sh errors for i-08dfef7ff180a929d:

2026-01-09 04:59:28,668 - 27248 - INFO - Before patching validation saved to: output/validation-2026-01-09/172.29.10.179-BeforePatching-2026-01-09-04-59-28-667.log
2026-01-09 04:59:28,668 - 27248 - INFO - Deregistering i-08dfef7ff180a929d from TG arn:aws:elasticloadbalancing:us-east-1:835314132208:targetgroup/UMG-US-STRESS-UAT-DOMS-EXT/8219af4075b17dc2
2026-01-09 04:59:28,741 - 27248 - INFO - Stopping EC2 instance: i-08dfef7ff180a929d at 2026-01-09 04:59:28
2026-01-09 05:01:15,289 - 27248 - INFO - Instance i-08dfef7ff180a929d stopped successfully.
2026-01-09 05:01:15,752 - 27248 - INFO - Stopped i-08dfef7ff180a929d in 0:01:47.010979
2026-01-09 05:01:15,753 - 27248 - INFO - Starting EC2 instance: i-08dfef7ff180a929d
2026-01-09 05:01:31,794 - 27248 - INFO - Instance i-08dfef7ff180a929d started successfully.
2026-01-09 05:01:31,794 - 27248 - INFO - Waiting 30 seconds for SSM agent to be ready on i-08dfef7ff180a929d...
2026-01-09 05:02:01,824 - 27248 - INFO - Registering i-08dfef7ff180a929d to TG arn:aws:elasticloadbalancing:us-east-1:835314132208:targetgroup/UMG-US-STRESS-UAT-DOMS-EXT/8219af4075b17dc2
2026-01-09 05:03:32,448 - 27248 - INFO - Sent app_validation.sh to i-08dfef7ff180a929d (command_id: cf4eb50e-bc4b-4375-a105-db97e1619161)
2026-01-09 05:04:02,554 - 27248 - INFO - app_validation.sh output for i-08dfef7ff180a929d:

==============================================================================
Server Availability Check Started at Fri Jan  9 05:03:32 EST 2026
==============================================================================

-------------------------------------
Server IP : 172.29.10.179
-------------------------------------
System Information
------------------
Hostname: ip-172-29-10-179
Uptime: up 2 minutes
Current User: root
Working Directory: /usr/bin
-------------------------------------
Voice Console URL: http://172.29.10.179:9090/VoiceConsole
-------------------------------------

-------------------------------------
Server IP : 172.29.10.179
-------------------------------------
Physical Memory Information
---------------------------
Total Physical Memory = 15623 MB
Used Physical Memory  = 4112 MB
Free Physical Memory  = 11511 MB
-------------------------------------
Swap Memory Information
-----------------------
Total Swap Memory = 10239 MB
Used Swap Memory  = 0 MB
Free Swap Memory  = 10239 MB
-------------------------------------
Load Average: 0.56 0.36 0.14 5/330 3449
-------------------------------------

Disk Usage Information
----------------------
Filesystem                                 Size  Used Avail Use% Mounted on
/dev/nvme0n1p1                              20G  6.4G   14G  33% /
/dev/nvme0n1p128                            10M  1.3M  8.7M  13% /boot/efi
/dev/nvme1n1p2                             290G   46G  245G  16% /data
fs-282d309d.efs.us-east-1.amazonaws.com:/  8.0E   88G  8.0E   1% /data4
devtmpfs                                   4.0M     0  4.0M   0% /dev
tmpfs                                      7.7G     0  7.7G   0% /dev/shm
tmpfs                                      3.1G  8.7M  3.1G   1% /run
tmpfs                                      7.7G   32K  7.7G   1% /tmp
-------------------------------------

Application Port Validation for Server IP: 172.29.10.179 started on Fri Jan  9 05:03:32 EST 2026

Server IP: 172.29.10.179 is reachable.

SSH Service (Port 22) Status:
SSH Service (Port 22): NOT REACHABLE
-------------------------------------

FTP Service Validation for Server IP: 172.29.10.179

FTP Service (Port 21): NOT REACHABLE
No FTP processes detected
-------------------------------------

CUPS Service Validation for Server IP: 172.29.10.179

CUPS Service (Port 631): NOT REACHABLE

Printer Configuration:
Total Printers Configured: 0
-------------------------------------
CUPS Service (Port 631): NOT REACHABLE on 172.29.10.179
-------------------------------------

Total number of Java process running on this host 172.29.10.179 is 1
Total number of Daemon / Batch (java) application process available is 0

No Java daemon processes running
-------------------------------------

-------------------------------------
Total number of App process running on this host 172.29.10.179
Total number of App java process available is 1
-------------------------------------
App Process details:
Process ID: 3019, Process Name: 0:39
-------------------------------------

Web Application Port Validation for Server IP: 172.29.10.179
Port 8080:	umgomsstr_jb72	Running
-------------------------------------

==============================================================================
Server Availability Check Completed at Fri Jan  9 05:03:34 EST 2026
==============================================================================


2026-01-09 05:04:02,554 - 27248 - ERROR - app_validation.sh errors for i-08dfef7ff180a929d:

2026-01-09 05:04:02,558 - 27248 - INFO - After patching validation saved to: output/validation-2026-01-09/172.29.10.179-AfterPatching-2026-01-09-05-04-02-556.log
2026-01-09 05:04:02,619 - 27248 - INFO - Validation comparison report generated: output/validation-2026-01-09/172.29.10.179-Validation-details-2026-01-09-05-04-02-556.log
2026-01-09 05:04:02,715 - 27248 - INFO - Email sent successfully to ['CloudOps@softeon.com']
2026-01-09 05:04:02,715 - 27248 - INFO - HTML validation report email sent for i-08dfef7ff180a929d
2026-01-09 05:04:03,286 - 27248 - INFO - Started i-08dfef7ff180a929d in 0:02:47.533199
2026-01-09 05:04:03,287 - 27248 - INFO - All instances processed.
2026-01-09 05:04:03,291 - 27248 - INFO - Restart Total time: 0:26:54.925270
2026-01-09 05:04:03,291 - 27248 - INFO - Auto-confirmed services are restarted
2026-01-09 05:04:03,291 - 27248 - INFO - Confirmed - services are started
2026-01-09 05:04:03,422 - 27248 - INFO - The following instances have failed the patch: []
2026-01-09 05:04:03,423 - 27248 - INFO - No instances have failed the patch.
2026-01-09 05:04:03,423 - 27248 - INFO - Total Patch Process time: 0:34:00.131366
2026-01-09 05:04:03,946 - 27248 - INFO - Email sent successfully to ['a80af5b5.softeon.com@in.teams.ms', 'CloudOps@softeon.com']
2026-01-09 05:05:04,363 - 27248 - INFO - Log file ./logs/patching_2026-01-09_UMG-OMS-US-uat.log uploaded to s3://q1-2026-aws-security-patching/UMG-OMS-US-uat_Patch/2026-01-09/patching_2026-01-09_UMG-OMS-US-uat.log
