2025-12-19 00:05:02,326 - 7025 - INFO - Logger setup has been removed, using shared logger from common.logs.logger.
2025-12-19 00:05:02,326 - 7025 - INFO - Script Start Time: 2025-12-19 00:05:02
2025-12-19 00:05:02,536 - 7025 - INFO - Instance(s) selected for Patching: {'i-0bab1211e3e0984b8': '172.31.3.28', 'i-0d2609152d8b9dadf': '172.31.3.18', 'i-0c1b4b554b7a6732f': '172.31.3.29', 'i-01d9375b561f8e042': '172.31.3.112'}
2025-12-19 00:05:02,645 - 7025 - INFO - Email sent successfully to ['a80af5b5.softeon.com@in.teams.ms', 'CloudOps@softeon.com']
2025-12-19 00:05:02,645 - 7025 - INFO - Now patching instances at: 2025-12-19 00:05:02
2025-12-19 00:05:02,744 - 7025 - INFO - Sending patch command to instance i-01d9375b561f8e042
2025-12-19 00:05:02,911 - 7025 - INFO - Command sent successfully to instance i-01d9375b561f8e042. Command ID: fb2324cb-6fb4-49f0-971d-322864c64b80
2025-12-19 00:05:03,088 - 7025 - INFO - Sending patch command to instance i-0c1b4b554b7a6732f
2025-12-19 00:05:03,236 - 7025 - INFO - Command sent successfully to instance i-0c1b4b554b7a6732f. Command ID: 31c52505-aac8-44ef-bb06-72c26b8e950d
2025-12-19 00:05:03,357 - 7025 - INFO - Sending patch command to instance i-0bab1211e3e0984b8
2025-12-19 00:05:03,529 - 7025 - INFO - Command sent successfully to instance i-0bab1211e3e0984b8. Command ID: 2c0bd188-3f1e-4b33-a78c-6cfd591d9804
2025-12-19 00:05:03,673 - 7025 - INFO - Sending patch command to instance i-0d2609152d8b9dadf
2025-12-19 00:05:03,793 - 7025 - INFO - Command sent successfully to instance i-0d2609152d8b9dadf. Command ID: db31a01a-0200-46dc-aa40-c0dacafbbcf6
2025-12-19 00:13:06,713 - 7025 - INFO - All patches applied successfully.
2025-12-19 00:13:06,713 - 7025 - INFO - Patching end time: 2025-12-19 00:13:06
2025-12-19 00:13:06,713 - 7025 - INFO - Patch Elapsed time: 0:08:04.068129
2025-12-19 00:13:06,794 - 7025 - INFO - Email sent successfully to ['a80af5b5.softeon.com@in.teams.ms', 'CloudOps@softeon.com']
2025-12-19 00:13:06,794 - 7025 - INFO - Confirmed - services are stopped
2025-12-19 00:13:26,327 - 7025 - INFO - Discovered TG map: {'i-0bab1211e3e0984b8': ['arn:aws:elasticloadbalancing:us-east-1:835314132208:targetgroup/Adhoc-API-Demo1/1f7b50b45d789f42', 'arn:aws:elasticloadbalancing:us-east-1:835314132208:targetgroup/Doms-Demo/516cd04c85a5edf7', 'arn:aws:elasticloadbalancing:us-east-1:835314132208:targetgroup/Softeon-Demo-1/9450e159e1a25466', 'arn:aws:elasticloadbalancing:us-east-1:835314132208:targetgroup/HealthCare-Demo/fc57bf0310529d37'], 'i-0c1b4b554b7a6732f': ['arn:aws:elasticloadbalancing:us-east-1:835314132208:targetgroup/Adhoc-API-SCDemo3/2ebecc7ca89be0b7', 'arn:aws:elasticloadbalancing:us-east-1:835314132208:targetgroup/Softeon-K2S-Demo-1/6af8fa9e01ec6b9b', 'arn:aws:elasticloadbalancing:us-east-1:835314132208:targetgroup/Softeon-Partnerstraining2-Demo/8af9d041f705306b', 'arn:aws:elasticloadbalancing:us-east-1:835314132208:targetgroup/Softeon-partnerstraining-Demo/1d0e75d701b7b77e', 'arn:aws:elasticloadbalancing:us-east-1:835314132208:targetgroup/Softeon-s242training-Demo/6f914ff2c5e81764', 'arn:aws:elasticloadbalancing:us-east-1:835314132208:targetgroup/AdhocAPI-Softeon-K2S-Demo-1/d4f6c46020d7d2e0', 'arn:aws:elasticloadbalancing:us-east-1:835314132208:targetgroup/Softeon-SD-Demo1/f633a40688ba7525'], 'i-0d2609152d8b9dadf': ['arn:aws:elasticloadbalancing:us-east-1:835314132208:targetgroup/HC-DOMS-Demo-LDSDOMSDEMO/b079b2561f8dd3d2']}
2025-12-19 00:13:26,608 - 7025 - INFO - Sent app_validation.sh to i-01d9375b561f8e042 (command_id: f684827c-b71d-4f07-94e3-be908a901f0a)
2025-12-19 00:13:56,679 - 7025 - INFO - app_validation.sh output for i-01d9375b561f8e042:

==============================================================================
Server Availability Check Started at Fri Dec 19 05:13:26 UTC 2025
==============================================================================

-------------------------------------
Server IP : 172.31.3.112
-------------------------------------
System Information
------------------
Hostname: ip-172-31-3-112
Uptime: up 22 weeks, 1 day, 21 hours, 39 minutes
Current User: root
Working Directory: /usr/bin
-------------------------------------
Voice Console URL: http://172.31.3.112:9090/VoiceConsole
-------------------------------------

-------------------------------------
Server IP : 172.31.3.112
-------------------------------------
Physical Memory Information
---------------------------
Total Physical Memory = 15678 MB
Used Physical Memory  = 12514 MB
Free Physical Memory  = 3164 MB
-------------------------------------
Swap Memory Information
-----------------------
Total Swap Memory = 10239 MB
Used Swap Memory  = 4283 MB
Free Swap Memory  = 5956 MB
-------------------------------------
Load Average: 0.04 0.43 0.34 3/1085 2985633
-------------------------------------

Disk Usage Information
----------------------
Filesystem        Size  Used Avail Use% Mounted on
/dev/nvme0n1p1     20G  4.9G   16G  25% /
/dev/nvme0n1p128   10M  1.4M  8.7M  14% /boot/efi
/dev/nvme1n1p2    240G  122G  119G  51% /data
devtmpfs          4.0M     0  4.0M   0% /dev
tmpfs             7.7G     0  7.7G   0% /dev/shm
tmpfs             3.1G  8.7M  3.1G   1% /run
tmpfs             1.6G     0  1.6G   0% /run/user/2001
tmpfs             7.7G   32M  7.7G   1% /tmp
-------------------------------------

Application Port Validation for Server IP: 172.31.3.112 started on Fri Dec 19 05:13:26 UTC 2025

Server IP: 172.31.3.112 is reachable.

SSH Service (Port 22) Status:
SSH Service (Port 22): NOT REACHABLE
-------------------------------------

FTP Service Validation for Server IP: 172.31.3.112

FTP Service (Port 21): NOT REACHABLE
No FTP processes detected
-------------------------------------

CUPS Service Validation for Server IP: 172.31.3.112

CUPS Service (Port 631): NOT REACHABLE

Printer Configuration:
Total Printers Configured: 0
-------------------------------------
CUPS Service (Port 631): NOT REACHABLE on 172.31.3.112
-------------------------------------

Total number of Java process running on this host 172.31.3.112 is 34
Total number of Daemon / Batch (java) application process available is 31

Daemon Process id and name details are given below
Process ID: 2881263, Process Name: 1:16
Process ID: 2881303, Process Name: 1:55
Process ID: 2836402, Process Name: 2:02
Process ID: 2836290, Process Name: 2:03
Process ID: 2836039, Process Name: 1:15
Process ID: 2836339, Process Name: 2:01
Process ID: 2835720, Process Name: 0:48
Process ID: 2836553, Process Name: 0:46
Process ID: 2880729, Process Name: 0:35
Process ID: 2881439, Process Name: 0:35
Process ID: 2835580, Process Name: 0:59
Process ID: 2835625, Process Name: 0:48
Process ID: 2835674, Process Name: 1:32
Process ID: 2835811, Process Name: 1:19
Process ID: 2836091, Process Name: 1:18
Process ID: 2836139, Process Name: 4:36
Process ID: 2836451, Process Name: 0:45
Process ID: 2836499, Process Name: 0:54
Process ID: 2880562, Process Name: 0:40
Process ID: 2880638, Process Name: 0:34
Process ID: 2881221, Process Name: 11:54
Process ID: 2880818, Process Name: 0:51
Process ID: 2880863, Process Name: 0:31
Process ID: 2880997, Process Name: 0:35
Process ID: 2881042, Process Name: 3:56
Process ID: 2881087, Process Name: 0:51
Process ID: 2881132, Process Name: 25:46
Process ID: 2881348, Process Name: 0:31
Process ID: 2881394, Process Name: 0:49
Process ID: 2332921, Process Name: 4:34
Process ID: 2332922, Process Name: 11:47
-------------------------------------

-------------------------------------
Total number of App process running on this host 172.31.3.112
Total number of App java process available is 3
-------------------------------------
App Process details:
Process ID: 2837624, Process Name: 7:15
Process ID: 2837816, Process Name: 7:04
Process ID: 2837977, Process Name: 6:06
-------------------------------------

Web Application Port Validation for Server IP: 172.31.3.112
Port 8086:	leidossql_j	Running
Port 8087:	leidossso_j	Running
Port 8089:	leidossql1_	Running
-------------------------------------

==============================================================================
Server Availability Check Completed at Fri Dec 19 05:13:38 UTC 2025
==============================================================================


2025-12-19 00:13:56,679 - 7025 - ERROR - app_validation.sh errors for i-01d9375b561f8e042:

2025-12-19 00:13:56,681 - 7025 - INFO - Before patching validation saved to: output/validation-2025-12-19/172.31.3.112-BeforePatching-2025-12-19-00-13-56-680.log
2025-12-19 00:13:56,681 - 7025 - INFO - Stopping EC2 instance: i-01d9375b561f8e042 at 2025-12-19 00:13:56
2025-12-19 00:15:12,868 - 7025 - INFO - Instance i-01d9375b561f8e042 stopped successfully.
2025-12-19 00:15:13,322 - 7025 - INFO - Stopped i-01d9375b561f8e042 in 0:01:16.640797
2025-12-19 00:15:13,322 - 7025 - INFO - Starting EC2 instance: i-01d9375b561f8e042
2025-12-19 00:15:29,314 - 7025 - INFO - Instance i-01d9375b561f8e042 started successfully.
2025-12-19 00:15:29,314 - 7025 - INFO - Waiting 30 seconds for SSM agent to be ready on i-01d9375b561f8e042...
2025-12-19 00:15:59,501 - 7025 - INFO - Sent app_validation.sh to i-01d9375b561f8e042 (command_id: 34c3ae77-164e-4f56-b87e-931407a1e494)
2025-12-19 00:16:29,621 - 7025 - INFO - app_validation.sh output for i-01d9375b561f8e042:

==============================================================================
Server Availability Check Started at Fri Dec 19 05:15:59 UTC 2025
==============================================================================

-------------------------------------
Server IP : 172.31.3.112
-------------------------------------
System Information
------------------
Hostname: ip-172-31-3-112
Uptime: up 0 minutes
Current User: root
Working Directory: /usr/bin
-------------------------------------
Voice Console URL: http://172.31.3.112:9090/VoiceConsole
-------------------------------------

-------------------------------------
Server IP : 172.31.3.112
-------------------------------------
Physical Memory Information
---------------------------
Total Physical Memory = 15678 MB
Used Physical Memory  = 525 MB
Free Physical Memory  = 15153 MB
-------------------------------------
Swap Memory Information
-----------------------
Total Swap Memory = 10239 MB
Used Swap Memory  = 0 MB
Free Swap Memory  = 10239 MB
-------------------------------------
Load Average: 0.47 0.15 0.05 6/273 2612
-------------------------------------

Disk Usage Information
----------------------
Filesystem        Size  Used Avail Use% Mounted on
/dev/nvme0n1p1     20G  4.7G   16G  24% /
/dev/nvme0n1p128   10M  1.4M  8.7M  14% /boot/efi
/dev/nvme1n1p2    240G  121G  120G  51% /data
devtmpfs          4.0M     0  4.0M   0% /dev
tmpfs             7.7G     0  7.7G   0% /dev/shm
tmpfs             3.1G  8.7M  3.1G   1% /run
tmpfs             7.7G     0  7.7G   0% /tmp
-------------------------------------

Application Port Validation for Server IP: 172.31.3.112 started on Fri Dec 19 05:15:59 UTC 2025

Server IP: 172.31.3.112 is reachable.

SSH Service (Port 22) Status:
SSH Service (Port 22): NOT REACHABLE
-------------------------------------

FTP Service Validation for Server IP: 172.31.3.112

FTP Service (Port 21): NOT REACHABLE
No FTP processes detected
-------------------------------------

CUPS Service Validation for Server IP: 172.31.3.112

CUPS Service (Port 631): NOT REACHABLE

Printer Configuration:
Total Printers Configured: 0
-------------------------------------
CUPS Service (Port 631): NOT REACHABLE on 172.31.3.112
-------------------------------------

Total number of Java process running on this host 172.31.3.112 is 0
Total number of Daemon / Batch (java) application process available is 0

No Java daemon processes running
-------------------------------------

-------------------------------------
Total number of App process running on this host 172.31.3.112
Total number of App java process available is 0
-------------------------------------
No Standalone application processes running
-------------------------------------

Web Application Port Validation for Server IP: 172.31.3.112
-------------------------------------

==============================================================================
Server Availability Check Completed at Fri Dec 19 05:16:01 UTC 2025
==============================================================================


2025-12-19 00:16:29,621 - 7025 - ERROR - app_validation.sh errors for i-01d9375b561f8e042:

2025-12-19 00:16:29,622 - 7025 - INFO - After patching validation saved to: output/validation-2025-12-19/172.31.3.112-AfterPatching-2025-12-19-00-16-29-622.log
2025-12-19 00:16:29,666 - 7025 - INFO - Validation comparison report generated: output/validation-2025-12-19/172.31.3.112-Validation-details-2025-12-19-00-16-29-622.log
2025-12-19 00:16:29,745 - 7025 - INFO - Email sent successfully to ['CloudOps@softeon.com']
2025-12-19 00:16:29,745 - 7025 - INFO - HTML validation report email sent for i-01d9375b561f8e042
2025-12-19 00:16:30,252 - 7025 - INFO - Started i-01d9375b561f8e042 in 0:01:16.929559
2025-12-19 00:16:30,252 - 7025 - INFO - Waiting 120 seconds before proceeding to the next instance...
2025-12-19 00:18:30,391 - 7025 - INFO - Sent app_validation.sh to i-0c1b4b554b7a6732f (command_id: 4685ecee-5e73-4e08-bdc0-b233a1991e2b)
2025-12-19 00:19:00,448 - 7025 - INFO - app_validation.sh output for i-0c1b4b554b7a6732f:

==============================================================================
Server Availability Check Started at Fri Dec 19 05:18:30 UTC 2025
==============================================================================

-------------------------------------
Server IP : 172.31.3.29
-------------------------------------
System Information
------------------
Hostname: ip-172-31-3-29
Uptime: up 22 weeks, 1 day, 21 hours, 54 minutes
Current User: root
Working Directory: /usr/bin
-------------------------------------
Voice Console URL: http://172.31.3.29:9090/VoiceConsole
-------------------------------------

-------------------------------------
Server IP : 172.31.3.29
-------------------------------------
Physical Memory Information
---------------------------
Total Physical Memory = 15611 MB
Used Physical Memory  = 11756 MB
Free Physical Memory  = 3855 MB
-------------------------------------
Swap Memory Information
-----------------------
Total Swap Memory = 10239 MB
Used Swap Memory  = 3462 MB
Free Swap Memory  = 6777 MB
-------------------------------------
Load Average: 0.02 0.38 0.48 2/708 3775965
-------------------------------------

Disk Usage Information
----------------------
Filesystem                                          Size  Used Avail Use% Mounted on
/dev/nvme0n1p1                                       20G  6.9G   14G  35% /
/dev/nvme0n1p128                                     10M  1.3M  8.7M  13% /boot/efi
/dev/mapper/vg01-lv02                               240G   52G  189G  22% /data
fs-0d433e6014dda45a4.efs.us-east-1.amazonaws.com:/  8.0E   19G  8.0E   1% /data2
devtmpfs                                            4.0M     0  4.0M   0% /dev
tmpfs                                               7.7G     0  7.7G   0% /dev/shm
tmpfs                                               3.1G  8.8M  3.1G   1% /run
tmpfs                                               1.6G     0  1.6G   0% /run/user/2001
tmpfs                                               1.6G     0  1.6G   0% /run/user/2002
tmpfs                                               7.7G  224K  7.7G   1% /tmp
-------------------------------------

Application Port Validation for Server IP: 172.31.3.29 started on Fri Dec 19 05:18:30 UTC 2025

Server IP: 172.31.3.29 is reachable.

SSH Service (Port 22) Status:
SSH Service (Port 22): NOT REACHABLE
-------------------------------------

FTP Service Validation for Server IP: 172.31.3.29

FTP Service (Port 21): NOT REACHABLE
No FTP processes detected
-------------------------------------

CUPS Service Validation for Server IP: 172.31.3.29

CUPS Service (Port 631): NOT REACHABLE

Printer Configuration:
Total Printers Configured: 0
-------------------------------------
CUPS Service (Port 631): NOT REACHABLE on 172.31.3.29
-------------------------------------

Total number of Java process running on this host 172.31.3.29 is 7
Total number of Daemon / Batch (java) application process available is 2

Daemon Process id and name details are given below
Process ID: 7671, Process Name: k2s_adhocapi
Process ID: 7773, Process Name: scdmo3_adhocapi
-------------------------------------

-------------------------------------
Total number of App process running on this host 172.31.3.29
Total number of App java process available is 5
-------------------------------------
App Process details:
Process ID: 6366, Process Name: s242tra_jb800
Process ID: 1053717, Process Name: partnerstrg_jb8
Process ID: 1723303, Process Name: sddemo1_jb800
Process ID: 3442710, Process Name: partnerstr2_jb8
Process ID: 3984448, Process Name: k2sdemo_jb800ep
-------------------------------------

Web Application Port Validation for Server IP: 172.31.3.29
Port 8083:	sddemo1_jb8	Running
Port 8084:	k2sdemo_jb8	Running
Port 8085:	s242tra_jb800	Running
Port 8086:	partnerstrg	Running
Port 8087:	partnerstr2	Running
Port 8091:	partnerstr2	Not Running
Port 8092:	partnerstr2	Not Running
-------------------------------------

==============================================================================
Server Availability Check Completed at Fri Dec 19 05:18:58 UTC 2025
==============================================================================


2025-12-19 00:19:00,448 - 7025 - ERROR - app_validation.sh errors for i-0c1b4b554b7a6732f:

2025-12-19 00:19:00,450 - 7025 - INFO - Before patching validation saved to: output/validation-2025-12-19/172.31.3.29-BeforePatching-2025-12-19-00-19-00-450.log
2025-12-19 00:19:00,450 - 7025 - INFO - Deregistering i-0c1b4b554b7a6732f from TG arn:aws:elasticloadbalancing:us-east-1:835314132208:targetgroup/Adhoc-API-SCDemo3/2ebecc7ca89be0b7
2025-12-19 00:19:00,522 - 7025 - INFO - Deregistering i-0c1b4b554b7a6732f from TG arn:aws:elasticloadbalancing:us-east-1:835314132208:targetgroup/Softeon-K2S-Demo-1/6af8fa9e01ec6b9b
2025-12-19 00:19:00,568 - 7025 - INFO - Deregistering i-0c1b4b554b7a6732f from TG arn:aws:elasticloadbalancing:us-east-1:835314132208:targetgroup/Softeon-Partnerstraining2-Demo/8af9d041f705306b
2025-12-19 00:19:00,614 - 7025 - INFO - Deregistering i-0c1b4b554b7a6732f from TG arn:aws:elasticloadbalancing:us-east-1:835314132208:targetgroup/Softeon-partnerstraining-Demo/1d0e75d701b7b77e
2025-12-19 00:19:00,664 - 7025 - INFO - Deregistering i-0c1b4b554b7a6732f from TG arn:aws:elasticloadbalancing:us-east-1:835314132208:targetgroup/Softeon-s242training-Demo/6f914ff2c5e81764
2025-12-19 00:19:00,729 - 7025 - INFO - Deregistering i-0c1b4b554b7a6732f from TG arn:aws:elasticloadbalancing:us-east-1:835314132208:targetgroup/AdhocAPI-Softeon-K2S-Demo-1/d4f6c46020d7d2e0
2025-12-19 00:19:00,797 - 7025 - INFO - Deregistering i-0c1b4b554b7a6732f from TG arn:aws:elasticloadbalancing:us-east-1:835314132208:targetgroup/Softeon-SD-Demo1/f633a40688ba7525
2025-12-19 00:19:00,845 - 7025 - INFO - Stopping EC2 instance: i-0c1b4b554b7a6732f at 2025-12-19 00:19:00
2025-12-19 00:21:32,510 - 7025 - INFO - Instance i-0c1b4b554b7a6732f stopped successfully.
2025-12-19 00:21:32,953 - 7025 - INFO - Stopped i-0c1b4b554b7a6732f in 0:02:32.107536
2025-12-19 00:21:32,953 - 7025 - INFO - Starting EC2 instance: i-0c1b4b554b7a6732f
2025-12-19 00:21:48,901 - 7025 - INFO - Instance i-0c1b4b554b7a6732f started successfully.
2025-12-19 00:21:48,901 - 7025 - INFO - Waiting 30 seconds for SSM agent to be ready on i-0c1b4b554b7a6732f...
2025-12-19 00:22:18,919 - 7025 - INFO - Registering i-0c1b4b554b7a6732f to TG arn:aws:elasticloadbalancing:us-east-1:835314132208:targetgroup/Adhoc-API-SCDemo3/2ebecc7ca89be0b7
2025-12-19 00:22:19,096 - 7025 - INFO - Registering i-0c1b4b554b7a6732f to TG arn:aws:elasticloadbalancing:us-east-1:835314132208:targetgroup/Softeon-K2S-Demo-1/6af8fa9e01ec6b9b
2025-12-19 00:22:19,228 - 7025 - INFO - Registering i-0c1b4b554b7a6732f to TG arn:aws:elasticloadbalancing:us-east-1:835314132208:targetgroup/Softeon-Partnerstraining2-Demo/8af9d041f705306b
2025-12-19 00:22:19,365 - 7025 - INFO - Registering i-0c1b4b554b7a6732f to TG arn:aws:elasticloadbalancing:us-east-1:835314132208:targetgroup/Softeon-partnerstraining-Demo/1d0e75d701b7b77e
2025-12-19 00:22:19,504 - 7025 - INFO - Registering i-0c1b4b554b7a6732f to TG arn:aws:elasticloadbalancing:us-east-1:835314132208:targetgroup/Softeon-s242training-Demo/6f914ff2c5e81764
2025-12-19 00:22:19,635 - 7025 - INFO - Registering i-0c1b4b554b7a6732f to TG arn:aws:elasticloadbalancing:us-east-1:835314132208:targetgroup/AdhocAPI-Softeon-K2S-Demo-1/d4f6c46020d7d2e0
2025-12-19 00:22:19,776 - 7025 - INFO - Registering i-0c1b4b554b7a6732f to TG arn:aws:elasticloadbalancing:us-east-1:835314132208:targetgroup/Softeon-SD-Demo1/f633a40688ba7525
2025-12-19 00:27:20,599 - 7025 - WARNING - i-0c1b4b554b7a6732f not healthy in arn:aws:elasticloadbalancing:us-east-1:835314132208:targetgroup/Adhoc-API-SCDemo3/2ebecc7ca89be0b7 after timeout.
2025-12-19 00:34:21,607 - 7025 - WARNING - i-0c1b4b554b7a6732f not healthy in arn:aws:elasticloadbalancing:us-east-1:835314132208:targetgroup/Softeon-Partnerstraining2-Demo/8af9d041f705306b after timeout.
2025-12-19 00:39:22,263 - 7025 - WARNING - i-0c1b4b554b7a6732f not healthy in arn:aws:elasticloadbalancing:us-east-1:835314132208:targetgroup/Softeon-partnerstraining-Demo/1d0e75d701b7b77e after timeout.
2025-12-19 00:43:53,034 - 7025 - INFO - Email sent successfully to ['CloudOps@softeon.com']
2025-12-19 00:43:53,034 - 7025 - ERROR - Aborting workflow: i-0c1b4b554b7a6732f is not healthy after restart.
2025-12-19 00:43:53,037 - 7025 - INFO - Restart Total time: 0:30:46.125184
2025-12-19 00:43:53,037 - 7025 - INFO - Auto-confirmed services are restarted
2025-12-19 00:43:53,038 - 7025 - INFO - Confirmed - services are started
2025-12-19 00:43:53,158 - 7025 - INFO - The following instances have failed the patch: []
2025-12-19 00:43:53,158 - 7025 - INFO - No instances have failed the patch.
2025-12-19 00:43:53,158 - 7025 - INFO - Total Patch Process time: 0:38:50.831402
2025-12-19 00:43:53,663 - 7025 - INFO - Email sent successfully to ['a80af5b5.softeon.com@in.teams.ms', 'CloudOps@softeon.com']
2025-12-19 00:44:53,915 - 7025 - INFO - Log file ./logs/patching_2025-12-19_Demo-1.log uploaded to s3://q4-2025-aws-security-patching/Demo-1_Patch/2025-12-19/patching_2025-12-19_Demo-1.log
