2026-01-17 02:00:03,395 - 4195 - INFO - Logger setup has been removed, using shared logger from common.logs.logger.
2026-01-17 02:00:03,395 - 4195 - INFO - Script Start Time: 2026-01-17 02:00:03
2026-01-17 02:00:03,661 - 4195 - INFO - Instance(s) selected for Patching: {'i-0bcc8aeb2016a4635': '172.29.60.72'}
2026-01-17 02:00:03,807 - 4195 - INFO - Email sent successfully to ['a80af5b5.softeon.com@in.teams.ms', 'CloudOps@softeon.com']
2026-01-17 02:00:03,808 - 4195 - INFO - Now patching instances at: 2026-01-17 02:00:03
2026-01-17 02:00:03,976 - 4195 - INFO - Sending patch command to instance i-0bcc8aeb2016a4635
2026-01-17 02:00:04,159 - 4195 - INFO - Command sent successfully to instance i-0bcc8aeb2016a4635. Command ID: c6592be5-4d0d-4b2f-8bfc-8e8695778064
2026-01-17 02:05:05,585 - 4195 - INFO - All patches applied successfully.
2026-01-17 02:05:05,586 - 4195 - INFO - Patching end time: 2026-01-17 02:05:05
2026-01-17 02:05:05,586 - 4195 - INFO - Patch Elapsed time: 0:05:01.778491
2026-01-17 02:05:05,659 - 4195 - INFO - Email sent successfully to ['a80af5b5.softeon.com@in.teams.ms', 'CloudOps@softeon.com']
2026-01-17 02:05:05,659 - 4195 - INFO - Confirmed - services are stopped
2026-01-17 02:05:25,387 - 4195 - INFO - Discovered TG map: {'i-0bcc8aeb2016a4635': ['arn:aws:elasticloadbalancing:us-east-1:835314132208:targetgroup/UPS-PZN-PostSales-UAT-API/0c41977f12b305b6', 'arn:aws:elasticloadbalancing:us-east-1:835314132208:targetgroup/UPS-PZN-PostSales-UAT-Desktop/7b328e7a56de0690', 'arn:aws:elasticloadbalancing:us-east-1:835314132208:targetgroup/UPS-PZN-PostSales-UAT-RF/82a64cf174bfe5d5']}
2026-01-17 02:05:25,664 - 4195 - INFO - Sent app_validation.sh to i-0bcc8aeb2016a4635 (command_id: 9126bc49-c2d2-4b2a-8266-df3de680d2c6)
2026-01-17 02:05:55,750 - 4195 - INFO - app_validation.sh output for i-0bcc8aeb2016a4635:

==============================================================================
Server Availability Check Started at Sat Jan 17 07:05:25 UTC 2026
==============================================================================

-------------------------------------
Server IP : 172.29.60.72
-------------------------------------
System Information
------------------
Hostname: ip-172-29-60-72
Uptime: up 14 weeks, 1 hour, 17 minutes
Current User: root
Working Directory: /usr/bin
-------------------------------------
Voice Console URL: http://172.29.60.72:9090/VoiceConsole
-------------------------------------

-------------------------------------
Server IP : 172.29.60.72
-------------------------------------
Physical Memory Information
---------------------------
Total Physical Memory = 15611 MB
Used Physical Memory  = 12925 MB
Free Physical Memory  = 2686 MB
-------------------------------------
Swap Memory Information
-----------------------
Total Swap Memory = 10239 MB
Used Swap Memory  = 375 MB
Free Swap Memory  = 9864 MB
-------------------------------------
Load Average: 0.52 0.98 0.50 4/490 839511
-------------------------------------

Disk Usage Information
----------------------
Filesystem                                          Size  Used Avail Use% Mounted on
/dev/nvme0n1p1                                       20G  5.6G   15G  28% /
/dev/nvme0n1p128                                     10M  1.3M  8.7M  13% /boot/efi
/dev/nvme1n1p2                                      240G   52G  189G  22% /data
fs-0d85a138928e851ac.efs.us-east-1.amazonaws.com:/  8.0E   32G  8.0E   1% /data2
devtmpfs                                            4.0M     0  4.0M   0% /dev
tmpfs                                               7.7G     0  7.7G   0% /dev/shm
tmpfs                                               3.1G  700K  3.1G   1% /run
tmpfs                                               1.6G     0  1.6G   0% /run/user/1000
tmpfs                                               7.7G   11M  7.7G   1% /tmp
-------------------------------------

Application Port Validation for Server IP: 172.29.60.72 started on Sat Jan 17 07:05:26 UTC 2026

Server IP: 172.29.60.72 is reachable.

SSH Service (Port 22) Status:
SSH Service (Port 22): NOT REACHABLE
-------------------------------------

FTP Service Validation for Server IP: 172.29.60.72

FTP Service (Port 21): NOT REACHABLE
No FTP processes detected
-------------------------------------

CUPS Service Validation for Server IP: 172.29.60.72

CUPS Service (Port 631): NOT REACHABLE

Printer Configuration:
Total Printers Configured: 204
Printer Details:
printer 1260_TR_LBL1_DUMMY is idle.  enabled since Tue Feb 11 00:16:17 2025
printer 1260_TR_LSR1_DUMMY is idle.  enabled since Tue Feb 11 00:17:00 2025
printer 6FADM_D1_LBL_UAT is idle.  enabled since Mon Mar 25 10:47:35 2024
printer 6FADM_D1_LSR_UAT is idle.  enabled since Mon Mar 25 10:47:39 2024
printer APIC_2F_LBL_UAT is idle.  enabled since Mon Feb  3 06:03:33 2025
printer APIC_2F_LSR_UAT is idle.  enabled since Mon Jan  8 17:35:21 2024
printer BRCAJ_LBL_01 is idle.  enabled since Tue Oct 21 20:06:05 2025
printer BRCAJ_LSR_01 is idle.  enabled since Thu Sep  7 00:27:22 2023
printer BRCAJ_LSR_02 is idle.  enabled since Thu Sep  7 00:27:01 2023
printer CNJNY_LBL01 is idle.  enabled since Tue Jul 29 06:35:43 2025
printer CNJNY_LBL02 is idle.  enabled since Fri Aug 25 02:13:37 2023
printer CNJNY_LSR01 is idle.  enabled since Thu Aug 10 12:44:24 2023
printer CNJNY_LSR02 is idle.  enabled since Wed Aug 16 12:16:23 2023
printer DUMMY_LBL is idle.  enabled since Fri Jan 16 21:27:11 2026
printer DUMMY_LSR is idle.  enabled since Wed Dec  7 14:22:28 2022
printer DUMMY_ZEB is idle.  enabled since Fri Jan 16 18:41:03 2026
printer FRSWI_IB_MS_LBL_01 is idle.  enabled since Mon Jul 17 08:28:12 2023
printer FRSWI_IB_MS_LBL_02 is idle.  enabled since Wed May 17 17:09:21 2023
printer FRSWI_IB_MS_LBL_03 is idle.  enabled since Wed May 17 17:09:56 2023
printer FRSWI_IB_MS_LSR_01 is idle.  enabled since Wed May 17 17:08:23 2023
printer FRSWI_IB_MS_LSR_02 is idle.  enabled since Wed May 17 17:09:02 2023
printer FRSWI_IB_MS_LSR_03 is idle.  enabled since Wed May 17 17:09:39 2023
printer FRSWI_LBL_001 is idle.  enabled since Tue Jul 15 11:06:04 2025
printer FRSWI_LSR_001 is idle.  enabled since Wed Apr  5 17:28:52 2023
printer FRSWI_OB_PS_LBL_01 is idle.  enabled since Thu Sep  7 00:48:48 2023
printer FRSWI_OB_PS_LBL_02 is idle.  enabled since Wed May 17 17:06:39 2023
printer FRSWI_OB_PS_LBL_03 is idle.  enabled since Wed May 17 17:07:27 2023
printer FRSWI_OB_PS_LBL_04 is idle.  enabled since Fri Oct 13 08:26:08 2023
printer FRSWI_OB_PS_LSR_01 is idle.  enabled since Wed May 17 17:05:33 2023
printer FRSWI_OB_PS_LSR_02 is idle.  enabled since Wed May 17 17:06:21 2023
printer FRSWI_OB_PS_LSR_03 is idle.  enabled since Wed May 17 17:07:04 2023
printer FRSWI_OB_PS_LSR_04 is idle.  enabled since Wed May 17 17:07:46 2023
printer GAAPR_SCOTT_LSR_UAT is idle.  enabled since Mon Mar 25 11:24:03 2024
printer GAAPR_SCOTT_UAT is idle.  enabled since Mon Mar 25 11:23:59 2024
printer HP_FG_IB_LBL_01_UAT is idle.  enabled since Thu Jan  9 21:28:03 2025
printer HP_FG_IB_LSR_01_UAT is idle.  enabled since Mon Mar 25 11:10:37 2024
printer HP_FG_OB_LBL_01_UAT is idle.  enabled since Mon Mar 25 11:10:42 2024
printer HP_FG_OB_LSR_01_UAT is idle.  enabled since Mon Mar 25 11:10:46 2024
printer HP_MGR_LSR01_UAT is idle.  enabled since Mon Mar 25 11:10:51 2024
printer HP_RL_OB_LBL_01_UAT is idle.  enabled since Fri Oct 24 20:37:10 2025
printer HP_RL_OB_LSR_01_UAT is idle.  enabled since Mon Mar 25 11:10:59 2024
printer HPCA_OFC_LBL_UAT is idle.  enabled since Wed Jan 22 15:03:29 2025
printer HPCA_OFC_LSR_UAT is idle.  enabled since Mon Mar 25 10:07:16 2024
printer KIYOHARU_LBL_UAT is idle.  enabled since Tue Apr  2 06:12:01 2024
printer KIYOHARU_LSR_UAT is idle.  enabled since Mon Mar 25 10:47:48 2024
printer KY_HP_FG_LSR_IB01_UAT is idle.  enabled since Mon Mar 25 10:07:20 2024
printer KY_HP_FG_LSR_IB04_UAT is idle.  enabled since Mon Mar 25 11:11:08 2024
printer KY_HP_FG_LSR_IB06_UAT is idle.  enabled since Mon Mar 25 11:11:13 2024
printer KY_HP_FG_LSR_OB01_UAT is idle.  enabled since Mon Mar 25 11:11:17 2024
printer KY_HP_FG_LSR_OB04_UAT is idle.  enabled since Mon Mar 25 11:11:21 2024
printer KY_HP_FG_LSR_OB05_UAT is idle.  enabled since Mon Mar 25 11:11:26 2024
printer KY_HP_LSR_INTL01_UAT is idle.  enabled since Mon Mar 25 11:11:30 2024
printer KY_HP_LSR_INV02_UAT is idle.  enabled since Mon Mar 25 11:11:35 2024
printer KY_HP_LSR_QA01_UAT is idle.  enabled since Mon Mar 25 11:11:39 2024
printer KY_HP_LSR_QA03_UAT is idle.  enabled since Mon Mar 25 11:11:43 2024
printer KY_HP_LSR_REBOX02_UAT is idle.  enabled since Mon Mar 25 11:11:48 2024
printer KY_HP_RL_LSR_OB01_UAT is idle.  enabled since Mon Mar 25 11:11:52 2024
printer KYBRK1_KM_LBL_CASE01_UAT is idle.  enabled since Sat Jul  5 08:23:31 2025
printer KYBRK1_KM_LBL_DIR01_UAT is idle.  enabled since Mon Mar 25 11:24:12 2024
printer KYBRK1_KM_LBL_DIR02_UAT is idle.  enabled since Mon Mar 25 11:24:16 2024
printer KYBRK1_KM_LBL_IB01_UAT is idle.  enabled since Mon Mar 25 11:24:21 2024
printer KYBRK1_KM_LBL_IB02_UAT is idle.  enabled since Mon Mar 25 11:24:25 2024
printer KYBRK1_KM_LBL_IB03_UAT is idle.  enabled since Mon Mar 25 11:24:29 2024
printer KYBRK1_KM_LBL_IB04_UAT is idle.  enabled since Mon Mar 25 11:24:34 2024
printer KYBRK1_KM_LBL_INTL01_UAT is idle.  enabled since Mon Mar 25 11:24:38 2024
printer KYBRK1_KM_LBL_INTL02_UAT is idle.  enabled since Thu May  2 15:19:18 2024
printer KYBRK1_KM_LBL_LTL01_UAT is idle.  enabled since Mon Mar 25 11:24:47 2024
printer KYBRK1_KM_LBL_OB01_UAT is idle.  enabled since Thu Apr 11 19:35:42 2024
printer KYBRK1_KM_LBL_OB02_UAT is idle.  enabled since Mon Mar 25 11:24:56 2024
printer KYBRK1_KM_LBL_OB03_UAT is idle.  enabled since Mon Mar 25 11:25:00 2024
printer KYBRK1_KM_LBL_OB04_UAT is idle.  enabled since Mon Mar 25 11:25:05 2024
printer KYBRK1_KM_LBL_OB05_UAT is idle.  enabled since Mon Mar 25 11:25:09 2024
printer KYBRK1_KM_LBL_OB06_UAT is idle.  enabled since Mon Mar 25 11:25:13 2024
printer KYBRK1_KM_LBL_OB07_UAT is idle.  enabled since Mon Mar 25 11:25:18 2024
printer KYBRK1_KM_LBL_OB08_UAT is idle.  enabled since Mon Mar 25 11:25:22 2024
printer KYBRK1_KM_LBL_OB09_UAT is idle.  enabled since Mon Mar 25 11:25:27 2024
printer KYBRK1_KM_LBL_OB10_UAT is idle.  enabled since Mon Mar 25 11:25:31 2024
printer KYBRK1_KM_LBL_SHIP01_UAT is idle.  enabled since Mon Apr  1 17:21:05 2024
printer KYBRK1_KM_LBL_SUPV01_UAT is idle.  enabled since Mon Mar 25 11:25:40 2024
printer KYBRK1_KM_LSR_CASE01_UAT is idle.  enabled since Mon Mar 25 11:25:44 2024
printer KYBRK1_KM_LSR_DIR01_UAT is idle.  enabled since Mon Mar 25 11:25:48 2024
printer KYBRK1_KM_LSR_DIR02_UAT is idle.  enabled since Mon Mar 25 11:25:53 2024
printer KYBRK1_KM_LSR_IB01_UAT is idle.  enabled since Mon Mar 25 11:25:57 2024
printer KYBRK1_KM_LSR_IB02_UAT is idle.  enabled since Mon Mar 25 11:26:02 2024
printer KYBRK1_KM_LSR_IB03_UAT is idle.  enabled since Mon Mar 25 11:26:06 2024
printer KYBRK1_KM_LSR_IB04_UAT is idle.  enabled since Mon Mar 25 11:26:10 2024
printer KYBRK1_KM_LSR_INTL01_UAT is idle.  enabled since Mon Mar 25 11:26:15 2024
printer KYBRK1_KM_LSR_INTL02_UAT is idle.  enabled since Mon Mar 25 11:26:19 2024
printer KYBRK1_KM_LSR_INV01_UAT is idle.  enabled since Mon Mar 25 11:26:24 2024
printer KYBRK1_KM_LSR_KIT01_UAT is idle.  enabled since Mon Mar 25 11:26:28 2024
printer KYBRK1_KM_LSR_LEAD01_UAT is idle.  enabled since Mon Mar 25 11:26:32 2024
printer KYBRK1_KM_LSR_LTL01_UAT is idle.  enabled since Mon Mar 25 11:26:37 2024
printer KYBRK1_KM_LSR_OB01_UAT is idle.  enabled since Mon Mar 25 11:26:41 2024
printer KYBRK1_KM_LSR_OB02_UAT is idle.  enabled since Mon Mar 25 11:26:46 2024
printer KYBRK1_KM_LSR_OB03_UAT is idle.  enabled since Mon Mar 25 11:26:50 2024
printer KYBRK1_KM_LSR_OB04_UAT is idle.  enabled since Mon Mar 25 11:26:54 2024
printer KYBRK1_KM_LSR_OB05_UAT is idle.  enabled since Mon Mar 25 11:26:59 2024
printer KYBRK1_KM_LSR_OB06_UAT is idle.  enabled since Mon Mar 25 11:27:03 2024
printer KYBRK1_KM_LSR_OB07_UAT is idle.  enabled since Mon Mar 25 11:27:08 2024
printer KYBRK1_KM_LSR_OB08_UAT is idle.  enabled since Mon Mar 25 11:27:12 2024
printer KYBRK1_KM_LSR_OB09_UAT is idle.  enabled since Mon Mar 25 11:27:16 2024
printer KYBRK1_KM_LSR_OB10_UAT is idle.  enabled since Mon Mar 25 11:27:21 2024
printer KYBRK1_KM_LSR_SUPV01_UAT is idle.  enabled since Mon Mar 25 11:27:25 2024
printer KYLOL_LBL_CSPCL1_UAT is idle.  enabled since Fri Jan 16 21:04:59 2026
printer KYLOL_LSR_CSPCL1_UAT is idle.  enabled since Mon Mar 25 22:37:21 2024
printer KYLOL_LSR_CSPCL1A_UAT is idle.  enabled since Mon Mar 25 11:12:01 2024
printer KYOLP_LBL_01_UAT is idle.  enabled since Mon Mar 25 11:12:05 2024
printer KYVIL_HP_FG_LBL_IB01_UAT is idle.  enabled since Mon Mar 25 11:12:10 2024
printer KYVIL_HP_FG_LBL_IB04_UAT is idle.  enabled since Mon Mar 25 11:12:14 2024
printer KYVIL_HP_FG_LBL_IB05_UAT is idle.  enabled since Mon Mar 25 11:12:19 2024
printer KYVIL_HP_FG_LBL_IB06_UAT is idle.  enabled since Mon Mar 25 11:12:23 2024
printer KYVIL_HP_FG_LBL_OB01_UAT is idle.  enabled since Mon Mar 25 11:12:27 2024
printer KYVIL_HP_FG_LBL_OB04_UAT is idle.  enabled since Mon Mar 25 11:12:32 2024
printer KYVIL_HP_FG_LBL_OB05_UAT is idle.  enabled since Mon Mar 25 11:12:36 2024
printer KYVIL_HP_FG_LSR_IB05_UAT is idle.  enabled since Mon Mar 25 11:12:40 2024
printer KYVIL_HP_LBL_INTL01_UAT is idle.  enabled since Tue Oct 21 16:03:52 2025
printer KYVIL_HP_LBL_INV01_UAT is idle.  enabled since Mon Mar 25 11:12:49 2024
printer KYVIL_HP_LBL_INV02_UAT is idle.  enabled since Tue Oct 21 16:04:37 2025
printer KYVIL_HP_LBL_QA01_UAT is idle.  enabled since Mon Mar 25 11:12:58 2024
printer KYVIL_HP_LBL_QA03_UAT is idle.  enabled since Mon Mar 25 11:13:02 2024
printer KYVIL_HP_LBL_REBOX02_UAT is idle.  enabled since Fri Oct 24 17:07:42 2025
printer KYVIL_HP_LSR_INV01_UAT is idle.  enabled since Mon Mar 25 11:13:11 2024
printer KYVIL_HP_LSR_INV02_UAT is idle.  enabled since Mon Mar 25 11:13:16 2024
printer KYVIL_HP_RL_LBL_OB01_UAT is idle.  enabled since Mon Mar 25 11:13:20 2024
printer KYVIL_HPFG_LBL_IB02_UAT is idle.  enabled since Mon Mar 25 11:13:24 2024
printer KYVIL_HPFG_LSR_IB02_UAT is idle.  enabled since Mon Mar 25 11:13:29 2024
printer KYVIL_SDF4_LBL_MGR_UAT is idle.  enabled since Fri Dec 12 18:35:50 2025
printer LABEL_DUMMY is idle.  enabled since Fri Jan 16 15:04:27 2026
printer LASER_DUMMY is idle.  enabled since Wed Mar 15 17:50:50 2023
printer ONT_HPFG_LBL_AD1_UAT is idle.  enabled since Mon Mar 25 10:07:25 2024
printer ONT_HPFG_LBL_IB01_UAT is idle.  enabled since Mon Mar 25 10:07:29 2024
printer ONT_HPFG_LBL_IB02_UAT is idle.  enabled since Mon Mar 25 10:07:34 2024
printer ONT_HPFG_LBL_IB03_UAT is idle.  enabled since Mon Mar 25 10:07:38 2024
printer ONT_HPFG_LBL_IB04_UAT is idle.  enabled since Mon Mar 25 10:07:42 2024
printer ONT_HPFG_LBL_IB05_UAT is idle.  enabled since Mon Mar 25 10:07:47 2024
printer ONT_HPFG_LBL_LH1_UAT is idle.  enabled since Mon Mar 25 10:07:51 2024
printer ONT_HPFG_LBL_LH2_UAT is idle.  enabled since Mon Mar 25 10:07:56 2024
printer ONT_HPFG_LBL_OB01_UAT is idle.  enabled since Mon Mar 25 10:08:00 2024
printer ONT_HPFG_LBL_OB02_UAT is idle.  enabled since Mon Mar 25 10:08:05 2024
printer ONT_HPFG_LBL_OB03_UAT is idle.  enabled since Mon Mar 25 10:08:09 2024
printer ONT_HPFG_LBL_OB04_UAT is idle.  enabled since Mon Mar 25 10:08:13 2024
printer ONT_HPFG_LSR_AD1_UAT is idle.  enabled since Mon Mar 25 10:08:18 2024
printer ONT_HPFG_LSR_IB01_UAT is idle.  enabled since Mon Mar 25 10:08:22 2024
printer ONT_HPFG_LSR_IB02_UAT is idle.  enabled since Mon Mar 25 10:08:27 2024
printer ONT_HPFG_LSR_IB03_UAT is idle.  enabled since Mon Mar 25 10:08:31 2024
printer ONT_HPFG_LSR_IB04_UAT is idle.  enabled since Mon Mar 25 10:08:35 2024
printer ONT_HPFG_LSR_IB05_UAT is idle.  enabled since Mon Mar 25 10:08:40 2024
printer ONT_HPFG_LSR_LH1_UAT is idle.  enabled since Mon Mar 25 10:08:44 2024
printer ONT_HPFG_LSR_LH2_UAT is idle.  enabled since Mon Mar 25 10:08:49 2024
printer ONT_HPFG_LSR_OB01_UAT is idle.  enabled since Mon Mar 25 10:08:53 2024
printer ONT_HPFG_LSR_OB02_UAT is idle.  enabled since Mon Mar 25 10:08:57 2024
printer ONT_HPFG_LSR_OB03_UAT is idle.  enabled since Mon Mar 25 10:09:02 2024
printer ONT_HPFG_LSR_OB04_UAT is idle.  enabled since Mon Mar 25 10:09:06 2024
printer ONT_HPRL_LBL_IB01_UAT is idle.  enabled since Mon Mar 25 10:09:11 2024
printer ONT_HPRL_LBL_IB02_UAT is idle.  enabled since Mon Mar 25 10:09:15 2024
printer ONT_HPRL_LSR_IB01_UAT is idle.  enabled since Mon Mar 25 10:09:19 2024
printer ONT_HPRL_LSR_IB02_UAT is idle.  enabled since Mon Mar 25 10:09:24 2024
printer SDF4_LBL_OB2_UAT is idle.  enabled since Thu Oct 23 22:44:05 2025
printer SGPRE5LBL01 is idle.  enabled since Sat Aug 23 02:23:12 2025
printer SGPRE5LSR01 is idle.  enabled since Wed Apr  5 11:56:38 2023
printer SHIP01_LBL_UAT is idle.  enabled since Tue Apr  2 06:23:06 2024
printer SHIP01_LSR_UAT is idle.  enabled since Mon Mar 25 10:47:57 2024
printer SHIP02_LBL_UAT is idle.  enabled since Tue Apr  2 06:24:09 2024
printer SHIP02_LSR_UAT is idle.  enabled since Mon Mar 25 10:48:06 2024
printer SHRP_RCV_01_LBL_UAT is idle.  enabled since Tue Oct 21 16:47:25 2025
printer SHRP_RCV_01_LSR_UAT is idle.  enabled since Thu Oct  2 10:08:34 2025
printer SHRP_SHIP_01_LBL_UAT is idle.  enabled since Fri Jan  9 20:17:04 2026
printer SHRP_SHIP_01_LSR_UAT is idle.  enabled since Thu Oct  2 10:06:30 2025
printer SHRP_SHIP_02_LBL_UAT is idle.  enabled since Tue Oct 21 16:39:51 2025
printer SHRP_SHIP_02_LSR_UAT is idle.  enabled since Thu Oct  2 10:07:41 2025
printer SOFTEONSOL_LBL_01_UAT is idle.  enabled since Mon Mar 25 11:27:38 2024
printer TPC_5F_SHIP01_LBL_UAT is idle.  enabled since Tue Apr  2 06:08:50 2024
printer TPC_5F_SHIP01_LSR_UAT is idle.  enabled since Mon Mar 25 10:48:15 2024
printer TPC_5F_SHIP02_LBL_UAT is idle.  enabled since Tue Apr  2 06:09:46 2024
printer TPC_5F_SHIP02_LSR_UAT is idle.  enabled since Mon Mar 25 10:48:23 2024
printer TPC_5F_SHIP04_LBL_UAT is idle.  enabled since Tue Apr  2 06:12:38 2024
printer TPC_5F_SHIP04_LSR_UAT is idle.  enabled since Mon Mar 25 10:48:32 2024
printer USBRK_HT_LBL_01 is idle.  enabled since Tue Apr 23 17:46:41 2024
printer USBRK_HT_LBL_CART1_UAT is idle.  enabled since Wed May  8 13:58:47 2024
printer USBRK_HT_LBL_CART3_UAT is idle.  enabled since Mon Mar 18 22:19:09 2024
printer USBRK_HT_LBL_GRAINGER_UAT is idle.  enabled since Mon Mar 18 22:18:47 2024
printer USBRK_HT_LBL_OUT01_UAT is idle.  enabled since Mon Mar 18 22:18:29 2024
printer USBRK_HT_LSR_05 is idle.  enabled since Thu Jul 13 15:18:11 2023
printer USBRK_HT_LSR_06 is idle.  enabled since Thu Jul 13 15:19:51 2023
printer USBRK_HT_LSR_07 is idle.  enabled since Thu Jul 13 15:20:31 2023
printer USBRK_HT_LSR_CART1_UAT is idle.  enabled since Wed May  8 16:04:08 2024
printer USBRK_HT_LSR_CART3_UAT is idle.  enabled since Mon Mar 18 22:19:04 2024
printer USBRK_HT_LSR_INB01 is idle.  enabled since Tue Jun 20 12:15:43 2023
printer USBRK_HT_LSR_INB02 is idle.  enabled since Tue Jun 20 12:16:04 2023
printer USBRK_HT_LSR_INB03 is idle.  enabled since Thu Jul 13 15:06:16 2023
printer USBRK_HT_LSR_INB04 is idle.  enabled since Thu Jul 13 15:06:57 2023
printer USBRK_HT_LSR_OUT01_UAT is idle.  enabled since Mon Mar 18 22:18:33 2024
printer USBRK_HT_LSR_OUT02_UAT is idle.  enabled since Mon Mar 18 22:18:42 2024
printer USRBK_HT_LBL_02 is idle.  enabled since Tue Apr  9 14:31:05 2024
printer USRBK_HT_LBL_03 is idle.  enabled since Thu Sep 28 00:58:31 2023
printer USRBK_HT_LBL_04 is idle.  enabled since Tue Apr 23 17:14:41 2024
printer USRBK_HT_LBL_05 is idle.  enabled since Tue Apr  9 14:32:36 2024
printer USRBK_HT_LBL_CART2_UAT is idle.  enabled since Mon Mar 18 22:19:00 2024
printer USRBK_HT_LBL_OUT02_UAT is idle.  enabled since Mon Mar 18 22:18:38 2024
printer WOSA3_SHIP01_LBL_UAT is idle.  enabled since Fri Apr 12 03:10:30 2024
printer WOSA3_SHIP01_LSR_UAT is idle.  enabled since Fri Apr 12 03:12:17 2024
printer XDCKADM_LSR_UAT is idle.  enabled since Mon Mar 25 10:48:37 2024
printer XDCKNBD_LBL_UAT is idle.  enabled since Mon Mar 25 10:48:41 2024
printer XDCKNBD_LSR_UAT is idle.  enabled since Mon Mar 25 10:48:45 2024
-------------------------------------
CUPS Service (Port 631): NOT REACHABLE on 172.29.60.72
-------------------------------------

Total number of Java process running on this host 172.29.60.72 is 3
Total number of Daemon / Batch (java) application process available is 0

No Java daemon processes running
-------------------------------------

-------------------------------------
Total number of App process running on this host 172.29.60.72
Total number of App java process available is 3
-------------------------------------
App Process details:
Process ID: 3937149, Process Name: 14:07
Process ID: 3937845, Process Name: 9:02
Process ID: 3938374, Process Name: 14:20
-------------------------------------

Web Application Port Validation for Server IP: 172.29.60.72
Port 8080:	upspznps_jb	Running
Port 8081:	upspznpsrf_	Running
Port 8082:	upspznapi_j	Running
-------------------------------------

==============================================================================
Server Availability Check Completed at Sat Jan 17 07:05:27 UTC 2026
==============================================================================


2026-01-17 02:05:55,750 - 4195 - ERROR - app_validation.sh errors for i-0bcc8aeb2016a4635:

2026-01-17 02:05:55,752 - 4195 - INFO - Before patching validation saved to: output/validation-2026-01-17/172.29.60.72-BeforePatching-2026-01-17-02-05-55-751.log
2026-01-17 02:05:55,752 - 4195 - INFO - Deregistering i-0bcc8aeb2016a4635 from TG arn:aws:elasticloadbalancing:us-east-1:835314132208:targetgroup/UPS-PZN-PostSales-UAT-API/0c41977f12b305b6
2026-01-17 02:05:55,852 - 4195 - INFO - Deregistering i-0bcc8aeb2016a4635 from TG arn:aws:elasticloadbalancing:us-east-1:835314132208:targetgroup/UPS-PZN-PostSales-UAT-Desktop/7b328e7a56de0690
2026-01-17 02:05:55,904 - 4195 - INFO - Deregistering i-0bcc8aeb2016a4635 from TG arn:aws:elasticloadbalancing:us-east-1:835314132208:targetgroup/UPS-PZN-PostSales-UAT-RF/82a64cf174bfe5d5
2026-01-17 02:05:55,954 - 4195 - INFO - Stopping EC2 instance: i-0bcc8aeb2016a4635 at 2026-01-17 02:05:55
2026-01-17 02:07:42,395 - 4195 - INFO - Instance i-0bcc8aeb2016a4635 stopped successfully.
2026-01-17 02:07:42,594 - 4195 - INFO - Stopped i-0bcc8aeb2016a4635 in 0:01:46.639733
2026-01-17 02:07:42,595 - 4195 - INFO - Starting EC2 instance: i-0bcc8aeb2016a4635
2026-01-17 02:07:58,642 - 4195 - INFO - Instance i-0bcc8aeb2016a4635 started successfully.
2026-01-17 02:07:58,642 - 4195 - INFO - Waiting 30 seconds for SSM agent to be ready on i-0bcc8aeb2016a4635...
2026-01-17 02:08:28,671 - 4195 - INFO - Registering i-0bcc8aeb2016a4635 to TG arn:aws:elasticloadbalancing:us-east-1:835314132208:targetgroup/UPS-PZN-PostSales-UAT-API/0c41977f12b305b6
2026-01-17 02:08:28,835 - 4195 - INFO - Registering i-0bcc8aeb2016a4635 to TG arn:aws:elasticloadbalancing:us-east-1:835314132208:targetgroup/UPS-PZN-PostSales-UAT-Desktop/7b328e7a56de0690
2026-01-17 02:08:28,978 - 4195 - INFO - Registering i-0bcc8aeb2016a4635 to TG arn:aws:elasticloadbalancing:us-east-1:835314132208:targetgroup/UPS-PZN-PostSales-UAT-RF/82a64cf174bfe5d5
2026-01-17 02:11:29,763 - 4195 - INFO - Sent app_validation.sh to i-0bcc8aeb2016a4635 (command_id: f254bdfe-0374-4ac3-a90f-ed90e8c4d855)
2026-01-17 02:11:59,821 - 4195 - INFO - app_validation.sh output for i-0bcc8aeb2016a4635:

==============================================================================
Server Availability Check Started at Sat Jan 17 07:11:30 UTC 2026
==============================================================================

-------------------------------------
Server IP : 172.29.60.72
-------------------------------------
System Information
------------------
Hostname: ip-172-29-60-72
Uptime: up 3 minutes
Current User: root
Working Directory: /usr/bin
-------------------------------------
Voice Console URL: http://172.29.60.72:9090/VoiceConsole
-------------------------------------

-------------------------------------
Server IP : 172.29.60.72
-------------------------------------
Physical Memory Information
---------------------------
Total Physical Memory = 15623 MB
Used Physical Memory  = 6475 MB
Free Physical Memory  = 9148 MB
-------------------------------------
Swap Memory Information
-----------------------
Total Swap Memory = 10239 MB
Used Swap Memory  = 0 MB
Free Swap Memory  = 10239 MB
-------------------------------------
Load Average: 1.78 1.41 0.59 6/468 4586
-------------------------------------

Disk Usage Information
----------------------
Filesystem                                          Size  Used Avail Use% Mounted on
/dev/nvme0n1p1                                       20G  5.5G   15G  28% /
/dev/nvme0n1p128                                     10M  1.3M  8.7M  13% /boot/efi
/dev/nvme1n1p2                                      240G   52G  189G  22% /data
fs-0d85a138928e851ac.efs.us-east-1.amazonaws.com:/  8.0E   32G  8.0E   1% /data2
devtmpfs                                            4.0M     0  4.0M   0% /dev
tmpfs                                               7.7G     0  7.7G   0% /dev/shm
tmpfs                                               3.1G  668K  3.1G   1% /run
tmpfs                                               7.7G   11M  7.7G   1% /tmp
-------------------------------------

Application Port Validation for Server IP: 172.29.60.72 started on Sat Jan 17 07:11:30 UTC 2026

Server IP: 172.29.60.72 is reachable.

SSH Service (Port 22) Status:
SSH Service (Port 22): NOT REACHABLE
-------------------------------------

FTP Service Validation for Server IP: 172.29.60.72

FTP Service (Port 21): NOT REACHABLE
No FTP processes detected
-------------------------------------

CUPS Service Validation for Server IP: 172.29.60.72

CUPS Service (Port 631): NOT REACHABLE

Printer Configuration:
Total Printers Configured: 204
Printer Details:
printer 1260_TR_LBL1_DUMMY is idle.  enabled since Tue Feb 11 00:16:17 2025
printer 1260_TR_LSR1_DUMMY is idle.  enabled since Tue Feb 11 00:17:00 2025
printer 6FADM_D1_LBL_UAT is idle.  enabled since Mon Mar 25 10:47:35 2024
printer 6FADM_D1_LSR_UAT is idle.  enabled since Mon Mar 25 10:47:39 2024
printer APIC_2F_LBL_UAT is idle.  enabled since Mon Feb  3 06:03:33 2025
printer APIC_2F_LSR_UAT is idle.  enabled since Mon Jan  8 17:35:21 2024
printer BRCAJ_LBL_01 is idle.  enabled since Tue Oct 21 20:06:05 2025
printer BRCAJ_LSR_01 is idle.  enabled since Thu Sep  7 00:27:22 2023
printer BRCAJ_LSR_02 is idle.  enabled since Thu Sep  7 00:27:01 2023
printer CNJNY_LBL01 is idle.  enabled since Tue Jul 29 06:35:43 2025
printer CNJNY_LBL02 is idle.  enabled since Fri Aug 25 02:13:37 2023
printer CNJNY_LSR01 is idle.  enabled since Thu Aug 10 12:44:24 2023
printer CNJNY_LSR02 is idle.  enabled since Wed Aug 16 12:16:23 2023
printer DUMMY_LBL is idle.  enabled since Fri Jan 16 21:02:05 2026
printer DUMMY_LSR is idle.  enabled since Wed Dec  7 14:22:28 2022
printer DUMMY_ZEB is idle.  enabled since Fri Jan 16 18:41:03 2026
printer FRSWI_IB_MS_LBL_01 is idle.  enabled since Mon Jul 17 08:28:12 2023
printer FRSWI_IB_MS_LBL_02 is idle.  enabled since Wed May 17 17:09:21 2023
printer FRSWI_IB_MS_LBL_03 is idle.  enabled since Wed May 17 17:09:56 2023
printer FRSWI_IB_MS_LSR_01 is idle.  enabled since Wed May 17 17:08:23 2023
printer FRSWI_IB_MS_LSR_02 is idle.  enabled since Wed May 17 17:09:02 2023
printer FRSWI_IB_MS_LSR_03 is idle.  enabled since Wed May 17 17:09:39 2023
printer FRSWI_LBL_001 is idle.  enabled since Tue Jul 15 11:06:04 2025
printer FRSWI_LSR_001 is idle.  enabled since Wed Apr  5 17:28:52 2023
printer FRSWI_OB_PS_LBL_01 is idle.  enabled since Thu Sep  7 00:48:48 2023
printer FRSWI_OB_PS_LBL_02 is idle.  enabled since Wed May 17 17:06:39 2023
printer FRSWI_OB_PS_LBL_03 is idle.  enabled since Wed May 17 17:07:27 2023
printer FRSWI_OB_PS_LBL_04 is idle.  enabled since Fri Oct 13 08:26:08 2023
printer FRSWI_OB_PS_LSR_01 is idle.  enabled since Wed May 17 17:05:33 2023
printer FRSWI_OB_PS_LSR_02 is idle.  enabled since Wed May 17 17:06:21 2023
printer FRSWI_OB_PS_LSR_03 is idle.  enabled since Wed May 17 17:07:04 2023
printer FRSWI_OB_PS_LSR_04 is idle.  enabled since Wed May 17 17:07:46 2023
printer GAAPR_SCOTT_LSR_UAT is idle.  enabled since Mon Mar 25 11:24:03 2024
printer GAAPR_SCOTT_UAT is idle.  enabled since Mon Mar 25 11:23:59 2024
printer HP_FG_IB_LBL_01_UAT is idle.  enabled since Thu Jan  9 21:28:03 2025
printer HP_FG_IB_LSR_01_UAT is idle.  enabled since Mon Mar 25 11:10:37 2024
printer HP_FG_OB_LBL_01_UAT is idle.  enabled since Mon Mar 25 11:10:42 2024
printer HP_FG_OB_LSR_01_UAT is idle.  enabled since Mon Mar 25 11:10:46 2024
printer HP_MGR_LSR01_UAT is idle.  enabled since Mon Mar 25 11:10:51 2024
printer HP_RL_OB_LBL_01_UAT is idle.  enabled since Fri Oct 24 20:37:10 2025
printer HP_RL_OB_LSR_01_UAT is idle.  enabled since Mon Mar 25 11:10:59 2024
printer HPCA_OFC_LBL_UAT is idle.  enabled since Wed Jan 22 15:03:29 2025
printer HPCA_OFC_LSR_UAT is idle.  enabled since Mon Mar 25 10:07:16 2024
printer KIYOHARU_LBL_UAT is idle.  enabled since Tue Apr  2 06:12:01 2024
printer KIYOHARU_LSR_UAT is idle.  enabled since Mon Mar 25 10:47:48 2024
printer KY_HP_FG_LSR_IB01_UAT is idle.  enabled since Mon Mar 25 10:07:20 2024
printer KY_HP_FG_LSR_IB04_UAT is idle.  enabled since Mon Mar 25 11:11:08 2024
printer KY_HP_FG_LSR_IB06_UAT is idle.  enabled since Mon Mar 25 11:11:13 2024
printer KY_HP_FG_LSR_OB01_UAT is idle.  enabled since Mon Mar 25 11:11:17 2024
printer KY_HP_FG_LSR_OB04_UAT is idle.  enabled since Mon Mar 25 11:11:21 2024
printer KY_HP_FG_LSR_OB05_UAT is idle.  enabled since Mon Mar 25 11:11:26 2024
printer KY_HP_LSR_INTL01_UAT is idle.  enabled since Mon Mar 25 11:11:30 2024
printer KY_HP_LSR_INV02_UAT is idle.  enabled since Mon Mar 25 11:11:35 2024
printer KY_HP_LSR_QA01_UAT is idle.  enabled since Mon Mar 25 11:11:39 2024
printer KY_HP_LSR_QA03_UAT is idle.  enabled since Mon Mar 25 11:11:43 2024
printer KY_HP_LSR_REBOX02_UAT is idle.  enabled since Mon Mar 25 11:11:48 2024
printer KY_HP_RL_LSR_OB01_UAT is idle.  enabled since Mon Mar 25 11:11:52 2024
printer KYBRK1_KM_LBL_CASE01_UAT is idle.  enabled since Sat Jul  5 08:23:31 2025
printer KYBRK1_KM_LBL_DIR01_UAT is idle.  enabled since Mon Mar 25 11:24:12 2024
printer KYBRK1_KM_LBL_DIR02_UAT is idle.  enabled since Mon Mar 25 11:24:16 2024
printer KYBRK1_KM_LBL_IB01_UAT is idle.  enabled since Mon Mar 25 11:24:21 2024
printer KYBRK1_KM_LBL_IB02_UAT is idle.  enabled since Mon Mar 25 11:24:25 2024
printer KYBRK1_KM_LBL_IB03_UAT is idle.  enabled since Mon Mar 25 11:24:29 2024
printer KYBRK1_KM_LBL_IB04_UAT is idle.  enabled since Mon Mar 25 11:24:34 2024
printer KYBRK1_KM_LBL_INTL01_UAT is idle.  enabled since Mon Mar 25 11:24:38 2024
printer KYBRK1_KM_LBL_INTL02_UAT is idle.  enabled since Thu May  2 15:19:18 2024
printer KYBRK1_KM_LBL_LTL01_UAT is idle.  enabled since Mon Mar 25 11:24:47 2024
printer KYBRK1_KM_LBL_OB01_UAT is idle.  enabled since Thu Apr 11 19:35:42 2024
printer KYBRK1_KM_LBL_OB02_UAT is idle.  enabled since Mon Mar 25 11:24:56 2024
printer KYBRK1_KM_LBL_OB03_UAT is idle.  enabled since Mon Mar 25 11:25:00 2024
printer KYBRK1_KM_LBL_OB04_UAT is idle.  enabled since Mon Mar 25 11:25:05 2024
printer KYBRK1_KM_LBL_OB05_UAT is idle.  enabled since Mon Mar 25 11:25:09 2024
printer KYBRK1_KM_LBL_OB06_UAT is idle.  enabled since Mon Mar 25 11:25:13 2024
printer KYBRK1_KM_LBL_OB07_UAT is idle.  enabled since Mon Mar 25 11:25:18 2024
printer KYBRK1_KM_LBL_OB08_UAT is idle.  enabled since Mon Mar 25 11:25:22 2024
printer KYBRK1_KM_LBL_OB09_UAT is idle.  enabled since Mon Mar 25 11:25:27 2024
printer KYBRK1_KM_LBL_OB10_UAT is idle.  enabled since Mon Mar 25 11:25:31 2024
printer KYBRK1_KM_LBL_SHIP01_UAT is idle.  enabled since Mon Apr  1 17:21:05 2024
printer KYBRK1_KM_LBL_SUPV01_UAT is idle.  enabled since Mon Mar 25 11:25:40 2024
printer KYBRK1_KM_LSR_CASE01_UAT is idle.  enabled since Mon Mar 25 11:25:44 2024
printer KYBRK1_KM_LSR_DIR01_UAT is idle.  enabled since Mon Mar 25 11:25:48 2024
printer KYBRK1_KM_LSR_DIR02_UAT is idle.  enabled since Mon Mar 25 11:25:53 2024
printer KYBRK1_KM_LSR_IB01_UAT is idle.  enabled since Mon Mar 25 11:25:57 2024
printer KYBRK1_KM_LSR_IB02_UAT is idle.  enabled since Mon Mar 25 11:26:02 2024
printer KYBRK1_KM_LSR_IB03_UAT is idle.  enabled since Mon Mar 25 11:26:06 2024
printer KYBRK1_KM_LSR_IB04_UAT is idle.  enabled since Mon Mar 25 11:26:10 2024
printer KYBRK1_KM_LSR_INTL01_UAT is idle.  enabled since Mon Mar 25 11:26:15 2024
printer KYBRK1_KM_LSR_INTL02_UAT is idle.  enabled since Mon Mar 25 11:26:19 2024
printer KYBRK1_KM_LSR_INV01_UAT is idle.  enabled since Mon Mar 25 11:26:24 2024
printer KYBRK1_KM_LSR_KIT01_UAT is idle.  enabled since Mon Mar 25 11:26:28 2024
printer KYBRK1_KM_LSR_LEAD01_UAT is idle.  enabled since Mon Mar 25 11:26:32 2024
printer KYBRK1_KM_LSR_LTL01_UAT is idle.  enabled since Mon Mar 25 11:26:37 2024
printer KYBRK1_KM_LSR_OB01_UAT is idle.  enabled since Mon Mar 25 11:26:41 2024
printer KYBRK1_KM_LSR_OB02_UAT is idle.  enabled since Mon Mar 25 11:26:46 2024
printer KYBRK1_KM_LSR_OB03_UAT is idle.  enabled since Mon Mar 25 11:26:50 2024
printer KYBRK1_KM_LSR_OB04_UAT is idle.  enabled since Mon Mar 25 11:26:54 2024
printer KYBRK1_KM_LSR_OB05_UAT is idle.  enabled since Mon Mar 25 11:26:59 2024
printer KYBRK1_KM_LSR_OB06_UAT is idle.  enabled since Mon Mar 25 11:27:03 2024
printer KYBRK1_KM_LSR_OB07_UAT is idle.  enabled since Mon Mar 25 11:27:08 2024
printer KYBRK1_KM_LSR_OB08_UAT is idle.  enabled since Mon Mar 25 11:27:12 2024
printer KYBRK1_KM_LSR_OB09_UAT is idle.  enabled since Mon Mar 25 11:27:16 2024
printer KYBRK1_KM_LSR_OB10_UAT is idle.  enabled since Mon Mar 25 11:27:21 2024
printer KYBRK1_KM_LSR_SUPV01_UAT is idle.  enabled since Mon Mar 25 11:27:25 2024
printer KYLOL_LBL_CSPCL1_UAT is idle.  enabled since Fri Jan 16 21:04:59 2026
printer KYLOL_LSR_CSPCL1_UAT is idle.  enabled since Mon Mar 25 22:37:21 2024
printer KYLOL_LSR_CSPCL1A_UAT is idle.  enabled since Mon Mar 25 11:12:01 2024
printer KYOLP_LBL_01_UAT is idle.  enabled since Mon Mar 25 11:12:05 2024
printer KYVIL_HP_FG_LBL_IB01_UAT is idle.  enabled since Mon Mar 25 11:12:10 2024
printer KYVIL_HP_FG_LBL_IB04_UAT is idle.  enabled since Mon Mar 25 11:12:14 2024
printer KYVIL_HP_FG_LBL_IB05_UAT is idle.  enabled since Mon Mar 25 11:12:19 2024
printer KYVIL_HP_FG_LBL_IB06_UAT is idle.  enabled since Mon Mar 25 11:12:23 2024
printer KYVIL_HP_FG_LBL_OB01_UAT is idle.  enabled since Mon Mar 25 11:12:27 2024
printer KYVIL_HP_FG_LBL_OB04_UAT is idle.  enabled since Mon Mar 25 11:12:32 2024
printer KYVIL_HP_FG_LBL_OB05_UAT is idle.  enabled since Mon Mar 25 11:12:36 2024
printer KYVIL_HP_FG_LSR_IB05_UAT is idle.  enabled since Mon Mar 25 11:12:40 2024
printer KYVIL_HP_LBL_INTL01_UAT is idle.  enabled since Tue Oct 21 16:03:52 2025
printer KYVIL_HP_LBL_INV01_UAT is idle.  enabled since Mon Mar 25 11:12:49 2024
printer KYVIL_HP_LBL_INV02_UAT is idle.  enabled since Tue Oct 21 16:04:37 2025
printer KYVIL_HP_LBL_QA01_UAT is idle.  enabled since Mon Mar 25 11:12:58 2024
printer KYVIL_HP_LBL_QA03_UAT is idle.  enabled since Mon Mar 25 11:13:02 2024
printer KYVIL_HP_LBL_REBOX02_UAT is idle.  enabled since Fri Oct 24 17:07:42 2025
printer KYVIL_HP_LSR_INV01_UAT is idle.  enabled since Mon Mar 25 11:13:11 2024
printer KYVIL_HP_LSR_INV02_UAT is idle.  enabled since Mon Mar 25 11:13:16 2024
printer KYVIL_HP_RL_LBL_OB01_UAT is idle.  enabled since Mon Mar 25 11:13:20 2024
printer KYVIL_HPFG_LBL_IB02_UAT is idle.  enabled since Mon Mar 25 11:13:24 2024
printer KYVIL_HPFG_LSR_IB02_UAT is idle.  enabled since Mon Mar 25 11:13:29 2024
printer KYVIL_SDF4_LBL_MGR_UAT is idle.  enabled since Fri Dec 12 18:35:50 2025
printer LABEL_DUMMY is idle.  enabled since Fri Jan 16 15:04:27 2026
printer LASER_DUMMY is idle.  enabled since Wed Mar 15 17:50:50 2023
printer ONT_HPFG_LBL_AD1_UAT is idle.  enabled since Mon Mar 25 10:07:25 2024
printer ONT_HPFG_LBL_IB01_UAT is idle.  enabled since Mon Mar 25 10:07:29 2024
printer ONT_HPFG_LBL_IB02_UAT is idle.  enabled since Mon Mar 25 10:07:34 2024
printer ONT_HPFG_LBL_IB03_UAT is idle.  enabled since Mon Mar 25 10:07:38 2024
printer ONT_HPFG_LBL_IB04_UAT is idle.  enabled since Mon Mar 25 10:07:42 2024
printer ONT_HPFG_LBL_IB05_UAT is idle.  enabled since Mon Mar 25 10:07:47 2024
printer ONT_HPFG_LBL_LH1_UAT is idle.  enabled since Mon Mar 25 10:07:51 2024
printer ONT_HPFG_LBL_LH2_UAT is idle.  enabled since Mon Mar 25 10:07:56 2024
printer ONT_HPFG_LBL_OB01_UAT is idle.  enabled since Mon Mar 25 10:08:00 2024
printer ONT_HPFG_LBL_OB02_UAT is idle.  enabled since Mon Mar 25 10:08:05 2024
printer ONT_HPFG_LBL_OB03_UAT is idle.  enabled since Mon Mar 25 10:08:09 2024
printer ONT_HPFG_LBL_OB04_UAT is idle.  enabled since Mon Mar 25 10:08:13 2024
printer ONT_HPFG_LSR_AD1_UAT is idle.  enabled since Mon Mar 25 10:08:18 2024
printer ONT_HPFG_LSR_IB01_UAT is idle.  enabled since Mon Mar 25 10:08:22 2024
printer ONT_HPFG_LSR_IB02_UAT is idle.  enabled since Mon Mar 25 10:08:27 2024
printer ONT_HPFG_LSR_IB03_UAT is idle.  enabled since Mon Mar 25 10:08:31 2024
printer ONT_HPFG_LSR_IB04_UAT is idle.  enabled since Mon Mar 25 10:08:35 2024
printer ONT_HPFG_LSR_IB05_UAT is idle.  enabled since Mon Mar 25 10:08:40 2024
printer ONT_HPFG_LSR_LH1_UAT is idle.  enabled since Mon Mar 25 10:08:44 2024
printer ONT_HPFG_LSR_LH2_UAT is idle.  enabled since Mon Mar 25 10:08:49 2024
printer ONT_HPFG_LSR_OB01_UAT is idle.  enabled since Mon Mar 25 10:08:53 2024
printer ONT_HPFG_LSR_OB02_UAT is idle.  enabled since Mon Mar 25 10:08:57 2024
printer ONT_HPFG_LSR_OB03_UAT is idle.  enabled since Mon Mar 25 10:09:02 2024
printer ONT_HPFG_LSR_OB04_UAT is idle.  enabled since Mon Mar 25 10:09:06 2024
printer ONT_HPRL_LBL_IB01_UAT is idle.  enabled since Mon Mar 25 10:09:11 2024
printer ONT_HPRL_LBL_IB02_UAT is idle.  enabled since Mon Mar 25 10:09:15 2024
printer ONT_HPRL_LSR_IB01_UAT is idle.  enabled since Mon Mar 25 10:09:19 2024
printer ONT_HPRL_LSR_IB02_UAT is idle.  enabled since Mon Mar 25 10:09:24 2024
printer SDF4_LBL_OB2_UAT is idle.  enabled since Thu Oct 23 22:44:05 2025
printer SGPRE5LBL01 is idle.  enabled since Sat Aug 23 02:23:12 2025
printer SGPRE5LSR01 is idle.  enabled since Wed Apr  5 11:56:38 2023
printer SHIP01_LBL_UAT is idle.  enabled since Tue Apr  2 06:23:06 2024
printer SHIP01_LSR_UAT is idle.  enabled since Mon Mar 25 10:47:57 2024
printer SHIP02_LBL_UAT is idle.  enabled since Tue Apr  2 06:24:09 2024
printer SHIP02_LSR_UAT is idle.  enabled since Mon Mar 25 10:48:06 2024
printer SHRP_RCV_01_LBL_UAT is idle.  enabled since Tue Oct 21 16:47:25 2025
printer SHRP_RCV_01_LSR_UAT is idle.  enabled since Thu Oct  2 10:08:34 2025
printer SHRP_SHIP_01_LBL_UAT is idle.  enabled since Fri Jan  9 20:17:04 2026
printer SHRP_SHIP_01_LSR_UAT is idle.  enabled since Thu Oct  2 10:06:30 2025
printer SHRP_SHIP_02_LBL_UAT is idle.  enabled since Tue Oct 21 16:39:51 2025
printer SHRP_SHIP_02_LSR_UAT is idle.  enabled since Thu Oct  2 10:07:41 2025
printer SOFTEONSOL_LBL_01_UAT is idle.  enabled since Mon Mar 25 11:27:38 2024
printer TPC_5F_SHIP01_LBL_UAT is idle.  enabled since Tue Apr  2 06:08:50 2024
printer TPC_5F_SHIP01_LSR_UAT is idle.  enabled since Mon Mar 25 10:48:15 2024
printer TPC_5F_SHIP02_LBL_UAT is idle.  enabled since Tue Apr  2 06:09:46 2024
printer TPC_5F_SHIP02_LSR_UAT is idle.  enabled since Mon Mar 25 10:48:23 2024
printer TPC_5F_SHIP04_LBL_UAT is idle.  enabled since Tue Apr  2 06:12:38 2024
printer TPC_5F_SHIP04_LSR_UAT is idle.  enabled since Mon Mar 25 10:48:32 2024
printer USBRK_HT_LBL_01 is idle.  enabled since Tue Apr 23 17:46:41 2024
printer USBRK_HT_LBL_CART1_UAT is idle.  enabled since Wed May  8 13:58:47 2024
printer USBRK_HT_LBL_CART3_UAT is idle.  enabled since Mon Mar 18 22:19:09 2024
printer USBRK_HT_LBL_GRAINGER_UAT is idle.  enabled since Mon Mar 18 22:18:47 2024
printer USBRK_HT_LBL_OUT01_UAT is idle.  enabled since Mon Mar 18 22:18:29 2024
printer USBRK_HT_LSR_05 is idle.  enabled since Thu Jul 13 15:18:11 2023
printer USBRK_HT_LSR_06 is idle.  enabled since Thu Jul 13 15:19:51 2023
printer USBRK_HT_LSR_07 is idle.  enabled since Thu Jul 13 15:20:31 2023
printer USBRK_HT_LSR_CART1_UAT is idle.  enabled since Wed May  8 16:04:08 2024
printer USBRK_HT_LSR_CART3_UAT is idle.  enabled since Mon Mar 18 22:19:04 2024
printer USBRK_HT_LSR_INB01 is idle.  enabled since Tue Jun 20 12:15:43 2023
printer USBRK_HT_LSR_INB02 is idle.  enabled since Tue Jun 20 12:16:04 2023
printer USBRK_HT_LSR_INB03 is idle.  enabled since Thu Jul 13 15:06:16 2023
printer USBRK_HT_LSR_INB04 is idle.  enabled since Thu Jul 13 15:06:57 2023
printer USBRK_HT_LSR_OUT01_UAT is idle.  enabled since Mon Mar 18 22:18:33 2024
printer USBRK_HT_LSR_OUT02_UAT is idle.  enabled since Mon Mar 18 22:18:42 2024
printer USRBK_HT_LBL_02 is idle.  enabled since Tue Apr  9 14:31:05 2024
printer USRBK_HT_LBL_03 is idle.  enabled since Thu Sep 28 00:58:31 2023
printer USRBK_HT_LBL_04 is idle.  enabled since Tue Apr 23 17:14:41 2024
printer USRBK_HT_LBL_05 is idle.  enabled since Tue Apr  9 14:32:36 2024
printer USRBK_HT_LBL_CART2_UAT is idle.  enabled since Mon Mar 18 22:19:00 2024
printer USRBK_HT_LBL_OUT02_UAT is idle.  enabled since Mon Mar 18 22:18:38 2024
printer WOSA3_SHIP01_LBL_UAT is idle.  enabled since Fri Apr 12 03:10:30 2024
printer WOSA3_SHIP01_LSR_UAT is idle.  enabled since Fri Apr 12 03:12:17 2024
printer XDCKADM_LSR_UAT is idle.  enabled since Mon Mar 25 10:48:37 2024
printer XDCKNBD_LBL_UAT is idle.  enabled since Mon Mar 25 10:48:41 2024
printer XDCKNBD_LSR_UAT is idle.  enabled since Mon Mar 25 10:48:45 2024
-------------------------------------
CUPS Service (Port 631): NOT REACHABLE on 172.29.60.72
-------------------------------------

Total number of Java process running on this host 172.29.60.72 is 3
Total number of Daemon / Batch (java) application process available is 0

No Java daemon processes running
-------------------------------------

-------------------------------------
Total number of App process running on this host 172.29.60.72
Total number of App java process available is 3
-------------------------------------
App Process details:
Process ID: 3731, Process Name: 0:40
Process ID: 3757, Process Name: 0:41
Process ID: 3776, Process Name: 0:51
-------------------------------------

Web Application Port Validation for Server IP: 172.29.60.72
Port 8080:	upspznps_jb730	Running
Port 8081:	upspznpsrf_jb7	Running
Port 8082:	upspznapi_jb73	Running
-------------------------------------

==============================================================================
Server Availability Check Completed at Sat Jan 17 07:11:31 UTC 2026
==============================================================================


2026-01-17 02:11:59,821 - 4195 - ERROR - app_validation.sh errors for i-0bcc8aeb2016a4635:

2026-01-17 02:11:59,823 - 4195 - INFO - After patching validation saved to: output/validation-2026-01-17/172.29.60.72-AfterPatching-2026-01-17-02-11-59-822.log
2026-01-17 02:11:59,860 - 4195 - INFO - Validation comparison report generated: output/validation-2026-01-17/172.29.60.72-Validation-details-2026-01-17-02-11-59-822.log
2026-01-17 02:11:59,949 - 4195 - INFO - Email sent successfully to ['CloudOps@softeon.com']
2026-01-17 02:11:59,949 - 4195 - INFO - HTML validation report email sent for i-0bcc8aeb2016a4635
2026-01-17 02:12:00,204 - 4195 - INFO - Started i-0bcc8aeb2016a4635 in 0:04:17.609538
2026-01-17 02:12:00,204 - 4195 - INFO - All instances processed.
2026-01-17 02:12:00,209 - 4195 - INFO - Restart Total time: 0:06:54.401211
2026-01-17 02:12:00,209 - 4195 - INFO - Auto-confirmed services are restarted
2026-01-17 02:12:00,209 - 4195 - INFO - Confirmed - services are started
2026-01-17 02:12:00,313 - 4195 - INFO - The following instances have failed the patch: []
2026-01-17 02:12:00,314 - 4195 - INFO - No instances have failed the patch.
2026-01-17 02:12:00,314 - 4195 - INFO - Total Patch Process time: 0:11:56.917916
2026-01-17 02:12:00,499 - 4195 - INFO - Email sent successfully to ['a80af5b5.softeon.com@in.teams.ms', 'CloudOps@softeon.com']
2026-01-17 02:13:00,711 - 4195 - INFO - Log file ./logs/patching_2026-01-17_UPS-Productionization-Post-1.log uploaded to s3://q1-2026-aws-security-patching/UPS-Productionization-Post-1_Patch/2026-01-17/patching_2026-01-17_UPS-Productionization-Post-1.log
