2026-01-04 00:00:03,310 - 5600 - INFO - Email sent successfully to ['CloudOps@softeon.com']
2026-01-04 00:21:58,834 - 5600 - INFO - Email sent successfully to ['MahimaM@softeon.com']
2026-01-04 00:21:58,994 - 5600 - INFO - Log file ./logs/backup_2026-01-04.log uploaded to s3://q3-2025-aws-security-patching/Hilco-UAT_Patch_Backup/2026-01-04/backup_2026-01-04.log
2026-01-04 04:00:03,396 - 20602 - INFO - Logger setup has been removed, using shared logger from common.logs.logger.
2026-01-04 04:00:03,396 - 20602 - INFO - Script Start Time: 2026-01-04 04:00:03
2026-01-04 04:00:03,714 - 20602 - INFO - Instance(s) selected for Patching: {'i-058c2be141004227d': '172.30.136.12'}
2026-01-04 04:00:03,809 - 20602 - INFO - Email sent successfully to ['a80af5b5.softeon.com@in.teams.ms', 'CloudOps@softeon.com']
2026-01-04 04:00:03,810 - 20602 - INFO - Now patching instances at: 2026-01-04 04:00:03
2026-01-04 04:00:03,948 - 20602 - INFO - Sending patch command to instance i-058c2be141004227d
2026-01-04 04:00:04,159 - 20602 - INFO - Command sent successfully to instance i-058c2be141004227d. Command ID: 325cd589-54b8-4deb-ad6b-7cd2f40bf967
2026-01-04 04:04:05,735 - 20602 - INFO - All patches applied successfully.
2026-01-04 04:04:05,736 - 20602 - INFO - Patching end time: 2026-01-04 04:04:05
2026-01-04 04:04:05,736 - 20602 - INFO - Patch Elapsed time: 0:04:01.926007
2026-01-04 04:04:05,829 - 20602 - INFO - Email sent successfully to ['a80af5b5.softeon.com@in.teams.ms', 'CloudOps@softeon.com']
2026-01-04 04:04:05,830 - 20602 - INFO - Confirmed - services are stopped
2026-01-04 04:04:13,453 - 20602 - INFO - Discovered TG map: {'i-058c2be141004227d': ['arn:aws:elasticloadbalancing:us-east-2:835314132208:targetgroup/Hilco-UAT-Desktop/8d5c9326da769d50', 'arn:aws:elasticloadbalancing:us-east-2:835314132208:targetgroup/Hilco-UAT-EC/6186cfd03eb716ca', 'arn:aws:elasticloadbalancing:us-east-2:835314132208:targetgroup/Hilco-UAT-RF/b72844795dcb12b9', 'arn:aws:elasticloadbalancing:us-east-2:835314132208:targetgroup/Hilco-UAT-WCS-5003/b9d50e3831eb234e', 'arn:aws:elasticloadbalancing:us-east-2:835314132208:targetgroup/Hilco-UAT-WCS-5005/bf03e39e96d40377']}
2026-01-04 04:04:13,745 - 20602 - INFO - Sent app_validation.sh to i-058c2be141004227d (command_id: 7c1df573-4f6e-48a4-96bf-41ecf7d93eee)
2026-01-04 04:04:43,842 - 20602 - INFO - app_validation.sh output for i-058c2be141004227d:

==============================================================================
Server Availability Check Started at Sun Jan  4 09:04:13 UTC 2026
==============================================================================

-------------------------------------
Server IP : 172.30.136.12
-------------------------------------
System Information
------------------
Hostname: ip-172-30-136-12.us-east-2.compute.internal
Uptime: up 8 weeks, 5 days, 2 hours, 49 minutes
Current User: root
Working Directory: /usr/bin
-------------------------------------
Voice Console URL: http://172.30.136.12:9090/VoiceConsole
-------------------------------------

-------------------------------------
Server IP : 172.30.136.12
-------------------------------------
Physical Memory Information
---------------------------
Total Physical Memory = 15611 MB
Used Physical Memory  = 11902 MB
Free Physical Memory  = 3709 MB
-------------------------------------
Swap Memory Information
-----------------------
Total Swap Memory = 10239 MB
Used Swap Memory  = 5561 MB
Free Swap Memory  = 4678 MB
-------------------------------------
Load Average: 1.25 1.08 0.52 2/1161 1153555
-------------------------------------

Disk Usage Information
----------------------
Filesystem        Size  Used Avail Use% Mounted on
/dev/nvme0n1p1     20G  5.6G   15G  29% /
/dev/nvme0n1p128   10M  1.3M  8.7M  13% /boot/efi
/dev/nvme1n1p2    290G  143G  148G  50% /data
devtmpfs          4.0M     0  4.0M   0% /dev
tmpfs             7.7G     0  7.7G   0% /dev/shm
tmpfs             3.1G  752K  3.1G   1% /run
tmpfs             1.6G     0  1.6G   0% /run/user/2001
tmpfs             1.6G     0  1.6G   0% /run/user/2002
tmpfs             1.6G     0  1.6G   0% /run/user/992
tmpfs             7.7G   67M  7.6G   1% /tmp
-------------------------------------

Application Port Validation for Server IP: 172.30.136.12 started on Sun Jan  4 09:04:14 UTC 2026

Server IP: 172.30.136.12 is reachable.

SSH Service (Port 22) Status:
SSH Service (Port 22): NOT REACHABLE
-------------------------------------

FTP Service Validation for Server IP: 172.30.136.12

FTP Service (Port 21): NOT REACHABLE
No FTP processes detected
-------------------------------------

CUPS Service Validation for Server IP: 172.30.136.12

CUPS Service (Port 631): NOT REACHABLE

Printer Configuration:
Total Printers Configured: 75
Printer Details:
printer DUMMY_LASER is idle.  enabled since Mon Dec 29 18:03:34 2025
printer HQTSTLBL01 is idle.  enabled since Thu Aug 24 19:15:30 2023
printer LABEL_TEST is idle.  enabled since Fri Aug 29 14:28:48 2025
printer MANSFI is idle.  enabled since Thu Jun 22 23:43:22 2023
printer MANSTEST is idle.  enabled since Fri Nov 21 16:44:38 2025
	The printer is not responding.
printer TEST is idle.  enabled since Tue Aug 19 03:20:48 2025
printer TEST123456 is idle.  enabled since Mon Jan 27 10:12:16 2025
printer TEST_LABEL is idle.  enabled since Wed Dec 17 03:30:16 2025
	The printer is not responding.
printer TEST_PRT is idle.  enabled since Mon Jan 27 10:09:31 2025
printer TEST_PRT12345 is idle.  enabled since Tue Jan 21 11:25:00 2025
printer U11LABLPRT01 is idle.  enabled since Thu Jun 22 21:13:56 2023
printer U11MANSIT is idle.  enabled since Mon Jun 26 14:13:40 2023
printer U31LBLPRT01 is idle.  enabled since Mon May 16 22:53:56 2022
printer U31LBLPRT05 is idle.  enabled since Thu Jun  2 12:10:21 2022
printer U31LBLPRT09 is idle.  enabled since Wed May 11 13:41:54 2022
printer U31LBLPRT13 is idle.  enabled since Wed May 11 13:39:55 2022
printer U31LBLPRT17 is idle.  enabled since Wed May 11 13:31:01 2022
printer U31LBLPRT19 is idle.  enabled since Wed May 11 13:27:36 2022
printer U31LBLPRT21 is idle.  enabled since Wed May 11 13:25:24 2022
printer U31LBLPRT23 is idle.  enabled since Wed May 11 13:22:42 2022
printer U31LBLPRT25 is idle.  enabled since Wed May 11 13:20:36 2022
printer U31LBLPRT27 is idle.  enabled since Wed May 11 13:17:55 2022
printer U31LBLPRT29 is idle.  enabled since Wed May 11 13:12:38 2022
printer U31LBLPRT31 is idle.  enabled since Wed May 11 13:10:04 2022
printer U31LBLPRT32 is idle.  enabled since Thu May 12 19:15:43 2022
printer U31LBLPRTAC is idle.  enabled since Thu May 12 19:15:43 2022
printer U31LSRPRT01 is idle.  enabled since Mon May 16 22:54:41 2022
printer U31LSRPRT05 is idle.  enabled since Wed May 11 13:44:38 2022
printer U31LSRPRT09 is idle.  enabled since Wed May 11 13:42:44 2022
printer U31LSRPRT13 is idle.  enabled since Wed May 11 13:41:02 2022
printer U31LSRPRT17 is idle.  enabled since Wed May 11 13:31:47 2022
printer U31LSRPRT19 is idle.  enabled since Wed May 11 13:28:38 2022
printer U31LSRPRT21 is idle.  enabled since Wed May 11 13:26:23 2022
printer U31LSRPRT23 is idle.  enabled since Wed May 11 13:24:08 2022
printer U31LSRPRT25 is idle.  enabled since Wed May 11 13:21:42 2022
printer U31LSRPRT27 is idle.  enabled since Wed May 11 13:18:51 2022
printer U31LSRPRT29 is idle.  enabled since Wed May 11 13:16:20 2022
printer U31LSRPRT31 is idle.  enabled since Wed May 11 13:11:05 2022
printer U31LSRPRT32 is idle.  enabled since Thu May 12 19:15:43 2022
printer U31LSRPRTAC is idle.  enabled since Thu May 12 19:15:43 2022
printer U31LSRPRTMOTOW is idle.  enabled since Thu Jun  2 18:25:52 2022
printer U51LBLPRT01 is idle.  enabled since Tue Aug 19 19:06:51 2025
printer U51LBLPRT02 is idle.  enabled since Fri May 13 17:18:23 2022
printer U51LBLPRT05 is idle.  enabled since Thu Jun  2 17:17:19 2022
printer U51LBLPRT09 is idle.  enabled since Wed May 11 12:35:16 2022
printer U51LBLPRT13 is idle.  enabled since Wed May 11 12:38:01 2022
printer U51LBLPRT17 is idle.  enabled since Wed May 11 12:41:39 2022
printer U51LBLPRT19 is idle.  enabled since Wed May 11 12:44:55 2022
printer U51LBLPRT21 is idle.  enabled since Fri Aug 22 17:09:28 2025
printer U51LBLPRT23 is idle.  enabled since Tue Jul 29 18:32:58 2025
printer U51LBLPRT25 is idle.  enabled since Wed May 11 12:52:02 2022
printer U51LBLPRT27 is idle.  enabled since Thu Jun 22 20:32:30 2023
printer U51LBLPRT29 is idle.  enabled since Thu Aug 24 19:17:27 2023
printer U51LBLPRT31 is idle.  enabled since Wed Aug 20 17:34:40 2025
printer U51LBLPRT32 is idle.  enabled since Mon Dec 29 18:02:57 2025
	Waiting for printer to finish.
printer U51LBLPRTAC is idle.  enabled since Tue Aug 12 15:06:03 2025
printer U51LSRPRT01 is idle.  enabled since Wed Jan 11 19:25:06 2023
printer U51LSRPRT05 is idle.  enabled since Thu Jun  2 17:12:58 2022
printer U51LSRPRT09 is idle.  enabled since Wed May 11 12:36:26 2022
printer U51LSRPRT13 is idle.  enabled since Wed May 11 12:39:32 2022
printer U51LSRPRT17 is idle.  enabled since Thu Aug 10 14:23:19 2023
printer U51LSRPRT19 is idle.  enabled since Wed May 11 12:45:44 2022
printer U51LSRPRT21 is idle.  enabled since Wed May 11 12:47:33 2022
printer U51LSRPRT23 is idle.  enabled since Tue Jul 29 18:33:06 2025
printer U51LSRPRT25 is idle.  enabled since Wed May 11 12:52:54 2022
printer U51LSRPRT27 is idle.  enabled since Wed May 11 12:55:36 2022
printer U51LSRPRT29 is idle.  enabled since Wed May 11 12:59:17 2022
printer U51LSRPRT31 is idle.  enabled since Wed Aug 20 17:34:44 2025
printer U51LSRPRT32 is idle.  enabled since Mon Dec 29 18:03:03 2025
	Waiting for printer to finish.
printer U51LSRPRTAC is idle.  enabled since Wed Jul 19 17:41:48 2023
printer U51LSRPRTMOTOW is idle.  enabled since Thu Jun  2 18:25:52 2022
-------------------------------------
CUPS Service (Port 631): NOT REACHABLE on 172.30.136.12
-------------------------------------

Total number of Java process running on this host 172.30.136.12 is 36
Total number of Daemon / Batch (java) application process available is 32

Daemon Process id and name details are given below
Process ID: 2471, Process Name: 53:05
Process ID: 2469, Process Name: 265:42
Process ID: 253077, Process Name: 2:04
Process ID: 253221, Process Name: 2:00
Process ID: 253127, Process Name: 2:18
Process ID: 253280, Process Name: 1:59
Process ID: 252472, Process Name: 6:22
Process ID: 252526, Process Name: 8:36
Process ID: 251805, Process Name: 2:03
Process ID: 251851, Process Name: 2:07
Process ID: 251897, Process Name: 2:03
Process ID: 251943, Process Name: 2:05
Process ID: 251989, Process Name: 2:37
Process ID: 252035, Process Name: 2:05
Process ID: 252081, Process Name: 5:38
Process ID: 252976, Process Name: 2:14
Process ID: 253442, Process Name: 2:51
Process ID: 253496, Process Name: 6:17
Process ID: 252579, Process Name: 4:41
Process ID: 252371, Process Name: 3:13
Process ID: 252225, Process Name: 2:44
Process ID: 252800, Process Name: 1:48
Process ID: 252805, Process Name: 1:48
Process ID: 252274, Process Name: 4:30
Process ID: 252322, Process Name: 3:14
Process ID: 253391, Process Name: 3:20
Process ID: 252422, Process Name: 5:19
Process ID: 252129, Process Name: 7:04
Process ID: 252632, Process Name: 2:02
Process ID: 252176, Process Name: 26:19
Process ID: 252680, Process Name: 2:04
Process ID: 253336, Process Name: 1:57
-------------------------------------

-------------------------------------
Total number of App process running on this host 172.30.136.12
Total number of App java process available is 2
-------------------------------------
App Process details:
Process ID: 254222, Process Name: 18:21
Process ID: 254428, Process Name: 17:44
-------------------------------------

Web Application Port Validation for Server IP: 172.30.136.12
Port 8080:	hlcouat_jb73	Running
Port 8081:	hlcorfuat_jb	Running
-------------------------------------

==============================================================================
Server Availability Check Completed at Sun Jan  4 09:04:17 UTC 2026
==============================================================================


2026-01-04 04:04:43,842 - 20602 - ERROR - app_validation.sh errors for i-058c2be141004227d:

2026-01-04 04:04:43,844 - 20602 - INFO - Before patching validation saved to: output/validation-2026-01-04/172.30.136.12-BeforePatching-2026-01-04-04-04-43-843.log
2026-01-04 04:04:43,844 - 20602 - INFO - Deregistering i-058c2be141004227d from TG arn:aws:elasticloadbalancing:us-east-2:835314132208:targetgroup/Hilco-UAT-Desktop/8d5c9326da769d50
2026-01-04 04:04:43,948 - 20602 - INFO - Deregistering i-058c2be141004227d from TG arn:aws:elasticloadbalancing:us-east-2:835314132208:targetgroup/Hilco-UAT-EC/6186cfd03eb716ca
2026-01-04 04:04:44,001 - 20602 - INFO - Deregistering i-058c2be141004227d from TG arn:aws:elasticloadbalancing:us-east-2:835314132208:targetgroup/Hilco-UAT-RF/b72844795dcb12b9
2026-01-04 04:04:44,055 - 20602 - INFO - Deregistering i-058c2be141004227d from TG arn:aws:elasticloadbalancing:us-east-2:835314132208:targetgroup/Hilco-UAT-WCS-5003/b9d50e3831eb234e
2026-01-04 04:04:44,111 - 20602 - INFO - Deregistering i-058c2be141004227d from TG arn:aws:elasticloadbalancing:us-east-2:835314132208:targetgroup/Hilco-UAT-WCS-5005/bf03e39e96d40377
2026-01-04 04:04:44,168 - 20602 - INFO - Stopping EC2 instance: i-058c2be141004227d at 2026-01-04 04:04:44
2026-01-04 04:06:15,560 - 20602 - INFO - Instance i-058c2be141004227d stopped successfully.
2026-01-04 04:06:15,675 - 20602 - INFO - Stopped i-058c2be141004227d in 0:01:31.507315
2026-01-04 04:06:15,675 - 20602 - INFO - Starting EC2 instance: i-058c2be141004227d
2026-01-04 04:06:31,674 - 20602 - INFO - Instance i-058c2be141004227d started successfully.
2026-01-04 04:06:31,675 - 20602 - INFO - Waiting 30 seconds for SSM agent to be ready on i-058c2be141004227d...
2026-01-04 04:07:01,705 - 20602 - INFO - Registering i-058c2be141004227d to TG arn:aws:elasticloadbalancing:us-east-2:835314132208:targetgroup/Hilco-UAT-Desktop/8d5c9326da769d50
2026-01-04 04:07:02,013 - 20602 - INFO - Registering i-058c2be141004227d to TG arn:aws:elasticloadbalancing:us-east-2:835314132208:targetgroup/Hilco-UAT-EC/6186cfd03eb716ca
2026-01-04 04:07:02,161 - 20602 - INFO - Registering i-058c2be141004227d to TG arn:aws:elasticloadbalancing:us-east-2:835314132208:targetgroup/Hilco-UAT-RF/b72844795dcb12b9
2026-01-04 04:07:02,308 - 20602 - INFO - Registering i-058c2be141004227d to TG arn:aws:elasticloadbalancing:us-east-2:835314132208:targetgroup/Hilco-UAT-WCS-5003/b9d50e3831eb234e
2026-01-04 04:07:02,460 - 20602 - INFO - Registering i-058c2be141004227d to TG arn:aws:elasticloadbalancing:us-east-2:835314132208:targetgroup/Hilco-UAT-WCS-5005/bf03e39e96d40377
2026-01-04 04:09:33,429 - 20602 - INFO - Sent app_validation.sh to i-058c2be141004227d (command_id: c55c8a7a-c2b6-479d-ba70-0a5eebc5d1e3)
2026-01-04 04:10:03,534 - 20602 - INFO - app_validation.sh output for i-058c2be141004227d:

==============================================================================
Server Availability Check Started at Sun Jan  4 09:09:33 UTC 2026
==============================================================================

-------------------------------------
Server IP : 172.30.136.12
-------------------------------------
System Information
------------------
Hostname: ip-172-30-136-12.us-east-2.compute.internal
Uptime: up 3 minutes
Current User: root
Working Directory: /usr/bin
-------------------------------------
Voice Console URL: http://172.30.136.12:9090/VoiceConsole
-------------------------------------

-------------------------------------
Server IP : 172.30.136.12
-------------------------------------
Physical Memory Information
---------------------------
Total Physical Memory = 15623 MB
Used Physical Memory  = 11007 MB
Free Physical Memory  = 4616 MB
-------------------------------------
Swap Memory Information
-----------------------
Total Swap Memory = 10239 MB
Used Swap Memory  = 0 MB
Free Swap Memory  = 10239 MB
-------------------------------------
Load Average: 8.61 10.10 4.47 7/1182 8585
-------------------------------------

Disk Usage Information
----------------------
Filesystem        Size  Used Avail Use% Mounted on
/dev/nvme0n1p1     20G  5.6G   15G  29% /
/dev/nvme0n1p128   10M  1.3M  8.7M  13% /boot/efi
/dev/nvme1n1p2    290G  143G  148G  50% /data
devtmpfs          4.0M     0  4.0M   0% /dev
tmpfs             7.7G     0  7.7G   0% /dev/shm
tmpfs             3.1G  992K  3.1G   1% /run
tmpfs             1.6G     0  1.6G   0% /run/user/2001
tmpfs             1.6G     0  1.6G   0% /run/user/2002
tmpfs             1.6G     0  1.6G   0% /run/user/992
tmpfs             7.7G   85M  7.6G   2% /tmp
-------------------------------------

Application Port Validation for Server IP: 172.30.136.12 started on Sun Jan  4 09:09:33 UTC 2026

Server IP: 172.30.136.12 is reachable.

SSH Service (Port 22) Status:
SSH Service (Port 22): NOT REACHABLE
-------------------------------------

FTP Service Validation for Server IP: 172.30.136.12

FTP Service (Port 21): NOT REACHABLE
No FTP processes detected
-------------------------------------

CUPS Service Validation for Server IP: 172.30.136.12

CUPS Service (Port 631): NOT REACHABLE

Printer Configuration:
Total Printers Configured: 71
Printer Details:
printer DUMMY_LASER is idle.  enabled since Fri Aug 22 19:21:32 2025
printer HQTSTLBL01 is idle.  enabled since Thu Aug 24 19:15:30 2023
printer LABEL_TEST is idle.  enabled since Fri Aug 29 14:28:48 2025
printer MANSFI is idle.  enabled since Thu Jun 22 23:43:22 2023
printer MANSTEST is idle.  enabled since Mon Aug 25 03:52:59 2025
printer TEST is idle.  enabled since Tue Aug 19 03:20:48 2025
printer TEST123456 is idle.  enabled since Mon Jan 27 10:12:16 2025
printer TEST_LABEL is idle.  enabled since Thu Aug 28 02:02:35 2025
printer TEST_PRT is idle.  enabled since Mon Jan 27 10:09:31 2025
printer TEST_PRT12345 is idle.  enabled since Tue Jan 21 11:25:00 2025
printer U11LABLPRT01 is idle.  enabled since Thu Jun 22 21:13:56 2023
printer U11MANSIT is idle.  enabled since Mon Jun 26 14:13:40 2023
printer U31LBLPRT01 is idle.  enabled since Mon May 16 22:53:56 2022
printer U31LBLPRT05 is idle.  enabled since Thu Jun  2 12:10:21 2022
printer U31LBLPRT09 is idle.  enabled since Wed May 11 13:41:54 2022
printer U31LBLPRT13 is idle.  enabled since Wed May 11 13:39:55 2022
printer U31LBLPRT17 is idle.  enabled since Wed May 11 13:31:01 2022
printer U31LBLPRT19 is idle.  enabled since Wed May 11 13:27:36 2022
printer U31LBLPRT21 is idle.  enabled since Wed May 11 13:25:24 2022
printer U31LBLPRT23 is idle.  enabled since Wed May 11 13:22:42 2022
printer U31LBLPRT25 is idle.  enabled since Wed May 11 13:20:36 2022
printer U31LBLPRT27 is idle.  enabled since Wed May 11 13:17:55 2022
printer U31LBLPRT29 is idle.  enabled since Wed May 11 13:12:38 2022
printer U31LBLPRT31 is idle.  enabled since Wed May 11 13:10:04 2022
printer U31LBLPRT32 is idle.  enabled since Thu May 12 19:15:43 2022
printer U31LBLPRTAC is idle.  enabled since Thu May 12 19:15:43 2022
printer U31LSRPRT01 is idle.  enabled since Mon May 16 22:54:41 2022
printer U31LSRPRT05 is idle.  enabled since Wed May 11 13:44:38 2022
printer U31LSRPRT09 is idle.  enabled since Wed May 11 13:42:44 2022
printer U31LSRPRT13 is idle.  enabled since Wed May 11 13:41:02 2022
printer U31LSRPRT17 is idle.  enabled since Wed May 11 13:31:47 2022
printer U31LSRPRT19 is idle.  enabled since Wed May 11 13:28:38 2022
printer U31LSRPRT21 is idle.  enabled since Wed May 11 13:26:23 2022
printer U31LSRPRT23 is idle.  enabled since Wed May 11 13:24:08 2022
printer U31LSRPRT25 is idle.  enabled since Wed May 11 13:21:42 2022
printer U31LSRPRT27 is idle.  enabled since Wed May 11 13:18:51 2022
printer U31LSRPRT29 is idle.  enabled since Wed May 11 13:16:20 2022
printer U31LSRPRT31 is idle.  enabled since Wed May 11 13:11:05 2022
printer U31LSRPRT32 is idle.  enabled since Thu May 12 19:15:43 2022
printer U31LSRPRTAC is idle.  enabled since Thu May 12 19:15:43 2022
printer U31LSRPRTMOTOW is idle.  enabled since Thu Jun  2 18:25:52 2022
printer U51LBLPRT01 is idle.  enabled since Tue Aug 19 19:06:51 2025
printer U51LBLPRT02 is idle.  enabled since Fri May 13 17:18:23 2022
printer U51LBLPRT05 is idle.  enabled since Thu Jun  2 17:17:19 2022
printer U51LBLPRT09 is idle.  enabled since Wed May 11 12:35:16 2022
printer U51LBLPRT13 is idle.  enabled since Wed May 11 12:38:01 2022
printer U51LBLPRT17 is idle.  enabled since Wed May 11 12:41:39 2022
printer U51LBLPRT19 is idle.  enabled since Wed May 11 12:44:55 2022
printer U51LBLPRT21 is idle.  enabled since Fri Aug 22 17:09:28 2025
printer U51LBLPRT23 is idle.  enabled since Tue Jul 29 18:32:58 2025
printer U51LBLPRT25 is idle.  enabled since Wed May 11 12:52:02 2022
printer U51LBLPRT27 is idle.  enabled since Thu Jun 22 20:32:30 2023
printer U51LBLPRT29 is idle.  enabled since Thu Aug 24 19:17:27 2023
printer U51LBLPRT31 is idle.  enabled since Wed Aug 20 17:34:40 2025
printer U51LBLPRT32 is idle.  enabled since Fri Aug 22 19:15:57 2025
printer U51LBLPRTAC is idle.  enabled since Tue Aug 12 15:06:03 2025
printer U51LSRPRT01 is idle.  enabled since Wed Jan 11 19:25:06 2023
printer U51LSRPRT05 is idle.  enabled since Thu Jun  2 17:12:58 2022
printer U51LSRPRT09 is idle.  enabled since Wed May 11 12:36:26 2022
printer U51LSRPRT13 is idle.  enabled since Wed May 11 12:39:32 2022
printer U51LSRPRT17 is idle.  enabled since Thu Aug 10 14:23:19 2023
printer U51LSRPRT19 is idle.  enabled since Wed May 11 12:45:44 2022
printer U51LSRPRT21 is idle.  enabled since Wed May 11 12:47:33 2022
printer U51LSRPRT23 is idle.  enabled since Tue Jul 29 18:33:06 2025
printer U51LSRPRT25 is idle.  enabled since Wed May 11 12:52:54 2022
printer U51LSRPRT27 is idle.  enabled since Wed May 11 12:55:36 2022
printer U51LSRPRT29 is idle.  enabled since Wed May 11 12:59:17 2022
printer U51LSRPRT31 is idle.  enabled since Wed Aug 20 17:34:44 2025
printer U51LSRPRT32 is idle.  enabled since Fri Aug 22 15:49:32 2025
printer U51LSRPRTAC is idle.  enabled since Wed Jul 19 17:41:48 2023
printer U51LSRPRTMOTOW is idle.  enabled since Thu Jun  2 18:25:52 2022
-------------------------------------
CUPS Service (Port 631): NOT REACHABLE on 172.30.136.12
-------------------------------------

Total number of Java process running on this host 172.30.136.12 is 37
Total number of Daemon / Batch (java) application process available is 32

Daemon Process id and name details are given below
Process ID: 2474, Process Name: 0:01
Process ID: 2472, Process Name: 0:14
Process ID: 4566, Process Name: 0:02
Process ID: 4716, Process Name: 0:02
Process ID: 4612, Process Name: 0:02
Process ID: 4781, Process Name: 0:02
Process ID: 4039, Process Name: 0:03
Process ID: 4090, Process Name: 0:03
Process ID: 2775, Process Name: 0:02
Process ID: 2856, Process Name: 0:02
Process ID: 2955, Process Name: 0:02
Process ID: 3092, Process Name: 0:02
Process ID: 3297, Process Name: 0:02
Process ID: 3350, Process Name: 0:02
Process ID: 3458, Process Name: 0:02
Process ID: 4513, Process Name: 0:03
Process ID: 4946, Process Name: 0:02
Process ID: 5003, Process Name: 0:02
Process ID: 4136, Process Name: 0:03
Process ID: 3896, Process Name: 0:02
Process ID: 3718, Process Name: 0:02
Process ID: 4363, Process Name: 0:02
Process ID: 4356, Process Name: 0:02
Process ID: 3769, Process Name: 0:02
Process ID: 3832, Process Name: 0:02
Process ID: 4891, Process Name: 0:02
Process ID: 3979, Process Name: 0:03
Process ID: 3602, Process Name: 0:03
Process ID: 4182, Process Name: 0:02
Process ID: 3659, Process Name: 0:05
Process ID: 4232, Process Name: 0:02
Process ID: 4830, Process Name: 0:02
-------------------------------------

-------------------------------------
Total number of App process running on this host 172.30.136.12
Total number of App java process available is 2
-------------------------------------
App Process details:
Process ID: 3269, Process Name: 0:49
Process ID: 3586, Process Name: 0:47
-------------------------------------

Web Application Port Validation for Server IP: 172.30.136.12
Port 8080:	hlcouat_jb730	Running
Port 8081:	hlcorfuat_jb73	Running
-------------------------------------

==============================================================================
Server Availability Check Completed at Sun Jan  4 09:09:37 UTC 2026
==============================================================================


2026-01-04 04:10:03,534 - 20602 - ERROR - app_validation.sh errors for i-058c2be141004227d:

2026-01-04 04:10:03,537 - 20602 - INFO - After patching validation saved to: output/validation-2026-01-04/172.30.136.12-AfterPatching-2026-01-04-04-10-03-536.log
2026-01-04 04:10:03,579 - 20602 - INFO - Validation comparison report generated: output/validation-2026-01-04/172.30.136.12-Validation-details-2026-01-04-04-10-03-536.log
2026-01-04 04:10:03,659 - 20602 - INFO - Email sent successfully to ['CloudOps@softeon.com']
2026-01-04 04:10:03,659 - 20602 - INFO - HTML validation report email sent for i-058c2be141004227d
2026-01-04 04:10:03,815 - 20602 - INFO - Started i-058c2be141004227d in 0:03:48.139327
2026-01-04 04:10:03,815 - 20602 - INFO - All instances processed.
2026-01-04 04:10:03,819 - 20602 - INFO - Restart Total time: 0:05:57.866179
2026-01-04 04:10:03,819 - 20602 - INFO - Auto-confirmed services are restarted
2026-01-04 04:10:03,819 - 20602 - INFO - Confirmed - services are started
2026-01-04 04:10:03,940 - 20602 - INFO - The following instances have failed the patch: []
2026-01-04 04:10:03,941 - 20602 - INFO - No instances have failed the patch.
2026-01-04 04:10:03,941 - 20602 - INFO - Total Patch Process time: 0:10:00.543682
2026-01-04 04:10:04,135 - 20602 - INFO - Email sent successfully to ['a80af5b5.softeon.com@in.teams.ms', 'CloudOps@softeon.com']
2026-01-04 04:11:04,310 - 20602 - ERROR - Failed to upload log file to S3: Failed to upload ./logs/patching_2026-01-04_Hilco-UAT.log to q1-2026-aws-security-patching/Hilco-UAT_Patch/2026-01-04/patching_2026-01-04_Hilco-UAT.log: An error occurred (NoSuchBucket) when calling the PutObject operation: The specified bucket does not exist
