2025-12-07 01:05:02,978 - 8619 - INFO - Email sent successfully to ['CloudOps@softeon.com']
2025-12-07 01:21:35,277 - 8619 - INFO - Email sent successfully to ['MahimaM@softeon.com']
2025-12-07 01:21:35,389 - 8619 - INFO - Log file ./logs/backup_2025-12-07.log uploaded to s3://q3-2025-aws-security-patching/Hensley-App-2_Patch_Backup/2025-12-07/backup_2025-12-07.log
2025-12-07 05:05:02,732 - 22184 - INFO - Logger setup has been removed, using shared logger from common.logs.logger.
2025-12-07 05:05:02,733 - 22184 - INFO - Script Start Time: 2025-12-07 05:05:02
2025-12-07 05:05:02,928 - 22184 - INFO - Instance(s) selected for Patching: {'i-0a6f71344879ac7c1': '10.225.12.8', 'i-0694678df69f621fe': '10.225.12.46'}
2025-12-07 05:05:03,008 - 22184 - INFO - Email sent successfully to ['a80af5b5.softeon.com@in.teams.ms', 'CloudOps@softeon.com']
2025-12-07 05:05:03,008 - 22184 - INFO - Now patching instances at: 2025-12-07 05:05:03
2025-12-07 05:05:03,115 - 22184 - INFO - Sending patch command to instance i-0694678df69f621fe
2025-12-07 05:05:03,471 - 22184 - INFO - Command sent successfully to instance i-0694678df69f621fe. Command ID: 108e8de7-da43-41cf-ab79-e3c497642769
2025-12-07 05:05:03,593 - 22184 - INFO - Sending patch command to instance i-0a6f71344879ac7c1
2025-12-07 05:05:03,781 - 22184 - INFO - Command sent successfully to instance i-0a6f71344879ac7c1. Command ID: d057d9a2-87e9-4c49-aaf7-441bfbf1739e
2025-12-07 05:10:06,210 - 22184 - INFO - All patches applied successfully.
2025-12-07 05:10:06,211 - 22184 - INFO - Patching end time: 2025-12-07 05:10:06
2025-12-07 05:10:06,211 - 22184 - INFO - Patch Elapsed time: 0:05:03.202980
2025-12-07 05:10:06,296 - 22184 - INFO - Email sent successfully to ['a80af5b5.softeon.com@in.teams.ms', 'CloudOps@softeon.com']
2025-12-07 05:10:06,296 - 22184 - INFO - Confirmed - services are stopped
2025-12-07 05:10:09,056 - 22184 - INFO - Discovered TG map: {'i-0694678df69f621fe': ['arn:aws:elasticloadbalancing:us-west-1:835314132208:targetgroup/HensletM360-Prod-WS/77c7d907c6364169', 'arn:aws:elasticloadbalancing:us-west-1:835314132208:targetgroup/Hensley-Vendor-Portal-Ext/44f60b1fccfe1d1b'], 'i-0a6f71344879ac7c1': ['arn:aws:elasticloadbalancing:us-west-1:835314132208:targetgroup/HensletM360-Prod-WS/77c7d907c6364169', 'arn:aws:elasticloadbalancing:us-west-1:835314132208:targetgroup/Hensley-Vendor-Portal-Ext/44f60b1fccfe1d1b']}
2025-12-07 05:10:09,558 - 22184 - INFO - Sent app_validation.sh to i-0694678df69f621fe (command_id: 2d873156-ad4a-4763-83aa-3d6ff7131626)
2025-12-07 05:10:39,684 - 22184 - INFO - app_validation.sh output for i-0694678df69f621fe:

==============================================================================
Server Availability Check Started at Sun Dec  7 10:10:09 UTC 2025
==============================================================================

-------------------------------------
Server IP : 10.225.12.46
-------------------------------------
System Information
------------------
Hostname: ip-10-225-12-46.us-west-1.compute.internal
Uptime: up 13 weeks, 12 minutes
Current User: root
Working Directory: /usr/bin
-------------------------------------
Voice Console URL: http://10.225.12.46:9090/VoiceConsole
-------------------------------------

-------------------------------------
Server IP : 10.225.12.46
-------------------------------------
Physical Memory Information
---------------------------
Total Physical Memory = 15611 MB
Used Physical Memory  = 6337 MB
Free Physical Memory  = 9274 MB
-------------------------------------
Swap Memory Information
-----------------------
Total Swap Memory = 10239 MB
Used Swap Memory  = 252 MB
Free Swap Memory  = 9987 MB
-------------------------------------
Load Average: 0.35 0.74 0.37 2/461 2459104
-------------------------------------

Disk Usage Information
----------------------
Filesystem                                                Size  Used Avail Use% Mounted on
/dev/nvme0n1p1                                             20G  5.3G   15G  27% /
/dev/nvme0n1p128                                           10M  1.3M  8.7M  13% /boot/efi
/dev/nvme1n1p2                                            240G   48G  193G  20% /data
fs-064ce56e0139cbf6d.efs.us-west-1.amazonaws.com:/shared  8.0E  2.5T  8.0E   1% /data/softeon/shared
devtmpfs                                                  4.0M     0  4.0M   0% /dev
tmpfs                                                     7.7G     0  7.7G   0% /dev/shm
tmpfs                                                     3.1G  516K  3.1G   1% /run
tmpfs                                                     1.6G     0  1.6G   0% /run/user/1001
tmpfs                                                     7.7G   21M  7.7G   1% /tmp
-------------------------------------

Application Port Validation for Server IP: 10.225.12.46 started on Sun Dec  7 10:10:09 UTC 2025

Server IP: 10.225.12.46 is reachable.

SSH Service (Port 22) Status:
SSH Service (Port 22): NOT REACHABLE
-------------------------------------

FTP Service Validation for Server IP: 10.225.12.46

FTP Service (Port 21): NOT REACHABLE
No FTP processes detected
-------------------------------------

CUPS Service Validation for Server IP: 10.225.12.46

CUPS Service (Port 631): NOT REACHABLE

Printer Configuration:
Total Printers Configured: 4
Printer Details:
printer CHNWHS5 is idle.  enabled since Thu Jun 27 15:43:13 2024
printer CHNWRAP4 is idle.  enabled since Fri Sep  6 08:42:44 2024
printer FSZT410_1 is idle.  enabled since Fri Jul 18 11:51:22 2025
printer PL3 is idle.  enabled since Fri Sep 26 02:10:53 2025
-------------------------------------
CUPS Service (Port 631): NOT REACHABLE on 10.225.12.46
-------------------------------------

Total number of Java process running on this host 10.225.12.46 is 2
Total number of Daemon / Batch (java) application process available is 0

No Java daemon processes running
-------------------------------------

-------------------------------------
Total number of App process running on this host 10.225.12.46
Total number of App java process available is 2
-------------------------------------
App Process details:
Process ID: 1190647, Process Name: 4377:42
Process ID: 1889825, Process Name: 29:37
-------------------------------------

Web Application Port Validation for Server IP: 10.225.12.46
Port 8080:	rasflexm360	Running
Port 8081:	rasflexvend	Running
Port 8089:	rasflexvend	Not Running
-------------------------------------

==============================================================================
Server Availability Check Completed at Sun Dec  7 10:10:10 UTC 2025
==============================================================================


2025-12-07 05:10:39,685 - 22184 - ERROR - app_validation.sh errors for i-0694678df69f621fe:

2025-12-07 05:10:39,686 - 22184 - INFO - Before patching validation saved to: output/validation-2025-12-07/10.225.12.46-BeforePatching-2025-12-07-05-10-39-686.log
2025-12-07 05:10:39,687 - 22184 - INFO - Deregistering i-0694678df69f621fe from TG arn:aws:elasticloadbalancing:us-west-1:835314132208:targetgroup/HensletM360-Prod-WS/77c7d907c6364169
2025-12-07 05:10:40,019 - 22184 - INFO - Deregistering i-0694678df69f621fe from TG arn:aws:elasticloadbalancing:us-west-1:835314132208:targetgroup/Hensley-Vendor-Portal-Ext/44f60b1fccfe1d1b
2025-12-07 05:10:40,132 - 22184 - INFO - Stopping EC2 instance: i-0694678df69f621fe at 2025-12-07 05:10:40
2025-12-07 05:11:56,955 - 22184 - INFO - Instance i-0694678df69f621fe stopped successfully.
2025-12-07 05:11:57,186 - 22184 - INFO - Stopped i-0694678df69f621fe in 0:01:17.054218
2025-12-07 05:11:57,187 - 22184 - INFO - Starting EC2 instance: i-0694678df69f621fe
2025-12-07 05:12:13,267 - 22184 - INFO - Instance i-0694678df69f621fe started successfully.
2025-12-07 05:12:13,267 - 22184 - INFO - Waiting 30 seconds for SSM agent to be ready on i-0694678df69f621fe...
2025-12-07 05:12:43,295 - 22184 - INFO - Registering i-0694678df69f621fe to TG arn:aws:elasticloadbalancing:us-west-1:835314132208:targetgroup/HensletM360-Prod-WS/77c7d907c6364169
2025-12-07 05:12:43,721 - 22184 - INFO - Registering i-0694678df69f621fe to TG arn:aws:elasticloadbalancing:us-west-1:835314132208:targetgroup/Hensley-Vendor-Portal-Ext/44f60b1fccfe1d1b
2025-12-07 05:15:15,148 - 22184 - INFO - Sent app_validation.sh to i-0694678df69f621fe (command_id: c28569ef-01fe-4a8d-9706-5d8ddbc9b9c9)
2025-12-07 05:15:45,297 - 22184 - INFO - app_validation.sh output for i-0694678df69f621fe:

==============================================================================
Server Availability Check Started at Sun Dec  7 10:15:15 UTC 2025
==============================================================================

-------------------------------------
Server IP : 10.225.12.46
-------------------------------------
System Information
------------------
Hostname: ip-10-225-12-46.us-west-1.compute.internal
Uptime: up 3 minutes
Current User: root
Working Directory: /usr/bin
-------------------------------------
Voice Console URL: http://10.225.12.46:9090/VoiceConsole
-------------------------------------

-------------------------------------
Server IP : 10.225.12.46
-------------------------------------
Physical Memory Information
---------------------------
Total Physical Memory = 15611 MB
Used Physical Memory  = 5383 MB
Free Physical Memory  = 10228 MB
-------------------------------------
Swap Memory Information
-----------------------
Total Swap Memory = 10239 MB
Used Swap Memory  = 0 MB
Free Swap Memory  = 10239 MB
-------------------------------------
Load Average: 0.85 0.76 0.33 6/321 2741
-------------------------------------

Disk Usage Information
----------------------
Filesystem                                                Size  Used Avail Use% Mounted on
/dev/nvme0n1p1                                             20G  5.3G   15G  27% /
/dev/nvme0n1p128                                           10M  1.3M  8.7M  13% /boot/efi
/dev/nvme1n1p2                                            240G   46G  195G  19% /data
fs-064ce56e0139cbf6d.efs.us-west-1.amazonaws.com:/shared  8.0E  2.5T  8.0E   1% /data/softeon/shared
devtmpfs                                                  4.0M     0  4.0M   0% /dev
tmpfs                                                     7.7G     0  7.7G   0% /dev/shm
tmpfs                                                     3.1G  488K  3.1G   1% /run
tmpfs                                                     7.7G   21M  7.7G   1% /tmp
-------------------------------------

Application Port Validation for Server IP: 10.225.12.46 started on Sun Dec  7 10:15:15 UTC 2025

Server IP: 10.225.12.46 is reachable.

SSH Service (Port 22) Status:
SSH Service (Port 22): NOT REACHABLE
-------------------------------------

FTP Service Validation for Server IP: 10.225.12.46

FTP Service (Port 21): NOT REACHABLE
No FTP processes detected
-------------------------------------

CUPS Service Validation for Server IP: 10.225.12.46

CUPS Service (Port 631): NOT REACHABLE

Printer Configuration:
Total Printers Configured: 4
Printer Details:
printer CHNWHS5 is idle.  enabled since Thu Jun 27 15:43:13 2024
printer CHNWRAP4 is idle.  enabled since Fri Sep  6 08:42:44 2024
printer FSZT410_1 is idle.  enabled since Fri Jul 18 11:51:22 2025
printer PL3 is idle.  enabled since Fri Sep 26 02:10:53 2025
-------------------------------------
CUPS Service (Port 631): NOT REACHABLE on 10.225.12.46
-------------------------------------

Total number of Java process running on this host 10.225.12.46 is 2
Total number of Daemon / Batch (java) application process available is 0

No Java daemon processes running
-------------------------------------

-------------------------------------
Total number of App process running on this host 10.225.12.46
Total number of App java process available is 2
-------------------------------------
App Process details:
Process ID: 2307, Process Name: 0:45
Process ID: 2361, Process Name: 1:02
-------------------------------------

Web Application Port Validation for Server IP: 10.225.12.46
Port 8080:	rasflexm360_jb	Running
Port 8081:	rasflexvendorp	Running
Port 8089:	rasflexvendorp	Not Running
-------------------------------------

==============================================================================
Server Availability Check Completed at Sun Dec  7 10:15:17 UTC 2025
==============================================================================


2025-12-07 05:15:45,297 - 22184 - ERROR - app_validation.sh errors for i-0694678df69f621fe:

2025-12-07 05:15:45,299 - 22184 - INFO - After patching validation saved to: output/validation-2025-12-07/10.225.12.46-AfterPatching-2025-12-07-05-15-45-298.log
2025-12-07 05:15:45,338 - 22184 - INFO - Validation comparison report generated: output/validation-2025-12-07/10.225.12.46-Validation-details-2025-12-07-05-15-45-298.log
2025-12-07 05:15:45,418 - 22184 - INFO - Email sent successfully to ['CloudOps@softeon.com']
2025-12-07 05:15:45,418 - 22184 - INFO - HTML validation report email sent for i-0694678df69f621fe
2025-12-07 05:15:45,750 - 22184 - INFO - Started i-0694678df69f621fe in 0:03:48.562470
2025-12-07 05:15:45,750 - 22184 - INFO - Waiting 120 seconds before proceeding to the next instance...
2025-12-07 05:17:46,140 - 22184 - INFO - Sent app_validation.sh to i-0a6f71344879ac7c1 (command_id: 7defee9c-70e1-4276-97c3-d4cc938a4aa1)
2025-12-07 05:18:16,319 - 22184 - INFO - app_validation.sh output for i-0a6f71344879ac7c1:

==============================================================================
Server Availability Check Started at Sun Dec  7 10:17:46 UTC 2025
==============================================================================

-------------------------------------
Server IP : 10.225.12.8
-------------------------------------
System Information
------------------
Hostname: ip-10-225-12-8.us-west-1.compute.internal
Uptime: up 13 weeks, 20 minutes
Current User: root
Working Directory: /usr/bin
-------------------------------------
Voice Console URL: http://10.225.12.8:9090/VoiceConsole
-------------------------------------

-------------------------------------
Server IP : 10.225.12.8
-------------------------------------
Physical Memory Information
---------------------------
Total Physical Memory = 15611 MB
Used Physical Memory  = 6172 MB
Free Physical Memory  = 9439 MB
-------------------------------------
Swap Memory Information
-----------------------
Total Swap Memory = 10239 MB
Used Swap Memory  = 0 MB
Free Swap Memory  = 10239 MB
-------------------------------------
Load Average: 0.01 0.20 0.25 3/376 1964814
-------------------------------------

Disk Usage Information
----------------------
Filesystem                                                Size  Used Avail Use% Mounted on
/dev/nvme0n1p1                                             20G  5.3G   15G  27% /
/dev/nvme0n1p128                                           10M  1.3M  8.7M  13% /boot/efi
/dev/nvme1n1p2                                            240G   39G  202G  17% /data
fs-064ce56e0139cbf6d.efs.us-west-1.amazonaws.com:/shared  8.0E  2.5T  8.0E   1% /data/softeon/shared
devtmpfs                                                  4.0M     0  4.0M   0% /dev
tmpfs                                                     7.7G     0  7.7G   0% /dev/shm
tmpfs                                                     3.1G  508K  3.1G   1% /run
tmpfs                                                     1.6G     0  1.6G   0% /run/user/1001
tmpfs                                                     7.7G   11M  7.7G   1% /tmp
-------------------------------------

Application Port Validation for Server IP: 10.225.12.8 started on Sun Dec  7 10:17:46 UTC 2025

Server IP: 10.225.12.8 is reachable.

SSH Service (Port 22) Status:
SSH Service (Port 22): NOT REACHABLE
-------------------------------------

FTP Service Validation for Server IP: 10.225.12.8

FTP Service (Port 21): NOT REACHABLE
No FTP processes detected
-------------------------------------

CUPS Service Validation for Server IP: 10.225.12.8

CUPS Service (Port 631): NOT REACHABLE

Printer Configuration:
Total Printers Configured: 4
Printer Details:
printer CHNWHS5 is idle.  enabled since Thu Jun 27 15:42:41 2024
printer CHNWRAP4 is idle.  enabled since Fri Sep  6 08:40:58 2024
printer FSZT410_1 is idle.  enabled since Fri Jul 18 11:50:40 2025
printer PL3 is idle.  enabled since Fri Sep 26 02:10:19 2025
-------------------------------------
CUPS Service (Port 631): NOT REACHABLE on 10.225.12.8
-------------------------------------

Total number of Java process running on this host 10.225.12.8 is 2
Total number of Daemon / Batch (java) application process available is 0

No Java daemon processes running
-------------------------------------

-------------------------------------
Total number of App process running on this host 10.225.12.8
Total number of App java process available is 2
-------------------------------------
App Process details:
Process ID: 1442721, Process Name: 398:00
Process ID: 1451788, Process Name: 10:03
-------------------------------------

Web Application Port Validation for Server IP: 10.225.12.8
Port 8080:	rasflexm360	Running
Port 8081:	rasflexvend	Running
Port 8089:	rasflexvend	Not Running
-------------------------------------

==============================================================================
Server Availability Check Completed at Sun Dec  7 10:17:47 UTC 2025
==============================================================================


2025-12-07 05:18:16,320 - 22184 - ERROR - app_validation.sh errors for i-0a6f71344879ac7c1:

2025-12-07 05:18:16,324 - 22184 - INFO - Before patching validation saved to: output/validation-2025-12-07/10.225.12.8-BeforePatching-2025-12-07-05-18-16-321.log
2025-12-07 05:18:16,324 - 22184 - INFO - Deregistering i-0a6f71344879ac7c1 from TG arn:aws:elasticloadbalancing:us-west-1:835314132208:targetgroup/HensletM360-Prod-WS/77c7d907c6364169
2025-12-07 05:18:16,668 - 22184 - INFO - Deregistering i-0a6f71344879ac7c1 from TG arn:aws:elasticloadbalancing:us-west-1:835314132208:targetgroup/Hensley-Vendor-Portal-Ext/44f60b1fccfe1d1b
2025-12-07 05:18:16,777 - 22184 - INFO - Stopping EC2 instance: i-0a6f71344879ac7c1 at 2025-12-07 05:18:16
2025-12-07 05:20:03,811 - 22184 - INFO - Instance i-0a6f71344879ac7c1 stopped successfully.
2025-12-07 05:20:04,082 - 22184 - INFO - Stopped i-0a6f71344879ac7c1 in 0:01:47.304770
2025-12-07 05:20:04,082 - 22184 - INFO - Starting EC2 instance: i-0a6f71344879ac7c1
2025-12-07 05:20:20,238 - 22184 - INFO - Instance i-0a6f71344879ac7c1 started successfully.
2025-12-07 05:20:20,239 - 22184 - INFO - Waiting 30 seconds for SSM agent to be ready on i-0a6f71344879ac7c1...
2025-12-07 05:20:50,247 - 22184 - INFO - Registering i-0a6f71344879ac7c1 to TG arn:aws:elasticloadbalancing:us-west-1:835314132208:targetgroup/HensletM360-Prod-WS/77c7d907c6364169
2025-12-07 05:20:50,700 - 22184 - INFO - Registering i-0a6f71344879ac7c1 to TG arn:aws:elasticloadbalancing:us-west-1:835314132208:targetgroup/Hensley-Vendor-Portal-Ext/44f60b1fccfe1d1b
2025-12-07 05:23:22,129 - 22184 - INFO - Sent app_validation.sh to i-0a6f71344879ac7c1 (command_id: 892332ad-c3eb-42d7-8683-72d0f5b67a92)
2025-12-07 05:23:52,286 - 22184 - INFO - app_validation.sh output for i-0a6f71344879ac7c1:

==============================================================================
Server Availability Check Started at Sun Dec  7 10:23:22 UTC 2025
==============================================================================

-------------------------------------
Server IP : 10.225.12.8
-------------------------------------
System Information
------------------
Hostname: ip-10-225-12-8.us-west-1.compute.internal
Uptime: up 3 minutes
Current User: root
Working Directory: /usr/bin
-------------------------------------
Voice Console URL: http://10.225.12.8:9090/VoiceConsole
-------------------------------------

-------------------------------------
Server IP : 10.225.12.8
-------------------------------------
Physical Memory Information
---------------------------
Total Physical Memory = 15611 MB
Used Physical Memory  = 5202 MB
Free Physical Memory  = 10409 MB
-------------------------------------
Swap Memory Information
-----------------------
Total Swap Memory = 10239 MB
Used Swap Memory  = 0 MB
Free Swap Memory  = 10239 MB
-------------------------------------
Load Average: 0.97 0.74 0.31 4/326 2876
-------------------------------------

Disk Usage Information
----------------------
Filesystem                                                Size  Used Avail Use% Mounted on
/dev/nvme0n1p1                                             20G  5.3G   15G  27% /
/dev/nvme0n1p128                                           10M  1.3M  8.7M  13% /boot/efi
/dev/nvme1n1p2                                            240G   39G  202G  16% /data
fs-064ce56e0139cbf6d.efs.us-west-1.amazonaws.com:/shared  8.0E  2.5T  8.0E   1% /data/softeon/shared
devtmpfs                                                  4.0M     0  4.0M   0% /dev
tmpfs                                                     7.7G     0  7.7G   0% /dev/shm
tmpfs                                                     3.1G  508K  3.1G   1% /run
tmpfs                                                     1.6G     0  1.6G   0% /run/user/1001
tmpfs                                                     7.7G   11M  7.7G   1% /tmp
-------------------------------------

Application Port Validation for Server IP: 10.225.12.8 started on Sun Dec  7 10:23:22 UTC 2025

Server IP: 10.225.12.8 is reachable.

SSH Service (Port 22) Status:
SSH Service (Port 22): NOT REACHABLE
-------------------------------------

FTP Service Validation for Server IP: 10.225.12.8

FTP Service (Port 21): NOT REACHABLE
No FTP processes detected
-------------------------------------

CUPS Service Validation for Server IP: 10.225.12.8

CUPS Service (Port 631): NOT REACHABLE

Printer Configuration:
Total Printers Configured: 4
Printer Details:
printer CHNWHS5 is idle.  enabled since Thu Jun 27 15:42:41 2024
printer CHNWRAP4 is idle.  enabled since Fri Sep  6 08:40:58 2024
printer FSZT410_1 is idle.  enabled since Fri Jul 18 11:50:40 2025
printer PL3 is idle.  enabled since Fri Sep 26 02:10:19 2025
-------------------------------------
CUPS Service (Port 631): NOT REACHABLE on 10.225.12.8
-------------------------------------

Total number of Java process running on this host 10.225.12.8 is 2
Total number of Daemon / Batch (java) application process available is 0

No Java daemon processes running
-------------------------------------

-------------------------------------
Total number of App process running on this host 10.225.12.8
Total number of App java process available is 2
-------------------------------------
App Process details:
Process ID: 2309, Process Name: 0:36
Process ID: 2354, Process Name: 1:03
-------------------------------------

Web Application Port Validation for Server IP: 10.225.12.8
Port 8080:	rasflexm360_jb	Running
Port 8081:	rasflexvendorp	Running
Port 8089:	rasflexvendorp	Not Running
-------------------------------------

==============================================================================
Server Availability Check Completed at Sun Dec  7 10:23:24 UTC 2025
==============================================================================


2025-12-07 05:23:52,286 - 22184 - ERROR - app_validation.sh errors for i-0a6f71344879ac7c1:

2025-12-07 05:23:52,288 - 22184 - INFO - After patching validation saved to: output/validation-2025-12-07/10.225.12.8-AfterPatching-2025-12-07-05-23-52-288.log
2025-12-07 05:23:52,322 - 22184 - INFO - Validation comparison report generated: output/validation-2025-12-07/10.225.12.8-Validation-details-2025-12-07-05-23-52-288.log
2025-12-07 05:23:52,394 - 22184 - INFO - Email sent successfully to ['CloudOps@softeon.com']
2025-12-07 05:23:52,394 - 22184 - INFO - HTML validation report email sent for i-0a6f71344879ac7c1
2025-12-07 05:23:52,633 - 22184 - INFO - Started i-0a6f71344879ac7c1 in 0:03:48.550695
2025-12-07 05:23:52,634 - 22184 - INFO - All instances processed.
2025-12-07 05:23:52,637 - 22184 - INFO - Restart Total time: 0:13:46.223391
2025-12-07 05:23:52,638 - 22184 - INFO - Auto-confirmed services are restarted
2025-12-07 05:23:52,638 - 22184 - INFO - Confirmed - services are started
2025-12-07 05:23:52,748 - 22184 - INFO - The following instances have failed the patch: []
2025-12-07 05:23:52,749 - 22184 - INFO - No instances have failed the patch.
2025-12-07 05:23:52,749 - 22184 - INFO - Total Patch Process time: 0:18:50.015342
2025-12-07 05:23:53,045 - 22184 - INFO - Email sent successfully to ['a80af5b5.softeon.com@in.teams.ms', 'CloudOps@softeon.com']
2025-12-07 05:24:53,242 - 22184 - INFO - Log file ./logs/patching_2025-12-07_Hensley-App-2.log uploaded to s3://q4-2025-aws-security-patching/Hensley-App-2_Patch/2025-12-07/patching_2025-12-07_Hensley-App-2.log
