2025-10-10 01:00:04,765 - 12901 - INFO - Logger setup has been removed, using shared logger from common.logs.logger.
2025-10-10 01:00:04,765 - 12901 - INFO - Script Start Time: 2025-10-10 01:00:04
2025-10-10 01:00:05,160 - 12901 - INFO - Instance(s) selected for Patching: {'i-0eb1f8fc232a4d473': '10.0.9.157'}
2025-10-10 01:00:05,276 - 12901 - INFO - Email sent successfully to ['adityak@softeon.com', 'a80af5b5.softeon.com@in.teams.ms', 'ITSupport@softeon.com']
2025-10-10 01:00:05,278 - 12901 - INFO - Now patching instances at: 2025-10-10 01:00:05
2025-10-10 01:00:05,482 - 12901 - INFO - Sending patch command to instance i-0eb1f8fc232a4d473
2025-10-10 01:00:05,667 - 12901 - INFO - Command sent successfully to instance i-0eb1f8fc232a4d473. Command ID: 079abfcd-6dc1-418c-bae0-efc5aa3858fb
2025-10-10 01:07:38,051 - 12901 - INFO - All patches applied successfully.
2025-10-10 01:07:38,052 - 12901 - INFO - Patching end time: 2025-10-10 01:07:38
2025-10-10 01:07:38,052 - 12901 - INFO - Patch Elapsed time: 0:07:32.774124
2025-10-10 01:07:38,145 - 12901 - INFO - Email sent successfully to ['adityak@softeon.com', 'a80af5b5.softeon.com@in.teams.ms', 'ITSupport@softeon.com']
2025-10-10 01:07:38,145 - 12901 - INFO - Confirmed - services are stopped
2025-10-10 01:08:00,778 - 12901 - INFO - Discovered TG map: {'i-0eb1f8fc232a4d473': ['arn:aws:elasticloadbalancing:us-east-1:835314132208:targetgroup/RRS-UAT/456ca9f1e0d286a8', 'arn:aws:elasticloadbalancing:us-east-1:835314132208:targetgroup/SCL-UAT-Bill-8087/94b5fa31fbad7278']}
2025-10-10 01:08:01,048 - 12901 - INFO - Sent app_validation.sh to i-0eb1f8fc232a4d473 (command_id: 14564a23-bcdc-46af-973a-5cfe0519fe0a)
2025-10-10 01:08:31,179 - 12901 - INFO - app_validation.sh output for i-0eb1f8fc232a4d473:

==============================================================================
Server Availability Check Started at Fri Oct 10 01:08:01 EDT 2025
==============================================================================

-------------------------------------
Server IP : 10.0.9.157
-------------------------------------
System Information
------------------
Hostname: ip-10-0-9-157
Uptime: up 12 weeks, 5 days, 20 hours, 52 minutes
Current User: root
Working Directory: /usr/bin
-------------------------------------
Voice Console URL: http://10.0.9.157:9090/VoiceConsole
-------------------------------------

-------------------------------------
Server IP : 10.0.9.157
-------------------------------------
Physical Memory Information
---------------------------
Total Physical Memory = 30574 MB
Used Physical Memory  = 26456 MB
Free Physical Memory  = 4118 MB
-------------------------------------
Swap Memory Information
-----------------------
Total Swap Memory = 20479 MB
Used Swap Memory  = 8570 MB
Free Swap Memory  = 11909 MB
-------------------------------------
Load Average: 0.87 2.13 1.69 5/2499 1041389
-------------------------------------

Disk Usage Information
----------------------
Filesystem      Size  Used Avail Use% Mounted on
/dev/xvda1       20G  5.9G   15G  30% /
/dev/xvda128     10M  1.3M  8.7M  13% /boot/efi
/dev/xvdb2      180G  116G   65G  64% /data
/dev/xvdb3      100G  1.5G   99G   2% /data4
devtmpfs        4.0M     0  4.0M   0% /dev
tmpfs            15G     0   15G   0% /dev/shm
tmpfs           6.0G  704K  6.0G   1% /run
tmpfs           3.0G     0  3.0G   0% /run/user/2001
tmpfs            15G   24M   15G   1% /tmp
-------------------------------------

Application Port Validation for Server IP: 10.0.9.157 started on Fri Oct 10 01:08:01 EDT 2025

Server IP: 10.0.9.157 is reachable.

SSH Service (Port 22) Status:
SSH Service (Port 22): NOT REACHABLE
-------------------------------------

FTP Service Validation for Server IP: 10.0.9.157

FTP Service (Port 21): NOT REACHABLE
No FTP processes detected
-------------------------------------

CUPS Service Validation for Server IP: 10.0.9.157

CUPS Service (Port 631): NOT REACHABLE

Printer Configuration:
Total Printers Configured: 1097
Printer Details:
printer ABDUL_PC_PRINTER is idle.  enabled since Thu Mar 24 22:24:05 2022
printer ABDUL_ZPL_LBL is idle.  enabled since Wed Aug  9 19:39:04 2023
printer AT1CORP_LBL is idle.  enabled since Tue Dec  1 16:28:33 2020
printer AT1DUMMYLABEL is idle.  enabled since Wed Mar 12 17:23:00 2025
printer AT1DUMMYLASER is idle.  enabled since Fri Apr 18 10:02:30 2025
printer AT1FREELASER01 is idle.  enabled since Wed Aug 20 01:31:01 2025
	The printer is not responding.
printer AT1FREELBL01 is idle.  enabled since Fri Sep  5 12:32:26 2025
	Waiting for printer to finish.
printer AT1LABEL is idle.  enabled since Wed Apr  6 13:00:17 2022
printer AT1LBL00 is idle.  enabled since Tue Dec 20 14:54:44 2022
printer AT1LBL01 is idle.  enabled since Fri Jan 24 12:13:48 2025
printer AT1LBL02 is idle.  enabled since Thu Jan 23 14:26:58 2025
printer AT1LBL03 is idle.  enabled since Thu Jan 23 14:26:58 2025
printer AT1LBL04 is idle.  enabled since Thu Jan 23 17:27:08 2025
printer AT1LBL05 is idle.  enabled since Thu Jan 23 14:27:08 2025
printer AT1LBL06 is idle.  enabled since Thu Feb 24 13:37:34 2022
printer AT1LBL07 is idle.  enabled since Thu Feb 24 13:38:01 2022
printer AT1PACK00 is idle.  enabled since Wed Jan 11 16:57:02 2023
printer AT1PACK01 is idle.  enabled since Tue Aug 19 12:38:04 2025
	Waiting for printer to finish.
printer AT1PACK02 is idle.  enabled since Mon May  5 10:41:44 2025
printer AT1PACK03 is idle.  enabled since Wed Dec  1 18:02:10 2021
printer AT1PACK04 is idle.  enabled since Tue Feb 15 16:08:35 2022
printer AT1PACK05 is idle.  enabled since Thu Feb 24 13:35:06 2022
printer AT1PACK06 is idle.  enabled since Thu Feb 24 13:35:57 2022
printer AT1PACK07 is idle.  enabled since Fri Jan 31 15:43:22 2025
printer AT2LBL01 is idle.  enabled since Tue Jun 27 13:30:24 2023
printer AT2OFFICE01 is idle.  enabled since Thu Jun 29 13:18:04 2023
printer AT2PACK01 is idle.  enabled since Mon Jul 17 20:03:23 2023
printer BP1DUMMYLABEL is idle.  enabled since Thu May 29 18:22:35 2025
printer BP1DUMMYLASER is idle.  enabled since Tue Oct  7 13:35:55 2025
	Waiting for printer to finish.
printer BP1LABEL23 is idle.  enabled since Tue Oct 31 14:25:43 2023
printer BP1LBL00 is idle.  enabled since Tue Sep 12 17:03:05 2023
printer BP1LBL01 is idle.  enabled since Wed Aug 28 11:57:37 2024
printer BP1LBL02 is idle.  enabled since Wed Oct  4 19:16:08 2023
printer BP1LBL03 is idle.  enabled since Fri Sep 15 12:36:09 2023
printer BP1LBL04 is idle.  enabled since Sat Nov 19 13:22:01 2022
printer BP1LBL05 is idle.  enabled since Thu Oct 31 10:24:02 2024
printer BP1LBL06 is idle.  enabled since Thu Jul 31 14:38:57 2025
	Waiting for printer to finish.
printer BP1LBL07 is idle.  enabled since Thu Jun 19 18:55:12 2025
printer BP1LBL10 is idle.  enabled since Thu May 26 16:12:43 2022
printer BP1LBL19 is idle.  enabled since Tue Mar 14 13:01:05 2023
printer BP1LBL20 is idle.  enabled since Thu Dec 14 13:28:39 2023
printer BP1LBL24 is idle.  enabled since Mon Jun  3 16:45:59 2024
printer BP1LBL99 is idle.  enabled since Wed Aug  9 19:58:21 2023
printer BP1LBLSC01 is idle.  enabled since Tue Jan  9 17:37:46 2024
printer BP1PACK00 is idle.  enabled since Wed Oct 25 13:51:46 2023
printer BP1PACK01 is idle.  enabled since Tue Feb  8 09:54:34 2022
printer BP1PACK02 is idle.  enabled since Wed Nov  1 15:07:29 2023
printer BP1PACK03 is idle.  enabled since Wed Jul  5 11:03:36 2023
printer BP1PACK04 is idle.  enabled since Wed Mar 10 21:33:07 2021
printer BP1PACK05 is idle.  enabled since Wed Aug 13 20:50:45 2025
	The printer is not responding.
printer BP1PACK06 is idle.  enabled since Tue Aug 26 18:58:21 2025
	The printer is not responding.
printer BP1PACK07 is idle.  enabled since Tue Aug 26 18:58:51 2025
	The printer is not responding.
printer BP1PACK10 is idle.  enabled since Thu May 26 16:14:08 2022
printer BP1PACK19 is idle.  enabled since Wed Oct 25 10:51:30 2023
printer BP1PACK20 is idle.  enabled since Thu Dec 14 13:28:44 2023
printer BP1PACK24 is idle.  enabled since Mon Apr 29 12:59:14 2024
printer BP1RCVLABEL01 is idle.  enabled since Tue Nov 15 23:21:37 2022
printer BP1RCVLASER01 is idle.  enabled since Thu Mar  5 21:52:23 2020
printer BP1SCPACK01 is idle.  enabled since Tue Jan  9 17:38:29 2024
printer BP1WIRELESSLBL01 is idle.  enabled since Thu Sep 14 00:09:28 2023
printer BP1WIRELESSLBL02 is idle.  enabled since Tue May 12 10:13:33 2020
printer BPLBL99 is idle.  enabled since Fri Feb 19 09:48:33 2021
printer BRTE is idle.  enabled since Thu Jul 25 07:35:55 2019
printer CCOLBL000 is idle.  enabled since Thu Jul 27 01:22:34 2023
printer CCOOFFICE is idle.  enabled since Thu Nov 18 08:57:10 2021
printer CHR-B01-PS-BB-02 is idle.  enabled since Thu Jun 13 18:52:58 2019
printer CHR-B01-PS-BB-09 is idle.  enabled since Thu Sep 29 11:22:00 2022
printer CHR-B01-WH-B12 is idle.  enabled since Mon Jul 31 12:28:08 2023
printer CHR-B01-WH-BBG-01 is idle.  enabled since Mon Jul 11 14:07:42 2022
printer CHR-B01-WH-BBZ-L01 is idle.  enabled since Wed May 22 03:03:40 2019
printer CHR-B01-WH-OCF-03 is idle.  enabled since Wed Jul 19 13:10:27 2023
printer CHR-B01-WH-Z-02 is idle.  enabled since Thu May 13 08:26:09 2021
printer CHR-B01-WH-Z-04 is idle.  enabled since Thu Mar  9 07:52:09 2023
printer CHR-B01-WH-Z-05 is idle.  enabled since Mon May  3 07:08:33 2021
printer CHR-B01-WH-Z-06 is idle.  enabled since Wed Apr 28 09:44:11 2021
printer CHR-B02-WH-B-01 is idle.  enabled since Wed Jul 19 13:05:40 2023
printer CHR-B02-WH-B-16 is idle.  enabled since Wed Jul 19 13:13:09 2023
printer CHR-B02-WH-BB-8 is idle.  enabled since Thu Nov 29 11:12:40 2018
printer CHR-B02-WH-BBZ-09 is idle.  enabled since Wed Aug  1 11:54:34 2018
printer CHR-B02-WH-BBZ-8 is idle.  enabled since Tue Jul 17 16:31:27 2018
printer CHR-B02-WH-FLZ-01 is idle.  enabled since Tue Jan 17 09:22:16 2023
printer CHR-B02-WH-FLZ-03 is idle.  enabled since Wed Apr 28 13:54:18 2021
printer CHR-B02-WH-L-01 is idle.  enabled since Wed Jul 19 13:07:22 2023
printer CHR-B02-WH-L-02 is idle.  enabled since Wed Jul 19 13:14:18 2023
printer CHR-B02-WH-L-03 is idle.  enabled since Wed Jul 19 13:11:56 2023
printer CHR-B02-WH-L-04 is idle.  enabled since Wed Jul 19 13:15:31 2023
printer CHR-B02-WH-OCF-04 is idle.  enabled since Wed Jul 19 13:16:35 2023
printer CHR-B02-WH-TSC5 is idle.  enabled since Fri Apr 30 10:00:20 2021
printer CI_DUMMY_LABEL is idle.  enabled since Thu Aug  3 11:25:19 2023
printer CI_DUMMY_LASER is idle.  enabled since Wed May 12 20:07:43 2021
printer CORP_LAB_300 is idle.  enabled since Tue Apr 13 17:24:41 2021
printer CORP_LBL is idle.  enabled since Wed Apr  6 13:27:45 2022
printer CRP_LABEL2 is idle.  enabled since Wed Jan 29 10:29:14 2020
printer CRPLABEL2  is idle.  enabled since Tue Nov 19 09:42:22 2019
printer DAVID_PC is idle.  enabled since Wed Jul 26 23:26:50 2023
printer DAVID_PC_LASER is idle.  enabled since Wed Feb  2 15:59:43 2022
printer DAVID_PC_ZEBRA is idle.  enabled since Wed Mar 16 14:15:41 2022
printer DISTROTEST is idle.  enabled since Mon Aug 18 13:12:46 2025
printer DISTROTESTBB is idle.  enabled since Mon Aug 18 13:15:33 2025
printer DISTROTESTJMC is idle.  enabled since Mon Aug 18 13:15:49 2025
printer DM_LABEL_TESTER is idle.  enabled since Fri Mar 20 15:30:05 2020
printer DSB_DISTROTEST is idle.  enabled since Mon Aug 18 13:15:02 2025
printer DUMMY_CI is idle.  enabled since Sat Jul 24 16:21:19 2021
printer DUMMY_LABEL is idle.  enabled since Tue Sep 30 15:33:00 2025
	The printer is not responding.
printer DUMMY_PRINTER is idle.  enabled since Wed Aug 13 08:21:55 2025
printer DUMMYAC is idle.  enabled since Thu Sep 16 11:29:19 2021
printer DUMMYCI is idle.  enabled since Fri Apr 10 00:57:34 2020
printer DUMMYEH is idle.  enabled since Fri Mar 20 09:22:24 2020
printer DUMMYLBL is idle.  enabled since Thu Sep 18 16:42:39 2025
	The printer is not responding.
printer DUMMYLX1LABEL is idle.  enabled since Tue Sep  9 13:05:26 2025
	Waiting for printer to finish.
printer DUMMYPRINTER is idle.  enabled since Mon Sep 22 20:58:41 2025
	The printer is not responding.
printer EH_DUMMY is idle.  enabled since Tue Sep 19 07:42:17 2023
printer EH_ZPL_TEST is idle.  enabled since Mon Jun 28 08:26:15 2021
printer EHD_DUMMY is idle.  enabled since Tue Apr 21 07:02:49 2020
printer ERIC_PC_PRINTER is idle.  enabled since Thu Oct 29 18:07:10 2020
printer FETE is idle.  enabled since Thu Jul 25 07:36:16 2019
printer FTW-B01-OF-L-01 is idle.  enabled since Mon Jun 12 15:56:55 2023
printer FTW-B01-WH-B-100 is idle.  enabled since Fri Jun 22 16:00:16 2018
printer FTW-B01-WH-B-101 is idle.  enabled since Tue Jul  3 16:54:08 2018
printer FTW-B01-WH-B-102 is idle.  enabled since Wed Jan 22 03:49:49 2025
printer FTW-B01-WH-B-103 is idle.  enabled since Fri Sep 29 16:35:36 2023
printer FTW-B01-WH-B-13 is idle.  enabled since Fri Sep 26 02:06:32 2025
	The printer is not responding.
printer FTW-B01-WH-B-21 is idle.  enabled since Wed Oct 13 14:59:06 2021
printer FTW-B01-WH-B-25 is idle.  enabled since Fri Nov 30 09:41:26 2018
printer FTW-B01-WH-B-26 is idle.  enabled since Fri Nov 23 17:12:21 2018
printer FTW-B01-WH-B-27 is idle.  enabled since Tue Jul 19 12:33:21 2022
printer FTW-B01-WH-B-29 is idle.  enabled since Thu Jun  1 11:33:49 2023
printer FTW-B01-WH-B-2X2 is idle.  enabled since Wed Aug 16 11:31:22 2023
printer FTW-B01-WH-B-31 is idle.  enabled since Tue Apr 14 10:56:19 2020
printer FTW-B01-WH-B-36 is idle.  enabled since Thu Mar  1 03:22:27 2018
printer FTW-B01-WH-B-37 is idle.  enabled since Wed Sep 23 16:01:32 2020
printer FTW-B01-WH-B-41 is idle.  enabled since Tue Apr 14 11:09:26 2020
printer FTW-B01-WH-B-42 is idle.  enabled since Mon Feb 22 14:02:43 2021
printer FTW-B01-WH-B-45 is idle.  enabled since Wed Aug 23 09:35:07 2023
printer FTW-B01-WH-B-46 is idle.  enabled since Tue Apr 14 10:56:23 2020
printer FTW-B01-WH-B-47 is idle.  enabled since Tue Oct 29 18:40:54 2024
printer FTW-B01-WH-B-60 is idle.  enabled since Wed Aug  9 12:55:04 2023
printer FTW-B01-WH-B-73 is idle.  enabled since Mon Jul  9 16:19:56 2018
printer FTW-B01-WH-B-75 is idle.  enabled since Thu Aug 16 12:38:56 2018
printer FTW-B01-WH-B-79 is idle.  enabled since Tue Jun 25 04:39:09 2024
printer FTW-B01-WH-B-79B is idle.  enabled since Thu Apr 29 12:17:28 2021
printer FTW-B01-WH-B-80 is idle.  enabled since Fri Jul 17 13:20:55 2020
printer FTW-B01-WH-B-95 is idle.  enabled since Tue Apr 27 12:08:40 2021
printer FTW-B01-WH-B-96 is idle.  enabled since Thu Oct  5 09:25:35 2023
printer FTW-B01-WH-B-AB is idle.  enabled since Mon Jun 12 15:14:10 2023
printer FTW-B02-WH-B-08 is idle.  enabled since Thu Jan 27 00:07:01 2022
printer FTW-B02-WH-B-09 is idle.  enabled since Wed Jan 26 09:42:00 2022
printer FTW-B02-WH-B-11 is idle.  enabled since Mon Jul 27 16:16:30 2020
printer FTW-B02-WH-B-12 is idle.  enabled since Mon Jul 29 17:01:20 2024
printer FTW-B02-WH-B-14 is idle.  enabled since Thu May 13 23:17:34 2021
printer FTW-B02-WH-B-15 is idle.  enabled since Wed Sep 16 17:25:25 2020
printer FTW-B02-WH-B-24 is idle.  enabled since Fri Feb  9 10:00:49 2018
printer FTW-B02-WH-B-25 is idle.  enabled since Fri Sep 11 11:34:07 2020
printer FTW-B02-WH-B-26 is idle.  enabled since Thu Sep 27 17:56:27 2018
printer FTW-B02-WH-B-27 is idle.  enabled since Wed May  5 14:14:57 2021
printer FTW-B02-WH-B-35 is idle.  enabled since Thu Feb 14 17:25:01 2019
printer FTW-B03-MR-L-05 is idle.  enabled since Wed Mar 19 18:05:40 2025
printer FTW-B03-MR-Z-01 is idle.  enabled since Mon Nov 13 19:54:40 2023
printer FTW-B03-MR-Z-05 is idle.  enabled since Mon Oct  9 12:57:17 2023
printer FTW-B03-MR-Z-08 is idle.  enabled since Tue Feb 20 02:00:40 2024
printer FTW-B03-MR-Z-09 is idle.  enabled since Fri Aug  1 18:09:22 2025
	The printer is not responding.
printer FTW-B03-MR-Z-10 is idle.  enabled since Mon Feb  5 10:23:34 2024
printer FTW-B03-MR-Z-M02 is idle.  enabled since Mon Jun 23 16:38:19 2025
printer FTW-B03-MR-Z-M03 is idle.  enabled since Mon Jun 23 16:37:46 2025
printer FTW-B03-MR-Z-SA02 is idle.  enabled since Tue Oct 10 08:40:49 2023
printer FTW-B03-WH-B-12 is idle.  enabled since Wed Oct 21 15:34:35 2020
printer FTW-B03-WH-B-17 is idle.  enabled since Tue May 12 15:48:10 2020
printer FTW-B03-WH-B-301 is idle.  enabled since Thu Jul 10 14:41:02 2025
printer FTW-B03-WH-B-302 is idle.  enabled since Thu Jan 13 10:13:36 2022
printer FTW-B03-WH-B-303 disabled since Thu Mar 24 12:38:26 2022 -
	Paused
printer FTW-B03-WH-B-304 is idle.  enabled since Wed Aug  9 00:31:15 2023
printer FTW-B03-WH-B-305 is idle.  enabled since Thu Dec 15 17:47:10 2022
printer FTW-B03-WH-B-306 is idle.  enabled since Thu Aug  5 14:57:19 2021
printer FTW-B03-WH-B-307 is idle.  enabled since Sat May  1 14:44:56 2021
printer FTW-B03-WH-B-308 is idle.  enabled since Tue Jun 13 17:55:56 2023
printer FTW-B03-WH-B-309 is idle.  enabled since Fri Jun 30 10:18:25 2023
printer FTW-B03-WH-B-37 is idle.  enabled since Thu Apr 29 12:43:21 2021
printer FTW-B03-WH-B34 is idle.  enabled since Thu Apr 29 13:36:06 2021
printer FTW-B03-WH-L-301 is idle.  enabled since Tue Mar 21 13:17:43 2023
printer FTW-B03-WH-L-302 is idle.  enabled since Mon Mar  7 09:24:23 2022
printer FTW-B03-WH-L-303 is idle.  enabled since Thu Mar 24 13:32:06 2022
printer FTW-B03-WH-L-304 is idle.  enabled since Tue Aug 30 10:53:05 2022
printer FTW-B03-WH-L-305 is idle.  enabled since Thu Sep  8 15:58:12 2022
printer FTW-B03-WH-L-306 is idle.  enabled since Mon May  3 16:20:33 2021
printer FTW-B03-WH-L-307 is idle.  enabled since Thu May 26 15:38:48 2022
printer FTW-B03-WH-L-308 is idle.  enabled since Thu Oct  5 12:46:33 2023
printer FTW-B03-WH-L-309 is idle.  enabled since Thu May 26 21:38:28 2022
printer FTW-B03-WH-PCN-308 is idle.  enabled since Fri Mar  5 11:52:00 2021
printer FW1AUTOBAG is idle.  enabled since Thu Nov  2 11:09:50 2023
printer FW1BDUMMYLABEL is idle.  enabled since Tue May 16 15:35:28 2023
printer FW1BDUMMYLASER is idle.  enabled since Sat Mar 15 06:20:48 2025
printer FW1DUMMYLABEL is idle.  enabled since Mon Dec 23 18:19:49 2024
printer FW1DUMMYLASER is idle.  enabled since Wed Sep 24 23:02:05 2025
	The printer is not responding.
printer FW1DUMMYLASWER is idle.  enabled since Tue Apr 12 08:50:30 2022
printer FW1LBL20 is idle.  enabled since Tue Nov  2 09:35:20 2021
printer FW1LBL22 is idle.  enabled since Mon Mar 29 17:02:06 2021
printer FW1PACK20 is idle.  enabled since Thu Sep 30 14:15:58 2021
printer FW1PACK22 is idle.  enabled since Mon Mar 29 17:02:42 2021
printer FW2DUMMYLABEL is idle.  enabled since Wed Sep 17 11:52:06 2025
printer FW2DUMMYLASER now printing FW2DUMMYLASER-19259.  enabled since Thu Oct  9 22:16:56 2025
	The printer is not responding.
printer FW2KIT01 is idle.  enabled since Thu Oct 17 03:56:38 2024
printer FW2KIT02 is idle.  enabled since Thu Aug 11 11:27:02 2022
printer FW2LBL01 is idle.  enabled since Thu Oct 31 11:41:12 2024
printer FW2LBL02 is idle.  enabled since Wed Oct 16 21:17:11 2024
printer FW2LBL03 is idle.  enabled since Wed Oct 16 15:21:05 2024
printer FW2LBL04 is idle.  enabled since Mon Jun 28 21:39:41 2021
printer FW2LBL11 is idle.  enabled since Thu Jul 14 17:36:35 2022
printer FW2LBL12 is idle.  enabled since Thu Sep 26 10:55:05 2024
printer FW2MBL01 is idle.  enabled since Wed Apr 12 22:01:54 2023
printer FW2MBL02 is idle.  enabled since Fri Feb 21 17:15:42 2025
printer FW2PACK01 is idle.  enabled since Fri Dec  6 14:52:17 2024
printer FW2PACK02 is idle.  enabled since Thu Nov  7 11:07:46 2024
printer FW2PACK03 is idle.  enabled since Fri Apr 26 10:56:21 2024
printer FW2PACK04 is idle.  enabled since Mon Jun 28 15:44:44 2021
printer FW2PACK11 is idle.  enabled since Thu Jul 14 17:35:48 2022
printer FW2PACK12 is idle.  enabled since Fri Jul 15 15:56:32 2022
printer FW2PACKLR is idle.  enabled since Fri Apr 30 14:54:37 2021
printer FW2PACKLR-LBL is idle.  enabled since Wed Jan  5 09:32:53 2022
printer FW3DUMMYLABEL is idle.  enabled since Thu Apr 14 10:44:22 2022
printer FW3DUMMYLASER is idle.  enabled since Thu Apr 14 10:44:58 2022
printer FW3PACK01 is idle.  enabled since Mon Jun 14 15:01:21 2021
printer FWNDUMMYLABEL is idle.  enabled since Tue Aug 26 10:18:28 2025
	Waiting for printer to finish.
printer FWNDUMMYLASER is idle.  enabled since Wed Sep 10 09:55:36 2025
	The printer is not responding.
printer FWS-B01-OF-L-01 is idle.  enabled since Wed May 24 09:18:08 2023
printer FWS-B01-WH-B-05 is idle.  enabled since Fri May  2 11:26:28 2025
printer FWS-B01-WH-B-06 is idle.  enabled since Tue Jan 10 16:12:28 2023
printer FWS-B01-WH-B-07 is idle.  enabled since Wed Jan 25 12:15:49 2023
printer FWS-B01-WH-B-21 is idle.  enabled since Mon Oct 16 09:11:26 2023
printer FWS-B01-WH-C-03 is idle.  enabled since Thu Oct 13 11:00:44 2022
printer FWS-B01-WH-L-03 is idle.  enabled since Wed May 24 12:51:16 2023
printer FWS-B01-WH-L-05 is idle.  enabled since Thu Aug 28 05:58:48 2025
	Waiting for printer to finish.
printer FWS-B01-WH-L-06 is idle.  enabled since Tue Jan 10 16:13:54 2023
printer FWS-B01-WH-L-07 is idle.  enabled since Wed Jan 25 12:14:43 2023
printer FWS-B01-WH-L-08 is idle.  enabled since Tue Feb 14 08:16:50 2023
printer FWS-B01-WH-L-21 is idle.  enabled since Thu Apr 11 09:29:51 2024
printer FWSDUMMYLABEL is idle.  enabled since Thu Aug 14 10:47:57 2025
	Waiting for printer to finish.
printer FWSDUMMYLASER is idle.  enabled since Sat Sep 27 01:29:52 2025
	The printer is not responding.
printer FWSLBL10 is idle.  enabled since Wed Jun  5 10:45:41 2024
printer FWSLBL11 is idle.  enabled since Wed Oct 18 10:43:46 2023
printer FWSLBL12 is idle.  enabled since Wed Oct 18 10:00:32 2023
printer FWSLBL13 is idle.  enabled since Wed Oct 18 10:03:53 2023
printer FWSLBL14 is idle.  enabled since Tue Jan 30 11:38:42 2024
printer FWSLBL15 is idle.  enabled since Thu May 16 09:51:56 2024
printer FWSLBL16 is idle.  enabled since Wed Oct 18 10:11:07 2023
printer FWSLBL17 is idle.  enabled since Wed Oct 18 10:12:40 2023
printer FWSLBL18 is idle.  enabled since Wed Oct 18 10:13:53 2023
printer FWSLBL19 is idle.  enabled since Wed Jun  5 22:19:43 2024
printer FWSPACK10 is idle.  enabled since Sat Jun 21 05:34:48 2025
printer FWSPACK11 is idle.  enabled since Wed Oct 18 10:41:59 2023
printer FWSPACK12 is idle.  enabled since Wed Oct 18 10:01:12 2023
printer FWSPACK13 is idle.  enabled since Tue Oct 31 20:28:01 2023
printer FWSPACK14 is idle.  enabled since Mon Jun 23 13:03:05 2025
printer FWSPACK15 is idle.  enabled since Mon Mar  3 15:58:47 2025
printer FWSPACK16 is idle.  enabled since Wed Oct 18 10:10:14 2023
printer FWSPACK17 is idle.  enabled since Wed Oct 18 10:12:03 2023
printer FWSPACK18 is idle.  enabled since Wed Oct 18 10:13:12 2023
printer FWSPACK19 is idle.  enabled since Thu Jun 12 01:10:05 2025
printer GC1DUMMYLABEL is idle.  enabled since Fri May 16 11:39:55 2025
printer GC1DUMMYLASER is idle.  enabled since Fri May 16 11:41:49 2025
printer GC1LBL00 is idle.  enabled since Thu Jul 10 14:09:25 2025
printer GC1LBL01 is idle.  enabled since Thu Jul 10 14:11:22 2025
printer GC1PACK00 is idle.  enabled since Thu Jul 10 14:10:26 2025
printer GC1PACK01 is idle.  enabled since Thu Jul 10 14:22:34 2025
printer ILJLT01LBL00 is idle.  enabled since Thu Oct 10 15:15:56 2024
printer ILJLT01LBL09 is idle.  enabled since Wed Apr 22 15:38:36 2020
printer ILJLT01LBL20 is idle.  enabled since Wed Jan 12 10:07:28 2022
printer ILJLT01LBL90 is idle.  enabled since Wed Oct 17 10:30:36 2018
printer ILJLT01LBL91 is idle.  enabled since Thu Jul  2 13:45:27 2020
printer ILJLT01LBL92 is idle.  enabled since Tue Dec  4 16:22:53 2018
printer ILJLT01LBL93 is idle.  enabled since Tue Feb  5 10:02:24 2019
printer ILJLT01PACK00 is idle.  enabled since Thu Jul 15 16:47:53 2021
printer ILJLT01PACK04 is idle.  enabled since Thu Jul 31 05:10:15 2025
	The printer is not responding.
printer ILJLT01PACK11 is idle.  enabled since Thu May 23 09:49:22 2019
printer IS_NC_LAB_LABEL is idle.  enabled since Thu Jul 23 13:42:33 2020
printer IS_NC_LAB_LASER is idle.  enabled since Fri Jan 14 20:22:02 2022
printer ISREMJH1 is idle.  enabled since Thu Mar 10 15:25:06 2022
printer JL1DUMMYLABEL is idle.  enabled since Thu Oct  9 12:58:53 2025
	Waiting for printer to finish.
printer JL1DUMMYLASER is idle.  enabled since Fri Jul 29 03:41:33 2022
printer JL1LBL00 is idle.  enabled since Thu Nov 14 13:42:55 2024
printer JL1LBL04 is idle.  enabled since Thu Jul 15 17:00:26 2021
printer JL1LBL05 is idle.  enabled since Thu Jul 15 16:59:56 2021
printer JL1LBL06 is idle.  enabled since Tue Dec 27 12:09:45 2022
printer JL1LBL07 is idle.  enabled since Thu Jul 15 17:01:26 2021
printer JL1LBL08 is idle.  enabled since Thu Jul 15 17:01:54 2021
printer JL1LBL21 is idle.  enabled since Thu Jan 13 13:58:58 2022
printer JL1LBL22 is idle.  enabled since Thu Jul 15 17:02:50 2021
printer JL1LBL70 is idle.  enabled since Tue Jun 22 11:11:24 2021
printer JL1LBL71 is idle.  enabled since Thu Jul 15 17:03:25 2021
printer JL1LBL72 is idle.  enabled since Tue Sep 22 11:22:27 2020
printer JL1LBLM30 is idle.  enabled since Thu Sep 19 15:50:36 2024
printer JL1LBLM71 is idle.  enabled since Thu Jul 15 17:06:30 2021
printer JL1LBLM72 is idle.  enabled since Thu Jul 15 17:05:42 2021
printer JL1LBLM73 is idle.  enabled since Thu Jul 15 17:07:09 2021
printer JL1LBLM75 is idle.  enabled since Mon Apr 17 15:22:25 2023
printer JL1LBLM77 is idle.  enabled since Mon Apr 17 15:21:48 2023
printer JL1PACK00 is idle.  enabled since Wed Nov  6 14:30:45 2024
printer JL1PACK04 is idle.  enabled since Thu Jul 15 17:08:56 2021
printer JL1PACK05 is idle.  enabled since Thu Jul 15 17:09:33 2021
printer JL1PACK06 is idle.  enabled since Thu Jul 15 17:10:15 2021
printer JL1PACK07 is idle.  enabled since Thu Jul 15 17:10:42 2021
prin--output truncated--
2025-10-10 01:08:31,179 - 12901 - ERROR - app_validation.sh errors for i-0eb1f8fc232a4d473:

2025-10-10 01:08:31,182 - 12901 - INFO - Before patching validation saved to: output/validation-2025-10-10/10.0.9.157-BeforePatching-2025-10-10-01-08-31-181.log
2025-10-10 01:08:31,182 - 12901 - INFO - Deregistering i-0eb1f8fc232a4d473 from TG arn:aws:elasticloadbalancing:us-east-1:835314132208:targetgroup/RRS-UAT/456ca9f1e0d286a8
2025-10-10 01:08:31,276 - 12901 - INFO - Deregistering i-0eb1f8fc232a4d473 from TG arn:aws:elasticloadbalancing:us-east-1:835314132208:targetgroup/SCL-UAT-Bill-8087/94b5fa31fbad7278
2025-10-10 01:08:31,331 - 12901 - INFO - Stopping EC2 instance: i-0eb1f8fc232a4d473 at 2025-10-10 01:08:31
2025-10-10 01:11:03,316 - 12901 - INFO - Instance i-0eb1f8fc232a4d473 stopped successfully.
2025-10-10 01:11:03,430 - 12901 - INFO - Stopped i-0eb1f8fc232a4d473 in 0:02:32.099566
2025-10-10 01:11:03,430 - 12901 - INFO - Starting EC2 instance: i-0eb1f8fc232a4d473
2025-10-10 01:11:19,255 - 12901 - INFO - Instance i-0eb1f8fc232a4d473 started successfully.
2025-10-10 01:11:19,255 - 12901 - INFO - Waiting 30 seconds for SSM agent to be ready on i-0eb1f8fc232a4d473...
2025-10-10 01:11:49,263 - 12901 - INFO - Registering i-0eb1f8fc232a4d473 to TG arn:aws:elasticloadbalancing:us-east-1:835314132208:targetgroup/RRS-UAT/456ca9f1e0d286a8
2025-10-10 01:11:49,433 - 12901 - INFO - Registering i-0eb1f8fc232a4d473 to TG arn:aws:elasticloadbalancing:us-east-1:835314132208:targetgroup/SCL-UAT-Bill-8087/94b5fa31fbad7278
2025-10-10 01:16:50,295 - 12901 - WARNING - i-0eb1f8fc232a4d473 not healthy in arn:aws:elasticloadbalancing:us-east-1:835314132208:targetgroup/RRS-UAT/456ca9f1e0d286a8 after timeout.
2025-10-10 01:16:50,416 - 12901 - INFO - Email sent successfully to ['adityak@softeon.com', 'ITSupport@softeon.com']
2025-10-10 01:16:50,416 - 12901 - ERROR - Aborting workflow: i-0eb1f8fc232a4d473 is not healthy after restart.
2025-10-10 01:16:50,419 - 12901 - INFO - Restart Total time: 0:09:12.167043
2025-10-10 01:16:50,420 - 12901 - INFO - Auto-confirmed services are restarted
2025-10-10 01:16:50,420 - 12901 - INFO - Confirmed - services are started
2025-10-10 01:16:50,545 - 12901 - INFO - The following instances have failed the patch: []
2025-10-10 01:16:50,545 - 12901 - INFO - No instances have failed the patch.
2025-10-10 01:16:50,545 - 12901 - INFO - Total Patch Process time: 0:16:45.779913
2025-10-10 01:16:50,735 - 12901 - INFO - Email sent successfully to ['adityak@softeon.com', 'a80af5b5.softeon.com@in.teams.ms', 'ITSupport@softeon.com']
2025-10-10 01:17:50,933 - 12901 - INFO - Log file ./logs/patching_2025-10-10_10-0-9-157-SaddleCreek.log uploaded to s3://q4-2025-aws-security-patching/10-0-9-157-SaddleCreek_Patch/2025-10-10/patching_2025-10-10_10-0-9-157-SaddleCreek.log
