2025-11-13 01:10:02,786 - 19597 - INFO - Email sent successfully to ['CloudOps@softeon.com']
2025-11-13 01:18:20,867 - 19597 - INFO - Email sent successfully to ['MahimaM@softeon.com']
2025-11-13 01:18:20,980 - 19597 - INFO - Log file ./logs/backup_2025-11-13.log uploaded to s3://q3-2025-aws-security-patching/Vantiva-DOMs-App_Patch_Backup/2025-11-13/backup_2025-11-13.log
2025-11-13 05:10:02,275 - 32481 - INFO - Logger setup has been removed, using shared logger from common.logs.logger.
2025-11-13 05:10:02,276 - 32481 - INFO - Script Start Time: 2025-11-13 05:10:02
2025-11-13 05:10:02,525 - 32481 - INFO - Instance(s) selected for Patching: {'i-0037193f2fcf5f484': '10.154.0.199', 'i-06032ca5cf7091843': '10.154.0.229'}
2025-11-13 05:10:02,644 - 32481 - INFO - Email sent successfully to ['a80af5b5.softeon.com@in.teams.ms', 'CloudOps@softeon.com']
2025-11-13 05:10:02,645 - 32481 - INFO - Now patching instances at: 2025-11-13 05:10:02
2025-11-13 05:10:02,785 - 32481 - INFO - Sending patch command to instance i-06032ca5cf7091843
2025-11-13 05:10:02,961 - 32481 - INFO - Command sent successfully to instance i-06032ca5cf7091843. Command ID: caac0888-977d-4a4d-91ed-ce585d32fc2b
2025-11-13 05:10:03,160 - 32481 - INFO - Sending patch command to instance i-0037193f2fcf5f484
2025-11-13 05:10:03,346 - 32481 - INFO - Command sent successfully to instance i-0037193f2fcf5f484. Command ID: efb764ee-9475-4aa9-a5c8-b7199b1d3c43
2025-11-13 05:15:35,096 - 32481 - INFO - All patches applied successfully.
2025-11-13 05:15:35,097 - 32481 - INFO - Patching end time: 2025-11-13 05:15:35
2025-11-13 05:15:35,097 - 32481 - INFO - Patch Elapsed time: 0:05:32.452283
2025-11-13 05:15:35,175 - 32481 - INFO - Email sent successfully to ['a80af5b5.softeon.com@in.teams.ms', 'CloudOps@softeon.com']
2025-11-13 05:15:35,175 - 32481 - INFO - Confirmed - services are stopped
2025-11-13 05:15:55,996 - 32481 - INFO - Discovered TG map: {'i-0037193f2fcf5f484': ['arn:aws:elasticloadbalancing:us-east-1:835314132208:targetgroup/Tech-DOMS-Production-Portal/56aeb6455f5b5083', 'arn:aws:elasticloadbalancing:us-east-1:835314132208:targetgroup/Vantiva-DOMS-Production-WS/c1c3e0666426cf18', 'arn:aws:elasticloadbalancing:us-east-1:835314132208:targetgroup/Vantiva-DOMS-Production-Desktop/f919733ed6787d40'], 'i-06032ca5cf7091843': ['arn:aws:elasticloadbalancing:us-east-1:835314132208:targetgroup/Tech-DOMS-Production-Portal/56aeb6455f5b5083', 'arn:aws:elasticloadbalancing:us-east-1:835314132208:targetgroup/Vantiva-DOMS-Production-WS/c1c3e0666426cf18', 'arn:aws:elasticloadbalancing:us-east-1:835314132208:targetgroup/Vantiva-DOMS-Production-Desktop/f919733ed6787d40']}
2025-11-13 05:15:56,287 - 32481 - INFO - Sent app_validation.sh to i-06032ca5cf7091843 (command_id: a45143fb-a65b-45f3-b023-54ce99b1c2e9)
2025-11-13 05:16:26,365 - 32481 - INFO - app_validation.sh output for i-06032ca5cf7091843:

==============================================================================
Server Availability Check Started at Thu Nov 13 10:15:56 UTC 2025
==============================================================================

-------------------------------------
Server IP : 10.154.0.229
-------------------------------------
System Information
------------------
Hostname: ip-10-154-0-229
Uptime: up 9 weeks, 4 days, 3 hours, 22 minutes
Current User: root
Working Directory: /usr/bin
-------------------------------------
Voice Console URL: http://10.154.0.229:9090/VoiceConsole
-------------------------------------

-------------------------------------
Server IP : 10.154.0.229
-------------------------------------
Physical Memory Information
---------------------------
Total Physical Memory = 15611 MB
Used Physical Memory  = 10018 MB
Free Physical Memory  = 5593 MB
-------------------------------------
Swap Memory Information
-----------------------
Total Swap Memory = 10239 MB
Used Swap Memory  = 564 MB
Free Swap Memory  = 9675 MB
-------------------------------------
Load Average: 0.43 0.82 0.44 4/574 3897641
-------------------------------------

Disk Usage Information
----------------------
Filesystem                                          Size  Used Avail Use% Mounted on
/dev/nvme0n1p1                                       20G  5.9G   15G  30% /
/dev/nvme0n1p128                                     10M  1.3M  8.7M  13% /boot/efi
/dev/mapper/vg01-lv02                               240G   85G  156G  36% /data
fs-01290a7ce6c8beb52.efs.us-east-1.amazonaws.com:/  8.0E  6.1T  8.0E   1% /data2
devtmpfs                                            4.0M     0  4.0M   0% /dev
tmpfs                                               7.7G     0  7.7G   0% /dev/shm
tmpfs                                               3.1G  8.7M  3.1G   1% /run
tmpfs                                               1.6G     0  1.6G   0% /run/user/2001
tmpfs                                               7.7G   64K  7.7G   1% /tmp
-------------------------------------

Application Port Validation for Server IP: 10.154.0.229 started on Thu Nov 13 10:15:56 UTC 2025

Server IP: 10.154.0.229 is reachable.

SSH Service (Port 22) Status:
SSH Service (Port 22): NOT REACHABLE
-------------------------------------

FTP Service Validation for Server IP: 10.154.0.229

FTP Service (Port 21): NOT REACHABLE
No FTP processes detected
-------------------------------------

CUPS Service Validation for Server IP: 10.154.0.229

CUPS Service (Port 631): NOT REACHABLE

Printer Configuration:
Total Printers Configured: 0
-------------------------------------
CUPS Service (Port 631): NOT REACHABLE on 10.154.0.229
-------------------------------------

Total number of Java process running on this host 10.154.0.229 is 2
Total number of Daemon / Batch (java) application process available is 0

No Java daemon processes running
-------------------------------------

-------------------------------------
Total number of App process running on this host 10.154.0.229
Total number of App java process available is 2
-------------------------------------
App Process details:
Process ID: 8086, Process Name: 160:02
Process ID: 22959, Process Name: 631:18
-------------------------------------

Web Application Port Validation for Server IP: 10.154.0.229
Port 8080:	vandomsprd_jb7	Running
Port 8081:	vandomsprd_jb7	Not Running
-------------------------------------

==============================================================================
Server Availability Check Completed at Thu Nov 13 10:15:57 UTC 2025
==============================================================================


2025-11-13 05:16:26,365 - 32481 - ERROR - app_validation.sh errors for i-06032ca5cf7091843:

2025-11-13 05:16:26,368 - 32481 - INFO - Before patching validation saved to: output/validation-2025-11-13/10.154.0.229-BeforePatching-2025-11-13-05-16-26-367.log
2025-11-13 05:16:26,368 - 32481 - INFO - Deregistering i-06032ca5cf7091843 from TG arn:aws:elasticloadbalancing:us-east-1:835314132208:targetgroup/Tech-DOMS-Production-Portal/56aeb6455f5b5083
2025-11-13 05:16:26,443 - 32481 - INFO - Deregistering i-06032ca5cf7091843 from TG arn:aws:elasticloadbalancing:us-east-1:835314132208:targetgroup/Vantiva-DOMS-Production-WS/c1c3e0666426cf18
2025-11-13 05:16:26,486 - 32481 - INFO - Deregistering i-06032ca5cf7091843 from TG arn:aws:elasticloadbalancing:us-east-1:835314132208:targetgroup/Vantiva-DOMS-Production-Desktop/f919733ed6787d40
2025-11-13 05:16:26,539 - 32481 - INFO - Stopping EC2 instance: i-06032ca5cf7091843 at 2025-11-13 05:16:26
2025-11-13 05:17:57,931 - 32481 - INFO - Instance i-06032ca5cf7091843 stopped successfully.
2025-11-13 05:17:58,165 - 32481 - INFO - Stopped i-06032ca5cf7091843 in 0:01:31.626915
2025-11-13 05:17:58,166 - 32481 - INFO - Starting EC2 instance: i-06032ca5cf7091843
2025-11-13 05:18:13,865 - 32481 - INFO - Instance i-06032ca5cf7091843 started successfully.
2025-11-13 05:18:13,865 - 32481 - INFO - Waiting 30 seconds for SSM agent to be ready on i-06032ca5cf7091843...
2025-11-13 05:18:43,895 - 32481 - INFO - Registering i-06032ca5cf7091843 to TG arn:aws:elasticloadbalancing:us-east-1:835314132208:targetgroup/Tech-DOMS-Production-Portal/56aeb6455f5b5083
2025-11-13 05:18:44,200 - 32481 - INFO - Registering i-06032ca5cf7091843 to TG arn:aws:elasticloadbalancing:us-east-1:835314132208:targetgroup/Vantiva-DOMS-Production-WS/c1c3e0666426cf18
2025-11-13 05:18:44,338 - 32481 - INFO - Registering i-06032ca5cf7091843 to TG arn:aws:elasticloadbalancing:us-east-1:835314132208:targetgroup/Vantiva-DOMS-Production-Desktop/f919733ed6787d40
2025-11-13 05:20:44,959 - 32481 - INFO - Sent app_validation.sh to i-06032ca5cf7091843 (command_id: e99ba64e-557b-43eb-94b4-37fdc4a11a10)
2025-11-13 05:21:15,028 - 32481 - INFO - app_validation.sh output for i-06032ca5cf7091843:

==============================================================================
Server Availability Check Started at Thu Nov 13 10:20:45 UTC 2025
==============================================================================

-------------------------------------
Server IP : 10.154.0.229
-------------------------------------
System Information
------------------
Hostname: ip-10-154-0-229
Uptime: up 2 minutes
Current User: root
Working Directory: /usr/bin
-------------------------------------
Voice Console URL: http://10.154.0.229:9090/VoiceConsole
-------------------------------------

-------------------------------------
Server IP : 10.154.0.229
-------------------------------------
Physical Memory Information
---------------------------
Total Physical Memory = 15611 MB
Used Physical Memory  = 7537 MB
Free Physical Memory  = 8074 MB
-------------------------------------
Swap Memory Information
-----------------------
Total Swap Memory = 10239 MB
Used Swap Memory  = 0 MB
Free Swap Memory  = 10239 MB
-------------------------------------
Load Average: 1.04 0.61 0.24 1/549 4377
-------------------------------------

Disk Usage Information
----------------------
Filesystem                                          Size  Used Avail Use% Mounted on
/dev/nvme0n1p1                                       20G  5.7G   15G  29% /
/dev/nvme0n1p128                                     10M  1.3M  8.7M  13% /boot/efi
/dev/mapper/vg01-lv02                               240G   85G  156G  36% /data
fs-01290a7ce6c8beb52.efs.us-east-1.amazonaws.com:/  8.0E  6.1T  8.0E   1% /data2
devtmpfs                                            4.0M     0  4.0M   0% /dev
tmpfs                                               7.7G     0  7.7G   0% /dev/shm
tmpfs                                               3.1G  8.7M  3.1G   1% /run
tmpfs                                               7.7G   64K  7.7G   1% /tmp
-------------------------------------

Application Port Validation for Server IP: 10.154.0.229 started on Thu Nov 13 10:20:45 UTC 2025

Server IP: 10.154.0.229 is reachable.

SSH Service (Port 22) Status:
SSH Service (Port 22): NOT REACHABLE
-------------------------------------

FTP Service Validation for Server IP: 10.154.0.229

FTP Service (Port 21): NOT REACHABLE
No FTP processes detected
-------------------------------------

CUPS Service Validation for Server IP: 10.154.0.229

CUPS Service (Port 631): NOT REACHABLE

Printer Configuration:
Total Printers Configured: 0
-------------------------------------
CUPS Service (Port 631): NOT REACHABLE on 10.154.0.229
-------------------------------------

Total number of Java process running on this host 10.154.0.229 is 2
Total number of Daemon / Batch (java) application process available is 0

No Java daemon processes running
-------------------------------------

-------------------------------------
Total number of App process running on this host 10.154.0.229
Total number of App java process available is 2
-------------------------------------
App Process details:
Process ID: 3357, Process Name: 0:33
Process ID: 3627, Process Name: 0:50
-------------------------------------

Web Application Port Validation for Server IP: 10.154.0.229
Port 8080:	vandomsprd_jb7	Running
Port 8081:	vandomsprd_jb7	Not Running
-------------------------------------

==============================================================================
Server Availability Check Completed at Thu Nov 13 10:20:46 UTC 2025
==============================================================================


2025-11-13 05:21:15,028 - 32481 - ERROR - app_validation.sh errors for i-06032ca5cf7091843:

2025-11-13 05:21:15,032 - 32481 - INFO - After patching validation saved to: output/validation-2025-11-13/10.154.0.229-AfterPatching-2025-11-13-05-21-15-030.log
2025-11-13 05:21:15,079 - 32481 - INFO - Validation comparison report generated: output/validation-2025-11-13/10.154.0.229-Validation-details-2025-11-13-05-21-15-030.log
2025-11-13 05:21:15,156 - 32481 - INFO - Email sent successfully to ['CloudOps@softeon.com']
2025-11-13 05:21:15,156 - 32481 - INFO - HTML validation report email sent for i-06032ca5cf7091843
2025-11-13 05:21:15,383 - 32481 - INFO - Started i-06032ca5cf7091843 in 0:03:17.217533
2025-11-13 05:21:15,383 - 32481 - INFO - Waiting 120 seconds before proceeding to the next instance...
2025-11-13 05:23:15,613 - 32481 - INFO - Sent app_validation.sh to i-0037193f2fcf5f484 (command_id: b96650fc-cda3-4280-9bdb-fe7af6004f18)
2025-11-13 05:23:45,780 - 32481 - INFO - app_validation.sh output for i-0037193f2fcf5f484:

==============================================================================
Server Availability Check Started at Thu Nov 13 10:23:15 UTC 2025
==============================================================================

-------------------------------------
Server IP : 10.154.0.199
-------------------------------------
System Information
------------------
Hostname: ip-10-154-0-199
Uptime: up 9 weeks, 4 days, 3 hours, 41 minutes
Current User: root
Working Directory: /usr/bin
-------------------------------------
Voice Console URL: http://10.154.0.199:9090/VoiceConsole
-------------------------------------

-------------------------------------
Server IP : 10.154.0.199
-------------------------------------
Physical Memory Information
---------------------------
Total Physical Memory = 15611 MB
Used Physical Memory  = 9902 MB
Free Physical Memory  = 5709 MB
-------------------------------------
Swap Memory Information
-----------------------
Total Swap Memory = 10239 MB
Used Swap Memory  = 574 MB
Free Swap Memory  = 9665 MB
-------------------------------------
Load Average: 0.01 0.16 0.22 1/582 3230370
-------------------------------------

Disk Usage Information
----------------------
Filesystem                                          Size  Used Avail Use% Mounted on
/dev/nvme0n1p1                                       20G  5.9G   15G  30% /
/dev/nvme0n1p128                                     10M  1.3M  8.7M  13% /boot/efi
/dev/mapper/vg01-lv02                               240G   63G  178G  26% /data
fs-01290a7ce6c8beb52.efs.us-east-1.amazonaws.com:/  8.0E  6.1T  8.0E   1% /data2
devtmpfs                                            4.0M     0  4.0M   0% /dev
tmpfs                                               7.7G     0  7.7G   0% /dev/shm
tmpfs                                               3.1G  8.7M  3.1G   1% /run
tmpfs                                               1.6G     0  1.6G   0% /run/user/2001
tmpfs                                               7.7G   64K  7.7G   1% /tmp
-------------------------------------

Application Port Validation for Server IP: 10.154.0.199 started on Thu Nov 13 10:23:15 UTC 2025

Server IP: 10.154.0.199 is reachable.

SSH Service (Port 22) Status:
SSH Service (Port 22): NOT REACHABLE
-------------------------------------

FTP Service Validation for Server IP: 10.154.0.199

FTP Service (Port 21): NOT REACHABLE
No FTP processes detected
-------------------------------------

CUPS Service Validation for Server IP: 10.154.0.199

CUPS Service (Port 631): NOT REACHABLE

Printer Configuration:
Total Printers Configured: 0
-------------------------------------
CUPS Service (Port 631): NOT REACHABLE on 10.154.0.199
-------------------------------------

Total number of Java process running on this host 10.154.0.199 is 2
Total number of Daemon / Batch (java) application process available is 0

No Java daemon processes running
-------------------------------------

-------------------------------------
Total number of App process running on this host 10.154.0.199
Total number of App java process available is 2
-------------------------------------
App Process details:
Process ID: 3530829, Process Name: 172:02
Process ID: 3540893, Process Name: 623:37
-------------------------------------

Web Application Port Validation for Server IP: 10.154.0.199
Port 8080:	vandomsprd_	Running
Port 8081:	vandomsprd_	Not Running
-------------------------------------

==============================================================================
Server Availability Check Completed at Thu Nov 13 10:23:16 UTC 2025
==============================================================================


2025-11-13 05:23:45,780 - 32481 - ERROR - app_validation.sh errors for i-0037193f2fcf5f484:

2025-11-13 05:23:45,782 - 32481 - INFO - Before patching validation saved to: output/validation-2025-11-13/10.154.0.199-BeforePatching-2025-11-13-05-23-45-782.log
2025-11-13 05:23:45,782 - 32481 - INFO - Deregistering i-0037193f2fcf5f484 from TG arn:aws:elasticloadbalancing:us-east-1:835314132208:targetgroup/Tech-DOMS-Production-Portal/56aeb6455f5b5083
2025-11-13 05:23:45,855 - 32481 - INFO - Deregistering i-0037193f2fcf5f484 from TG arn:aws:elasticloadbalancing:us-east-1:835314132208:targetgroup/Vantiva-DOMS-Production-WS/c1c3e0666426cf18
2025-11-13 05:23:45,911 - 32481 - INFO - Deregistering i-0037193f2fcf5f484 from TG arn:aws:elasticloadbalancing:us-east-1:835314132208:targetgroup/Vantiva-DOMS-Production-Desktop/f919733ed6787d40
2025-11-13 05:23:45,958 - 32481 - INFO - Stopping EC2 instance: i-0037193f2fcf5f484 at 2025-11-13 05:23:45
2025-11-13 05:26:32,664 - 32481 - INFO - Instance i-0037193f2fcf5f484 stopped successfully.
2025-11-13 05:26:32,895 - 32481 - INFO - Stopped i-0037193f2fcf5f484 in 0:02:46.937014
2025-11-13 05:26:32,896 - 32481 - INFO - Starting EC2 instance: i-0037193f2fcf5f484
2025-11-13 05:26:48,637 - 32481 - INFO - Instance i-0037193f2fcf5f484 started successfully.
2025-11-13 05:26:48,637 - 32481 - INFO - Waiting 30 seconds for SSM agent to be ready on i-0037193f2fcf5f484...
2025-11-13 05:27:18,655 - 32481 - INFO - Registering i-0037193f2fcf5f484 to TG arn:aws:elasticloadbalancing:us-east-1:835314132208:targetgroup/Tech-DOMS-Production-Portal/56aeb6455f5b5083
2025-11-13 05:27:18,877 - 32481 - INFO - Registering i-0037193f2fcf5f484 to TG arn:aws:elasticloadbalancing:us-east-1:835314132208:targetgroup/Vantiva-DOMS-Production-WS/c1c3e0666426cf18
2025-11-13 05:27:19,023 - 32481 - INFO - Registering i-0037193f2fcf5f484 to TG arn:aws:elasticloadbalancing:us-east-1:835314132208:targetgroup/Vantiva-DOMS-Production-Desktop/f919733ed6787d40
2025-11-13 05:29:19,686 - 32481 - INFO - Sent app_validation.sh to i-0037193f2fcf5f484 (command_id: 0bf91f78-081f-4d46-8650-341d040e6dd7)
2025-11-13 05:29:49,784 - 32481 - INFO - app_validation.sh output for i-0037193f2fcf5f484:

==============================================================================
Server Availability Check Started at Thu Nov 13 10:29:19 UTC 2025
==============================================================================

-------------------------------------
Server IP : 10.154.0.199
-------------------------------------
System Information
------------------
Hostname: ip-10-154-0-199
Uptime: up 2 minutes
Current User: root
Working Directory: /usr/bin
-------------------------------------
Voice Console URL: http://10.154.0.199:9090/VoiceConsole
-------------------------------------

-------------------------------------
Server IP : 10.154.0.199
-------------------------------------
Physical Memory Information
---------------------------
Total Physical Memory = 15611 MB
Used Physical Memory  = 6505 MB
Free Physical Memory  = 9106 MB
-------------------------------------
Swap Memory Information
-----------------------
Total Swap Memory = 10239 MB
Used Swap Memory  = 0 MB
Free Swap Memory  = 10239 MB
-------------------------------------
Load Average: 1.40 0.81 0.32 4/547 4361
-------------------------------------

Disk Usage Information
----------------------
Filesystem                                          Size  Used Avail Use% Mounted on
/dev/nvme0n1p1                                       20G  5.7G   15G  29% /
/dev/nvme0n1p128                                     10M  1.3M  8.7M  13% /boot/efi
/dev/mapper/vg01-lv02                               240G   62G  178G  26% /data
fs-01290a7ce6c8beb52.efs.us-east-1.amazonaws.com:/  8.0E  6.1T  8.0E   1% /data2
devtmpfs                                            4.0M     0  4.0M   0% /dev
tmpfs                                               7.7G     0  7.7G   0% /dev/shm
tmpfs                                               3.1G  8.7M  3.1G   1% /run
tmpfs                                               7.7G   64K  7.7G   1% /tmp
-------------------------------------

Application Port Validation for Server IP: 10.154.0.199 started on Thu Nov 13 10:29:20 UTC 2025

Server IP: 10.154.0.199 is reachable.

SSH Service (Port 22) Status:
SSH Service (Port 22): NOT REACHABLE
-------------------------------------

FTP Service Validation for Server IP: 10.154.0.199

FTP Service (Port 21): NOT REACHABLE
No FTP processes detected
-------------------------------------

CUPS Service Validation for Server IP: 10.154.0.199

CUPS Service (Port 631): NOT REACHABLE

Printer Configuration:
Total Printers Configured: 0
-------------------------------------
CUPS Service (Port 631): NOT REACHABLE on 10.154.0.199
-------------------------------------

Total number of Java process running on this host 10.154.0.199 is 2
Total number of Daemon / Batch (java) application process available is 0

No Java daemon processes running
-------------------------------------

-------------------------------------
Total number of App process running on this host 10.154.0.199
Total number of App java process available is 2
-------------------------------------
App Process details:
Process ID: 3355, Process Name: 0:32
Process ID: 3627, Process Name: 0:47
-------------------------------------

Web Application Port Validation for Server IP: 10.154.0.199
Port 8080:	vandomsprd_jb7	Running
Port 8081:	vandomsprd_jb7	Not Running
-------------------------------------

==============================================================================
Server Availability Check Completed at Thu Nov 13 10:29:20 UTC 2025
==============================================================================


2025-11-13 05:29:49,784 - 32481 - ERROR - app_validation.sh errors for i-0037193f2fcf5f484:

2025-11-13 05:29:49,786 - 32481 - INFO - After patching validation saved to: output/validation-2025-11-13/10.154.0.199-AfterPatching-2025-11-13-05-29-49-785.log
2025-11-13 05:29:49,824 - 32481 - INFO - Validation comparison report generated: output/validation-2025-11-13/10.154.0.199-Validation-details-2025-11-13-05-29-49-785.log
2025-11-13 05:29:49,914 - 32481 - INFO - Email sent successfully to ['CloudOps@softeon.com']
2025-11-13 05:29:49,914 - 32481 - INFO - HTML validation report email sent for i-0037193f2fcf5f484
2025-11-13 05:29:50,152 - 32481 - INFO - Started i-0037193f2fcf5f484 in 0:03:17.256318
2025-11-13 05:29:50,153 - 32481 - INFO - All instances processed.
2025-11-13 05:29:50,157 - 32481 - INFO - Restart Total time: 0:14:14.859846
2025-11-13 05:29:50,157 - 32481 - INFO - Auto-confirmed services are restarted
2025-11-13 05:29:50,157 - 32481 - INFO - Confirmed - services are started
2025-11-13 05:29:50,261 - 32481 - INFO - The following instances have failed the patch: []
2025-11-13 05:29:50,261 - 32481 - INFO - No instances have failed the patch.
2025-11-13 05:29:50,261 - 32481 - INFO - Total Patch Process time: 0:19:47.984637
2025-11-13 05:29:50,544 - 32481 - INFO - Email sent successfully to ['a80af5b5.softeon.com@in.teams.ms', 'CloudOps@softeon.com']
2025-11-13 05:30:50,822 - 32481 - INFO - Log file ./logs/patching_2025-11-13_Vantiva-DOMs-App.log uploaded to s3://q4-2025-aws-security-patching/Vantiva-DOMs-App_Patch/2025-11-13/patching_2025-11-13_Vantiva-DOMs-App.log
