2025-11-09 00:05:02,703 - 28895 - INFO - Logger setup has been removed, using shared logger from common.logs.logger.
2025-11-09 00:05:02,704 - 28895 - INFO - Script Start Time: 2025-11-09 00:05:02
2025-11-09 00:05:03,036 - 28895 - INFO - Instance(s) selected for Patching: {'i-047443a344ea4e0a9': '172.29.59.180', 'i-023e80842ed7852da': '172.29.59.221', 'i-0c3904c8e93a1aea3': '172.29.59.183', 'i-01e683db72d508977': '172.29.59.210'}
2025-11-09 00:05:03,117 - 28895 - INFO - Email sent successfully to ['a80af5b5.softeon.com@in.teams.ms', 'CloudOps@softeon.com']
2025-11-09 00:05:03,117 - 28895 - INFO - Now patching instances at: 2025-11-09 00:05:03
2025-11-09 00:05:03,166 - 28895 - INFO - Sending patch command to instance i-0c3904c8e93a1aea3
2025-11-09 00:05:03,314 - 28895 - INFO - Command sent successfully to instance i-0c3904c8e93a1aea3. Command ID: e6fecde3-a7f0-4674-9efc-7c43e75812b3
2025-11-09 00:05:03,444 - 28895 - INFO - Sending patch command to instance i-01e683db72d508977
2025-11-09 00:05:03,639 - 28895 - INFO - Command sent successfully to instance i-01e683db72d508977. Command ID: 050d56bb-c521-4529-b4d2-6598b6c39d7e
2025-11-09 00:05:03,752 - 28895 - INFO - Sending patch command to instance i-023e80842ed7852da
2025-11-09 00:05:03,901 - 28895 - INFO - Command sent successfully to instance i-023e80842ed7852da. Command ID: fe0103d8-d4fa-4bda-9f7c-5d5e0d79a792
2025-11-09 00:05:05,030 - 28895 - INFO - Sending patch command to instance i-047443a344ea4e0a9
2025-11-09 00:05:05,183 - 28895 - INFO - Command sent successfully to instance i-047443a344ea4e0a9. Command ID: 658c0a09-7383-48de-a7ce-e8731ce22e5f
2025-11-09 00:17:38,421 - 28895 - INFO - All patches applied successfully.
2025-11-09 00:17:38,421 - 28895 - INFO - Patching end time: 2025-11-09 00:17:38
2025-11-09 00:17:38,421 - 28895 - INFO - Patch Elapsed time: 0:12:35.304220
2025-11-09 00:17:38,487 - 28895 - INFO - Email sent successfully to ['a80af5b5.softeon.com@in.teams.ms', 'CloudOps@softeon.com']
2025-11-09 00:17:38,487 - 28895 - INFO - Confirmed - services are stopped
2025-11-09 00:17:58,252 - 28895 - INFO - Discovered TG map: {'i-047443a344ea4e0a9': ['arn:aws:elasticloadbalancing:us-east-1:835314132208:targetgroup/UPS-PZN-API-V8-External/15dc42a412914b8b', 'arn:aws:elasticloadbalancing:us-east-1:835314132208:targetgroup/UPS-Productionization-WMS-API-V8/aee5e8d4516d59c4'], 'i-023e80842ed7852da': ['arn:aws:elasticloadbalancing:us-east-1:835314132208:targetgroup/UPS-PZN-API-V8-External/15dc42a412914b8b', 'arn:aws:elasticloadbalancing:us-east-1:835314132208:targetgroup/UPS-Productionization-WMS-API-V8/aee5e8d4516d59c4'], 'i-01e683db72d508977': ['arn:aws:elasticloadbalancing:us-east-1:835314132208:targetgroup/UPS-PZN-Prd-Locus-Common-API/6110290dca5ec5dd', 'arn:aws:elasticloadbalancing:us-east-1:835314132208:targetgroup/UPS-PZN-Prd-WMS-Robot-1/3634766b2c33701a', 'arn:aws:elasticloadbalancing:us-east-1:835314132208:targetgroup/UPS-PZN-Prd-WMS-Robot-2/67f474263b6a405e'], 'i-0c3904c8e93a1aea3': ['arn:aws:elasticloadbalancing:us-east-1:835314132208:targetgroup/UPS-PZN-Prd-Locus-Common-API/6110290dca5ec5dd', 'arn:aws:elasticloadbalancing:us-east-1:835314132208:targetgroup/UPS-PZN-Prd-WMS-Robot-1/3634766b2c33701a', 'arn:aws:elasticloadbalancing:us-east-1:835314132208:targetgroup/UPS-PZN-Prd-WMS-Robot-2/67f474263b6a405e']}
2025-11-09 00:17:58,542 - 28895 - INFO - Sent app_validation.sh to i-0c3904c8e93a1aea3 (command_id: 5fdc2c71-28db-43df-aae2-5e4979b13580)
2025-11-09 00:18:28,631 - 28895 - INFO - app_validation.sh output for i-0c3904c8e93a1aea3:

==============================================================================
Server Availability Check Started at Sun Nov  9 05:17:58 UTC 2025
==============================================================================

-------------------------------------
Server IP : 172.29.59.183
-------------------------------------
System Information
------------------
Hostname: ip-172-29-59-183
Uptime: up 9 weeks, 5 days, 21 hours, 46 minutes
Current User: root
Working Directory: /usr/bin
-------------------------------------
Voice Console URL: http://172.29.59.183:9090/VoiceConsole
-------------------------------------

-------------------------------------
Server IP : 172.29.59.183
-------------------------------------
Physical Memory Information
---------------------------
Total Physical Memory = 15611 MB
Used Physical Memory  = 6791 MB
Free Physical Memory  = 8820 MB
-------------------------------------
Swap Memory Information
-----------------------
Total Swap Memory = 10239 MB
Used Swap Memory  = 1683 MB
Free Swap Memory  = 8556 MB
-------------------------------------
Load Average: 0.02 0.45 0.47 1/423 2194407
-------------------------------------

Disk Usage Information
----------------------
Filesystem                                 Size  Used Avail Use% Mounted on
/dev/nvme0n1p1                              20G  6.4G   14G  32% /
/dev/nvme0n1p128                            10M  1.3M  8.7M  13% /boot/efi
/dev/mapper/vg01-lv02                      240G   52G  189G  22% /data
fs-9aa41dd2.efs.us-east-1.amazonaws.com:/  8.0E   21T  8.0E   1% /data2
devtmpfs                                   4.0M     0  4.0M   0% /dev
tmpfs                                      7.7G     0  7.7G   0% /dev/shm
tmpfs                                      3.1G  712K  3.1G   1% /run
tmpfs                                      1.6G     0  1.6G   0% /run/user/1000
tmpfs                                      1.6G     0  1.6G   0% /run/user/2001
tmpfs                                      7.7G   64K  7.7G   1% /tmp
-------------------------------------

Application Port Validation for Server IP: 172.29.59.183 started on Sun Nov  9 05:17:58 UTC 2025

Server IP: 172.29.59.183 is reachable.

SSH Service (Port 22) Status:
SSH Service (Port 22): NOT REACHABLE
-------------------------------------

FTP Service Validation for Server IP: 172.29.59.183

FTP Service (Port 21): NOT REACHABLE
No FTP processes detected
-------------------------------------

CUPS Service Validation for Server IP: 172.29.59.183

CUPS Service (Port 631): NOT REACHABLE

Printer Configuration:
Total Printers Configured: 0
-------------------------------------
CUPS Service (Port 631): NOT REACHABLE on 172.29.59.183
-------------------------------------

Total number of Java process running on this host 172.29.59.183 is 2
Total number of Daemon / Batch (java) application process available is 0

No Java daemon processes running
-------------------------------------

-------------------------------------
Total number of App process running on this host 172.29.59.183
Total number of App java process available is 2
-------------------------------------
App Process details:
Process ID: 223612, Process Name: 126:44
Process ID: 1888895, Process Name: 3:06
-------------------------------------

Web Application Port Validation for Server IP: 172.29.59.183
Port 8082:	robotwms3_j	Running
Port 8083:	locuscmapi_j	Running
-------------------------------------

==============================================================================
Server Availability Check Completed at Sun Nov  9 05:17:59 UTC 2025
==============================================================================


2025-11-09 00:18:28,631 - 28895 - ERROR - app_validation.sh errors for i-0c3904c8e93a1aea3:

2025-11-09 00:18:28,633 - 28895 - INFO - Before patching validation saved to: output/validation-2025-11-09/172.29.59.183-BeforePatching-2025-11-09-00-18-28-632.log
2025-11-09 00:18:28,633 - 28895 - INFO - Deregistering i-0c3904c8e93a1aea3 from TG arn:aws:elasticloadbalancing:us-east-1:835314132208:targetgroup/UPS-PZN-Prd-Locus-Common-API/6110290dca5ec5dd
2025-11-09 00:18:28,707 - 28895 - INFO - Deregistering i-0c3904c8e93a1aea3 from TG arn:aws:elasticloadbalancing:us-east-1:835314132208:targetgroup/UPS-PZN-Prd-WMS-Robot-1/3634766b2c33701a
2025-11-09 00:18:28,760 - 28895 - INFO - Deregistering i-0c3904c8e93a1aea3 from TG arn:aws:elasticloadbalancing:us-east-1:835314132208:targetgroup/UPS-PZN-Prd-WMS-Robot-2/67f474263b6a405e
2025-11-09 00:18:28,814 - 28895 - INFO - Stopping EC2 instance: i-0c3904c8e93a1aea3 at 2025-11-09 00:18:28
2025-11-09 00:21:00,460 - 28895 - INFO - Instance i-0c3904c8e93a1aea3 stopped successfully.
2025-11-09 00:21:00,919 - 28895 - INFO - Stopped i-0c3904c8e93a1aea3 in 0:02:32.104268
2025-11-09 00:21:00,919 - 28895 - INFO - Starting EC2 instance: i-0c3904c8e93a1aea3
2025-11-09 00:21:16,766 - 28895 - INFO - Instance i-0c3904c8e93a1aea3 started successfully.
2025-11-09 00:21:16,766 - 28895 - INFO - Waiting 30 seconds for SSM agent to be ready on i-0c3904c8e93a1aea3...
2025-11-09 00:21:46,767 - 28895 - INFO - Registering i-0c3904c8e93a1aea3 to TG arn:aws:elasticloadbalancing:us-east-1:835314132208:targetgroup/UPS-PZN-Prd-Locus-Common-API/6110290dca5ec5dd
2025-11-09 00:21:46,989 - 28895 - INFO - Registering i-0c3904c8e93a1aea3 to TG arn:aws:elasticloadbalancing:us-east-1:835314132208:targetgroup/UPS-PZN-Prd-WMS-Robot-1/3634766b2c33701a
2025-11-09 00:21:47,125 - 28895 - INFO - Registering i-0c3904c8e93a1aea3 to TG arn:aws:elasticloadbalancing:us-east-1:835314132208:targetgroup/UPS-PZN-Prd-WMS-Robot-2/67f474263b6a405e
2025-11-09 00:27:18,192 - 28895 - INFO - Sent app_validation.sh to i-0c3904c8e93a1aea3 (command_id: 392093c4-d91c-429e-8e59-b956f075ab55)
2025-11-09 00:27:48,268 - 28895 - INFO - app_validation.sh output for i-0c3904c8e93a1aea3:

==============================================================================
Server Availability Check Started at Sun Nov  9 05:27:18 UTC 2025
==============================================================================

-------------------------------------
Server IP : 172.29.59.183
-------------------------------------
System Information
------------------
Hostname: ip-172-29-59-183
Uptime: up 6 minutes
Current User: root
Working Directory: /usr/bin
-------------------------------------
Voice Console URL: http://172.29.59.183:9090/VoiceConsole
-------------------------------------

-------------------------------------
Server IP : 172.29.59.183
-------------------------------------
Physical Memory Information
---------------------------
Total Physical Memory = 15611 MB
Used Physical Memory  = 9132 MB
Free Physical Memory  = 6479 MB
-------------------------------------
Swap Memory Information
-----------------------
Total Swap Memory = 10239 MB
Used Swap Memory  = 0 MB
Free Swap Memory  = 10239 MB
-------------------------------------
Load Average: 0.25 0.96 0.55 4/481 4764
-------------------------------------

Disk Usage Information
----------------------
Filesystem                                 Size  Used Avail Use% Mounted on
/dev/nvme0n1p1                              20G  5.9G   15G  30% /
/dev/nvme0n1p128                            10M  1.3M  8.7M  13% /boot/efi
/dev/mapper/vg01-lv02                      240G   52G  188G  22% /data
fs-9aa41dd2.efs.us-east-1.amazonaws.com:/  8.0E   21T  8.0E   1% /data2
devtmpfs                                   4.0M     0  4.0M   0% /dev
tmpfs                                      7.7G     0  7.7G   0% /dev/shm
tmpfs                                      3.1G  668K  3.1G   1% /run
tmpfs                                      7.7G   96K  7.7G   1% /tmp
-------------------------------------

Application Port Validation for Server IP: 172.29.59.183 started on Sun Nov  9 05:27:18 UTC 2025

Server IP: 172.29.59.183 is reachable.

SSH Service (Port 22) Status:
SSH Service (Port 22): NOT REACHABLE
-------------------------------------

FTP Service Validation for Server IP: 172.29.59.183

FTP Service (Port 21): NOT REACHABLE
No FTP processes detected
-------------------------------------

CUPS Service Validation for Server IP: 172.29.59.183

CUPS Service (Port 631): NOT REACHABLE

Printer Configuration:
Total Printers Configured: 0
-------------------------------------
CUPS Service (Port 631): NOT REACHABLE on 172.29.59.183
-------------------------------------

Total number of Java process running on this host 172.29.59.183 is 3
Total number of Daemon / Batch (java) application process available is 0

No Java daemon processes running
-------------------------------------

-------------------------------------
Total number of App process running on this host 172.29.59.183
Total number of App java process available is 3
-------------------------------------
App Process details:
Process ID: 3750, Process Name: 1:00
Process ID: 3766, Process Name: 0:56
Process ID: 3777, Process Name: 1:08
-------------------------------------

Web Application Port Validation for Server IP: 172.29.59.183
Port 8080:	robotwms1_jb73	Running
Port 8081:	robotwms2_jb73	Running
Port 8083:	locuscmapi_jb7	Running
-------------------------------------

==============================================================================
Server Availability Check Completed at Sun Nov  9 05:27:19 UTC 2025
==============================================================================


2025-11-09 00:27:48,268 - 28895 - ERROR - app_validation.sh errors for i-0c3904c8e93a1aea3:

2025-11-09 00:27:48,270 - 28895 - INFO - After patching validation saved to: output/validation-2025-11-09/172.29.59.183-AfterPatching-2025-11-09-00-27-48-269.log
2025-11-09 00:27:48,306 - 28895 - INFO - Validation comparison report generated: output/validation-2025-11-09/172.29.59.183-Validation-details-2025-11-09-00-27-48-269.log
2025-11-09 00:27:48,385 - 28895 - INFO - Email sent successfully to ['CloudOps@softeon.com']
2025-11-09 00:27:48,385 - 28895 - INFO - HTML validation report email sent for i-0c3904c8e93a1aea3
2025-11-09 00:27:48,884 - 28895 - INFO - Started i-0c3904c8e93a1aea3 in 0:06:47.964406
2025-11-09 00:27:48,884 - 28895 - INFO - Waiting 120 seconds before proceeding to the next instance...
2025-11-09 00:29:49,069 - 28895 - INFO - Sent app_validation.sh to i-01e683db72d508977 (command_id: 0713698d-a2fc-4a23-8d94-341b72cdc22d)
2025-11-09 00:30:19,164 - 28895 - INFO - app_validation.sh output for i-01e683db72d508977:

==============================================================================
Server Availability Check Started at Sun Nov  9 05:29:49 UTC 2025
==============================================================================

-------------------------------------
Server IP : 172.29.59.210
-------------------------------------
System Information
------------------
Hostname: ip-172-29-59-210
Uptime: up 9 weeks, 5 days, 22 hours, 39 minutes
Current User: root
Working Directory: /usr/bin
-------------------------------------
Voice Console URL: http://172.29.59.210:9090/VoiceConsole
-------------------------------------

-------------------------------------
Server IP : 172.29.59.210
-------------------------------------
Physical Memory Information
---------------------------
Total Physical Memory = 15611 MB
Used Physical Memory  = 6737 MB
Free Physical Memory  = 8874 MB
-------------------------------------
Swap Memory Information
-----------------------
Total Swap Memory = 10239 MB
Used Swap Memory  = 1610 MB
Free Swap Memory  = 8629 MB
-------------------------------------
Load Average: 0.00 0.03 0.19 6/417 1570437
-------------------------------------

Disk Usage Information
----------------------
Filesystem                                 Size  Used Avail Use% Mounted on
/dev/nvme0n1p1                              20G  6.4G   14G  32% /
/dev/nvme0n1p128                            10M  1.3M  8.7M  13% /boot/efi
/dev/mapper/vg01-lv02                      240G   54G  187G  23% /data
fs-9aa41dd2.efs.us-east-1.amazonaws.com:/  8.0E   21T  8.0E   1% /data2
devtmpfs                                   4.0M     0  4.0M   0% /dev
tmpfs                                      7.7G     0  7.7G   0% /dev/shm
tmpfs                                      3.1G  692K  3.1G   1% /run
tmpfs                                      1.6G     0  1.6G   0% /run/user/1000
tmpfs                                      7.7G   64K  7.7G   1% /tmp
-------------------------------------

Application Port Validation for Server IP: 172.29.59.210 started on Sun Nov  9 05:29:49 UTC 2025

Server IP: 172.29.59.210 is reachable.

SSH Service (Port 22) Status:
SSH Service (Port 22): NOT REACHABLE
-------------------------------------

FTP Service Validation for Server IP: 172.29.59.210

FTP Service (Port 21): NOT REACHABLE
No FTP processes detected
-------------------------------------

CUPS Service Validation for Server IP: 172.29.59.210

CUPS Service (Port 631): NOT REACHABLE

Printer Configuration:
Total Printers Configured: 0
-------------------------------------
CUPS Service (Port 631): NOT REACHABLE on 172.29.59.210
-------------------------------------

Total number of Java process running on this host 172.29.59.210 is 2
Total number of Daemon / Batch (java) application process available is 0

No Java daemon processes running
-------------------------------------

-------------------------------------
Total number of App process running on this host 172.29.59.210
Total number of App java process available is 2
-------------------------------------
App Process details:
Process ID: 1263602, Process Name: 3:13
Process ID: 3794054, Process Name: 123:58
-------------------------------------

Web Application Port Validation for Server IP: 172.29.59.210
Port 8082:	robotwms3_j	Running
Port 8083:	locuscmapi_	Running
-------------------------------------

==============================================================================
Server Availability Check Completed at Sun Nov  9 05:29:50 UTC 2025
==============================================================================


2025-11-09 00:30:19,164 - 28895 - ERROR - app_validation.sh errors for i-01e683db72d508977:

2025-11-09 00:30:19,166 - 28895 - INFO - Before patching validation saved to: output/validation-2025-11-09/172.29.59.210-BeforePatching-2025-11-09-00-30-19-166.log
2025-11-09 00:30:19,166 - 28895 - INFO - Deregistering i-01e683db72d508977 from TG arn:aws:elasticloadbalancing:us-east-1:835314132208:targetgroup/UPS-PZN-Prd-Locus-Common-API/6110290dca5ec5dd
2025-11-09 00:30:19,242 - 28895 - INFO - Deregistering i-01e683db72d508977 from TG arn:aws:elasticloadbalancing:us-east-1:835314132208:targetgroup/UPS-PZN-Prd-WMS-Robot-1/3634766b2c33701a
2025-11-09 00:30:19,288 - 28895 - INFO - Deregistering i-01e683db72d508977 from TG arn:aws:elasticloadbalancing:us-east-1:835314132208:targetgroup/UPS-PZN-Prd-WMS-Robot-2/67f474263b6a405e
2025-11-09 00:30:19,334 - 28895 - INFO - Stopping EC2 instance: i-01e683db72d508977 at 2025-11-09 00:30:19
2025-11-09 00:32:05,717 - 28895 - INFO - Instance i-01e683db72d508977 stopped successfully.
2025-11-09 00:32:06,174 - 28895 - INFO - Stopped i-01e683db72d508977 in 0:01:46.839225
2025-11-09 00:32:06,174 - 28895 - INFO - Starting EC2 instance: i-01e683db72d508977
2025-11-09 00:32:21,916 - 28895 - INFO - Instance i-01e683db72d508977 started successfully.
2025-11-09 00:32:21,916 - 28895 - INFO - Waiting 30 seconds for SSM agent to be ready on i-01e683db72d508977...
2025-11-09 00:32:51,943 - 28895 - INFO - Registering i-01e683db72d508977 to TG arn:aws:elasticloadbalancing:us-east-1:835314132208:targetgroup/UPS-PZN-Prd-Locus-Common-API/6110290dca5ec5dd
2025-11-09 00:32:52,141 - 28895 - INFO - Registering i-01e683db72d508977 to TG arn:aws:elasticloadbalancing:us-east-1:835314132208:targetgroup/UPS-PZN-Prd-WMS-Robot-1/3634766b2c33701a
2025-11-09 00:32:52,287 - 28895 - INFO - Registering i-01e683db72d508977 to TG arn:aws:elasticloadbalancing:us-east-1:835314132208:targetgroup/UPS-PZN-Prd-WMS-Robot-2/67f474263b6a405e
2025-11-09 00:40:53,552 - 28895 - WARNING - i-01e683db72d508977 not healthy in arn:aws:elasticloadbalancing:us-east-1:835314132208:targetgroup/UPS-PZN-Prd-WMS-Robot-1/3634766b2c33701a after timeout.
2025-11-09 00:45:54,330 - 28895 - WARNING - i-01e683db72d508977 not healthy in arn:aws:elasticloadbalancing:us-east-1:835314132208:targetgroup/UPS-PZN-Prd-WMS-Robot-2/67f474263b6a405e after timeout.
2025-11-09 00:45:54,404 - 28895 - INFO - Email sent successfully to ['CloudOps@softeon.com']
2025-11-09 00:45:54,404 - 28895 - ERROR - Aborting workflow: i-01e683db72d508977 is not healthy after restart.
2025-11-09 00:45:54,407 - 28895 - INFO - Restart Total time: 0:28:15.795420
2025-11-09 00:45:54,408 - 28895 - INFO - Auto-confirmed services are restarted
2025-11-09 00:45:54,408 - 28895 - INFO - Confirmed - services are started
2025-11-09 00:45:54,526 - 28895 - INFO - The following instances have failed the patch: []
2025-11-09 00:45:54,527 - 28895 - INFO - No instances have failed the patch.
2025-11-09 00:45:54,527 - 28895 - INFO - Total Patch Process time: 0:40:51.822183
2025-11-09 00:45:55,065 - 28895 - INFO - Email sent successfully to ['a80af5b5.softeon.com@in.teams.ms', 'CloudOps@softeon.com']
2025-11-09 00:46:55,309 - 28895 - INFO - Log file ./logs/patching_2025-11-09_UPS-Productionization-API.log uploaded to s3://q4-2025-aws-security-patching/UPS-Productionization-API_Patch/2025-11-09/patching_2025-11-09_UPS-Productionization-API.log
