2025-12-06 04:15:02,754 - 2710 - INFO - Email sent successfully to ['CloudOps@softeon.com']
2025-12-06 04:19:20,035 - 2710 - INFO - Email sent successfully to ['MahimaM@softeon.com']
2025-12-06 04:19:20,157 - 2710 - INFO - Log file ./logs/backup_2025-12-06.log uploaded to s3://q3-2025-aws-security-patching/Durodyne-Batch_Patch_Backup/2025-12-06/backup_2025-12-06.log
2025-12-06 08:15:02,228 - 17853 - INFO - Logger setup has been removed, using shared logger from common.logs.logger.
2025-12-06 08:15:02,228 - 17853 - INFO - Script Start Time: 2025-12-06 08:15:02
2025-12-06 08:15:02,649 - 17853 - INFO - Instance(s) selected for Patching: {'i-0a9e9959991701a40': '172.31.32.58'}
2025-12-06 08:15:02,744 - 17853 - INFO - Email sent successfully to ['a80af5b5.softeon.com@in.teams.ms', 'CloudOps@softeon.com']
2025-12-06 08:15:02,744 - 17853 - INFO - Now patching instances at: 2025-12-06 08:15:02
2025-12-06 08:15:02,832 - 17853 - INFO - Sending patch command to instance i-0a9e9959991701a40
2025-12-06 08:15:03,021 - 17853 - INFO - Command sent successfully to instance i-0a9e9959991701a40. Command ID: 84e2014d-cfe0-4e57-8ec3-5cb2045b2048
2025-12-06 08:18:04,156 - 17853 - INFO - All patches applied successfully.
2025-12-06 08:18:04,156 - 17853 - INFO - Patching end time: 2025-12-06 08:18:04
2025-12-06 08:18:04,156 - 17853 - INFO - Patch Elapsed time: 0:03:01.411883
2025-12-06 08:18:04,247 - 17853 - INFO - Email sent successfully to ['a80af5b5.softeon.com@in.teams.ms', 'CloudOps@softeon.com']
2025-12-06 08:18:04,247 - 17853 - INFO - Confirmed - services are stopped
2025-12-06 08:18:24,382 - 17853 - INFO - Discovered TG map: {}
2025-12-06 08:18:24,657 - 17853 - INFO - Sent app_validation.sh to i-0a9e9959991701a40 (command_id: 1ada77a6-41ca-456a-b700-70118df9b0a5)
2025-12-06 08:18:54,743 - 17853 - INFO - app_validation.sh output for i-0a9e9959991701a40:

==============================================================================
Server Availability Check Started at Sat Dec  6 13:18:24 UTC 2025
==============================================================================

-------------------------------------
Server IP : 172.31.32.58
-------------------------------------
System Information
------------------
Hostname: ip-172-31-32-58
Uptime: up 8 weeks, 5 days, 18 hours, 29 minutes
Current User: root
Working Directory: /usr/bin
-------------------------------------
Voice Console URL: http://172.31.32.58:9090/VoiceConsole
-------------------------------------

-------------------------------------
Server IP : 172.31.32.58
-------------------------------------
Physical Memory Information
---------------------------
Total Physical Memory = 15678 MB
Used Physical Memory  = 4655 MB
Free Physical Memory  = 11023 MB
-------------------------------------
Swap Memory Information
-----------------------
Total Swap Memory = 10239 MB
Used Swap Memory  = 230 MB
Free Swap Memory  = 10009 MB
-------------------------------------
Load Average: 0.65 0.62 0.26 3/605 3867055
-------------------------------------

Disk Usage Information
----------------------
Filesystem                                          Size  Used Avail Use% Mounted on
/dev/nvme0n1p1                                       20G  3.8G   17G  19% /
/dev/nvme0n1p128                                     10M  1.4M  8.7M  14% /boot/efi
/dev/nvme1n1p2                                      240G   24G  217G  10% /data
fs-0c535bebeb61badfa.efs.us-east-1.amazonaws.com:/  8.0E  9.3G  8.0E   1% /data2
devtmpfs                                            4.0M     0  4.0M   0% /dev
tmpfs                                               7.7G     0  7.7G   0% /dev/shm
tmpfs                                               3.1G  8.7M  3.1G   1% /run
tmpfs                                               1.6G     0  1.6G   0% /run/user/2001
tmpfs                                               1.6G     0  1.6G   0% /run/user/2002
tmpfs                                               7.7G  352K  7.7G   1% /tmp
-------------------------------------

Application Port Validation for Server IP: 172.31.32.58 started on Sat Dec  6 13:18:24 UTC 2025

Server IP: 172.31.32.58 is reachable.

SSH Service (Port 22) Status:
SSH Service (Port 22): NOT REACHABLE
-------------------------------------

FTP Service Validation for Server IP: 172.31.32.58

FTP Service (Port 21): NOT REACHABLE
No FTP processes detected
-------------------------------------

CUPS Service Validation for Server IP: 172.31.32.58

CUPS Service (Port 631): NOT REACHABLE

Printer Configuration:
Total Printers Configured: 19
Printer Details:
printer CWLABEL01 is idle.  enabled since Fri Dec  5 20:40:11 2025
printer CWLABEL02 is idle.  enabled since Wed Oct  8 16:27:00 2025
printer CWLABEL03_UPS is idle.  enabled since Wed Oct  8 16:30:13 2025
printer CWLASER01 is idle.  enabled since Fri Dec  5 20:36:34 2025
printer CWLASER02 is idle.  enabled since Fri Dec  5 12:59:30 2025
printer LTL1 is idle.  enabled since Wed Oct  8 16:35:21 2025
printer LTLLASER is idle.  enabled since Thu Nov 13 12:34:13 2025
printer NC1LABEL01 is idle.  enabled since Mon Nov 17 16:19:11 2025
printer NC1LABEL02 is idle.  enabled since Wed Oct  8 16:39:36 2025
printer NC1LABEL03 is idle.  enabled since Fri Dec  5 19:26:23 2025
printer NC1LABEL04 is idle.  enabled since Thu Dec  4 19:42:09 2025
printer NC1LABEL05 is idle.  enabled since Fri Dec  5 20:28:38 2025
printer NC1LTLFREIGHTPRT now printing NC1LTLFREIGHTPRT-15242.  enabled since Sat Dec  6 13:07:47 2025
	Connected to printer.
printer NC1PRINTSTATION01PRT is idle.  enabled since Fri Nov 21 21:22:44 2025
printer NC1SHIPPINGPRT is idle.  enabled since Thu Oct 16 17:33:40 2025
printer NC1TEST is idle.  enabled since Wed Oct  8 16:44:38 2025
printer NC1TEST2 is idle.  enabled since Wed Oct  8 16:45:19 2025
printer NCLABEL03 is idle.  enabled since Wed Oct  8 16:38:23 2025
-------------------------------------
CUPS Service (Port 631): NOT REACHABLE on 172.31.32.58
-------------------------------------

Total number of Java process running on this host 172.31.32.58 is 11
Total number of Daemon / Batch (java) application process available is 11

Daemon Process id and name details are given below
Process ID: 1989054, Process Name: 14:37
Process ID: 1596859, Process Name: 10:51
Process ID: 1596688, Process Name: 90:23
Process ID: 1596566, Process Name: 28:43
Process ID: 1596362, Process Name: 11:53
Process ID: 1596458, Process Name: 9:31
Process ID: 1596410, Process Name: 15:37
Process ID: 1596515, Process Name: 40:26
Process ID: 1596617, Process Name: 53:26
Process ID: 1596738, Process Name: 21:00
Process ID: 1596798, Process Name: 10:02
-------------------------------------

-------------------------------------
Total number of App process running on this host 172.31.32.58
Total number of App java process available is 0
-------------------------------------
No Standalone application processes running
-------------------------------------

Web Application Port Validation for Server IP: 172.31.32.58
-------------------------------------

==============================================================================
Server Availability Check Completed at Sat Dec  6 13:18:28 UTC 2025
==============================================================================


2025-12-06 08:18:54,744 - 17853 - ERROR - app_validation.sh errors for i-0a9e9959991701a40:

2025-12-06 08:18:54,746 - 17853 - INFO - Before patching validation saved to: output/validation-2025-12-06/172.31.32.58-BeforePatching-2025-12-06-08-18-54-745.log
2025-12-06 08:18:54,746 - 17853 - INFO - Stopping EC2 instance: i-0a9e9959991701a40 at 2025-12-06 08:18:54
2025-12-06 08:19:55,856 - 17853 - INFO - Instance i-0a9e9959991701a40 stopped successfully.
2025-12-06 08:19:55,983 - 17853 - INFO - Stopped i-0a9e9959991701a40 in 0:01:01.237646
2025-12-06 08:19:55,984 - 17853 - INFO - Starting EC2 instance: i-0a9e9959991701a40
2025-12-06 08:20:11,868 - 17853 - INFO - Instance i-0a9e9959991701a40 started successfully.
2025-12-06 08:20:11,868 - 17853 - INFO - Waiting 30 seconds for SSM agent to be ready on i-0a9e9959991701a40...
2025-12-06 08:20:42,037 - 17853 - INFO - Sent app_validation.sh to i-0a9e9959991701a40 (command_id: 74230038-c6a9-4501-b4e6-c85fce341551)
2025-12-06 08:21:12,113 - 17853 - INFO - app_validation.sh output for i-0a9e9959991701a40:

==============================================================================
Server Availability Check Started at Sat Dec  6 13:20:42 UTC 2025
==============================================================================

-------------------------------------
Server IP : 172.31.32.58
-------------------------------------
System Information
------------------
Hostname: ip-172-31-32-58
Uptime: up 0 minutes
Current User: root
Working Directory: /usr/bin
-------------------------------------
Voice Console URL: http://172.31.32.58:9090/VoiceConsole
-------------------------------------

-------------------------------------
Server IP : 172.31.32.58
-------------------------------------
Physical Memory Information
---------------------------
Total Physical Memory = 15678 MB
Used Physical Memory  = 510 MB
Free Physical Memory  = 15168 MB
-------------------------------------
Swap Memory Information
-----------------------
Total Swap Memory = 10239 MB
Used Swap Memory  = 0 MB
Free Swap Memory  = 10239 MB
-------------------------------------
Load Average: 0.47 0.15 0.05 2/275 2646
-------------------------------------

Disk Usage Information
----------------------
Filesystem                                          Size  Used Avail Use% Mounted on
/dev/nvme0n1p1                                       20G  3.8G   17G  19% /
/dev/nvme0n1p128                                     10M  1.4M  8.7M  14% /boot/efi
/dev/nvme1n1p2                                      240G   24G  217G  10% /data
fs-0c535bebeb61badfa.efs.us-east-1.amazonaws.com:/  8.0E  9.3G  8.0E   1% /data2
devtmpfs                                            4.0M     0  4.0M   0% /dev
tmpfs                                               7.7G     0  7.7G   0% /dev/shm
tmpfs                                               3.1G  8.7M  3.1G   1% /run
tmpfs                                               7.7G     0  7.7G   0% /tmp
-------------------------------------

Application Port Validation for Server IP: 172.31.32.58 started on Sat Dec  6 13:20:42 UTC 2025

Server IP: 172.31.32.58 is reachable.

SSH Service (Port 22) Status:
SSH Service (Port 22): NOT REACHABLE
-------------------------------------

FTP Service Validation for Server IP: 172.31.32.58

FTP Service (Port 21): NOT REACHABLE
No FTP processes detected
-------------------------------------

CUPS Service Validation for Server IP: 172.31.32.58

CUPS Service (Port 631): NOT REACHABLE

Printer Configuration:
Total Printers Configured: 19
Printer Details:
printer CWLABEL01 is idle.  enabled since Fri Dec  5 20:40:11 2025
printer CWLABEL02 is idle.  enabled since Wed Oct  8 16:27:00 2025
printer CWLABEL03_UPS is idle.  enabled since Wed Oct  8 16:30:13 2025
printer CWLASER01 is idle.  enabled since Fri Dec  5 20:36:34 2025
printer CWLASER02 is idle.  enabled since Fri Dec  5 12:59:30 2025
printer LTL1 is idle.  enabled since Wed Oct  8 16:35:21 2025
printer LTLLASER is idle.  enabled since Thu Nov 13 12:34:13 2025
printer NC1LABEL01 is idle.  enabled since Mon Nov 17 16:19:11 2025
printer NC1LABEL02 is idle.  enabled since Wed Oct  8 16:39:36 2025
printer NC1LABEL03 is idle.  enabled since Fri Dec  5 19:26:23 2025
printer NC1LABEL04 is idle.  enabled since Thu Dec  4 19:42:09 2025
printer NC1LABEL05 is idle.  enabled since Fri Dec  5 20:28:38 2025
printer NC1LTLFREIGHTPRT now printing NC1LTLFREIGHTPRT-15242.  enabled since Sat Dec  6 13:20:11 2025
	Connected to printer.
printer NC1PRINTSTATION01PRT is idle.  enabled since Fri Nov 21 21:22:44 2025
printer NC1SHIPPINGPRT is idle.  enabled since Thu Oct 16 17:33:40 2025
printer NC1TEST is idle.  enabled since Wed Oct  8 16:44:38 2025
printer NC1TEST2 is idle.  enabled since Wed Oct  8 16:45:19 2025
printer NCLABEL03 is idle.  enabled since Wed Oct  8 16:38:23 2025
-------------------------------------
CUPS Service (Port 631): NOT REACHABLE on 172.31.32.58
-------------------------------------

Total number of Java process running on this host 172.31.32.58 is 0
Total number of Daemon / Batch (java) application process available is 0

No Java daemon processes running
-------------------------------------

-------------------------------------
Total number of App process running on this host 172.31.32.58
Total number of App java process available is 0
-------------------------------------
No Standalone application processes running
-------------------------------------

Web Application Port Validation for Server IP: 172.31.32.58
-------------------------------------

==============================================================================
Server Availability Check Completed at Sat Dec  6 13:20:44 UTC 2025
==============================================================================


2025-12-06 08:21:12,113 - 17853 - ERROR - app_validation.sh errors for i-0a9e9959991701a40:

2025-12-06 08:21:12,115 - 17853 - INFO - After patching validation saved to: output/validation-2025-12-06/172.31.32.58-AfterPatching-2025-12-06-08-21-12-114.log
2025-12-06 08:21:12,149 - 17853 - INFO - Validation comparison report generated: output/validation-2025-12-06/172.31.32.58-Validation-details-2025-12-06-08-21-12-114.log
2025-12-06 08:21:12,227 - 17853 - INFO - Email sent successfully to ['CloudOps@softeon.com']
2025-12-06 08:21:12,227 - 17853 - INFO - HTML validation report email sent for i-0a9e9959991701a40
2025-12-06 08:21:12,354 - 17853 - INFO - Started i-0a9e9959991701a40 in 0:01:16.370527
2025-12-06 08:21:12,354 - 17853 - INFO - All instances processed.
2025-12-06 08:21:12,357 - 17853 - INFO - Restart Total time: 0:03:07.969767
2025-12-06 08:21:12,357 - 17853 - INFO - Auto-confirmed services are restarted
2025-12-06 08:21:12,357 - 17853 - INFO - Confirmed - services are started
2025-12-06 08:21:12,480 - 17853 - INFO - The following instances have failed the patch: []
2025-12-06 08:21:12,481 - 17853 - INFO - No instances have failed the patch.
2025-12-06 08:21:12,481 - 17853 - INFO - Total Patch Process time: 0:06:10.252036
2025-12-06 08:21:12,666 - 17853 - INFO - Email sent successfully to ['a80af5b5.softeon.com@in.teams.ms', 'CloudOps@softeon.com']
2025-12-06 08:22:12,831 - 17853 - INFO - Log file ./logs/patching_2025-12-06_Durodyne-Batch.log uploaded to s3://q4-2025-aws-security-patching/Durodyne-Batch_Patch/2025-12-06/patching_2025-12-06_Durodyne-Batch.log
