2025-10-10 01:00:04,743 - 12905 - INFO - Logger setup has been removed, using shared logger from common.logs.logger.
2025-10-10 01:00:04,746 - 12905 - INFO - Script Start Time: 2025-10-10 01:00:04
2025-10-10 01:00:05,173 - 12905 - INFO - Instance(s) selected for Patching: {'i-02d3cbde08a945070': '10.0.10.236'}
2025-10-10 01:00:05,305 - 12905 - INFO - Email sent successfully to ['adityak@softeon.com', 'a80af5b5.softeon.com@in.teams.ms', 'ITSupport@softeon.com']
2025-10-10 01:00:05,305 - 12905 - INFO - Now patching instances at: 2025-10-10 01:00:05
2025-10-10 01:00:05,598 - 12905 - INFO - Sending patch command to instance i-02d3cbde08a945070
2025-10-10 01:00:05,753 - 12905 - INFO - Command sent successfully to instance i-02d3cbde08a945070. Command ID: d75cbb37-9303-444f-b270-219c87f1cc00
2025-10-10 01:05:07,897 - 12905 - INFO - All patches applied successfully.
2025-10-10 01:05:07,897 - 12905 - INFO - Patching end time: 2025-10-10 01:05:07
2025-10-10 01:05:07,897 - 12905 - INFO - Patch Elapsed time: 0:05:02.591598
2025-10-10 01:05:07,965 - 12905 - INFO - Email sent successfully to ['adityak@softeon.com', 'a80af5b5.softeon.com@in.teams.ms', 'ITSupport@softeon.com']
2025-10-10 01:05:07,965 - 12905 - INFO - Confirmed - services are stopped
2025-10-10 01:05:44,601 - 12905 - INFO - Discovered TG map: {'i-02d3cbde08a945070': ['arn:aws:elasticloadbalancing:us-east-1:835314132208:targetgroup/SaddleCreek-DSW-UAT-Desktop-New/a1b3bc663e682695', 'arn:aws:elasticloadbalancing:us-east-1:835314132208:targetgroup/SaddleCreek-DSW-UAT-WS/6565202988f7aabc', 'arn:aws:elasticloadbalancing:us-east-1:835314132208:targetgroup/SaddleCreek-DSW-UAT-RF-New/d38c37b6e1062887']}
2025-10-10 01:05:44,876 - 12905 - INFO - Sent app_validation.sh to i-02d3cbde08a945070 (command_id: 4db6a1e6-58f3-4e2e-b6a7-f971aed1bb37)
2025-10-10 01:06:14,948 - 12905 - INFO - app_validation.sh output for i-02d3cbde08a945070:

==============================================================================
Server Availability Check Started at Fri Oct 10 05:05:45 UTC 2025
==============================================================================

-------------------------------------
Server IP : 10.0.10.236
-------------------------------------
System Information
------------------
Hostname: ip-10-0-10-236
Uptime: up 12 weeks, 5 days, 20 hours, 58 minutes
Current User: root
Working Directory: /usr/bin
-------------------------------------
Voice Console URL: http://10.0.10.236:9090/VoiceConsole
-------------------------------------

-------------------------------------
Server IP : 10.0.10.236
-------------------------------------
Physical Memory Information
---------------------------
Total Physical Memory = 15611 MB
Used Physical Memory  = 10605 MB
Free Physical Memory  = 5006 MB
-------------------------------------
Swap Memory Information
-----------------------
Total Swap Memory = 10239 MB
Used Swap Memory  = 2884 MB
Free Swap Memory  = 7355 MB
-------------------------------------
Load Average: 0.59 1.00 0.51 1/1056 1167142
-------------------------------------

Disk Usage Information
----------------------
Filesystem             Size  Used Avail Use% Mounted on
/dev/nvme0n1p1          20G  6.5G   14G  33% /
/dev/nvme0n1p128        10M  1.3M  8.7M  13% /boot/efi
/dev/mapper/vg01-lv02  240G   87G  154G  36% /data
devtmpfs               4.0M     0  4.0M   0% /dev
tmpfs                  7.7G     0  7.7G   0% /dev/shm
tmpfs                  3.1G  8.7M  3.1G   1% /run
tmpfs                  1.6G     0  1.6G   0% /run/user/2001
tmpfs                  1.6G     0  1.6G   0% /run/user/2002
tmpfs                  7.7G  130M  7.5G   2% /tmp
-------------------------------------

Application Port Validation for Server IP: 10.0.10.236 started on Fri Oct 10 05:05:45 UTC 2025

Server IP: 10.0.10.236 is reachable.

SSH Service (Port 22) Status:
SSH Service (Port 22): REACHABLE
-------------------------------------

FTP Service Validation for Server IP: 10.0.10.236

FTP Service (Port 21): NOT REACHABLE
No FTP processes detected
-------------------------------------

CUPS Service Validation for Server IP: 10.0.10.236

CUPS Service (Port 631): REACHABLE

Printer Configuration:
Total Printers Configured: 0
-------------------------------------
CUPS Service (Port 631): REACHABLE on 10.0.10.236
CUPS Web Interface (http://10.0.10.236:631): HTTP 200 OK
-------------------------------------

Total number of Java process running on this host 10.0.10.236 is 21
Total number of Daemon / Batch (java) application process available is 17

Daemon Process id and name details are given below
Process ID: 272174, Process Name: 4:04
Process ID: 3723433, Process Name: 3:53
Process ID: 3723766, Process Name: 6:19
Process ID: 3723363, Process Name: 2:46
Process ID: 3722819, Process Name: 3:22
Process ID: 3722876, Process Name: 35:00
Process ID: 3723237, Process Name: 16:07
Process ID: 3723633, Process Name: 18:49
Process ID: 3723562, Process Name: 18:35
Process ID: 3723115, Process Name: 4:46
Process ID: 3722927, Process Name: 2:40
Process ID: 3723306, Process Name: 2:53
Process ID: 3723498, Process Name: 2:38
Process ID: 3722991, Process Name: 2:39
Process ID: 3723055, Process Name: 4:55
Process ID: 284592, Process Name: 4:31
Process ID: 3723700, Process Name: 5:02
-------------------------------------

-------------------------------------
Total number of App process running on this host 10.0.10.236
Total number of App java process available is 2
-------------------------------------
App Process details:
Process ID: 3734979, Process Name: 21:07
Process ID: 3735229, Process Name: 17:09
-------------------------------------

Web Application Port Validation for Server IP: 10.0.10.236
Port 8080:	dwsuat_jb80	Running
Port 8081:	dswrfuat_jb	Running
-------------------------------------

==============================================================================
Server Availability Check Completed at Fri Oct 10 05:05:48 UTC 2025
==============================================================================


2025-10-10 01:06:14,948 - 12905 - ERROR - app_validation.sh errors for i-02d3cbde08a945070:

2025-10-10 01:06:14,950 - 12905 - INFO - Before patching validation saved to: output/validation-2025-10-10/10.0.10.236-BeforePatching-2025-10-10-01-06-14-949.log
2025-10-10 01:06:14,951 - 12905 - INFO - Deregistering i-02d3cbde08a945070 from TG arn:aws:elasticloadbalancing:us-east-1:835314132208:targetgroup/SaddleCreek-DSW-UAT-Desktop-New/a1b3bc663e682695
2025-10-10 01:06:15,030 - 12905 - INFO - Deregistering i-02d3cbde08a945070 from TG arn:aws:elasticloadbalancing:us-east-1:835314132208:targetgroup/SaddleCreek-DSW-UAT-WS/6565202988f7aabc
2025-10-10 01:06:15,072 - 12905 - INFO - Deregistering i-02d3cbde08a945070 from TG arn:aws:elasticloadbalancing:us-east-1:835314132208:targetgroup/SaddleCreek-DSW-UAT-RF-New/d38c37b6e1062887
2025-10-10 01:06:15,134 - 12905 - INFO - Stopping EC2 instance: i-02d3cbde08a945070 at 2025-10-10 01:06:15
2025-10-10 01:08:46,905 - 12905 - INFO - Instance i-02d3cbde08a945070 stopped successfully.
2025-10-10 01:08:47,016 - 12905 - INFO - Stopped i-02d3cbde08a945070 in 0:02:31.881531
2025-10-10 01:08:47,016 - 12905 - INFO - Starting EC2 instance: i-02d3cbde08a945070
2025-10-10 01:09:02,640 - 12905 - INFO - Instance i-02d3cbde08a945070 started successfully.
2025-10-10 01:09:02,640 - 12905 - INFO - Waiting 30 seconds for SSM agent to be ready on i-02d3cbde08a945070...
2025-10-10 01:09:32,655 - 12905 - INFO - Registering i-02d3cbde08a945070 to TG arn:aws:elasticloadbalancing:us-east-1:835314132208:targetgroup/SaddleCreek-DSW-UAT-Desktop-New/a1b3bc663e682695
2025-10-10 01:09:32,908 - 12905 - INFO - Registering i-02d3cbde08a945070 to TG arn:aws:elasticloadbalancing:us-east-1:835314132208:targetgroup/SaddleCreek-DSW-UAT-WS/6565202988f7aabc
2025-10-10 01:09:33,049 - 12905 - INFO - Registering i-02d3cbde08a945070 to TG arn:aws:elasticloadbalancing:us-east-1:835314132208:targetgroup/SaddleCreek-DSW-UAT-RF-New/d38c37b6e1062887
2025-10-10 01:14:33,919 - 12905 - WARNING - i-02d3cbde08a945070 not healthy in arn:aws:elasticloadbalancing:us-east-1:835314132208:targetgroup/SaddleCreek-DSW-UAT-Desktop-New/a1b3bc663e682695 after timeout.
2025-10-10 01:19:34,679 - 12905 - WARNING - i-02d3cbde08a945070 not healthy in arn:aws:elasticloadbalancing:us-east-1:835314132208:targetgroup/SaddleCreek-DSW-UAT-WS/6565202988f7aabc after timeout.
2025-10-10 01:24:35,407 - 12905 - WARNING - i-02d3cbde08a945070 not healthy in arn:aws:elasticloadbalancing:us-east-1:835314132208:targetgroup/SaddleCreek-DSW-UAT-RF-New/d38c37b6e1062887 after timeout.
2025-10-10 01:24:35,485 - 12905 - INFO - Email sent successfully to ['adityak@softeon.com', 'ITSupport@softeon.com']
2025-10-10 01:24:35,485 - 12905 - ERROR - Aborting workflow: i-02d3cbde08a945070 is not healthy after restart.
2025-10-10 01:24:35,488 - 12905 - INFO - Restart Total time: 0:19:27.395777
2025-10-10 01:24:35,488 - 12905 - INFO - Auto-confirmed services are restarted
2025-10-10 01:24:35,488 - 12905 - INFO - Confirmed - services are started
2025-10-10 01:24:35,603 - 12905 - INFO - The following instances have failed the patch: []
2025-10-10 01:24:35,604 - 12905 - INFO - No instances have failed the patch.
2025-10-10 01:24:35,604 - 12905 - INFO - Total Patch Process time: 0:24:30.856724
2025-10-10 01:24:35,778 - 12905 - INFO - Email sent successfully to ['adityak@softeon.com', 'a80af5b5.softeon.com@in.teams.ms', 'ITSupport@softeon.com']
2025-10-10 01:25:36,027 - 12905 - INFO - Log file ./logs/patching_2025-10-10_10-0-10-236-SaddleCreek.log uploaded to s3://q4-2025-aws-security-patching/10-0-10-236-SaddleCreek_Patch/2025-10-10/patching_2025-10-10_10-0-10-236-SaddleCreek.log
