2026-01-06 01:30:03,286 - 8370 - INFO - Email sent successfully to ['CloudOps@softeon.com']
2026-01-06 01:39:09,414 - 8370 - INFO - Email sent successfully to ['MahimaM@softeon.com']
2026-01-06 01:39:09,514 - 8370 - INFO - Log file ./logs/backup_2026-01-06.log uploaded to s3://q3-2025-aws-security-patching/RXO-UAT_Patch_Backup/2026-01-06/backup_2026-01-06.log
2026-01-06 05:30:03,623 - 22075 - INFO - Logger setup has been removed, using shared logger from common.logs.logger.
2026-01-06 05:30:03,623 - 22075 - INFO - Script Start Time: 2026-01-06 05:30:03
2026-01-06 05:30:03,786 - 22075 - INFO - Instance(s) selected for Patching: {'i-0c105f68f4ac76e91': '172.22.24.17'}
2026-01-06 05:30:03,904 - 22075 - INFO - Email sent successfully to ['a80af5b5.softeon.com@in.teams.ms', 'CloudOps@softeon.com']
2026-01-06 05:30:03,905 - 22075 - INFO - Now patching instances at: 2026-01-06 05:30:03
2026-01-06 05:30:03,995 - 22075 - INFO - Sending patch command to instance i-0c105f68f4ac76e91
2026-01-06 05:30:04,428 - 22075 - INFO - Command sent successfully to instance i-0c105f68f4ac76e91. Command ID: b69e382d-a340-4e06-a69a-19c57ea08adc
2026-01-06 05:34:06,241 - 22075 - INFO - All patches applied successfully.
2026-01-06 05:34:06,242 - 22075 - INFO - Patching end time: 2026-01-06 05:34:06
2026-01-06 05:34:06,242 - 22075 - INFO - Patch Elapsed time: 0:04:02.337307
2026-01-06 05:34:06,308 - 22075 - INFO - Email sent successfully to ['a80af5b5.softeon.com@in.teams.ms', 'CloudOps@softeon.com']
2026-01-06 05:34:06,309 - 22075 - INFO - Confirmed - services are stopped
2026-01-06 05:34:11,299 - 22075 - INFO - Discovered TG map: {'i-0c105f68f4ac76e91': ['arn:aws:elasticloadbalancing:eu-west-1:835314132208:targetgroup/RXO-UAT-Config/d5296744b802d06c', 'arn:aws:elasticloadbalancing:eu-west-1:835314132208:targetgroup/RXO-UAT-Desktop/72e3abfd8079c8c2', 'arn:aws:elasticloadbalancing:eu-west-1:835314132208:targetgroup/RXO-UAT-RF/9b41321347ef0b1b', 'arn:aws:elasticloadbalancing:eu-west-1:835314132208:targetgroup/RXO-UAT-YMS/b7dd5b94d47013e8']}
2026-01-06 05:34:11,809 - 22075 - INFO - Sent app_validation.sh to i-0c105f68f4ac76e91 (command_id: d541fcab-91c2-466c-ab6a-3b9c54204f86)
2026-01-06 05:34:41,994 - 22075 - INFO - app_validation.sh output for i-0c105f68f4ac76e91:

==============================================================================
Server Availability Check Started at Tue Jan  6 10:34:12 UTC 2026
==============================================================================

-------------------------------------
Server IP : 172.22.24.17
-------------------------------------
System Information
------------------
Hostname: ip-172-22-24-17.eu-west-1.compute.internal
Uptime: up 8 weeks, 4 days, 4 hours, 32 minutes
Current User: root
Working Directory: /usr/bin
-------------------------------------
Voice Console URL: http://172.22.24.17:9090/VoiceConsole
-------------------------------------

-------------------------------------
Server IP : 172.22.24.17
-------------------------------------
Physical Memory Information
---------------------------
Total Physical Memory = 15611 MB
Used Physical Memory  = 8847 MB
Free Physical Memory  = 6764 MB
-------------------------------------
Swap Memory Information
-----------------------
Total Swap Memory = 10239 MB
Used Swap Memory  = 5104 MB
Free Swap Memory  = 5135 MB
-------------------------------------
Load Average: 1.37 1.54 0.98 2/929 3260728
-------------------------------------

Disk Usage Information
----------------------
Filesystem             Size  Used Avail Use% Mounted on
/dev/nvme0n1p1          20G  5.7G   15G  29% /
/dev/nvme0n1p128        10M  1.3M  8.7M  13% /boot/efi
/dev/mapper/vg01-lv02  240G  146G   95G  61% /data
devtmpfs               4.0M     0  4.0M   0% /dev
tmpfs                  7.7G     0  7.7G   0% /dev/shm
tmpfs                  3.1G  8.8M  3.1G   1% /run
tmpfs                  1.6G     0  1.6G   0% /run/user/2001
tmpfs                  7.7G  608K  7.7G   1% /tmp
-------------------------------------

Application Port Validation for Server IP: 172.22.24.17 started on Tue Jan  6 10:34:12 UTC 2026

Server IP: 172.22.24.17 is reachable.

SSH Service (Port 22) Status:
SSH Service (Port 22): NOT REACHABLE
-------------------------------------

FTP Service Validation for Server IP: 172.22.24.17

FTP Service (Port 21): NOT REACHABLE
No FTP processes detected
-------------------------------------

CUPS Service Validation for Server IP: 172.22.24.17

CUPS Service (Port 631): NOT REACHABLE

Printer Configuration:
Total Printers Configured: 0
-------------------------------------
CUPS Service (Port 631): NOT REACHABLE on 172.22.24.17
-------------------------------------

Total number of Java process running on this host 172.22.24.17 is 19
Total number of Daemon / Batch (java) application process available is 15

Daemon Process id and name details are given below
Process ID: 2974, Process Name: 41:50
Process ID: 2907259, Process Name: 1:08
Process ID: 2907308, Process Name: 635:30
Process ID: 2907357, Process Name: 0:50
Process ID: 2907404, Process Name: 1:27
Process ID: 2907804, Process Name: 45:02
Process ID: 2907685, Process Name: 1:03
Process ID: 2907465, Process Name: 1:02
Process ID: 2907567, Process Name: 0:43
Process ID: 2907514, Process Name: 1:07
Process ID: 2907624, Process Name: 1:03
Process ID: 2907745, Process Name: 2:09
Process ID: 2907862, Process Name: 0:48
Process ID: 3075, Process Name: 61:46
Process ID: 2942, Process Name: 61:26
-------------------------------------

-------------------------------------
Total number of App process running on this host 172.22.24.17
Total number of App java process available is 4
-------------------------------------
App Process details:
Process ID: 4828, Process Name: 181:12
Process ID: 5350, Process Name: 282:04
Process ID: 2909504, Process Name: 6:00
Process ID: 2909678, Process Name: 6:00
-------------------------------------

Web Application Port Validation for Server IP: 172.22.24.17
Port 8080:	rxouat_jb73	Running
Port 8081:	rxorfuat_jb	Running
Port 8082:	rxoconfig_jb73	Running
Port 8083:	rxoymsuat_jb80	Running
-------------------------------------

==============================================================================
Server Availability Check Completed at Tue Jan  6 10:34:15 UTC 2026
==============================================================================


2026-01-06 05:34:41,994 - 22075 - ERROR - app_validation.sh errors for i-0c105f68f4ac76e91:

2026-01-06 05:34:41,996 - 22075 - INFO - Before patching validation saved to: output/validation-2026-01-06/172.22.24.17-BeforePatching-2026-01-06-05-34-41-996.log
2026-01-06 05:34:41,996 - 22075 - INFO - Deregistering i-0c105f68f4ac76e91 from TG arn:aws:elasticloadbalancing:eu-west-1:835314132208:targetgroup/RXO-UAT-Config/d5296744b802d06c
2026-01-06 05:34:42,332 - 22075 - INFO - Deregistering i-0c105f68f4ac76e91 from TG arn:aws:elasticloadbalancing:eu-west-1:835314132208:targetgroup/RXO-UAT-Desktop/72e3abfd8079c8c2
2026-01-06 05:34:42,470 - 22075 - INFO - Deregistering i-0c105f68f4ac76e91 from TG arn:aws:elasticloadbalancing:eu-west-1:835314132208:targetgroup/RXO-UAT-RF/9b41321347ef0b1b
2026-01-06 05:34:42,582 - 22075 - INFO - Deregistering i-0c105f68f4ac76e91 from TG arn:aws:elasticloadbalancing:eu-west-1:835314132208:targetgroup/RXO-UAT-YMS/b7dd5b94d47013e8
2026-01-06 05:34:42,693 - 22075 - INFO - Stopping EC2 instance: i-0c105f68f4ac76e91 at 2026-01-06 05:34:42
2026-01-06 05:36:29,830 - 22075 - INFO - Instance i-0c105f68f4ac76e91 stopped successfully.
2026-01-06 05:36:29,955 - 22075 - INFO - Stopped i-0c105f68f4ac76e91 in 0:01:47.262338
2026-01-06 05:36:29,956 - 22075 - INFO - Starting EC2 instance: i-0c105f68f4ac76e91
2026-01-06 05:36:45,925 - 22075 - INFO - Instance i-0c105f68f4ac76e91 started successfully.
2026-01-06 05:36:45,925 - 22075 - INFO - Waiting 30 seconds for SSM agent to be ready on i-0c105f68f4ac76e91...
2026-01-06 05:37:15,955 - 22075 - INFO - Registering i-0c105f68f4ac76e91 to TG arn:aws:elasticloadbalancing:eu-west-1:835314132208:targetgroup/RXO-UAT-Config/d5296744b802d06c
2026-01-06 05:37:16,373 - 22075 - INFO - Registering i-0c105f68f4ac76e91 to TG arn:aws:elasticloadbalancing:eu-west-1:835314132208:targetgroup/RXO-UAT-Desktop/72e3abfd8079c8c2
2026-01-06 05:37:16,561 - 22075 - INFO - Registering i-0c105f68f4ac76e91 to TG arn:aws:elasticloadbalancing:eu-west-1:835314132208:targetgroup/RXO-UAT-RF/9b41321347ef0b1b
2026-01-06 05:37:16,746 - 22075 - INFO - Registering i-0c105f68f4ac76e91 to TG arn:aws:elasticloadbalancing:eu-west-1:835314132208:targetgroup/RXO-UAT-YMS/b7dd5b94d47013e8
2026-01-06 05:42:19,163 - 22075 - INFO - Sent app_validation.sh to i-0c105f68f4ac76e91 (command_id: d25fb52b-5eb3-4e4a-96a0-03d9280e9add)
2026-01-06 05:42:49,309 - 22075 - INFO - app_validation.sh output for i-0c105f68f4ac76e91:

==============================================================================
Server Availability Check Started at Tue Jan  6 10:42:19 UTC 2026
==============================================================================

-------------------------------------
Server IP : 172.22.24.17
-------------------------------------
System Information
------------------
Hostname: ip-172-22-24-17.eu-west-1.compute.internal
Uptime: up 5 minutes
Current User: root
Working Directory: /usr/bin
-------------------------------------
Voice Console URL: http://172.22.24.17:9090/VoiceConsole
-------------------------------------

-------------------------------------
Server IP : 172.22.24.17
-------------------------------------
Physical Memory Information
---------------------------
Total Physical Memory = 15611 MB
Used Physical Memory  = 11541 MB
Free Physical Memory  = 4070 MB
-------------------------------------
Swap Memory Information
-----------------------
Total Swap Memory = 10239 MB
Used Swap Memory  = 0 MB
Free Swap Memory  = 10239 MB
-------------------------------------
Load Average: 2.12 5.12 2.86 4/903 102231
-------------------------------------

Disk Usage Information
----------------------
Filesystem             Size  Used Avail Use% Mounted on
/dev/nvme0n1p1          20G  5.7G   15G  29% /
/dev/nvme0n1p128        10M  1.3M  8.7M  13% /boot/efi
/dev/mapper/vg01-lv02  240G  146G   95G  61% /data
devtmpfs               4.0M     0  4.0M   0% /dev
tmpfs                  7.7G     0  7.7G   0% /dev/shm
tmpfs                  3.1G  8.8M  3.1G   1% /run
tmpfs                  1.6G     0  1.6G   0% /run/user/2001
tmpfs                  7.7G  608K  7.7G   1% /tmp
-------------------------------------

Application Port Validation for Server IP: 172.22.24.17 started on Tue Jan  6 10:42:19 UTC 2026

Server IP: 172.22.24.17 is reachable.

SSH Service (Port 22) Status:
SSH Service (Port 22): NOT REACHABLE
-------------------------------------

FTP Service Validation for Server IP: 172.22.24.17

FTP Service (Port 21): NOT REACHABLE
No FTP processes detected
-------------------------------------

CUPS Service Validation for Server IP: 172.22.24.17

CUPS Service (Port 631): NOT REACHABLE

Printer Configuration:
Total Printers Configured: 0
-------------------------------------
CUPS Service (Port 631): NOT REACHABLE on 172.22.24.17
-------------------------------------

Total number of Java process running on this host 172.22.24.17 is 19
Total number of Daemon / Batch (java) application process available is 15

Daemon Process id and name details are given below
Process ID: 2898, Process Name: 0:02
Process ID: 2955, Process Name: 0:03
Process ID: 3071, Process Name: 1:44
Process ID: 3165, Process Name: 0:03
Process ID: 3218, Process Name: 0:03
Process ID: 3793, Process Name: 0:27
Process ID: 3649, Process Name: 0:03
Process ID: 3311, Process Name: 0:03
Process ID: 3479, Process Name: 0:02
Process ID: 3402, Process Name: 0:03
Process ID: 3580, Process Name: 0:03
Process ID: 3727, Process Name: 0:05
Process ID: 3880, Process Name: 0:02
Process ID: 3080, Process Name: 0:04
Process ID: 2973, Process Name: 0:04
-------------------------------------

-------------------------------------
Total number of App process running on this host 172.22.24.17
Total number of App java process available is 4
-------------------------------------
App Process details:
Process ID: 4905, Process Name: 1:26
Process ID: 4936, Process Name: 0:36
Process ID: 5180, Process Name: 1:26
Process ID: 5441, Process Name: 1:14
-------------------------------------

Web Application Port Validation for Server IP: 172.22.24.17
Port 8080:	rxouat_jb730ea	Running
Port 8081:	rxorfuat_jb730	Running
Port 8082:	rxoconfig_jb73	Running
Port 8083:	rxoymsuat_jb80	Running
-------------------------------------

==============================================================================
Server Availability Check Completed at Tue Jan  6 10:42:24 UTC 2026
==============================================================================


2026-01-06 05:42:49,309 - 22075 - ERROR - app_validation.sh errors for i-0c105f68f4ac76e91:

2026-01-06 05:42:49,311 - 22075 - INFO - After patching validation saved to: output/validation-2026-01-06/172.22.24.17-AfterPatching-2026-01-06-05-42-49-311.log
2026-01-06 05:42:49,346 - 22075 - INFO - Validation comparison report generated: output/validation-2026-01-06/172.22.24.17-Validation-details-2026-01-06-05-42-49-311.log
2026-01-06 05:42:49,435 - 22075 - INFO - Email sent successfully to ['CloudOps@softeon.com']
2026-01-06 05:42:49,435 - 22075 - INFO - HTML validation report email sent for i-0c105f68f4ac76e91
2026-01-06 05:42:49,576 - 22075 - INFO - Started i-0c105f68f4ac76e91 in 0:06:19.620515
2026-01-06 05:42:49,576 - 22075 - INFO - All instances processed.
2026-01-06 05:42:49,580 - 22075 - INFO - Restart Total time: 0:08:43.155097
2026-01-06 05:42:49,580 - 22075 - INFO - Auto-confirmed services are restarted
2026-01-06 05:42:49,580 - 22075 - INFO - Confirmed - services are started
2026-01-06 05:42:49,684 - 22075 - INFO - The following instances have failed the patch: []
2026-01-06 05:42:49,684 - 22075 - INFO - No instances have failed the patch.
2026-01-06 05:42:49,685 - 22075 - INFO - Total Patch Process time: 0:12:46.060694
2026-01-06 05:42:49,934 - 22075 - INFO - Email sent successfully to ['a80af5b5.softeon.com@in.teams.ms', 'CloudOps@softeon.com']
2026-01-06 05:43:50,166 - 22075 - INFO - Log file ./logs/patching_2026-01-06_RXO-UAT.log uploaded to s3://q1-2026-aws-security-patching/RXO-UAT_Patch/2026-01-06/patching_2026-01-06_RXO-UAT.log
