2026-01-17 01:00:02,982 - 30898 - INFO - Logger setup has been removed, using shared logger from common.logs.logger.
2026-01-17 01:00:02,982 - 30898 - INFO - Script Start Time: 2026-01-17 01:00:02
2026-01-17 01:00:03,306 - 30898 - INFO - Instance(s) selected for Patching: {'i-0fbfb37de825ca2ab': '172.29.60.143'}
2026-01-17 01:00:03,445 - 30898 - INFO - Email sent successfully to ['a80af5b5.softeon.com@in.teams.ms', 'CloudOps@softeon.com']
2026-01-17 01:00:03,445 - 30898 - INFO - Now patching instances at: 2026-01-17 01:00:03
2026-01-17 01:00:03,582 - 30898 - INFO - Sending patch command to instance i-0fbfb37de825ca2ab
2026-01-17 01:00:03,743 - 30898 - INFO - Command sent successfully to instance i-0fbfb37de825ca2ab. Command ID: d8284f16-d205-4634-9249-94f7bb18c074
2026-01-17 01:05:05,184 - 30898 - INFO - All patches applied successfully.
2026-01-17 01:05:05,185 - 30898 - INFO - Patching end time: 2026-01-17 01:05:05
2026-01-17 01:05:05,185 - 30898 - INFO - Patch Elapsed time: 0:05:01.739452
2026-01-17 01:05:05,269 - 30898 - INFO - Email sent successfully to ['a80af5b5.softeon.com@in.teams.ms', 'CloudOps@softeon.com']
2026-01-17 01:05:05,269 - 30898 - INFO - Confirmed - services are stopped
2026-01-17 01:05:24,924 - 30898 - INFO - Discovered TG map: {'i-0fbfb37de825ca2ab': ['arn:aws:elasticloadbalancing:us-east-1:835314132208:targetgroup/UPS-Philips-UAT-NLB/3be406809be28e0f']}
2026-01-17 01:05:25,193 - 30898 - INFO - Sent app_validation.sh to i-0fbfb37de825ca2ab (command_id: ae835510-193e-438c-934a-268ab6978ff7)
2026-01-17 01:05:55,283 - 30898 - INFO - app_validation.sh output for i-0fbfb37de825ca2ab:

==============================================================================
Server Availability Check Started at Sat Jan 17 06:05:25 UTC 2026
==============================================================================

-------------------------------------
Server IP : 172.29.60.143
-------------------------------------
System Information
------------------
Hostname: ip-172-29-60-143
Uptime: up 14 weeks, 1 hour, 41 minutes
Current User: root
Working Directory: /usr/bin
-------------------------------------
Voice Console URL: http://172.29.60.143:9090/VoiceConsole
-------------------------------------

-------------------------------------
Server IP : 172.29.60.143
-------------------------------------
Physical Memory Information
---------------------------
Total Physical Memory = 15611 MB
Used Physical Memory  = 11332 MB
Free Physical Memory  = 4279 MB
-------------------------------------
Swap Memory Information
-----------------------
Total Swap Memory = 20479 MB
Used Swap Memory  = 1550 MB
Free Swap Memory  = 18929 MB
-------------------------------------
Load Average: 0.63 0.99 0.49 3/1137 1507613
-------------------------------------

Disk Usage Information
----------------------
Filesystem                                 Size  Used Avail Use% Mounted on
/dev/nvme0n1p1                              20G  6.0G   14G  31% /
/dev/nvme0n1p128                            10M  1.3M  8.7M  13% /boot/efi
/dev/nvme1n1p2                             230G   59G  172G  26% /data
fs-72d0cf3a.efs.us-east-1.amazonaws.com:/  8.0E  161G  8.0E   1% /data2
devtmpfs                                   4.0M     0  4.0M   0% /dev
tmpfs                                      7.7G     0  7.7G   0% /dev/shm
tmpfs                                      3.1G  760K  3.1G   1% /run
tmpfs                                      1.6G     0  1.6G   0% /run/user/1000
tmpfs                                      1.6G     0  1.6G   0% /run/user/2001
tmpfs                                      1.6G     0  1.6G   0% /run/user/992
tmpfs                                      7.7G   47M  7.6G   1% /tmp
-------------------------------------

Application Port Validation for Server IP: 172.29.60.143 started on Sat Jan 17 06:05:25 UTC 2026

Server IP: 172.29.60.143 is reachable.

SSH Service (Port 22) Status:
SSH Service (Port 22): NOT REACHABLE
-------------------------------------

FTP Service Validation for Server IP: 172.29.60.143

FTP Service (Port 21): NOT REACHABLE
No FTP processes detected
-------------------------------------

CUPS Service Validation for Server IP: 172.29.60.143

CUPS Service (Port 631): NOT REACHABLE

Printer Configuration:
Total Printers Configured: 77
Printer Details:
printer CSLBLPRNTR is idle.  enabled since Fri Dec 19 12:13:47 2025
	The printer is not responding.
printer GAAPR_SCOTT is idle.  enabled since Mon Oct 23 21:04:34 2023
printer GAAPR_SCOTT_LSR is idle.  enabled since Mon Oct 23 21:04:57 2023
printer KYVLL_LBL_FUR is idle.  enabled since Tue Mar 16 15:59:20 2021
printer KYVLL_LBL_OB_1 is idle.  enabled since Wed Oct 31 01:49:32 2018
printer KYVLL_LBL_OB_2 is idle.  enabled since Wed Oct 31 01:48:32 2018
printer KYVLL_LBL_OB_3 is idle.  enabled since Thu Jul  3 14:22:56 2025
printer KYVLL_LBL_OB_4 is idle.  enabled since Wed Oct 31 01:46:36 2018
printer KYVLL_LBL_OB_5 is idle.  enabled since Wed Oct 31 01:45:41 2018
printer KYVLL_LBL_OB_6 is idle.  enabled since Fri Mar 15 18:17:39 2019
printer KYVLL_LBL_OB_7 is idle.  enabled since Wed Oct 31 01:43:24 2018
printer KYVLL_LBL_OB_8 is idle.  enabled since Wed Oct 31 01:42:06 2018
printer KYVLL_LBL_OB_9 is idle.  enabled since Thu Jul  3 14:31:52 2025
printer KYVLL_LBL_WE_1 is idle.  enabled since Mon Dec  2 21:58:49 2019
printer KYVLL_LSR_FUR is idle.  enabled since Tue Jan 13 17:23:11 2026
	The printer is not responding.
printer KYVLL_LSR_OB_1 is idle.  enabled since Mon Jan 13 13:12:42 2020
printer KYVLL_LSR_OB_10 is idle.  enabled since Wed Feb 24 17:11:19 2021
printer KYVLL_LSR_OB_2 is idle.  enabled since Wed Oct 31 01:48:57 2018
printer KYVLL_LSR_OB_3 is idle.  enabled since Wed Oct 31 01:48:00 2018
printer KYVLL_LSR_OB_4 is idle.  enabled since Wed Oct 31 01:47:05 2018
printer KYVLL_LSR_OB_5 is idle.  enabled since Wed Oct 31 01:46:06 2018
printer KYVLL_LSR_OB_6 is idle.  enabled since Wed Oct 31 01:45:06 2018
printer KYVLL_LSR_OB_7 is idle.  enabled since Wed Oct 31 01:44:05 2018
printer KYVLL_LSR_OB_8 is idle.  enabled since Thu Jul  3 14:35:21 2025
printer KYVLL_LSR_OB_9 is idle.  enabled since Wed Oct 31 01:41:18 2018
printer KYVLL_TRAIN_LBL_1 is idle.  enabled since Fri May 10 16:12:05 2019
printer KYVLL_TRAIN_LBL_2 is idle.  enabled since Mon Oct 28 20:39:31 2019
printer KYVLL_TRAIN_LSR_1 is idle.  enabled since Wed May 22 20:25:38 2019
printer NLRMD_LBL_002 is idle.  enabled since Mon Nov 11 14:10:02 2019
printer NLRMD_LBL_FUR is idle.  enabled since Wed Mar 10 12:36:15 2021
printer NLRMD_LBL_FUR2 is idle.  enabled since Thu Jan 16 21:45:01 2020
printer NLRMD_LBL_UAT_001 is idle.  enabled since Wed Mar 24 08:55:19 2021
printer NLRMD_LBL_UAT_002 is idle.  enabled since Wed Mar 31 10:50:12 2021
printer NLRMD_LBL_UAT_Y01 is idle.  enabled since Wed Mar 10 12:36:15 2021
printer NLRMD_LSR_003 is idle.  enabled since Wed Jun 19 20:19:41 2019
printer NLRMD_LSR_004 is idle.  enabled since Wed Jun 19 20:20:05 2019
printer NLRMD_LSR_005 is idle.  enabled since Wed Jun 19 20:20:23 2019
printer NLRMD_LSR_006 is idle.  enabled since Wed Jun 19 20:20:46 2019
printer NLRMD_LSR_007 is idle.  enabled since Tue Sep 10 09:53:16 2019
printer NLRMD_LSR_009 is idle.  enabled since Wed Jun 19 20:21:28 2019
printer NLRMD_LSR_010 is idle.  enabled since Wed Jun 19 20:21:49 2019
printer NLRMD_LSR_011 is idle.  enabled since Mon Jun 24 17:50:04 2019
printer NLRMD_LSR_FUR is idle.  enabled since Wed Mar 10 12:36:26 2021
printer NLRMD_LSR_UAT_001 is idle.  enabled since Wed Mar 17 09:17:25 2021
printer NLRMD_LSR_UAT_002 is idle.  enabled since Wed Mar 31 10:50:25 2021
printer PHIL_LBL_001 is idle.  enabled since Mon Dec 15 10:34:45 2025
	The printer is not responding.
printer PHIL_LBL_UAT_01 is idle.  enabled since Fri Apr  2 19:03:49 2021
printer PHIL_LBL_UAT_02 is idle.  enabled since Mon Aug 12 19:44:15 2019
printer PHIL_LSR_UAT_01 is idle.  enabled since Fri Mar 26 14:15:43 2021
printer PHIL_LSR_UAT_02 is idle.  enabled since Mon Oct 28 20:39:40 2019
printer PHIL_LSR_UAT_03 is idle.  enabled since Fri Feb 12 13:29:13 2021
printer SDF4_LBL_IB1 is idle.  enabled since Mon Apr  5 12:46:52 2021
printer SDF4_LBL_IB2 is idle.  enabled since Wed Apr  7 14:29:18 2021
printer SDF4_LSR_IB1 is idle.  enabled since Mon Apr  5 12:42:46 2021
printer SDF4_LSR_IB2 is idle.  enabled since Wed Apr  7 14:30:26 2021
printer SGSIG_LBL_IB_S4M96 is idle.  enabled since Tue Jul  1 10:53:41 2025
printer SGSIG_LBL_IB_ZT410 is idle.  enabled since Sat May  4 07:16:09 2019
printer SGSIG_LBL_OB_03 is idle.  enabled since Tue Jan 13 04:00:56 2026
	The printer is not responding.
printer SGSIG_LBL_OB_S4M96 is idle.  enabled since Fri May 10 01:47:23 2019
printer SGSIG_LBL_UAT_01 is idle.  enabled since Thu Nov 20 15:33:06 2025
	The printer is not responding.
printer SGSIG_LBL_UAT_02 is idle.  enabled since Fri Aug  2 03:32:48 2019
printer SGSIG_LBL_UAT_03 is idle.  enabled since Sat May  4 07:14:39 2019
printer SGSIG_LBL_UAT_04 is idle.  enabled since Wed Jul  2 14:01:42 2025
printer SGSIG_LSR_OB_02 is idle.  enabled since Fri Mar 12 06:59:05 2021
printer SGSIG_LSR_OB_03 is idle.  enabled since Tue Jan 13 13:02:45 2026
	The printer is not responding.
printer SGSIG_LSR_OB_04 is idle.  enabled since Wed Nov 19 18:31:51 2025
	The printer is not responding.
printer SGSIG_LSR_UAT_01 is idle.  enabled since Mon Jan 12 02:27:52 2026
	The printer is not responding.
printer SGSIG_LSR_UAT_02 is idle.  enabled since Wed Mar 20 18:26:30 2019
printer TEST is idle.  enabled since Mon Oct 15 18:14:35 2018
-------------------------------------
CUPS Service (Port 631): NOT REACHABLE on 172.29.60.143
-------------------------------------

Total number of Java process running on this host 172.29.60.143 is 31
Total number of Daemon / Batch (java) application process available is 27

Daemon Process id and name details are given below
Process ID: 3861465, Process Name: 3:29
Process ID: 3861182, Process Name: 3:25
Process ID: 3861208, Process Name: 2:57
Process ID: 3861233, Process Name: 2:46
Process ID: 3861266, Process Name: 2:37
Process ID: 3861296, Process Name: 4:29
Process ID: 3861332, Process Name: 3:54
Process ID: 3861364, Process Name: 8:07
Process ID: 3861398, Process Name: 8:00
Process ID: 3861432, Process Name: 2:50
Process ID: 3861523, Process Name: 3:15
Process ID: 3861547, Process Name: 2:54
Process ID: 3861584, Process Name: 2:37
Process ID: 3861613, Process Name: 3:57
Process ID: 3861647, Process Name: 3:56
Process ID: 3861687, Process Name: 7:40
Process ID: 3861728, Process Name: 7:14
Process ID: 3861792, Process Name: 2:43
Process ID: 3860907, Process Name: 3:24
Process ID: 3860931, Process Name: 3:03
Process ID: 3860955, Process Name: 2:44
Process ID: 3860979, Process Name: 2:43
Process ID: 3861009, Process Name: 4:04
Process ID: 3861041, Process Name: 4:02
Process ID: 3861071, Process Name: 7:33
Process ID: 3861097, Process Name: 8:03
Process ID: 3861129, Process Name: 2:51
-------------------------------------

-------------------------------------
Total number of App process running on this host 172.29.60.143
Total number of App java process available is 2
-------------------------------------
App Process details:
Process ID: 99286, Process Name: 20:33
Process ID: 100767, Process Name: 14:00
-------------------------------------

Web Application Port Validation for Server IP: 172.29.60.143
Port 8082:	philipsv8_jb7	Running
Port 8083:	philipsrfv8_	Running
-------------------------------------

==============================================================================
Server Availability Check Completed at Sat Jan 17 06:05:28 UTC 2026
==============================================================================


2026-01-17 01:05:55,283 - 30898 - ERROR - app_validation.sh errors for i-0fbfb37de825ca2ab:

2026-01-17 01:05:55,285 - 30898 - INFO - Before patching validation saved to: output/validation-2026-01-17/172.29.60.143-BeforePatching-2026-01-17-01-05-55-284.log
2026-01-17 01:05:55,285 - 30898 - INFO - Deregistering i-0fbfb37de825ca2ab from TG arn:aws:elasticloadbalancing:us-east-1:835314132208:targetgroup/UPS-Philips-UAT-NLB/3be406809be28e0f
2026-01-17 01:05:55,362 - 30898 - INFO - Stopping EC2 instance: i-0fbfb37de825ca2ab at 2026-01-17 01:05:55
2026-01-17 01:08:11,979 - 30898 - INFO - Instance i-0fbfb37de825ca2ab stopped successfully.
2026-01-17 01:08:12,104 - 30898 - INFO - Stopped i-0fbfb37de825ca2ab in 0:02:16.742244
2026-01-17 01:08:12,105 - 30898 - INFO - Starting EC2 instance: i-0fbfb37de825ca2ab
2026-01-17 01:08:28,118 - 30898 - INFO - Instance i-0fbfb37de825ca2ab started successfully.
2026-01-17 01:08:28,118 - 30898 - INFO - Waiting 30 seconds for SSM agent to be ready on i-0fbfb37de825ca2ab...
2026-01-17 01:08:58,119 - 30898 - INFO - Registering i-0fbfb37de825ca2ab to TG arn:aws:elasticloadbalancing:us-east-1:835314132208:targetgroup/UPS-Philips-UAT-NLB/3be406809be28e0f
2026-01-17 01:10:58,739 - 30898 - INFO - Sent app_validation.sh to i-0fbfb37de825ca2ab (command_id: 3ccc0841-d4a0-404a-9d01-4a2d87a7811c)
2026-01-17 01:11:28,804 - 30898 - INFO - app_validation.sh output for i-0fbfb37de825ca2ab:

==============================================================================
Server Availability Check Started at Sat Jan 17 06:10:59 UTC 2026
==============================================================================

-------------------------------------
Server IP : 172.29.60.143
-------------------------------------
System Information
------------------
Hostname: ip-172-29-60-143
Uptime: up 2 minutes
Current User: root
Working Directory: /usr/bin
-------------------------------------
Voice Console URL: http://172.29.60.143:9090/VoiceConsole
-------------------------------------

-------------------------------------
Server IP : 172.29.60.143
-------------------------------------
Physical Memory Information
---------------------------
Total Physical Memory = 15623 MB
Used Physical Memory  = 5521 MB
Free Physical Memory  = 10102 MB
-------------------------------------
Swap Memory Information
-----------------------
Total Swap Memory = 20479 MB
Used Swap Memory  = 0 MB
Free Swap Memory  = 20479 MB
-------------------------------------
Load Average: 1.75 0.88 0.34 6/645 4233
-------------------------------------

Disk Usage Information
----------------------
Filesystem                                 Size  Used Avail Use% Mounted on
/dev/nvme0n1p1                              20G  6.0G   14G  30% /
/dev/nvme0n1p128                            10M  1.3M  8.7M  13% /boot/efi
/dev/nvme1n1p2                             230G   59G  172G  26% /data
fs-72d0cf3a.efs.us-east-1.amazonaws.com:/  8.0E  161G  8.0E   1% /data2
devtmpfs                                   4.0M     0  4.0M   0% /dev
tmpfs                                      7.7G     0  7.7G   0% /dev/shm
tmpfs                                      3.1G  692K  3.1G   1% /run
tmpfs                                      1.6G     0  1.6G   0% /run/user/992
tmpfs                                      7.7G   64M  7.6G   1% /tmp
-------------------------------------

Application Port Validation for Server IP: 172.29.60.143 started on Sat Jan 17 06:10:59 UTC 2026

Server IP: 172.29.60.143 is reachable.

SSH Service (Port 22) Status:
SSH Service (Port 22): NOT REACHABLE
-------------------------------------

FTP Service Validation for Server IP: 172.29.60.143

FTP Service (Port 21): NOT REACHABLE
No FTP processes detected
-------------------------------------

CUPS Service Validation for Server IP: 172.29.60.143

CUPS Service (Port 631): NOT REACHABLE

Printer Configuration:
Total Printers Configured: 69
Printer Details:
printer CSLBLPRNTR is idle.  enabled since Sat Feb 27 08:32:24 2021
printer GAAPR_SCOTT is idle.  enabled since Mon Oct 23 21:04:34 2023
printer GAAPR_SCOTT_LSR is idle.  enabled since Mon Oct 23 21:04:57 2023
printer KYVLL_LBL_FUR is idle.  enabled since Tue Mar 16 15:59:20 2021
printer KYVLL_LBL_OB_1 is idle.  enabled since Wed Oct 31 01:49:32 2018
printer KYVLL_LBL_OB_2 is idle.  enabled since Wed Oct 31 01:48:32 2018
printer KYVLL_LBL_OB_3 is idle.  enabled since Thu Jul  3 14:22:56 2025
printer KYVLL_LBL_OB_4 is idle.  enabled since Wed Oct 31 01:46:36 2018
printer KYVLL_LBL_OB_5 is idle.  enabled since Wed Oct 31 01:45:41 2018
printer KYVLL_LBL_OB_6 is idle.  enabled since Fri Mar 15 18:17:39 2019
printer KYVLL_LBL_OB_7 is idle.  enabled since Wed Oct 31 01:43:24 2018
printer KYVLL_LBL_OB_8 is idle.  enabled since Wed Oct 31 01:42:06 2018
printer KYVLL_LBL_OB_9 is idle.  enabled since Thu Jul  3 14:31:52 2025
printer KYVLL_LBL_WE_1 is idle.  enabled since Mon Dec  2 21:58:49 2019
printer KYVLL_LSR_FUR is idle.  enabled since Tue Mar 23 19:34:25 2021
printer KYVLL_LSR_OB_1 is idle.  enabled since Mon Jan 13 13:12:42 2020
printer KYVLL_LSR_OB_10 is idle.  enabled since Wed Feb 24 17:11:19 2021
printer KYVLL_LSR_OB_2 is idle.  enabled since Wed Oct 31 01:48:57 2018
printer KYVLL_LSR_OB_3 is idle.  enabled since Wed Oct 31 01:48:00 2018
printer KYVLL_LSR_OB_4 is idle.  enabled since Wed Oct 31 01:47:05 2018
printer KYVLL_LSR_OB_5 is idle.  enabled since Wed Oct 31 01:46:06 2018
printer KYVLL_LSR_OB_6 is idle.  enabled since Wed Oct 31 01:45:06 2018
printer KYVLL_LSR_OB_7 is idle.  enabled since Wed Oct 31 01:44:05 2018
printer KYVLL_LSR_OB_8 is idle.  enabled since Thu Jul  3 14:35:21 2025
printer KYVLL_LSR_OB_9 is idle.  enabled since Wed Oct 31 01:41:18 2018
printer KYVLL_TRAIN_LBL_1 is idle.  enabled since Fri May 10 16:12:05 2019
printer KYVLL_TRAIN_LBL_2 is idle.  enabled since Mon Oct 28 20:39:31 2019
printer KYVLL_TRAIN_LSR_1 is idle.  enabled since Wed May 22 20:25:38 2019
printer NLRMD_LBL_002 is idle.  enabled since Mon Nov 11 14:10:02 2019
printer NLRMD_LBL_FUR is idle.  enabled since Wed Mar 10 12:36:15 2021
printer NLRMD_LBL_FUR2 is idle.  enabled since Thu Jan 16 21:45:01 2020
printer NLRMD_LBL_UAT_001 is idle.  enabled since Wed Mar 24 08:55:19 2021
printer NLRMD_LBL_UAT_002 is idle.  enabled since Wed Mar 31 10:50:12 2021
printer NLRMD_LBL_UAT_Y01 is idle.  enabled since Wed Mar 10 12:36:15 2021
printer NLRMD_LSR_003 is idle.  enabled since Wed Jun 19 20:19:41 2019
printer NLRMD_LSR_004 is idle.  enabled since Wed Jun 19 20:20:05 2019
printer NLRMD_LSR_005 is idle.  enabled since Wed Jun 19 20:20:23 2019
printer NLRMD_LSR_006 is idle.  enabled since Wed Jun 19 20:20:46 2019
printer NLRMD_LSR_007 is idle.  enabled since Tue Sep 10 09:53:16 2019
printer NLRMD_LSR_009 is idle.  enabled since Wed Jun 19 20:21:28 2019
printer NLRMD_LSR_010 is idle.  enabled since Wed Jun 19 20:21:49 2019
printer NLRMD_LSR_011 is idle.  enabled since Mon Jun 24 17:50:04 2019
printer NLRMD_LSR_FUR is idle.  enabled since Wed Mar 10 12:36:26 2021
printer NLRMD_LSR_UAT_001 is idle.  enabled since Wed Mar 17 09:17:25 2021
printer NLRMD_LSR_UAT_002 is idle.  enabled since Wed Mar 31 10:50:25 2021
printer PHIL_LBL_001 is idle.  enabled since Thu Jul  3 14:16:13 2025
printer PHIL_LBL_UAT_01 is idle.  enabled since Fri Apr  2 19:03:49 2021
printer PHIL_LBL_UAT_02 is idle.  enabled since Mon Aug 12 19:44:15 2019
printer PHIL_LSR_UAT_01 is idle.  enabled since Fri Mar 26 14:15:43 2021
printer PHIL_LSR_UAT_02 is idle.  enabled since Mon Oct 28 20:39:40 2019
printer PHIL_LSR_UAT_03 is idle.  enabled since Fri Feb 12 13:29:13 2021
printer SDF4_LBL_IB1 is idle.  enabled since Mon Apr  5 12:46:52 2021
printer SDF4_LBL_IB2 is idle.  enabled since Wed Apr  7 14:29:18 2021
printer SDF4_LSR_IB1 is idle.  enabled since Mon Apr  5 12:42:46 2021
printer SDF4_LSR_IB2 is idle.  enabled since Wed Apr  7 14:30:26 2021
printer SGSIG_LBL_IB_S4M96 is idle.  enabled since Tue Jul  1 10:53:41 2025
printer SGSIG_LBL_IB_ZT410 is idle.  enabled since Sat May  4 07:16:09 2019
printer SGSIG_LBL_OB_03 is idle.  enabled since Tue Oct 17 07:01:33 2023
printer SGSIG_LBL_OB_S4M96 is idle.  enabled since Fri May 10 01:47:23 2019
printer SGSIG_LBL_UAT_01 is idle.  enabled since Wed Jul  2 14:00:02 2025
printer SGSIG_LBL_UAT_02 is idle.  enabled since Fri Aug  2 03:32:48 2019
printer SGSIG_LBL_UAT_03 is idle.  enabled since Sat May  4 07:14:39 2019
printer SGSIG_LBL_UAT_04 is idle.  enabled since Wed Jul  2 14:01:42 2025
printer SGSIG_LSR_OB_02 is idle.  enabled since Fri Mar 12 06:59:05 2021
printer SGSIG_LSR_OB_03 is idle.  enabled since Tue Oct 17 07:01:43 2023
printer SGSIG_LSR_OB_04 is idle.  enabled since Tue Apr  6 07:22:57 2021
printer SGSIG_LSR_UAT_01 is idle.  enabled since Fri Nov 22 01:49:12 2019
printer SGSIG_LSR_UAT_02 is idle.  enabled since Wed Mar 20 18:26:30 2019
printer TEST is idle.  enabled since Mon Oct 15 18:14:35 2018
-------------------------------------
CUPS Service (Port 631): NOT REACHABLE on 172.29.60.143
-------------------------------------

Total number of Java process running on this host 172.29.60.143 is 4
Total number of Daemon / Batch (java) application process available is 0

No Java daemon processes running
-------------------------------------

-------------------------------------
Total number of App process running on this host 172.29.60.143
Total number of App java process available is 2
-------------------------------------
App Process details:
Process ID: 3627, Process Name: 0:52
Process ID: 3631, Process Name: 0:49
-------------------------------------

Web Application Port Validation for Server IP: 172.29.60.143
Port 8082:	philipsv8_jb73	Running
Port 8083:	philipsrfv8_jb	Running
-------------------------------------

==============================================================================
Server Availability Check Completed at Sat Jan 17 06:11:00 UTC 2026
==============================================================================


2026-01-17 01:11:28,804 - 30898 - ERROR - app_validation.sh errors for i-0fbfb37de825ca2ab:

2026-01-17 01:11:28,805 - 30898 - INFO - After patching validation saved to: output/validation-2026-01-17/172.29.60.143-AfterPatching-2026-01-17-01-11-28-805.log
2026-01-17 01:11:28,844 - 30898 - INFO - Validation comparison report generated: output/validation-2026-01-17/172.29.60.143-Validation-details-2026-01-17-01-11-28-805.log
2026-01-17 01:11:28,920 - 30898 - INFO - Email sent successfully to ['CloudOps@softeon.com']
2026-01-17 01:11:28,920 - 30898 - INFO - HTML validation report email sent for i-0fbfb37de825ca2ab
2026-01-17 01:11:29,050 - 30898 - INFO - Started i-0fbfb37de825ca2ab in 0:03:16.945328
2026-01-17 01:11:29,051 - 30898 - INFO - All instances processed.
2026-01-17 01:11:29,054 - 30898 - INFO - Restart Total time: 0:06:23.651781
2026-01-17 01:11:29,054 - 30898 - INFO - Auto-confirmed services are restarted
2026-01-17 01:11:29,055 - 30898 - INFO - Confirmed - services are started
2026-01-17 01:11:29,160 - 30898 - INFO - The following instances have failed the patch: []
2026-01-17 01:11:29,160 - 30898 - INFO - No instances have failed the patch.
2026-01-17 01:11:29,160 - 30898 - INFO - Total Patch Process time: 0:11:26.177861
2026-01-17 01:11:29,345 - 30898 - INFO - Email sent successfully to ['a80af5b5.softeon.com@in.teams.ms', 'CloudOps@softeon.com']
2026-01-17 01:12:29,498 - 30898 - INFO - Log file ./logs/patching_2026-01-17_UPS-Phillips-UAT-2.log uploaded to s3://q1-2026-aws-security-patching/UPS-Phillips-UAT-2_Patch/2026-01-17/patching_2026-01-17_UPS-Phillips-UAT-2.log
