2025-11-04 00:05:01,730 - 13952 - INFO - Logger setup has been removed, using shared logger from common.logs.logger.
2025-11-04 00:05:01,730 - 13952 - INFO - Script Start Time: 2025-11-04 00:05:01
2025-11-04 00:05:01,973 - 13952 - INFO - Instance(s) selected for Patching: {'i-088ff5a4e6c00df45': '172.30.150.50', 'i-05794805ef320641a': '172.30.150.11'}
2025-11-04 00:05:02,095 - 13952 - INFO - Email sent successfully to ['adityak@softeon.com', 'a80af5b5.softeon.com@in.teams.ms', 'ITSupport@softeon.com']
2025-11-04 00:05:02,095 - 13952 - INFO - Now patching instances at: 2025-11-04 00:05:02
2025-11-04 00:05:02,214 - 13952 - INFO - Sending patch command to instance i-05794805ef320641a
2025-11-04 00:05:02,427 - 13952 - INFO - Command sent successfully to instance i-05794805ef320641a. Command ID: db346c0a-cc7f-4b5e-95ee-de0cf0c5de68
2025-11-04 00:05:02,602 - 13952 - INFO - Sending patch command to instance i-088ff5a4e6c00df45
2025-11-04 00:05:02,743 - 13952 - INFO - Command sent successfully to instance i-088ff5a4e6c00df45. Command ID: 45e1aa74-3928-488b-8daf-d0643a434c5e
2025-11-04 00:12:35,280 - 13952 - INFO - All patches applied successfully.
2025-11-04 00:12:35,281 - 13952 - INFO - Patching end time: 2025-11-04 00:12:35
2025-11-04 00:12:35,281 - 13952 - INFO - Patch Elapsed time: 0:07:33.185616
2025-11-04 00:12:35,366 - 13952 - INFO - Email sent successfully to ['adityak@softeon.com', 'a80af5b5.softeon.com@in.teams.ms', 'ITSupport@softeon.com']
2025-11-04 00:12:35,366 - 13952 - INFO - Confirmed - services are stopped
2025-11-04 00:12:43,833 - 13952 - INFO - Discovered TG map: {'i-088ff5a4e6c00df45': ['arn:aws:elasticloadbalancing:us-east-2:835314132208:targetgroup/JAS-APAC-UAT-Desktop/13892f9343fad439', 'arn:aws:elasticloadbalancing:us-east-2:835314132208:targetgroup/JAS-APAC-UAT-RF/59de377dcddba394', 'arn:aws:elasticloadbalancing:us-east-2:835314132208:targetgroup/JAS-APAC-UAT-WS-Int/ababa35e660b5a15'], 'i-05794805ef320641a': ['arn:aws:elasticloadbalancing:us-east-2:835314132208:targetgroup/JAS-Dev-Config/6937a33a19e341b5', 'arn:aws:elasticloadbalancing:us-east-2:835314132208:targetgroup/JAS-Dev-Desktop/dc2d9fb073cd18ba', 'arn:aws:elasticloadbalancing:us-east-2:835314132208:targetgroup/JAS-Dev-RF/599d794e0e1b7817', 'arn:aws:elasticloadbalancing:us-east-2:835314132208:targetgroup/JAS-UAT-AdhocAPI/d30a411e22c42844']}
2025-11-04 00:12:44,126 - 13952 - INFO - Sent app_validation.sh to i-05794805ef320641a (command_id: 0db81c98-2dbe-43a4-90e3-b2b6a28e9e42)
2025-11-04 00:13:14,242 - 13952 - INFO - app_validation.sh output for i-05794805ef320641a:

==============================================================================
Server Availability Check Started at Tue Nov  4 05:12:44 UTC 2025
==============================================================================

-------------------------------------
Server IP : 172.30.150.11
-------------------------------------
System Information
------------------
Hostname: ip-172-30-150-11.us-east-2.compute.internal
Uptime: up 16 weeks, 4 days, 22 hours, 50 minutes
Current User: root
Working Directory: /usr/bin
-------------------------------------
Voice Console URL: http://172.30.150.11:9090/VoiceConsole
-------------------------------------

-------------------------------------
Server IP : 172.30.150.11
-------------------------------------
Physical Memory Information
---------------------------
Total Physical Memory = 15611 MB
Used Physical Memory  = 12656 MB
Free Physical Memory  = 2955 MB
-------------------------------------
Swap Memory Information
-----------------------
Total Swap Memory = 10239 MB
Used Swap Memory  = 9617 MB
Free Swap Memory  = 622 MB
-------------------------------------
Load Average: 0.54 1.24 0.79 3/1795 472794
-------------------------------------

Disk Usage Information
----------------------
Filesystem        Size  Used Avail Use% Mounted on
/dev/nvme0n1p1     20G  5.6G   15G  28% /
/dev/nvme0n1p128   10M  1.3M  8.7M  13% /boot/efi
/dev/nvme1n1p2    290G  155G  136G  54% /data
devtmpfs          4.0M     0  4.0M   0% /dev
tmpfs             7.7G     0  7.7G   0% /dev/shm
tmpfs             3.1G  752K  3.1G   1% /run
tmpfs             1.6G     0  1.6G   0% /run/user/2001
tmpfs             1.6G     0  1.6G   0% /run/user/992
tmpfs             7.7G   78M  7.6G   1% /tmp
-------------------------------------

Application Port Validation for Server IP: 172.30.150.11 started on Tue Nov  4 05:12:44 UTC 2025

Server IP: 172.30.150.11 is reachable.

SSH Service (Port 22) Status:
SSH Service (Port 22): NOT REACHABLE
-------------------------------------

FTP Service Validation for Server IP: 172.30.150.11

FTP Service (Port 21): NOT REACHABLE
No FTP processes detected
-------------------------------------

CUPS Service Validation for Server IP: 172.30.150.11

CUPS Service (Port 631): NOT REACHABLE

Printer Configuration:
Total Printers Configured: 0
-------------------------------------
CUPS Service (Port 631): NOT REACHABLE on 172.30.150.11
-------------------------------------

Total number of Java process running on this host 172.30.150.11 is 62
Total number of Daemon / Batch (java) application process available is 57

Daemon Process id and name details are given below
Process ID: 2304848, Process Name: 26:11
Process ID: 2304741, Process Name: 39:53
Process ID: 2304790, Process Name: 21:00
Process ID: 2304917, Process Name: 10:10
Process ID: 2675302, Process Name: 33:59
Process ID: 2303730, Process Name: 3:06
Process ID: 2304643, Process Name: 7:05
Process ID: 3474348, Process Name: 4:36
Process ID: 2304332, Process Name: 6:39
Process ID: 2303820, Process Name: 3:27
Process ID: 2303860, Process Name: 4:26
Process ID: 2303909, Process Name: 3:46
Process ID: 2304547, Process Name: 17:41
Process ID: 2304382, Process Name: 37:34
Process ID: 2304593, Process Name: 3:01
Process ID: 2304190, Process Name: 5:04
Process ID: 2304987, Process Name: 3:12
Process ID: 2305058, Process Name: 3:14
Process ID: 2303954, Process Name: 3:04
Process ID: 2305158, Process Name: 9:48
Process ID: 2305256, Process Name: 3:27
Process ID: 2304286, Process Name: 6:40
Process ID: 2304044, Process Name: 2:54
Process ID: 2303998, Process Name: 12:54
Process ID: 2304139, Process Name: 5:02
Process ID: 2304238, Process Name: 40:45
Process ID: 2305207, Process Name: 4:23
Process ID: 2304693, Process Name: 3:16
Process ID: 2304498, Process Name: 15:30
Process ID: 2304444, Process Name: 3:13
Process ID: 2305110, Process Name: 11:10
Process ID: 2305305, Process Name: 3:06
Process ID: 2305376, Process Name: 4:59
Process ID: 2305447, Process Name: 3:28
Process ID: 2305495, Process Name: 3:28
Process ID: 2306703, Process Name: 3:37
Process ID: 2306168, Process Name: 14:50
Process ID: 2306020, Process Name: 35:00
Process ID: 2305869, Process Name: 4:45
Process ID: 2306329, Process Name: 6:35
Process ID: 2306532, Process Name: 3:12
Process ID: 2306371, Process Name: 3:18
Process ID: 2306422, Process Name: 3:19
Process ID: 2306481, Process Name: 3:14
Process ID: 2306280, Process Name: 28:23
Process ID: 2306118, Process Name: 3:20
Process ID: 2306602, Process Name: 3:17
Process ID: 2305565, Process Name: 3:07
Process ID: 2306656, Process Name: 9:54
Process ID: 2305704, Process Name: 3:27
Process ID: 2305632, Process Name: 3:34
Process ID: 2305817, Process Name: 5:04
Process ID: 2305926, Process Name: 78:01
Process ID: 2305974, Process Name: 10:34
Process ID: 2306069, Process Name: 3:18
Process ID: 2306755, Process Name: 11:15
Process ID: 2906, Process Name: 123:52
-------------------------------------

-------------------------------------
Total number of App process running on this host 172.30.150.11
Total number of App java process available is 3
-------------------------------------
App Process details:
Process ID: 1584328, Process Name: jascon_jb730eap
Process ID: 2308115, Process Name: 34:59
Process ID: 2308284, Process Name: 28:17
-------------------------------------

Web Application Port Validation for Server IP: 172.30.150.11
Port 8080:	jasdev_jb73	Running
Port 8081:	jasdevrf_jb	Running
Port 8082:	jascon_jb73	Running
Port 8083:	jascon_jb73	Not Running
-------------------------------------

==============================================================================
Server Availability Check Completed at Tue Nov  4 05:12:50 UTC 2025
==============================================================================


2025-11-04 00:13:14,242 - 13952 - ERROR - app_validation.sh errors for i-05794805ef320641a:

2025-11-04 00:13:14,244 - 13952 - INFO - Before patching validation saved to: output/validation-2025-11-04/172.30.150.11-BeforePatching-2025-11-04-00-13-14-244.log
2025-11-04 00:13:14,244 - 13952 - INFO - Deregistering i-05794805ef320641a from TG arn:aws:elasticloadbalancing:us-east-2:835314132208:targetgroup/JAS-Dev-Config/6937a33a19e341b5
2025-11-04 00:13:14,384 - 13952 - INFO - Deregistering i-05794805ef320641a from TG arn:aws:elasticloadbalancing:us-east-2:835314132208:targetgroup/JAS-Dev-Desktop/dc2d9fb073cd18ba
2025-11-04 00:13:14,441 - 13952 - INFO - Deregistering i-05794805ef320641a from TG arn:aws:elasticloadbalancing:us-east-2:835314132208:targetgroup/JAS-Dev-RF/599d794e0e1b7817
2025-11-04 00:13:14,496 - 13952 - INFO - Deregistering i-05794805ef320641a from TG arn:aws:elasticloadbalancing:us-east-2:835314132208:targetgroup/JAS-UAT-AdhocAPI/d30a411e22c42844
2025-11-04 00:13:14,548 - 13952 - INFO - Stopping EC2 instance: i-05794805ef320641a at 2025-11-04 00:13:14
2025-11-04 00:16:16,508 - 13952 - INFO - Instance i-05794805ef320641a stopped successfully.
2025-11-04 00:16:16,746 - 13952 - INFO - Stopped i-05794805ef320641a in 0:03:02.197999
2025-11-04 00:16:16,746 - 13952 - INFO - Starting EC2 instance: i-05794805ef320641a
2025-11-04 00:16:32,457 - 13952 - INFO - Instance i-05794805ef320641a started successfully.
2025-11-04 00:16:32,457 - 13952 - INFO - Waiting 30 seconds for SSM agent to be ready on i-05794805ef320641a...
2025-11-04 00:17:02,487 - 13952 - INFO - Registering i-05794805ef320641a to TG arn:aws:elasticloadbalancing:us-east-2:835314132208:targetgroup/JAS-Dev-Config/6937a33a19e341b5
2025-11-04 00:17:02,716 - 13952 - INFO - Registering i-05794805ef320641a to TG arn:aws:elasticloadbalancing:us-east-2:835314132208:targetgroup/JAS-Dev-Desktop/dc2d9fb073cd18ba
2025-11-04 00:17:02,888 - 13952 - INFO - Registering i-05794805ef320641a to TG arn:aws:elasticloadbalancing:us-east-2:835314132208:targetgroup/JAS-Dev-RF/599d794e0e1b7817
2025-11-04 00:17:03,028 - 13952 - INFO - Registering i-05794805ef320641a to TG arn:aws:elasticloadbalancing:us-east-2:835314132208:targetgroup/JAS-UAT-AdhocAPI/d30a411e22c42844
2025-11-04 00:21:04,382 - 13952 - INFO - Sent app_validation.sh to i-05794805ef320641a (command_id: aafbb3de-3f94-4df9-9a57-6bd3eb91a748)
2025-11-04 00:21:34,503 - 13952 - INFO - app_validation.sh output for i-05794805ef320641a:

==============================================================================
Server Availability Check Started at Tue Nov  4 05:21:04 UTC 2025
==============================================================================

-------------------------------------
Server IP : 172.30.150.11
-------------------------------------
System Information
------------------
Hostname: ip-172-30-150-11.us-east-2.compute.internal
Uptime: up 4 minutes
Current User: root
Working Directory: /usr/bin
-------------------------------------
Voice Console URL: http://172.30.150.11:9090/VoiceConsole
-------------------------------------

-------------------------------------
Server IP : 172.30.150.11
-------------------------------------
Physical Memory Information
---------------------------
Total Physical Memory = 15611 MB
Used Physical Memory  = 14936 MB
Free Physical Memory  = 675 MB
-------------------------------------
Swap Memory Information
-----------------------
Total Swap Memory = 10239 MB
Used Swap Memory  = 2244 MB
Free Swap Memory  = 7995 MB
-------------------------------------
Load Average: 7.02 19.28 10.01 4/1720 8173
-------------------------------------

Disk Usage Information
----------------------
Filesystem        Size  Used Avail Use% Mounted on
/dev/nvme0n1p1     20G  5.4G   15G  27% /
/dev/nvme0n1p128   10M  1.3M  8.7M  13% /boot/efi
/dev/nvme1n1p2    290G  155G  136G  54% /data
devtmpfs          4.0M     0  4.0M   0% /dev
tmpfs             7.7G     0  7.7G   0% /dev/shm
tmpfs             3.1G  1.2M  3.1G   1% /run
tmpfs             1.6G     0  1.6G   0% /run/user/2001
tmpfs             1.6G     0  1.6G   0% /run/user/992
tmpfs             7.7G   96M  7.6G   2% /tmp
-------------------------------------

Application Port Validation for Server IP: 172.30.150.11 started on Tue Nov  4 05:21:04 UTC 2025

Server IP: 172.30.150.11 is reachable.

SSH Service (Port 22) Status:
SSH Service (Port 22): NOT REACHABLE
-------------------------------------

FTP Service Validation for Server IP: 172.30.150.11

FTP Service (Port 21): NOT REACHABLE
No FTP processes detected
-------------------------------------

CUPS Service Validation for Server IP: 172.30.150.11

CUPS Service (Port 631): NOT REACHABLE

Printer Configuration:
Total Printers Configured: 0
-------------------------------------
CUPS Service (Port 631): NOT REACHABLE on 172.30.150.11
-------------------------------------

Total number of Java process running on this host 172.30.150.11 is 61
Total number of Daemon / Batch (java) application process available is 56

Daemon Process id and name details are given below
Process ID: 5564, Process Name: 0:03
Process ID: 5346, Process Name: 0:05
Process ID: 5451, Process Name: 0:03
Process ID: 5702, Process Name: 0:03
Process ID: 2859, Process Name: 0:02
Process ID: 2840, Process Name: 0:02
Process ID: 5169, Process Name: 0:03
Process ID: 3072, Process Name: 0:02
Process ID: 4490, Process Name: 0:02
Process ID: 3162, Process Name: 0:02
Process ID: 3307, Process Name: 0:03
Process ID: 3446, Process Name: 0:02
Process ID: 4916, Process Name: 0:04
Process ID: 4569, Process Name: 0:11
Process ID: 4202, Process Name: 0:02
Process ID: 5800, Process Name: 0:02
Process ID: 5876, Process Name: 0:02
Process ID: 3575, Process Name: 0:02
Process ID: 6001, Process Name: 0:03
Process ID: 6120, Process Name: 0:02
Process ID: 4409, Process Name: 0:02
Process ID: 3795, Process Name: 0:02
Process ID: 3680, Process Name: 0:03
Process ID: 4059, Process Name: 0:02
Process ID: 4304, Process Name: 0:06
Process ID: 6059, Process Name: 0:02
Process ID: 5244, Process Name: 0:02
Process ID: 4817, Process Name: 0:04
Process ID: 4700, Process Name: 0:02
Process ID: 5944, Process Name: 0:03
Process ID: 2849, Process Name: 0:02
Process ID: 3086, Process Name: 0:02
Process ID: 3214, Process Name: 0:02
Process ID: 3331, Process Name: 0:02
Process ID: 5751, Process Name: 0:02
Process ID: 4632, Process Name: 0:04
Process ID: 4313, Process Name: 0:11
Process ID: 3933, Process Name: 0:02
Process ID: 5004, Process Name: 0:02
Process ID: 5462, Process Name: 0:02
Process ID: 5122, Process Name: 0:02
Process ID: 5229, Process Name: 0:02
Process ID: 5347, Process Name: 0:02
Process ID: 4859, Process Name: 0:03
Process ID: 4548, Process Name: 0:02
Process ID: 5556, Process Name: 0:02
Process ID: 3476, Process Name: 0:02
Process ID: 5651, Process Name: 0:03
Process ID: 3687, Process Name: 0:02
Process ID: 3597, Process Name: 0:02
Process ID: 3792, Process Name: 0:02
Process ID: 4097, Process Name: 0:07
Process ID: 4221, Process Name: 0:03
Process ID: 4433, Process Name: 0:02
Process ID: 5852, Process Name: 0:03
Process ID: 2957, Process Name: 0:12
-------------------------------------

-------------------------------------
Total number of App process running on this host 172.30.150.11
Total number of App java process available is 3
-------------------------------------
App Process details:
Process ID: 6398, Process Name: 0:30
Process ID: 6964, Process Name: 0:56
Process ID: 7270, Process Name: 0:52
-------------------------------------

Web Application Port Validation for Server IP: 172.30.150.11
Port 8080:	jasdev_jb730ea	Running
Port 8081:	jasdevrf_jb730	Running
Port 8082:	jascon_jb730ea	Running
Port 8083:	jascon_jb730ea	Not Running
-------------------------------------

==============================================================================
Server Availability Check Completed at Tue Nov  4 05:21:15 UTC 2025
==============================================================================


2025-11-04 00:21:34,503 - 13952 - ERROR - app_validation.sh errors for i-05794805ef320641a:

2025-11-04 00:21:34,505 - 13952 - INFO - After patching validation saved to: output/validation-2025-11-04/172.30.150.11-AfterPatching-2025-11-04-00-21-34-504.log
2025-11-04 00:21:34,544 - 13952 - INFO - Validation comparison report generated: output/validation-2025-11-04/172.30.150.11-Validation-details-2025-11-04-00-21-34-504.log
2025-11-04 00:21:34,636 - 13952 - INFO - Email sent successfully to ['adityak@softeon.com', 'ITSupport@softeon.com']
2025-11-04 00:21:34,637 - 13952 - INFO - HTML validation report email sent for i-05794805ef320641a
2025-11-04 00:21:34,879 - 13952 - INFO - Started i-05794805ef320641a in 0:05:18.132629
2025-11-04 00:21:34,879 - 13952 - INFO - Waiting 120 seconds before proceeding to the next instance...
2025-11-04 00:23:35,098 - 13952 - INFO - Sent app_validation.sh to i-088ff5a4e6c00df45 (command_id: c9efe28e-4b9d-466e-835e-ecf659c6078e)
2025-11-04 00:24:05,223 - 13952 - INFO - app_validation.sh output for i-088ff5a4e6c00df45:

==============================================================================
Server Availability Check Started at Tue Nov  4 05:23:35 UTC 2025
==============================================================================

-------------------------------------
Server IP : 172.30.150.50
-------------------------------------
System Information
------------------
Hostname: ip-172-30-150-50.us-east-2.compute.internal
Uptime: up 16 weeks, 4 days, 22 hours, 52 minutes
Current User: root
Working Directory: /usr/bin
-------------------------------------
Voice Console URL: http://172.30.150.50:9090/VoiceConsole
-------------------------------------

-------------------------------------
Server IP : 172.30.150.50
-------------------------------------
Physical Memory Information
---------------------------
Total Physical Memory = 15611 MB
Used Physical Memory  = 12066 MB
Free Physical Memory  = 3545 MB
-------------------------------------
Swap Memory Information
-----------------------
Total Swap Memory = 10239 MB
Used Swap Memory  = 3563 MB
Free Swap Memory  = 6676 MB
-------------------------------------
Load Average: 0.10 0.16 0.27 3/1182 3528838
-------------------------------------

Disk Usage Information
----------------------
Filesystem        Size  Used Avail Use% Mounted on
/dev/nvme0n1p1     20G  5.3G   15G  27% /
/dev/nvme0n1p128   10M  1.3M  8.7M  13% /boot/efi
/dev/nvme1n1p2    290G   73G  217G  26% /data
devtmpfs          4.0M     0  4.0M   0% /dev
tmpfs             7.7G     0  7.7G   0% /dev/shm
tmpfs             3.1G  792K  3.1G   1% /run
tmpfs             1.6G     0  1.6G   0% /run/user/2001
tmpfs             1.6G     0  1.6G   0% /run/user/2002
tmpfs             1.6G     0  1.6G   0% /run/user/992
tmpfs             7.7G   56M  7.6G   1% /tmp
-------------------------------------

Application Port Validation for Server IP: 172.30.150.50 started on Tue Nov  4 05:23:35 UTC 2025

Server IP: 172.30.150.50 is reachable.

SSH Service (Port 22) Status:
SSH Service (Port 22): NOT REACHABLE
-------------------------------------

FTP Service Validation for Server IP: 172.30.150.50

FTP Service (Port 21): NOT REACHABLE
No FTP processes detected
-------------------------------------

CUPS Service Validation for Server IP: 172.30.150.50

CUPS Service (Port 631): NOT REACHABLE

Printer Configuration:
Total Printers Configured: 45
Printer Details:
printer DUMMY_LABEL_K09 is idle.  enabled since Sat Jan 13 17:11:43 2024
printer DUMMY_LABEL_ZZ4BLD is idle.  enabled since Sat Jan 13 17:02:48 2024
printer DUMMY_LASER_K09 is idle.  enabled since Tue Jun 27 17:05:21 2023
printer DUMMY_REPORT_ZZ4BLD is idle.  enabled since Sat Jan 13 18:56:59 2024
printer K01_DUMMY_DOC is idle.  enabled since Thu Nov 30 15:24:13 2023
printer K01_DUMMY_LABEL is idle.  enabled since Wed Jan 10 15:08:49 2024
printer K01_MEMPHIS_PROD is idle.  enabled since Tue Jul 11 18:59:05 2023
printer K01_ORD_DOCUMENT is idle.  enabled since Thu Nov 30 17:52:30 2023
printer K01_ORD_LABEL is idle.  enabled since Thu Nov 30 17:53:07 2023
printer K01_ZA_DOCUMENT is idle.  enabled since Thu Nov 30 17:53:58 2023
printer K01_ZA_LABEL is idle.  enabled since Thu Nov 30 17:54:40 2023
printer K07_NONAME_DOC is idle.  enabled since Thu Jul  6 04:20:11 2023
printer TEST_UAT is idle.  enabled since Thu Jun  8 17:55:54 2023
printer US_K07_COPIER is idle.  enabled since Wed Jul  5 22:14:42 2023
printer US_K07_UAT_ZEBRA is idle.  enabled since Fri Apr 28 03:52:26 2023
printer US_K07_UAT_ZEBRA_2 is idle.  enabled since Fri Feb  3 19:27:26 2023
printer US_ORD_MAINOFFICEDOC is idle.  enabled since Thu Jul  6 16:10:47 2023
printer US_ORD_MAINOFFICELABEL is idle.  enabled since Thu Jul  6 16:10:41 2023
printer US_ORD_OFFICEDOC_K09 is idle.  enabled since Mon Jan  8 20:19:42 2024
printer US_ORD_OFFICEDOC_ZZ4BLD is idle.  enabled since Wed Jun 21 21:54:46 2023
printer US_ORD_OFFICELBL_K09 is idle.  enabled since Mon Jan  8 23:19:36 2024
printer US_ORD_OFFICELBL_ZZ4BLD is idle.  enabled since Wed Jun 21 21:46:22 2023
printer USLME_K01_D02 is idle.  enabled since Sat Jan 13 19:27:17 2024
printer USLSE_K07_D01 is idle.  enabled since Wed Jan 18 16:43:34 2023
printer USLSE_K07_D02 is idle.  enabled since Wed Jan 18 16:44:08 2023
printer USLSE_K07_D03 is idle.  enabled since Wed Jan 18 16:44:33 2023
printer USLSE_K07_D04 is idle.  enabled since Tue Mar  7 11:39:56 2023
printer USLSE_K07_D05 is idle.  enabled since Mon Jan 23 00:06:11 2023
printer USLSE_K07_D06 is idle.  enabled since Thu Feb  2 19:42:02 2023
printer USLSE_K07_D09 is idle.  enabled since Tue Feb  7 13:10:36 2023
printer USLSE_K07_D10 is idle.  enabled since Mon Jan 30 19:44:52 2023
printer USLSE_K07_D11 is idle.  enabled since Wed Jul  5 22:29:02 2023
printer USLSE_K07_D12 is idle.  enabled since Wed Jul  5 22:36:38 2023
printer USLSE_K07_D13 is idle.  enabled since Thu Jul  6 16:12:58 2023
printer USLSE_K07_L01 is idle.  enabled since Wed Jul  5 22:32:41 2023
printer USLSE_K07_L02 is idle.  enabled since Thu Jul  6 16:12:56 2023
printer USLSE_K07_L03 is idle.  enabled since Mon Jan 30 19:44:46 2023
printer USLSE_K07_L04 is idle.  enabled since Wed Jul  5 22:21:35 2023
printer USLSE_K07_L05 is idle.  enabled since Thu Feb 16 22:11:34 2023
printer ZA_LABELPRINTER is idle.  enabled since Fri Jun  9 13:36:09 2023
printer ZA_LABELPRINTER_K09 is idle.  enabled since Mon Jul  3 17:12:55 2023
printer ZA_LABELPRINTER_ZZBLD4 is idle.  enabled since Fri Jun 30 11:24:21 2023
printer ZA_LASERPRINTER is idle.  enabled since Fri Jun  2 06:02:41 2023
printer ZA_LASERPRINTER_K09 is idle.  enabled since Tue Jun 27 16:17:54 2023
printer ZA_LASERPRINTER_ZZBLD4 is idle.  enabled since Wed Jun 21 19:45:43 2023
-------------------------------------
CUPS Service (Port 631): NOT REACHABLE on 172.30.150.50
-------------------------------------

Total number of Java process running on this host 172.30.150.50 is 21
Total number of Daemon / Batch (java) application process available is 16

Daemon Process id and name details are given below
Process ID: 3379443, Process Name: 36:46
Process ID: 1377503, Process Name: 12:17
Process ID: 3371113, Process Name: 39:08
Process ID: 3371175, Process Name: 42:28
Process ID: 746470, Process Name: 73:31
Process ID: 1377781, Process Name: 50:42
Process ID: 3378874, Process Name: 50:52
Process ID: 3371275, Process Name: 36:10
Process ID: 746657, Process Name: 67:20
Process ID: 746593, Process Name: 67:14
Process ID: 1326710, Process Name: 63:19
Process ID: 3378558, Process Name: 51:33
Process ID: 3462913, Process Name: 0:33
Process ID: 3371622, Process Name: 34:00
Process ID: 3371683, Process Name: 33:45
Process ID: 747043, Process Name: 72:33
-------------------------------------

-------------------------------------
Total number of App process running on this host 172.30.150.50
Total number of App java process available is 3
-------------------------------------
App Process details:
Process ID: 3157, Process Name: 278:35
Process ID: 1204641, Process Name: jasapcrfut_jb80
Process ID: 2183250, Process Name: jasapacuat_jb80
-------------------------------------

Web Application Port Validation for Server IP: 172.30.150.50
Port 8080:	jasconst_jb730	Running
Port 8081:	jasapacuat_	Running
Port 8082:	jasapcrfut_	Running
-------------------------------------

==============================================================================
Server Availability Check Completed at Tue Nov  4 05:23:40 UTC 2025
==============================================================================


2025-11-04 00:24:05,223 - 13952 - ERROR - app_validation.sh errors for i-088ff5a4e6c00df45:

2025-11-04 00:24:05,226 - 13952 - INFO - Before patching validation saved to: output/validation-2025-11-04/172.30.150.50-BeforePatching-2025-11-04-00-24-05-225.log
2025-11-04 00:24:05,226 - 13952 - INFO - Deregistering i-088ff5a4e6c00df45 from TG arn:aws:elasticloadbalancing:us-east-2:835314132208:targetgroup/JAS-APAC-UAT-Desktop/13892f9343fad439
2025-11-04 00:24:05,342 - 13952 - INFO - Deregistering i-088ff5a4e6c00df45 from TG arn:aws:elasticloadbalancing:us-east-2:835314132208:targetgroup/JAS-APAC-UAT-RF/59de377dcddba394
2025-11-04 00:24:05,401 - 13952 - INFO - Deregistering i-088ff5a4e6c00df45 from TG arn:aws:elasticloadbalancing:us-east-2:835314132208:targetgroup/JAS-APAC-UAT-WS-Int/ababa35e660b5a15
2025-11-04 00:24:05,456 - 13952 - INFO - Stopping EC2 instance: i-088ff5a4e6c00df45 at 2025-11-04 00:24:05
2025-11-04 00:27:07,710 - 13952 - INFO - Instance i-088ff5a4e6c00df45 stopped successfully.
2025-11-04 00:27:07,959 - 13952 - INFO - Stopped i-088ff5a4e6c00df45 in 0:03:02.502954
2025-11-04 00:27:07,960 - 13952 - INFO - Starting EC2 instance: i-088ff5a4e6c00df45
2025-11-04 00:27:23,733 - 13952 - INFO - Instance i-088ff5a4e6c00df45 started successfully.
2025-11-04 00:27:23,734 - 13952 - INFO - Waiting 30 seconds for SSM agent to be ready on i-088ff5a4e6c00df45...
2025-11-04 00:27:53,764 - 13952 - INFO - Registering i-088ff5a4e6c00df45 to TG arn:aws:elasticloadbalancing:us-east-2:835314132208:targetgroup/JAS-APAC-UAT-Desktop/13892f9343fad439
2025-11-04 00:27:53,968 - 13952 - INFO - Registering i-088ff5a4e6c00df45 to TG arn:aws:elasticloadbalancing:us-east-2:835314132208:targetgroup/JAS-APAC-UAT-RF/59de377dcddba394
2025-11-04 00:27:54,159 - 13952 - INFO - Registering i-088ff5a4e6c00df45 to TG arn:aws:elasticloadbalancing:us-east-2:835314132208:targetgroup/JAS-APAC-UAT-WS-Int/ababa35e660b5a15
2025-11-04 00:32:55,013 - 13952 - WARNING - i-088ff5a4e6c00df45 not healthy in arn:aws:elasticloadbalancing:us-east-2:835314132208:targetgroup/JAS-APAC-UAT-Desktop/13892f9343fad439 after timeout.
2025-11-04 00:37:55,791 - 13952 - WARNING - i-088ff5a4e6c00df45 not healthy in arn:aws:elasticloadbalancing:us-east-2:835314132208:targetgroup/JAS-APAC-UAT-RF/59de377dcddba394 after timeout.
2025-11-04 00:37:55,954 - 13952 - INFO - Email sent successfully to ['adityak@softeon.com', 'ITSupport@softeon.com']
2025-11-04 00:37:55,954 - 13952 - ERROR - Aborting workflow: i-088ff5a4e6c00df45 is not healthy after restart.
2025-11-04 00:37:55,957 - 13952 - INFO - Restart Total time: 0:25:20.468534
2025-11-04 00:37:55,958 - 13952 - INFO - Auto-confirmed services are restarted
2025-11-04 00:37:55,958 - 13952 - INFO - Confirmed - services are started
2025-11-04 00:37:56,145 - 13952 - INFO - The following instances have failed the patch: []
2025-11-04 00:37:56,146 - 13952 - INFO - No instances have failed the patch.
2025-11-04 00:37:56,146 - 13952 - INFO - Total Patch Process time: 0:32:54.414915
2025-11-04 00:37:56,445 - 13952 - INFO - Email sent successfully to ['adityak@softeon.com', 'a80af5b5.softeon.com@in.teams.ms', 'ITSupport@softeon.com']
2025-11-04 00:38:56,652 - 13952 - INFO - Log file ./logs/patching_2025-11-04_jas-uat.log uploaded to s3://q4-2025-aws-security-patching/jas-uat_Patch/2025-11-04/patching_2025-11-04_jas-uat.log
