2025-12-21 03:35:02,740 - 12535 - INFO - Logger setup has been removed, using shared logger from common.logs.logger.
2025-12-21 03:35:02,740 - 12535 - INFO - Script Start Time: 2025-12-21 03:35:02
2025-12-21 03:35:02,896 - 12535 - INFO - Instance(s) selected for Patching: {'i-007d724346ff55afe': '172.31.14.21'}
2025-12-21 03:35:02,985 - 12535 - INFO - Email sent successfully to ['a80af5b5.softeon.com@in.teams.ms', 'CloudOps@softeon.com']
2025-12-21 03:35:02,985 - 12535 - INFO - Now patching instances at: 2025-12-21 03:35:02
2025-12-21 03:35:03,053 - 12535 - INFO - Sending patch command to instance i-007d724346ff55afe
2025-12-21 03:35:03,203 - 12535 - INFO - Command sent successfully to instance i-007d724346ff55afe. Command ID: 8edc17bc-5621-43f3-8cad-472af2c49296
2025-12-21 03:42:35,025 - 12535 - INFO - All patches applied successfully.
2025-12-21 03:42:35,025 - 12535 - INFO - Patching end time: 2025-12-21 03:42:35
2025-12-21 03:42:35,026 - 12535 - INFO - Patch Elapsed time: 0:07:32.040155
2025-12-21 03:42:35,104 - 12535 - INFO - Email sent successfully to ['a80af5b5.softeon.com@in.teams.ms', 'CloudOps@softeon.com']
2025-12-21 03:42:35,104 - 12535 - INFO - Confirmed - services are stopped
2025-12-21 03:42:54,004 - 12535 - INFO - Discovered TG map: {'i-007d724346ff55afe': ['arn:aws:elasticloadbalancing:us-east-1:835314132208:targetgroup/FL-Prod-Ext/43db97716cc65716', 'arn:aws:elasticloadbalancing:us-east-1:835314132208:targetgroup/FL-Prod-WebConnect-Ext/1c78f27cbee70dcb']}
2025-12-21 03:42:54,282 - 12535 - INFO - Sent app_validation.sh to i-007d724346ff55afe (command_id: c55d0b83-3fa0-4f0e-952e-ff3a79f7853e)
2025-12-21 03:43:24,347 - 12535 - INFO - app_validation.sh output for i-007d724346ff55afe:

==============================================================================
Server Availability Check Started at Sun Dec 21 03:42:54 EST 2025
==============================================================================

-------------------------------------
Server IP : 172.31.14.21
-------------------------------------
System Information
------------------
Hostname: ip-172-31-14-21
Uptime: up 21 weeks, 6 days, 23 hours, 47 minutes
Current User: root
Working Directory: /usr/bin
-------------------------------------
Voice Console URL: http://172.31.14.21:9090/VoiceConsole
-------------------------------------

-------------------------------------
Server IP : 172.31.14.21
-------------------------------------
Physical Memory Information
---------------------------
Total Physical Memory = 15611 MB
Used Physical Memory  = 4228 MB
Free Physical Memory  = 11383 MB
-------------------------------------
Swap Memory Information
-----------------------
Total Swap Memory = 15359 MB
Used Swap Memory  = 0 MB
Free Swap Memory  = 15359 MB
-------------------------------------
Load Average: 0.81 1.35 0.75 8/426 2039177
-------------------------------------

Disk Usage Information
----------------------
Filesystem        Size  Used Avail Use% Mounted on
/dev/nvme0n1p1     20G  5.4G   15G  27% /
/dev/nvme0n1p128   10M  1.3M  8.7M  13% /boot/efi
/dev/nvme1n1p2    185G   83G  103G  45% /data
devtmpfs          4.0M     0  4.0M   0% /dev
tmpfs             7.7G     0  7.7G   0% /dev/shm
tmpfs             3.1G  712K  3.1G   1% /run
tmpfs             1.6G     0  1.6G   0% /run/user/1001
tmpfs             7.7G   21M  7.7G   1% /tmp
-------------------------------------

Application Port Validation for Server IP: 172.31.14.21 started on Sun Dec 21 03:42:54 EST 2025

Server IP: 172.31.14.21 is reachable.

SSH Service (Port 22) Status:
SSH Service (Port 22): NOT REACHABLE
-------------------------------------

FTP Service Validation for Server IP: 172.31.14.21

FTP Service (Port 21): NOT REACHABLE
No FTP processes detected
-------------------------------------

CUPS Service Validation for Server IP: 172.31.14.21

CUPS Service (Port 631): NOT REACHABLE

Printer Configuration:
Total Printers Configured: 26
Printer Details:
printer 5210appsvr is idle.  enabled since Sat Jul 20 02:06:33 2024
printer Annex-1700N-1 is idle.  enabled since Fri Oct 30 03:17:29 2015
printer Brother_MFC_L5850DW is idle.  enabled since Fri Jul 17 18:53:16 2020
printer Dell1720DN-Jose is idle.  enabled since Tue Sep 29 18:47:20 2020
printer Dell5210 is idle.  enabled since Fri Mar 13 09:19:46 2020
printer DLP1700nPS1 is idle.  enabled since Fri Mar 13 11:59:54 2020
printer DLP1700nPS2 is idle.  enabled since Wed Jul  8 14:15:10 2020
printer dummy-printer is idle.  enabled since Tue Jun 27 11:47:50 2023
printer Kyocera is idle.  enabled since Tue Jan 18 12:59:03 2022
printer Kyocera_Main_Office is idle.  enabled since Tue Jan 18 12:52:14 2022
printer Kyocera_TASKalfa is idle.  enabled since Fri Jul  7 11:39:40 2023
printer Laserjet_400_M401n is idle.  enabled since Thu Oct 28 14:18:52 2021
printer NATROL_TARGET_PRINTER_UCC_128 is idle.  enabled since Mon Jul 17 16:27:32 2023
printer NATROL_WALMART_PRINTER is idle.  enabled since Mon Jul 17 16:10:39 2023
printer Target_UCC128_ZT6190300DPI is idle.  enabled since Fri Jul 17 18:53:13 2020
printer TOSHIBA033 is idle.  enabled since Mon Jul 17 16:15:04 2023
printer WalMart_3X2_ZT220 is idle.  enabled since Fri Jul 17 18:53:13 2020
printer Zebra110_1 is idle.  enabled since Mon Jul 17 12:06:17 2023
printer Zebra110_2 is idle.  enabled since Tue Jan 18 14:28:37 2022
printer Zebra110_3 is idle.  enabled since Mon Jul 17 15:48:43 2023
printer Zebra110_4 is idle.  enabled since Tue Jun 13 09:20:28 2023
printer Zebra110_5 is idle.  enabled since Mon Jul 17 15:45:12 2023
printer Zebra110_6 is idle.  enabled since Mon Apr 13 14:35:06 2020
printer Zebra_2 is idle.  enabled since Mon Jul 17 16:08:29 2023
printer Zebra_7 is idle.  enabled since Tue Jul 18 07:41:08 2023
printer ZebraS600_1 is idle.  enabled since Mon Oct  4 15:32:58 2021
-------------------------------------
CUPS Service (Port 631): NOT REACHABLE on 172.31.14.21
-------------------------------------

Total number of Java process running on this host 172.31.14.21 is 4
Total number of Daemon / Batch (java) application process available is 2

Daemon Process id and name details are given below
Process ID: 1936853, Process Name: 0:00
Process ID: 1936883, Process Name: 0:00
-------------------------------------

-------------------------------------
Total number of App process running on this host 172.31.14.21
Total number of App java process available is 2
-------------------------------------
App Process details:
Process ID: 29013, Process Name: 459:52
Process ID: 1928594, Process Name: 0:56
-------------------------------------

Web Application Port Validation for Server IP: 172.31.14.21
Port 80:	flprod-jbos	Running
Port 443:	flprod-jbos	Not Running
Port 8080:	flwebconnect-	Running
-------------------------------------

==============================================================================
Server Availability Check Completed at Sun Dec 21 03:42:57 EST 2025
==============================================================================


2025-12-21 03:43:24,347 - 12535 - ERROR - app_validation.sh errors for i-007d724346ff55afe:

2025-12-21 03:43:24,349 - 12535 - INFO - Before patching validation saved to: output/validation-2025-12-21/172.31.14.21-BeforePatching-2025-12-21-03-43-24-348.log
2025-12-21 03:43:24,349 - 12535 - INFO - Deregistering i-007d724346ff55afe from TG arn:aws:elasticloadbalancing:us-east-1:835314132208:targetgroup/FL-Prod-Ext/43db97716cc65716
2025-12-21 03:43:24,416 - 12535 - INFO - Deregistering i-007d724346ff55afe from TG arn:aws:elasticloadbalancing:us-east-1:835314132208:targetgroup/FL-Prod-WebConnect-Ext/1c78f27cbee70dcb
2025-12-21 03:43:24,468 - 12535 - INFO - Stopping EC2 instance: i-007d724346ff55afe at 2025-12-21 03:43:24
2025-12-21 03:44:55,759 - 12535 - INFO - Instance i-007d724346ff55afe stopped successfully.
2025-12-21 03:44:55,887 - 12535 - INFO - Stopped i-007d724346ff55afe in 0:01:31.418835
2025-12-21 03:44:55,887 - 12535 - INFO - Starting EC2 instance: i-007d724346ff55afe
2025-12-21 03:45:11,985 - 12535 - INFO - Instance i-007d724346ff55afe started successfully.
2025-12-21 03:45:11,986 - 12535 - INFO - Waiting 30 seconds for SSM agent to be ready on i-007d724346ff55afe...
2025-12-21 03:45:42,007 - 12535 - INFO - Registering i-007d724346ff55afe to TG arn:aws:elasticloadbalancing:us-east-1:835314132208:targetgroup/FL-Prod-Ext/43db97716cc65716
2025-12-21 03:45:42,176 - 12535 - INFO - Registering i-007d724346ff55afe to TG arn:aws:elasticloadbalancing:us-east-1:835314132208:targetgroup/FL-Prod-WebConnect-Ext/1c78f27cbee70dcb
2025-12-21 03:51:13,043 - 12535 - WARNING - i-007d724346ff55afe not healthy in arn:aws:elasticloadbalancing:us-east-1:835314132208:targetgroup/FL-Prod-WebConnect-Ext/1c78f27cbee70dcb after timeout.
2025-12-21 03:51:13,118 - 12535 - INFO - Email sent successfully to ['CloudOps@softeon.com']
2025-12-21 03:51:13,119 - 12535 - ERROR - Aborting workflow: i-007d724346ff55afe is not healthy after restart.
2025-12-21 03:51:13,121 - 12535 - INFO - Restart Total time: 0:08:37.893153
2025-12-21 03:51:13,121 - 12535 - INFO - Auto-confirmed services are restarted
2025-12-21 03:51:13,121 - 12535 - INFO - Confirmed - services are started
2025-12-21 03:51:13,260 - 12535 - INFO - The following instances have failed the patch: []
2025-12-21 03:51:13,260 - 12535 - INFO - No instances have failed the patch.
2025-12-21 03:51:13,260 - 12535 - INFO - Total Patch Process time: 0:16:10.520018
2025-12-21 03:51:13,429 - 12535 - INFO - Email sent successfully to ['a80af5b5.softeon.com@in.teams.ms', 'CloudOps@softeon.com']
2025-12-21 03:52:13,632 - 12535 - INFO - Log file ./logs/patching_2025-12-21_FL-Batch.log uploaded to s3://q4-2025-aws-security-patching/FL-Batch_Patch/2025-12-21/patching_2025-12-21_FL-Batch.log
