2025-12-07 04:00:03,155 - 18150 - INFO - Email sent successfully to ['CloudOps@softeon.com']
2025-12-07 04:13:39,265 - 18150 - INFO - Email sent successfully to ['MahimaM@softeon.com']
2025-12-07 04:13:39,373 - 18150 - INFO - Log file ./logs/backup_2025-12-07.log uploaded to s3://q3-2025-aws-security-patching/Honest-Prod_Patch_Backup/2025-12-07/backup_2025-12-07.log
2025-12-07 08:00:03,985 - 1749 - INFO - Logger setup has been removed, using shared logger from common.logs.logger.
2025-12-07 08:00:03,986 - 1749 - INFO - Script Start Time: 2025-12-07 08:00:03
2025-12-07 08:00:04,301 - 1749 - INFO - Instance(s) selected for Patching: {'i-09ec95b0023a2626c': '172.21.130.17', 'i-056261cb87a03f61c': '172.21.130.61'}
2025-12-07 08:00:04,435 - 1749 - INFO - Email sent successfully to ['a80af5b5.softeon.com@in.teams.ms', 'CloudOps@softeon.com']
2025-12-07 08:00:04,436 - 1749 - INFO - Now patching instances at: 2025-12-07 08:00:04
2025-12-07 08:00:04,559 - 1749 - INFO - Sending patch command to instance i-09ec95b0023a2626c
2025-12-07 08:00:04,996 - 1749 - INFO - Command sent successfully to instance i-09ec95b0023a2626c. Command ID: f05c9743-1c4a-4994-a685-f497403baf0a
2025-12-07 08:00:05,272 - 1749 - INFO - Sending patch command to instance i-056261cb87a03f61c
2025-12-07 08:00:05,457 - 1749 - INFO - Command sent successfully to instance i-056261cb87a03f61c. Command ID: ea4c6f7f-f2c9-4e23-8893-e3d2e1b7ab77
2025-12-07 08:05:38,264 - 1749 - INFO - All patches applied successfully.
2025-12-07 08:05:38,265 - 1749 - INFO - Patching end time: 2025-12-07 08:05:38
2025-12-07 08:05:38,265 - 1749 - INFO - Patch Elapsed time: 0:05:33.829388
2025-12-07 08:05:38,345 - 1749 - INFO - Email sent successfully to ['a80af5b5.softeon.com@in.teams.ms', 'CloudOps@softeon.com']
2025-12-07 08:05:38,345 - 1749 - INFO - Confirmed - services are stopped
2025-12-07 08:05:43,296 - 1749 - INFO - Discovered TG map: {'i-09ec95b0023a2626c': ['arn:aws:elasticloadbalancing:us-west-2:835314132208:targetgroup/HONEST-YMS-Prod-Desktop/4ef76d178248f3e8', 'arn:aws:elasticloadbalancing:us-west-2:835314132208:targetgroup/HONEST-YMS-Prod-RF/1728a116a4af32a1'], 'i-056261cb87a03f61c': ['arn:aws:elasticloadbalancing:us-west-2:835314132208:targetgroup/HONEST-YMS-Prod-Desktop/4ef76d178248f3e8', 'arn:aws:elasticloadbalancing:us-west-2:835314132208:targetgroup/HONEST-YMS-Prod-RF/1728a116a4af32a1']}
2025-12-07 08:05:43,784 - 1749 - INFO - Sent app_validation.sh to i-09ec95b0023a2626c (command_id: df84fabe-7eba-4a69-a957-69d5325969e3)
2025-12-07 08:06:13,937 - 1749 - INFO - app_validation.sh output for i-09ec95b0023a2626c:

==============================================================================
Server Availability Check Started at Sun Dec  7 05:05:44 PST 2025
==============================================================================

-------------------------------------
Server IP : 172.21.130.17
-------------------------------------
System Information
------------------
Hostname: ip-172-21-130-17.us-west-2.compute.internal
Uptime: up 10 weeks, 6 hours, 40 minutes
Current User: root
Working Directory: /usr/bin
-------------------------------------
Voice Console URL: http://172.21.130.17:9090/VoiceConsole
-------------------------------------

-------------------------------------
Server IP : 172.21.130.17
-------------------------------------
Physical Memory Information
---------------------------
Total Physical Memory = 15611 MB
Used Physical Memory  = 13860 MB
Free Physical Memory  = 1751 MB
-------------------------------------
Swap Memory Information
-----------------------
Total Swap Memory = 20479 MB
Used Swap Memory  = 3350 MB
Free Swap Memory  = 17129 MB
-------------------------------------
Load Average: 0.54 0.92 0.53 2/1125 1911583
-------------------------------------

Disk Usage Information
----------------------
Filesystem                                            Size  Used Avail Use% Mounted on
/dev/nvme0n1p1                                         20G  6.2G   14G  31% /
/dev/nvme0n1p128                                       10M  1.3M  8.7M  13% /boot/efi
/dev/nvme1n1p2                                        180G  119G   62G  66% /data
us-west-2a.fs-9e26f837.efs.us-west-2.amazonaws.com:/  8.0E  888G  8.0E   1% /data2
devtmpfs                                              4.0M     0  4.0M   0% /dev
tmpfs                                                 7.7G     0  7.7G   0% /dev/shm
tmpfs                                                 3.1G  724K  3.1G   1% /run
tmpfs                                                 1.6G     0  1.6G   0% /run/user/1001
tmpfs                                                 7.7G   21M  7.7G   1% /tmp
-------------------------------------

Application Port Validation for Server IP: 172.21.130.17 started on Sun Dec  7 05:05:44 PST 2025

Server IP: 172.21.130.17 is reachable.

SSH Service (Port 22) Status:
SSH Service (Port 22): NOT REACHABLE
-------------------------------------

FTP Service Validation for Server IP: 172.21.130.17

FTP Service (Port 21): NOT REACHABLE
No FTP processes detected
-------------------------------------

CUPS Service Validation for Server IP: 172.21.130.17

CUPS Service (Port 631): NOT REACHABLE

Printer Configuration:
Total Printers Configured: 0
-------------------------------------
CUPS Service (Port 631): NOT REACHABLE on 172.21.130.17
-------------------------------------

Total number of Java process running on this host 172.21.130.17 is 29
Total number of Daemon / Batch (java) application process available is 25

Daemon Process id and name details are given below
Process ID: 1850482, Process Name: 0:00
Process ID: 1850496, Process Name: 0:01
Process ID: 1832535, Process Name: 0:12
Process ID: 1832560, Process Name: 0:08
Process ID: 1832585, Process Name: 1:06
Process ID: 1832610, Process Name: 0:23
Process ID: 1832635, Process Name: 0:08
Process ID: 1832660, Process Name: 0:12
Process ID: 1832685, Process Name: 5:36
Process ID: 1832710, Process Name: 0:18
Process ID: 1832735, Process Name: 0:13
Process ID: 1832761, Process Name: 0:32
Process ID: 1832788, Process Name: 1:48
Process ID: 1832814, Process Name: 0:07
Process ID: 1832842, Process Name: 0:52
Process ID: 1832870, Process Name: 0:06
Process ID: 1832896, Process Name: 0:12
Process ID: 1832934, Process Name: 0:11
Process ID: 1832962, Process Name: 0:06
Process ID: 1833048, Process Name: 0:21
Process ID: 1833083, Process Name: 0:19
Process ID: 1833113, Process Name: 0:06
Process ID: 1833201, Process Name: 0:13
Process ID: 1833140, Process Name: 0:19
Process ID: 1833168, Process Name: 0:12
-------------------------------------

-------------------------------------
Total number of App process running on this host 172.21.130.17
Total number of App java process available is 4
-------------------------------------
App Process details:
Process ID: 4004, Process Name: 307:18
Process ID: 4052, Process Name: 316:13
Process ID: 1832130, Process Name: 1:33
Process ID: 1834101, Process Name: 1:06
-------------------------------------

Web Application Port Validation for Server IP: 172.21.130.17
Port 80:	thcsofteonw	Running
Port 443:	thcsofteonw	Not Running
Port 8080:	thcsofteonw	Running
Port 8082:	honestprd_jb74	Running
Port 8083:	honestrf_jb740	Running
-------------------------------------

==============================================================================
Server Availability Check Completed at Sun Dec  7 05:05:46 PST 2025
==============================================================================


2025-12-07 08:06:13,937 - 1749 - ERROR - app_validation.sh errors for i-09ec95b0023a2626c:

2025-12-07 08:06:13,939 - 1749 - INFO - Before patching validation saved to: output/validation-2025-12-07/172.21.130.17-BeforePatching-2025-12-07-08-06-13-939.log
2025-12-07 08:06:13,940 - 1749 - INFO - Deregistering i-09ec95b0023a2626c from TG arn:aws:elasticloadbalancing:us-west-2:835314132208:targetgroup/HONEST-YMS-Prod-Desktop/4ef76d178248f3e8
2025-12-07 08:06:14,266 - 1749 - INFO - Deregistering i-09ec95b0023a2626c from TG arn:aws:elasticloadbalancing:us-west-2:835314132208:targetgroup/HONEST-YMS-Prod-RF/1728a116a4af32a1
2025-12-07 08:06:14,370 - 1749 - INFO - Stopping EC2 instance: i-09ec95b0023a2626c at 2025-12-07 08:06:14
2025-12-07 08:08:31,682 - 1749 - INFO - Instance i-09ec95b0023a2626c stopped successfully.
2025-12-07 08:08:31,915 - 1749 - INFO - Stopped i-09ec95b0023a2626c in 0:02:17.545491
2025-12-07 08:08:31,915 - 1749 - INFO - Starting EC2 instance: i-09ec95b0023a2626c
2025-12-07 08:08:48,082 - 1749 - INFO - Instance i-09ec95b0023a2626c started successfully.
2025-12-07 08:08:48,082 - 1749 - INFO - Waiting 30 seconds for SSM agent to be ready on i-09ec95b0023a2626c...
2025-12-07 08:09:18,103 - 1749 - INFO - Registering i-09ec95b0023a2626c to TG arn:aws:elasticloadbalancing:us-west-2:835314132208:targetgroup/HONEST-YMS-Prod-Desktop/4ef76d178248f3e8
2025-12-07 08:09:18,528 - 1749 - INFO - Registering i-09ec95b0023a2626c to TG arn:aws:elasticloadbalancing:us-west-2:835314132208:targetgroup/HONEST-YMS-Prod-RF/1728a116a4af32a1
2025-12-07 08:12:50,286 - 1749 - INFO - Sent app_validation.sh to i-09ec95b0023a2626c (command_id: aec39c3e-48dc-4618-ab04-056cc3012ba6)
2025-12-07 08:13:20,432 - 1749 - INFO - app_validation.sh output for i-09ec95b0023a2626c:

==============================================================================
Server Availability Check Started at Sun Dec  7 05:12:50 PST 2025
==============================================================================

-------------------------------------
Server IP : 172.21.130.17
-------------------------------------
System Information
------------------
Hostname: ip-172-21-130-17.us-west-2.compute.internal
Uptime: up 4 minutes
Current User: root
Working Directory: /usr/bin
-------------------------------------
Voice Console URL: http://172.21.130.17:9090/VoiceConsole
-------------------------------------

-------------------------------------
Server IP : 172.21.130.17
-------------------------------------
Physical Memory Information
---------------------------
Total Physical Memory = 15611 MB
Used Physical Memory  = 9593 MB
Free Physical Memory  = 6018 MB
-------------------------------------
Swap Memory Information
-----------------------
Total Swap Memory = 20479 MB
Used Swap Memory  = 0 MB
Free Swap Memory  = 20479 MB
-------------------------------------
Load Average: 2.13 2.11 0.91 6/535 5064
-------------------------------------

Disk Usage Information
----------------------
Filesystem                                            Size  Used Avail Use% Mounted on
/dev/nvme0n1p1                                         20G  6.2G   14G  31% /
/dev/nvme0n1p128                                       10M  1.3M  8.7M  13% /boot/efi
/dev/nvme1n1p2                                        180G  118G   63G  66% /data
us-west-2a.fs-9e26f837.efs.us-west-2.amazonaws.com:/  8.0E  888G  8.0E   1% /data2
devtmpfs                                              4.0M     0  4.0M   0% /dev
tmpfs                                                 7.7G     0  7.7G   0% /dev/shm
tmpfs                                                 3.1G  680K  3.1G   1% /run
tmpfs                                                 7.7G   21M  7.7G   1% /tmp
-------------------------------------

Application Port Validation for Server IP: 172.21.130.17 started on Sun Dec  7 05:12:50 PST 2025

Server IP: 172.21.130.17 is reachable.

SSH Service (Port 22) Status:
SSH Service (Port 22): NOT REACHABLE
-------------------------------------

FTP Service Validation for Server IP: 172.21.130.17

FTP Service (Port 21): NOT REACHABLE
No FTP processes detected
-------------------------------------

CUPS Service Validation for Server IP: 172.21.130.17

CUPS Service (Port 631): NOT REACHABLE

Printer Configuration:
Total Printers Configured: 0
-------------------------------------
CUPS Service (Port 631): NOT REACHABLE on 172.21.130.17
-------------------------------------

Total number of Java process running on this host 172.21.130.17 is 4
Total number of Daemon / Batch (java) application process available is 0

No Java daemon processes running
-------------------------------------

-------------------------------------
Total number of App process running on this host 172.21.130.17
Total number of App java process available is 4
-------------------------------------
App Process details:
Process ID: 3029, Process Name: 0:40
Process ID: 3030, Process Name: 0:46
Process ID: 4016, Process Name: 0:55
Process ID: 4022, Process Name: 0:53
-------------------------------------

Web Application Port Validation for Server IP: 172.21.130.17
Port 80:	thcsofteonwmsp	Running
Port 443:	thcsofteonwmsp	Not Running
Port 8080:	thcsofteonwmsr	Running
Port 8082:	honestprd_jb74	Running
Port 8083:	honestrf_jb740	Running
-------------------------------------

==============================================================================
Server Availability Check Completed at Sun Dec  7 05:12:52 PST 2025
==============================================================================


2025-12-07 08:13:20,432 - 1749 - ERROR - app_validation.sh errors for i-09ec95b0023a2626c:

2025-12-07 08:13:20,434 - 1749 - INFO - After patching validation saved to: output/validation-2025-12-07/172.21.130.17-AfterPatching-2025-12-07-08-13-20-433.log
2025-12-07 08:13:20,468 - 1749 - INFO - Validation comparison report generated: output/validation-2025-12-07/172.21.130.17-Validation-details-2025-12-07-08-13-20-433.log
2025-12-07 08:13:20,566 - 1749 - INFO - Email sent successfully to ['CloudOps@softeon.com']
2025-12-07 08:13:20,566 - 1749 - INFO - HTML validation report email sent for i-09ec95b0023a2626c
2025-12-07 08:13:20,847 - 1749 - INFO - Started i-09ec95b0023a2626c in 0:04:48.931902
2025-12-07 08:13:20,848 - 1749 - INFO - Waiting 120 seconds before proceeding to the next instance...
2025-12-07 08:15:21,274 - 1749 - INFO - Sent app_validation.sh to i-056261cb87a03f61c (command_id: 31a783fd-5197-4b2e-9b2c-b864f0001967)
2025-12-07 08:15:51,422 - 1749 - INFO - app_validation.sh output for i-056261cb87a03f61c:

==============================================================================
Server Availability Check Started at Sun Dec  7 05:15:21 PST 2025
==============================================================================

-------------------------------------
Server IP : 172.21.130.61
-------------------------------------
System Information
------------------
Hostname: ip-172-21-130-61.us-west-2.compute.internal
Uptime: up 10 weeks, 7 hours, 3 minutes
Current User: root
Working Directory: /usr/bin
-------------------------------------
Voice Console URL: http://172.21.130.61:9090/VoiceConsole
-------------------------------------

-------------------------------------
Server IP : 172.21.130.61
-------------------------------------
Physical Memory Information
---------------------------
Total Physical Memory = 15611 MB
Used Physical Memory  = 9086 MB
Free Physical Memory  = 6525 MB
-------------------------------------
Swap Memory Information
-----------------------
Total Swap Memory = 20479 MB
Used Swap Memory  = 1669 MB
Free Swap Memory  = 18810 MB
-------------------------------------
Load Average: 0.16 0.14 0.18 8/636 2266320
-------------------------------------

Disk Usage Information
----------------------
Filesystem                                            Size  Used Avail Use% Mounted on
/dev/nvme0n1p1                                         20G  5.3G   15G  27% /
/dev/nvme0n1p128                                       10M  1.3M  8.7M  13% /boot/efi
/dev/nvme1n1p2                                        180G   37G  144G  21% /data
us-west-2b.fs-9e26f837.efs.us-west-2.amazonaws.com:/  8.0E  888G  8.0E   1% /data2
devtmpfs                                              4.0M     0  4.0M   0% /dev
tmpfs                                                 7.7G     0  7.7G   0% /dev/shm
tmpfs                                                 3.1G  720K  3.1G   1% /run
tmpfs                                                 1.6G     0  1.6G   0% /run/user/1001
tmpfs                                                 7.7G   21M  7.7G   1% /tmp
-------------------------------------

Application Port Validation for Server IP: 172.21.130.61 started on Sun Dec  7 05:15:21 PST 2025

Server IP: 172.21.130.61 is reachable.

SSH Service (Port 22) Status:
SSH Service (Port 22): NOT REACHABLE
-------------------------------------

FTP Service Validation for Server IP: 172.21.130.61

FTP Service (Port 21): NOT REACHABLE
No FTP processes detected
-------------------------------------

CUPS Service Validation for Server IP: 172.21.130.61

CUPS Service (Port 631): NOT REACHABLE

Printer Configuration:
Total Printers Configured: 0
-------------------------------------
CUPS Service (Port 631): NOT REACHABLE on 172.21.130.61
-------------------------------------

Total number of Java process running on this host 172.21.130.61 is 6
Total number of Daemon / Batch (java) application process available is 2

Daemon Process id and name details are given below
Process ID: 40225, Process Name: 52:31
Process ID: 40169, Process Name: 54:31
-------------------------------------

-------------------------------------
Total number of App process running on this host 172.21.130.61
Total number of App java process available is 4
-------------------------------------
App Process details:
Process ID: 65364, Process Name: 284:36
Process ID: 67867, Process Name: 274:54
Process ID: 2198361, Process Name: 1:33
Process ID: 2199136, Process Name: 1:03
-------------------------------------

Web Application Port Validation for Server IP: 172.21.130.61
Port 80:	thcsofteonw	Running
Port 443:	thcsofteonw	Not Running
Port 8080:	thcsofteonw	Running
Port 8082:	honestprd_jb7	Running
Port 8083:	honestrf_jb74	Running
-------------------------------------

==============================================================================
Server Availability Check Completed at Sun Dec  7 05:15:22 PST 2025
==============================================================================


2025-12-07 08:15:51,422 - 1749 - ERROR - app_validation.sh errors for i-056261cb87a03f61c:

2025-12-07 08:15:51,424 - 1749 - INFO - Before patching validation saved to: output/validation-2025-12-07/172.21.130.61-BeforePatching-2025-12-07-08-15-51-423.log
2025-12-07 08:15:51,424 - 1749 - INFO - Deregistering i-056261cb87a03f61c from TG arn:aws:elasticloadbalancing:us-west-2:835314132208:targetgroup/HONEST-YMS-Prod-Desktop/4ef76d178248f3e8
2025-12-07 08:15:51,746 - 1749 - INFO - Deregistering i-056261cb87a03f61c from TG arn:aws:elasticloadbalancing:us-west-2:835314132208:targetgroup/HONEST-YMS-Prod-RF/1728a116a4af32a1
2025-12-07 08:15:51,853 - 1749 - INFO - Stopping EC2 instance: i-056261cb87a03f61c at 2025-12-07 08:15:51
2025-12-07 08:18:24,388 - 1749 - INFO - Instance i-056261cb87a03f61c stopped successfully.
2025-12-07 08:18:24,617 - 1749 - INFO - Stopped i-056261cb87a03f61c in 0:02:32.763506
2025-12-07 08:18:24,617 - 1749 - INFO - Starting EC2 instance: i-056261cb87a03f61c
2025-12-07 08:18:40,810 - 1749 - INFO - Instance i-056261cb87a03f61c started successfully.
2025-12-07 08:18:40,810 - 1749 - INFO - Waiting 30 seconds for SSM agent to be ready on i-056261cb87a03f61c...
2025-12-07 08:19:10,840 - 1749 - INFO - Registering i-056261cb87a03f61c to TG arn:aws:elasticloadbalancing:us-west-2:835314132208:targetgroup/HONEST-YMS-Prod-Desktop/4ef76d178248f3e8
2025-12-07 08:19:11,252 - 1749 - INFO - Registering i-056261cb87a03f61c to TG arn:aws:elasticloadbalancing:us-west-2:835314132208:targetgroup/HONEST-YMS-Prod-RF/1728a116a4af32a1
2025-12-07 08:22:42,830 - 1749 - INFO - Sent app_validation.sh to i-056261cb87a03f61c (command_id: 4b6b6f98-24a4-4003-9f6a-7dd892461b9e)
2025-12-07 08:23:12,968 - 1749 - INFO - app_validation.sh output for i-056261cb87a03f61c:

==============================================================================
Server Availability Check Started at Sun Dec  7 05:22:43 PST 2025
==============================================================================

-------------------------------------
Server IP : 172.21.130.61
-------------------------------------
System Information
------------------
Hostname: ip-172-21-130-61.us-west-2.compute.internal
Uptime: up 4 minutes
Current User: root
Working Directory: /usr/bin
-------------------------------------
Voice Console URL: http://172.21.130.61:9090/VoiceConsole
-------------------------------------

-------------------------------------
Server IP : 172.21.130.61
-------------------------------------
Physical Memory Information
---------------------------
Total Physical Memory = 15611 MB
Used Physical Memory  = 9673 MB
Free Physical Memory  = 5938 MB
-------------------------------------
Swap Memory Information
-----------------------
Total Swap Memory = 20479 MB
Used Swap Memory  = 0 MB
Free Swap Memory  = 20479 MB
-------------------------------------
Load Average: 2.30 2.47 1.08 6/550 5918
-------------------------------------

Disk Usage Information
----------------------
Filesystem                                            Size  Used Avail Use% Mounted on
/dev/nvme0n1p1                                         20G  5.3G   15G  27% /
/dev/nvme0n1p128                                       10M  1.3M  8.7M  13% /boot/efi
/dev/nvme1n1p2                                        180G   37G  144G  21% /data
us-west-2b.fs-9e26f837.efs.us-west-2.amazonaws.com:/  8.0E  888G  8.0E   1% /data2
devtmpfs                                              4.0M     0  4.0M   0% /dev
tmpfs                                                 7.7G     0  7.7G   0% /dev/shm
tmpfs                                                 3.1G  684K  3.1G   1% /run
tmpfs                                                 7.7G   21M  7.7G   1% /tmp
-------------------------------------

Application Port Validation for Server IP: 172.21.130.61 started on Sun Dec  7 05:22:43 PST 2025

Server IP: 172.21.130.61 is reachable.

SSH Service (Port 22) Status:
SSH Service (Port 22): NOT REACHABLE
-------------------------------------

FTP Service Validation for Server IP: 172.21.130.61

FTP Service (Port 21): NOT REACHABLE
No FTP processes detected
-------------------------------------

CUPS Service Validation for Server IP: 172.21.130.61

CUPS Service (Port 631): NOT REACHABLE

Printer Configuration:
Total Printers Configured: 0
-------------------------------------
CUPS Service (Port 631): NOT REACHABLE on 172.21.130.61
-------------------------------------

Total number of Java process running on this host 172.21.130.61 is 4
Total number of Daemon / Batch (java) application process available is 0

No Java daemon processes running
-------------------------------------

-------------------------------------
Total number of App process running on this host 172.21.130.61
Total number of App java process available is 4
-------------------------------------
App Process details:
Process ID: 3238, Process Name: 0:47
Process ID: 3239, Process Name: 0:39
Process ID: 4295, Process Name: 0:53
Process ID: 4300, Process Name: 0:50
-------------------------------------

Web Application Port Validation for Server IP: 172.21.130.61
Port 80:	thcsofteonwmsp	Running
Port 443:	thcsofteonwmsp	Not Running
Port 8080:	thcsofteonwmsr	Running
Port 8082:	honestprd_jb74	Running
Port 8083:	honestrf_jb740	Running
-------------------------------------

==============================================================================
Server Availability Check Completed at Sun Dec  7 05:22:45 PST 2025
==============================================================================


2025-12-07 08:23:12,968 - 1749 - ERROR - app_validation.sh errors for i-056261cb87a03f61c:

2025-12-07 08:23:12,970 - 1749 - INFO - After patching validation saved to: output/validation-2025-12-07/172.21.130.61-AfterPatching-2025-12-07-08-23-12-970.log
2025-12-07 08:23:13,008 - 1749 - INFO - Validation comparison report generated: output/validation-2025-12-07/172.21.130.61-Validation-details-2025-12-07-08-23-12-970.log
2025-12-07 08:23:13,094 - 1749 - INFO - Email sent successfully to ['CloudOps@softeon.com']
2025-12-07 08:23:13,094 - 1749 - INFO - HTML validation report email sent for i-056261cb87a03f61c
2025-12-07 08:23:13,333 - 1749 - INFO - Started i-056261cb87a03f61c in 0:04:48.715215
2025-12-07 08:23:13,333 - 1749 - INFO - All instances processed.
2025-12-07 08:23:13,337 - 1749 - INFO - Restart Total time: 0:17:34.854964
2025-12-07 08:23:13,337 - 1749 - INFO - Auto-confirmed services are restarted
2025-12-07 08:23:13,337 - 1749 - INFO - Confirmed - services are started
2025-12-07 08:23:13,453 - 1749 - INFO - The following instances have failed the patch: []
2025-12-07 08:23:13,453 - 1749 - INFO - No instances have failed the patch.
2025-12-07 08:23:13,453 - 1749 - INFO - Total Patch Process time: 0:23:09.467272
2025-12-07 08:23:13,754 - 1749 - INFO - Email sent successfully to ['a80af5b5.softeon.com@in.teams.ms', 'CloudOps@softeon.com']
2025-12-07 08:24:13,925 - 1749 - INFO - Log file ./logs/patching_2025-12-07_Honest-Prod.log uploaded to s3://q4-2025-aws-security-patching/Honest-Prod_Patch/2025-12-07/patching_2025-12-07_Honest-Prod.log
