2025-11-12 02:10:02,568 - 9908 - INFO - Logger setup has been removed, using shared logger from common.logs.logger.
2025-11-12 02:10:02,569 - 9908 - INFO - Script Start Time: 2025-11-12 02:10:02
2025-11-12 02:10:02,782 - 9908 - INFO - Instance(s) selected for Patching: {'i-0fe5f9fddddbe90d4': '172.26.240.86'}
2025-11-12 02:10:02,877 - 9908 - INFO - Email sent successfully to ['a80af5b5.softeon.com@in.teams.ms', 'CloudOps@softeon.com']
2025-11-12 02:10:02,877 - 9908 - INFO - Now patching instances at: 2025-11-12 02:10:02
2025-11-12 02:10:02,962 - 9908 - INFO - Sending patch command to instance i-0fe5f9fddddbe90d4
2025-11-12 02:10:03,893 - 9908 - INFO - Command sent successfully to instance i-0fe5f9fddddbe90d4. Command ID: b7c09297-f5cf-4a60-b6e9-37082613cbd5
2025-11-12 02:15:38,591 - 9908 - INFO - All patches applied successfully.
2025-11-12 02:15:38,592 - 9908 - INFO - Patching end time: 2025-11-12 02:15:38
2025-11-12 02:15:38,592 - 9908 - INFO - Patch Elapsed time: 0:05:35.714990
2025-11-12 02:15:38,676 - 9908 - INFO - Email sent successfully to ['a80af5b5.softeon.com@in.teams.ms', 'CloudOps@softeon.com']
2025-11-12 02:15:38,676 - 9908 - INFO - Confirmed - services are stopped
2025-11-12 02:15:40,641 - 9908 - INFO - Discovered TG map: {}
2025-11-12 02:15:41,651 - 9908 - INFO - Sent app_validation.sh to i-0fe5f9fddddbe90d4 (command_id: 2169dd98-5b5c-4c21-9478-2ed2f7e3c040)
2025-11-12 02:16:11,906 - 9908 - INFO - app_validation.sh output for i-0fe5f9fddddbe90d4:

==============================================================================
Server Availability Check Started at Wed Nov 12 07:15:41 UTC 2025
==============================================================================

-------------------------------------
Server IP : 172.26.240.86
-------------------------------------
System Information
------------------
Hostname: ip-172-26-240-86.ap-southeast-2.compute.internal
Uptime: up 16 weeks, 6 days, 35 minutes
Current User: root
Working Directory: /usr/bin
-------------------------------------
Voice Console URL: http://172.26.240.86:9090/VoiceConsole
-------------------------------------

-------------------------------------
Server IP : 172.26.240.86
-------------------------------------
Physical Memory Information
---------------------------
Total Physical Memory = 15611 MB
Used Physical Memory  = 3500 MB
Free Physical Memory  = 12111 MB
-------------------------------------
Swap Memory Information
-----------------------
Total Swap Memory = 10239 MB
Used Swap Memory  = 1138 MB
Free Swap Memory  = 9101 MB
-------------------------------------
Load Average: 1.61 2.05 1.30 2/607 3724714
-------------------------------------

Disk Usage Information
----------------------
Filesystem                                      Size  Used Avail Use% Mounted on
/dev/nvme0n1p1                                   20G  5.7G   15G  29% /
/dev/nvme0n1p128                                 10M  1.3M  8.7M  13% /boot/efi
/dev/nvme1n1p2                                  290G  226G   65G  78% /data
fs-0c19e534.efs.ap-southeast-2.amazonaws.com:/  8.0E   14G  8.0E   1% /data2
devtmpfs                                        4.0M     0  4.0M   0% /dev
tmpfs                                           7.7G     0  7.7G   0% /dev/shm
tmpfs                                           3.1G  536K  3.1G   1% /run
tmpfs                                           1.6G     0  1.6G   0% /run/user/2001
tmpfs                                           1.6G     0  1.6G   0% /run/user/2003
tmpfs                                           7.7G  640K  7.7G   1% /tmp
-------------------------------------

Application Port Validation for Server IP: 172.26.240.86 started on Wed Nov 12 07:15:42 UTC 2025

Server IP: 172.26.240.86 is reachable.

SSH Service (Port 22) Status:
SSH Service (Port 22): REACHABLE
-------------------------------------

FTP Service Validation for Server IP: 172.26.240.86

FTP Service (Port 21): REACHABLE
FTP Processes running:
Process ID: 2068, Process Name: /usr/sbin/vsftpd
-------------------------------------

CUPS Service Validation for Server IP: 172.26.240.86

CUPS Service (Port 631): REACHABLE

Printer Configuration:
Total Printers Configured: 37
Printer Details:
printer AUEPLABPRN005 is idle.  enabled since Mon Sep 27 16:36:06 2021
printer AUEPLABPRN999 is idle.  enabled since Thu Aug  7 05:30:13 2025
	Waiting for printer to finish.
printer AUEPPRN1003 is idle.  enabled since Fri Jan 22 11:33:59 2021
printer AUEPPRN1004 is idle.  enabled since Fri Jan 22 11:36:57 2021
printer AUEPPRN1007 is idle.  enabled since Fri Jan 22 11:37:52 2021
printer AUEPPRN1009 is idle.  enabled since Fri Jan 22 11:38:37 2021
printer AUEPPRN1010 is idle.  enabled since Fri Jan 22 11:39:59 2021
printer AUEPPRN1012 is idle.  enabled since Fri Jan 22 11:40:43 2021
printer AUEPPRN1013 is idle.  enabled since Fri Jan 22 11:41:43 2021
printer AUEPPRN1016 is idle.  enabled since Fri Jan 22 11:42:31 2021
printer AUEPPRN1019 is idle.  enabled since Fri Jan 22 11:43:20 2021
printer AUEPPRN1021 is idle.  enabled since Fri Jan 22 11:43:58 2021
printer AUEPPRN1022 is idle.  enabled since Fri Jan 22 11:44:38 2021
printer AUEPPRN1024 is idle.  enabled since Fri Jan 22 11:45:21 2021
printer AUEPPRN1025 is idle.  enabled since Fri Jan 22 11:45:59 2021
printer AUEPPRN1027 is idle.  enabled since Fri Jan 22 11:46:49 2021
printer AUEPPRN1028 is idle.  enabled since Fri Jan 22 11:47:44 2021
printer AUEPPRN1030 is idle.  enabled since Fri Jan 22 11:48:24 2021
printer AUEPPRN1031 is idle.  enabled since Fri Jan 22 11:49:05 2021
printer AUEPPRN1040 is idle.  enabled since Fri Jan 22 11:49:44 2021
printer AUEPPRN1042 is idle.  enabled since Fri Jan 22 11:52:22 2021
printer AUEPPRN1043 is idle.  enabled since Fri Jan 22 11:53:17 2021
printer AUEPPRN1045 is idle.  enabled since Fri Jan 22 11:54:13 2021
printer AUEPPRN1050 is idle.  enabled since Fri Jan 22 11:55:01 2021
printer AUEPPRN1051 is idle.  enabled since Fri Jan 22 11:55:49 2021
printer AUEPPRN1052 is idle.  enabled since Fri Jan 22 11:56:31 2021
printer AUEPPRN1053 is idle.  enabled since Fri Jan 22 11:57:15 2021
printer AUEPPRN1060 is idle.  enabled since Fri Jan 22 11:57:56 2021
printer AUEPPRN1063 is idle.  enabled since Fri Jan 22 11:58:41 2021
printer AUEPPRN1064 is idle.  enabled since Fri Jan 22 11:59:23 2021
printer AUEPPRN1066 is idle.  enabled since Fri Jan 22 12:00:05 2021
printer AUEPPRN1081 is idle.  enabled since Tue Feb 27 06:27:21 2024
printer AUEPPRN1091 is idle.  enabled since Tue Sep  9 03:36:41 2025
	Waiting for printer to finish.
printer EPLABPRN014 is idle.  enabled since Thu Oct 16 22:16:03 2025
printer TDLCTESTPRINTER is idle.  enabled since Tue Mar 26 11:58:36 2024
-------------------------------------
CUPS Service (Port 631): REACHABLE on 172.26.240.86
CUPS Web Interface (http://172.26.240.86:631): HTTP 200 OK
-------------------------------------

Total number of Java process running on this host 172.26.240.86 is 20
Total number of Daemon / Batch (java) application process available is 20

Daemon Process id and name details are given below
Process ID: 445868, Process Name: 11:10
Process ID: 445728, Process Name: 10:07
Process ID: 445154, Process Name: 14:22
Process ID: 445273, Process Name: 766:00
Process ID: 445643, Process Name: 10:25
Process ID: 445313, Process Name: 9:58
Process ID: 445601, Process Name: 24:07
Process ID: 445353, Process Name: 251:29
Process ID: 445393, Process Name: 20:14
Process ID: 445474, Process Name: 81:43
Process ID: 445516, Process Name: 57:14
Process ID: 445558, Process Name: 10:23
Process ID: 1618973, Process Name: 24:26
Process ID: 445820, Process Name: 11:38
Process ID: 445687, Process Name: 46:56
Process ID: 445194, Process Name: 10:32
Process ID: 445233, Process Name: 615:31
Process ID: 445429, Process Name: 19:59
Process ID: 445773, Process Name: 10:18
Process ID: 445926, Process Name: 9:08
-------------------------------------

-------------------------------------
Total number of App process running on this host 172.26.240.86
Total number of App java process available is 0
-------------------------------------
No Standalone application processes running
-------------------------------------

Web Application Port Validation for Server IP: 172.26.240.86
-------------------------------------

==============================================================================
Server Availability Check Completed at Wed Nov 12 07:15:44 UTC 2025
==============================================================================


2025-11-12 02:16:11,906 - 9908 - ERROR - app_validation.sh errors for i-0fe5f9fddddbe90d4:

2025-11-12 02:16:11,908 - 9908 - INFO - Before patching validation saved to: output/validation-2025-11-12/172.26.240.86-BeforePatching-2025-11-12-02-16-11-907.log
2025-11-12 02:16:11,908 - 9908 - INFO - Stopping EC2 instance: i-0fe5f9fddddbe90d4 at 2025-11-12 02:16:11
2025-11-12 02:18:00,412 - 9908 - INFO - Instance i-0fe5f9fddddbe90d4 stopped successfully.
2025-11-12 02:18:00,538 - 9908 - INFO - Stopped i-0fe5f9fddddbe90d4 in 0:01:48.629900
2025-11-12 02:18:00,538 - 9908 - INFO - Starting EC2 instance: i-0fe5f9fddddbe90d4
2025-11-12 02:18:16,802 - 9908 - INFO - Instance i-0fe5f9fddddbe90d4 started successfully.
2025-11-12 02:18:16,802 - 9908 - INFO - Waiting 30 seconds for SSM agent to be ready on i-0fe5f9fddddbe90d4...
2025-11-12 02:18:47,720 - 9908 - INFO - Sent app_validation.sh to i-0fe5f9fddddbe90d4 (command_id: 12c3b61e-1def-42cd-af3c-e42566dc1406)
2025-11-12 02:19:18,008 - 9908 - INFO - app_validation.sh output for i-0fe5f9fddddbe90d4:

==============================================================================
Server Availability Check Started at Wed Nov 12 07:18:47 UTC 2025
==============================================================================

-------------------------------------
Server IP : 172.26.240.86
-------------------------------------
System Information
------------------
Hostname: ip-172-26-240-86.ap-southeast-2.compute.internal
Uptime: up 0 minutes
Current User: root
Working Directory: /usr/bin
-------------------------------------
Voice Console URL: http://172.26.240.86:9090/VoiceConsole
-------------------------------------

-------------------------------------
Server IP : 172.26.240.86
-------------------------------------
Physical Memory Information
---------------------------
Total Physical Memory = 15611 MB
Used Physical Memory  = 463 MB
Free Physical Memory  = 15148 MB
-------------------------------------
Swap Memory Information
-----------------------
Total Swap Memory = 10239 MB
Used Swap Memory  = 0 MB
Free Swap Memory  = 10239 MB
-------------------------------------
Load Average: 0.98 0.28 0.09 5/200 2253
-------------------------------------

Disk Usage Information
----------------------
Filesystem                                      Size  Used Avail Use% Mounted on
/dev/nvme0n1p1                                   20G  5.7G   15G  29% /
/dev/nvme0n1p128                                 10M  1.3M  8.7M  13% /boot/efi
/dev/nvme1n1p2                                  290G  226G   65G  78% /data
fs-0c19e534.efs.ap-southeast-2.amazonaws.com:/  8.0E   14G  8.0E   1% /data2
devtmpfs                                        4.0M     0  4.0M   0% /dev
tmpfs                                           7.7G     0  7.7G   0% /dev/shm
tmpfs                                           3.1G  480K  3.1G   1% /run
tmpfs                                           7.7G     0  7.7G   0% /tmp
-------------------------------------

Application Port Validation for Server IP: 172.26.240.86 started on Wed Nov 12 07:18:48 UTC 2025

Server IP: 172.26.240.86 is reachable.

SSH Service (Port 22) Status:
SSH Service (Port 22): REACHABLE
-------------------------------------

FTP Service Validation for Server IP: 172.26.240.86

FTP Service (Port 21): REACHABLE
FTP Processes running:
Process ID: 2042, Process Name: /usr/sbin/vsftpd
-------------------------------------

CUPS Service Validation for Server IP: 172.26.240.86

CUPS Service (Port 631): REACHABLE

Printer Configuration:
Total Printers Configured: 35
Printer Details:
printer AUEPLABPRN005 is idle.  enabled since Mon Sep 27 16:36:06 2021
printer AUEPLABPRN999 is idle.  enabled since Thu Aug  7 05:30:13 2025
printer AUEPPRN1003 is idle.  enabled since Fri Jan 22 11:33:59 2021
printer AUEPPRN1004 is idle.  enabled since Fri Jan 22 11:36:57 2021
printer AUEPPRN1007 is idle.  enabled since Fri Jan 22 11:37:52 2021
printer AUEPPRN1009 is idle.  enabled since Fri Jan 22 11:38:37 2021
printer AUEPPRN1010 is idle.  enabled since Fri Jan 22 11:39:59 2021
printer AUEPPRN1012 is idle.  enabled since Fri Jan 22 11:40:43 2021
printer AUEPPRN1013 is idle.  enabled since Fri Jan 22 11:41:43 2021
printer AUEPPRN1016 is idle.  enabled since Fri Jan 22 11:42:31 2021
printer AUEPPRN1019 is idle.  enabled since Fri Jan 22 11:43:20 2021
printer AUEPPRN1021 is idle.  enabled since Fri Jan 22 11:43:58 2021
printer AUEPPRN1022 is idle.  enabled since Fri Jan 22 11:44:38 2021
printer AUEPPRN1024 is idle.  enabled since Fri Jan 22 11:45:21 2021
printer AUEPPRN1025 is idle.  enabled since Fri Jan 22 11:45:59 2021
printer AUEPPRN1027 is idle.  enabled since Fri Jan 22 11:46:49 2021
printer AUEPPRN1028 is idle.  enabled since Fri Jan 22 11:47:44 2021
printer AUEPPRN1030 is idle.  enabled since Fri Jan 22 11:48:24 2021
printer AUEPPRN1031 is idle.  enabled since Fri Jan 22 11:49:05 2021
printer AUEPPRN1040 is idle.  enabled since Fri Jan 22 11:49:44 2021
printer AUEPPRN1042 is idle.  enabled since Fri Jan 22 11:52:22 2021
printer AUEPPRN1043 is idle.  enabled since Fri Jan 22 11:53:17 2021
printer AUEPPRN1045 is idle.  enabled since Fri Jan 22 11:54:13 2021
printer AUEPPRN1050 is idle.  enabled since Fri Jan 22 11:55:01 2021
printer AUEPPRN1051 is idle.  enabled since Fri Jan 22 11:55:49 2021
printer AUEPPRN1052 is idle.  enabled since Fri Jan 22 11:56:31 2021
printer AUEPPRN1053 is idle.  enabled since Fri Jan 22 11:57:15 2021
printer AUEPPRN1060 is idle.  enabled since Fri Jan 22 11:57:56 2021
printer AUEPPRN1063 is idle.  enabled since Fri Jan 22 11:58:41 2021
printer AUEPPRN1064 is idle.  enabled since Fri Jan 22 11:59:23 2021
printer AUEPPRN1066 is idle.  enabled since Fri Jan 22 12:00:05 2021
printer AUEPPRN1081 is idle.  enabled since Tue Feb 27 06:27:21 2024
printer AUEPPRN1091 is idle.  enabled since Tue Sep  9 03:36:41 2025
printer EPLABPRN014 is idle.  enabled since Thu Oct 16 22:16:03 2025
printer TDLCTESTPRINTER is idle.  enabled since Tue Mar 26 11:58:36 2024
-------------------------------------
CUPS Service (Port 631): REACHABLE on 172.26.240.86
CUPS Web Interface (http://172.26.240.86:631): HTTP 200 OK
-------------------------------------

Total number of Java process running on this host 172.26.240.86 is 0
Total number of Daemon / Batch (java) application process available is 0

No Java daemon processes running
-------------------------------------

-------------------------------------
Total number of App process running on this host 172.26.240.86
Total number of App java process available is 0
-------------------------------------
No Standalone application processes running
-------------------------------------

Web Application Port Validation for Server IP: 172.26.240.86
-------------------------------------

==============================================================================
Server Availability Check Completed at Wed Nov 12 07:18:48 UTC 2025
==============================================================================


2025-11-12 02:19:18,009 - 9908 - ERROR - app_validation.sh errors for i-0fe5f9fddddbe90d4:

2025-11-12 02:19:18,011 - 9908 - INFO - After patching validation saved to: output/validation-2025-11-12/172.26.240.86-AfterPatching-2025-11-12-02-19-18-010.log
2025-11-12 02:19:18,045 - 9908 - INFO - Validation comparison report generated: output/validation-2025-11-12/172.26.240.86-Validation-details-2025-11-12-02-19-18-010.log
2025-11-12 02:19:18,124 - 9908 - INFO - Email sent successfully to ['CloudOps@softeon.com']
2025-11-12 02:19:18,124 - 9908 - INFO - HTML validation report email sent for i-0fe5f9fddddbe90d4
2025-11-12 02:19:18,256 - 9908 - INFO - Started i-0fe5f9fddddbe90d4 in 0:01:17.717868
2025-11-12 02:19:18,257 - 9908 - INFO - All instances processed.
2025-11-12 02:19:18,259 - 9908 - INFO - Restart Total time: 0:03:39.453909
2025-11-12 02:19:18,259 - 9908 - INFO - Auto-confirmed services are restarted
2025-11-12 02:19:18,259 - 9908 - INFO - Confirmed - services are started
2025-11-12 02:19:19,389 - 9908 - INFO - The following instances have failed the patch: []
2025-11-12 02:19:19,389 - 9908 - INFO - No instances have failed the patch.
2025-11-12 02:19:19,389 - 9908 - INFO - Total Patch Process time: 0:09:16.819997
2025-11-12 02:19:19,576 - 9908 - INFO - Email sent successfully to ['a80af5b5.softeon.com@in.teams.ms', 'CloudOps@softeon.com']
2025-11-12 02:20:19,854 - 9908 - INFO - Log file ./logs/patching_2025-11-12_Sony-Australia-Batch.log uploaded to s3://q4-2025-aws-security-patching/Sony-Australia-Batch_Patch/2025-11-12/patching_2025-11-12_Sony-Australia-Batch.log
