2025-12-14 03:00:03,512 - 17974 - INFO - Email sent successfully to ['CloudOps@softeon.com']
2025-12-14 03:07:33,796 - 17974 - INFO - Email sent successfully to ['MahimaM@softeon.com']
2025-12-14 03:07:33,928 - 17974 - INFO - Log file ./logs/backup_2025-12-14.log uploaded to s3://q3-2025-aws-security-patching/Scotters-Prod-App_Patch_Backup/2025-12-14/backup_2025-12-14.log
2025-12-14 07:00:02,492 - 31642 - INFO - Logger setup has been removed, using shared logger from common.logs.logger.
2025-12-14 07:00:02,493 - 31642 - INFO - Script Start Time: 2025-12-14 07:00:02
2025-12-14 07:00:03,068 - 31642 - INFO - Instance(s) selected for Patching: {'i-0fd39683ed57ee303': '172.30.162.4', 'i-011a8e6a57dfc60e7': '172.30.162.40'}
2025-12-14 07:00:03,205 - 31642 - INFO - Email sent successfully to ['a80af5b5.softeon.com@in.teams.ms', 'CloudOps@softeon.com']
2025-12-14 07:00:03,205 - 31642 - INFO - Now patching instances at: 2025-12-14 07:00:03
2025-12-14 07:00:03,326 - 31642 - INFO - Sending patch command to instance i-011a8e6a57dfc60e7
2025-12-14 07:00:03,549 - 31642 - INFO - Command sent successfully to instance i-011a8e6a57dfc60e7. Command ID: 1991f18c-ea1f-41a1-87f2-2d1622548a6e
2025-12-14 07:00:03,875 - 31642 - INFO - Sending patch command to instance i-0fd39683ed57ee303
2025-12-14 07:00:03,971 - 31642 - INFO - Command sent successfully to instance i-0fd39683ed57ee303. Command ID: cce1b7b8-0dec-4575-879d-a27c828973a8
2025-12-14 07:06:36,131 - 31642 - INFO - All patches applied successfully.
2025-12-14 07:06:36,131 - 31642 - INFO - Patching end time: 2025-12-14 07:06:36
2025-12-14 07:06:36,131 - 31642 - INFO - Patch Elapsed time: 0:06:32.925597
2025-12-14 07:06:36,213 - 31642 - INFO - Email sent successfully to ['a80af5b5.softeon.com@in.teams.ms', 'CloudOps@softeon.com']
2025-12-14 07:06:36,213 - 31642 - INFO - Confirmed - services are stopped
2025-12-14 07:06:44,525 - 31642 - INFO - Discovered TG map: {'i-0fd39683ed57ee303': ['arn:aws:elasticloadbalancing:us-east-2:835314132208:targetgroup/ScootersCoffee-Prod-Desktop/abdfdbc43e543c56', 'arn:aws:elasticloadbalancing:us-east-2:835314132208:targetgroup/ScootersCoffee-Prod-RF/9ed090ac8e89d91c', 'arn:aws:elasticloadbalancing:us-east-2:835314132208:targetgroup/ScootersCoffee-Prod-WS/c87a26c21c20dc62'], 'i-011a8e6a57dfc60e7': ['arn:aws:elasticloadbalancing:us-east-2:835314132208:targetgroup/ScootersCoffee-Prod-Desktop/abdfdbc43e543c56', 'arn:aws:elasticloadbalancing:us-east-2:835314132208:targetgroup/ScootersCoffee-Prod-RF/9ed090ac8e89d91c', 'arn:aws:elasticloadbalancing:us-east-2:835314132208:targetgroup/ScootersCoffee-Prod-WS/c87a26c21c20dc62']}
2025-12-14 07:06:44,809 - 31642 - INFO - Sent app_validation.sh to i-011a8e6a57dfc60e7 (command_id: 68496c1f-6036-4712-bb2c-3e58721d4b08)
2025-12-14 07:07:14,911 - 31642 - INFO - app_validation.sh output for i-011a8e6a57dfc60e7:

==============================================================================
Server Availability Check Started at Sun Dec 14 12:06:45 UTC 2025
==============================================================================

-------------------------------------
Server IP : 172.30.162.40
-------------------------------------
System Information
------------------
Hostname: ip-172-30-162-40.us-east-2.compute.internal
Uptime: up 14 weeks, 1 day, 2 hours
Current User: root
Working Directory: /usr/bin
-------------------------------------
Voice Console URL: http://172.30.162.40:9090/VoiceConsole
-------------------------------------

-------------------------------------
Server IP : 172.30.162.40
-------------------------------------
Physical Memory Information
---------------------------
Total Physical Memory = 15611 MB
Used Physical Memory  = 12068 MB
Free Physical Memory  = 3543 MB
-------------------------------------
Swap Memory Information
-----------------------
Total Swap Memory = 10239 MB
Used Swap Memory  = 733 MB
Free Swap Memory  = 9506 MB
-------------------------------------
Load Average: 0.52 1.02 0.55 10/518 1800609
-------------------------------------

Disk Usage Information
----------------------
Filesystem                                          Size  Used Avail Use% Mounted on
/dev/nvme0n1p1                                       20G  6.1G   14G  31% /
/dev/nvme0n1p128                                     10M  1.3M  8.7M  13% /boot/efi
/dev/mapper/vg01-lv02                               240G   22G  218G  10% /data
fs-057fe56de46fc0b97.efs.us-east-2.amazonaws.com:/  8.0E   33G  8.0E   1% /data2
devtmpfs                                            4.0M     0  4.0M   0% /dev
tmpfs                                               7.7G     0  7.7G   0% /dev/shm
tmpfs                                               3.1G  8.7M  3.1G   1% /run
tmpfs                                               1.6G     0  1.6G   0% /run/user/2001
tmpfs                                               7.7G   96K  7.7G   1% /tmp
-------------------------------------

Application Port Validation for Server IP: 172.30.162.40 started on Sun Dec 14 12:06:45 UTC 2025

Server IP: 172.30.162.40 is reachable.

SSH Service (Port 22) Status:
SSH Service (Port 22): NOT REACHABLE
-------------------------------------

FTP Service Validation for Server IP: 172.30.162.40

FTP Service (Port 21): NOT REACHABLE
No FTP processes detected
-------------------------------------

CUPS Service Validation for Server IP: 172.30.162.40

CUPS Service (Port 631): NOT REACHABLE

Printer Configuration:
Total Printers Configured: 0
-------------------------------------
CUPS Service (Port 631): NOT REACHABLE on 172.30.162.40
-------------------------------------

Total number of Java process running on this host 172.30.162.40 is 3
Total number of Daemon / Batch (java) application process available is 0

No Java daemon processes running
-------------------------------------

-------------------------------------
Total number of App process running on this host 172.30.162.40
Total number of App java process available is 3
-------------------------------------
App Process details:
Process ID: 3147299, Process Name: 44:21
Process ID: 3147748, Process Name: 33:30
Process ID: 3147797, Process Name: 31:01
-------------------------------------

Web Application Port Validation for Server IP: 172.30.162.40
Port 8080:	scootersp_j	Running
Port 8081:	scootersprf	Running
Port 8082:	scooterspw_	Running
-------------------------------------

==============================================================================
Server Availability Check Completed at Sun Dec 14 12:06:46 UTC 2025
==============================================================================


2025-12-14 07:07:14,911 - 31642 - ERROR - app_validation.sh errors for i-011a8e6a57dfc60e7:

2025-12-14 07:07:14,913 - 31642 - INFO - Before patching validation saved to: output/validation-2025-12-14/172.30.162.40-BeforePatching-2025-12-14-07-07-14-913.log
2025-12-14 07:07:14,913 - 31642 - INFO - Deregistering i-011a8e6a57dfc60e7 from TG arn:aws:elasticloadbalancing:us-east-2:835314132208:targetgroup/ScootersCoffee-Prod-Desktop/abdfdbc43e543c56
2025-12-14 07:07:15,044 - 31642 - INFO - Deregistering i-011a8e6a57dfc60e7 from TG arn:aws:elasticloadbalancing:us-east-2:835314132208:targetgroup/ScootersCoffee-Prod-RF/9ed090ac8e89d91c
2025-12-14 07:07:15,098 - 31642 - INFO - Deregistering i-011a8e6a57dfc60e7 from TG arn:aws:elasticloadbalancing:us-east-2:835314132208:targetgroup/ScootersCoffee-Prod-WS/c87a26c21c20dc62
2025-12-14 07:07:15,156 - 31642 - INFO - Stopping EC2 instance: i-011a8e6a57dfc60e7 at 2025-12-14 07:07:15
2025-12-14 07:09:31,777 - 31642 - INFO - Instance i-011a8e6a57dfc60e7 stopped successfully.
2025-12-14 07:09:32,015 - 31642 - INFO - Stopped i-011a8e6a57dfc60e7 in 0:02:16.859464
2025-12-14 07:09:32,016 - 31642 - INFO - Starting EC2 instance: i-011a8e6a57dfc60e7
2025-12-14 07:09:47,874 - 31642 - INFO - Instance i-011a8e6a57dfc60e7 started successfully.
2025-12-14 07:09:47,874 - 31642 - INFO - Waiting 30 seconds for SSM agent to be ready on i-011a8e6a57dfc60e7...
2025-12-14 07:10:17,890 - 31642 - INFO - Registering i-011a8e6a57dfc60e7 to TG arn:aws:elasticloadbalancing:us-east-2:835314132208:targetgroup/ScootersCoffee-Prod-Desktop/abdfdbc43e543c56
2025-12-14 07:10:18,111 - 31642 - INFO - Registering i-011a8e6a57dfc60e7 to TG arn:aws:elasticloadbalancing:us-east-2:835314132208:targetgroup/ScootersCoffee-Prod-RF/9ed090ac8e89d91c
2025-12-14 07:10:18,256 - 31642 - INFO - Registering i-011a8e6a57dfc60e7 to TG arn:aws:elasticloadbalancing:us-east-2:835314132208:targetgroup/ScootersCoffee-Prod-WS/c87a26c21c20dc62
2025-12-14 07:13:19,273 - 31642 - INFO - Sent app_validation.sh to i-011a8e6a57dfc60e7 (command_id: 32f3d93d-3e66-45c0-96d2-6b3f2893f17d)
2025-12-14 07:13:49,411 - 31642 - INFO - app_validation.sh output for i-011a8e6a57dfc60e7:

==============================================================================
Server Availability Check Started at Sun Dec 14 12:13:19 UTC 2025
==============================================================================

-------------------------------------
Server IP : 172.30.162.40
-------------------------------------
System Information
------------------
Hostname: ip-172-30-162-40.us-east-2.compute.internal
Uptime: up 3 minutes
Current User: root
Working Directory: /usr/bin
-------------------------------------
Voice Console URL: http://172.30.162.40:9090/VoiceConsole
-------------------------------------

-------------------------------------
Server IP : 172.30.162.40
-------------------------------------
Physical Memory Information
---------------------------
Total Physical Memory = 15623 MB
Used Physical Memory  = 7141 MB
Free Physical Memory  = 8482 MB
-------------------------------------
Swap Memory Information
-----------------------
Total Swap Memory = 10239 MB
Used Swap Memory  = 0 MB
Free Swap Memory  = 10239 MB
-------------------------------------
Load Average: 3.43 2.34 0.95 5/561 5459
-------------------------------------

Disk Usage Information
----------------------
Filesystem                                          Size  Used Avail Use% Mounted on
/dev/nvme0n1p1                                       20G  5.9G   15G  30% /
/dev/nvme0n1p128                                     10M  1.3M  8.7M  13% /boot/efi
/dev/mapper/vg01-lv02                               240G   22G  219G  10% /data
fs-057fe56de46fc0b97.efs.us-east-2.amazonaws.com:/  8.0E   33G  8.0E   1% /data2
devtmpfs                                            4.0M     0  4.0M   0% /dev
tmpfs                                               7.7G     0  7.7G   0% /dev/shm
tmpfs                                               3.1G  8.7M  3.1G   1% /run
tmpfs                                               1.6G     0  1.6G   0% /run/user/2001
tmpfs                                               7.7G   96K  7.7G   1% /tmp
-------------------------------------

Application Port Validation for Server IP: 172.30.162.40 started on Sun Dec 14 12:13:19 UTC 2025

Server IP: 172.30.162.40 is reachable.

SSH Service (Port 22) Status:
SSH Service (Port 22): NOT REACHABLE
-------------------------------------

FTP Service Validation for Server IP: 172.30.162.40

FTP Service (Port 21): NOT REACHABLE
No FTP processes detected
-------------------------------------

CUPS Service Validation for Server IP: 172.30.162.40

CUPS Service (Port 631): NOT REACHABLE

Printer Configuration:
Total Printers Configured: 0
-------------------------------------
CUPS Service (Port 631): NOT REACHABLE on 172.30.162.40
-------------------------------------

Total number of Java process running on this host 172.30.162.40 is 3
Total number of Daemon / Batch (java) application process available is 0

No Java daemon processes running
-------------------------------------

-------------------------------------
Total number of App process running on this host 172.30.162.40
Total number of App java process available is 3
-------------------------------------
App Process details:
Process ID: 4273, Process Name: 0:54
Process ID: 4365, Process Name: 0:55
Process ID: 4467, Process Name: 0:55
-------------------------------------

Web Application Port Validation for Server IP: 172.30.162.40
Port 8080:	scootersp_jb74	Running
Port 8081:	scootersprf_jb	Running
Port 8082:	scooterspw_jb7	Running
-------------------------------------

==============================================================================
Server Availability Check Completed at Sun Dec 14 12:13:21 UTC 2025
==============================================================================


2025-12-14 07:13:49,411 - 31642 - ERROR - app_validation.sh errors for i-011a8e6a57dfc60e7:

2025-12-14 07:13:49,413 - 31642 - INFO - After patching validation saved to: output/validation-2025-12-14/172.30.162.40-AfterPatching-2025-12-14-07-13-49-412.log
2025-12-14 07:13:49,447 - 31642 - INFO - Validation comparison report generated: output/validation-2025-12-14/172.30.162.40-Validation-details-2025-12-14-07-13-49-412.log
2025-12-14 07:13:49,515 - 31642 - INFO - Email sent successfully to ['CloudOps@softeon.com']
2025-12-14 07:13:49,515 - 31642 - INFO - HTML validation report email sent for i-011a8e6a57dfc60e7
2025-12-14 07:13:49,761 - 31642 - INFO - Started i-011a8e6a57dfc60e7 in 0:04:17.745561
2025-12-14 07:13:49,762 - 31642 - INFO - Waiting 120 seconds before proceeding to the next instance...
2025-12-14 07:15:50,015 - 31642 - INFO - Sent app_validation.sh to i-0fd39683ed57ee303 (command_id: 355b0ecd-55e1-49e5-a943-600570bb8b43)
2025-12-14 07:16:20,135 - 31642 - INFO - app_validation.sh output for i-0fd39683ed57ee303:

==============================================================================
Server Availability Check Started at Sun Dec 14 12:15:50 UTC 2025
==============================================================================

-------------------------------------
Server IP : 172.30.162.4
-------------------------------------
System Information
------------------
Hostname: ip-172-30-162-4.us-east-2.compute.internal
Uptime: up 14 weeks, 1 day, 2 hours, 18 minutes
Current User: root
Working Directory: /usr/bin
-------------------------------------
Voice Console URL: http://172.30.162.4:9090/VoiceConsole
-------------------------------------

-------------------------------------
Server IP : 172.30.162.4
-------------------------------------
Physical Memory Information
---------------------------
Total Physical Memory = 15611 MB
Used Physical Memory  = 12836 MB
Free Physical Memory  = 2775 MB
-------------------------------------
Swap Memory Information
-----------------------
Total Swap Memory = 10239 MB
Used Swap Memory  = 571 MB
Free Swap Memory  = 9668 MB
-------------------------------------
Load Average: 0.30 0.43 0.40 2/529 2233289
-------------------------------------

Disk Usage Information
----------------------
Filesystem                                          Size  Used Avail Use% Mounted on
/dev/nvme0n1p1                                       20G  6.1G   14G  31% /
/dev/nvme0n1p128                                     10M  1.3M  8.7M  13% /boot/efi
/dev/mapper/vg01-lv02                               240G   18G  223G   8% /data
fs-057fe56de46fc0b97.efs.us-east-2.amazonaws.com:/  8.0E   33G  8.0E   1% /data2
devtmpfs                                            4.0M     0  4.0M   0% /dev
tmpfs                                               7.7G     0  7.7G   0% /dev/shm
tmpfs                                               3.1G  8.7M  3.1G   1% /run
tmpfs                                               1.6G     0  1.6G   0% /run/user/1000
tmpfs                                               1.6G     0  1.6G   0% /run/user/2001
tmpfs                                               7.7G   65M  7.6G   1% /tmp
-------------------------------------

Application Port Validation for Server IP: 172.30.162.4 started on Sun Dec 14 12:15:50 UTC 2025

Server IP: 172.30.162.4 is reachable.

SSH Service (Port 22) Status:
SSH Service (Port 22): NOT REACHABLE
-------------------------------------

FTP Service Validation for Server IP: 172.30.162.4

FTP Service (Port 21): NOT REACHABLE
No FTP processes detected
-------------------------------------

CUPS Service Validation for Server IP: 172.30.162.4

CUPS Service (Port 631): NOT REACHABLE

Printer Configuration:
Total Printers Configured: 14
Printer Details:
printer CART1 is idle.  enabled since Wed Dec 10 17:12:34 2025
	Waiting for printer to finish.
printer CART2 is idle.  enabled since Thu Jul  3 17:17:38 2025
printer CDPRINT is idle.  enabled since Wed Feb 26 08:42:05 2025
printer CDZT1 is idle.  enabled since Tue Dec  2 16:53:25 2025
	Waiting for printer to finish.
printer CPUPRINT is idle.  enabled since Wed Feb 26 08:41:15 2025
printer KCOFFICE is idle.  enabled since Mon Jan 20 08:27:11 2025
printer OFFPRNT is idle.  enabled since Wed Feb 26 08:23:58 2025
printer RCV1 is idle.  enabled since Wed Feb 26 08:35:37 2025
printer RCV2 is idle.  enabled since Wed Feb 26 08:37:27 2025
printer SHIP is idle.  enabled since Wed Feb 26 08:38:28 2025
printer SHIP01 is idle.  enabled since Tue Dec  2 19:04:22 2025
printer ZEBRAZD1 is idle.  enabled since Thu Jul  3 15:04:10 2025
-------------------------------------
CUPS Service (Port 631): NOT REACHABLE on 172.30.162.4
-------------------------------------

Total number of Java process running on this host 172.30.162.4 is 3
Total number of Daemon / Batch (java) application process available is 0

No Java daemon processes running
-------------------------------------

-------------------------------------
Total number of App process running on this host 172.30.162.4
Total number of App java process available is 3
-------------------------------------
App Process details:
Process ID: 3709466, Process Name: 33:03
Process ID: 3709739, Process Name: 42:08
Process ID: 3710021, Process Name: 30:28
-------------------------------------

Web Application Port Validation for Server IP: 172.30.162.4
Port 8080:	scootersp_j	Running
Port 8081:	scootersprf	Running
Port 8082:	scooterspw_	Running
-------------------------------------

==============================================================================
Server Availability Check Completed at Sun Dec 14 12:15:51 UTC 2025
==============================================================================


2025-12-14 07:16:20,135 - 31642 - ERROR - app_validation.sh errors for i-0fd39683ed57ee303:

2025-12-14 07:16:20,137 - 31642 - INFO - Before patching validation saved to: output/validation-2025-12-14/172.30.162.4-BeforePatching-2025-12-14-07-16-20-136.log
2025-12-14 07:16:20,137 - 31642 - INFO - Deregistering i-0fd39683ed57ee303 from TG arn:aws:elasticloadbalancing:us-east-2:835314132208:targetgroup/ScootersCoffee-Prod-Desktop/abdfdbc43e543c56
2025-12-14 07:16:20,263 - 31642 - INFO - Deregistering i-0fd39683ed57ee303 from TG arn:aws:elasticloadbalancing:us-east-2:835314132208:targetgroup/ScootersCoffee-Prod-RF/9ed090ac8e89d91c
2025-12-14 07:16:20,323 - 31642 - INFO - Deregistering i-0fd39683ed57ee303 from TG arn:aws:elasticloadbalancing:us-east-2:835314132208:targetgroup/ScootersCoffee-Prod-WS/c87a26c21c20dc62
2025-12-14 07:16:20,386 - 31642 - INFO - Stopping EC2 instance: i-0fd39683ed57ee303 at 2025-12-14 07:16:20
2025-12-14 07:18:06,783 - 31642 - INFO - Instance i-0fd39683ed57ee303 stopped successfully.
2025-12-14 07:18:07,016 - 31642 - INFO - Stopped i-0fd39683ed57ee303 in 0:01:46.630104
2025-12-14 07:18:07,016 - 31642 - INFO - Starting EC2 instance: i-0fd39683ed57ee303
2025-12-14 07:18:22,995 - 31642 - INFO - Instance i-0fd39683ed57ee303 started successfully.
2025-12-14 07:18:22,995 - 31642 - INFO - Waiting 30 seconds for SSM agent to be ready on i-0fd39683ed57ee303...
2025-12-14 07:18:53,015 - 31642 - INFO - Registering i-0fd39683ed57ee303 to TG arn:aws:elasticloadbalancing:us-east-2:835314132208:targetgroup/ScootersCoffee-Prod-Desktop/abdfdbc43e543c56
2025-12-14 07:18:53,225 - 31642 - INFO - Registering i-0fd39683ed57ee303 to TG arn:aws:elasticloadbalancing:us-east-2:835314132208:targetgroup/ScootersCoffee-Prod-RF/9ed090ac8e89d91c
2025-12-14 07:18:53,414 - 31642 - INFO - Registering i-0fd39683ed57ee303 to TG arn:aws:elasticloadbalancing:us-east-2:835314132208:targetgroup/ScootersCoffee-Prod-WS/c87a26c21c20dc62
2025-12-14 07:21:54,382 - 31642 - INFO - Sent app_validation.sh to i-0fd39683ed57ee303 (command_id: 0c9ee2b3-05b5-4153-a767-43fd43081091)
2025-12-14 07:22:24,497 - 31642 - INFO - app_validation.sh output for i-0fd39683ed57ee303:

==============================================================================
Server Availability Check Started at Sun Dec 14 12:21:54 UTC 2025
==============================================================================

-------------------------------------
Server IP : 172.30.162.4
-------------------------------------
System Information
------------------
Hostname: ip-172-30-162-4.us-east-2.compute.internal
Uptime: up 3 minutes
Current User: root
Working Directory: /usr/bin
-------------------------------------
Voice Console URL: http://172.30.162.4:9090/VoiceConsole
-------------------------------------

-------------------------------------
Server IP : 172.30.162.4
-------------------------------------
Physical Memory Information
---------------------------
Total Physical Memory = 15623 MB
Used Physical Memory  = 7290 MB
Free Physical Memory  = 8333 MB
-------------------------------------
Swap Memory Information
-----------------------
Total Swap Memory = 10239 MB
Used Swap Memory  = 0 MB
Free Swap Memory  = 10239 MB
-------------------------------------
Load Average: 3.19 2.10 0.85 8/566 5436
-------------------------------------

Disk Usage Information
----------------------
Filesystem                                          Size  Used Avail Use% Mounted on
/dev/nvme0n1p1                                       20G  5.9G   15G  30% /
/dev/nvme0n1p128                                     10M  1.3M  8.7M  13% /boot/efi
/dev/mapper/vg01-lv02                               240G   18G  223G   8% /data
fs-057fe56de46fc0b97.efs.us-east-2.amazonaws.com:/  8.0E   33G  8.0E   1% /data2
devtmpfs                                            4.0M     0  4.0M   0% /dev
tmpfs                                               7.7G     0  7.7G   0% /dev/shm
tmpfs                                               3.1G  8.7M  3.1G   1% /run
tmpfs                                               7.7G   96K  7.7G   1% /tmp
-------------------------------------

Application Port Validation for Server IP: 172.30.162.4 started on Sun Dec 14 12:21:54 UTC 2025

Server IP: 172.30.162.4 is reachable.

SSH Service (Port 22) Status:
SSH Service (Port 22): NOT REACHABLE
-------------------------------------

FTP Service Validation for Server IP: 172.30.162.4

FTP Service (Port 21): NOT REACHABLE
No FTP processes detected
-------------------------------------

CUPS Service Validation for Server IP: 172.30.162.4

CUPS Service (Port 631): NOT REACHABLE

Printer Configuration:
Total Printers Configured: 12
Printer Details:
printer CART1 is idle.  enabled since Fri Nov 28 13:52:45 2025
printer CART2 is idle.  enabled since Thu Jul  3 17:17:38 2025
printer CDPRINT is idle.  enabled since Wed Feb 26 08:42:05 2025
printer CDZT1 is idle.  enabled since Tue Dec  2 16:53:25 2025
printer CPUPRINT is idle.  enabled since Wed Feb 26 08:41:15 2025
printer KCOFFICE is idle.  enabled since Mon Jan 20 08:27:11 2025
printer OFFPRNT is idle.  enabled since Wed Feb 26 08:23:58 2025
printer RCV1 is idle.  enabled since Wed Feb 26 08:35:37 2025
printer RCV2 is idle.  enabled since Wed Feb 26 08:37:27 2025
printer SHIP is idle.  enabled since Wed Feb 26 08:38:28 2025
printer SHIP01 is idle.  enabled since Tue Dec  2 19:04:22 2025
printer ZEBRAZD1 is idle.  enabled since Thu Jul  3 15:04:10 2025
-------------------------------------
CUPS Service (Port 631): NOT REACHABLE on 172.30.162.4
-------------------------------------

Total number of Java process running on this host 172.30.162.4 is 3
Total number of Daemon / Batch (java) application process available is 0

No Java daemon processes running
-------------------------------------

-------------------------------------
Total number of App process running on this host 172.30.162.4
Total number of App java process available is 3
-------------------------------------
App Process details:
Process ID: 3868, Process Name: 0:53
Process ID: 4398, Process Name: 0:54
Process ID: 4446, Process Name: 0:55
-------------------------------------

Web Application Port Validation for Server IP: 172.30.162.4
Port 8080:	scootersp_jb74	Running
Port 8081:	scootersprf_jb	Running
Port 8082:	scooterspw_jb7	Running
-------------------------------------

==============================================================================
Server Availability Check Completed at Sun Dec 14 12:21:56 UTC 2025
==============================================================================


2025-12-14 07:22:24,497 - 31642 - ERROR - app_validation.sh errors for i-0fd39683ed57ee303:

2025-12-14 07:22:24,499 - 31642 - INFO - After patching validation saved to: output/validation-2025-12-14/172.30.162.4-AfterPatching-2025-12-14-07-22-24-499.log
2025-12-14 07:22:24,534 - 31642 - INFO - Validation comparison report generated: output/validation-2025-12-14/172.30.162.4-Validation-details-2025-12-14-07-22-24-499.log
2025-12-14 07:22:24,614 - 31642 - INFO - Email sent successfully to ['CloudOps@softeon.com']
2025-12-14 07:22:24,614 - 31642 - INFO - HTML validation report email sent for i-0fd39683ed57ee303
2025-12-14 07:22:24,846 - 31642 - INFO - Started i-0fd39683ed57ee303 in 0:04:17.830002
2025-12-14 07:22:24,847 - 31642 - INFO - All instances processed.
2025-12-14 07:22:24,851 - 31642 - INFO - Restart Total time: 0:15:48.508607
2025-12-14 07:22:24,851 - 31642 - INFO - Auto-confirmed services are restarted
2025-12-14 07:22:24,851 - 31642 - INFO - Confirmed - services are started
2025-12-14 07:22:24,963 - 31642 - INFO - The following instances have failed the patch: []
2025-12-14 07:22:24,964 - 31642 - INFO - No instances have failed the patch.
2025-12-14 07:22:24,964 - 31642 - INFO - Total Patch Process time: 0:22:22.470668
2025-12-14 07:22:25,257 - 31642 - INFO - Email sent successfully to ['a80af5b5.softeon.com@in.teams.ms', 'CloudOps@softeon.com']
2025-12-14 07:23:25,468 - 31642 - INFO - Log file ./logs/patching_2025-12-14_Scotters-Prod-App.log uploaded to s3://q4-2025-aws-security-patching/Scotters-Prod-App_Patch/2025-12-14/patching_2025-12-14_Scotters-Prod-App.log
