2026-01-01 00:05:02,477 - 12750 - INFO - Logger setup has been removed, using shared logger from common.logs.logger.
2026-01-01 00:05:02,477 - 12750 - INFO - Script Start Time: 2026-01-01 00:05:02
2026-01-01 00:05:02,645 - 12750 - INFO - Instance(s) selected for Patching: {'i-05794805ef320641a': '172.30.150.11', 'i-08f0405118a8fa28e': '172.30.150.41'}
2026-01-01 00:05:02,729 - 12750 - INFO - Email sent successfully to ['a80af5b5.softeon.com@in.teams.ms', 'CloudOps@softeon.com']
2026-01-01 00:05:02,729 - 12750 - INFO - Now patching instances at: 2026-01-01 00:05:02
2026-01-01 00:05:02,783 - 12750 - INFO - Sending patch command to instance i-05794805ef320641a
2026-01-01 00:05:03,009 - 12750 - INFO - Command sent successfully to instance i-05794805ef320641a. Command ID: 40d5a5a4-618b-49f9-8f44-8420e7d11bed
2026-01-01 00:05:03,141 - 12750 - INFO - Sending patch command to instance i-08f0405118a8fa28e
2026-01-01 00:05:03,301 - 12750 - INFO - Command sent successfully to instance i-08f0405118a8fa28e. Command ID: 758a84e4-0a43-4bcd-83b7-c7d44d75ee55
2026-01-01 00:09:35,135 - 12750 - INFO - All patches applied successfully.
2026-01-01 00:09:35,135 - 12750 - INFO - Patching end time: 2026-01-01 00:09:35
2026-01-01 00:09:35,135 - 12750 - INFO - Patch Elapsed time: 0:04:32.405966
2026-01-01 00:09:35,209 - 12750 - INFO - Email sent successfully to ['a80af5b5.softeon.com@in.teams.ms', 'CloudOps@softeon.com']
2026-01-01 00:09:35,209 - 12750 - INFO - Confirmed - services are stopped
2026-01-01 00:09:43,036 - 12750 - INFO - Discovered TG map: {'i-08f0405118a8fa28e': ['arn:aws:elasticloadbalancing:us-east-2:835314132208:targetgroup/JAS-APAC-UAT-Config-New/c426205594177e18', 'arn:aws:elasticloadbalancing:us-east-2:835314132208:targetgroup/JAS-APAC-UAT-Desktop-New/f7f4f15308ede815', 'arn:aws:elasticloadbalancing:us-east-2:835314132208:targetgroup/JAS-APAC-UAT-RF-New/c695eecd2f397308', 'arn:aws:elasticloadbalancing:us-east-2:835314132208:targetgroup/JAS-APAC-UAT-WS-New/13117bef01064392'], 'i-05794805ef320641a': ['arn:aws:elasticloadbalancing:us-east-2:835314132208:targetgroup/JAS-Dev-Config/6937a33a19e341b5', 'arn:aws:elasticloadbalancing:us-east-2:835314132208:targetgroup/JAS-Dev-Desktop/dc2d9fb073cd18ba', 'arn:aws:elasticloadbalancing:us-east-2:835314132208:targetgroup/JAS-Dev-RF/599d794e0e1b7817', 'arn:aws:elasticloadbalancing:us-east-2:835314132208:targetgroup/JAS-UAT-AdhocAPI/d30a411e22c42844']}
2026-01-01 00:09:43,310 - 12750 - INFO - Sent app_validation.sh to i-05794805ef320641a (command_id: 2db3a935-cb42-4780-bb09-0f001dcc3a56)
2026-01-01 00:10:13,469 - 12750 - INFO - app_validation.sh output for i-05794805ef320641a:

==============================================================================
Server Availability Check Started at Thu Jan  1 05:09:43 UTC 2026
==============================================================================

-------------------------------------
Server IP : 172.30.150.11
-------------------------------------
System Information
------------------
Hostname: ip-172-30-150-11.us-east-2.compute.internal
Uptime: up 8 weeks, 1 day, 23 hours, 53 minutes
Current User: root
Working Directory: /usr/bin
-------------------------------------
Voice Console URL: http://172.30.150.11:9090/VoiceConsole
-------------------------------------

-------------------------------------
Server IP : 172.30.150.11
-------------------------------------
Physical Memory Information
---------------------------
Total Physical Memory = 15611 MB
Used Physical Memory  = 13095 MB
Free Physical Memory  = 2516 MB
-------------------------------------
Swap Memory Information
-----------------------
Total Swap Memory = 10239 MB
Used Swap Memory  = 8996 MB
Free Swap Memory  = 1243 MB
-------------------------------------
Load Average: 0.82 1.14 0.63 4/1781 311990
-------------------------------------

Disk Usage Information
----------------------
Filesystem        Size  Used Avail Use% Mounted on
/dev/nvme0n1p1     20G  5.6G   15G  28% /
/dev/nvme0n1p128   10M  1.3M  8.7M  13% /boot/efi
/dev/nvme1n1p2    290G  156G  135G  54% /data
devtmpfs          4.0M     0  4.0M   0% /dev
tmpfs             7.7G     0  7.7G   0% /dev/shm
tmpfs             3.1G  744K  3.1G   1% /run
tmpfs             1.6G     0  1.6G   0% /run/user/2001
tmpfs             1.6G     0  1.6G   0% /run/user/992
tmpfs             7.7G   78M  7.6G   1% /tmp
-------------------------------------

Application Port Validation for Server IP: 172.30.150.11 started on Thu Jan  1 05:09:43 UTC 2026

Server IP: 172.30.150.11 is reachable.

SSH Service (Port 22) Status:
SSH Service (Port 22): NOT REACHABLE
-------------------------------------

FTP Service Validation for Server IP: 172.30.150.11

FTP Service (Port 21): NOT REACHABLE
No FTP processes detected
-------------------------------------

CUPS Service Validation for Server IP: 172.30.150.11

CUPS Service (Port 631): NOT REACHABLE

Printer Configuration:
Total Printers Configured: 97
Printer Details:
printer CS_OFFICE is idle.  enabled since Fri Apr 12 13:43:23 2024
printer CSOFFICE is idle.  enabled since Fri Apr 12 13:48:16 2024
printer DEFRAP168 is idle.  enabled since Thu Aug 14 05:55:56 2025
printer DEFRAP169 is idle.  enabled since Thu Mar  6 08:32:37 2025
printer DEFRAP200 is idle.  enabled since Tue Jul  9 06:07:18 2024
printer DEFRAP201 is idle.  enabled since Mon Jul  8 13:44:59 2024
printer DEFRAP203 is idle.  enabled since Tue Dec  9 11:25:05 2025
	Waiting for printer to finish.
printer DEFRAP204 is idle.  enabled since Sun Aug  4 17:57:39 2024
printer DEFRAP206 is idle.  enabled since Mon Jun 10 14:29:22 2024
printer DEFRAP209 is idle.  enabled since Wed Aug 27 13:45:34 2025
printer DEFRAP212 is idle.  enabled since Sun Aug  4 17:57:44 2024
printer DEFRAP214 is idle.  enabled since Fri Jul 26 11:00:46 2024
printer DEFRAP215 is idle.  enabled since Thu Mar  6 08:32:33 2025
printer DEFRAP216 is idle.  enabled since Tue Dec  9 11:24:51 2025
	Waiting for printer to finish.
printer DOCK_26_LABEL is idle.  enabled since Fri Oct 25 06:23:53 2024
printer DOCK_26_LASER is idle.  enabled since Fri Oct  4 10:40:46 2024
printer DUMMY_LABEL_K09 now printing DUMMY_LABEL_K09-2080.  enabled since Thu Jan  1 04:45:07 2026
	The printer is not responding.
printer DUMMY_LABEL_K27 is idle.  enabled since Sat Dec 27 02:39:21 2025
	The printer is not responding.
printer DUMMY_LABEL_ZZ4BLD is idle.  enabled since Fri Aug  9 01:01:35 2024
printer DUMMY_LASER_K09 is idle.  enabled since Tue Jun 27 17:05:21 2023
printer DUMMY_LASER_K27 is idle.  enabled since Fri Dec 26 23:41:06 2025
	The printer is not responding.
printer DUMMY_REPORT_ZZ4BLD is idle.  enabled since Fri Dec 19 01:37:32 2025
	The printer is not responding.
printer K01_DUMMY_DOC is idle.  enabled since Thu Nov 30 15:24:13 2023
printer K01_DUMMY_LABEL is idle.  enabled since Tue Dec 30 19:02:12 2025
	The printer is not responding.
printer K01_MEMPHIS_PROD is idle.  enabled since Tue Jul 11 18:59:05 2023
printer K01_ORD_DOCUMENT is idle.  enabled since Tue Feb 20 20:22:12 2024
printer K01_ORD_LABEL is idle.  enabled since Thu Dec  4 00:14:16 2025
	Waiting for printer to finish.
printer K01_ZA_DOCUMENT is idle.  enabled since Thu Nov 30 17:53:58 2023
printer K01_ZA_LABEL is idle.  enabled since Thu Nov 30 17:54:40 2023
printer K07_NONAME_DOC is idle.  enabled since Thu Jul  6 04:20:11 2023
printer K40B3LABEL is idle.  enabled since Thu Jul 31 12:40:21 2025
printer K40B3LASER is idle.  enabled since Thu Jul 31 12:40:28 2025
printer K50_LABEL1 is idle.  enabled since Thu Nov 21 06:40:42 2024
printer K50_LASER1 is idle.  enabled since Mon Dec  9 17:39:32 2024
printer MEZZPACK_LABEL is idle.  enabled since Tue Nov  5 14:53:46 2024
printer MEZZPACK_LASER is idle.  enabled since Tue Nov  5 14:53:57 2024
printer ORD_OFFICE is idle.  enabled since Fri Dec 19 17:03:50 2025
	Waiting for printer to finish.
printer PACKSTATION2 is idle.  enabled since Thu Jun 13 10:00:40 2024
printer PLZK40LABEL is idle.  enabled since Mon Mar 17 21:17:00 2025
printer PLZK40LASER is idle.  enabled since Tue Mar 18 00:17:00 2025
printer RTMK40TRAINING is idle.  enabled since Wed Mar 12 12:06:20 2025
printer RTMK40TRAINING1 is idle.  enabled since Wed Jul 23 11:33:17 2025
printer TEST_UAT is idle.  enabled since Thu Jun  8 17:55:54 2023
printer TRAINING_ROOM2_K27 is idle.  enabled since Fri Apr 12 06:20:38 2024
printer TRAINING_ROOM_K27 is idle.  enabled since Fri Apr 12 13:29:26 2024
printer TRAINING_ROOM_K27_LBL is idle.  enabled since Wed Aug 13 13:33:27 2025
printer US_K07_COPIER is idle.  enabled since Wed Jul  5 22:14:42 2023
printer US_K07_UAT_ZEBRA is idle.  enabled since Fri Apr 28 03:52:26 2023
printer US_K07_UAT_ZEBRA_2 is idle.  enabled since Fri Feb  3 19:27:26 2023
printer US_ORD_MAINOFFICEDOC is idle.  enabled since Tue Apr  2 19:06:06 2024
printer US_ORD_MAINOFFICELABEL is idle.  enabled since Tue Apr  2 19:05:56 2024
printer US_ORD_OFFICEDOC_K09 is idle.  enabled since Sun Apr  7 22:33:29 2024
printer US_ORD_OFFICEDOC_ZZ4BLD is idle.  enabled since Wed Jun 21 21:54:46 2023
printer US_ORD_OFFICELBL_K09 is idle.  enabled since Fri Dec 26 16:29:58 2025
	Waiting for printer to finish.
printer US_ORD_OFFICELBL_ZZ4BLD is idle.  enabled since Wed Jun 21 21:46:22 2023
printer USLGS_K09_D05 is idle.  enabled since Mon Sep  8 17:46:52 2025
printer USLGS_K09_L05 is idle.  enabled since Tue Dec 23 17:31:22 2025
	Data file sent successfully.
printer USLME_K01_D02 is idle.  enabled since Mon Jan 29 21:02:20 2024
printer USLOR_K04_D02 is idle.  enabled since Tue Sep 17 21:14:43 2024
printer USLOR_K04_L01 is idle.  enabled since Wed Nov 19 01:21:16 2025
	Data file sent successfully.
printer USLOR_K04_L02 is idle.  enabled since Thu Sep 19 18:31:56 2024
printer USLSE_K07_D01 is idle.  enabled since Wed Jan 18 16:43:34 2023
printer USLSE_K07_D02 is idle.  enabled since Wed Jan 18 16:44:08 2023
printer USLSE_K07_D03 is idle.  enabled since Wed Jan 18 16:44:33 2023
printer USLSE_K07_D04 is idle.  enabled since Tue Mar  7 11:39:56 2023
printer USLSE_K07_D05 is idle.  enabled since Mon Jan 23 00:06:11 2023
printer USLSE_K07_D06 is idle.  enabled since Thu Feb  2 19:42:02 2023
printer USLSE_K07_D09 is idle.  enabled since Tue Feb  7 13:10:36 2023
printer USLSE_K07_D10 is idle.  enabled since Mon Jan 30 19:44:52 2023
printer USLSE_K07_D11 is idle.  enabled since Wed Jul  5 22:29:02 2023
printer USLSE_K07_D12 is idle.  enabled since Wed Jul  5 22:36:38 2023
printer USLSE_K07_D13 is idle.  enabled since Thu Jul  6 16:12:58 2023
printer USLSE_K07_L01 is idle.  enabled since Wed Jul  5 22:32:41 2023
printer USLSE_K07_L02 is idle.  enabled since Thu Jul  6 16:12:56 2023
printer USLSE_K07_L03 is idle.  enabled since Mon Jan 30 19:44:46 2023
printer USLSE_K07_L04 is idle.  enabled since Mon Apr  8 14:59:53 2024
printer USLSE_K07_L05 is idle.  enabled since Thu Feb 16 22:11:34 2023
printer ZA_LABELPRINTER is idle.  enabled since Fri Jun  9 13:36:09 2023
printer ZA_LABELPRINTER_K09 is idle.  enabled since Mon Jul  3 17:12:55 2023
printer ZA_LABELPRINTER_ZZBLD4 is idle.  enabled since Fri Jun 30 11:24:21 2023
printer ZA_LASER is idle.  enabled since Fri Mar  7 08:52:32 2025
printer ZA_LASERPRINTER is idle.  enabled since Fri Jun  2 06:02:41 2023
printer ZA_LASERPRINTER_K09 is idle.  enabled since Tue Jun 27 16:17:54 2023
printer ZA_LASERPRINTER_ZZBLD4 is idle.  enabled since Wed Jun 21 19:45:43 2023
printer ZA_ZEBRA is idle.  enabled since Fri Mar  7 08:52:25 2025
-------------------------------------
CUPS Service (Port 631): NOT REACHABLE on 172.30.150.11
-------------------------------------

Total number of Java process running on this host 172.30.150.11 is 62
Total number of Daemon / Batch (java) application process available is 57

Daemon Process id and name details are given below
Process ID: 3300558, Process Name: 12:36
Process ID: 3300414, Process Name: 17:52
Process ID: 3300509, Process Name: 9:37
Process ID: 3300650, Process Name: 4:46
Process ID: 2859, Process Name: 41:08
Process ID: 3299068, Process Name: 1:31
Process ID: 3300271, Process Name: 3:13
Process ID: 3299114, Process Name: 4:13
Process ID: 3299892, Process Name: 3:01
Process ID: 3299160, Process Name: 1:40
Process ID: 3299206, Process Name: 3:36
Process ID: 3299254, Process Name: 1:45
Process ID: 3300137, Process Name: 7:54
Process ID: 3299984, Process Name: 16:02
Process ID: 3300217, Process Name: 1:27
Process ID: 3299546, Process Name: 2:18
Process ID: 3300705, Process Name: 1:37
Process ID: 3300754, Process Name: 1:31
Process ID: 3299303, Process Name: 1:34
Process ID: 3300924, Process Name: 4:25
Process ID: 3301030, Process Name: 1:36
Process ID: 3299783, Process Name: 3:03
Process ID: 3299402, Process Name: 1:22
Process ID: 3299351, Process Name: 6:07
Process ID: 3299499, Process Name: 2:15
Process ID: 3299595, Process Name: 18:16
Process ID: 3300973, Process Name: 2:04
Process ID: 3300329, Process Name: 1:39
Process ID: 3300087, Process Name: 7:00
Process ID: 3300037, Process Name: 1:31
Process ID: 3300852, Process Name: 4:53
Process ID: 3301121, Process Name: 1:29
Process ID: 3301192, Process Name: 2:20
Process ID: 3301263, Process Name: 1:39
Process ID: 3301357, Process Name: 1:59
Process ID: 3302674, Process Name: 1:44
Process ID: 3302024, Process Name: 6:43
Process ID: 3301840, Process Name: 15:03
Process ID: 3301666, Process Name: 2:16
Process ID: 3302214, Process Name: 3:09
Process ID: 3302490, Process Name: 1:34
Process ID: 3302288, Process Name: 1:32
Process ID: 3302369, Process Name: 1:33
Process ID: 3302419, Process Name: 1:33
Process ID: 3302153, Process Name: 12:58
Process ID: 3301973, Process Name: 1:32
Process ID: 3302544, Process Name: 1:32
Process ID: 3301429, Process Name: 1:26
Process ID: 3302599, Process Name: 4:25
Process ID: 3301563, Process Name: 1:44
Process ID: 3301479, Process Name: 1:42
Process ID: 3301615, Process Name: 2:22
Process ID: 3301741, Process Name: 34:38
Process ID: 3301791, Process Name: 4:48
Process ID: 3301916, Process Name: 1:33
Process ID: 3302728, Process Name: 5:00
Process ID: 2957, Process Name: 68:39
-------------------------------------

-------------------------------------
Total number of App process running on this host 172.30.150.11
Total number of App java process available is 3
-------------------------------------
App Process details:
Process ID: 6398, Process Name: 177:05
Process ID: 3305210, Process Name: 17:52
Process ID: 3305392, Process Name: 13:55
-------------------------------------

Web Application Port Validation for Server IP: 172.30.150.11
Port 8080:	jasdev_jb73	Running
Port 8081:	jasdevrf_jb	Running
Port 8082:	jascon_jb730ea	Running
Port 8083:	jascon_jb730ea	Not Running
-------------------------------------

==============================================================================
Server Availability Check Completed at Thu Jan  1 05:09:49 UTC 2026
==============================================================================


2026-01-01 00:10:13,469 - 12750 - ERROR - app_validation.sh errors for i-05794805ef320641a:

2026-01-01 00:10:13,471 - 12750 - INFO - Before patching validation saved to: output/validation-2026-01-01/172.30.150.11-BeforePatching-2026-01-01-00-10-13-470.log
2026-01-01 00:10:13,471 - 12750 - INFO - Deregistering i-05794805ef320641a from TG arn:aws:elasticloadbalancing:us-east-2:835314132208:targetgroup/JAS-Dev-Config/6937a33a19e341b5
2026-01-01 00:10:13,590 - 12750 - INFO - Deregistering i-05794805ef320641a from TG arn:aws:elasticloadbalancing:us-east-2:835314132208:targetgroup/JAS-Dev-Desktop/dc2d9fb073cd18ba
2026-01-01 00:10:13,650 - 12750 - INFO - Deregistering i-05794805ef320641a from TG arn:aws:elasticloadbalancing:us-east-2:835314132208:targetgroup/JAS-Dev-RF/599d794e0e1b7817
2026-01-01 00:10:13,705 - 12750 - INFO - Deregistering i-05794805ef320641a from TG arn:aws:elasticloadbalancing:us-east-2:835314132208:targetgroup/JAS-UAT-AdhocAPI/d30a411e22c42844
2026-01-01 00:10:13,761 - 12750 - INFO - Stopping EC2 instance: i-05794805ef320641a at 2026-01-01 00:10:13
2026-01-01 00:12:45,628 - 12750 - INFO - Instance i-05794805ef320641a stopped successfully.
2026-01-01 00:12:45,861 - 12750 - INFO - Stopped i-05794805ef320641a in 0:02:32.100521
2026-01-01 00:12:45,862 - 12750 - INFO - Starting EC2 instance: i-05794805ef320641a
2026-01-01 00:13:01,844 - 12750 - INFO - Instance i-05794805ef320641a started successfully.
2026-01-01 00:13:01,844 - 12750 - INFO - Waiting 30 seconds for SSM agent to be ready on i-05794805ef320641a...
2026-01-01 00:13:31,871 - 12750 - INFO - Registering i-05794805ef320641a to TG arn:aws:elasticloadbalancing:us-east-2:835314132208:targetgroup/JAS-Dev-Config/6937a33a19e341b5
2026-01-01 00:13:32,188 - 12750 - INFO - Registering i-05794805ef320641a to TG arn:aws:elasticloadbalancing:us-east-2:835314132208:targetgroup/JAS-Dev-Desktop/dc2d9fb073cd18ba
2026-01-01 00:13:32,327 - 12750 - INFO - Registering i-05794805ef320641a to TG arn:aws:elasticloadbalancing:us-east-2:835314132208:targetgroup/JAS-Dev-RF/599d794e0e1b7817
2026-01-01 00:13:32,476 - 12750 - INFO - Registering i-05794805ef320641a to TG arn:aws:elasticloadbalancing:us-east-2:835314132208:targetgroup/JAS-UAT-AdhocAPI/d30a411e22c42844
2026-01-01 00:17:33,713 - 12750 - INFO - Sent app_validation.sh to i-05794805ef320641a (command_id: cbde7fa6-5ed3-49cd-b64a-7e054a4da086)
2026-01-01 00:18:03,828 - 12750 - INFO - app_validation.sh output for i-05794805ef320641a:

==============================================================================
Server Availability Check Started at Thu Jan  1 05:17:34 UTC 2026
==============================================================================

-------------------------------------
Server IP : 172.30.150.11
-------------------------------------
System Information
------------------
Hostname: ip-172-30-150-11.us-east-2.compute.internal
Uptime: up 4 minutes
Current User: root
Working Directory: /usr/bin
-------------------------------------
Voice Console URL: http://172.30.150.11:9090/VoiceConsole
-------------------------------------

-------------------------------------
Server IP : 172.30.150.11
-------------------------------------
Physical Memory Information
---------------------------
Total Physical Memory = 15623 MB
Used Physical Memory  = 14930 MB
Free Physical Memory  = 693 MB
-------------------------------------
Swap Memory Information
-----------------------
Total Swap Memory = 10239 MB
Used Swap Memory  = 2652 MB
Free Swap Memory  = 7587 MB
-------------------------------------
Load Average: 7.89 20.24 10.44 6/1835 9209
-------------------------------------

Disk Usage Information
----------------------
Filesystem        Size  Used Avail Use% Mounted on
/dev/nvme0n1p1     20G  5.6G   15G  28% /
/dev/nvme0n1p128   10M  1.3M  8.7M  13% /boot/efi
/dev/nvme1n1p2    290G  156G  135G  54% /data
devtmpfs          4.0M     0  4.0M   0% /dev
tmpfs             7.7G     0  7.7G   0% /dev/shm
tmpfs             3.1G  1.2M  3.1G   1% /run
tmpfs             1.6G     0  1.6G   0% /run/user/2001
tmpfs             1.6G     0  1.6G   0% /run/user/2002
tmpfs             1.6G     0  1.6G   0% /run/user/992
tmpfs             7.7G   96M  7.6G   2% /tmp
-------------------------------------

Application Port Validation for Server IP: 172.30.150.11 started on Thu Jan  1 05:17:34 UTC 2026

Server IP: 172.30.150.11 is reachable.

SSH Service (Port 22) Status:
SSH Service (Port 22): NOT REACHABLE
-------------------------------------

FTP Service Validation for Server IP: 172.30.150.11

FTP Service (Port 21): NOT REACHABLE
No FTP processes detected
-------------------------------------

CUPS Service Validation for Server IP: 172.30.150.11

CUPS Service (Port 631): NOT REACHABLE

Printer Configuration:
Total Printers Configured: 86
Printer Details:
printer CS_OFFICE is idle.  enabled since Fri Apr 12 13:43:23 2024
printer CSOFFICE is idle.  enabled since Fri Apr 12 13:48:16 2024
printer DEFRAP168 is idle.  enabled since Thu Aug 14 05:55:56 2025
printer DEFRAP169 is idle.  enabled since Thu Mar  6 08:32:37 2025
printer DEFRAP200 is idle.  enabled since Tue Jul  9 06:07:18 2024
printer DEFRAP201 is idle.  enabled since Mon Jul  8 13:44:59 2024
printer DEFRAP203 is idle.  enabled since Tue Sep 24 14:49:01 2024
printer DEFRAP204 is idle.  enabled since Sun Aug  4 17:57:39 2024
printer DEFRAP206 is idle.  enabled since Mon Jun 10 14:29:22 2024
printer DEFRAP209 is idle.  enabled since Wed Aug 27 13:45:34 2025
printer DEFRAP212 is idle.  enabled since Sun Aug  4 17:57:44 2024
printer DEFRAP214 is idle.  enabled since Fri Jul 26 11:00:46 2024
printer DEFRAP215 is idle.  enabled since Thu Mar  6 08:32:33 2025
printer DEFRAP216 is idle.  enabled since Thu Feb 20 10:11:59 2025
printer DOCK_26_LABEL is idle.  enabled since Fri Oct 25 06:23:53 2024
printer DOCK_26_LASER is idle.  enabled since Fri Oct  4 10:40:46 2024
printer DUMMY_LABEL_K09 now printing DUMMY_LABEL_K09-2080.  enabled since Thu Jan  1 05:13:01 2026
	The printer is not responding.
printer DUMMY_LABEL_K27 is idle.  enabled since Fri Nov 14 14:28:45 2025
printer DUMMY_LABEL_ZZ4BLD is idle.  enabled since Fri Aug  9 01:01:35 2024
printer DUMMY_LASER_K09 is idle.  enabled since Tue Jun 27 17:05:21 2023
printer DUMMY_LASER_K27 is idle.  enabled since Fri Nov 14 14:29:05 2025
printer DUMMY_REPORT_ZZ4BLD is idle.  enabled since Mon Jul 28 14:14:15 2025
printer K01_DUMMY_DOC is idle.  enabled since Thu Nov 30 15:24:13 2023
printer K01_DUMMY_LABEL is idle.  enabled since Fri Aug 22 09:45:54 2025
printer K01_MEMPHIS_PROD is idle.  enabled since Tue Jul 11 18:59:05 2023
printer K01_ORD_DOCUMENT is idle.  enabled since Tue Feb 20 20:22:12 2024
printer K01_ORD_LABEL is idle.  enabled since Wed Oct  2 20:38:30 2024
printer K01_ZA_DOCUMENT is idle.  enabled since Thu Nov 30 17:53:58 2023
printer K01_ZA_LABEL is idle.  enabled since Thu Nov 30 17:54:40 2023
printer K07_NONAME_DOC is idle.  enabled since Thu Jul  6 04:20:11 2023
printer K40B3LABEL is idle.  enabled since Thu Jul 31 12:40:21 2025
printer K40B3LASER is idle.  enabled since Thu Jul 31 12:40:28 2025
printer K50_LABEL1 is idle.  enabled since Thu Nov 21 06:40:42 2024
printer K50_LASER1 is idle.  enabled since Mon Dec  9 17:39:32 2024
printer MEZZPACK_LABEL is idle.  enabled since Tue Nov  5 14:53:46 2024
printer MEZZPACK_LASER is idle.  enabled since Tue Nov  5 14:53:57 2024
printer ORD_OFFICE is idle.  enabled since Mon Jul 21 14:53:54 2025
printer PACKSTATION2 is idle.  enabled since Thu Jun 13 10:00:40 2024
printer PLZK40LABEL is idle.  enabled since Mon Mar 17 21:17:00 2025
printer PLZK40LASER is idle.  enabled since Tue Mar 18 00:17:00 2025
printer RTMK40TRAINING is idle.  enabled since Wed Mar 12 12:06:20 2025
printer RTMK40TRAINING1 is idle.  enabled since Wed Jul 23 11:33:17 2025
printer TEST_UAT is idle.  enabled since Thu Jun  8 17:55:54 2023
printer TRAINING_ROOM2_K27 is idle.  enabled since Fri Apr 12 06:20:38 2024
printer TRAINING_ROOM_K27 is idle.  enabled since Fri Apr 12 13:29:26 2024
printer TRAINING_ROOM_K27_LBL is idle.  enabled since Wed Aug 13 13:33:27 2025
printer US_K07_COPIER is idle.  enabled since Wed Jul  5 22:14:42 2023
printer US_K07_UAT_ZEBRA is idle.  enabled since Fri Apr 28 03:52:26 2023
printer US_K07_UAT_ZEBRA_2 is idle.  enabled since Fri Feb  3 19:27:26 2023
printer US_ORD_MAINOFFICEDOC is idle.  enabled since Tue Apr  2 19:06:06 2024
printer US_ORD_MAINOFFICELABEL is idle.  enabled since Tue Apr  2 19:05:56 2024
printer US_ORD_OFFICEDOC_K09 is idle.  enabled since Sun Apr  7 22:33:29 2024
printer US_ORD_OFFICEDOC_ZZ4BLD is idle.  enabled since Wed Jun 21 21:54:46 2023
printer US_ORD_OFFICELBL_K09 is idle.  enabled since Sun Apr  7 22:33:21 2024
printer US_ORD_OFFICELBL_ZZ4BLD is idle.  enabled since Wed Jun 21 21:46:22 2023
printer USLGS_K09_D05 is idle.  enabled since Mon Sep  8 17:46:52 2025
printer USLGS_K09_L05 is idle.  enabled since Mon Sep  8 17:45:39 2025
printer USLME_K01_D02 is idle.  enabled since Mon Jan 29 21:02:20 2024
printer USLOR_K04_D02 is idle.  enabled since Tue Sep 17 21:14:43 2024
printer USLOR_K04_L01 is idle.  enabled since Tue Mar 18 02:45:32 2025
printer USLOR_K04_L02 is idle.  enabled since Thu Sep 19 18:31:56 2024
printer USLSE_K07_D01 is idle.  enabled since Wed Jan 18 16:43:34 2023
printer USLSE_K07_D02 is idle.  enabled since Wed Jan 18 16:44:08 2023
printer USLSE_K07_D03 is idle.  enabled since Wed Jan 18 16:44:33 2023
printer USLSE_K07_D04 is idle.  enabled since Tue Mar  7 11:39:56 2023
printer USLSE_K07_D05 is idle.  enabled since Mon Jan 23 00:06:11 2023
printer USLSE_K07_D06 is idle.  enabled since Thu Feb  2 19:42:02 2023
printer USLSE_K07_D09 is idle.  enabled since Tue Feb  7 13:10:36 2023
printer USLSE_K07_D10 is idle.  enabled since Mon Jan 30 19:44:52 2023
printer USLSE_K07_D11 is idle.  enabled since Wed Jul  5 22:29:02 2023
printer USLSE_K07_D12 is idle.  enabled since Wed Jul  5 22:36:38 2023
printer USLSE_K07_D13 is idle.  enabled since Thu Jul  6 16:12:58 2023
printer USLSE_K07_L01 is idle.  enabled since Wed Jul  5 22:32:41 2023
printer USLSE_K07_L02 is idle.  enabled since Thu Jul  6 16:12:56 2023
printer USLSE_K07_L03 is idle.  enabled since Mon Jan 30 19:44:46 2023
printer USLSE_K07_L04 is idle.  enabled since Mon Apr  8 14:59:53 2024
printer USLSE_K07_L05 is idle.  enabled since Thu Feb 16 22:11:34 2023
printer ZA_LABELPRINTER is idle.  enabled since Fri Jun  9 13:36:09 2023
printer ZA_LABELPRINTER_K09 is idle.  enabled since Mon Jul  3 17:12:55 2023
printer ZA_LABELPRINTER_ZZBLD4 is idle.  enabled since Fri Jun 30 11:24:21 2023
printer ZA_LASER is idle.  enabled since Fri Mar  7 08:52:32 2025
printer ZA_LASERPRINTER is idle.  enabled since Fri Jun  2 06:02:41 2023
printer ZA_LASERPRINTER_K09 is idle.  enabled since Tue Jun 27 16:17:54 2023
printer ZA_LASERPRINTER_ZZBLD4 is idle.  enabled since Wed Jun 21 19:45:43 2023
printer ZA_ZEBRA is idle.  enabled since Fri Mar  7 08:52:25 2025
-------------------------------------
CUPS Service (Port 631): NOT REACHABLE on 172.30.150.11
-------------------------------------

Total number of Java process running on this host 172.30.150.11 is 62
Total number of Daemon / Batch (java) application process available is 56

Daemon Process id and name details are given below
Process ID: 5636, Process Name: 0:07
Process ID: 5449, Process Name: 0:07
Process ID: 5554, Process Name: 0:05
Process ID: 5737, Process Name: 0:03
Process ID: 2918, Process Name: 0:02
Process ID: 2867, Process Name: 0:02
Process ID: 5248, Process Name: 0:02
Process ID: 3079, Process Name: 0:02
Process ID: 4597, Process Name: 0:02
Process ID: 3207, Process Name: 0:02
Process ID: 3323, Process Name: 0:04
Process ID: 3430, Process Name: 0:02
Process ID: 5031, Process Name: 0:04
Process ID: 4711, Process Name: 0:12
Process ID: 4225, Process Name: 0:02
Process ID: 5804, Process Name: 0:02
Process ID: 5854, Process Name: 0:02
Process ID: 3598, Process Name: 0:02
Process ID: 5977, Process Name: 0:03
Process ID: 6116, Process Name: 0:02
Process ID: 4482, Process Name: 0:02
Process ID: 3796, Process Name: 0:02
Process ID: 3712, Process Name: 0:04
Process ID: 4043, Process Name: 0:02
Process ID: 4327, Process Name: 0:06
Process ID: 6052, Process Name: 0:02
Process ID: 5348, Process Name: 0:02
Process ID: 4937, Process Name: 0:04
Process ID: 4778, Process Name: 0:02
Process ID: 5921, Process Name: 0:03
Process ID: 2868, Process Name: 0:02
Process ID: 3054, Process Name: 0:02
Process ID: 3178, Process Name: 0:02
Process ID: 3315, Process Name: 0:03
Process ID: 5637, Process Name: 0:02
Process ID: 4536, Process Name: 0:04
Process ID: 4180, Process Name: 0:11
Process ID: 3886, Process Name: 0:02
Process ID: 4918, Process Name: 0:02
Process ID: 5331, Process Name: 0:02
Process ID: 5026, Process Name: 0:02
Process ID: 5128, Process Name: 0:02
Process ID: 5225, Process Name: 0:02
Process ID: 4727, Process Name: 0:06
Process ID: 4428, Process Name: 0:02
Process ID: 5434, Process Name: 0:02
Process ID: 3434, Process Name: 0:02
Process ID: 5538, Process Name: 0:03
Process ID: 3686, Process Name: 0:02
Process ID: 3571, Process Name: 0:02
Process ID: 3788, Process Name: 0:02
Process ID: 3956, Process Name: 0:07
Process ID: 4044, Process Name: 0:03
Process ID: 4303, Process Name: 0:02
Process ID: 5739, Process Name: 0:03
Process ID: 2894, Process Name: 0:12
-------------------------------------

-------------------------------------
Total number of App process running on this host 172.30.150.11
Total number of App java process available is 3
-------------------------------------
App Process details:
Process ID: 6462, Process Name: 0:34
Process ID: 6985, Process Name: 0:56
Process ID: 7301, Process Name: 0:59
-------------------------------------

Web Application Port Validation for Server IP: 172.30.150.11
Port 8080:	jasdev_jb730ea	Running
Port 8081:	jasdevrf_jb730	Running
Port 8082:	jascon_jb730ea	Running
Port 8083:	jascon_jb730ea	Not Running
-------------------------------------

==============================================================================
Server Availability Check Completed at Thu Jan  1 05:17:44 UTC 2026
==============================================================================


2026-01-01 00:18:03,828 - 12750 - ERROR - app_validation.sh errors for i-05794805ef320641a:

2026-01-01 00:18:03,830 - 12750 - INFO - After patching validation saved to: output/validation-2026-01-01/172.30.150.11-AfterPatching-2026-01-01-00-18-03-829.log
2026-01-01 00:18:04,065 - 12750 - INFO - Validation comparison report generated: output/validation-2026-01-01/172.30.150.11-Validation-details-2026-01-01-00-18-03-829.log
2026-01-01 00:18:04,159 - 12750 - INFO - Email sent successfully to ['CloudOps@softeon.com']
2026-01-01 00:18:04,159 - 12750 - INFO - HTML validation report email sent for i-05794805ef320641a
2026-01-01 00:18:04,440 - 12750 - INFO - Started i-05794805ef320641a in 0:05:18.578603
2026-01-01 00:18:04,441 - 12750 - INFO - Waiting 120 seconds before proceeding to the next instance...
2026-01-01 00:20:04,660 - 12750 - INFO - Sent app_validation.sh to i-08f0405118a8fa28e (command_id: ce3d26b4-fbd3-416d-9e56-3a5c41319cb5)
2026-01-01 00:20:34,780 - 12750 - INFO - app_validation.sh output for i-08f0405118a8fa28e:

==============================================================================
Server Availability Check Started at Thu Jan  1 05:20:04 UTC 2026
==============================================================================

-------------------------------------
Server IP : 172.30.150.41
-------------------------------------
System Information
------------------
Hostname: ip-172-30-150-41.us-east-2.compute.internal
Uptime: up 8 weeks, 4 days, 22 hours, 55 minutes
Current User: root
Working Directory: /usr/bin
-------------------------------------
Voice Console URL: http://172.30.150.41:9090/VoiceConsole
-------------------------------------

-------------------------------------
Server IP : 172.30.150.41
-------------------------------------
Physical Memory Information
---------------------------
Total Physical Memory = 31498 MB
Used Physical Memory  = 20112 MB
Free Physical Memory  = 11386 MB
-------------------------------------
Swap Memory Information
-----------------------
Total Swap Memory = 10239 MB
Used Swap Memory  = 2012 MB
Free Swap Memory  = 8227 MB
-------------------------------------
Load Average: 0.37 0.24 0.23 6/2035 2594352
-------------------------------------

Disk Usage Information
----------------------
Filesystem        Size  Used Avail Use% Mounted on
/dev/nvme0n1p1     20G  4.8G   16G  24% /
/dev/nvme0n1p128   10M  1.4M  8.7M  14% /boot/efi
/dev/nvme1n1p2    290G   83G  208G  29% /data
devtmpfs          4.0M     0  4.0M   0% /dev
tmpfs              16G     0   16G   0% /dev/shm
tmpfs             6.2G  876K  6.2G   1% /run
tmpfs             3.1G     0  3.1G   0% /run/user/2001
tmpfs              16G  1.4M   16G   1% /tmp
-------------------------------------

Application Port Validation for Server IP: 172.30.150.41 started on Thu Jan  1 05:20:04 UTC 2026

Server IP: 172.30.150.41 is reachable.

SSH Service (Port 22) Status:
SSH Service (Port 22): NOT REACHABLE
-------------------------------------

FTP Service Validation for Server IP: 172.30.150.41

FTP Service (Port 21): NOT REACHABLE
No FTP processes detected
-------------------------------------

CUPS Service Validation for Server IP: 172.30.150.41

CUPS Service (Port 631): NOT REACHABLE

Printer Configuration:
Total Printers Configured: 48
Printer Details:
printer DUMMY_LABEL_K09 is idle.  enabled since Sat Jan 13 17:11:43 2024
printer DUMMY_LABEL_ZZ4BLD is idle.  enabled since Sat Jan 13 17:02:48 2024
printer DUMMY_LASER_K09 is idle.  enabled since Tue Jun 27 17:05:21 2023
printer DUMMY_LBLK17 is idle.  enabled since Tue Dec 30 09:36:13 2025
printer DUMMY_REPORT_ZZ4BLD is idle.  enabled since Sat Jan 13 18:56:59 2024
printer K01_DUMMY_DOC is idle.  enabled since Thu Nov 30 15:24:13 2023
printer K01_DUMMY_LABEL is idle.  enabled since Wed Jan 10 15:08:49 2024
printer K01_MEMPHIS_PROD is idle.  enabled since Tue Jul 11 18:59:05 2023
printer K01_ORD_DOCUMENT is idle.  enabled since Thu Nov 30 17:52:30 2023
printer K01_ORD_LABEL is idle.  enabled since Thu Nov 30 17:53:07 2023
printer K01_ZA_DOCUMENT is idle.  enabled since Thu Nov 30 17:53:58 2023
printer K01_ZA_LABEL is idle.  enabled since Thu Nov 30 17:54:40 2023
printer K07_NONAME_DOC is idle.  enabled since Thu Jul  6 04:20:11 2023
printer K17_OFFICE_LBL is idle.  enabled since Tue Dec 30 04:48:49 2025
printer TEST_UAT is idle.  enabled since Thu Jun  8 17:55:54 2023
printer US_K07_COPIER is idle.  enabled since Wed Jul  5 22:14:42 2023
printer US_K07_UAT_ZEBRA is idle.  enabled since Fri Apr 28 03:52:26 2023
printer US_K07_UAT_ZEBRA_2 is idle.  enabled since Fri Feb  3 19:27:26 2023
printer US_ORD_MAINOFFICEDOC is idle.  enabled since Thu Jul  6 16:10:47 2023
printer US_ORD_MAINOFFICELABEL is idle.  enabled since Thu Jul  6 16:10:41 2023
printer US_ORD_OFFICEDOC_K09 is idle.  enabled since Mon Jan  8 20:19:42 2024
printer US_ORD_OFFICEDOC_ZZ4BLD is idle.  enabled since Wed Jun 21 21:54:46 2023
printer US_ORD_OFFICELBL_K09 is idle.  enabled since Mon Jan  8 23:19:36 2024
printer US_ORD_OFFICELBL_ZZ4BLD is idle.  enabled since Wed Jun 21 21:46:22 2023
printer USLME_K01_D02 is idle.  enabled since Sat Jan 13 19:27:17 2024
printer USLSE_K07_D01 is idle.  enabled since Wed Jan 18 16:43:34 2023
printer USLSE_K07_D02 is idle.  enabled since Wed Jan 18 16:44:08 2023
printer USLSE_K07_D03 is idle.  enabled since Wed Jan 18 16:44:33 2023
printer USLSE_K07_D04 is idle.  enabled since Tue Mar  7 11:39:56 2023
printer USLSE_K07_D05 is idle.  enabled since Mon Jan 23 00:06:11 2023
printer USLSE_K07_D06 is idle.  enabled since Thu Feb  2 19:42:02 2023
printer USLSE_K07_D09 is idle.  enabled since Tue Feb  7 13:10:36 2023
printer USLSE_K07_D10 is idle.  enabled since Mon Jan 30 19:44:52 2023
printer USLSE_K07_D11 is idle.  enabled since Wed Jul  5 22:29:02 2023
printer USLSE_K07_D12 is idle.  enabled since Wed Jul  5 22:36:38 2023
printer USLSE_K07_D13 is idle.  enabled since Thu Jul  6 16:12:58 2023
printer USLSE_K07_L01 is idle.  enabled since Wed Jul  5 22:32:41 2023
printer USLSE_K07_L02 is idle.  enabled since Thu Jul  6 16:12:56 2023
printer USLSE_K07_L03 is idle.  enabled since Mon Jan 30 19:44:46 2023
printer USLSE_K07_L04 is idle.  enabled since Wed Jul  5 22:21:35 2023
printer USLSE_K07_L05 is idle.  enabled since Thu Feb 16 22:11:34 2023
printer ZA_LABEL is idle.  enabled since Wed Dec 10 11:37:26 2025
printer ZA_LABELPRINTER is idle.  enabled since Fri Jun  9 13:36:09 2023
printer ZA_LABELPRINTER_K09 is idle.  enabled since Mon Jul  3 17:12:55 2023
printer ZA_LABELPRINTER_ZZBLD4 is idle.  enabled since Fri Jun 30 11:24:21 2023
printer ZA_LASERPRINTER is idle.  enabled since Fri Jun  2 06:02:41 2023
printer ZA_LASERPRINTER_K09 is idle.  enabled since Tue Jun 27 16:17:54 2023
printer ZA_LASERPRINTER_ZZBLD4 is idle.  enabled since Wed Jun 21 19:45:43 2023
-------------------------------------
CUPS Service (Port 631): NOT REACHABLE on 172.30.150.41
-------------------------------------

Total number of Java process running on this host 172.30.150.41 is 42
Total number of Daemon / Batch (java) application process available is 39

Daemon Process id and name details are given below
Process ID: 1851536, Process Name: 1:22
Process ID: 1851320, Process Name: 1:08
Process ID: 1850802, Process Name: 1:15
Process ID: 1851583, Process Name: 1:06
Process ID: 1851499, Process Name: 4:48
Process ID: 1851009, Process Name: 1:35
Process ID: 1850705, Process Name: 0:59
Process ID: 1853385, Process Name: 0:57
Process ID: 1857163, Process Name: 0:57
Process ID: 1851354, Process Name: 0:56
Process ID: 1851414, Process Name: 1:34
Process ID: 2235890, Process Name: 3:27
Process ID: 1865029, Process Name: 1:05
Process ID: 1852533, Process Name: 1:28
Process ID: 1852540, Process Name: 1:09
Process ID: 1852342, Process Name: 1:16
Process ID: 1852495, Process Name: 1:16
Process ID: 1852329, Process Name: 11:10
Process ID: 1852539, Process Name: 1:34
Process ID: 1852309, Process Name: 1:00
Process ID: 1852409, Process Name: 1:05
Process ID: 1852317, Process Name: 2:12
Process ID: 1852400, Process Name: 0:56
Process ID: 1852553, Process Name: 1:44
Process ID: 2516903, Process Name: 0:49
Process ID: 1852433, Process Name: 1:05
Process ID: 3021, Process Name: 31:23
Process ID: 1851855, Process Name: 1:23
Process ID: 1851687, Process Name: 1:08
Process ID: 1851643, Process Name: 1:05
Process ID: 1851623, Process Name: 4:29
Process ID: 1851074, Process Name: 1:39
Process ID: 1851728, Process Name: 1:00
Process ID: 1852975, Process Name: 0:56
Process ID: 1854210, Process Name: 0:59
Process ID: 1851047, Process Name: 0:55
Process ID: 1851287, Process Name: 1:34
Process ID: 2517320, Process Name: 0:57
Process ID: 1858056, Process Name: 1:04
-------------------------------------

-------------------------------------
Total number of App process running on this host 172.30.150.41
Total number of App java process available is 3
-------------------------------------
App Process details:
Process ID: 3812, Process Name: 285:01
Process ID: 1843901, Process Name: 26:33
Process ID: 1844173, Process Name: 52:08
-------------------------------------

Web Application Port Validation for Server IP: 172.30.150.41
Port 8080:	jasapac_jb8	Running
Port 8081:	jasapcrf_j8	Running
Port 8082:	jasconfig_jb74	Running
-------------------------------------

==============================================================================
Server Availability Check Completed at Thu Jan  1 05:20:25 UTC 2026
==============================================================================


2026-01-01 00:20:34,780 - 12750 - ERROR - app_validation.sh errors for i-08f0405118a8fa28e:

2026-01-01 00:20:34,782 - 12750 - INFO - Before patching validation saved to: output/validation-2026-01-01/172.30.150.41-BeforePatching-2026-01-01-00-20-34-781.log
2026-01-01 00:20:34,782 - 12750 - INFO - Deregistering i-08f0405118a8fa28e from TG arn:aws:elasticloadbalancing:us-east-2:835314132208:targetgroup/JAS-APAC-UAT-Config-New/c426205594177e18
2026-01-01 00:20:34,902 - 12750 - INFO - Deregistering i-08f0405118a8fa28e from TG arn:aws:elasticloadbalancing:us-east-2:835314132208:targetgroup/JAS-APAC-UAT-Desktop-New/f7f4f15308ede815
2026-01-01 00:20:34,959 - 12750 - INFO - Deregistering i-08f0405118a8fa28e from TG arn:aws:elasticloadbalancing:us-east-2:835314132208:targetgroup/JAS-APAC-UAT-RF-New/c695eecd2f397308
2026-01-01 00:20:35,024 - 12750 - INFO - Deregistering i-08f0405118a8fa28e from TG arn:aws:elasticloadbalancing:us-east-2:835314132208:targetgroup/JAS-APAC-UAT-WS-New/13117bef01064392
2026-01-01 00:20:35,085 - 12750 - INFO - Stopping EC2 instance: i-08f0405118a8fa28e at 2026-01-01 00:20:35
2026-01-01 00:22:06,350 - 12750 - INFO - Instance i-08f0405118a8fa28e stopped successfully.
2026-01-01 00:22:06,576 - 12750 - INFO - Stopped i-08f0405118a8fa28e in 0:01:31.491486
2026-01-01 00:22:06,577 - 12750 - INFO - Starting EC2 instance: i-08f0405118a8fa28e
2026-01-01 00:22:22,540 - 12750 - INFO - Instance i-08f0405118a8fa28e started successfully.
2026-01-01 00:22:22,540 - 12750 - INFO - Waiting 30 seconds for SSM agent to be ready on i-08f0405118a8fa28e...
2026-01-01 00:22:52,570 - 12750 - INFO - Registering i-08f0405118a8fa28e to TG arn:aws:elasticloadbalancing:us-east-2:835314132208:targetgroup/JAS-APAC-UAT-Config-New/c426205594177e18
2026-01-01 00:22:52,767 - 12750 - INFO - Registering i-08f0405118a8fa28e to TG arn:aws:elasticloadbalancing:us-east-2:835314132208:targetgroup/JAS-APAC-UAT-Desktop-New/f7f4f15308ede815
2026-01-01 00:22:52,895 - 12750 - INFO - Registering i-08f0405118a8fa28e to TG arn:aws:elasticloadbalancing:us-east-2:835314132208:targetgroup/JAS-APAC-UAT-RF-New/c695eecd2f397308
2026-01-01 00:22:53,041 - 12750 - INFO - Registering i-08f0405118a8fa28e to TG arn:aws:elasticloadbalancing:us-east-2:835314132208:targetgroup/JAS-APAC-UAT-WS-New/13117bef01064392
2026-01-01 00:27:54,392 - 12750 - INFO - Sent app_validation.sh to i-08f0405118a8fa28e (command_id: 480e291b-eaef-4bb5-8f03-31ea82ea99fe)
2026-01-01 00:28:24,514 - 12750 - INFO - app_validation.sh output for i-08f0405118a8fa28e:

==============================================================================
Server Availability Check Started at Thu Jan  1 05:27:54 UTC 2026
==============================================================================

-------------------------------------
Server IP : 172.30.150.41
-------------------------------------
System Information
------------------
Hostname: ip-172-30-150-41.us-east-2.compute.internal
Uptime: up 5 minutes
Current User: root
Working Directory: /usr/bin
-------------------------------------
Voice Console URL: http://172.30.150.41:9090/VoiceConsole
-------------------------------------

-------------------------------------
Server IP : 172.30.150.41
-------------------------------------
Physical Memory Information
---------------------------
Total Physical Memory = 31498 MB
Used Physical Memory  = 12554 MB
Free Physical Memory  = 18944 MB
-------------------------------------
Swap Memory Information
-----------------------
Total Swap Memory = 10239 MB
Used Swap Memory  = 0 MB
Free Swap Memory  = 10239 MB
-------------------------------------
Load Average: 2.60 9.31 5.08 4/1600 12523
-------------------------------------

Disk Usage Information
----------------------
Filesystem        Size  Used Avail Use% Mounted on
/dev/nvme0n1p1     20G  4.8G   16G  24% /
/dev/nvme0n1p128   10M  1.4M  8.7M  14% /boot/efi
/dev/nvme1n1p2    290G   83G  208G  29% /data
devtmpfs          4.0M     0  4.0M   0% /dev
tmpfs              16G     0   16G   0% /dev/shm
tmpfs             6.2G  788K  6.2G   1% /run
tmpfs             3.1G     0  3.1G   0% /run/user/2001
tmpfs              16G  928K   16G   1% /tmp
-------------------------------------

Application Port Validation for Server IP: 172.30.150.41 started on Thu Jan  1 05:27:54 UTC 2026

Server IP: 172.30.150.41 is reachable.

SSH Service (Port 22) Status:
SSH Service (Port 22): NOT REACHABLE
-------------------------------------

FTP Service Validation for Server IP: 172.30.150.41

FTP Service (Port 21): NOT REACHABLE
No FTP processes detected
-------------------------------------

CUPS Service Validation for Server IP: 172.30.150.41

CUPS Service (Port 631): NOT REACHABLE

Printer Configuration:
Total Printers Configured: 48
Printer Details:
printer DUMMY_LABEL_K09 is idle.  enabled since Sat Jan 13 17:11:43 2024
printer DUMMY_LABEL_ZZ4BLD is idle.  enabled since Sat Jan 13 17:02:48 2024
printer DUMMY_LASER_K09 is idle.  enabled since Tue Jun 27 17:05:21 2023
printer DUMMY_LBLK17 is idle.  enabled since Fri Nov 28 07:55:50 2025
printer DUMMY_REPORT_ZZ4BLD is idle.  enabled since Sat Jan 13 18:56:59 2024
printer K01_DUMMY_DOC is idle.  enabled since Thu Nov 30 15:24:13 2023
printer K01_DUMMY_LABEL is idle.  enabled since Wed Jan 10 15:08:49 2024
printer K01_MEMPHIS_PROD is idle.  enabled since Tue Jul 11 18:59:05 2023
printer K01_ORD_DOCUMENT is idle.  enabled since Thu Nov 30 17:52:30 2023
printer K01_ORD_LABEL is idle.  enabled since Thu Nov 30 17:53:07 2023
printer K01_ZA_DOCUMENT is idle.  enabled since Thu Nov 30 17:53:58 2023
printer K01_ZA_LABEL is idle.  enabled since Thu Nov 30 17:54:40 2023
printer K07_NONAME_DOC is idle.  enabled since Thu Jul  6 04:20:11 2023
printer K17_OFFICE_LBL is idle.  enabled since Tue Dec 30 04:48:49 2025
printer TEST_UAT is idle.  enabled since Thu Jun  8 17:55:54 2023
printer US_K07_COPIER is idle.  enabled since Wed Jul  5 22:14:42 2023
printer US_K07_UAT_ZEBRA is idle.  enabled since Fri Apr 28 03:52:26 2023
printer US_K07_UAT_ZEBRA_2 is idle.  enabled since Fri Feb  3 19:27:26 2023
printer US_ORD_MAINOFFICEDOC is idle.  enabled since Thu Jul  6 16:10:47 2023
printer US_ORD_MAINOFFICELABEL is idle.  enabled since Thu Jul  6 16:10:41 2023
printer US_ORD_OFFICEDOC_K09 is idle.  enabled since Mon Jan  8 20:19:42 2024
printer US_ORD_OFFICEDOC_ZZ4BLD is idle.  enabled since Wed Jun 21 21:54:46 2023
printer US_ORD_OFFICELBL_K09 is idle.  enabled since Mon Jan  8 23:19:36 2024
printer US_ORD_OFFICELBL_ZZ4BLD is idle.  enabled since Wed Jun 21 21:46:22 2023
printer USLME_K01_D02 is idle.  enabled since Sat Jan 13 19:27:17 2024
printer USLSE_K07_D01 is idle.  enabled since Wed Jan 18 16:43:34 2023
printer USLSE_K07_D02 is idle.  enabled since Wed Jan 18 16:44:08 2023
printer USLSE_K07_D03 is idle.  enabled since Wed Jan 18 16:44:33 2023
printer USLSE_K07_D04 is idle.  enabled since Tue Mar  7 11:39:56 2023
printer USLSE_K07_D05 is idle.  enabled since Mon Jan 23 00:06:11 2023
printer USLSE_K07_D06 is idle.  enabled since Thu Feb  2 19:42:02 2023
printer USLSE_K07_D09 is idle.  enabled since Tue Feb  7 13:10:36 2023
printer USLSE_K07_D10 is idle.  enabled since Mon Jan 30 19:44:52 2023
printer USLSE_K07_D11 is idle.  enabled since Wed Jul  5 22:29:02 2023
printer USLSE_K07_D12 is idle.  enabled since Wed Jul  5 22:36:38 2023
printer USLSE_K07_D13 is idle.  enabled since Thu Jul  6 16:12:58 2023
printer USLSE_K07_L01 is idle.  enabled since Wed Jul  5 22:32:41 2023
printer USLSE_K07_L02 is idle.  enabled since Thu Jul  6 16:12:56 2023
printer USLSE_K07_L03 is idle.  enabled since Mon Jan 30 19:44:46 2023
printer USLSE_K07_L04 is idle.  enabled since Wed Jul  5 22:21:35 2023
printer USLSE_K07_L05 is idle.  enabled since Thu Feb 16 22:11:34 2023
printer ZA_LABEL is idle.  enabled since Wed Dec 10 11:37:26 2025
printer ZA_LABELPRINTER is idle.  enabled since Fri Jun  9 13:36:09 2023
printer ZA_LABELPRINTER_K09 is idle.  enabled since Mon Jul  3 17:12:55 2023
printer ZA_LABELPRINTER_ZZBLD4 is idle.  enabled since Fri Jun 30 11:24:21 2023
printer ZA_LASERPRINTER is idle.  enabled since Fri Jun  2 06:02:41 2023
printer ZA_LASERPRINTER_K09 is idle.  enabled since Tue Jun 27 16:17:54 2023
printer ZA_LASERPRINTER_ZZBLD4 is idle.  enabled since Wed Jun 21 19:45:43 2023
-------------------------------------
CUPS Service (Port 631): NOT REACHABLE on 172.30.150.41
-------------------------------------

Total number of Java process running on this host 172.30.150.41 is 29
Total number of Daemon / Batch (java) application process available is 26

Daemon Process id and name details are given below
Process ID: 7749, Process Name: 0:04
Process ID: 7601, Process Name: 0:04
Process ID: 7244, Process Name: 0:04
Process ID: 7478, Process Name: 0:04
Process ID: 7798, Process Name: 0:13
Process ID: 7207, Process Name: 0:04
Process ID: 7612, Process Name: 0:04
Process ID: 9298, Process Name: 0:03
Process ID: 7682, Process Name: 0:04
Process ID: 7465, Process Name: 0:03
Process ID: 7358, Process Name: 0:04
Process ID: 4023, Process Name: 0:09
Process ID: 7773, Process Name: 0:04
Process ID: 3977, Process Name: 0:02
Process ID: 7525, Process Name: 0:04
Process ID: 7485, Process Name: 0:04
Process ID: 7170, Process Name: 0:04
Process ID: 7594, Process Name: 0:13
Process ID: 7540, Process Name: 0:04
Process ID: 7321, Process Name: 0:03
Process ID: 7627, Process Name: 0:03
Process ID: 7350, Process Name: 0:04
Process ID: 7628, Process Name: 0:03
Process ID: 7420, Process Name: 0:04
Process ID: 8032, Process Name: 0:11
Process ID: 7645, Process Name: 0:04
-------------------------------------

-------------------------------------
Total number of App process running on this host 172.30.150.41
Total number of App java process available is 3
-------------------------------------
App Process details:
Process ID: 6312, Process Name: 0:46
Process ID: 6326, Process Name: 1:25
Process ID: 6470, Process Name: 1:42
-------------------------------------

Web Application Port Validation for Server IP: 172.30.150.41
Port 8080:	jasapac_jb80ea	Running
Port 8081:	jasapcrf_j80ea	Running
Port 8082:	jasconfig_jb74	Running
-------------------------------------

==============================================================================
Server Availability Check Completed at Thu Jan  1 05:27:59 UTC 2026
==============================================================================


2026-01-01 00:28:24,514 - 12750 - ERROR - app_validation.sh errors for i-08f0405118a8fa28e:

2026-01-01 00:28:24,516 - 12750 - INFO - After patching validation saved to: output/validation-2026-01-01/172.30.150.41-AfterPatching-2026-01-01-00-28-24-515.log
2026-01-01 00:28:24,552 - 12750 - INFO - Validation comparison report generated: output/validation-2026-01-01/172.30.150.41-Validation-details-2026-01-01-00-28-24-515.log
2026-01-01 00:28:24,638 - 12750 - INFO - Email sent successfully to ['CloudOps@softeon.com']
2026-01-01 00:28:24,639 - 12750 - INFO - HTML validation report email sent for i-08f0405118a8fa28e
2026-01-01 00:28:24,876 - 12750 - INFO - Started i-08f0405118a8fa28e in 0:06:18.299719
2026-01-01 00:28:24,877 - 12750 - INFO - All instances processed.
2026-01-01 00:28:24,881 - 12750 - INFO - Restart Total time: 0:18:49.462601
2026-01-01 00:28:24,881 - 12750 - INFO - Auto-confirmed services are restarted
2026-01-01 00:28:24,881 - 12750 - INFO - Confirmed - services are started
2026-01-01 00:28:24,984 - 12750 - INFO - The following instances have failed the patch: []
2026-01-01 00:28:24,985 - 12750 - INFO - No instances have failed the patch.
2026-01-01 00:28:24,985 - 12750 - INFO - Total Patch Process time: 0:23:22.507672
2026-01-01 00:28:25,284 - 12750 - INFO - Email sent successfully to ['a80af5b5.softeon.com@in.teams.ms', 'CloudOps@softeon.com']
2026-01-01 00:29:25,469 - 12750 - ERROR - Failed to upload log file to S3: Failed to upload ./logs/patching_2026-01-01_JAS-UAT.log to q1-2026-aws-security-patching/JAS-UAT_Patch/2026-01-01/patching_2026-01-01_JAS-UAT.log: An error occurred (NoSuchBucket) when calling the PutObject operation: The specified bucket does not exist
