2025-10-11 01:40:02,472 - 28119 - INFO - Logger setup has been removed, using shared logger from common.logs.logger.
2025-10-11 01:40:02,472 - 28119 - INFO - Script Start Time: 2025-10-11 01:40:02
2025-10-11 01:40:02,707 - 28119 - INFO - Instance(s) selected for Patching: {'i-0a0d76f998eafb87b': '172.29.60.119'}
2025-10-11 01:40:02,794 - 28119 - INFO - Email sent successfully to ['adityak@softeon.com', 'a80af5b5.softeon.com@in.teams.ms', 'ITSupport@softeon.com']
2025-10-11 01:40:02,794 - 28119 - INFO - Now patching instances at: 2025-10-11 01:40:02
2025-10-11 01:40:02,852 - 28119 - INFO - Sending patch command to instance i-0a0d76f998eafb87b
2025-10-11 01:40:03,023 - 28119 - INFO - Command sent successfully to instance i-0a0d76f998eafb87b. Command ID: 08d2951d-6802-4297-9162-86a862500474
2025-10-11 01:47:34,987 - 28119 - INFO - All patches applied successfully.
2025-10-11 01:47:34,988 - 28119 - INFO - Patching end time: 2025-10-11 01:47:34
2025-10-11 01:47:34,988 - 28119 - INFO - Patch Elapsed time: 0:07:32.193608
2025-10-11 01:47:35,066 - 28119 - INFO - Email sent successfully to ['adityak@softeon.com', 'a80af5b5.softeon.com@in.teams.ms', 'ITSupport@softeon.com']
2025-10-11 01:47:35,066 - 28119 - INFO - Confirmed - services are stopped
2025-10-11 01:47:57,737 - 28119 - INFO - Discovered TG map: {}
2025-10-11 01:47:58,041 - 28119 - INFO - Sent app_validation.sh to i-0a0d76f998eafb87b (command_id: f0f1fc20-10f1-4097-b3ed-01f4bce85a33)
2025-10-11 01:49:28,298 - 28119 - INFO - app_validation.sh output for i-0a0d76f998eafb87b:

==============================================================================
Server Availability Check Started at Sat Oct 11 05:47:58 UTC 2025
==============================================================================

-------------------------------------
Server IP : 172.29.60.119
-------------------------------------
System Information
------------------
Hostname: ip-172-29-60-119
Uptime: up 11 weeks, 6 days, 20 hours, 49 minutes
Current User: root
Working Directory: /usr/bin
-------------------------------------
Voice Console URL: http://172.29.60.119:9090/VoiceConsole
-------------------------------------

-------------------------------------
Server IP : 172.29.60.119
-------------------------------------
Physical Memory Information
---------------------------
Total Physical Memory = 15611 MB
Used Physical Memory  = 10800 MB
Free Physical Memory  = 4811 MB
-------------------------------------
Swap Memory Information
-----------------------
Total Swap Memory = 10239 MB
Used Swap Memory  = 1533 MB
Free Swap Memory  = 8706 MB
-------------------------------------
Load Average: 1.55 1.81 0.94 5/995 2147171
-------------------------------------

Disk Usage Information
----------------------
Filesystem                                          Size  Used Avail Use% Mounted on
/dev/nvme0n1p1                                       20G  6.0G   14G  30% /
/dev/nvme0n1p128                                     10M  1.3M  8.7M  13% /boot/efi
/dev/nvme1n1p2                                      290G   87G  204G  30% /data
fs-0d85a138928e851ac.efs.us-east-1.amazonaws.com:/  8.0E   29G  8.0E   1% /data2
devtmpfs                                            4.0M     0  4.0M   0% /dev
tmpfs                                               7.7G     0  7.7G   0% /dev/shm
tmpfs                                               3.1G  736K  3.1G   1% /run
tmpfs                                               1.6G     0  1.6G   0% /run/user/1001
tmpfs                                               1.6G     0  1.6G   0% /run/user/2002
tmpfs                                               1.6G     0  1.6G   0% /run/user/992
tmpfs                                               7.7G   47M  7.6G   1% /tmp
-------------------------------------

Application Port Validation for Server IP: 172.29.60.119 started on Sat Oct 11 05:47:58 UTC 2025

Server IP: 172.29.60.119 is reachable.

SSH Service (Port 22) Status:
SSH Service (Port 22): NOT REACHABLE
-------------------------------------

FTP Service Validation for Server IP: 172.29.60.119

FTP Service (Port 21): NOT REACHABLE
No FTP processes detected
-------------------------------------

CUPS Service Validation for Server IP: 172.29.60.119

CUPS Service (Port 631): NOT REACHABLE

Printer Configuration:
Total Printers Configured: 0
-------------------------------------
CUPS Service (Port 631): NOT REACHABLE on 172.29.60.119
-------------------------------------

Total number of Java process running on this host 172.29.60.119 is 32
Total number of Daemon / Batch (java) application process available is 30

Daemon Process id and name details are given below
Process ID: 761392, Process Name: 2:07
Process ID: 761440, Process Name: 1:43
Process ID: 761488, Process Name: 3:06
Process ID: 761779, Process Name: 6:06
Process ID: 761680, Process Name: 3:29
Process ID: 761536, Process Name: 1:37
Process ID: 761584, Process Name: 1:29
Process ID: 761632, Process Name: 2:10
Process ID: 761728, Process Name: 6:34
Process ID: 761828, Process Name: 1:42
Process ID: 761882, Process Name: 2:00
Process ID: 761941, Process Name: 1:43
Process ID: 761991, Process Name: 21:05
Process ID: 762328, Process Name: 8:51
Process ID: 762221, Process Name: 1:58
Process ID: 762044, Process Name: 1:35
Process ID: 762102, Process Name: 1:46
Process ID: 762166, Process Name: 1:59
Process ID: 762275, Process Name: 7:04
Process ID: 762387, Process Name: 1:37
Process ID: 762466, Process Name: 2:35
Process ID: 762520, Process Name: 1:44
Process ID: 883097, Process Name: 12:51
Process ID: 883470, Process Name: 4:08
Process ID: 762808, Process Name: 2:04
Process ID: 762625, Process Name: 1:36
Process ID: 762682, Process Name: 1:30
Process ID: 762743, Process Name: 2:11
Process ID: 762874, Process Name: 5:37
Process ID: 762992, Process Name: 1:38
-------------------------------------

-------------------------------------
Total number of App process running on this host 172.29.60.119
Total number of App java process available is 0
-------------------------------------
No Standalone application processes running
-------------------------------------

Web Application Port Validation for Server IP: 172.29.60.119
-------------------------------------

==============================================================================
Server Availability Check Completed at Sat Oct 11 05:49:12 UTC 2025
==============================================================================


2025-10-11 01:49:28,299 - 28119 - ERROR - app_validation.sh errors for i-0a0d76f998eafb87b:

2025-10-11 01:49:28,301 - 28119 - INFO - Before patching validation saved to: output/validation-2025-10-11/172.29.60.119-BeforePatching-2025-10-11-01-49-28-300.log
2025-10-11 01:49:28,301 - 28119 - INFO - Stopping EC2 instance: i-0a0d76f998eafb87b at 2025-10-11 01:49:28
2025-10-11 01:51:14,668 - 28119 - INFO - Instance i-0a0d76f998eafb87b stopped successfully.
2025-10-11 01:51:14,846 - 28119 - INFO - Stopped i-0a0d76f998eafb87b in 0:01:46.544603
2025-10-11 01:51:14,846 - 28119 - INFO - Starting EC2 instance: i-0a0d76f998eafb87b
2025-10-11 01:51:30,625 - 28119 - INFO - Instance i-0a0d76f998eafb87b started successfully.
2025-10-11 01:51:30,626 - 28119 - INFO - Waiting 30 seconds for SSM agent to be ready on i-0a0d76f998eafb87b...
2025-10-11 01:52:00,751 - 28119 - INFO - Sent app_validation.sh to i-0a0d76f998eafb87b (command_id: da9ee8a9-fd32-4e9e-996d-73ee3ece21a0)
2025-10-11 01:52:30,845 - 28119 - INFO - app_validation.sh output for i-0a0d76f998eafb87b:

==============================================================================
Server Availability Check Started at Sat Oct 11 05:52:01 UTC 2025
==============================================================================

-------------------------------------
Server IP : 172.29.60.119
-------------------------------------
System Information
------------------
Hostname: ip-172-29-60-119
Uptime: up 0 minutes
Current User: root
Working Directory: /usr/bin
-------------------------------------
Voice Console URL: http://172.29.60.119:9090/VoiceConsole
-------------------------------------

-------------------------------------
Server IP : 172.29.60.119
-------------------------------------
Physical Memory Information
---------------------------
Total Physical Memory = 15611 MB
Used Physical Memory  = 3551 MB
Free Physical Memory  = 12060 MB
-------------------------------------
Swap Memory Information
-----------------------
Total Swap Memory = 10239 MB
Used Swap Memory  = 0 MB
Free Swap Memory  = 10239 MB
-------------------------------------
Load Average: 33.02 7.93 2.64 88/679 4730
-------------------------------------

Disk Usage Information
----------------------
Filesystem                                          Size  Used Avail Use% Mounted on
/dev/nvme0n1p1                                       20G  5.7G   15G  29% /
/dev/nvme0n1p128                                     10M  1.3M  8.7M  13% /boot/efi
/dev/nvme1n1p2                                      290G   87G  204G  30% /data
fs-0d85a138928e851ac.efs.us-east-1.amazonaws.com:/  8.0E   29G  8.0E   1% /data2
devtmpfs                                            4.0M     0  4.0M   0% /dev
tmpfs                                               7.7G     0  7.7G   0% /dev/shm
tmpfs                                               3.1G  948K  3.1G   1% /run
tmpfs                                               1.6G     0  1.6G   0% /run/user/1001
tmpfs                                               1.6G     0  1.6G   0% /run/user/992
tmpfs                                               7.7G   65M  7.6G   1% /tmp
-------------------------------------

Application Port Validation for Server IP: 172.29.60.119 started on Sat Oct 11 05:52:01 UTC 2025

Server IP: 172.29.60.119 is reachable.

SSH Service (Port 22) Status:
SSH Service (Port 22): NOT REACHABLE
-------------------------------------

FTP Service Validation for Server IP: 172.29.60.119

FTP Service (Port 21): NOT REACHABLE
No FTP processes detected
-------------------------------------

CUPS Service Validation for Server IP: 172.29.60.119

CUPS Service (Port 631): NOT REACHABLE

Printer Configuration:
Total Printers Configured: 202
Printer Details:
printer 1260_TR_LBL1_DUMMY is idle.  enabled since Tue Feb 11 00:16:15 2025
printer 1260_TR_LSR1_DUMMY is idle.  enabled since Tue Feb 11 00:16:58 2025
printer 6FADM_D1_LBL_UAT is idle.  enabled since Mon Mar 25 10:47:33 2024
printer 6FADM_D1_LSR_UAT is idle.  enabled since Mon Mar 25 10:47:37 2024
printer APIC_2F_LBL_UAT is idle.  enabled since Tue Jan 28 13:09:40 2025
printer APIC_2F_LSR_UAT is idle.  enabled since Fri Jun 28 01:22:33 2024
printer BRCAJ_LBL_01 is idle.  enabled since Thu May  9 19:58:22 2024
printer BRCAJ_LSR_01 is idle.  enabled since Wed Apr 24 20:44:56 2024
printer BRCAJ_LSR_02 is idle.  enabled since Tue Sep 23 14:07:21 2025
printer CNJNY_LBL01 is idle.  enabled since Tue Jul  1 06:26:19 2025
printer CNJNY_LBL02 is idle.  enabled since Wed Aug 16 12:16:48 2023
printer CNJNY_LSR01 is idle.  enabled since Tue Jul 29 06:35:53 2025
printer CNJNY_LSR02 is idle.  enabled since Thu Aug 24 01:57:10 2023
printer DUMMY_LSR is idle.  enabled since Mon Sep 22 14:42:28 2025
printer DUMMY_ZEB is idle.  enabled since Mon Sep 15 15:20:16 2025
printer FRSWI_IB_MS_LBL_01 is idle.  enabled since Tue Jul  1 06:19:43 2025
printer FRSWI_IB_MS_LBL_02 is idle.  enabled since Tue Jul  1 06:20:14 2025
printer FRSWI_IB_MS_LBL_03 is idle.  enabled since Thu Jun  1 08:50:56 2023
printer FRSWI_IB_MS_LSR_01 is idle.  enabled since Mon Jul 17 12:53:53 2023
printer FRSWI_IB_MS_LSR_02 is idle.  enabled since Wed May 17 17:08:59 2023
printer FRSWI_IB_MS_LSR_03 is idle.  enabled since Wed May 17 17:09:36 2023
printer FRSWI_LBL_001 is idle.  enabled since Tue Jul  1 06:43:50 2025
printer FRSWI_LSR_001 is idle.  enabled since Tue Jul 15 11:06:12 2025
printer FRSWI_OB_PS_LBL_01 is idle.  enabled since Tue Jul  1 06:22:14 2025
printer FRSWI_OB_PS_LBL_02 is idle.  enabled since Wed May 17 17:06:36 2023
printer FRSWI_OB_PS_LBL_03 is idle.  enabled since Wed May 17 17:07:24 2023
printer FRSWI_OB_PS_LBL_04 is idle.  enabled since Wed May 17 17:08:03 2023
printer FRSWI_OB_PS_LSR_01 is idle.  enabled since Wed Sep  6 21:25:04 2023
printer FRSWI_OB_PS_LSR_02 is idle.  enabled since Wed May 17 17:06:18 2023
printer FRSWI_OB_PS_LSR_03 is idle.  enabled since Wed May 17 17:07:01 2023
printer FRSWI_OB_PS_LSR_04 is idle.  enabled since Fri Oct 13 08:26:33 2023
printer GAAPR_SCOTT_LSR_UAT is idle.  enabled since Tue Jan  7 16:16:26 2025
printer GAAPR_SCOTT_UAT is idle.  enabled since Tue Jul  1 10:03:07 2025
printer HP_FG_IB_LBL_01_UAT is idle.  enabled since Fri Dec  6 04:42:53 2024
printer HP_FG_IB_LSR_01_UAT is idle.  enabled since Mon Mar 25 11:10:35 2024
printer HP_FG_OB_LBL_01_UAT is idle.  enabled since Fri Dec 20 11:51:49 2024
printer HP_FG_OB_LSR_01_UAT is idle.  enabled since Wed Oct  1 20:52:59 2025
printer HP_MGR_LSR01_UAT is idle.  enabled since Thu Oct  2 13:28:17 2025
printer HP_RL_OB_LBL_01_UAT is idle.  enabled since Mon Mar 25 11:10:53 2024
printer HP_RL_OB_LSR_01_UAT is idle.  enabled since Mon Mar 25 11:10:57 2024
printer HPCA_OFC_LBL_UAT is idle.  enabled since Fri Jan 24 10:30:35 2025
printer HPCA_OFC_LSR_UAT is idle.  enabled since Wed Jan 22 15:03:29 2025
printer KIYOHARU_LBL_UAT is idle.  enabled since Tue Jan 28 13:11:10 2025
printer KIYOHARU_LSR_UAT is idle.  enabled since Tue Apr  2 06:12:10 2024
printer KY_HP_FG_LSR_IB01_UAT is idle.  enabled since Mon Mar 25 10:07:18 2024
printer KY_HP_FG_LSR_IB04_UAT is idle.  enabled since Mon Mar 25 11:11:06 2024
printer KY_HP_FG_LSR_IB06_UAT is idle.  enabled since Mon Mar 25 11:11:10 2024
printer KY_HP_FG_LSR_OB01_UAT is idle.  enabled since Mon Mar 25 11:11:15 2024
printer KY_HP_FG_LSR_OB04_UAT is idle.  enabled since Mon Mar 25 11:11:19 2024
printer KY_HP_FG_LSR_OB05_UAT is idle.  enabled since Mon Mar 25 11:11:24 2024
printer KY_HP_LSR_INTL01_UAT is idle.  enabled since Mon Mar 25 11:11:28 2024
printer KY_HP_LSR_INV02_UAT is idle.  enabled since Mon Mar 25 11:11:32 2024
printer KY_HP_LSR_QA01_UAT is idle.  enabled since Mon Mar 25 11:11:37 2024
printer KY_HP_LSR_QA03_UAT is idle.  enabled since Mon Mar 25 11:11:41 2024
printer KY_HP_LSR_REBOX02_UAT is idle.  enabled since Mon Mar 25 11:11:46 2024
printer KY_HP_RL_LSR_OB01_UAT is idle.  enabled since Mon Mar 25 11:11:50 2024
printer KYBRK1_KM_LBL_CASE01_UAT is idle.  enabled since Fri Oct  3 18:00:54 2025
printer KYBRK1_KM_LBL_DIR01_UAT is idle.  enabled since Mon May  6 20:10:33 2024
printer KYBRK1_KM_LBL_DIR02_UAT is idle.  enabled since Mon Mar 25 11:24:14 2024
printer KYBRK1_KM_LBL_IB01_UAT is idle.  enabled since Sat Jul  5 13:16:04 2025
printer KYBRK1_KM_LBL_IB02_UAT is idle.  enabled since Mon Mar 25 11:24:23 2024
printer KYBRK1_KM_LBL_IB03_UAT is idle.  enabled since Mon Mar 25 11:24:27 2024
printer KYBRK1_KM_LBL_IB04_UAT is idle.  enabled since Mon Mar 25 11:24:32 2024
printer KYBRK1_KM_LBL_INTL01_UAT is idle.  enabled since Mon Mar 25 11:24:36 2024
printer KYBRK1_KM_LBL_INTL02_UAT is idle.  enabled since Mon Mar 25 11:24:40 2024
printer KYBRK1_KM_LBL_LTL01_UAT is idle.  enabled since Sat Jul  5 13:39:41 2025
printer KYBRK1_KM_LBL_OB01_UAT is idle.  enabled since Thu Apr 11 18:53:23 2024
printer KYBRK1_KM_LBL_OB02_UAT is idle.  enabled since Fri May 10 15:15:31 2024
printer KYBRK1_KM_LBL_OB03_UAT is idle.  enabled since Thu Apr 11 17:17:24 2024
printer KYBRK1_KM_LBL_OB04_UAT is idle.  enabled since Thu Apr 11 17:39:47 2024
printer KYBRK1_KM_LBL_OB05_UAT is idle.  enabled since Mon Mar 25 11:25:07 2024
printer KYBRK1_KM_LBL_OB06_UAT is idle.  enabled since Mon Mar 25 11:25:11 2024
printer KYBRK1_KM_LBL_OB07_UAT is idle.  enabled since Mon Mar 25 11:25:16 2024
printer KYBRK1_KM_LBL_OB08_UAT is idle.  enabled since Mon Mar 25 11:25:20 2024
printer KYBRK1_KM_LBL_OB09_UAT is idle.  enabled since Mon Mar 25 11:25:24 2024
printer KYBRK1_KM_LBL_OB10_UAT is idle.  enabled since Mon Mar 25 11:25:29 2024
printer KYBRK1_KM_LBL_SHIP01_UAT is idle.  enabled since Thu Apr 11 00:45:08 2024
printer KYBRK1_KM_LBL_SUPV01_UAT is idle.  enabled since Mon Mar 25 11:25:38 2024
printer KYBRK1_KM_LSR_CASE01_UAT is idle.  enabled since Fri Oct 10 18:23:31 2025
printer KYBRK1_KM_LSR_DIR01_UAT is idle.  enabled since Mon Mar 25 11:25:46 2024
printer KYBRK1_KM_LSR_DIR02_UAT is idle.  enabled since Mon Mar 25 11:25:51 2024
printer KYBRK1_KM_LSR_IB01_UAT is idle.  enabled since Mon Mar 25 11:25:55 2024
printer KYBRK1_KM_LSR_IB02_UAT is idle.  enabled since Mon Mar 25 11:26:00 2024
printer KYBRK1_KM_LSR_IB03_UAT is idle.  enabled since Mon Mar 25 11:26:04 2024
printer KYBRK1_KM_LSR_IB04_UAT is idle.  enabled since Mon Mar 25 11:26:08 2024
printer KYBRK1_KM_LSR_INTL01_UAT is idle.  enabled since Mon Mar 25 11:26:13 2024
printer KYBRK1_KM_LSR_INTL02_UAT is idle.  enabled since Thu May  2 15:19:32 2024
printer KYBRK1_KM_LSR_INV01_UAT is idle.  enabled since Mon Mar 25 11:26:21 2024
printer KYBRK1_KM_LSR_KIT01_UAT is idle.  enabled since Mon Mar 25 11:26:26 2024
printer KYBRK1_KM_LSR_LEAD01_UAT is idle.  enabled since Mon Mar 25 11:26:30 2024
printer KYBRK1_KM_LSR_LTL01_UAT is idle.  enabled since Mon Mar 25 11:26:35 2024
printer KYBRK1_KM_LSR_OB01_UAT is idle.  enabled since Thu Apr 11 19:35:51 2024
printer KYBRK1_KM_LSR_OB02_UAT is idle.  enabled since Fri May 10 15:14:29 2024
printer KYBRK1_KM_LSR_OB03_UAT is idle.  enabled since Mon Mar 25 11:26:48 2024
printer KYBRK1_KM_LSR_OB04_UAT is idle.  enabled since Mon Mar 25 11:26:52 2024
printer KYBRK1_KM_LSR_OB05_UAT is idle.  enabled since Mon Mar 25 11:26:57 2024
printer KYBRK1_KM_LSR_OB06_UAT is idle.  enabled since Mon Mar 25 11:27:01 2024
printer KYBRK1_KM_LSR_OB07_UAT is idle.  enabled since Mon Mar 25 11:27:05 2024
printer KYBRK1_KM_LSR_OB08_UAT is idle.  enabled since Mon Mar 25 11:27:10 2024
printer KYBRK1_KM_LSR_OB09_UAT is idle.  enabled since Mon Mar 25 11:27:14 2024
printer KYBRK1_KM_LSR_OB10_UAT is idle.  enabled since Mon Mar 25 11:27:19 2024
printer KYBRK1_KM_LSR_SUPV01_UAT is idle.  enabled since Mon Mar 25 11:27:23 2024
printer KYLOL_LBL_CSPCL1_UAT is idle.  enabled since Wed Oct  1 13:10:02 2025
printer KYLOL_LSR_CSPCL1_UAT is idle.  enabled since Tue Sep 30 21:01:59 2025
printer KYLOL_LSR_CSPCL1A_UAT is idle.  enabled since Mon Mar 25 11:11:59 2024
printer KYOLP_LBL_01_UAT is idle.  enabled since Mon Mar 25 11:12:03 2024
printer KYVIL_HP_FG_LBL_IB01_UAT is idle.  enabled since Mon Mar 25 11:12:08 2024
printer KYVIL_HP_FG_LBL_IB04_UAT is idle.  enabled since Mon Mar 25 11:12:12 2024
printer KYVIL_HP_FG_LBL_IB05_UAT is idle.  enabled since Mon Mar 25 11:12:16 2024
printer KYVIL_HP_FG_LBL_IB06_UAT is idle.  enabled since Mon Mar 25 11:12:21 2024
printer KYVIL_HP_FG_LBL_OB01_UAT is idle.  enabled since Mon Mar 25 11:12:25 2024
printer KYVIL_HP_FG_LBL_OB04_UAT is idle.  enabled since Mon Mar 25 11:12:29 2024
printer KYVIL_HP_FG_LBL_OB05_UAT is idle.  enabled since Mon Mar 25 11:12:34 2024
printer KYVIL_HP_FG_LSR_IB05_UAT is idle.  enabled since Mon Mar 25 11:12:38 2024
printer KYVIL_HP_LBL_INTL01_UAT is idle.  enabled since Mon Mar 25 11:12:43 2024
printer KYVIL_HP_LBL_INV01_UAT is idle.  enabled since Thu Apr 25 15:59:51 2024
printer KYVIL_HP_LBL_INV02_UAT is idle.  enabled since Mon Mar 25 11:12:51 2024
printer KYVIL_HP_LBL_QA01_UAT is idle.  enabled since Mon Mar 25 11:12:56 2024
printer KYVIL_HP_LBL_QA03_UAT is idle.  enabled since Mon Mar 25 11:13:00 2024
printer KYVIL_HP_LBL_REBOX02_UAT is idle.  enabled since Thu Apr 25 15:59:26 2024
printer KYVIL_HP_LSR_INV01_UAT is idle.  enabled since Mon Mar 25 11:13:09 2024
printer KYVIL_HP_LSR_INV02_UAT is idle.  enabled since Mon Mar 25 11:13:13 2024
printer KYVIL_HP_RL_LBL_OB01_UAT is idle.  enabled since Mon Mar 25 11:13:18 2024
printer KYVIL_HPFG_LBL_IB02_UAT is idle.  enabled since Tue Feb  4 13:07:18 2025
printer KYVIL_HPFG_LSR_IB02_UAT is idle.  enabled since Mon Mar 25 11:13:27 2024
printer LABEL_DUMMY is idle.  enabled since Fri Oct 10 18:19:11 2025
printer LASER_DUMMY is idle.  enabled since Fri Oct 10 18:20:40 2025
printer ONT_HPFG_LBL_AD1_UAT is idle.  enabled since Fri Jan 24 10:32:05 2025
printer ONT_HPFG_LBL_IB01_UAT is idle.  enabled since Mon Mar 25 10:07:27 2024
printer ONT_HPFG_LBL_IB02_UAT is idle.  enabled since Mon Mar 25 10:07:31 2024
printer ONT_HPFG_LBL_IB03_UAT is idle.  enabled since Mon Mar 25 10:07:36 2024
printer ONT_HPFG_LBL_IB04_UAT is idle.  enabled since Mon Mar 25 10:07:40 2024
printer ONT_HPFG_LBL_IB05_UAT is idle.  enabled since Mon Mar 25 10:07:45 2024
printer ONT_HPFG_LBL_LH1_UAT is idle.  enabled since Mon Mar 25 10:07:49 2024
printer ONT_HPFG_LBL_LH2_UAT is idle.  enabled since Mon Mar 25 10:07:54 2024
printer ONT_HPFG_LBL_OB01_UAT is idle.  enabled since Mon Mar 25 10:07:58 2024
printer ONT_HPFG_LBL_OB02_UAT is idle.  enabled since Mon Mar 25 10:08:02 2024
printer ONT_HPFG_LBL_OB03_UAT is idle.  enabled since Mon Mar 25 10:08:07 2024
printer ONT_HPFG_LBL_OB04_UAT is idle.  enabled since Mon Mar 25 10:08:11 2024
printer ONT_HPFG_LSR_AD1_UAT is idle.  enabled since Mon Mar 25 10:08:16 2024
printer ONT_HPFG_LSR_IB01_UAT is idle.  enabled since Mon Mar 25 10:08:20 2024
printer ONT_HPFG_LSR_IB02_UAT is idle.  enabled since Mon Mar 25 10:08:24 2024
printer ONT_HPFG_LSR_IB03_UAT is idle.  enabled since Mon Mar 25 10:08:29 2024
printer ONT_HPFG_LSR_IB04_UAT is idle.  enabled since Mon Mar 25 10:08:33 2024
printer ONT_HPFG_LSR_IB05_UAT is idle.  enabled since Mon Mar 25 10:08:38 2024
printer ONT_HPFG_LSR_LH1_UAT is idle.  enabled since Mon Mar 25 10:08:42 2024
printer ONT_HPFG_LSR_LH2_UAT is idle.  enabled since Mon Mar 25 10:08:46 2024
printer ONT_HPFG_LSR_OB01_UAT is idle.  enabled since Mon Mar 25 10:08:51 2024
printer ONT_HPFG_LSR_OB02_UAT is idle.  enabled since Mon Mar 25 10:08:55 2024
printer ONT_HPFG_LSR_OB03_UAT is idle.  enabled since Mon Mar 25 10:09:00 2024
printer ONT_HPFG_LSR_OB04_UAT is idle.  enabled since Mon Mar 25 10:09:04 2024
printer ONT_HPRL_LBL_IB01_UAT is idle.  enabled since Mon Mar 25 10:09:08 2024
printer ONT_HPRL_LBL_IB02_UAT is idle.  enabled since Mon Mar 25 10:09:13 2024
printer ONT_HPRL_LSR_IB01_UAT is idle.  enabled since Mon Mar 25 10:09:17 2024
printer ONT_HPRL_LSR_IB02_UAT is idle.  enabled since Mon Mar 25 10:09:22 2024
printer SDF4_LBL_OB2_UAT is idle.  enabled since Thu Apr 25 15:59:51 2024
printer SGPRE5LBL01 is idle.  enabled since Fri Mar 15 04:32:53 2024
printer SGPRE5LSR01 is idle.  enabled since Sat Aug 23 02:23:22 2025
printer SHIP01_LBL_UAT is idle.  enabled since Mon Mar 25 10:47:50 2024
printer SHIP01_LSR_UAT is idle.  enabled since Tue Apr  2 06:23:20 2024
printer SHIP02_LBL_UAT is idle.  enabled since Mon Mar 25 10:47:59 2024
printer SHIP02_LSR_UAT is idle.  enabled since Tue Apr  2 06:24:20 2024
printer SHRP_RCV_01_LBL_UAT is idle.  enabled since Tue Oct  7 15:52:59 2025
printer SHRP_RCV_01_LSR_UAT is idle.  enabled since Mon Oct  6 19:19:00 2025
printer SHRP_SHIP_01_LBL_UAT is idle.  enabled since Mon Oct  6 19:34:50 2025
printer SHRP_SHIP_01_LSR_UAT is idle.  enabled since Mon Oct  6 19:14:32 2025
printer SHRP_SHIP_02_LBL_UAT is idle.  enabled since Mon Oct  6 19:09:49 2025
printer SHRP_SHIP_02_LSR_UAT is idle.  enabled since Mon Oct  6 19:13:01 2025
printer SOFTEONSOL_LBL_01_UAT is idle.  enabled since Wed Nov  6 14:34:36 2024
printer TPC_5F_SHIP01_LBL_UAT is idle.  enabled since Mon Mar 25 10:48:08 2024
printer TPC_5F_SHIP01_LSR_UAT is idle.  enabled since Tue Apr  2 06:08:56 2024
printer TPC_5F_SHIP02_LBL_UAT is idle.  enabled since Thu Mar 14 16:45:35 2024
printer TPC_5F_SHIP02_LSR_UAT is idle.  enabled since Tue Apr  2 06:11:29 2024
printer TPC_5F_SHIP04_LBL_UAT is idle.  enabled since Mon Mar 25 10:48:26 2024
printer TPC_5F_SHIP04_LSR_UAT is idle.  enabled since Tue Apr  2 06:12:40 2024
printer USBRK_HT_LBL_01 is idle.  enabled since Mon Jul 17 13:27:13 2023
printer USBRK_HT_LBL_CART1_UAT is idle.  enabled since Wed May  1 13:54:46 2024
printer USBRK_HT_LBL_CART3_UAT is idle.  enabled since Mon Mar 18 22:19:06 2024
printer USBRK_HT_LBL_GRAINGER_UAT is idle.  enabled since Mon Mar 18 22:18:44 2024
printer USBRK_HT_LBL_OUT01_UAT is idle.  enabled since Mon Mar 18 22:18:27 2024
printer USBRK_HT_LSR_05 is idle.  enabled since Thu Sep 28 00:58:38 2023
printer USBRK_HT_LSR_06 is idle.  enabled since Tue Apr 23 17:40:52 2024
printer USBRK_HT_LSR_07 is idle.  enabled since Tue Sep 19 16:24:59 2023
printer USBRK_HT_LSR_CART1_UAT is idle.  enabled since Fri May 10 13:07:24 2024
printer USBRK_HT_LSR_CART3_UAT is idle.  enabled since Mon Mar 18 22:19:02 2024
printer USBRK_HT_LSR_INB01 is idle.  enabled since Wed Nov 22 18:06:03 2023
printer USBRK_HT_LSR_INB02 is idle.  enabled since Tue Apr  9 14:31:10 2024
printer USBRK_HT_LSR_INB03 is idle.  enabled since Tue Aug  1 16:04:17 2023
printer USBRK_HT_LSR_INB04 is idle.  enabled since Wed Jul 19 14:43:07 2023
printer USBRK_HT_LSR_OUT01_UAT is idle.  enabled since Mon Mar 18 22:18:31 2024
printer USBRK_HT_LSR_OUT02_UAT is idle.  enabled since Mon Mar 18 22:18:40 2024
printer USRBK_HT_LBL_02 is idle.  enabled since Tue Apr  2 18:46:52 2024
printer USRBK_HT_LBL_03 is idle.  enabled since Wed Aug  9 15:08:34 2023
printer USRBK_HT_LBL_04 is idle.  enabled since Thu Mar 21 12:29:44 2024
printer USRBK_HT_LBL_05 is idle.  enabled since Thu Aug  3 15:02:01 2023
printer USRBK_HT_LBL_CART2_UAT is idle.  enabled since Mon Mar 18 22:18:58 2024
printer USRBK_HT_LBL_OUT02_UAT is idle.  enabled since Thu Apr  4 13:17:34 2024
printer WOSA3_SHIP01_LBL_UAT is idle.  enabled since Thu Apr 25 06:03:55 2024
printer WOSA3_SHIP01_LSR_UAT is idle.  enabled since Fri Apr 12 03:12:15 2024
printer XDCKADM_LSR_UAT is idle.  enabled since Tue Apr  2 06:15:10 2024
printer XDCKNBD_LBL_UAT is idle.  enabled since Mon Mar 25 10:48:39 2024
printer XDCKNBD_LSR_UAT is idle.  enabled since Mon Mar 25 10:48:43 2024
-------------------------------------
CUPS Service (Port 631): NOT REACHABLE on 172.29.60.119
-------------------------------------

Total number of Java process running on this host 172.29.60.119 is 32
Total number of Daemon / Batch (java) application process available is 30

Daemon Process id and name details are given below
Process ID: 2896, Process Name: 0:01
Process ID: 3096, Process Name: 0:01
Process ID: 3250, Process Name: 0:01
Process ID: 4237, Process Name: 0:01
Process ID: 3899, Process Name: 0:01
Process ID: 3427, Process Name: 0:01
Process ID: 3557, Process Name: 0:01
Process ID: 3747, Process Name: 0:01
Process ID: 4081, Process Name: 0:01
Process ID: 4385, Process Name: 0:01
Process ID: 2894, Process Name: 0:01
Process ID: 3133, Process Name: 0:01
Process ID: 3289, Process Name: 0:01
Process ID: 4201, Process Name: 0:01
Process ID: 3900, Process Name: 0:01
Process ID: 3437, Process Name: 0:01
Process ID: 3593, Process Name: 0:01
Process ID: 3746, Process Name: 0:01
Process ID: 4043, Process Name: 0:01
Process ID: 4326, Process Name: 0:01
Process ID: 2895, Process Name: 0:01
Process ID: 3111, Process Name: 0:01
Process ID: 3265, Process Name: 0:01
Process ID: 4235, Process Name: 0:01
Process ID: 3913, Process Name: 0:01
Process ID: 3453, Process Name: 0:01
Process ID: 3608, Process Name: 0:01
Process ID: 3775, Process Name: 0:01
Process ID: 4055, Process Name: 0:01
Process ID: 4348, Process Name: 0:01
-------------------------------------

-------------------------------------
Total number of App process running on this host 172.29.60.119
Total number of App java process available is 0
-------------------------------------
No Standalone application processes running
-------------------------------------

Web Application Port Validation for Server IP: 172.29.60.119
-------------------------------------

==============================================================================
Server Availability Check Completed at Sat Oct 11 05:52:28 UTC 2025
==============================================================================


2025-10-11 01:52:30,845 - 28119 - ERROR - app_validation.sh errors for i-0a0d76f998eafb87b:

2025-10-11 01:52:30,847 - 28119 - INFO - After patching validation saved to: output/validation-2025-10-11/172.29.60.119-AfterPatching-2025-10-11-01-52-30-846.log
2025-10-11 01:52:30,884 - 28119 - INFO - Validation comparison report generated: output/validation-2025-10-11/172.29.60.119-Validation-details-2025-10-11-01-52-30-846.log
2025-10-11 01:52:30,964 - 28119 - INFO - Email sent successfully to ['adityak@softeon.com', 'ITSupport@softeon.com']
2025-10-11 01:52:30,964 - 28119 - INFO - HTML validation report email sent for i-0a0d76f998eafb87b
2025-10-11 01:52:31,084 - 28119 - INFO - Started i-0a0d76f998eafb87b in 0:01:16.237643
2025-10-11 01:52:31,084 - 28119 - INFO - All instances processed.
2025-10-11 01:52:31,086 - 28119 - INFO - Restart Total time: 0:04:55.905494
2025-10-11 01:52:31,087 - 28119 - INFO - Auto-confirmed services are restarted
2025-10-11 01:52:31,087 - 28119 - INFO - Confirmed - services are started
2025-10-11 01:52:31,253 - 28119 - INFO - The following instances have failed the patch: []
2025-10-11 01:52:31,254 - 28119 - INFO - No instances have failed the patch.
2025-10-11 01:52:31,254 - 28119 - INFO - Total Patch Process time: 0:12:28.781059
2025-10-11 01:52:31,465 - 28119 - INFO - Email sent successfully to ['adityak@softeon.com', 'a80af5b5.softeon.com@in.teams.ms', 'ITSupport@softeon.com']
2025-10-11 01:53:31,672 - 28119 - INFO - Log file ./logs/patching_2025-10-11_PostSales-UAT-Batch.log uploaded to s3://q4-2025-aws-security-patching/PostSales-UAT-Batch_Patch/2025-10-11/patching_2025-10-11_PostSales-UAT-Batch.log
