2025-12-14 02:00:02,231 - 14690 - INFO - Logger setup has been removed, using shared logger from common.logs.logger.
2025-12-14 02:00:02,232 - 14690 - INFO - Script Start Time: 2025-12-14 02:00:02
2025-12-14 02:00:02,834 - 14690 - INFO - Instance(s) selected for Patching: {'i-0bf90bcb7731a380a': '172.30.101.48', 'i-0d00d3ad8f4797d1f': '172.30.101.29'}
2025-12-14 02:00:02,947 - 14690 - INFO - Email sent successfully to ['a80af5b5.softeon.com@in.teams.ms', 'CloudOps@softeon.com']
2025-12-14 02:00:02,947 - 14690 - INFO - Now patching instances at: 2025-12-14 02:00:02
2025-12-14 02:00:03,165 - 14690 - INFO - Sending patch command to instance i-0d00d3ad8f4797d1f
2025-12-14 02:00:03,414 - 14690 - INFO - Command sent successfully to instance i-0d00d3ad8f4797d1f. Command ID: 4212dab0-2ef5-43d4-b463-85b137942da4
2025-12-14 02:00:03,773 - 14690 - INFO - Sending patch command to instance i-0bf90bcb7731a380a
2025-12-14 02:00:03,929 - 14690 - INFO - Command sent successfully to instance i-0bf90bcb7731a380a. Command ID: 08598b49-ec26-4a38-ae8c-75b4fcef8454
2025-12-14 02:08:37,256 - 14690 - INFO - All patches applied successfully.
2025-12-14 02:08:37,256 - 14690 - INFO - Patching end time: 2025-12-14 02:08:37
2025-12-14 02:08:37,256 - 14690 - INFO - Patch Elapsed time: 0:08:34.308997
2025-12-14 02:08:37,327 - 14690 - INFO - Email sent successfully to ['a80af5b5.softeon.com@in.teams.ms', 'CloudOps@softeon.com']
2025-12-14 02:08:37,327 - 14690 - INFO - Confirmed - services are stopped
2025-12-14 02:08:45,338 - 14690 - INFO - Discovered TG map: {'i-0bf90bcb7731a380a': ['arn:aws:elasticloadbalancing:us-east-2:835314132208:targetgroup/Sears-Doms/954ad028f135e2e7', 'arn:aws:elasticloadbalancing:us-east-2:835314132208:targetgroup/Sears-Prod-AIMDOM/a5997fd7d1fe40e0', 'arn:aws:elasticloadbalancing:us-east-2:835314132208:targetgroup/Sears-Prod-AIMSSO/e536d2e6c13f7c7e', 'arn:aws:elasticloadbalancing:us-east-2:835314132208:targetgroup/Sears-Prod-AIMWMSIH/c47e924d370b537a', 'arn:aws:elasticloadbalancing:us-east-2:835314132208:targetgroup/Sears-Prod-AIMWMSRF/7ce67987985736af', 'arn:aws:elasticloadbalancing:us-east-2:835314132208:targetgroup/Sears-Prod-AIMWS/08216ccfbee61013'], 'i-0d00d3ad8f4797d1f': ['arn:aws:elasticloadbalancing:us-east-2:835314132208:targetgroup/Sears-Doms/954ad028f135e2e7', 'arn:aws:elasticloadbalancing:us-east-2:835314132208:targetgroup/Sears-Prod-AIMWS/08216ccfbee61013']}
2025-12-14 02:08:45,610 - 14690 - INFO - Sent app_validation.sh to i-0d00d3ad8f4797d1f (command_id: effdedfe-b1b8-430c-b9db-28810f73b3db)
2025-12-14 02:09:15,693 - 14690 - INFO - app_validation.sh output for i-0d00d3ad8f4797d1f:

==============================================================================
Server Availability Check Started at Sun Dec 14 02:08:45 EST 2025
==============================================================================

-------------------------------------
Server IP : 172.30.101.29
-------------------------------------
System Information
------------------
Hostname: ip-172-30-101-29.us-east-2.compute.internal
Uptime: up 18 weeks, 6 days, 21 hours, 54 minutes
Current User: root
Working Directory: /usr/bin
-------------------------------------
Voice Console URL: http://172.30.101.29:9090/VoiceConsole
-------------------------------------

-------------------------------------
Server IP : 172.30.101.29
-------------------------------------
Physical Memory Information
---------------------------
Total Physical Memory = 15611 MB
Used Physical Memory  = 782 MB
Free Physical Memory  = 14829 MB
-------------------------------------
Swap Memory Information
-----------------------
Total Swap Memory = 10239 MB
Used Swap Memory  = 0 MB
Free Swap Memory  = 10239 MB
-------------------------------------
Load Average: 0.56 2.00 1.63 1/252 192529
-------------------------------------

Disk Usage Information
----------------------
Filesystem                                 Size  Used Avail Use% Mounted on
/dev/nvme0n1p1                              20G  5.7G   15G  29% /
/dev/nvme0n1p128                            10M  1.3M  8.7M  13% /boot/efi
/dev/nvme1n1p2                             290G   22G  269G   8% /data
fs-6051ea18.efs.us-east-2.amazonaws.com:/  8.0E  995G  8.0E   1% /data2
devtmpfs                                   4.0M     0  4.0M   0% /dev
tmpfs                                      7.7G     0  7.7G   0% /dev/shm
tmpfs                                      3.1G  656K  3.1G   1% /run
tmpfs                                      7.7G     0  7.7G   0% /tmp
-------------------------------------

Application Port Validation for Server IP: 172.30.101.29 started on Sun Dec 14 02:08:45 EST 2025

Server IP: 172.30.101.29 is reachable.

SSH Service (Port 22) Status:
SSH Service (Port 22): NOT REACHABLE
-------------------------------------

FTP Service Validation for Server IP: 172.30.101.29

FTP Service (Port 21): NOT REACHABLE
No FTP processes detected
-------------------------------------

CUPS Service Validation for Server IP: 172.30.101.29

CUPS Service (Port 631): NOT REACHABLE

Printer Configuration:
Total Printers Configured: 0
-------------------------------------
CUPS Service (Port 631): NOT REACHABLE on 172.30.101.29
-------------------------------------

Total number of Java process running on this host 172.30.101.29 is 0
Total number of Daemon / Batch (java) application process available is 0

No Java daemon processes running
-------------------------------------

-------------------------------------
Total number of App process running on this host 172.30.101.29
Total number of App java process available is 0
-------------------------------------
No Standalone application processes running
-------------------------------------

Web Application Port Validation for Server IP: 172.30.101.29
-------------------------------------

==============================================================================
Server Availability Check Completed at Sun Dec 14 02:08:46 EST 2025
==============================================================================


2025-12-14 02:09:15,693 - 14690 - ERROR - app_validation.sh errors for i-0d00d3ad8f4797d1f:

2025-12-14 02:09:15,695 - 14690 - INFO - Before patching validation saved to: output/validation-2025-12-14/172.30.101.29-BeforePatching-2025-12-14-02-09-15-695.log
2025-12-14 02:09:15,696 - 14690 - INFO - Deregistering i-0d00d3ad8f4797d1f from TG arn:aws:elasticloadbalancing:us-east-2:835314132208:targetgroup/Sears-Doms/954ad028f135e2e7
2025-12-14 02:09:15,813 - 14690 - INFO - Deregistering i-0d00d3ad8f4797d1f from TG arn:aws:elasticloadbalancing:us-east-2:835314132208:targetgroup/Sears-Prod-AIMWS/08216ccfbee61013
2025-12-14 02:09:15,869 - 14690 - INFO - Stopping EC2 instance: i-0d00d3ad8f4797d1f at 2025-12-14 02:09:15
2025-12-14 02:11:17,502 - 14690 - INFO - Instance i-0d00d3ad8f4797d1f stopped successfully.
2025-12-14 02:11:17,726 - 14690 - INFO - Stopped i-0d00d3ad8f4797d1f in 0:02:01.857011
2025-12-14 02:11:17,727 - 14690 - INFO - Starting EC2 instance: i-0d00d3ad8f4797d1f
2025-12-14 02:11:33,635 - 14690 - INFO - Instance i-0d00d3ad8f4797d1f started successfully.
2025-12-14 02:11:33,635 - 14690 - INFO - Waiting 30 seconds for SSM agent to be ready on i-0d00d3ad8f4797d1f...
2025-12-14 02:12:03,655 - 14690 - INFO - Registering i-0d00d3ad8f4797d1f to TG arn:aws:elasticloadbalancing:us-east-2:835314132208:targetgroup/Sears-Doms/954ad028f135e2e7
2025-12-14 02:12:03,917 - 14690 - INFO - Registering i-0d00d3ad8f4797d1f to TG arn:aws:elasticloadbalancing:us-east-2:835314132208:targetgroup/Sears-Prod-AIMWS/08216ccfbee61013
2025-12-14 02:13:34,686 - 14690 - INFO - Sent app_validation.sh to i-0d00d3ad8f4797d1f (command_id: 45c54238-da14-472b-940c-0675daed1cf9)
2025-12-14 02:14:04,823 - 14690 - INFO - app_validation.sh output for i-0d00d3ad8f4797d1f:

==============================================================================
Server Availability Check Started at Sun Dec 14 02:13:34 EST 2025
==============================================================================

-------------------------------------
Server IP : 172.30.101.29
-------------------------------------
System Information
------------------
Hostname: ip-172-30-101-29.us-east-2.compute.internal
Uptime: up 2 minutes
Current User: root
Working Directory: /usr/bin
-------------------------------------
Voice Console URL: http://172.30.101.29:9090/VoiceConsole
-------------------------------------

-------------------------------------
Server IP : 172.30.101.29
-------------------------------------
Physical Memory Information
---------------------------
Total Physical Memory = 15623 MB
Used Physical Memory  = 6973 MB
Free Physical Memory  = 8650 MB
-------------------------------------
Swap Memory Information
-----------------------
Total Swap Memory = 10239 MB
Used Swap Memory  = 0 MB
Free Swap Memory  = 10239 MB
-------------------------------------
Load Average: 3.64 2.52 1.01 3/582 4484
-------------------------------------

Disk Usage Information
----------------------
Filesystem                                 Size  Used Avail Use% Mounted on
/dev/nvme0n1p1                              20G  5.5G   15G  28% /
/dev/nvme0n1p128                            10M  1.3M  8.7M  13% /boot/efi
/dev/nvme1n1p2                             290G   21G  270G   7% /data
fs-6051ea18.efs.us-east-2.amazonaws.com:/  8.0E  995G  8.0E   1% /data2
devtmpfs                                   4.0M     0  4.0M   0% /dev
tmpfs                                      7.7G     0  7.7G   0% /dev/shm
tmpfs                                      3.1G  700K  3.1G   1% /run
tmpfs                                      1.6G     0  1.6G   0% /run/user/2001
tmpfs                                      7.7G   51M  7.6G   1% /tmp
-------------------------------------

Application Port Validation for Server IP: 172.30.101.29 started on Sun Dec 14 02:13:35 EST 2025

Server IP: 172.30.101.29 is reachable.

SSH Service (Port 22) Status:
SSH Service (Port 22): NOT REACHABLE
-------------------------------------

FTP Service Validation for Server IP: 172.30.101.29

FTP Service (Port 21): NOT REACHABLE
No FTP processes detected
-------------------------------------

CUPS Service Validation for Server IP: 172.30.101.29

CUPS Service (Port 631): NOT REACHABLE

Printer Configuration:
Total Printers Configured: 0
-------------------------------------
CUPS Service (Port 631): NOT REACHABLE on 172.30.101.29
-------------------------------------

Total number of Java process running on this host 172.30.101.29 is 5
Total number of Daemon / Batch (java) application process available is 0

No Java daemon processes running
-------------------------------------

-------------------------------------
Total number of App process running on this host 172.30.101.29
Total number of App java process available is 5
-------------------------------------
App Process details:
Process ID: 2943, Process Name: 0:21
Process ID: 3132, Process Name: 0:17
Process ID: 3324, Process Name: 0:32
Process ID: 3497, Process Name: 0:26
Process ID: 3687, Process Name: 0:19
-------------------------------------

Web Application Port Validation for Server IP: 172.30.101.29
Port 8080:	aimsso_jb62	Running
Port 8081:	aimwms_jb62	Running
Port 8082:	aimwmsrf_jb62	Running
Port 8083:	aimdom_jb62	Running
Port 8084:	aimdom_jb62	Not Running
-------------------------------------

==============================================================================
Server Availability Check Completed at Sun Dec 14 02:13:36 EST 2025
==============================================================================


2025-12-14 02:14:04,824 - 14690 - ERROR - app_validation.sh errors for i-0d00d3ad8f4797d1f:

2025-12-14 02:14:04,826 - 14690 - INFO - After patching validation saved to: output/validation-2025-12-14/172.30.101.29-AfterPatching-2025-12-14-02-14-04-825.log
2025-12-14 02:14:04,868 - 14690 - INFO - Validation comparison report generated: output/validation-2025-12-14/172.30.101.29-Validation-details-2025-12-14-02-14-04-825.log
2025-12-14 02:14:04,947 - 14690 - INFO - Email sent successfully to ['CloudOps@softeon.com']
2025-12-14 02:14:04,947 - 14690 - INFO - HTML validation report email sent for i-0d00d3ad8f4797d1f
2025-12-14 02:14:05,197 - 14690 - INFO - Started i-0d00d3ad8f4797d1f in 0:02:47.470574
2025-12-14 02:14:05,198 - 14690 - INFO - Waiting 120 seconds before proceeding to the next instance...
2025-12-14 02:16:05,460 - 14690 - INFO - Sent app_validation.sh to i-0bf90bcb7731a380a (command_id: 579702df-17ce-490b-8333-88b536655773)
2025-12-14 02:16:35,544 - 14690 - INFO - app_validation.sh output for i-0bf90bcb7731a380a:

==============================================================================
Server Availability Check Started at Sun Dec 14 02:16:05 EST 2025
==============================================================================

-------------------------------------
Server IP : 172.30.101.48
-------------------------------------
System Information
------------------
Hostname: ip-172-30-101-48.us-east-2.compute.internal
Uptime: up 18 weeks, 6 days, 21 hours, 53 minutes
Current User: root
Working Directory: /usr/bin
-------------------------------------
Voice Console URL: http://172.30.101.48:9090/VoiceConsole
-------------------------------------

-------------------------------------
Server IP : 172.30.101.48
-------------------------------------
Physical Memory Information
---------------------------
Total Physical Memory = 15611 MB
Used Physical Memory  = 810 MB
Free Physical Memory  = 14801 MB
-------------------------------------
Swap Memory Information
-----------------------
Total Swap Memory = 10239 MB
Used Swap Memory  = 2 MB
Free Swap Memory  = 10237 MB
-------------------------------------
Load Average: 0.00 0.30 0.65 6/248 3207917
-------------------------------------

Disk Usage Information
----------------------
Filesystem                                 Size  Used Avail Use% Mounted on
/dev/nvme0n1p1                              20G  5.6G   15G  29% /
/dev/nvme0n1p128                            10M  1.3M  8.7M  13% /boot/efi
/dev/nvme1n1p2                             290G   33G  258G  12% /data
fs-6051ea18.efs.us-east-2.amazonaws.com:/  8.0E  995G  8.0E   1% /data2
devtmpfs                                   4.0M     0  4.0M   0% /dev
tmpfs                                      7.7G     0  7.7G   0% /dev/shm
tmpfs                                      3.1G  676K  3.1G   1% /run
tmpfs                                      1.6G     0  1.6G   0% /run/user/2001
tmpfs                                      7.7G     0  7.7G   0% /tmp
-------------------------------------

Application Port Validation for Server IP: 172.30.101.48 started on Sun Dec 14 02:16:05 EST 2025

Server IP: 172.30.101.48 is reachable.

SSH Service (Port 22) Status:
SSH Service (Port 22): NOT REACHABLE
-------------------------------------

FTP Service Validation for Server IP: 172.30.101.48

FTP Service (Port 21): NOT REACHABLE
No FTP processes detected
-------------------------------------

CUPS Service Validation for Server IP: 172.30.101.48

CUPS Service (Port 631): NOT REACHABLE

Printer Configuration:
Total Printers Configured: 0
-------------------------------------
CUPS Service (Port 631): NOT REACHABLE on 172.30.101.48
-------------------------------------

Total number of Java process running on this host 172.30.101.48 is 0
Total number of Daemon / Batch (java) application process available is 0

No Java daemon processes running
-------------------------------------

-------------------------------------
Total number of App process running on this host 172.30.101.48
Total number of App java process available is 0
-------------------------------------
No Standalone application processes running
-------------------------------------

Web Application Port Validation for Server IP: 172.30.101.48
-------------------------------------

==============================================================================
Server Availability Check Completed at Sun Dec 14 02:16:06 EST 2025
==============================================================================


2025-12-14 02:16:35,544 - 14690 - ERROR - app_validation.sh errors for i-0bf90bcb7731a380a:

2025-12-14 02:16:35,546 - 14690 - INFO - Before patching validation saved to: output/validation-2025-12-14/172.30.101.48-BeforePatching-2025-12-14-02-16-35-545.log
2025-12-14 02:16:35,546 - 14690 - INFO - Deregistering i-0bf90bcb7731a380a from TG arn:aws:elasticloadbalancing:us-east-2:835314132208:targetgroup/Sears-Doms/954ad028f135e2e7
2025-12-14 02:16:35,674 - 14690 - INFO - Deregistering i-0bf90bcb7731a380a from TG arn:aws:elasticloadbalancing:us-east-2:835314132208:targetgroup/Sears-Prod-AIMDOM/a5997fd7d1fe40e0
2025-12-14 02:16:35,734 - 14690 - INFO - Deregistering i-0bf90bcb7731a380a from TG arn:aws:elasticloadbalancing:us-east-2:835314132208:targetgroup/Sears-Prod-AIMSSO/e536d2e6c13f7c7e
2025-12-14 02:16:35,790 - 14690 - INFO - Deregistering i-0bf90bcb7731a380a from TG arn:aws:elasticloadbalancing:us-east-2:835314132208:targetgroup/Sears-Prod-AIMWMSIH/c47e924d370b537a
2025-12-14 02:16:35,852 - 14690 - INFO - Deregistering i-0bf90bcb7731a380a from TG arn:aws:elasticloadbalancing:us-east-2:835314132208:targetgroup/Sears-Prod-AIMWMSRF/7ce67987985736af
2025-12-14 02:16:35,910 - 14690 - INFO - Deregistering i-0bf90bcb7731a380a from TG arn:aws:elasticloadbalancing:us-east-2:835314132208:targetgroup/Sears-Prod-AIMWS/08216ccfbee61013
2025-12-14 02:16:35,969 - 14690 - INFO - Stopping EC2 instance: i-0bf90bcb7731a380a at 2025-12-14 02:16:35
2025-12-14 02:18:37,566 - 14690 - INFO - Instance i-0bf90bcb7731a380a stopped successfully.
2025-12-14 02:18:37,804 - 14690 - INFO - Stopped i-0bf90bcb7731a380a in 0:02:01.834749
2025-12-14 02:18:37,805 - 14690 - INFO - Starting EC2 instance: i-0bf90bcb7731a380a
2025-12-14 02:18:53,992 - 14690 - INFO - Instance i-0bf90bcb7731a380a started successfully.
2025-12-14 02:18:53,992 - 14690 - INFO - Waiting 30 seconds for SSM agent to be ready on i-0bf90bcb7731a380a...
2025-12-14 02:19:24,011 - 14690 - INFO - Registering i-0bf90bcb7731a380a to TG arn:aws:elasticloadbalancing:us-east-2:835314132208:targetgroup/Sears-Doms/954ad028f135e2e7
2025-12-14 02:19:24,223 - 14690 - INFO - Registering i-0bf90bcb7731a380a to TG arn:aws:elasticloadbalancing:us-east-2:835314132208:targetgroup/Sears-Prod-AIMDOM/a5997fd7d1fe40e0
2025-12-14 02:19:24,372 - 14690 - INFO - Registering i-0bf90bcb7731a380a to TG arn:aws:elasticloadbalancing:us-east-2:835314132208:targetgroup/Sears-Prod-AIMSSO/e536d2e6c13f7c7e
2025-12-14 02:19:24,518 - 14690 - INFO - Registering i-0bf90bcb7731a380a to TG arn:aws:elasticloadbalancing:us-east-2:835314132208:targetgroup/Sears-Prod-AIMWMSIH/c47e924d370b537a
2025-12-14 02:19:24,664 - 14690 - INFO - Registering i-0bf90bcb7731a380a to TG arn:aws:elasticloadbalancing:us-east-2:835314132208:targetgroup/Sears-Prod-AIMWMSRF/7ce67987985736af
2025-12-14 02:19:24,816 - 14690 - INFO - Registering i-0bf90bcb7731a380a to TG arn:aws:elasticloadbalancing:us-east-2:835314132208:targetgroup/Sears-Prod-AIMWS/08216ccfbee61013
2025-12-14 02:20:55,654 - 14690 - INFO - Sent app_validation.sh to i-0bf90bcb7731a380a (command_id: 7be0c4a1-8ccb-4e45-897d-271eebe18991)
2025-12-14 02:21:25,759 - 14690 - INFO - app_validation.sh output for i-0bf90bcb7731a380a:

==============================================================================
Server Availability Check Started at Sun Dec 14 02:20:55 EST 2025
==============================================================================

-------------------------------------
Server IP : 172.30.101.48
-------------------------------------
System Information
------------------
Hostname: ip-172-30-101-48.us-east-2.compute.internal
Uptime: up 2 minutes
Current User: root
Working Directory: /usr/bin
-------------------------------------
Voice Console URL: http://172.30.101.48:9090/VoiceConsole
-------------------------------------

-------------------------------------
Server IP : 172.30.101.48
-------------------------------------
Physical Memory Information
---------------------------
Total Physical Memory = 15623 MB
Used Physical Memory  = 6591 MB
Free Physical Memory  = 9032 MB
-------------------------------------
Swap Memory Information
-----------------------
Total Swap Memory = 10239 MB
Used Swap Memory  = 0 MB
Free Swap Memory  = 10239 MB
-------------------------------------
Load Average: 4.77 2.98 1.18 4/522 4743
-------------------------------------

Disk Usage Information
----------------------
Filesystem                                 Size  Used Avail Use% Mounted on
/dev/nvme0n1p1                              20G  5.4G   15G  27% /
/dev/nvme0n1p128                            10M  1.3M  8.7M  13% /boot/efi
/dev/nvme1n1p2                             290G   32G  259G  11% /data
fs-6051ea18.efs.us-east-2.amazonaws.com:/  8.0E  995G  8.0E   1% /data2
devtmpfs                                   4.0M     0  4.0M   0% /dev
tmpfs                                      7.7G     0  7.7G   0% /dev/shm
tmpfs                                      3.1G  700K  3.1G   1% /run
tmpfs                                      1.6G     0  1.6G   0% /run/user/2001
tmpfs                                      7.7G   41M  7.6G   1% /tmp
-------------------------------------

Application Port Validation for Server IP: 172.30.101.48 started on Sun Dec 14 02:20:56 EST 2025

Server IP: 172.30.101.48 is reachable.

SSH Service (Port 22) Status:
SSH Service (Port 22): NOT REACHABLE
-------------------------------------

FTP Service Validation for Server IP: 172.30.101.48

FTP Service (Port 21): NOT REACHABLE
No FTP processes detected
-------------------------------------

CUPS Service Validation for Server IP: 172.30.101.48

CUPS Service (Port 631): NOT REACHABLE

Printer Configuration:
Total Printers Configured: 0
-------------------------------------
CUPS Service (Port 631): NOT REACHABLE on 172.30.101.48
-------------------------------------

Total number of Java process running on this host 172.30.101.48 is 4
Total number of Daemon / Batch (java) application process available is 0

No Java daemon processes running
-------------------------------------

-------------------------------------
Total number of App process running on this host 172.30.101.48
Total number of App java process available is 4
-------------------------------------
App Process details:
Process ID: 3109, Process Name: 0:20
Process ID: 3321, Process Name: 1:26
Process ID: 3495, Process Name: 0:27
Process ID: 3650, Process Name: 0:19
-------------------------------------

Web Application Port Validation for Server IP: 172.30.101.48
Port 8081:	aimwms_jb62	Running
Port 8082:	aimwmsrf_jb62	Running
Port 8083:	aimdom_jb62	Running
Port 8084:	aimdom_jb62	Not Running
-------------------------------------

==============================================================================
Server Availability Check Completed at Sun Dec 14 02:20:58 EST 2025
==============================================================================


2025-12-14 02:21:25,759 - 14690 - ERROR - app_validation.sh errors for i-0bf90bcb7731a380a:

2025-12-14 02:21:25,761 - 14690 - INFO - After patching validation saved to: output/validation-2025-12-14/172.30.101.48-AfterPatching-2025-12-14-02-21-25-761.log
2025-12-14 02:21:25,799 - 14690 - INFO - Validation comparison report generated: output/validation-2025-12-14/172.30.101.48-Validation-details-2025-12-14-02-21-25-761.log
2025-12-14 02:21:25,886 - 14690 - INFO - Email sent successfully to ['CloudOps@softeon.com']
2025-12-14 02:21:25,887 - 14690 - INFO - HTML validation report email sent for i-0bf90bcb7731a380a
2025-12-14 02:21:26,119 - 14690 - INFO - Started i-0bf90bcb7731a380a in 0:02:48.313769
2025-12-14 02:21:26,120 - 14690 - INFO - All instances processed.
2025-12-14 02:21:26,123 - 14690 - INFO - Restart Total time: 0:12:48.672865
2025-12-14 02:21:26,124 - 14690 - INFO - Auto-confirmed services are restarted
2025-12-14 02:21:26,124 - 14690 - INFO - Confirmed - services are started
2025-12-14 02:21:26,231 - 14690 - INFO - The following instances have failed the patch: []
2025-12-14 02:21:26,232 - 14690 - INFO - No instances have failed the patch.
2025-12-14 02:21:26,232 - 14690 - INFO - Total Patch Process time: 0:21:23.999527
2025-12-14 02:21:26,524 - 14690 - INFO - Email sent successfully to ['a80af5b5.softeon.com@in.teams.ms', 'CloudOps@softeon.com']
2025-12-14 02:22:26,697 - 14690 - INFO - Log file ./logs/patching_2025-12-14_Sears-Prod-App.log uploaded to s3://q4-2025-aws-security-patching/Sears-Prod-App_Patch/2025-12-14/patching_2025-12-14_Sears-Prod-App.log
