2025-12-27 00:00:03,286 - 13705 - INFO - Email sent successfully to ['CloudOps@softeon.com']
2025-12-27 00:13:19,099 - 13705 - INFO - Email sent successfully to ['MahimaM@softeon.com']
2025-12-27 00:13:19,205 - 13705 - INFO - Log file ./logs/backup_2025-12-27.log uploaded to s3://q3-2025-aws-security-patching/PTS-node1_Patch_Backup/2025-12-27/backup_2025-12-27.log
2025-12-27 04:00:02,648 - 26624 - INFO - Logger setup has been removed, using shared logger from common.logs.logger.
2025-12-27 04:00:02,649 - 26624 - INFO - Script Start Time: 2025-12-27 04:00:02
2025-12-27 04:00:03,031 - 26624 - INFO - Instance(s) selected for Patching: {'i-0977a2a8c911b5f45': '172.31.10.209'}
2025-12-27 04:00:03,168 - 26624 - INFO - Email sent successfully to ['a80af5b5.softeon.com@in.teams.ms', 'CloudOps@softeon.com']
2025-12-27 04:00:03,169 - 26624 - INFO - Now patching instances at: 2025-12-27 04:00:03
2025-12-27 04:00:03,266 - 26624 - INFO - Sending patch command to instance i-0977a2a8c911b5f45
2025-12-27 04:00:03,446 - 26624 - INFO - Command sent successfully to instance i-0977a2a8c911b5f45. Command ID: c16e2a73-8e76-420f-9e9d-0189e7cff19b
2025-12-27 04:08:05,785 - 26624 - INFO - All patches applied successfully.
2025-12-27 04:08:05,785 - 26624 - INFO - Patching end time: 2025-12-27 04:08:05
2025-12-27 04:08:05,785 - 26624 - INFO - Patch Elapsed time: 0:08:02.616421
2025-12-27 04:08:05,864 - 26624 - INFO - Email sent successfully to ['a80af5b5.softeon.com@in.teams.ms', 'CloudOps@softeon.com']
2025-12-27 04:08:05,864 - 26624 - INFO - Confirmed - services are stopped
2025-12-27 04:08:24,861 - 26624 - INFO - Discovered TG map: {'i-0977a2a8c911b5f45': ['arn:aws:elasticloadbalancing:us-east-1:835314132208:targetgroup/PTS-Production/9ce618f531c2ad67', 'arn:aws:elasticloadbalancing:us-east-1:835314132208:targetgroup/PTS-Stage-Production/b74a2478909f1876', 'arn:aws:elasticloadbalancing:us-east-1:835314132208:targetgroup/PTS-SWP-Stage/d75db038759d2e77']}
2025-12-27 04:08:25,134 - 26624 - INFO - Sent app_validation.sh to i-0977a2a8c911b5f45 (command_id: 0836884b-2c9f-4fa7-8041-36f4cb9b5474)
2025-12-27 04:08:55,220 - 26624 - INFO - app_validation.sh output for i-0977a2a8c911b5f45:

==============================================================================
Server Availability Check Started at Sat Dec 27 04:08:25 EST 2025
==============================================================================

-------------------------------------
Server IP : 172.31.10.209
-------------------------------------
System Information
------------------
Hostname: ip-172-31-10-209
Uptime: up 41 weeks, 4 hours, 18 minutes
Current User: root
Working Directory: /usr/bin
-------------------------------------
Voice Console URL: http://172.31.10.209:9090/VoiceConsole
-------------------------------------

-------------------------------------
Server IP : 172.31.10.209
-------------------------------------
Physical Memory Information
---------------------------
Total Physical Memory = 15611 MB
Used Physical Memory  = 14092 MB
Free Physical Memory  = 1519 MB
-------------------------------------
Swap Memory Information
-----------------------
Total Swap Memory = 10239 MB
Used Swap Memory  = 4037 MB
Free Swap Memory  = 6202 MB
-------------------------------------
Load Average: 0.57 1.32 0.80 1/1082 1320739
-------------------------------------

Disk Usage Information
----------------------
Filesystem                                                Size  Used Avail Use% Mounted on
/dev/nvme0n1p1                                             20G  5.4G   15G  28% /
/dev/nvme0n1p128                                           10M  1.3M  8.7M  13% /boot/efi
/dev/nvme1n1p2                                            190G  121G   70G  64% /data
/dev/nvme2n1p1                                            100G  1.4G   99G   2% /data2
fs-a9caac1d.efs.us-east-1.amazonaws.com:/FILEATTACHMENTS  8.0E  262G  8.0E   1% /data2/softeon/ptsprod/jboss72/FILEATTACHMENTS
devtmpfs                                                  4.0M     0  4.0M   0% /dev
tmpfs                                                     7.7G     0  7.7G   0% /dev/shm
tmpfs                                                     3.1G  764K  3.1G   1% /run
tmpfs                                                     1.6G     0  1.6G   0% /run/user/1000
tmpfs                                                     1.6G     0  1.6G   0% /run/user/1001
tmpfs                                                     7.7G   26M  7.6G   1% /tmp
-------------------------------------

Application Port Validation for Server IP: 172.31.10.209 started on Sat Dec 27 04:08:25 EST 2025

Server IP: 172.31.10.209 is reachable.

SSH Service (Port 22) Status:
SSH Service (Port 22): NOT REACHABLE
-------------------------------------

FTP Service Validation for Server IP: 172.31.10.209

FTP Service (Port 21): NOT REACHABLE
No FTP processes detected
-------------------------------------

CUPS Service Validation for Server IP: 172.31.10.209

CUPS Service (Port 631): NOT REACHABLE

Printer Configuration:
Total Printers Configured: 0
-------------------------------------
CUPS Service (Port 631): NOT REACHABLE on 172.31.10.209
-------------------------------------

Total number of Java process running on this host 172.31.10.209 is 10
Total number of Daemon / Batch (java) application process available is 5

Daemon Process id and name details are given below
Process ID: 1217392, Process Name: 120:08
Process ID: 1079698, Process Name: 32:54
Process ID: 2062946, Process Name: 16:20
Process ID: 2072768, Process Name: 16:30
Process ID: 2086812, Process Name: 16:33
-------------------------------------

-------------------------------------
Total number of App process running on this host 172.31.10.209
Total number of App java process available is 5
-------------------------------------
App Process details:
Process ID: 4572, Process Name: sptsnvsta_jb800
Process ID: 5581, Process Name: ptsadhc_jb730ea
Process ID: 6202, Process Name: 150:34
Process ID: 3403911, Process Name: 41:30
Process ID: 3602848, Process Name: 71:25
-------------------------------------

Web Application Port Validation for Server IP: 172.31.10.209
Port 8081:	ptsdashboard_j	Running
Port 8082:	ptsprod_sta	Running
Port 8083:	ptsadhc_jb730e	Running
Port 8084:	sptsnvsta_jb80	Running
-------------------------------------

==============================================================================
Server Availability Check Completed at Sat Dec 27 04:08:37 EST 2025
==============================================================================


2025-12-27 04:08:55,220 - 26624 - ERROR - app_validation.sh errors for i-0977a2a8c911b5f45:

2025-12-27 04:08:55,224 - 26624 - INFO - Before patching validation saved to: output/validation-2025-12-27/172.31.10.209-BeforePatching-2025-12-27-04-08-55-223.log
2025-12-27 04:08:55,224 - 26624 - INFO - Deregistering i-0977a2a8c911b5f45 from TG arn:aws:elasticloadbalancing:us-east-1:835314132208:targetgroup/PTS-Production/9ce618f531c2ad67
2025-12-27 04:08:55,301 - 26624 - INFO - Deregistering i-0977a2a8c911b5f45 from TG arn:aws:elasticloadbalancing:us-east-1:835314132208:targetgroup/PTS-Stage-Production/b74a2478909f1876
2025-12-27 04:08:55,347 - 26624 - INFO - Deregistering i-0977a2a8c911b5f45 from TG arn:aws:elasticloadbalancing:us-east-1:835314132208:targetgroup/PTS-SWP-Stage/d75db038759d2e77
2025-12-27 04:08:55,395 - 26624 - INFO - Stopping EC2 instance: i-0977a2a8c911b5f45 at 2025-12-27 04:08:55
2025-12-27 04:11:42,294 - 26624 - INFO - Instance i-0977a2a8c911b5f45 stopped successfully.
2025-12-27 04:11:42,425 - 26624 - INFO - Stopped i-0977a2a8c911b5f45 in 0:02:47.029754
2025-12-27 04:11:42,425 - 26624 - INFO - Starting EC2 instance: i-0977a2a8c911b5f45
2025-12-27 04:11:58,516 - 26624 - INFO - Instance i-0977a2a8c911b5f45 started successfully.
2025-12-27 04:11:58,516 - 26624 - INFO - Waiting 30 seconds for SSM agent to be ready on i-0977a2a8c911b5f45...
2025-12-27 04:12:28,527 - 26624 - INFO - Registering i-0977a2a8c911b5f45 to TG arn:aws:elasticloadbalancing:us-east-1:835314132208:targetgroup/PTS-Production/9ce618f531c2ad67
2025-12-27 04:12:28,689 - 26624 - INFO - Registering i-0977a2a8c911b5f45 to TG arn:aws:elasticloadbalancing:us-east-1:835314132208:targetgroup/PTS-Stage-Production/b74a2478909f1876
2025-12-27 04:12:28,826 - 26624 - INFO - Registering i-0977a2a8c911b5f45 to TG arn:aws:elasticloadbalancing:us-east-1:835314132208:targetgroup/PTS-SWP-Stage/d75db038759d2e77
2025-12-27 04:18:29,775 - 26624 - WARNING - i-0977a2a8c911b5f45 not healthy in arn:aws:elasticloadbalancing:us-east-1:835314132208:targetgroup/PTS-Stage-Production/b74a2478909f1876 after timeout.
2025-12-27 04:23:30,487 - 26624 - WARNING - i-0977a2a8c911b5f45 not healthy in arn:aws:elasticloadbalancing:us-east-1:835314132208:targetgroup/PTS-SWP-Stage/d75db038759d2e77 after timeout.
2025-12-27 04:23:30,569 - 26624 - INFO - Email sent successfully to ['CloudOps@softeon.com']
2025-12-27 04:23:30,570 - 26624 - ERROR - Aborting workflow: i-0977a2a8c911b5f45 is not healthy after restart.
2025-12-27 04:23:30,572 - 26624 - INFO - Restart Total time: 0:15:24.593583
2025-12-27 04:23:30,573 - 26624 - INFO - Auto-confirmed services are restarted
2025-12-27 04:23:30,573 - 26624 - INFO - Confirmed - services are started
2025-12-27 04:23:30,702 - 26624 - INFO - The following instances have failed the patch: []
2025-12-27 04:23:30,703 - 26624 - INFO - No instances have failed the patch.
2025-12-27 04:23:30,703 - 26624 - INFO - Total Patch Process time: 0:23:28.053180
2025-12-27 04:23:30,904 - 26624 - INFO - Email sent successfully to ['a80af5b5.softeon.com@in.teams.ms', 'CloudOps@softeon.com']
2025-12-27 04:24:31,130 - 26624 - INFO - Log file ./logs/patching_2025-12-27_PTS-node1.log uploaded to s3://q4-2025-aws-security-patching/PTS-node1_Patch/2025-12-27/patching_2025-12-27_PTS-node1.log
