2025-12-25 01:15:02,818 - 24393 - INFO - Logger setup has been removed, using shared logger from common.logs.logger.
2025-12-25 01:15:02,818 - 24393 - INFO - Script Start Time: 2025-12-25 01:15:02
2025-12-25 01:15:03,030 - 24393 - INFO - Instance(s) selected for Patching: {'i-0b33538fecd9bddda': '172.31.3.110'}
2025-12-25 01:15:03,155 - 24393 - INFO - Email sent successfully to ['a80af5b5.softeon.com@in.teams.ms', 'CloudOps@softeon.com']
2025-12-25 01:15:03,155 - 24393 - INFO - Now patching instances at: 2025-12-25 01:15:03
2025-12-25 01:15:03,205 - 24393 - INFO - Sending patch command to instance i-0b33538fecd9bddda
2025-12-25 01:15:03,358 - 24393 - INFO - Command sent successfully to instance i-0b33538fecd9bddda. Command ID: c4b55a54-5ee8-4e5e-8b68-c814f50bb349
2025-12-25 01:20:34,865 - 24393 - INFO - All patches applied successfully.
2025-12-25 01:20:34,865 - 24393 - INFO - Patching end time: 2025-12-25 01:20:34
2025-12-25 01:20:34,865 - 24393 - INFO - Patch Elapsed time: 0:05:31.709861
2025-12-25 01:20:34,944 - 24393 - INFO - Email sent successfully to ['a80af5b5.softeon.com@in.teams.ms', 'CloudOps@softeon.com']
2025-12-25 01:20:34,944 - 24393 - INFO - Confirmed - services are stopped
2025-12-25 01:20:54,102 - 24393 - INFO - Discovered TG map: {'i-0b33538fecd9bddda': ['arn:aws:elasticloadbalancing:us-east-1:835314132208:targetgroup/s242sandbox/eda9877671f81dfd']}
2025-12-25 01:20:54,384 - 24393 - INFO - Sent app_validation.sh to i-0b33538fecd9bddda (command_id: e490eb98-a5f2-463a-9016-d4b4d922b4b9)
2025-12-25 01:21:24,453 - 24393 - INFO - app_validation.sh output for i-0b33538fecd9bddda:

==============================================================================
Server Availability Check Started at Thu Dec 25 06:20:54 UTC 2025
==============================================================================

-------------------------------------
Server IP : 172.31.3.110
-------------------------------------
System Information
------------------
Hostname: ip-172-31-3-110
Uptime: up 13 weeks, 2 days, 20 hours, 21 minutes
Current User: root
Working Directory: /usr/bin
-------------------------------------
Voice Console URL: http://172.31.3.110:9090/VoiceConsole
-------------------------------------

-------------------------------------
Server IP : 172.31.3.110
-------------------------------------
Physical Memory Information
---------------------------
Total Physical Memory = 15611 MB
Used Physical Memory  = 723 MB
Free Physical Memory  = 14888 MB
-------------------------------------
Swap Memory Information
-----------------------
Total Swap Memory = 10239 MB
Used Swap Memory  = 0 MB
Free Swap Memory  = 10239 MB
-------------------------------------
Load Average: 0.51 0.92 0.47 1/295 1556291
-------------------------------------

Disk Usage Information
----------------------
Filesystem             Size  Used Avail Use% Mounted on
/dev/nvme0n1p1          20G  6.0G   15G  30% /
/dev/nvme0n1p128        10M  1.3M  8.7M  13% /boot/efi
/dev/mapper/vg01-lv02  240G   16G  225G   7% /data
devtmpfs               4.0M     0  4.0M   0% /dev
tmpfs                  7.7G     0  7.7G   0% /dev/shm
tmpfs                  3.1G  8.7M  3.1G   1% /run
tmpfs                  7.7G     0  7.7G   0% /tmp
-------------------------------------

Application Port Validation for Server IP: 172.31.3.110 started on Thu Dec 25 06:20:54 UTC 2025

Server IP: 172.31.3.110 is reachable.

SSH Service (Port 22) Status:
SSH Service (Port 22): NOT REACHABLE
-------------------------------------

FTP Service Validation for Server IP: 172.31.3.110

FTP Service (Port 21): NOT REACHABLE
No FTP processes detected
-------------------------------------

CUPS Service Validation for Server IP: 172.31.3.110

CUPS Service (Port 631): NOT REACHABLE

Printer Configuration:
Total Printers Configured: 0
-------------------------------------
CUPS Service (Port 631): NOT REACHABLE on 172.31.3.110
-------------------------------------

Total number of Java process running on this host 172.31.3.110 is 0
Total number of Daemon / Batch (java) application process available is 0

No Java daemon processes running
-------------------------------------

-------------------------------------
Total number of App process running on this host 172.31.3.110
Total number of App java process available is 0
-------------------------------------
No Standalone application processes running
-------------------------------------

Web Application Port Validation for Server IP: 172.31.3.110
-------------------------------------

==============================================================================
Server Availability Check Completed at Thu Dec 25 06:20:55 UTC 2025
==============================================================================


2025-12-25 01:21:24,453 - 24393 - ERROR - app_validation.sh errors for i-0b33538fecd9bddda:

2025-12-25 01:21:24,455 - 24393 - INFO - Before patching validation saved to: output/validation-2025-12-25/172.31.3.110-BeforePatching-2025-12-25-01-21-24-454.log
2025-12-25 01:21:24,455 - 24393 - INFO - Deregistering i-0b33538fecd9bddda from TG arn:aws:elasticloadbalancing:us-east-1:835314132208:targetgroup/s242sandbox/eda9877671f81dfd
2025-12-25 01:21:24,533 - 24393 - INFO - Stopping EC2 instance: i-0b33538fecd9bddda at 2025-12-25 01:21:24
2025-12-25 01:22:40,856 - 24393 - INFO - Instance i-0b33538fecd9bddda stopped successfully.
2025-12-25 01:22:40,981 - 24393 - INFO - Stopped i-0b33538fecd9bddda in 0:01:16.447803
2025-12-25 01:22:40,981 - 24393 - INFO - Starting EC2 instance: i-0b33538fecd9bddda
2025-12-25 01:22:56,816 - 24393 - INFO - Instance i-0b33538fecd9bddda started successfully.
2025-12-25 01:22:56,816 - 24393 - INFO - Waiting 30 seconds for SSM agent to be ready on i-0b33538fecd9bddda...
2025-12-25 01:23:26,838 - 24393 - INFO - Registering i-0b33538fecd9bddda to TG arn:aws:elasticloadbalancing:us-east-1:835314132208:targetgroup/s242sandbox/eda9877671f81dfd
2025-12-25 01:28:27,591 - 24393 - WARNING - i-0b33538fecd9bddda not healthy in arn:aws:elasticloadbalancing:us-east-1:835314132208:targetgroup/s242sandbox/eda9877671f81dfd after timeout.
2025-12-25 01:28:27,684 - 24393 - INFO - Email sent successfully to ['CloudOps@softeon.com']
2025-12-25 01:28:27,684 - 24393 - ERROR - Aborting workflow: i-0b33538fecd9bddda is not healthy after restart.
2025-12-25 01:28:27,687 - 24393 - INFO - Restart Total time: 0:07:52.613690
2025-12-25 01:28:27,687 - 24393 - INFO - Auto-confirmed services are restarted
2025-12-25 01:28:27,687 - 24393 - INFO - Confirmed - services are started
2025-12-25 01:28:27,803 - 24393 - INFO - The following instances have failed the patch: []
2025-12-25 01:28:27,803 - 24393 - INFO - No instances have failed the patch.
2025-12-25 01:28:27,803 - 24393 - INFO - Total Patch Process time: 0:13:24.984786
2025-12-25 01:28:27,980 - 24393 - INFO - Email sent successfully to ['a80af5b5.softeon.com@in.teams.ms', 'CloudOps@softeon.com']
2025-12-25 01:29:28,187 - 24393 - INFO - Log file ./logs/patching_2025-12-25_Sandbox-demo.log uploaded to s3://q4-2025-aws-security-patching/Sandbox-demo_Patch/2025-12-25/patching_2025-12-25_Sandbox-demo.log
