2025-12-13 03:00:02,647 - 2235 - INFO - Logger setup has been removed, using shared logger from common.logs.logger.
2025-12-13 03:00:02,647 - 2235 - INFO - Script Start Time: 2025-12-13 03:00:02
2025-12-13 03:00:03,106 - 2235 - INFO - Instance(s) selected for Patching: {'i-02f00047d97f38472': '10.0.30.4', 'i-0cffa892fa68b1d7d': '10.0.30.46'}
2025-12-13 03:00:03,224 - 2235 - INFO - Email sent successfully to ['a80af5b5.softeon.com@in.teams.ms', 'CloudOps@softeon.com']
2025-12-13 03:00:03,224 - 2235 - INFO - Now patching instances at: 2025-12-13 03:00:03
2025-12-13 03:00:03,422 - 2235 - INFO - Sending patch command to instance i-02f00047d97f38472
2025-12-13 03:00:03,845 - 2235 - INFO - Command sent successfully to instance i-02f00047d97f38472. Command ID: 227cee26-6ad8-42b7-8c7d-bfbd4f20f0ba
2025-12-13 03:00:04,174 - 2235 - INFO - Sending patch command to instance i-0cffa892fa68b1d7d
2025-12-13 03:00:04,384 - 2235 - INFO - Command sent successfully to instance i-0cffa892fa68b1d7d. Command ID: ed77230e-9f8e-47de-83ee-a2ef08ec9dca
2025-12-13 03:06:07,584 - 2235 - INFO - All patches applied successfully.
2025-12-13 03:06:07,585 - 2235 - INFO - Patching end time: 2025-12-13 03:06:07
2025-12-13 03:06:07,585 - 2235 - INFO - Patch Elapsed time: 0:06:04.360942
2025-12-13 03:06:07,666 - 2235 - INFO - Email sent successfully to ['a80af5b5.softeon.com@in.teams.ms', 'CloudOps@softeon.com']
2025-12-13 03:06:07,666 - 2235 - INFO - Confirmed - services are stopped
2025-12-13 03:06:10,340 - 2235 - INFO - Discovered TG map: {'i-02f00047d97f38472': ['arn:aws:elasticloadbalancing:us-west-1:835314132208:targetgroup/LnF-D365-WMS-Flex-Production-App/789d45896e5a82f6', 'arn:aws:elasticloadbalancing:us-west-1:835314132208:targetgroup/LnF-WMS-Flex-Production-Desktop/8ffce8fd5928bdec'], 'i-0cffa892fa68b1d7d': ['arn:aws:elasticloadbalancing:us-west-1:835314132208:targetgroup/LnF-D365-WMS-Flex-Production-App/789d45896e5a82f6', 'arn:aws:elasticloadbalancing:us-west-1:835314132208:targetgroup/LnF-WMS-Flex-Production-Desktop/8ffce8fd5928bdec']}
2025-12-13 03:06:10,852 - 2235 - INFO - Sent app_validation.sh to i-02f00047d97f38472 (command_id: 3195cf73-1e5d-4410-907f-6d09c4860234)
2025-12-13 03:06:40,996 - 2235 - INFO - app_validation.sh output for i-02f00047d97f38472:

==============================================================================
Server Availability Check Started at Sat Dec 13 02:06:11 CST 2025
==============================================================================

-------------------------------------
Server IP : 10.0.30.4
-------------------------------------
System Information
------------------
Hostname: ip-10-0-30-4.us-west-1.compute.internal
Uptime: up 14 weeks, 6 days, 3 hours, 34 minutes
Current User: root
Working Directory: /usr/bin
-------------------------------------
Voice Console URL: http://10.0.30.4:9090/VoiceConsole
-------------------------------------

-------------------------------------
Server IP : 10.0.30.4
-------------------------------------
Physical Memory Information
---------------------------
Total Physical Memory = 15611 MB
Used Physical Memory  = 9613 MB
Free Physical Memory  = 5998 MB
-------------------------------------
Swap Memory Information
-----------------------
Total Swap Memory = 10239 MB
Used Swap Memory  = 2 MB
Free Swap Memory  = 10237 MB
-------------------------------------
Load Average: 0.88 1.25 0.62 7/451 4018498
-------------------------------------

Disk Usage Information
----------------------
Filesystem                                 Size  Used Avail Use% Mounted on
/dev/nvme0n1p1                              20G  5.6G   15G  28% /
/dev/nvme0n1p128                            10M  1.3M  8.7M  13% /boot/efi
/dev/nvme1n1p2                             240G   63G  178G  26% /data
fs-e20744fb.efs.us-west-1.amazonaws.com:/  8.0E  276G  8.0E   1% /data2
devtmpfs                                   4.0M     0  4.0M   0% /dev
tmpfs                                      7.7G     0  7.7G   0% /dev/shm
tmpfs                                      3.1G  496K  3.1G   1% /run
tmpfs                                      7.7G   21M  7.7G   1% /tmp
-------------------------------------

Application Port Validation for Server IP: 10.0.30.4 started on Sat Dec 13 02:06:11 CST 2025

Server IP: 10.0.30.4 is reachable.

SSH Service (Port 22) Status:
SSH Service (Port 22): NOT REACHABLE
-------------------------------------

FTP Service Validation for Server IP: 10.0.30.4

FTP Service (Port 21): NOT REACHABLE
No FTP processes detected
-------------------------------------

CUPS Service Validation for Server IP: 10.0.30.4

CUPS Service (Port 631): NOT REACHABLE

Printer Configuration:
Total Printers Configured: 77
Printer Details:
printer abqlabel1 is idle.  enabled since Thu Dec 11 14:16:08 2025
	Waiting for printer to finish.
printer ABQWHLABEL1 is idle.  enabled since Tue Dec 31 15:04:21 2024
printer belabel1 is idle.  enabled since Thu Feb 29 13:17:07 2024
printer belabel2 is idle.  enabled since Thu Feb 29 15:06:59 2024
printer belaser1 disabled since Tue Mar 22 01:04:55 2022 -
	reason unknown
printer belaser2 disabled since Tue Mar 22 01:05:05 2022 -
	reason unknown
printer cclabel1 is idle.  enabled since Thu Dec 11 22:48:46 2025
	Waiting for printer to finish.
printer cclabel2 is idle.  enabled since Thu Apr 22 00:48:56 2021
printer cclabel3 is idle.  enabled since Thu Dec 11 22:09:33 2025
	Waiting for printer to finish.
printer cclabel5 is idle.  enabled since Fri Dec 12 14:26:45 2025
	Waiting for printer to finish.
printer ccrcvlaser is idle.  enabled since Thu Dec 11 14:19:25 2025
	The printer is not responding.
printer dalabel2 is idle.  enabled since Fri Sep  5 21:17:22 2025
	The printer is not responding.
printer dalabel3 is idle.  enabled since Tue Nov 18 14:30:13 2025
	Waiting for printer to finish.
printer dalabel4 is idle.  enabled since Tue Dec  9 08:43:43 2025
	The printer is not responding.
printer dalabel5 is idle.  enabled since Fri Dec 12 18:39:49 2025
	Waiting for printer to finish.
printer eplabel1 is idle.  enabled since Fri Dec 12 04:06:28 2025
	The printer is not responding.
printer eplabel3 is idle.  enabled since Sat Nov 22 11:27:28 2025
	The printer is not responding.
printer eplabel4 is idle.  enabled since Fri Dec 12 17:33:03 2025
	Waiting for printer to finish.
printer eplaser is idle.  enabled since Thu Dec 11 17:11:29 2025
	Waiting for printer to finish.
printer eplaser2 is idle.  enabled since Thu Dec 11 18:23:18 2025
	Waiting for printer to finish.
printer EPLASER3 is idle.  enabled since Thu Nov 13 20:24:47 2025
	The printer is not responding.
printer hllabel1 is idle.  enabled since Fri Dec 12 14:47:01 2025
	Waiting for printer to finish.
printer hllabel2 is idle.  enabled since Thu Dec 11 18:57:03 2025
	Waiting for printer to finish.
printer hllabel3 is idle.  enabled since Thu Dec  4 12:48:28 2025
	Waiting for printer to finish.
printer hulabel1 is idle.  enabled since Thu Dec 11 23:38:58 2025
	Waiting for printer to finish.
printer hulabel2 is idle.  enabled since Fri Dec 12 13:53:52 2025
	Waiting for printer to finish.
printer hulabel4 is idle.  enabled since Thu Dec 11 14:02:46 2025
	Waiting for printer to finish.
printer lrlabel1 is idle.  enabled since Fri Dec 12 16:37:13 2025
	Waiting for printer to finish.
printer lrlabel2 is idle.  enabled since Wed Dec  3 10:25:19 2025
	The printer is not responding.
printer lrlabel2-E disabled since Mon Nov  9 04:44:21 2020 -
	reason unknown
printer lrlabel3 is idle.  enabled since Fri Dec 12 15:42:47 2025
	Waiting for printer to finish.
printer mclabel1 is idle.  enabled since Fri Dec 12 07:51:13 2025
	Waiting for printer to finish.
printer mclabel2 is idle.  enabled since Fri Dec 12 20:39:31 2025
	Waiting for printer to finish.
printer mclabel3 is idle.  enabled since Fri Dec 12 15:29:02 2025
	Waiting for printer to finish.
printer mclabel4 is idle.  enabled since Tue Apr  1 11:15:49 2025
printer prnaulabel1 is idle.  enabled since Fri Dec 12 19:30:48 2025
	Waiting for printer to finish.
printer prnaulabel2 is idle.  enabled since Fri Dec 12 19:37:22 2025
	Waiting for printer to finish.
printer prnaulablel2 is idle.  enabled since Sat Jun 25 13:54:40 2022
printer rolabel1 is idle.  enabled since Thu Dec 11 17:50:05 2025
	Waiting for printer to finish.
printer rolabel2 is idle.  enabled since Tue Dec  9 03:09:09 2025
	Waiting for printer to finish.
printer rolabel3 is idle.  enabled since Tue Nov 25 01:17:55 2025
	The printer is not responding.
printer TEST is idle.  enabled since Thu Mar  9 20:43:29 2023
-------------------------------------
CUPS Service (Port 631): NOT REACHABLE on 10.0.30.4
-------------------------------------

Total number of Java process running on this host 10.0.30.4 is 2
Total number of Daemon / Batch (java) application process available is 0

No Java daemon processes running
-------------------------------------

-------------------------------------
Total number of App process running on this host 10.0.30.4
Total number of App java process available is 2
-------------------------------------
App Process details:
Process ID: 3491018, Process Name: 181:29
Process ID: 3491030, Process Name: 230:47
-------------------------------------

Web Application Port Validation for Server IP: 10.0.30.4
Port 8080:	wmsflex_jbo	Running
Port 8081:	lnfd365_jbo	Running
-------------------------------------

==============================================================================
Server Availability Check Completed at Sat Dec 13 02:06:12 CST 2025
==============================================================================


2025-12-13 03:06:40,996 - 2235 - ERROR - app_validation.sh errors for i-02f00047d97f38472:

2025-12-13 03:06:40,998 - 2235 - INFO - Before patching validation saved to: output/validation-2025-12-13/10.0.30.4-BeforePatching-2025-12-13-03-06-40-997.log
2025-12-13 03:06:40,998 - 2235 - INFO - Deregistering i-02f00047d97f38472 from TG arn:aws:elasticloadbalancing:us-west-1:835314132208:targetgroup/LnF-D365-WMS-Flex-Production-App/789d45896e5a82f6
2025-12-13 03:06:41,322 - 2235 - INFO - Deregistering i-02f00047d97f38472 from TG arn:aws:elasticloadbalancing:us-west-1:835314132208:targetgroup/LnF-WMS-Flex-Production-Desktop/8ffce8fd5928bdec
2025-12-13 03:06:41,434 - 2235 - INFO - Stopping EC2 instance: i-02f00047d97f38472 at 2025-12-13 03:06:41
2025-12-13 03:07:43,046 - 2235 - INFO - Instance i-02f00047d97f38472 stopped successfully.
2025-12-13 03:07:43,277 - 2235 - INFO - Stopped i-02f00047d97f38472 in 0:01:01.843407
2025-12-13 03:07:43,277 - 2235 - INFO - Starting EC2 instance: i-02f00047d97f38472
2025-12-13 03:07:59,394 - 2235 - INFO - Instance i-02f00047d97f38472 started successfully.
2025-12-13 03:07:59,394 - 2235 - INFO - Waiting 30 seconds for SSM agent to be ready on i-02f00047d97f38472...
2025-12-13 03:08:29,423 - 2235 - INFO - Registering i-02f00047d97f38472 to TG arn:aws:elasticloadbalancing:us-west-1:835314132208:targetgroup/LnF-D365-WMS-Flex-Production-App/789d45896e5a82f6
2025-12-13 03:08:29,860 - 2235 - INFO - Registering i-02f00047d97f38472 to TG arn:aws:elasticloadbalancing:us-west-1:835314132208:targetgroup/LnF-WMS-Flex-Production-Desktop/8ffce8fd5928bdec
2025-12-13 03:11:01,279 - 2235 - INFO - Sent app_validation.sh to i-02f00047d97f38472 (command_id: 8948bcb6-72f4-4ba1-8188-cf50718a9598)
2025-12-13 03:11:31,465 - 2235 - INFO - app_validation.sh output for i-02f00047d97f38472:

==============================================================================
Server Availability Check Started at Sat Dec 13 02:11:01 CST 2025
==============================================================================

-------------------------------------
Server IP : 10.0.30.4
-------------------------------------
System Information
------------------
Hostname: ip-10-0-30-4.us-west-1.compute.internal
Uptime: up 3 minutes
Current User: root
Working Directory: /usr/bin
-------------------------------------
Voice Console URL: http://10.0.30.4:9090/VoiceConsole
-------------------------------------

-------------------------------------
Server IP : 10.0.30.4
-------------------------------------
Physical Memory Information
---------------------------
Total Physical Memory = 15611 MB
Used Physical Memory  = 6786 MB
Free Physical Memory  = 8825 MB
-------------------------------------
Swap Memory Information
-----------------------
Total Swap Memory = 10239 MB
Used Swap Memory  = 0 MB
Free Swap Memory  = 10239 MB
-------------------------------------
Load Average: 0.94 0.79 0.33 3/327 2911
-------------------------------------

Disk Usage Information
----------------------
Filesystem                                 Size  Used Avail Use% Mounted on
/dev/nvme0n1p1                              20G  5.6G   15G  28% /
/dev/nvme0n1p128                            10M  1.3M  8.7M  13% /boot/efi
/dev/nvme1n1p2                             240G   63G  178G  26% /data
fs-e20744fb.efs.us-west-1.amazonaws.com:/  8.0E  276G  8.0E   1% /data2
devtmpfs                                   4.0M     0  4.0M   0% /dev
tmpfs                                      7.7G     0  7.7G   0% /dev/shm
tmpfs                                      3.1G  488K  3.1G   1% /run
tmpfs                                      7.7G   21M  7.7G   1% /tmp
-------------------------------------

Application Port Validation for Server IP: 10.0.30.4 started on Sat Dec 13 02:11:01 CST 2025

Server IP: 10.0.30.4 is reachable.

SSH Service (Port 22) Status:
SSH Service (Port 22): NOT REACHABLE
-------------------------------------

FTP Service Validation for Server IP: 10.0.30.4

FTP Service (Port 21): NOT REACHABLE
No FTP processes detected
-------------------------------------

CUPS Service Validation for Server IP: 10.0.30.4

CUPS Service (Port 631): NOT REACHABLE

Printer Configuration:
Total Printers Configured: 45
Printer Details:
printer abqlabel1 is idle.  enabled since Mon Nov 10 11:49:45 2025
printer ABQWHLABEL1 is idle.  enabled since Tue Dec 31 15:04:21 2024
printer belabel1 is idle.  enabled since Thu Feb 29 13:17:07 2024
printer belabel2 is idle.  enabled since Thu Feb 29 15:06:59 2024
printer belaser1 disabled since Tue Mar 22 01:04:55 2022 -
	reason unknown
printer belaser2 disabled since Tue Mar 22 01:05:05 2022 -
	reason unknown
printer cclabel1 is idle.  enabled since Mon Nov 10 17:20:22 2025
printer cclabel2 is idle.  enabled since Thu Apr 22 00:48:56 2021
printer cclabel3 is idle.  enabled since Mon Nov 10 19:30:09 2025
printer cclabel5 is idle.  enabled since Mon Nov 10 21:44:20 2025
printer ccrcvlaser is idle.  enabled since Wed Nov  5 14:44:06 2025
printer dalabel2 is idle.  enabled since Fri Sep  5 21:17:22 2025
printer dalabel3 is idle.  enabled since Thu Oct  9 10:56:16 2025
printer dalabel4 is idle.  enabled since Tue Oct 28 12:09:54 2025
printer dalabel5 is idle.  enabled since Mon Nov 10 23:30:25 2025
printer eplabel1 is idle.  enabled since Mon Nov 10 22:30:37 2025
printer eplabel3 is idle.  enabled since Wed Oct 29 00:32:40 2025
printer eplabel4 is idle.  enabled since Mon Nov 10 22:45:37 2025
printer eplaser is idle.  enabled since Tue Nov 11 00:28:09 2025
printer eplaser2 is idle.  enabled since Tue Nov 11 00:42:14 2025
printer EPLASER3 is idle.  enabled since Mon Nov 10 21:54:25 2025
printer hllabel1 is idle.  enabled since Mon Nov 10 16:58:37 2025
printer hllabel2 is idle.  enabled since Mon Nov 10 19:53:19 2025
printer hllabel3 is idle.  enabled since Mon Nov 10 20:04:30 2025
printer hulabel1 is idle.  enabled since Mon Nov 10 23:30:55 2025
printer hulabel2 is idle.  enabled since Mon Nov 10 10:15:07 2025
printer hulabel4 is idle.  enabled since Thu Nov  6 16:27:55 2025
printer lrlabel1 is idle.  enabled since Mon Nov 10 19:22:57 2025
printer lrlabel2 is idle.  enabled since Thu Mar 14 23:20:58 2024
printer lrlabel2-E disabled since Mon Nov  9 04:44:21 2020 -
	reason unknown
printer lrlabel3 is idle.  enabled since Mon Nov 10 01:58:53 2025
printer mclabel1 is idle.  enabled since Mon Nov 10 17:38:33 2025
printer mclabel2 is idle.  enabled since Mon Nov 10 21:57:59 2025
printer mclabel3 is idle.  enabled since Mon Nov 10 23:11:38 2025
printer mclabel4 is idle.  enabled since Tue Apr  1 11:15:49 2025
printer prnaulabel1 is idle.  enabled since Mon Nov 10 23:26:43 2025
printer prnaulabel2 is idle.  enabled since Tue Nov 11 00:42:06 2025
printer prnaulablel2 is idle.  enabled since Sat Jun 25 13:54:40 2022
printer rolabel1 is idle.  enabled since Tue Nov 11 00:40:35 2025
printer rolabel2 is idle.  enabled since Tue Nov 11 00:15:33 2025
printer rolabel3 is idle.  enabled since Thu Nov  6 22:26:27 2025
printer TEST is idle.  enabled since Thu Mar  9 20:43:29 2023
-------------------------------------
CUPS Service (Port 631): NOT REACHABLE on 10.0.30.4
-------------------------------------

Total number of Java process running on this host 10.0.30.4 is 2
Total number of Daemon / Batch (java) application process available is 0

No Java daemon processes running
-------------------------------------

-------------------------------------
Total number of App process running on this host 10.0.30.4
Total number of App java process available is 2
-------------------------------------
App Process details:
Process ID: 2490, Process Name: 0:51
Process ID: 2491, Process Name: 0:50
-------------------------------------

Web Application Port Validation for Server IP: 10.0.30.4
Port 8080:	wmsflex_jboss6	Running
Port 8081:	lnfd365_jboss6	Running
-------------------------------------

==============================================================================
Server Availability Check Completed at Sat Dec 13 02:11:02 CST 2025
==============================================================================


2025-12-13 03:11:31,465 - 2235 - ERROR - app_validation.sh errors for i-02f00047d97f38472:

2025-12-13 03:11:31,467 - 2235 - INFO - After patching validation saved to: output/validation-2025-12-13/10.0.30.4-AfterPatching-2025-12-13-03-11-31-466.log
2025-12-13 03:11:31,502 - 2235 - INFO - Validation comparison report generated: output/validation-2025-12-13/10.0.30.4-Validation-details-2025-12-13-03-11-31-466.log
2025-12-13 03:11:31,585 - 2235 - INFO - Email sent successfully to ['CloudOps@softeon.com']
2025-12-13 03:11:31,585 - 2235 - INFO - HTML validation report email sent for i-02f00047d97f38472
2025-12-13 03:11:31,876 - 2235 - INFO - Started i-02f00047d97f38472 in 0:03:48.598996
2025-12-13 03:11:31,877 - 2235 - INFO - Waiting 120 seconds before proceeding to the next instance...
2025-12-13 03:13:32,301 - 2235 - INFO - Sent app_validation.sh to i-0cffa892fa68b1d7d (command_id: 3419b161-c84e-455b-aeef-241f56a40d21)
2025-12-13 03:14:02,457 - 2235 - INFO - app_validation.sh output for i-0cffa892fa68b1d7d:

==============================================================================
Server Availability Check Started at Sat Dec 13 02:13:32 CST 2025
==============================================================================

-------------------------------------
Server IP : 10.0.30.46
-------------------------------------
System Information
------------------
Hostname: ip-10-0-30-46.us-west-1.compute.internal
Uptime: up 14 weeks, 6 days, 3 hours, 36 minutes
Current User: root
Working Directory: /usr/bin
-------------------------------------
Voice Console URL: http://10.0.30.46:9090/VoiceConsole
-------------------------------------

-------------------------------------
Server IP : 10.0.30.46
-------------------------------------
Physical Memory Information
---------------------------
Total Physical Memory = 15611 MB
Used Physical Memory  = 10217 MB
Free Physical Memory  = 5394 MB
-------------------------------------
Swap Memory Information
-----------------------
Total Swap Memory = 10239 MB
Used Swap Memory  = 25 MB
Free Swap Memory  = 10214 MB
-------------------------------------
Load Average: 0.00 0.25 0.34 8/498 733804
-------------------------------------

Disk Usage Information
----------------------
Filesystem                                 Size  Used Avail Use% Mounted on
/dev/nvme0n1p1                              20G  5.7G   15G  29% /
/dev/nvme0n1p128                            10M  1.3M  8.7M  13% /boot/efi
/dev/nvme1n1p2                             240G   38G  203G  16% /data
fs-e20744fb.efs.us-west-1.amazonaws.com:/  8.0E  276G  8.0E   1% /data2
devtmpfs                                   4.0M     0  4.0M   0% /dev
tmpfs                                      7.7G     0  7.7G   0% /dev/shm
tmpfs                                      3.1G  520K  3.1G   1% /run
tmpfs                                      1.6G     0  1.6G   0% /run/user/2001
tmpfs                                      7.7G   21M  7.7G   1% /tmp
-------------------------------------

Application Port Validation for Server IP: 10.0.30.46 started on Sat Dec 13 02:13:32 CST 2025

Server IP: 10.0.30.46 is reachable.

SSH Service (Port 22) Status:
SSH Service (Port 22): NOT REACHABLE
-------------------------------------

FTP Service Validation for Server IP: 10.0.30.46

FTP Service (Port 21): NOT REACHABLE
No FTP processes detected
-------------------------------------

CUPS Service Validation for Server IP: 10.0.30.46

CUPS Service (Port 631): NOT REACHABLE

Printer Configuration:
Total Printers Configured: 75
Printer Details:
printer abqlabel1 is idle.  enabled since Fri Dec 12 13:52:42 2025
	Waiting for printer to finish.
printer ABQWHLABEL1 is idle.  enabled since Wed Sep 10 22:23:03 2025
	The printer is not responding.
printer belabel1 is idle.  enabled since Sat Mar  2 01:07:16 2024
printer belabel2 is idle.  enabled since Mon Mar 18 10:01:42 2024
printer belaser1 disabled since Tue Mar 22 01:06:45 2022 -
	reason unknown
printer belaser2 disabled since Tue Mar 22 01:06:58 2022 -
	reason unknown
printer cclabel1 is idle.  enabled since Thu Dec 11 10:13:16 2025
	Waiting for printer to finish.
printer cclabel2 is idle.  enabled since Wed Sep 29 12:37:09 2021
printer cclabel3 is idle.  enabled since Fri Dec 12 16:15:26 2025
	Waiting for printer to finish.
printer cclabel5 is idle.  enabled since Fri Dec 12 15:46:03 2025
	Waiting for printer to finish.
printer ccrcvlaser is idle.  enabled since Fri Dec 12 07:15:22 2025
	The printer is not responding.
printer dalabel2 is idle.  enabled since Fri Apr 25 00:11:56 2025
printer dalabel3 is idle.  enabled since Fri Dec  5 17:09:55 2025
	Waiting for printer to finish.
printer dalabel4 is idle.  enabled since Mon Dec  1 15:51:28 2025
	The printer is not responding.
printer dalabel5 is idle.  enabled since Fri Dec 12 18:51:43 2025
	Waiting for printer to finish.
printer eplabel1 is idle.  enabled since Fri Dec 12 12:05:47 2025
	The printer is not responding.
printer eplabel4 is idle.  enabled since Fri Dec 12 22:23:49 2025
	Waiting for printer to finish.
printer eplaser is idle.  enabled since Fri Dec 12 00:00:39 2025
	Waiting for printer to finish.
printer eplaser2 is idle.  enabled since Fri Dec 12 01:39:26 2025
	Waiting for printer to finish.
printer EPLASER3 is idle.  enabled since Mon Dec  8 21:19:53 2025
	The printer is not responding.
printer hllabel1 is idle.  enabled since Thu Dec 11 17:07:48 2025
	Waiting for printer to finish.
printer hllabel2 is idle.  enabled since Thu Dec 11 14:47:56 2025
	Waiting for printer to finish.
printer hllabel3 is idle.  enabled since Mon Dec  1 22:11:26 2025
	Waiting for printer to finish.
printer hulabel1 is idle.  enabled since Fri Dec 12 14:59:56 2025
	Waiting for printer to finish.
printer hulabel2 is idle.  enabled since Fri Dec 12 10:30:52 2025
	Waiting for printer to finish.
printer hulabel4 is idle.  enabled since Thu Dec 11 14:09:23 2025
	Waiting for printer to finish.
printer lrlabel1 is idle.  enabled since Fri Dec 12 17:05:56 2025
	Waiting for printer to finish.
printer lrlabel2 is idle.  enabled since Mon Dec  8 20:04:38 2025
	The printer is not responding.
printer lrlabel2-E disabled since Mon Nov  9 04:49:14 2020 -
	reason unknown
printer lrlabel3 is idle.  enabled since Fri Dec 12 12:20:20 2025
	Waiting for printer to finish.
printer mclabel1 is idle.  enabled since Thu Dec 11 18:55:13 2025
	Waiting for printer to finish.
printer mclabel2 is idle.  enabled since Fri Dec 12 20:02:11 2025
	Waiting for printer to finish.
printer mclabel3 is idle.  enabled since Fri Dec 12 11:28:19 2025
	Waiting for printer to finish.
printer mclabel4 is idle.  enabled since Tue Oct 28 01:56:10 2025
	Waiting for printer to finish.
printer prnaulabel1 is idle.  enabled since Thu Dec 11 13:44:21 2025
	Waiting for printer to finish.
printer prnaulabel2 is idle.  enabled since Thu Dec 11 14:57:57 2025
	Waiting for printer to finish.
printer rolabel1 is idle.  enabled since Fri Dec 12 15:57:34 2025
	Waiting for printer to finish.
printer rolabel2 is idle.  enabled since Fri Dec 12 09:03:19 2025
	Waiting for printer to finish.
printer rolabel3 now printing rolabel3-351438.  enabled since Sat Dec 13 00:12:54 2025
	The printer is not responding.
printer TEST is idle.  enabled since Thu Mar  9 20:43:34 2023
-------------------------------------
CUPS Service (Port 631): NOT REACHABLE on 10.0.30.46
-------------------------------------

Total number of Java process running on this host 10.0.30.46 is 3
Total number of Daemon / Batch (java) application process available is 1

Daemon Process id and name details are given below
Process ID: 3159977, Process Name: 12:56
-------------------------------------

-------------------------------------
Total number of App process running on this host 10.0.30.46
Total number of App java process available is 2
-------------------------------------
App Process details:
Process ID: 168256, Process Name: 174:27
Process ID: 168258, Process Name: 225:19
-------------------------------------

Web Application Port Validation for Server IP: 10.0.30.46
Port 8080:	wmsflex_jbos	Running
Port 8081:	lnfd365_jbos	Running
-------------------------------------

==============================================================================
Server Availability Check Completed at Sat Dec 13 02:13:34 CST 2025
==============================================================================


2025-12-13 03:14:02,457 - 2235 - ERROR - app_validation.sh errors for i-0cffa892fa68b1d7d:

2025-12-13 03:14:02,461 - 2235 - INFO - Before patching validation saved to: output/validation-2025-12-13/10.0.30.46-BeforePatching-2025-12-13-03-14-02-458.log
2025-12-13 03:14:02,461 - 2235 - INFO - Deregistering i-0cffa892fa68b1d7d from TG arn:aws:elasticloadbalancing:us-west-1:835314132208:targetgroup/LnF-D365-WMS-Flex-Production-App/789d45896e5a82f6
2025-12-13 03:14:02,805 - 2235 - INFO - Deregistering i-0cffa892fa68b1d7d from TG arn:aws:elasticloadbalancing:us-west-1:835314132208:targetgroup/LnF-WMS-Flex-Production-Desktop/8ffce8fd5928bdec
2025-12-13 03:14:02,923 - 2235 - INFO - Stopping EC2 instance: i-0cffa892fa68b1d7d at 2025-12-13 03:14:02
2025-12-13 03:16:35,597 - 2235 - INFO - Instance i-0cffa892fa68b1d7d stopped successfully.
2025-12-13 03:16:35,835 - 2235 - INFO - Stopped i-0cffa892fa68b1d7d in 0:02:32.911777
2025-12-13 03:16:35,835 - 2235 - INFO - Starting EC2 instance: i-0cffa892fa68b1d7d
2025-12-13 03:16:51,998 - 2235 - INFO - Instance i-0cffa892fa68b1d7d started successfully.
2025-12-13 03:16:51,998 - 2235 - INFO - Waiting 30 seconds for SSM agent to be ready on i-0cffa892fa68b1d7d...
2025-12-13 03:17:22,023 - 2235 - INFO - Registering i-0cffa892fa68b1d7d to TG arn:aws:elasticloadbalancing:us-west-1:835314132208:targetgroup/LnF-D365-WMS-Flex-Production-App/789d45896e5a82f6
2025-12-13 03:17:22,438 - 2235 - INFO - Registering i-0cffa892fa68b1d7d to TG arn:aws:elasticloadbalancing:us-west-1:835314132208:targetgroup/LnF-WMS-Flex-Production-Desktop/8ffce8fd5928bdec
2025-12-13 03:19:53,843 - 2235 - INFO - Sent app_validation.sh to i-0cffa892fa68b1d7d (command_id: 022eed45-6e3b-4c5f-bc2f-16def79ff6ec)
2025-12-13 03:20:24,002 - 2235 - INFO - app_validation.sh output for i-0cffa892fa68b1d7d:

==============================================================================
Server Availability Check Started at Sat Dec 13 02:19:54 CST 2025
==============================================================================

-------------------------------------
Server IP : 10.0.30.46
-------------------------------------
System Information
------------------
Hostname: ip-10-0-30-46.us-west-1.compute.internal
Uptime: up 3 minutes
Current User: root
Working Directory: /usr/bin
-------------------------------------
Voice Console URL: http://10.0.30.46:9090/VoiceConsole
-------------------------------------

-------------------------------------
Server IP : 10.0.30.46
-------------------------------------
Physical Memory Information
---------------------------
Total Physical Memory = 15611 MB
Used Physical Memory  = 6138 MB
Free Physical Memory  = 9473 MB
-------------------------------------
Swap Memory Information
-----------------------
Total Swap Memory = 10239 MB
Used Swap Memory  = 0 MB
Free Swap Memory  = 10239 MB
-------------------------------------
Load Average: 1.03 0.91 0.38 11/333 2902
-------------------------------------

Disk Usage Information
----------------------
Filesystem                                 Size  Used Avail Use% Mounted on
/dev/nvme0n1p1                              20G  5.6G   15G  28% /
/dev/nvme0n1p128                            10M  1.3M  8.7M  13% /boot/efi
/dev/nvme1n1p2                             240G   37G  203G  16% /data
fs-e20744fb.efs.us-west-1.amazonaws.com:/  8.0E  276G  8.0E   1% /data2
devtmpfs                                   4.0M     0  4.0M   0% /dev
tmpfs                                      7.7G     0  7.7G   0% /dev/shm
tmpfs                                      3.1G  488K  3.1G   1% /run
tmpfs                                      7.7G   21M  7.7G   1% /tmp
-------------------------------------

Application Port Validation for Server IP: 10.0.30.46 started on Sat Dec 13 02:19:54 CST 2025

Server IP: 10.0.30.46 is reachable.

SSH Service (Port 22) Status:
SSH Service (Port 22): NOT REACHABLE
-------------------------------------

FTP Service Validation for Server IP: 10.0.30.46

FTP Service (Port 21): NOT REACHABLE
No FTP processes detected
-------------------------------------

CUPS Service Validation for Server IP: 10.0.30.46

CUPS Service (Port 631): NOT REACHABLE

Printer Configuration:
Total Printers Configured: 44
Printer Details:
printer abqlabel1 is idle.  enabled since Mon Nov 10 21:25:56 2025
printer ABQWHLABEL1 is idle.  enabled since Wed Sep 10 22:23:03 2025
printer belabel1 is idle.  enabled since Sat Mar  2 01:07:16 2024
printer belabel2 is idle.  enabled since Mon Mar 18 10:01:42 2024
printer belaser1 disabled since Tue Mar 22 01:06:45 2022 -
	reason unknown
printer belaser2 disabled since Tue Mar 22 01:06:58 2022 -
	reason unknown
printer cclabel1 is idle.  enabled since Mon Nov 10 21:48:01 2025
printer cclabel2 is idle.  enabled since Wed Sep 29 12:37:09 2021
printer cclabel3 is idle.  enabled since Tue Nov 11 00:39:09 2025
printer cclabel5 is idle.  enabled since Tue Nov 11 00:42:09 2025
printer ccrcvlaser is idle.  enabled since Fri Nov  7 05:18:38 2025
printer dalabel2 is idle.  enabled since Fri Apr 25 00:11:56 2025
printer dalabel3 is idle.  enabled since Mon Nov 10 11:24:49 2025
printer dalabel4 is idle.  enabled since Thu Oct 30 15:21:24 2025
printer dalabel5 is idle.  enabled since Tue Nov 11 00:15:44 2025
printer eplabel1 is idle.  enabled since Mon Nov 10 09:37:47 2025
printer eplabel4 is idle.  enabled since Mon Nov 10 23:20:26 2025
printer eplaser is idle.  enabled since Tue Nov 11 00:37:46 2025
printer eplaser2 is idle.  enabled since Tue Nov 11 00:41:58 2025
printer EPLASER3 is idle.  enabled since Mon Nov 10 22:12:43 2025
printer hllabel1 is idle.  enabled since Wed Nov  5 20:31:24 2025
printer hllabel2 is idle.  enabled since Mon Nov 10 20:28:55 2025
printer hllabel3 is idle.  enabled since Mon Nov 10 20:36:43 2025
printer hulabel1 is idle.  enabled since Tue Nov 11 00:41:11 2025
printer hulabel2 is idle.  enabled since Mon Nov 10 10:13:18 2025
printer hulabel4 is idle.  enabled since Thu Nov  6 15:01:29 2025
printer lrlabel1 is idle.  enabled since Sat Nov  8 05:54:27 2025
printer lrlabel2 is idle.  enabled since Sun Oct 19 21:16:07 2025
printer lrlabel2-E disabled since Mon Nov  9 04:49:14 2020 -
	reason unknown
printer lrlabel3 is idle.  enabled since Tue Nov 11 00:41:49 2025
printer mclabel1 is idle.  enabled since Mon Nov 10 14:55:14 2025
printer mclabel2 is idle.  enabled since Tue Nov 11 00:40:26 2025
printer mclabel3 is idle.  enabled since Tue Nov 11 00:32:14 2025
printer mclabel4 is idle.  enabled since Tue Oct 28 01:56:10 2025
printer prnaulabel1 is idle.  enabled since Fri Nov  7 14:54:55 2025
printer prnaulabel2 is idle.  enabled since Fri Nov  7 06:46:17 2025
printer rolabel1 is idle.  enabled since Mon Nov 10 21:17:55 2025
printer rolabel2 is idle.  enabled since Sun Nov  9 18:20:19 2025
printer rolabel3 now printing rolabel3-351438.  enabled since Sat Dec 13 02:16:46 2025
	The printer is not responding.
printer TEST is idle.  enabled since Thu Mar  9 20:43:34 2023
-------------------------------------
CUPS Service (Port 631): NOT REACHABLE on 10.0.30.46
-------------------------------------

Total number of Java process running on this host 10.0.30.46 is 2
Total number of Daemon / Batch (java) application process available is 0

No Java daemon processes running
-------------------------------------

-------------------------------------
Total number of App process running on this host 10.0.30.46
Total number of App java process available is 2
-------------------------------------
App Process details:
Process ID: 2494, Process Name: 0:53
Process ID: 2499, Process Name: 0:54
-------------------------------------

Web Application Port Validation for Server IP: 10.0.30.46
Port 8080:	wmsflex_jboss6	Running
Port 8081:	lnfd365_jboss6	Running
-------------------------------------

==============================================================================
Server Availability Check Completed at Sat Dec 13 02:19:55 CST 2025
==============================================================================


2025-12-13 03:20:24,002 - 2235 - ERROR - app_validation.sh errors for i-0cffa892fa68b1d7d:

2025-12-13 03:20:24,004 - 2235 - INFO - After patching validation saved to: output/validation-2025-12-13/10.0.30.46-AfterPatching-2025-12-13-03-20-24-003.log
2025-12-13 03:20:24,042 - 2235 - INFO - Validation comparison report generated: output/validation-2025-12-13/10.0.30.46-Validation-details-2025-12-13-03-20-24-003.log
2025-12-13 03:20:24,125 - 2235 - INFO - Email sent successfully to ['CloudOps@softeon.com']
2025-12-13 03:20:24,126 - 2235 - INFO - HTML validation report email sent for i-0cffa892fa68b1d7d
2025-12-13 03:20:24,342 - 2235 - INFO - Started i-0cffa892fa68b1d7d in 0:03:48.506911
2025-12-13 03:20:24,343 - 2235 - INFO - All instances processed.
2025-12-13 03:20:24,347 - 2235 - INFO - Restart Total time: 0:14:16.557056
2025-12-13 03:20:24,347 - 2235 - INFO - Auto-confirmed services are restarted
2025-12-13 03:20:24,347 - 2235 - INFO - Confirmed - services are started
2025-12-13 03:20:24,449 - 2235 - INFO - The following instances have failed the patch: []
2025-12-13 03:20:24,450 - 2235 - INFO - No instances have failed the patch.
2025-12-13 03:20:24,450 - 2235 - INFO - Total Patch Process time: 0:20:21.802228
2025-12-13 03:20:24,716 - 2235 - INFO - Email sent successfully to ['a80af5b5.softeon.com@in.teams.ms', 'CloudOps@softeon.com']
2025-12-13 03:21:24,913 - 2235 - INFO - Log file ./logs/patching_2025-12-13_LNF-Prod-App.log uploaded to s3://q4-2025-aws-security-patching/LNF-Prod-App_Patch/2025-12-13/patching_2025-12-13_LNF-Prod-App.log
