2026-01-07 00:01:02,869 - 17787 - INFO - Logger setup has been removed, using shared logger from common.logs.logger.
2026-01-07 00:01:02,869 - 17787 - INFO - Script Start Time: 2026-01-07 00:01:02
2026-01-07 00:01:03,041 - 17787 - INFO - Instance(s) selected for Patching: {'i-07a824da54b916597': '172.25.32.5'}
2026-01-07 00:01:03,134 - 17787 - INFO - Email sent successfully to ['a80af5b5.softeon.com@in.teams.ms', 'CloudOps@softeon.com']
2026-01-07 00:01:03,135 - 17787 - INFO - Now patching instances at: 2026-01-07 00:01:03
2026-01-07 00:01:03,183 - 17787 - INFO - Sending patch command to instance i-07a824da54b916597
2026-01-07 00:01:03,586 - 17787 - INFO - Command sent successfully to instance i-07a824da54b916597. Command ID: ede6f83a-b7b7-4f1a-8832-1287f332eaea
2026-01-07 00:05:05,457 - 17787 - INFO - All patches applied successfully.
2026-01-07 00:05:05,458 - 17787 - INFO - Patching end time: 2026-01-07 00:05:05
2026-01-07 00:05:05,458 - 17787 - INFO - Patch Elapsed time: 0:04:02.322938
2026-01-07 00:05:05,529 - 17787 - INFO - Email sent successfully to ['a80af5b5.softeon.com@in.teams.ms', 'CloudOps@softeon.com']
2026-01-07 00:05:05,529 - 17787 - INFO - Confirmed - services are stopped
2026-01-07 00:05:10,686 - 17787 - INFO - Discovered TG map: {'i-07a824da54b916597': ['arn:aws:elasticloadbalancing:us-west-2:835314132208:targetgroup/StandardFiber-UAT-Desktop-V24-2/cccc291d9c5db36a', 'arn:aws:elasticloadbalancing:us-west-2:835314132208:targetgroup/StandardFiber-UAT-RF-V24-2/fd9ab0b00dee4842', 'arn:aws:elasticloadbalancing:us-west-2:835314132208:targetgroup/StandardFiber-UAT-WS-V24-2/ccf8664b5066d1f3']}
2026-01-07 00:05:11,185 - 17787 - INFO - Sent app_validation.sh to i-07a824da54b916597 (command_id: da1156da-161e-4d38-aaf9-ce3f002f7653)
2026-01-07 00:05:41,363 - 17787 - INFO - app_validation.sh output for i-07a824da54b916597:

==============================================================================
Server Availability Check Started at Wed Jan  7 05:05:11 UTC 2026
==============================================================================

-------------------------------------
Server IP : 172.25.32.5
-------------------------------------
System Information
------------------
Hostname: ip-172-25-32-5.us-west-2.compute.internal
Uptime: up 8 weeks, 4 days, 22 hours, 55 minutes
Current User: root
Working Directory: /usr/bin
-------------------------------------
Voice Console URL: http://172.25.32.5:9090/VoiceConsole
-------------------------------------

-------------------------------------
Server IP : 172.25.32.5
-------------------------------------
Physical Memory Information
---------------------------
Total Physical Memory = 15611 MB
Used Physical Memory  = 10156 MB
Free Physical Memory  = 5455 MB
-------------------------------------
Swap Memory Information
-----------------------
Total Swap Memory = 10239 MB
Used Swap Memory  = 4007 MB
Free Swap Memory  = 6232 MB
-------------------------------------
Load Average: 1.14 1.24 0.58 1/957 2492508
-------------------------------------

Disk Usage Information
----------------------
Filesystem             Size  Used Avail Use% Mounted on
/dev/nvme0n1p1          20G  5.3G   15G  27% /
/dev/nvme0n1p128        10M  1.3M  8.7M  13% /boot/efi
/dev/mapper/vg01-lv02  240G  106G  135G  44% /data
devtmpfs               4.0M     0  4.0M   0% /dev
tmpfs                  7.7G     0  7.7G   0% /dev/shm
tmpfs                  3.1G  8.8M  3.1G   1% /run
tmpfs                  1.6G     0  1.6G   0% /run/user/2001
tmpfs                  7.7G  107M  7.6G   2% /tmp
-------------------------------------

Application Port Validation for Server IP: 172.25.32.5 started on Wed Jan  7 05:05:11 UTC 2026

Server IP: 172.25.32.5 is reachable.

SSH Service (Port 22) Status:
SSH Service (Port 22): NOT REACHABLE
-------------------------------------

FTP Service Validation for Server IP: 172.25.32.5

FTP Service (Port 21): NOT REACHABLE
No FTP processes detected
-------------------------------------

CUPS Service Validation for Server IP: 172.25.32.5

CUPS Service (Port 631): NOT REACHABLE

Printer Configuration:
Total Printers Configured: 50
Printer Details:
printer ATLMBLCRTPTR1 is idle.  enabled since Mon Apr 14 22:03:48 2025
printer ATLMBLPTR1ZBR is idle.  enabled since Wed Apr 16 17:04:08 2025
printer ATLMBLPTR2ZBR is idle.  enabled since Tue Apr 15 18:07:47 2025
printer ATLPK1LSR is idle.  enabled since Sat Apr 26 15:30:15 2025
printer ATLPK1ZBR1 is idle.  enabled since Mon Aug 11 18:25:46 2025
printer ATLPK1ZBR2 is idle.  enabled since Fri Apr 25 12:30:35 2025
printer ATLPK2LSR is idle.  enabled since Fri Sep 26 04:01:31 2025
printer ATLPK2ZBR1 is idle.  enabled since Thu Sep 25 16:33:29 2025
printer ATLPK3LSR is idle.  enabled since Thu Jul 31 04:47:38 2025
printer ATLPK3ZBR1 is idle.  enabled since Fri Aug 29 20:46:33 2025
printer ATLPK4LSR is idle.  enabled since Tue May  6 18:06:47 2025
printer ATLPK4ZBR1 is idle.  enabled since Mon Nov 10 14:30:29 2025
printer ATLPK5ZBR is idle.  enabled since Mon Nov 10 14:32:59 2025
printer ATLPROD1ZBR is idle.  enabled since Fri Apr 11 19:29:25 2025
printer ATLPROD2ZBR is idle.  enabled since Thu Jul 24 13:33:10 2025
printer ATLPROD3ZBR is idle.  enabled since Fri Apr 11 19:18:23 2025
printer ATLPROD4ZBR is idle.  enabled since Fri Apr 11 19:52:22 2025
printer ATLPRODALLAUX1 is idle.  enabled since Mon Apr 21 16:14:20 2025
printer ATLTESTGK420 is idle.  enabled since Wed Dec 10 14:44:32 2025
printer HEN1_IA1 is idle.  enabled since Wed Dec  3 18:31:06 2025
printer HEN1_IA1_LZ is idle.  enabled since Wed May 14 22:06:38 2025
printer HEN1_MB is idle.  enabled since Tue May 13 19:51:42 2025
printer HEN1_MOBI1 is idle.  enabled since Sun May 18 22:03:52 2025
printer HEN1_MOBI2 is idle.  enabled since Sun May 18 22:03:52 2025
printer HEN1_MOBI3 is idle.  enabled since Sun May 18 22:07:22 2025
printer HEN1_MOBI4 is idle.  enabled since Sun May 18 22:03:22 2025
printer HEN1_OB1 is idle.  enabled since Thu May 15 20:26:27 2025
printer HEN1_OB2 is idle.  enabled since Wed Sep 17 04:52:24 2025
printer HEN1_OB3 is idle.  enabled since Tue Sep 16 22:56:19 2025
printer HEN1_OB_LZ is idle.  enabled since Tue May 13 20:04:35 2025
printer HEN1_PR1 is idle.  enabled since Wed Jul 23 17:05:57 2025
printer HEN1_PR2 is idle.  enabled since Tue May 13 18:49:14 2025
printer HEN1_PR2_3X1 is idle.  enabled since Tue May 13 18:49:44 2025
printer HEN1_PR3 is idle.  enabled since Tue May 13 18:59:02 2025
printer HEN1_PR4 is idle.  enabled since Tue May 13 18:44:46 2025
printer HEN1_PRC1 is idle.  enabled since Fri Sep 26 12:18:27 2025
printer HEN1_PRC1_HULK is idle.  enabled since Mon May 19 22:34:11 2025
printer HEN1_PRC1_LZ is idle.  enabled since Thu May 15 21:18:04 2025
printer HEN1_PRC2 is idle.  enabled since Fri Nov  7 20:30:07 2025
printer HEN1_PRC2_LZ is idle.  enabled since Tue May 13 19:28:54 2025
printer HEN1_RAW is idle.  enabled since Wed May 14 21:42:11 2025
printer HEN1_REC1 is idle.  enabled since Tue May 13 19:40:42 2025
printer HEN1_REC2 is idle.  enabled since Tue May 13 19:43:04 2025
printer HEN1_REC3_3X1 is idle.  enabled since Tue May 13 19:42:12 2025
printer HEN1_REC_LZ is idle.  enabled since Thu May 15 20:52:15 2025
printer LV2LASMAIN is idle.  enabled since Thu May 15 09:22:52 2025
printer LVLASMAIN is idle.  enabled since Thu Dec  4 23:24:06 2025
printer LVTSTZ1 is idle.  enabled since Tue Dec 30 23:58:05 2025
printer LVTSTZ2 is idle.  enabled since Tue Aug 19 00:43:07 2025
printer V2TSTZ3 is idle.  enabled since Sat May 17 14:38:13 2025
-------------------------------------
CUPS Service (Port 631): NOT REACHABLE on 172.25.32.5
-------------------------------------

Total number of Java process running on this host 172.25.32.5 is 19
Total number of Daemon / Batch (java) application process available is 15

Daemon Process id and name details are given below
Process ID: 3878380, Process Name: 6:23
Process ID: 3878437, Process Name: 8:15
Process ID: 3878495, Process Name: 7:02
Process ID: 3878555, Process Name: 21:25
Process ID: 3878950, Process Name: 32:08
Process ID: 3878810, Process Name: 9:03
Process ID: 3878623, Process Name: 6:33
Process ID: 3879314, Process Name: 6:54
Process ID: 3879094, Process Name: 6:26
Process ID: 3879021, Process Name: 23:44
Process ID: 3878684, Process Name: 6:07
Process ID: 3878748, Process Name: 9:27
Process ID: 3878875, Process Name: 45:17
Process ID: 3879165, Process Name: 6:49
Process ID: 3879236, Process Name: 15:49
-------------------------------------

-------------------------------------
Total number of App process running on this host 172.25.32.5
Total number of App java process available is 2
-------------------------------------
App Process details:
Process ID: 3891185, Process Name: 46:58
Process ID: 3891428, Process Name: 42:18
-------------------------------------

Web Application Port Validation for Server IP: 172.25.32.5
Port 8080:	stfiberuat_	Running
Port 8081:	stfiberrf_j	Running
-------------------------------------

==============================================================================
Server Availability Check Completed at Wed Jan  7 05:05:18 UTC 2026
==============================================================================


2026-01-07 00:05:41,363 - 17787 - ERROR - app_validation.sh errors for i-07a824da54b916597:

2026-01-07 00:05:41,365 - 17787 - INFO - Before patching validation saved to: output/validation-2026-01-07/172.25.32.5-BeforePatching-2026-01-07-00-05-41-364.log
2026-01-07 00:05:41,365 - 17787 - INFO - Deregistering i-07a824da54b916597 from TG arn:aws:elasticloadbalancing:us-west-2:835314132208:targetgroup/StandardFiber-UAT-Desktop-V24-2/cccc291d9c5db36a
2026-01-07 00:05:41,695 - 17787 - INFO - Deregistering i-07a824da54b916597 from TG arn:aws:elasticloadbalancing:us-west-2:835314132208:targetgroup/StandardFiber-UAT-RF-V24-2/fd9ab0b00dee4842
2026-01-07 00:05:41,807 - 17787 - INFO - Deregistering i-07a824da54b916597 from TG arn:aws:elasticloadbalancing:us-west-2:835314132208:targetgroup/StandardFiber-UAT-WS-V24-2/ccf8664b5066d1f3
2026-01-07 00:05:41,914 - 17787 - INFO - Stopping EC2 instance: i-07a824da54b916597 at 2026-01-07 00:05:41
2026-01-07 00:07:13,651 - 17787 - INFO - Instance i-07a824da54b916597 stopped successfully.
2026-01-07 00:07:13,781 - 17787 - INFO - Stopped i-07a824da54b916597 in 0:01:31.867464
2026-01-07 00:07:13,782 - 17787 - INFO - Starting EC2 instance: i-07a824da54b916597
2026-01-07 00:07:29,984 - 17787 - INFO - Instance i-07a824da54b916597 started successfully.
2026-01-07 00:07:29,984 - 17787 - INFO - Waiting 30 seconds for SSM agent to be ready on i-07a824da54b916597...
2026-01-07 00:08:00,018 - 17787 - INFO - Registering i-07a824da54b916597 to TG arn:aws:elasticloadbalancing:us-west-2:835314132208:targetgroup/StandardFiber-UAT-Desktop-V24-2/cccc291d9c5db36a
2026-01-07 00:08:00,463 - 17787 - INFO - Registering i-07a824da54b916597 to TG arn:aws:elasticloadbalancing:us-west-2:835314132208:targetgroup/StandardFiber-UAT-RF-V24-2/fd9ab0b00dee4842
2026-01-07 00:08:00,659 - 17787 - INFO - Registering i-07a824da54b916597 to TG arn:aws:elasticloadbalancing:us-west-2:835314132208:targetgroup/StandardFiber-UAT-WS-V24-2/ccf8664b5066d1f3
2026-01-07 00:11:02,507 - 17787 - INFO - Sent app_validation.sh to i-07a824da54b916597 (command_id: 19eac583-eb38-4929-af60-68b664885322)
2026-01-07 00:11:32,658 - 17787 - INFO - app_validation.sh output for i-07a824da54b916597:

==============================================================================
Server Availability Check Started at Wed Jan  7 05:11:02 UTC 2026
==============================================================================

-------------------------------------
Server IP : 172.25.32.5
-------------------------------------
System Information
------------------
Hostname: ip-172-25-32-5.us-west-2.compute.internal
Uptime: up 3 minutes
Current User: root
Working Directory: /usr/bin
-------------------------------------
Voice Console URL: http://172.25.32.5:9090/VoiceConsole
-------------------------------------

-------------------------------------
Server IP : 172.25.32.5
-------------------------------------
Physical Memory Information
---------------------------
Total Physical Memory = 15623 MB
Used Physical Memory  = 8794 MB
Free Physical Memory  = 6829 MB
-------------------------------------
Swap Memory Information
-----------------------
Total Swap Memory = 10239 MB
Used Swap Memory  = 0 MB
Free Swap Memory  = 10239 MB
-------------------------------------
Load Average: 2.98 4.64 2.20 6/930 6028
-------------------------------------

Disk Usage Information
----------------------
Filesystem             Size  Used Avail Use% Mounted on
/dev/nvme0n1p1          20G  5.2G   15G  27% /
/dev/nvme0n1p128        10M  1.3M  8.7M  13% /boot/efi
/dev/mapper/vg01-lv02  240G  106G  135G  44% /data
devtmpfs               4.0M     0  4.0M   0% /dev
tmpfs                  7.7G     0  7.7G   0% /dev/shm
tmpfs                  3.1G  8.9M  3.1G   1% /run
tmpfs                  1.6G     0  1.6G   0% /run/user/2001
tmpfs                  7.7G  111M  7.6G   2% /tmp
-------------------------------------

Application Port Validation for Server IP: 172.25.32.5 started on Wed Jan  7 05:11:02 UTC 2026

Server IP: 172.25.32.5 is reachable.

SSH Service (Port 22) Status:
SSH Service (Port 22): NOT REACHABLE
-------------------------------------

FTP Service Validation for Server IP: 172.25.32.5

FTP Service (Port 21): NOT REACHABLE
No FTP processes detected
-------------------------------------

CUPS Service Validation for Server IP: 172.25.32.5

CUPS Service (Port 631): NOT REACHABLE

Printer Configuration:
Total Printers Configured: 50
Printer Details:
printer ATLMBLCRTPTR1 is idle.  enabled since Mon Apr 14 22:03:48 2025
printer ATLMBLPTR1ZBR is idle.  enabled since Wed Apr 16 17:04:08 2025
printer ATLMBLPTR2ZBR is idle.  enabled since Tue Apr 15 18:07:47 2025
printer ATLPK1LSR is idle.  enabled since Sat Apr 26 15:30:15 2025
printer ATLPK1ZBR1 is idle.  enabled since Mon Aug 11 18:25:46 2025
printer ATLPK1ZBR2 is idle.  enabled since Fri Apr 25 12:30:35 2025
printer ATLPK2LSR is idle.  enabled since Fri Sep 26 04:01:31 2025
printer ATLPK2ZBR1 is idle.  enabled since Thu Sep 25 16:33:29 2025
printer ATLPK3LSR is idle.  enabled since Thu Jul 31 04:47:38 2025
printer ATLPK3ZBR1 is idle.  enabled since Fri Aug 29 20:46:33 2025
printer ATLPK4LSR is idle.  enabled since Tue May  6 18:06:47 2025
printer ATLPK4ZBR1 is idle.  enabled since Mon Nov 10 14:30:29 2025
printer ATLPK5ZBR is idle.  enabled since Mon Nov 10 14:32:59 2025
printer ATLPROD1ZBR is idle.  enabled since Fri Apr 11 19:29:25 2025
printer ATLPROD2ZBR is idle.  enabled since Thu Jul 24 13:33:10 2025
printer ATLPROD3ZBR is idle.  enabled since Fri Apr 11 19:18:23 2025
printer ATLPROD4ZBR is idle.  enabled since Fri Apr 11 19:52:22 2025
printer ATLPRODALLAUX1 is idle.  enabled since Mon Apr 21 16:14:20 2025
printer ATLTESTGK420 is idle.  enabled since Wed Dec 10 14:44:32 2025
printer HEN1_IA1 is idle.  enabled since Wed Dec  3 18:31:06 2025
printer HEN1_IA1_LZ is idle.  enabled since Wed May 14 22:06:38 2025
printer HEN1_MB is idle.  enabled since Tue May 13 19:51:42 2025
printer HEN1_MOBI1 is idle.  enabled since Sun May 18 22:03:52 2025
printer HEN1_MOBI2 is idle.  enabled since Sun May 18 22:03:52 2025
printer HEN1_MOBI3 is idle.  enabled since Sun May 18 22:07:22 2025
printer HEN1_MOBI4 is idle.  enabled since Sun May 18 22:03:22 2025
printer HEN1_OB1 is idle.  enabled since Thu May 15 20:26:27 2025
printer HEN1_OB2 is idle.  enabled since Wed Sep 17 04:52:24 2025
printer HEN1_OB3 is idle.  enabled since Tue Sep 16 22:56:19 2025
printer HEN1_OB_LZ is idle.  enabled since Tue May 13 20:04:35 2025
printer HEN1_PR1 is idle.  enabled since Wed Jul 23 17:05:57 2025
printer HEN1_PR2 is idle.  enabled since Tue May 13 18:49:14 2025
printer HEN1_PR2_3X1 is idle.  enabled since Tue May 13 18:49:44 2025
printer HEN1_PR3 is idle.  enabled since Tue May 13 18:59:02 2025
printer HEN1_PR4 is idle.  enabled since Tue May 13 18:44:46 2025
printer HEN1_PRC1 is idle.  enabled since Fri Sep 26 12:18:27 2025
printer HEN1_PRC1_HULK is idle.  enabled since Mon May 19 22:34:11 2025
printer HEN1_PRC1_LZ is idle.  enabled since Thu May 15 21:18:04 2025
printer HEN1_PRC2 is idle.  enabled since Fri Nov  7 20:30:07 2025
printer HEN1_PRC2_LZ is idle.  enabled since Tue May 13 19:28:54 2025
printer HEN1_RAW is idle.  enabled since Wed May 14 21:42:11 2025
printer HEN1_REC1 is idle.  enabled since Tue May 13 19:40:42 2025
printer HEN1_REC2 is idle.  enabled since Tue May 13 19:43:04 2025
printer HEN1_REC3_3X1 is idle.  enabled since Tue May 13 19:42:12 2025
printer HEN1_REC_LZ is idle.  enabled since Thu May 15 20:52:15 2025
printer LV2LASMAIN is idle.  enabled since Thu May 15 09:22:52 2025
printer LVLASMAIN is idle.  enabled since Thu Dec  4 23:24:06 2025
printer LVTSTZ1 is idle.  enabled since Tue Dec 30 23:58:05 2025
printer LVTSTZ2 is idle.  enabled since Tue Aug 19 00:43:07 2025
printer V2TSTZ3 is idle.  enabled since Sat May 17 14:38:13 2025
-------------------------------------
CUPS Service (Port 631): NOT REACHABLE on 172.25.32.5
-------------------------------------

Total number of Java process running on this host 172.25.32.5 is 19
Total number of Daemon / Batch (java) application process available is 15

Daemon Process id and name details are given below
Process ID: 2830, Process Name: 0:03
Process ID: 2905, Process Name: 0:04
Process ID: 2967, Process Name: 0:03
Process ID: 3038, Process Name: 0:06
Process ID: 3413, Process Name: 0:07
Process ID: 3295, Process Name: 0:04
Process ID: 3098, Process Name: 0:03
Process ID: 3734, Process Name: 0:03
Process ID: 3538, Process Name: 0:03
Process ID: 3471, Process Name: 0:07
Process ID: 3170, Process Name: 0:03
Process ID: 3237, Process Name: 0:04
Process ID: 3356, Process Name: 0:08
Process ID: 3604, Process Name: 0:04
Process ID: 3671, Process Name: 0:04
-------------------------------------

-------------------------------------
Total number of App process running on this host 172.25.32.5
Total number of App java process available is 2
-------------------------------------
App Process details:
Process ID: 5132, Process Name: 0:58
Process ID: 5200, Process Name: 0:57
-------------------------------------

Web Application Port Validation for Server IP: 172.25.32.5
Port 8080:	stfiberuat_j80	Running
Port 8081:	stfiberrf_j800	Running
-------------------------------------

==============================================================================
Server Availability Check Completed at Wed Jan  7 05:11:07 UTC 2026
==============================================================================


2026-01-07 00:11:32,659 - 17787 - ERROR - app_validation.sh errors for i-07a824da54b916597:

2026-01-07 00:11:32,660 - 17787 - INFO - After patching validation saved to: output/validation-2026-01-07/172.25.32.5-AfterPatching-2026-01-07-00-11-32-660.log
2026-01-07 00:11:32,707 - 17787 - INFO - Validation comparison report generated: output/validation-2026-01-07/172.25.32.5-Validation-details-2026-01-07-00-11-32-660.log
2026-01-07 00:11:32,794 - 17787 - INFO - Email sent successfully to ['CloudOps@softeon.com']
2026-01-07 00:11:32,794 - 17787 - INFO - HTML validation report email sent for i-07a824da54b916597
2026-01-07 00:11:32,947 - 17787 - INFO - Started i-07a824da54b916597 in 0:04:19.165358
2026-01-07 00:11:32,947 - 17787 - INFO - All instances processed.
2026-01-07 00:11:32,951 - 17787 - INFO - Restart Total time: 0:06:27.314369
2026-01-07 00:11:32,951 - 17787 - INFO - Auto-confirmed services are restarted
2026-01-07 00:11:32,951 - 17787 - INFO - Confirmed - services are started
2026-01-07 00:11:33,057 - 17787 - INFO - The following instances have failed the patch: []
2026-01-07 00:11:33,057 - 17787 - INFO - No instances have failed the patch.
2026-01-07 00:11:33,057 - 17787 - INFO - Total Patch Process time: 0:10:30.187769
2026-01-07 00:11:33,310 - 17787 - INFO - Email sent successfully to ['a80af5b5.softeon.com@in.teams.ms', 'CloudOps@softeon.com']
2026-01-07 00:12:33,467 - 17787 - INFO - Log file ./logs/patching_2026-01-07_StandardFiber-UAT.log uploaded to s3://q1-2026-aws-security-patching/StandardFiber-UAT_Patch/2026-01-07/patching_2026-01-07_StandardFiber-UAT.log
