2025-12-21 01:05:02,871 - 4505 - INFO - Email sent successfully to ['CloudOps@softeon.com']
2025-12-21 01:13:22,149 - 4505 - INFO - Email sent successfully to ['MahimaM@softeon.com']
2025-12-21 01:13:22,290 - 4505 - INFO - Log file ./logs/backup_2025-12-21.log uploaded to s3://q3-2025-aws-security-patching/G3-Batch_Patch_Backup/2025-12-21/backup_2025-12-21.log
2025-12-21 05:05:02,795 - 17421 - INFO - Logger setup has been removed, using shared logger from common.logs.logger.
2025-12-21 05:05:02,795 - 17421 - INFO - Script Start Time: 2025-12-21 05:05:02
2025-12-21 05:05:02,950 - 17421 - INFO - Instance(s) selected for Patching: {'i-03609ed3e7d6a7859': '192.168.161.120'}
2025-12-21 05:05:03,043 - 17421 - INFO - Email sent successfully to ['a80af5b5.softeon.com@in.teams.ms', 'CloudOps@softeon.com']
2025-12-21 05:05:03,043 - 17421 - INFO - Now patching instances at: 2025-12-21 05:05:03
2025-12-21 05:05:03,100 - 17421 - INFO - Sending patch command to instance i-03609ed3e7d6a7859
2025-12-21 05:05:03,512 - 17421 - INFO - Command sent successfully to instance i-03609ed3e7d6a7859. Command ID: 592b7da5-7e2d-4107-ac92-7caeab87fedd
2025-12-21 05:12:06,409 - 17421 - INFO - All patches applied successfully.
2025-12-21 05:12:06,409 - 17421 - INFO - Patching end time: 2025-12-21 05:12:06
2025-12-21 05:12:06,409 - 17421 - INFO - Patch Elapsed time: 0:07:03.365915
2025-12-21 05:12:06,478 - 17421 - INFO - Email sent successfully to ['a80af5b5.softeon.com@in.teams.ms', 'CloudOps@softeon.com']
2025-12-21 05:12:06,478 - 17421 - INFO - Confirmed - services are stopped
2025-12-21 05:12:11,491 - 17421 - INFO - Discovered TG map: {}
2025-12-21 05:12:11,966 - 17421 - INFO - Sent app_validation.sh to i-03609ed3e7d6a7859 (command_id: b898773a-dba9-42db-b18d-a6abc48cbe27)
2025-12-21 05:12:42,098 - 17421 - INFO - app_validation.sh output for i-03609ed3e7d6a7859:

==============================================================================
Server Availability Check Started at Sun Dec 21 10:12:12 UTC 2025
==============================================================================

-------------------------------------
Server IP : 192.168.161.120
-------------------------------------
System Information
------------------
Hostname: ip-192-168-161-120.us-west-2.compute.internal
Uptime: up 20 weeks, 2 hours, 9 minutes
Current User: root
Working Directory: /usr/bin
-------------------------------------
Voice Console URL: http://192.168.161.120:9090/VoiceConsole
-------------------------------------

-------------------------------------
Server IP : 192.168.161.120
-------------------------------------
Physical Memory Information
---------------------------
Total Physical Memory = 15611 MB
Used Physical Memory  = 4368 MB
Free Physical Memory  = 11243 MB
-------------------------------------
Swap Memory Information
-----------------------
Total Swap Memory = 10239 MB
Used Swap Memory  = 1003 MB
Free Swap Memory  = 9236 MB
-------------------------------------
Load Average: 1.03 1.30 0.71 4/605 627309
-------------------------------------

Disk Usage Information
----------------------
Filesystem                                 Size  Used Avail Use% Mounted on
/dev/nvme0n1p1                              20G  6.2G   14G  31% /
/dev/nvme0n1p128                            10M  1.3M  8.7M  13% /boot/efi
/dev/nvme1n1p2                             290G  135G  156G  47% /data
fs-85963b80.efs.us-west-2.amazonaws.com:/  8.0E   42G  8.0E   1% /data2
devtmpfs                                   4.0M     0  4.0M   0% /dev
tmpfs                                      7.7G     0  7.7G   0% /dev/shm
tmpfs                                      3.1G  728K  3.1G   1% /run
tmpfs                                      1.6G     0  1.6G   0% /run/user/2001
tmpfs                                      1.6G     0  1.6G   0% /run/user/2002
tmpfs                                      7.7G  448K  7.7G   1% /tmp
-------------------------------------

Application Port Validation for Server IP: 192.168.161.120 started on Sun Dec 21 10:12:12 UTC 2025

Server IP: 192.168.161.120 is reachable.

SSH Service (Port 22) Status:
SSH Service (Port 22): NOT REACHABLE
-------------------------------------

FTP Service Validation for Server IP: 192.168.161.120

FTP Service (Port 21): NOT REACHABLE
No FTP processes detected
-------------------------------------

CUPS Service Validation for Server IP: 192.168.161.120

CUPS Service (Port 631): NOT REACHABLE

Printer Configuration:
Total Printers Configured: 0
-------------------------------------
CUPS Service (Port 631): NOT REACHABLE on 192.168.161.120
-------------------------------------

Total number of Java process running on this host 192.168.161.120 is 14
Total number of Daemon / Batch (java) application process available is 13

Daemon Process id and name details are given below
Process ID: 531359, Process Name: 22:20
Process ID: 531672, Process Name: 33:43
Process ID: 531138, Process Name: 33:27
Process ID: 531183, Process Name: 12:45
Process ID: 531404, Process Name: 24:54
Process ID: 531222, Process Name: 811:01
Process ID: 4117854, Process Name: 6:02
Process ID: 1436470, Process Name: 13:33
Process ID: 531633, Process Name: 12:19
Process ID: 531586, Process Name: 13:56
Process ID: 2170037, Process Name: 9:51
Process ID: 531450, Process Name: 90:52
Process ID: 531537, Process Name: 15:34
-------------------------------------

-------------------------------------
Total number of App process running on this host 192.168.161.120
Total number of App java process available is 0
-------------------------------------
No Standalone application processes running
-------------------------------------

Web Application Port Validation for Server IP: 192.168.161.120
-------------------------------------

==============================================================================
Server Availability Check Completed at Sun Dec 21 10:12:13 UTC 2025
==============================================================================


2025-12-21 05:12:42,099 - 17421 - ERROR - app_validation.sh errors for i-03609ed3e7d6a7859:

2025-12-21 05:12:42,101 - 17421 - INFO - Before patching validation saved to: output/validation-2025-12-21/192.168.161.120-BeforePatching-2025-12-21-05-12-42-100.log
2025-12-21 05:12:42,101 - 17421 - INFO - Stopping EC2 instance: i-03609ed3e7d6a7859 at 2025-12-21 05:12:42
2025-12-21 05:15:29,690 - 17421 - INFO - Instance i-03609ed3e7d6a7859 stopped successfully.
2025-12-21 05:15:29,808 - 17421 - INFO - Stopped i-03609ed3e7d6a7859 in 0:02:47.706957
2025-12-21 05:15:29,808 - 17421 - INFO - Starting EC2 instance: i-03609ed3e7d6a7859
2025-12-21 05:15:45,892 - 17421 - INFO - Instance i-03609ed3e7d6a7859 started successfully.
2025-12-21 05:15:45,892 - 17421 - INFO - Waiting 30 seconds for SSM agent to be ready on i-03609ed3e7d6a7859...
2025-12-21 05:16:16,301 - 17421 - INFO - Sent app_validation.sh to i-03609ed3e7d6a7859 (command_id: 4960671c-7b98-41da-8bca-0b31c4549f6e)
2025-12-21 05:16:46,412 - 17421 - INFO - app_validation.sh output for i-03609ed3e7d6a7859:

==============================================================================
Server Availability Check Started at Sun Dec 21 10:16:16 UTC 2025
==============================================================================

-------------------------------------
Server IP : 192.168.161.120
-------------------------------------
System Information
------------------
Hostname: ip-192-168-161-120.us-west-2.compute.internal
Uptime: up 0 minutes
Current User: root
Working Directory: /usr/bin
-------------------------------------
Voice Console URL: http://192.168.161.120:9090/VoiceConsole
-------------------------------------

-------------------------------------
Server IP : 192.168.161.120
-------------------------------------
Physical Memory Information
---------------------------
Total Physical Memory = 15623 MB
Used Physical Memory  = 539 MB
Free Physical Memory  = 15084 MB
-------------------------------------
Swap Memory Information
-----------------------
Total Swap Memory = 10239 MB
Used Swap Memory  = 0 MB
Free Swap Memory  = 10239 MB
-------------------------------------
Load Average: 10.83 3.18 1.09 3/262 4988
-------------------------------------

Disk Usage Information
----------------------
Filesystem                                 Size  Used Avail Use% Mounted on
/dev/nvme0n1p1                              20G  6.0G   15G  30% /
/dev/nvme0n1p128                            10M  1.3M  8.7M  13% /boot/efi
/dev/nvme1n1p2                             290G  135G  156G  47% /data
fs-85963b80.efs.us-west-2.amazonaws.com:/  8.0E   42G  8.0E   1% /data2
devtmpfs                                   4.0M     0  4.0M   0% /dev
tmpfs                                      7.7G     0  7.7G   0% /dev/shm
tmpfs                                      3.1G  652K  3.1G   1% /run
tmpfs                                      7.7G   96K  7.7G   1% /tmp
-------------------------------------

Application Port Validation for Server IP: 192.168.161.120 started on Sun Dec 21 10:16:16 UTC 2025

Server IP: 192.168.161.120 is reachable.

SSH Service (Port 22) Status:
SSH Service (Port 22): NOT REACHABLE
-------------------------------------

FTP Service Validation for Server IP: 192.168.161.120

FTP Service (Port 21): NOT REACHABLE
No FTP processes detected
-------------------------------------

CUPS Service Validation for Server IP: 192.168.161.120

CUPS Service (Port 631): NOT REACHABLE

Printer Configuration:
Total Printers Configured: 0
-------------------------------------
CUPS Service (Port 631): NOT REACHABLE on 192.168.161.120
-------------------------------------

Total number of Java process running on this host 192.168.161.120 is 0
Total number of Daemon / Batch (java) application process available is 0

No Java daemon processes running
-------------------------------------

-------------------------------------
Total number of App process running on this host 192.168.161.120
Total number of App java process available is 0
-------------------------------------
No Standalone application processes running
-------------------------------------

Web Application Port Validation for Server IP: 192.168.161.120
-------------------------------------

==============================================================================
Server Availability Check Completed at Sun Dec 21 10:16:17 UTC 2025
==============================================================================


2025-12-21 05:16:46,412 - 17421 - ERROR - app_validation.sh errors for i-03609ed3e7d6a7859:

2025-12-21 05:16:46,413 - 17421 - INFO - After patching validation saved to: output/validation-2025-12-21/192.168.161.120-AfterPatching-2025-12-21-05-16-46-413.log
2025-12-21 05:16:46,446 - 17421 - INFO - Validation comparison report generated: output/validation-2025-12-21/192.168.161.120-Validation-details-2025-12-21-05-16-46-413.log
2025-12-21 05:16:46,534 - 17421 - INFO - Email sent successfully to ['CloudOps@softeon.com']
2025-12-21 05:16:46,534 - 17421 - INFO - HTML validation report email sent for i-03609ed3e7d6a7859
2025-12-21 05:16:46,657 - 17421 - INFO - Started i-03609ed3e7d6a7859 in 0:01:16.848311
2025-12-21 05:16:46,657 - 17421 - INFO - All instances processed.
2025-12-21 05:16:46,659 - 17421 - INFO - Restart Total time: 0:04:40.054850
2025-12-21 05:16:46,660 - 17421 - INFO - Auto-confirmed services are restarted
2025-12-21 05:16:46,660 - 17421 - INFO - Confirmed - services are started
2025-12-21 05:16:46,837 - 17421 - INFO - The following instances have failed the patch: []
2025-12-21 05:16:46,837 - 17421 - INFO - No instances have failed the patch.
2025-12-21 05:16:46,837 - 17421 - INFO - Total Patch Process time: 0:11:44.041382
2025-12-21 05:16:47,024 - 17421 - INFO - Email sent successfully to ['a80af5b5.softeon.com@in.teams.ms', 'CloudOps@softeon.com']
2025-12-21 05:17:47,226 - 17421 - INFO - Log file ./logs/patching_2025-12-21_G3-Batch.log uploaded to s3://q4-2025-aws-security-patching/G3-Batch_Patch/2025-12-21/patching_2025-12-21_G3-Batch.log
