2025-11-08 01:50:02,121 - 19394 - INFO - Logger setup has been removed, using shared logger from common.logs.logger.
2025-11-08 01:50:02,122 - 19394 - INFO - Script Start Time: 2025-11-08 01:50:02
2025-11-08 01:50:02,367 - 19394 - INFO - Instance(s) selected for Patching: {'i-0ca35824e0f2fc7f0': '172.29.60.237'}
2025-11-08 01:50:02,456 - 19394 - INFO - Email sent successfully to ['a80af5b5.softeon.com@in.teams.ms', 'CloudOps@softeon.com']
2025-11-08 01:50:02,457 - 19394 - INFO - Now patching instances at: 2025-11-08 01:50:02
2025-11-08 01:50:02,522 - 19394 - INFO - Sending patch command to instance i-0ca35824e0f2fc7f0
2025-11-08 01:50:02,656 - 19394 - INFO - Command sent successfully to instance i-0ca35824e0f2fc7f0. Command ID: 0200e387-e25d-4ede-8efd-186e23ffb606
2025-11-08 01:55:04,020 - 19394 - INFO - All patches applied successfully.
2025-11-08 01:55:04,021 - 19394 - INFO - Patching end time: 2025-11-08 01:55:04
2025-11-08 01:55:04,021 - 19394 - INFO - Patch Elapsed time: 0:05:01.564254
2025-11-08 01:55:04,104 - 19394 - INFO - Email sent successfully to ['a80af5b5.softeon.com@in.teams.ms', 'CloudOps@softeon.com']
2025-11-08 01:55:04,104 - 19394 - INFO - Confirmed - services are stopped
2025-11-08 01:55:24,244 - 19394 - INFO - Discovered TG map: {}
2025-11-08 01:55:24,528 - 19394 - INFO - Sent app_validation.sh to i-0ca35824e0f2fc7f0 (command_id: 6ba556c5-f81b-4595-962c-4c35b92cb812)
2025-11-08 01:55:54,633 - 19394 - INFO - app_validation.sh output for i-0ca35824e0f2fc7f0:

==============================================================================
Server Availability Check Started at Sat Nov  8 06:55:24 UTC 2025
==============================================================================

-------------------------------------
Server IP : 172.29.60.237
-------------------------------------
System Information
------------------
Hostname: ip-172-29-60-237
Uptime: up 11 weeks, 1 hour, 57 minutes
Current User: root
Working Directory: /usr/bin
-------------------------------------
Voice Console URL: http://172.29.60.237:9090/VoiceConsole
-------------------------------------

-------------------------------------
Server IP : 172.29.60.237
-------------------------------------
Physical Memory Information
---------------------------
Total Physical Memory = 15611 MB
Used Physical Memory  = 822 MB
Free Physical Memory  = 14789 MB
-------------------------------------
Swap Memory Information
-----------------------
Total Swap Memory = 10239 MB
Used Swap Memory  = 590 MB
Free Swap Memory  = 9649 MB
-------------------------------------
Load Average: 0.38 0.66 0.43 1/327 2518435
-------------------------------------

Disk Usage Information
----------------------
Filesystem                                 Size  Used Avail Use% Mounted on
/dev/nvme0n1p1                              20G  6.3G   14G  32% /
/dev/nvme0n1p128                            10M  1.3M  8.7M  13% /boot/efi
/dev/nvme1n1p2                             290G  141G  150G  49% /data
fs-65e68487.efs.us-east-1.amazonaws.com:/  8.0E  6.0T  8.0E   1% /data2
devtmpfs                                   4.0M     0  4.0M   0% /dev
tmpfs                                      7.7G     0  7.7G   0% /dev/shm
tmpfs                                      3.1G  752K  3.1G   1% /run
tmpfs                                      1.6G     0  1.6G   0% /run/user/2001
tmpfs                                      1.6G     0  1.6G   0% /run/user/992
tmpfs                                      7.7G   46M  7.6G   1% /tmp
-------------------------------------

Application Port Validation for Server IP: 172.29.60.237 started on Sat Nov  8 06:55:24 UTC 2025

Server IP: 172.29.60.237 is reachable.

SSH Service (Port 22) Status:
SSH Service (Port 22): NOT REACHABLE
-------------------------------------

FTP Service Validation for Server IP: 172.29.60.237

FTP Service (Port 21): NOT REACHABLE
No FTP processes detected
-------------------------------------

CUPS Service Validation for Server IP: 172.29.60.237

CUPS Service (Port 631): NOT REACHABLE

Printer Configuration:
Total Printers Configured: 0
-------------------------------------
CUPS Service (Port 631): NOT REACHABLE on 172.29.60.237
-------------------------------------

Total number of Java process running on this host 172.29.60.237 is 2
Total number of Daemon / Batch (java) application process available is 0

No Java daemon processes running
-------------------------------------

-------------------------------------
Total number of App process running on this host 172.29.60.237
Total number of App java process available is 0
-------------------------------------
No Standalone application processes running
-------------------------------------

Web Application Port Validation for Server IP: 172.29.60.237
-------------------------------------

==============================================================================
Server Availability Check Completed at Sat Nov  8 06:55:25 UTC 2025
==============================================================================


2025-11-08 01:55:54,633 - 19394 - ERROR - app_validation.sh errors for i-0ca35824e0f2fc7f0:

2025-11-08 01:55:54,635 - 19394 - INFO - Before patching validation saved to: output/validation-2025-11-08/172.29.60.237-BeforePatching-2025-11-08-01-55-54-635.log
2025-11-08 01:55:54,636 - 19394 - INFO - Stopping EC2 instance: i-0ca35824e0f2fc7f0 at 2025-11-08 01:55:54
2025-11-08 01:57:26,065 - 19394 - INFO - Instance i-0ca35824e0f2fc7f0 stopped successfully.
2025-11-08 01:57:26,180 - 19394 - INFO - Stopped i-0ca35824e0f2fc7f0 in 0:01:31.544568
2025-11-08 01:57:26,180 - 19394 - INFO - Starting EC2 instance: i-0ca35824e0f2fc7f0
2025-11-08 01:57:41,858 - 19394 - INFO - Instance i-0ca35824e0f2fc7f0 started successfully.
2025-11-08 01:57:41,858 - 19394 - INFO - Waiting 30 seconds for SSM agent to be ready on i-0ca35824e0f2fc7f0...
2025-11-08 01:58:12,016 - 19394 - INFO - Sent app_validation.sh to i-0ca35824e0f2fc7f0 (command_id: 6a3007a7-b097-4ee1-8da9-3ec6c267313b)
2025-11-08 01:58:42,093 - 19394 - INFO - app_validation.sh output for i-0ca35824e0f2fc7f0:

==============================================================================
Server Availability Check Started at Sat Nov  8 06:58:12 UTC 2025
==============================================================================

-------------------------------------
Server IP : 172.29.60.237
-------------------------------------
System Information
------------------
Hostname: ip-172-29-60-237
Uptime: up 0 minutes
Current User: root
Working Directory: /usr/bin
-------------------------------------
Voice Console URL: http://172.29.60.237:9090/VoiceConsole
-------------------------------------

-------------------------------------
Server IP : 172.29.60.237
-------------------------------------
Physical Memory Information
---------------------------
Total Physical Memory = 15611 MB
Used Physical Memory  = 826 MB
Free Physical Memory  = 14785 MB
-------------------------------------
Swap Memory Information
-----------------------
Total Swap Memory = 10239 MB
Used Swap Memory  = 0 MB
Free Swap Memory  = 10239 MB
-------------------------------------
Load Average: 1.22 0.38 0.13 6/308 3017
-------------------------------------

Disk Usage Information
----------------------
Filesystem                                 Size  Used Avail Use% Mounted on
/dev/nvme0n1p1                              20G  6.1G   14G  31% /
/dev/nvme0n1p128                            10M  1.3M  8.7M  13% /boot/efi
/dev/nvme1n1p2                             290G  141G  150G  49% /data
fs-65e68487.efs.us-east-1.amazonaws.com:/  8.0E  6.0T  8.0E   1% /data2
devtmpfs                                   4.0M     0  4.0M   0% /dev
tmpfs                                      7.7G     0  7.7G   0% /dev/shm
tmpfs                                      3.1G  676K  3.1G   1% /run
tmpfs                                      1.6G     0  1.6G   0% /run/user/992
tmpfs                                      7.7G   64M  7.6G   1% /tmp
-------------------------------------

Application Port Validation for Server IP: 172.29.60.237 started on Sat Nov  8 06:58:12 UTC 2025

Server IP: 172.29.60.237 is reachable.

SSH Service (Port 22) Status:
SSH Service (Port 22): NOT REACHABLE
-------------------------------------

FTP Service Validation for Server IP: 172.29.60.237

FTP Service (Port 21): NOT REACHABLE
No FTP processes detected
-------------------------------------

CUPS Service Validation for Server IP: 172.29.60.237

CUPS Service (Port 631): NOT REACHABLE

Printer Configuration:
Total Printers Configured: 0
-------------------------------------
CUPS Service (Port 631): NOT REACHABLE on 172.29.60.237
-------------------------------------

Total number of Java process running on this host 172.29.60.237 is 2
Total number of Daemon / Batch (java) application process available is 0

No Java daemon processes running
-------------------------------------

-------------------------------------
Total number of App process running on this host 172.29.60.237
Total number of App java process available is 0
-------------------------------------
No Standalone application processes running
-------------------------------------

Web Application Port Validation for Server IP: 172.29.60.237
-------------------------------------

==============================================================================
Server Availability Check Completed at Sat Nov  8 06:58:12 UTC 2025
==============================================================================


2025-11-08 01:58:42,093 - 19394 - ERROR - app_validation.sh errors for i-0ca35824e0f2fc7f0:

2025-11-08 01:58:42,095 - 19394 - INFO - After patching validation saved to: output/validation-2025-11-08/172.29.60.237-AfterPatching-2025-11-08-01-58-42-094.log
2025-11-08 01:58:42,143 - 19394 - INFO - Validation comparison report generated: output/validation-2025-11-08/172.29.60.237-Validation-details-2025-11-08-01-58-42-094.log
2025-11-08 01:58:42,227 - 19394 - INFO - Email sent successfully to ['CloudOps@softeon.com']
2025-11-08 01:58:42,227 - 19394 - INFO - HTML validation report email sent for i-0ca35824e0f2fc7f0
2025-11-08 01:58:42,366 - 19394 - INFO - Started i-0ca35824e0f2fc7f0 in 0:01:16.185949
2025-11-08 01:58:42,367 - 19394 - INFO - All instances processed.
2025-11-08 01:58:42,369 - 19394 - INFO - Restart Total time: 0:03:38.128466
2025-11-08 01:58:42,369 - 19394 - INFO - Auto-confirmed services are restarted
2025-11-08 01:58:42,369 - 19394 - INFO - Confirmed - services are started
2025-11-08 01:58:42,477 - 19394 - INFO - The following instances have failed the patch: []
2025-11-08 01:58:42,478 - 19394 - INFO - No instances have failed the patch.
2025-11-08 01:58:42,478 - 19394 - INFO - Total Patch Process time: 0:08:40.355468
2025-11-08 01:58:42,664 - 19394 - INFO - Email sent successfully to ['a80af5b5.softeon.com@in.teams.ms', 'CloudOps@softeon.com']
2025-11-08 01:59:42,883 - 19394 - INFO - Log file ./logs/patching_2025-11-08_UPS-Birkenstock-Batch.log uploaded to s3://q4-2025-aws-security-patching/UPS-Birkenstock-Batch_Patch/2025-11-08/patching_2025-11-08_UPS-Birkenstock-Batch.log
