2025-10-30 02:05:01,552 - 12960 - INFO - Logger setup has been removed, using shared logger from common.logs.logger.
2025-10-30 02:05:01,553 - 12960 - INFO - Script Start Time: 2025-10-30 02:05:01
2025-10-30 02:05:01,786 - 12960 - INFO - Instance(s) selected for Patching: {'i-0583a1e0f5ed2e5f8': '10.0.24.20'}
2025-10-30 02:05:01,886 - 12960 - INFO - Email sent successfully to ['adityak@softeon.com', 'a80af5b5.softeon.com@in.teams.ms', 'ITSupport@softeon.com']
2025-10-30 02:05:01,887 - 12960 - INFO - Now patching instances at: 2025-10-30 02:05:01
2025-10-30 02:05:02,125 - 12960 - INFO - Sending patch command to instance i-0583a1e0f5ed2e5f8
2025-10-30 02:05:02,278 - 12960 - INFO - Command sent successfully to instance i-0583a1e0f5ed2e5f8. Command ID: ebb2a3b7-78bd-41cb-a095-c5a0e9e8cd5e
2025-10-30 02:10:34,185 - 12960 - INFO - All patches applied successfully.
2025-10-30 02:10:34,185 - 12960 - INFO - Patching end time: 2025-10-30 02:10:34
2025-10-30 02:10:34,185 - 12960 - INFO - Patch Elapsed time: 0:05:32.298819
2025-10-30 02:10:34,265 - 12960 - INFO - Email sent successfully to ['adityak@softeon.com', 'a80af5b5.softeon.com@in.teams.ms', 'ITSupport@softeon.com']
2025-10-30 02:10:34,265 - 12960 - INFO - Confirmed - services are stopped
2025-10-30 02:10:55,140 - 12960 - INFO - Discovered TG map: {'i-0583a1e0f5ed2e5f8': ['arn:aws:elasticloadbalancing:us-east-1:835314132208:targetgroup/ConMed-UAT-2-WMS-Desktop/c4c96f8f0698d0a7', 'arn:aws:elasticloadbalancing:us-east-1:835314132208:targetgroup/ConMed-UAT-2-WMS-RF/ddf65ab59eebb86a']}
2025-10-30 02:10:55,419 - 12960 - INFO - Sent app_validation.sh to i-0583a1e0f5ed2e5f8 (command_id: 1e6027d6-30a5-4c77-9373-a8b30370eb21)
2025-10-30 02:11:25,512 - 12960 - INFO - app_validation.sh output for i-0583a1e0f5ed2e5f8:

==============================================================================
Server Availability Check Started at Thu Oct 30 06:10:55 UTC 2025
==============================================================================

-------------------------------------
Server IP : 10.0.24.20
-------------------------------------
System Information
------------------
Hostname: ip-10-0-24-20
Uptime: up 14 weeks, 6 days, 22 hours, 36 minutes
Current User: root
Working Directory: /usr/bin
-------------------------------------
Voice Console URL: http://10.0.24.20:9090/VoiceConsole
-------------------------------------

-------------------------------------
Server IP : 10.0.24.20
-------------------------------------
Physical Memory Information
---------------------------
Total Physical Memory = 15611 MB
Used Physical Memory  = 8669 MB
Free Physical Memory  = 6942 MB
-------------------------------------
Swap Memory Information
-----------------------
Total Swap Memory = 10239 MB
Used Swap Memory  = 1324 MB
Free Swap Memory  = 8915 MB
-------------------------------------
Load Average: 0.70 0.98 0.48 1/711 2256234
-------------------------------------

Disk Usage Information
----------------------
Filesystem        Size  Used Avail Use% Mounted on
/dev/nvme0n1p1     20G  5.8G   15G  29% /
/dev/nvme0n1p128   10M  1.3M  8.7M  13% /boot/efi
/dev/nvme1n1p2    290G  180G  111G  63% /data
devtmpfs          4.0M     0  4.0M   0% /dev
tmpfs             7.7G     0  7.7G   0% /dev/shm
tmpfs             3.1G  716K  3.1G   1% /run
tmpfs             1.6G     0  1.6G   0% /run/user/2001
tmpfs             1.6G     0  1.6G   0% /run/user/992
tmpfs             7.7G   66M  7.6G   1% /tmp
-------------------------------------

Application Port Validation for Server IP: 10.0.24.20 started on Thu Oct 30 06:10:55 UTC 2025

Server IP: 10.0.24.20 is reachable.

SSH Service (Port 22) Status:
SSH Service (Port 22): NOT REACHABLE
-------------------------------------

FTP Service Validation for Server IP: 10.0.24.20

FTP Service (Port 21): NOT REACHABLE
No FTP processes detected
-------------------------------------

CUPS Service Validation for Server IP: 10.0.24.20

CUPS Service (Port 631): NOT REACHABLE

Printer Configuration:
Total Printers Configured: 0
-------------------------------------
CUPS Service (Port 631): NOT REACHABLE on 10.0.24.20
-------------------------------------

Total number of Java process running on this host 10.0.24.20 is 17
Total number of Daemon / Batch (java) application process available is 13

Daemon Process id and name details are given below
Process ID: 1287294, Process Name: 1:53
Process ID: 1287339, Process Name: 1:06
Process ID: 1287384, Process Name: 25:21
Process ID: 1287848, Process Name: 20:19
Process ID: 1287751, Process Name: 1:34
Process ID: 1287656, Process Name: 1:40
Process ID: 1287429, Process Name: 1:03
Process ID: 1287519, Process Name: 10:43
Process ID: 1287474, Process Name: 1:02
Process ID: 1287564, Process Name: 2:14
Process ID: 1287609, Process Name: 1:39
Process ID: 1287706, Process Name: 4:28
Process ID: 1287799, Process Name: 1:05
-------------------------------------

-------------------------------------
Total number of App process running on this host 10.0.24.20
Total number of App java process available is 2
-------------------------------------
App Process details:
Process ID: 1289170, Process Name: 9:04
Process ID: 1289352, Process Name: 8:48
-------------------------------------

Web Application Port Validation for Server IP: 10.0.24.20
Port 8080:	conmeduat2_	Running
Port 8081:	conrfuat2_j	Running
-------------------------------------

==============================================================================
Server Availability Check Completed at Thu Oct 30 06:10:57 UTC 2025
==============================================================================


2025-10-30 02:11:25,512 - 12960 - ERROR - app_validation.sh errors for i-0583a1e0f5ed2e5f8:

2025-10-30 02:11:25,515 - 12960 - INFO - Before patching validation saved to: output/validation-2025-10-30/10.0.24.20-BeforePatching-2025-10-30-02-11-25-514.log
2025-10-30 02:11:25,515 - 12960 - INFO - Deregistering i-0583a1e0f5ed2e5f8 from TG arn:aws:elasticloadbalancing:us-east-1:835314132208:targetgroup/ConMed-UAT-2-WMS-Desktop/c4c96f8f0698d0a7
2025-10-30 02:11:25,593 - 12960 - INFO - Deregistering i-0583a1e0f5ed2e5f8 from TG arn:aws:elasticloadbalancing:us-east-1:835314132208:targetgroup/ConMed-UAT-2-WMS-RF/ddf65ab59eebb86a
2025-10-30 02:11:25,637 - 12960 - INFO - Stopping EC2 instance: i-0583a1e0f5ed2e5f8 at 2025-10-30 02:11:25
2025-10-30 02:13:12,005 - 12960 - INFO - Instance i-0583a1e0f5ed2e5f8 stopped successfully.
2025-10-30 02:13:12,129 - 12960 - INFO - Stopped i-0583a1e0f5ed2e5f8 in 0:01:46.491840
2025-10-30 02:13:12,129 - 12960 - INFO - Starting EC2 instance: i-0583a1e0f5ed2e5f8
2025-10-30 02:13:27,874 - 12960 - INFO - Instance i-0583a1e0f5ed2e5f8 started successfully.
2025-10-30 02:13:27,874 - 12960 - INFO - Waiting 30 seconds for SSM agent to be ready on i-0583a1e0f5ed2e5f8...
2025-10-30 02:13:57,879 - 12960 - INFO - Registering i-0583a1e0f5ed2e5f8 to TG arn:aws:elasticloadbalancing:us-east-1:835314132208:targetgroup/ConMed-UAT-2-WMS-Desktop/c4c96f8f0698d0a7
2025-10-30 02:13:58,038 - 12960 - INFO - Registering i-0583a1e0f5ed2e5f8 to TG arn:aws:elasticloadbalancing:us-east-1:835314132208:targetgroup/ConMed-UAT-2-WMS-RF/ddf65ab59eebb86a
2025-10-30 02:15:58,655 - 12960 - INFO - Sent app_validation.sh to i-0583a1e0f5ed2e5f8 (command_id: bbc16634-eaba-4530-8373-2174c39bf7ff)
2025-10-30 02:16:28,753 - 12960 - INFO - app_validation.sh output for i-0583a1e0f5ed2e5f8:

==============================================================================
Server Availability Check Started at Thu Oct 30 06:15:58 UTC 2025
==============================================================================

-------------------------------------
Server IP : 10.0.24.20
-------------------------------------
System Information
------------------
Hostname: ip-10-0-24-20
Uptime: up 2 minutes
Current User: root
Working Directory: /usr/bin
-------------------------------------
Voice Console URL: http://10.0.24.20:9090/VoiceConsole
-------------------------------------

-------------------------------------
Server IP : 10.0.24.20
-------------------------------------
Physical Memory Information
---------------------------
Total Physical Memory = 15611 MB
Used Physical Memory  = 8890 MB
Free Physical Memory  = 6721 MB
-------------------------------------
Swap Memory Information
-----------------------
Total Swap Memory = 10239 MB
Used Swap Memory  = 0 MB
Free Swap Memory  = 10239 MB
-------------------------------------
Load Average: 3.56 3.37 1.44 2/752 5501
-------------------------------------

Disk Usage Information
----------------------
Filesystem        Size  Used Avail Use% Mounted on
/dev/nvme0n1p1     20G  5.6G   15G  28% /
/dev/nvme0n1p128   10M  1.3M  8.7M  13% /boot/efi
/dev/nvme1n1p2    290G  180G  111G  63% /data
devtmpfs          4.0M     0  4.0M   0% /dev
tmpfs             7.7G     0  7.7G   0% /dev/shm
tmpfs             3.1G  828K  3.1G   1% /run
tmpfs             1.6G     0  1.6G   0% /run/user/2001
tmpfs             1.6G     0  1.6G   0% /run/user/2002
tmpfs             1.6G     0  1.6G   0% /run/user/992
tmpfs             7.7G   85M  7.6G   2% /tmp
-------------------------------------

Application Port Validation for Server IP: 10.0.24.20 started on Thu Oct 30 06:15:59 UTC 2025

Server IP: 10.0.24.20 is reachable.

SSH Service (Port 22) Status:
SSH Service (Port 22): NOT REACHABLE
-------------------------------------

FTP Service Validation for Server IP: 10.0.24.20

FTP Service (Port 21): NOT REACHABLE
No FTP processes detected
-------------------------------------

CUPS Service Validation for Server IP: 10.0.24.20

CUPS Service (Port 631): NOT REACHABLE

Printer Configuration:
Total Printers Configured: 0
-------------------------------------
CUPS Service (Port 631): NOT REACHABLE on 10.0.24.20
-------------------------------------

Total number of Java process running on this host 10.0.24.20 is 18
Total number of Daemon / Batch (java) application process available is 13

Daemon Process id and name details are given below
Process ID: 2754, Process Name: 0:03
Process ID: 2822, Process Name: 0:02
Process ID: 2908, Process Name: 0:07
Process ID: 3801, Process Name: 0:06
Process ID: 3697, Process Name: 0:03
Process ID: 3581, Process Name: 0:02
Process ID: 3010, Process Name: 0:02
Process ID: 3285, Process Name: 0:05
Process ID: 3188, Process Name: 0:02
Process ID: 3342, Process Name: 0:03
Process ID: 3482, Process Name: 0:02
Process ID: 3652, Process Name: 0:03
Process ID: 3754, Process Name: 0:02
-------------------------------------

-------------------------------------
Total number of App process running on this host 10.0.24.20
Total number of App java process available is 2
-------------------------------------
App Process details:
Process ID: 3192, Process Name: 0:50
Process ID: 3565, Process Name: 0:49
-------------------------------------

Web Application Port Validation for Server IP: 10.0.24.20
Port 8080:	conmeduat2_jb7	Running
Port 8081:	conrfuat2_jb73	Running
-------------------------------------

==============================================================================
Server Availability Check Completed at Thu Oct 30 06:16:01 UTC 2025
==============================================================================


2025-10-30 02:16:28,753 - 12960 - ERROR - app_validation.sh errors for i-0583a1e0f5ed2e5f8:

2025-10-30 02:16:28,755 - 12960 - INFO - After patching validation saved to: output/validation-2025-10-30/10.0.24.20-AfterPatching-2025-10-30-02-16-28-754.log
2025-10-30 02:16:28,793 - 12960 - INFO - Validation comparison report generated: output/validation-2025-10-30/10.0.24.20-Validation-details-2025-10-30-02-16-28-754.log
2025-10-30 02:16:28,883 - 12960 - INFO - Email sent successfully to ['adityak@softeon.com', 'ITSupport@softeon.com']
2025-10-30 02:16:28,883 - 12960 - INFO - HTML validation report email sent for i-0583a1e0f5ed2e5f8
2025-10-30 02:16:29,099 - 12960 - INFO - Started i-0583a1e0f5ed2e5f8 in 0:03:16.970567
2025-10-30 02:16:29,100 - 12960 - INFO - All instances processed.
2025-10-30 02:16:29,104 - 12960 - INFO - Restart Total time: 0:05:54.723037
2025-10-30 02:16:29,104 - 12960 - INFO - Auto-confirmed services are restarted
2025-10-30 02:16:29,104 - 12960 - INFO - Confirmed - services are started
2025-10-30 02:16:29,212 - 12960 - INFO - The following instances have failed the patch: []
2025-10-30 02:16:29,213 - 12960 - INFO - No instances have failed the patch.
2025-10-30 02:16:29,213 - 12960 - INFO - Total Patch Process time: 0:11:27.659535
2025-10-30 02:16:29,404 - 12960 - INFO - Email sent successfully to ['adityak@softeon.com', 'a80af5b5.softeon.com@in.teams.ms', 'ITSupport@softeon.com']
2025-10-30 02:17:29,621 - 12960 - INFO - Log file ./logs/patching_2025-10-30_Conmed-2.log uploaded to s3://q4-2025-aws-security-patching/Conmed-2_Patch/2025-10-30/patching_2025-10-30_Conmed-2.log
