2025-10-11 03:00:02,469 - 32582 - INFO - Logger setup has been removed, using shared logger from common.logs.logger.
2025-10-11 03:00:02,470 - 32582 - INFO - Script Start Time: 2025-10-11 03:00:02
2025-10-11 03:00:02,720 - 32582 - INFO - Instance(s) selected for Patching: {'i-014a094650418b89b': '172.29.61.43'}
2025-10-11 03:00:02,846 - 32582 - INFO - Email sent successfully to ['adityak@softeon.com', 'a80af5b5.softeon.com@in.teams.ms', 'ITSupport@softeon.com']
2025-10-11 03:00:02,846 - 32582 - INFO - Now patching instances at: 2025-10-11 03:00:02
2025-10-11 03:00:02,977 - 32582 - INFO - Sending patch command to instance i-014a094650418b89b
2025-10-11 03:00:03,161 - 32582 - INFO - Command sent successfully to instance i-014a094650418b89b. Command ID: 7fe88f00-24ad-45fd-a435-89725d0cf17e
2025-10-11 03:04:34,957 - 32582 - INFO - All patches applied successfully.
2025-10-11 03:04:34,957 - 32582 - INFO - Patching end time: 2025-10-11 03:04:34
2025-10-11 03:04:34,957 - 32582 - INFO - Patch Elapsed time: 0:04:32.111306
2025-10-11 03:04:35,035 - 32582 - INFO - Email sent successfully to ['adityak@softeon.com', 'a80af5b5.softeon.com@in.teams.ms', 'ITSupport@softeon.com']
2025-10-11 03:04:35,035 - 32582 - INFO - Confirmed - services are stopped
2025-10-11 03:04:57,862 - 32582 - INFO - Discovered TG map: {}
2025-10-11 03:04:58,130 - 32582 - INFO - Sent app_validation.sh to i-014a094650418b89b (command_id: 0093d95c-a2cf-46d9-87c0-276c1156b1f6)
2025-10-11 03:05:28,416 - 32582 - INFO - app_validation.sh output for i-014a094650418b89b:

==============================================================================
Server Availability Check Started at Sat Oct 11 07:04:58 UTC 2025
==============================================================================

-------------------------------------
Server IP : 172.29.61.43
-------------------------------------
System Information
------------------
Hostname: ip-172-29-61-43
Uptime: up 1 week, 3 days, 16 hours, 27 minutes
Current User: root
Working Directory: /usr/bin
-------------------------------------
Voice Console URL: http://172.29.61.43:9090/VoiceConsole
-------------------------------------

-------------------------------------
Server IP : 172.29.61.43
-------------------------------------
Physical Memory Information
---------------------------
Total Physical Memory = 15611 MB
Used Physical Memory  = 9207 MB
Free Physical Memory  = 6404 MB
-------------------------------------
Swap Memory Information
-----------------------
Total Swap Memory = 20479 MB
Used Swap Memory  = 0 MB
Free Swap Memory  = 20479 MB
-------------------------------------
Load Average: 0.34 0.43 0.20 3/357 636831
-------------------------------------

Disk Usage Information
----------------------
Filesystem        Size  Used Avail Use% Mounted on
/dev/nvme0n1p1     20G  5.8G   15G  29% /
/dev/nvme0n1p128   10M  1.3M  8.7M  13% /boot/efi
/dev/nvme1n1p2    380G  7.4G  373G   2% /data
devtmpfs          4.0M     0  4.0M   0% /dev
tmpfs             7.7G     0  7.7G   0% /dev/shm
tmpfs             3.1G  648K  3.1G   1% /run
tmpfs             7.7G  100K  7.7G   1% /tmp
-------------------------------------

Application Port Validation for Server IP: 172.29.61.43 started on Sat Oct 11 07:04:58 UTC 2025

Server IP: 172.29.61.43 is reachable.

SSH Service (Port 22) Status:
SSH Service (Port 22): NOT REACHABLE
-------------------------------------

FTP Service Validation for Server IP: 172.29.61.43

FTP Service (Port 21): NOT REACHABLE
No FTP processes detected
-------------------------------------

CUPS Service Validation for Server IP: 172.29.61.43

CUPS Service (Port 631): NOT REACHABLE

Printer Configuration:
CUPS commands not available
-------------------------------------
CUPS Service (Port 631): NOT REACHABLE on 172.29.61.43
-------------------------------------

Total number of Java process running on this host 172.29.61.43 is 2
Total number of Daemon / Batch (java) application process available is 2

Daemon Process id and name details are given below
Process ID: 149248, Process Name: 3:39
Process ID: 149311, Process Name: 41:09
-------------------------------------

-------------------------------------
Total number of App process running on this host 172.29.61.43
Total number of App java process available is 0
-------------------------------------
No Standalone application processes running
-------------------------------------

Web Application Port Validation for Server IP: 172.29.61.43
-------------------------------------

==============================================================================
Server Availability Check Completed at Sat Oct 11 07:04:58 UTC 2025
==============================================================================


2025-10-11 03:05:28,416 - 32582 - ERROR - app_validation.sh errors for i-014a094650418b89b:

2025-10-11 03:05:28,419 - 32582 - INFO - Before patching validation saved to: output/validation-2025-10-11/172.29.61.43-BeforePatching-2025-10-11-03-05-28-418.log
2025-10-11 03:05:28,419 - 32582 - INFO - Stopping EC2 instance: i-014a094650418b89b at 2025-10-11 03:05:28
2025-10-11 03:06:29,461 - 32582 - INFO - Instance i-014a094650418b89b stopped successfully.
2025-10-11 03:06:29,583 - 32582 - INFO - Stopped i-014a094650418b89b in 0:01:01.163951
2025-10-11 03:06:29,583 - 32582 - INFO - Starting EC2 instance: i-014a094650418b89b
2025-10-11 03:06:45,358 - 32582 - INFO - Instance i-014a094650418b89b started successfully.
2025-10-11 03:06:45,358 - 32582 - INFO - Waiting 30 seconds for SSM agent to be ready on i-014a094650418b89b...
2025-10-11 03:07:15,519 - 32582 - INFO - Sent app_validation.sh to i-014a094650418b89b (command_id: 6d7b626e-cb78-4442-be47-e49dcb341536)
2025-10-11 03:07:45,605 - 32582 - INFO - app_validation.sh output for i-014a094650418b89b:

==============================================================================
Server Availability Check Started at Sat Oct 11 07:07:15 UTC 2025
==============================================================================

-------------------------------------
Server IP : 172.29.61.43
-------------------------------------
System Information
------------------
Hostname: ip-172-29-61-43
Uptime: up 0 minutes
Current User: root
Working Directory: /usr/bin
-------------------------------------
Voice Console URL: http://172.29.61.43:9090/VoiceConsole
-------------------------------------

-------------------------------------
Server IP : 172.29.61.43
-------------------------------------
Physical Memory Information
---------------------------
Total Physical Memory = 15611 MB
Used Physical Memory  = 1182 MB
Free Physical Memory  = 14429 MB
-------------------------------------
Swap Memory Information
-----------------------
Total Swap Memory = 20479 MB
Used Swap Memory  = 0 MB
Free Swap Memory  = 20479 MB
-------------------------------------
Load Average: 1.45 0.40 0.14 4/245 2904
-------------------------------------

Disk Usage Information
----------------------
Filesystem        Size  Used Avail Use% Mounted on
/dev/nvme0n1p1     20G  5.3G   15G  27% /
/dev/nvme0n1p128   10M  1.3M  8.7M  13% /boot/efi
/dev/nvme1n1p2    380G  7.4G  373G   2% /data
devtmpfs          4.0M     0  4.0M   0% /dev
tmpfs             7.7G     0  7.7G   0% /dev/shm
tmpfs             3.1G  636K  3.1G   1% /run
tmpfs             7.7G     0  7.7G   0% /tmp
-------------------------------------

Application Port Validation for Server IP: 172.29.61.43 started on Sat Oct 11 07:07:15 UTC 2025

Server IP: 172.29.61.43 is reachable.

SSH Service (Port 22) Status:
SSH Service (Port 22): NOT REACHABLE
-------------------------------------

FTP Service Validation for Server IP: 172.29.61.43

FTP Service (Port 21): NOT REACHABLE
No FTP processes detected
-------------------------------------

CUPS Service Validation for Server IP: 172.29.61.43

CUPS Service (Port 631): NOT REACHABLE

Printer Configuration:
CUPS commands not available
-------------------------------------
CUPS Service (Port 631): NOT REACHABLE on 172.29.61.43
-------------------------------------

Total number of Java process running on this host 172.29.61.43 is 0
Total number of Daemon / Batch (java) application process available is 0

No Java daemon processes running
-------------------------------------

-------------------------------------
Total number of App process running on this host 172.29.61.43
Total number of App java process available is 0
-------------------------------------
No Standalone application processes running
-------------------------------------

Web Application Port Validation for Server IP: 172.29.61.43
-------------------------------------

==============================================================================
Server Availability Check Completed at Sat Oct 11 07:07:16 UTC 2025
==============================================================================


2025-10-11 03:07:45,605 - 32582 - ERROR - app_validation.sh errors for i-014a094650418b89b:

2025-10-11 03:07:45,607 - 32582 - INFO - After patching validation saved to: output/validation-2025-10-11/172.29.61.43-AfterPatching-2025-10-11-03-07-45-606.log
2025-10-11 03:07:45,644 - 32582 - INFO - Validation comparison report generated: output/validation-2025-10-11/172.29.61.43-Validation-details-2025-10-11-03-07-45-606.log
2025-10-11 03:07:45,727 - 32582 - INFO - Email sent successfully to ['adityak@softeon.com', 'ITSupport@softeon.com']
2025-10-11 03:07:45,727 - 32582 - INFO - HTML validation report email sent for i-014a094650418b89b
2025-10-11 03:07:45,854 - 32582 - INFO - Started i-014a094650418b89b in 0:01:16.271572
2025-10-11 03:07:45,855 - 32582 - INFO - All instances processed.
2025-10-11 03:07:45,857 - 32582 - INFO - Restart Total time: 0:03:10.707884
2025-10-11 03:07:45,858 - 32582 - INFO - Auto-confirmed services are restarted
2025-10-11 03:07:45,858 - 32582 - INFO - Confirmed - services are started
2025-10-11 03:07:45,958 - 32582 - INFO - The following instances have failed the patch: []
2025-10-11 03:07:45,959 - 32582 - INFO - No instances have failed the patch.
2025-10-11 03:07:45,959 - 32582 - INFO - Total Patch Process time: 0:07:43.488210
2025-10-11 03:07:46,135 - 32582 - INFO - Email sent successfully to ['adityak@softeon.com', 'a80af5b5.softeon.com@in.teams.ms', 'ITSupport@softeon.com']
2025-10-11 03:08:46,359 - 32582 - INFO - Log file ./logs/patching_2025-10-11_UPS-PZN-4.log uploaded to s3://q4-2025-aws-security-patching/UPS-PZN-4_Patch/2025-10-11/patching_2025-10-11_UPS-PZN-4.log
