2025-12-13 01:15:03,174 - 28974 - INFO - Email sent successfully to ['CloudOps@softeon.com']
2025-12-13 01:31:29,514 - 28974 - INFO - Email sent successfully to ['MahimaM@softeon.com']
2025-12-13 01:31:29,628 - 28974 - INFO - Log file ./logs/backup_2025-12-13.log uploaded to s3://q3-2025-aws-security-patching/FQ-Prod-Batch_Patch_Backup/2025-12-13/backup_2025-12-13.log
2025-12-13 05:15:02,659 - 9850 - INFO - Logger setup has been removed, using shared logger from common.logs.logger.
2025-12-13 05:15:02,659 - 9850 - INFO - Script Start Time: 2025-12-13 05:15:02
2025-12-13 05:15:02,917 - 9850 - INFO - Instance(s) selected for Patching: {'i-0800b9d8c211631fb': '10.50.28.60'}
2025-12-13 05:15:03,008 - 9850 - INFO - Email sent successfully to ['a80af5b5.softeon.com@in.teams.ms', 'CloudOps@softeon.com']
2025-12-13 05:15:03,008 - 9850 - INFO - Now patching instances at: 2025-12-13 05:15:03
2025-12-13 05:15:03,083 - 9850 - INFO - Sending patch command to instance i-0800b9d8c211631fb
2025-12-13 05:15:03,264 - 9850 - INFO - Command sent successfully to instance i-0800b9d8c211631fb. Command ID: 8cefdc6b-cac8-464d-9b84-528991c2bb9b
2025-12-13 05:19:04,440 - 9850 - INFO - All patches applied successfully.
2025-12-13 05:19:04,440 - 9850 - INFO - Patching end time: 2025-12-13 05:19:04
2025-12-13 05:19:04,440 - 9850 - INFO - Patch Elapsed time: 0:04:01.431487
2025-12-13 05:19:04,506 - 9850 - INFO - Email sent successfully to ['a80af5b5.softeon.com@in.teams.ms', 'CloudOps@softeon.com']
2025-12-13 05:19:04,506 - 9850 - INFO - Confirmed - services are stopped
2025-12-13 05:19:23,398 - 9850 - INFO - Discovered TG map: {}
2025-12-13 05:19:23,703 - 9850 - INFO - Sent app_validation.sh to i-0800b9d8c211631fb (command_id: dd57c3cc-8e29-415f-b351-4429760b7a3d)
2025-12-13 05:19:53,765 - 9850 - INFO - app_validation.sh output for i-0800b9d8c211631fb:

==============================================================================
Server Availability Check Started at Sat Dec 13 10:19:23 UTC 2025
==============================================================================

-------------------------------------
Server IP : 10.50.28.60
-------------------------------------
System Information
------------------
Hostname: ip-10-50-28-60
Uptime: up 16 weeks, 20 hours, 17 minutes
Current User: root
Working Directory: /usr/bin
-------------------------------------
Voice Console URL: http://10.50.28.60:9090/VoiceConsole
-------------------------------------

-------------------------------------
Server IP : 10.50.28.60
-------------------------------------
Physical Memory Information
---------------------------
Total Physical Memory = 15678 MB
Used Physical Memory  = 651 MB
Free Physical Memory  = 15027 MB
-------------------------------------
Swap Memory Information
-----------------------
Total Swap Memory = 10239 MB
Used Swap Memory  = 42 MB
Free Swap Memory  = 10197 MB
-------------------------------------
Load Average: 0.71 3.18 2.93 1/295 470272
-------------------------------------

Disk Usage Information
----------------------
Filesystem                                          Size  Used Avail Use% Mounted on
/dev/nvme0n1p1                                       20G  4.8G   16G  24% /
/dev/nvme0n1p128                                     10M  1.4M  8.7M  14% /boot/efi
/dev/nvme1n1p2                                      240G   70G  171G  29% /data
fs-05bbf36a28e4ca039.efs.us-east-1.amazonaws.com:/  8.0E   59G  8.0E   1% /data2
devtmpfs                                            4.0M     0  4.0M   0% /dev
tmpfs                                               7.7G     0  7.7G   0% /dev/shm
tmpfs                                               3.1G  8.7M  3.1G   1% /run
tmpfs                                               1.6G     0  1.6G   0% /run/user/2001
tmpfs                                               7.7G     0  7.7G   0% /tmp
-------------------------------------

Application Port Validation for Server IP: 10.50.28.60 started on Sat Dec 13 10:19:24 UTC 2025

Server IP: 10.50.28.60 is reachable.

SSH Service (Port 22) Status:
SSH Service (Port 22): NOT REACHABLE
-------------------------------------

FTP Service Validation for Server IP: 10.50.28.60

FTP Service (Port 21): NOT REACHABLE
No FTP processes detected
-------------------------------------

CUPS Service Validation for Server IP: 10.50.28.60

CUPS Service (Port 631): NOT REACHABLE

Printer Configuration:
Total Printers Configured: 8
Printer Details:
printer 1913LTLABEL1 is idle.  enabled since Fri Dec 12 18:33:16 2025
printer 1913LTLABEL2 is idle.  enabled since Fri Dec 12 18:34:04 2025
printer MACOSTCO1 is idle.  enabled since Fri Dec 12 19:27:49 2025
printer MACOSTCO2 is idle.  enabled since Fri Dec 12 19:32:30 2025
printer REPORT_LSR is idle.  enabled since Mon Sep  1 09:51:13 2025
printer TEST101 is idle.  enabled since Fri Sep 12 09:50:16 2025
printer TEST_PRINTER_FQ is idle.  enabled since Fri Sep 12 10:57:57 2025
printer ZDESIGNER_GK420 is idle.  enabled since Fri Sep 12 12:07:25 2025
-------------------------------------
CUPS Service (Port 631): NOT REACHABLE on 10.50.28.60
-------------------------------------

Total number of Java process running on this host 10.50.28.60 is 0
Total number of Daemon / Batch (java) application process available is 0

No Java daemon processes running
-------------------------------------

-------------------------------------
Total number of App process running on this host 10.50.28.60
Total number of App java process available is 0
-------------------------------------
No Standalone application processes running
-------------------------------------

Web Application Port Validation for Server IP: 10.50.28.60
-------------------------------------

==============================================================================
Server Availability Check Completed at Sat Dec 13 10:19:26 UTC 2025
==============================================================================


2025-12-13 05:19:53,765 - 9850 - ERROR - app_validation.sh errors for i-0800b9d8c211631fb:

2025-12-13 05:19:53,767 - 9850 - INFO - Before patching validation saved to: output/validation-2025-12-13/10.50.28.60-BeforePatching-2025-12-13-05-19-53-766.log
2025-12-13 05:19:53,767 - 9850 - INFO - Stopping EC2 instance: i-0800b9d8c211631fb at 2025-12-13 05:19:53
2025-12-13 05:21:09,958 - 9850 - INFO - Instance i-0800b9d8c211631fb stopped successfully.
2025-12-13 05:21:10,094 - 9850 - INFO - Stopped i-0800b9d8c211631fb in 0:01:16.327100
2025-12-13 05:21:10,094 - 9850 - INFO - Starting EC2 instance: i-0800b9d8c211631fb
2025-12-13 05:21:26,011 - 9850 - INFO - Instance i-0800b9d8c211631fb started successfully.
2025-12-13 05:21:26,011 - 9850 - INFO - Waiting 30 seconds for SSM agent to be ready on i-0800b9d8c211631fb...
2025-12-13 05:21:56,168 - 9850 - INFO - Sent app_validation.sh to i-0800b9d8c211631fb (command_id: 832de7fc-8ef3-4028-a41d-41072d44ae7d)
2025-12-13 05:22:26,253 - 9850 - INFO - app_validation.sh output for i-0800b9d8c211631fb:

==============================================================================
Server Availability Check Started at Sat Dec 13 10:21:56 UTC 2025
==============================================================================

-------------------------------------
Server IP : 10.50.28.60
-------------------------------------
System Information
------------------
Hostname: ip-10-50-28-60
Uptime: up 0 minutes
Current User: root
Working Directory: /usr/bin
-------------------------------------
Voice Console URL: http://10.50.28.60:9090/VoiceConsole
-------------------------------------

-------------------------------------
Server IP : 10.50.28.60
-------------------------------------
Physical Memory Information
---------------------------
Total Physical Memory = 15678 MB
Used Physical Memory  = 524 MB
Free Physical Memory  = 15154 MB
-------------------------------------
Swap Memory Information
-----------------------
Total Swap Memory = 10239 MB
Used Swap Memory  = 0 MB
Free Swap Memory  = 10239 MB
-------------------------------------
Load Average: 0.53 0.16 0.06 1/288 2740
-------------------------------------

Disk Usage Information
----------------------
Filesystem                                          Size  Used Avail Use% Mounted on
/dev/nvme0n1p1                                       20G  4.5G   16G  23% /
/dev/nvme0n1p128                                     10M  1.4M  8.7M  14% /boot/efi
/dev/nvme1n1p2                                      240G   70G  171G  29% /data
fs-05bbf36a28e4ca039.efs.us-east-1.amazonaws.com:/  8.0E   59G  8.0E   1% /data2
devtmpfs                                            4.0M     0  4.0M   0% /dev
tmpfs                                               7.7G     0  7.7G   0% /dev/shm
tmpfs                                               3.1G  8.7M  3.1G   1% /run
tmpfs                                               1.6G     0  1.6G   0% /run/user/2001
tmpfs                                               7.7G     0  7.7G   0% /tmp
-------------------------------------

Application Port Validation for Server IP: 10.50.28.60 started on Sat Dec 13 10:21:56 UTC 2025

Server IP: 10.50.28.60 is reachable.

SSH Service (Port 22) Status:
SSH Service (Port 22): NOT REACHABLE
-------------------------------------

FTP Service Validation for Server IP: 10.50.28.60

FTP Service (Port 21): NOT REACHABLE
No FTP processes detected
-------------------------------------

CUPS Service Validation for Server IP: 10.50.28.60

CUPS Service (Port 631): NOT REACHABLE

Printer Configuration:
Total Printers Configured: 8
Printer Details:
printer 1913LTLABEL1 is idle.  enabled since Fri Dec 12 18:33:16 2025
printer 1913LTLABEL2 is idle.  enabled since Fri Dec 12 18:34:04 2025
printer MACOSTCO1 is idle.  enabled since Fri Dec 12 19:27:49 2025
printer MACOSTCO2 is idle.  enabled since Fri Dec 12 19:32:30 2025
printer REPORT_LSR is idle.  enabled since Mon Sep  1 09:51:13 2025
printer TEST101 is idle.  enabled since Fri Sep 12 09:50:16 2025
printer TEST_PRINTER_FQ is idle.  enabled since Fri Sep 12 10:57:57 2025
printer ZDESIGNER_GK420 is idle.  enabled since Fri Sep 12 12:07:25 2025
-------------------------------------
CUPS Service (Port 631): NOT REACHABLE on 10.50.28.60
-------------------------------------

Total number of Java process running on this host 10.50.28.60 is 0
Total number of Daemon / Batch (java) application process available is 0

No Java daemon processes running
-------------------------------------

-------------------------------------
Total number of App process running on this host 10.50.28.60
Total number of App java process available is 0
-------------------------------------
No Standalone application processes running
-------------------------------------

Web Application Port Validation for Server IP: 10.50.28.60
-------------------------------------

==============================================================================
Server Availability Check Completed at Sat Dec 13 10:21:58 UTC 2025
==============================================================================


2025-12-13 05:22:26,253 - 9850 - ERROR - app_validation.sh errors for i-0800b9d8c211631fb:

2025-12-13 05:22:26,255 - 9850 - INFO - After patching validation saved to: output/validation-2025-12-13/10.50.28.60-AfterPatching-2025-12-13-05-22-26-254.log
2025-12-13 05:22:26,289 - 9850 - INFO - Validation comparison report generated: output/validation-2025-12-13/10.50.28.60-Validation-details-2025-12-13-05-22-26-254.log
2025-12-13 05:22:26,375 - 9850 - INFO - Email sent successfully to ['CloudOps@softeon.com']
2025-12-13 05:22:26,375 - 9850 - INFO - HTML validation report email sent for i-0800b9d8c211631fb
2025-12-13 05:22:26,496 - 9850 - INFO - Started i-0800b9d8c211631fb in 0:01:16.401354
2025-12-13 05:22:26,496 - 9850 - INFO - All instances processed.
2025-12-13 05:22:26,498 - 9850 - INFO - Restart Total time: 0:03:21.849281
2025-12-13 05:22:26,498 - 9850 - INFO - Auto-confirmed services are restarted
2025-12-13 05:22:26,498 - 9850 - INFO - Confirmed - services are started
2025-12-13 05:22:26,600 - 9850 - INFO - The following instances have failed the patch: []
2025-12-13 05:22:26,600 - 9850 - INFO - No instances have failed the patch.
2025-12-13 05:22:26,600 - 9850 - INFO - Total Patch Process time: 0:07:23.940731
2025-12-13 05:22:26,784 - 9850 - INFO - Email sent successfully to ['a80af5b5.softeon.com@in.teams.ms', 'CloudOps@softeon.com']
2025-12-13 05:23:26,973 - 9850 - INFO - Log file ./logs/patching_2025-12-13_FQ-Prod-Batch.log uploaded to s3://q4-2025-aws-security-patching/FQ-Prod-Batch_Patch/2025-12-13/patching_2025-12-13_FQ-Prod-Batch.log
