2025-10-19 00:10:01,971 - 27060 - INFO - Logger setup has been removed, using shared logger from common.logs.logger.
2025-10-19 00:10:01,971 - 27060 - INFO - Script Start Time: 2025-10-19 00:10:01
2025-10-19 00:10:02,200 - 27060 - INFO - Instance(s) selected for Patching: {'i-0111d5f7f0dd0211a': '172.29.72.24'}
2025-10-19 00:10:02,287 - 27060 - INFO - Email sent successfully to ['adityak@softeon.com', 'a80af5b5.softeon.com@in.teams.ms', 'ITSupport@softeon.com']
2025-10-19 00:10:02,287 - 27060 - INFO - Now patching instances at: 2025-10-19 00:10:02
2025-10-19 00:10:02,385 - 27060 - INFO - Sending patch command to instance i-0111d5f7f0dd0211a
2025-10-19 00:10:02,508 - 27060 - INFO - Command sent successfully to instance i-0111d5f7f0dd0211a. Command ID: 6fee0dc4-ba61-404e-a63a-96276655e275
2025-10-19 00:18:04,796 - 27060 - INFO - All patches applied successfully.
2025-10-19 00:18:04,797 - 27060 - INFO - Patching end time: 2025-10-19 00:18:04
2025-10-19 00:18:04,797 - 27060 - INFO - Patch Elapsed time: 0:08:02.509421
2025-10-19 00:18:04,884 - 27060 - INFO - Email sent successfully to ['adityak@softeon.com', 'a80af5b5.softeon.com@in.teams.ms', 'ITSupport@softeon.com']
2025-10-19 00:18:04,884 - 27060 - INFO - Confirmed - services are stopped
2025-10-19 00:18:27,502 - 27060 - INFO - Discovered TG map: {}
2025-10-19 00:18:27,786 - 27060 - INFO - Sent app_validation.sh to i-0111d5f7f0dd0211a (command_id: 28ec3997-96b1-4767-95c5-05c4f0695f43)
2025-10-19 00:18:57,891 - 27060 - INFO - app_validation.sh output for i-0111d5f7f0dd0211a:

==============================================================================
Server Availability Check Started at Sun Oct 19 04:18:28 UTC 2025
==============================================================================

-------------------------------------
Server IP : 172.29.72.24
-------------------------------------
System Information
------------------
Hostname: ip-172-29-72-24
Uptime: up 11 weeks, 23 hours, 3 minutes
Current User: root
Working Directory: /usr/bin
-------------------------------------
Voice Console URL: http://172.29.72.24:9090/VoiceConsole
-------------------------------------

-------------------------------------
Server IP : 172.29.72.24
-------------------------------------
Physical Memory Information
---------------------------
Total Physical Memory = 15611 MB
Used Physical Memory  = 1851 MB
Free Physical Memory  = 13760 MB
-------------------------------------
Swap Memory Information
-----------------------
Total Swap Memory = 10239 MB
Used Swap Memory  = 1012 MB
Free Swap Memory  = 9227 MB
-------------------------------------
Load Average: 2.01 15.06 9.71 2/372 2033744
-------------------------------------

Disk Usage Information
----------------------
Filesystem                                          Size  Used Avail Use% Mounted on
/dev/nvme0n1p1                                       20G  6.3G   14G  32% /
/dev/nvme0n1p128                                     10M  1.3M  8.7M  13% /boot/efi
/dev/mapper/vg01-lv02                               240G  128G  113G  54% /data
fs-056f71d66782c1bfc.efs.us-east-1.amazonaws.com:/  8.0E  908G  8.0E   1% /data2
devtmpfs                                            4.0M     0  4.0M   0% /dev
tmpfs                                               7.7G     0  7.7G   0% /dev/shm
tmpfs                                               3.1G  8.6M  3.1G   1% /run
tmpfs                                               1.6G     0  1.6G   0% /run/user/2001
tmpfs                                               1.6G     0  1.6G   0% /run/user/2003
tmpfs                                               1.6G     0  1.6G   0% /run/user/992
tmpfs                                               7.7G   46M  7.6G   1% /tmp
-------------------------------------

Application Port Validation for Server IP: 172.29.72.24 started on Sun Oct 19 04:18:28 UTC 2025

Server IP: 172.29.72.24 is reachable.

SSH Service (Port 22) Status:
SSH Service (Port 22): NOT REACHABLE
-------------------------------------

FTP Service Validation for Server IP: 172.29.72.24

FTP Service (Port 21): NOT REACHABLE
No FTP processes detected
-------------------------------------

CUPS Service Validation for Server IP: 172.29.72.24

CUPS Service (Port 631): NOT REACHABLE

Printer Configuration:
Total Printers Configured: 0
-------------------------------------
CUPS Service (Port 631): NOT REACHABLE on 172.29.72.24
-------------------------------------

Total number of Java process running on this host 172.29.72.24 is 4
Total number of Daemon / Batch (java) application process available is 2

Daemon Process id and name details are given below
Process ID: 1446367, Process Name: 44:14
Process ID: 1446587, Process Name: 70:35
-------------------------------------

-------------------------------------
Total number of App process running on this host 172.29.72.24
Total number of App java process available is 0
-------------------------------------
No Standalone application processes running
-------------------------------------

Web Application Port Validation for Server IP: 172.29.72.24
-------------------------------------

==============================================================================
Server Availability Check Completed at Sun Oct 19 04:18:29 UTC 2025
==============================================================================


2025-10-19 00:18:57,892 - 27060 - ERROR - app_validation.sh errors for i-0111d5f7f0dd0211a:

2025-10-19 00:18:57,894 - 27060 - INFO - Before patching validation saved to: output/validation-2025-10-19/172.29.72.24-BeforePatching-2025-10-19-00-18-57-893.log
2025-10-19 00:18:57,894 - 27060 - INFO - Stopping EC2 instance: i-0111d5f7f0dd0211a at 2025-10-19 00:18:57
2025-10-19 00:20:44,256 - 27060 - INFO - Instance i-0111d5f7f0dd0211a stopped successfully.
2025-10-19 00:20:44,405 - 27060 - INFO - Stopped i-0111d5f7f0dd0211a in 0:01:46.511028
2025-10-19 00:20:44,405 - 27060 - INFO - Starting EC2 instance: i-0111d5f7f0dd0211a
2025-10-19 00:21:00,155 - 27060 - INFO - Instance i-0111d5f7f0dd0211a started successfully.
2025-10-19 00:21:00,155 - 27060 - INFO - Waiting 30 seconds for SSM agent to be ready on i-0111d5f7f0dd0211a...
2025-10-19 00:21:30,315 - 27060 - INFO - Sent app_validation.sh to i-0111d5f7f0dd0211a (command_id: fcf3357e-8b6d-4814-9be6-dcebabd0b50e)
2025-10-19 00:22:00,412 - 27060 - INFO - app_validation.sh output for i-0111d5f7f0dd0211a:

==============================================================================
Server Availability Check Started at Sun Oct 19 04:21:31 UTC 2025
==============================================================================

-------------------------------------
Server IP : 172.29.72.24
-------------------------------------
System Information
------------------
Hostname: ip-172-29-72-24
Uptime: up 0 minutes
Current User: root
Working Directory: /usr/bin
-------------------------------------
Voice Console URL: http://172.29.72.24:9090/VoiceConsole
-------------------------------------

-------------------------------------
Server IP : 172.29.72.24
-------------------------------------
Physical Memory Information
---------------------------
Total Physical Memory = 15611 MB
Used Physical Memory  = 1132 MB
Free Physical Memory  = 14479 MB
-------------------------------------
Swap Memory Information
-----------------------
Total Swap Memory = 10239 MB
Used Swap Memory  = 0 MB
Free Swap Memory  = 10239 MB
-------------------------------------
Load Average: 50.27 12.83 4.31 24/410 4879
-------------------------------------

Disk Usage Information
----------------------
Filesystem                                          Size  Used Avail Use% Mounted on
/dev/nvme0n1p1                                       20G  6.1G   14G  31% /
/dev/nvme0n1p128                                     10M  1.3M  8.7M  13% /boot/efi
/dev/mapper/vg01-lv02                               240G  128G  113G  54% /data
fs-056f71d66782c1bfc.efs.us-east-1.amazonaws.com:/  8.0E  908G  8.0E   1% /data2
devtmpfs                                            4.0M     0  4.0M   0% /dev
tmpfs                                               7.7G     0  7.7G   0% /dev/shm
tmpfs                                               3.1G  8.6M  3.1G   1% /run
tmpfs                                               1.6G     0  1.6G   0% /run/user/2001
tmpfs                                               1.6G     0  1.6G   0% /run/user/992
tmpfs                                               7.7G   64M  7.6G   1% /tmp
-------------------------------------

Application Port Validation for Server IP: 172.29.72.24 started on Sun Oct 19 04:21:31 UTC 2025

Server IP: 172.29.72.24 is reachable.

SSH Service (Port 22) Status:
SSH Service (Port 22): NOT REACHABLE
-------------------------------------

FTP Service Validation for Server IP: 172.29.72.24

FTP Service (Port 21): NOT REACHABLE
No FTP processes detected
-------------------------------------

CUPS Service Validation for Server IP: 172.29.72.24

CUPS Service (Port 631): NOT REACHABLE

Printer Configuration:
Total Printers Configured: 0
-------------------------------------
CUPS Service (Port 631): NOT REACHABLE on 172.29.72.24
-------------------------------------

Total number of Java process running on this host 172.29.72.24 is 9
Total number of Daemon / Batch (java) application process available is 7

Daemon Process id and name details are given below
Process ID: 4358, Process Name: 0:01
Process ID: 4486, Process Name: 0:00
Process ID: 4545, Process Name: 0:00
Process ID: 4604, Process Name: 0:00
Process ID: 4664, Process Name: 0:00
Process ID: 4723, Process Name: 0:00
Process ID: 4901, Process Name: 0:00
-------------------------------------

-------------------------------------
Total number of App process running on this host 172.29.72.24
Total number of App java process available is 0
-------------------------------------
No Standalone application processes running
-------------------------------------

Web Application Port Validation for Server IP: 172.29.72.24
-------------------------------------

==============================================================================
Server Availability Check Completed at Sun Oct 19 04:21:35 UTC 2025
==============================================================================


2025-10-19 00:22:00,412 - 27060 - ERROR - app_validation.sh errors for i-0111d5f7f0dd0211a:

2025-10-19 00:22:00,414 - 27060 - INFO - After patching validation saved to: output/validation-2025-10-19/172.29.72.24-AfterPatching-2025-10-19-00-22-00-413.log
2025-10-19 00:22:00,453 - 27060 - INFO - Validation comparison report generated: output/validation-2025-10-19/172.29.72.24-Validation-details-2025-10-19-00-22-00-413.log
2025-10-19 00:22:00,545 - 27060 - INFO - Email sent successfully to ['adityak@softeon.com', 'ITSupport@softeon.com']
2025-10-19 00:22:00,545 - 27060 - INFO - HTML validation report email sent for i-0111d5f7f0dd0211a
2025-10-19 00:22:00,679 - 27060 - INFO - Started i-0111d5f7f0dd0211a in 0:01:16.273413
2025-10-19 00:22:00,679 - 27060 - INFO - All instances processed.
2025-10-19 00:22:00,681 - 27060 - INFO - Restart Total time: 0:03:55.664376
2025-10-19 00:22:00,681 - 27060 - INFO - Auto-confirmed services are restarted
2025-10-19 00:22:00,681 - 27060 - INFO - Confirmed - services are started
2025-10-19 00:22:00,844 - 27060 - INFO - The following instances have failed the patch: []
2025-10-19 00:22:00,845 - 27060 - INFO - No instances have failed the patch.
2025-10-19 00:22:00,845 - 27060 - INFO - Total Patch Process time: 0:11:58.872995
2025-10-19 00:22:01,035 - 27060 - INFO - Email sent successfully to ['adityak@softeon.com', 'a80af5b5.softeon.com@in.teams.ms', 'ITSupport@softeon.com']
2025-10-19 00:23:01,251 - 27060 - INFO - Log file ./logs/patching_2025-10-19_colehaanprod-batch.log uploaded to s3://q4-2025-aws-security-patching/colehaanprod-batch_Patch/2025-10-19/patching_2025-10-19_colehaanprod-batch.log
