2025-11-05 00:30:02,656 - 28977 - INFO - Logger setup has been removed, using shared logger from common.logs.logger.
2025-11-05 00:30:02,656 - 28977 - INFO - Script Start Time: 2025-11-05 00:30:02
2025-11-05 00:30:02,866 - 28977 - INFO - Instance(s) selected for Patching: {'i-05bdf44bd87bc0e71': '172.29.84.7'}
2025-11-05 00:30:02,964 - 28977 - INFO - Email sent successfully to ['a80af5b5.softeon.com@in.teams.ms', 'CloudOps@softeon.com']
2025-11-05 00:30:02,964 - 28977 - INFO - Now patching instances at: 2025-11-05 00:30:02
2025-11-05 00:30:03,061 - 28977 - INFO - Sending patch command to instance i-05bdf44bd87bc0e71
2025-11-05 00:30:03,209 - 28977 - INFO - Command sent successfully to instance i-05bdf44bd87bc0e71. Command ID: 032eb2ca-33ea-4bd7-afca-d44e0a4595f2
2025-11-05 00:36:34,905 - 28977 - INFO - All patches applied successfully.
2025-11-05 00:36:34,906 - 28977 - INFO - Patching end time: 2025-11-05 00:36:34
2025-11-05 00:36:34,906 - 28977 - INFO - Patch Elapsed time: 0:06:31.941611
2025-11-05 00:36:34,976 - 28977 - INFO - Email sent successfully to ['a80af5b5.softeon.com@in.teams.ms', 'CloudOps@softeon.com']
2025-11-05 00:36:34,976 - 28977 - INFO - Confirmed - services are stopped
2025-11-05 00:36:55,012 - 28977 - INFO - Discovered TG map: {'i-05bdf44bd87bc0e71': ['arn:aws:elasticloadbalancing:us-east-1:835314132208:targetgroup/Midea-UAT-RF/1077a0639b9dd324', 'arn:aws:elasticloadbalancing:us-east-1:835314132208:targetgroup/Midea-UAT-Desktop/cbb530cee98a4b5a']}
2025-11-05 00:36:55,301 - 28977 - INFO - Sent app_validation.sh to i-05bdf44bd87bc0e71 (command_id: fa5d55f6-2b2a-406e-b312-2cf8f9c652b3)
2025-11-05 00:37:25,365 - 28977 - INFO - app_validation.sh output for i-05bdf44bd87bc0e71:

==============================================================================
Server Availability Check Started at Wed Nov  5 05:36:55 UTC 2025
==============================================================================

-------------------------------------
Server IP : 172.29.84.7
-------------------------------------
System Information
------------------
Hostname: ip-172-29-84-7
Uptime: up 16 weeks, 5 days, 23 hours, 5 minutes
Current User: root
Working Directory: /usr/bin
-------------------------------------
Voice Console URL: http://172.29.84.7:9090/VoiceConsole
-------------------------------------

-------------------------------------
Server IP : 172.29.84.7
-------------------------------------
Physical Memory Information
---------------------------
Total Physical Memory = 15611 MB
Used Physical Memory  = 11459 MB
Free Physical Memory  = 4152 MB
-------------------------------------
Swap Memory Information
-----------------------
Total Swap Memory = 10239 MB
Used Swap Memory  = 5778 MB
Free Swap Memory  = 4461 MB
-------------------------------------
Load Average: 0.61 1.20 0.68 3/874 3056417
-------------------------------------

Disk Usage Information
----------------------
Filesystem        Size  Used Avail Use% Mounted on
/dev/nvme0n1p1     20G  5.4G   15G  27% /
/dev/nvme0n1p128   10M  1.3M  8.7M  13% /boot/efi
/dev/nvme1n1p2    290G   92G  199G  32% /data
devtmpfs          4.0M     0  4.0M   0% /dev
tmpfs             7.7G     0  7.7G   0% /dev/shm
tmpfs             3.1G  692K  3.1G   1% /run
tmpfs             1.6G     0  1.6G   0% /run/user/2001
tmpfs             7.7G   32M  7.6G   1% /tmp
-------------------------------------

Application Port Validation for Server IP: 172.29.84.7 started on Wed Nov  5 05:36:55 UTC 2025

Server IP: 172.29.84.7 is reachable.

SSH Service (Port 22) Status:
SSH Service (Port 22): NOT REACHABLE
-------------------------------------

FTP Service Validation for Server IP: 172.29.84.7

FTP Service (Port 21): NOT REACHABLE
No FTP processes detected
-------------------------------------

CUPS Service Validation for Server IP: 172.29.84.7

CUPS Service (Port 631): NOT REACHABLE

Printer Configuration:
Total Printers Configured: 6
Printer Details:
printer DUMMY is idle.  enabled since Fri Aug  1 07:42:43 2025
	The printer is not responding.
printer DUMMY_RPT is idle.  enabled since Fri Jun 13 07:54:56 2025
printer PATEST is idle.  enabled since Wed Aug 28 15:58:28 2024
printer REFURB_PRINTER is idle.  enabled since Wed Aug 28 14:30:22 2024
printer TEST is idle.  enabled since Mon Aug 26 19:59:08 2024
-------------------------------------
CUPS Service (Port 631): NOT REACHABLE on 172.29.84.7
-------------------------------------

Total number of Java process running on this host 172.29.84.7 is 21
Total number of Daemon / Batch (java) application process available is 18

Daemon Process id and name details are given below
Process ID: 3623213, Process Name: 19:26
Process ID: 3623415, Process Name: 9:16
Process ID: 3623621, Process Name: 37:47
Process ID: 3622932, Process Name: 11:45
Process ID: 3623304, Process Name: 42:38
Process ID: 3622979, Process Name: 9:44
Process ID: 3623026, Process Name: 585:27
Process ID: 3623470, Process Name: 9:27
Process ID: 3623577, Process Name: 9:22
Process ID: 3623526, Process Name: 9:28
Process ID: 3623352, Process Name: 41:20
Process ID: 3623260, Process Name: 20:14
Process ID: 3623073, Process Name: 9:11
Process ID: 3623120, Process Name: 8:26
Process ID: 3623166, Process Name: 20:47
Process ID: 3623723, Process Name: 9:24
Process ID: 3623728, Process Name: 9:19
Process ID: 3623801, Process Name: 9:16
-------------------------------------

-------------------------------------
Total number of App process running on this host 172.29.84.7
Total number of App java process available is 3
-------------------------------------
App Process details:
Process ID: 80120, Process Name: 116:59
Process ID: 80351, Process Name: 116:32
Process ID: 80552, Process Name: 101:25
-------------------------------------

Web Application Port Validation for Server IP: 172.29.84.7
Port 8080:	midea_jb730ea	Running
Port 8081:	midearf_jb730	Running
Port 8082:	midearf_jb730	Not Running
-------------------------------------

==============================================================================
Server Availability Check Completed at Wed Nov  5 05:36:57 UTC 2025
==============================================================================


2025-11-05 00:37:25,365 - 28977 - ERROR - app_validation.sh errors for i-05bdf44bd87bc0e71:

2025-11-05 00:37:25,367 - 28977 - INFO - Before patching validation saved to: output/validation-2025-11-05/172.29.84.7-BeforePatching-2025-11-05-00-37-25-367.log
2025-11-05 00:37:25,367 - 28977 - INFO - Deregistering i-05bdf44bd87bc0e71 from TG arn:aws:elasticloadbalancing:us-east-1:835314132208:targetgroup/Midea-UAT-RF/1077a0639b9dd324
2025-11-05 00:37:25,439 - 28977 - INFO - Deregistering i-05bdf44bd87bc0e71 from TG arn:aws:elasticloadbalancing:us-east-1:835314132208:targetgroup/Midea-UAT-Desktop/cbb530cee98a4b5a
2025-11-05 00:37:25,481 - 28977 - INFO - Stopping EC2 instance: i-05bdf44bd87bc0e71 at 2025-11-05 00:37:25
2025-11-05 00:39:11,979 - 28977 - INFO - Instance i-05bdf44bd87bc0e71 stopped successfully.
2025-11-05 00:39:12,106 - 28977 - INFO - Stopped i-05bdf44bd87bc0e71 in 0:01:46.625267
2025-11-05 00:39:12,107 - 28977 - INFO - Starting EC2 instance: i-05bdf44bd87bc0e71
2025-11-05 00:39:27,906 - 28977 - INFO - Instance i-05bdf44bd87bc0e71 started successfully.
2025-11-05 00:39:27,906 - 28977 - INFO - Waiting 30 seconds for SSM agent to be ready on i-05bdf44bd87bc0e71...
2025-11-05 00:39:57,936 - 28977 - INFO - Registering i-05bdf44bd87bc0e71 to TG arn:aws:elasticloadbalancing:us-east-1:835314132208:targetgroup/Midea-UAT-RF/1077a0639b9dd324
2025-11-05 00:39:58,117 - 28977 - INFO - Registering i-05bdf44bd87bc0e71 to TG arn:aws:elasticloadbalancing:us-east-1:835314132208:targetgroup/Midea-UAT-Desktop/cbb530cee98a4b5a
2025-11-05 00:42:28,853 - 28977 - INFO - Sent app_validation.sh to i-05bdf44bd87bc0e71 (command_id: 38c4e061-7bf6-4f55-8bd6-da7802fd9ae5)
2025-11-05 00:42:58,963 - 28977 - INFO - app_validation.sh output for i-05bdf44bd87bc0e71:

==============================================================================
Server Availability Check Started at Wed Nov  5 05:42:29 UTC 2025
==============================================================================

-------------------------------------
Server IP : 172.29.84.7
-------------------------------------
System Information
------------------
Hostname: ip-172-29-84-7
Uptime: up 3 minutes
Current User: root
Working Directory: /usr/bin
-------------------------------------
Voice Console URL: http://172.29.84.7:9090/VoiceConsole
-------------------------------------

-------------------------------------
Server IP : 172.29.84.7
-------------------------------------
Physical Memory Information
---------------------------
Total Physical Memory = 15611 MB
Used Physical Memory  = 10120 MB
Free Physical Memory  = 5491 MB
-------------------------------------
Swap Memory Information
-----------------------
Total Swap Memory = 10239 MB
Used Swap Memory  = 0 MB
Free Swap Memory  = 10239 MB
-------------------------------------
Load Average: 3.89 4.44 1.97 5/830 6642
-------------------------------------

Disk Usage Information
----------------------
Filesystem        Size  Used Avail Use% Mounted on
/dev/nvme0n1p1     20G  5.1G   15G  26% /
/dev/nvme0n1p128   10M  1.3M  8.7M  13% /boot/efi
/dev/nvme1n1p2    290G   92G  199G  32% /data
devtmpfs          4.0M     0  4.0M   0% /dev
tmpfs             7.7G     0  7.7G   0% /dev/shm
tmpfs             3.1G  824K  3.1G   1% /run
tmpfs             1.6G     0  1.6G   0% /run/user/2001
tmpfs             7.7G   31M  7.6G   1% /tmp
-------------------------------------

Application Port Validation for Server IP: 172.29.84.7 started on Wed Nov  5 05:42:29 UTC 2025

Server IP: 172.29.84.7 is reachable.

SSH Service (Port 22) Status:
SSH Service (Port 22): NOT REACHABLE
-------------------------------------

FTP Service Validation for Server IP: 172.29.84.7

FTP Service (Port 21): NOT REACHABLE
No FTP processes detected
-------------------------------------

CUPS Service Validation for Server IP: 172.29.84.7

CUPS Service (Port 631): NOT REACHABLE

Printer Configuration:
Total Printers Configured: 0
-------------------------------------
CUPS Service (Port 631): NOT REACHABLE on 172.29.84.7
-------------------------------------

Total number of Java process running on this host 172.29.84.7 is 21
Total number of Daemon / Batch (java) application process available is 18

Daemon Process id and name details are given below
Process ID: 3148, Process Name: 0:02
Process ID: 3404, Process Name: 0:02
Process ID: 3703, Process Name: 0:03
Process ID: 2778, Process Name: 0:02
Process ID: 3277, Process Name: 0:03
Process ID: 2827, Process Name: 0:02
Process ID: 2878, Process Name: 0:10
Process ID: 3502, Process Name: 0:02
Process ID: 3644, Process Name: 0:02
Process ID: 3571, Process Name: 0:02
Process ID: 3331, Process Name: 0:04
Process ID: 3216, Process Name: 0:02
Process ID: 2945, Process Name: 0:02
Process ID: 3024, Process Name: 0:02
Process ID: 3094, Process Name: 0:02
Process ID: 3926, Process Name: 0:02
Process ID: 3925, Process Name: 0:02
Process ID: 4008, Process Name: 0:02
-------------------------------------

-------------------------------------
Total number of App process running on this host 172.29.84.7
Total number of App java process available is 3
-------------------------------------
App Process details:
Process ID: 3944, Process Name: 0:47
Process ID: 4244, Process Name: 0:48
Process ID: 4411, Process Name: 0:47
-------------------------------------

Web Application Port Validation for Server IP: 172.29.84.7
Port 8080:	midea_jb730eap	Running
Port 8081:	midearf_jb730e	Running
Port 8082:	midearf_jb730e	Not Running
-------------------------------------

==============================================================================
Server Availability Check Completed at Wed Nov  5 05:42:32 UTC 2025
==============================================================================


2025-11-05 00:42:58,963 - 28977 - ERROR - app_validation.sh errors for i-05bdf44bd87bc0e71:

2025-11-05 00:42:58,965 - 28977 - INFO - After patching validation saved to: output/validation-2025-11-05/172.29.84.7-AfterPatching-2025-11-05-00-42-58-964.log
2025-11-05 00:42:59,004 - 28977 - INFO - Validation comparison report generated: output/validation-2025-11-05/172.29.84.7-Validation-details-2025-11-05-00-42-58-964.log
2025-11-05 00:42:59,086 - 28977 - INFO - Email sent successfully to ['CloudOps@softeon.com']
2025-11-05 00:42:59,086 - 28977 - INFO - HTML validation report email sent for i-05bdf44bd87bc0e71
2025-11-05 00:42:59,259 - 28977 - INFO - Started i-05bdf44bd87bc0e71 in 0:03:47.152473
2025-11-05 00:42:59,259 - 28977 - INFO - All instances processed.
2025-11-05 00:42:59,263 - 28977 - INFO - Restart Total time: 0:06:24.169927
2025-11-05 00:42:59,263 - 28977 - INFO - Auto-confirmed services are restarted
2025-11-05 00:42:59,264 - 28977 - INFO - Confirmed - services are started
2025-11-05 00:42:59,373 - 28977 - INFO - The following instances have failed the patch: []
2025-11-05 00:42:59,375 - 28977 - INFO - No instances have failed the patch.
2025-11-05 00:42:59,375 - 28977 - INFO - Total Patch Process time: 0:12:56.717207
2025-11-05 00:42:59,584 - 28977 - INFO - Email sent successfully to ['a80af5b5.softeon.com@in.teams.ms', 'CloudOps@softeon.com']
2025-11-05 00:43:59,791 - 28977 - INFO - Log file ./logs/patching_2025-11-05_Midea-UAT.log uploaded to s3://q4-2025-aws-security-patching/Midea-UAT_Patch/2025-11-05/patching_2025-11-05_Midea-UAT.log
