2026-01-17 03:00:03,465 - 9411 - INFO - Logger setup has been removed, using shared logger from common.logs.logger.
2026-01-17 03:00:03,465 - 9411 - INFO - Script Start Time: 2026-01-17 03:00:03
2026-01-17 03:00:03,696 - 9411 - INFO - Instance(s) selected for Patching: {'i-0c7bf16d87523f2a8': '172.29.59.204'}
2026-01-17 03:00:03,790 - 9411 - INFO - Email sent successfully to ['a80af5b5.softeon.com@in.teams.ms', 'CloudOps@softeon.com']
2026-01-17 03:00:03,790 - 9411 - INFO - Now patching instances at: 2026-01-17 03:00:03
2026-01-17 03:00:03,870 - 9411 - INFO - Sending patch command to instance i-0c7bf16d87523f2a8
2026-01-17 03:00:03,992 - 9411 - INFO - Command sent successfully to instance i-0c7bf16d87523f2a8. Command ID: 2f2978b5-5256-4b3d-9236-b4f2a00cf613
2026-01-17 03:06:05,589 - 9411 - INFO - All patches applied successfully.
2026-01-17 03:06:05,591 - 9411 - INFO - Patching end time: 2026-01-17 03:06:05
2026-01-17 03:06:05,591 - 9411 - INFO - Patch Elapsed time: 0:06:01.800214
2026-01-17 03:06:05,674 - 9411 - INFO - Email sent successfully to ['a80af5b5.softeon.com@in.teams.ms', 'CloudOps@softeon.com']
2026-01-17 03:06:05,675 - 9411 - INFO - Confirmed - services are stopped
2026-01-17 03:06:25,118 - 9411 - INFO - Discovered TG map: {'i-0c7bf16d87523f2a8': ['arn:aws:elasticloadbalancing:us-east-1:835314132208:targetgroup/UPS-PZN-UAT-API-1/0534a9daa3cb0945', 'arn:aws:elasticloadbalancing:us-east-1:835314132208:targetgroup/UPS-PZN-UAT-API-2/5511e9b7bc34d332', 'arn:aws:elasticloadbalancing:us-east-1:835314132208:targetgroup/UPS-PZN-UAT-API-3/b6a5872e3cc1aedf']}
2026-01-17 03:06:25,386 - 9411 - INFO - Sent app_validation.sh to i-0c7bf16d87523f2a8 (command_id: 2d98f53f-70d9-48b6-9c37-1dc28d3fbf91)
2026-01-17 03:06:55,535 - 9411 - INFO - app_validation.sh output for i-0c7bf16d87523f2a8:

==============================================================================
Server Availability Check Started at Sat Jan 17 08:06:25 UTC 2026
==============================================================================

-------------------------------------
Server IP : 172.29.59.204
-------------------------------------
System Information
------------------
Hostname: ip-172-29-59-204
Uptime: up 14 weeks, 1 hour, 56 minutes
Current User: root
Working Directory: /usr/bin
-------------------------------------
Voice Console URL: http://172.29.59.204:9090/VoiceConsole
-------------------------------------

-------------------------------------
Server IP : 172.29.59.204
-------------------------------------
Physical Memory Information
---------------------------
Total Physical Memory = 31379 MB
Used Physical Memory  = 13176 MB
Free Physical Memory  = 18203 MB
-------------------------------------
Swap Memory Information
-----------------------
Total Swap Memory = 10239 MB
Used Swap Memory  = 0 MB
Free Swap Memory  = 10239 MB
-------------------------------------
Load Average: 0.32 0.68 0.36 3/672 1342507
-------------------------------------

Disk Usage Information
----------------------
Filesystem                                                         Size  Used Avail Use% Mounted on
/dev/nvme0n1p1                                                      20G  5.6G   15G  29% /
/dev/nvme0n1p128                                                    10M  1.3M  8.7M  13% /boot/efi
/dev/mapper/vg01-lv02                                              240G   24G  217G  10% /data
fs-5bdc0713.efs.us-east-1.amazonaws.com:/shared/softeon/upspznuat  8.0E  1.2T  8.0E   1% /data/data2/shared/softeon/upspznuat
fs-5bdc0713.efs.us-east-1.amazonaws.com:/                          8.0E  1.2T  8.0E   1% /data2
devtmpfs                                                           4.0M     0  4.0M   0% /dev
tmpfs                                                               16G     0   16G   0% /dev/shm
tmpfs                                                              6.2G  736K  6.2G   1% /run
tmpfs                                                              3.1G     0  3.1G   0% /run/user/1001
tmpfs                                                               16G   51M   16G   1% /tmp
-------------------------------------

Application Port Validation for Server IP: 172.29.59.204 started on Sat Jan 17 08:06:25 UTC 2026

Server IP: 172.29.59.204 is reachable.

SSH Service (Port 22) Status:
SSH Service (Port 22): NOT REACHABLE
-------------------------------------

FTP Service Validation for Server IP: 172.29.59.204

FTP Service (Port 21): NOT REACHABLE
No FTP processes detected
-------------------------------------

CUPS Service Validation for Server IP: 172.29.59.204

CUPS Service (Port 631): NOT REACHABLE

Printer Configuration:
Total Printers Configured: 990
Printer Details:
printer 1260_TR_LBL1 is idle.  enabled since Fri Sep  6 10:29:22 2024
printer 1260_TR_LSR1 is idle.  enabled since Fri Jun 24 18:30:31 2022
printer 1260_TR_PACK1 is idle.  enabled since Mon Jun  4 13:44:44 2018
printer AAZ305_LSR1_UAT is idle.  enabled since Wed May 28 00:35:19 2025
printer ABCRY_LBL_001 is idle.  enabled since Tue Aug 11 18:22:47 2020
printer ABCRY_LBL_002 is idle.  enabled since Tue Aug 11 18:23:42 2020
printer ABCRY_LSR_001 is idle.  enabled since Tue Aug 11 18:22:07 2020
printer ABCRY_LSR_002 is idle.  enabled since Tue Aug 11 18:23:17 2020
printer AEJLL_LBL_001 is idle.  enabled since Mon Aug  7 10:20:23 2017
printer AEJLL_LSR_001 is idle.  enabled since Wed Sep 13 10:30:45 2017
printer ALPH_LBL_001 is idle.  enabled since Thu Aug 29 15:25:37 2024
printer ALPH_LBL_002 is idle.  enabled since Wed May  2 12:26:15 2018
printer ALPH_LBL_ECOM is idle.  enabled since Mon Nov 18 15:36:23 2019
printer ALPSC_LSR_001 is idle.  enabled since Thu Sep 17 13:47:59 2020
printer AUB_LBL_001 is idle.  enabled since Wed Mar  4 15:39:44 2020
printer AUB_LBL_002 is idle.  enabled since Thu Jun 15 01:01:19 2017
printer AUB_LBL_003 is idle.  enabled since Mon Jun  5 18:11:18 2017
printer AUB_LBL_004 is idle.  enabled since Mon Jun  5 18:11:26 2017
printer AUB_LBL_008 is idle.  enabled since Fri Aug 18 04:55:06 2017
printer AUB_LBL_009 is idle.  enabled since Mon Jul 24 18:45:23 2017
printer AUB_LBL_010 is idle.  enabled since Mon Jul 24 18:45:24 2017
printer AUB_LSR_001 is idle.  enabled since Thu Jun 22 13:50:51 2017
printer AUB_LSR_002 is idle.  enabled since Thu Jun 15 01:00:51 2017
printer AUB_LSR_003 is idle.  enabled since Mon Jun  5 18:11:01 2017
printer AUB_LSR_008 is idle.  enabled since Fri Aug 18 04:55:32 2017
printer AUB_LSR_009 is idle.  enabled since Mon Jul 24 18:45:23 2017
printer AUTO_DUMMY_1 is idle.  enabled since Wed Feb  2 03:51:53 2022
printer AUTO_DUMMY_2 is idle.  enabled since Fri Feb 18 03:15:09 2022
printer AUTO_DUMMY_3 is idle.  enabled since Fri Feb 18 03:19:22 2022
printer AUTO_DUMMY_4 is idle.  enabled since Fri Apr 22 06:13:51 2022
printer AUTOMATION_LBL_01 is idle.  enabled since Fri Jul  5 11:08:37 2024
printer AZ305_AB_LBL_01 is idle.  enabled since Thu Jul  3 19:15:36 2025
printer AZ305_CRSTN_CRSTN_LASER_UAT is idle.  enabled since Tue Aug 12 22:35:51 2025
printer AZ305_CRSTN_CUBE1_UAT is idle.  enabled since Tue Aug  5 17:48:28 2025
printer AZ305_CRSTN_CUBE2_UAT is idle.  enabled since Tue Aug  5 17:49:36 2025
printer AZ305_CRSTN_CUBE3_LASER_UAT is idle.  enabled since Tue Aug 12 22:00:45 2025
printer AZ305_CRSTN_CUBE3_UAT is idle.  enabled since Tue Aug  5 17:51:38 2025
printer AZ305_CRSTN_HAZ_LBL_02_UAT is idle.  enabled since Thu Jul 24 20:19:21 2025
printer AZ305_CRSTN_INTLTL_LASER_UAT is idle.  enabled since Tue Aug 12 22:05:17 2025
printer AZ305_CRSTN_INTLTL_LBL_02_UAT is idle.  enabled since Wed Jul 30 01:07:30 2025
printer AZ305_CRSTN_LBL_01_UAT is idle.  enabled since Wed Jul 23 21:06:33 2025
printer AZ305_CRSTN_PARC_LASER_UAT is idle.  enabled since Tue Aug 12 22:04:15 2025
printer AZ305_CRSTN_PARC_LBL_02_UAT is idle.  enabled since Wed Jul 30 01:05:56 2025
printer AZ305_IB_LBL1_UAT is idle.  enabled since Wed Jun 25 20:46:34 2025
printer AZ305_LBL1_UAT is idle.  enabled since Wed May 28 00:32:10 2025
printer AZ305_LBL2_UAT is idle.  enabled since Wed May 28 00:33:10 2025
printer AZ305_LBL3_UAT is idle.  enabled since Wed May 28 00:34:03 2025
printer AZ305_LSR1_UAT is idle.  enabled since Wed May 28 00:36:51 2025
printer AZ305_LSR2_UAT is idle.  enabled since Wed May 28 00:38:09 2025
printer AZ305_LSR3_UAT is idle.  enabled since Wed May 28 00:39:15 2025
printer AZ305_OB_LBL1_UAT is idle.  enabled since Wed Jun 25 20:45:23 2025
printer AZ305_OBMAIL01_UAT is idle.  enabled since Wed Jun 25 03:27:45 2025
printer AZ305_OBMAIL02_UAT is idle.  enabled since Wed Jun 25 03:29:12 2025
printer BRCAJ_LBL_01 is idle.  enabled since Thu Nov 19 12:47:43 2020
printer BRCAJ_LSR_01 is idle.  enabled since Mon Jan  6 15:24:08 2020
printer CAFAN_COF_OUTB_LBL_01_UAT is idle.  enabled since Wed Jan  7 20:00:31 2026
printer CAFAN_COF_OUTB_LBL_02_UAT is idle.  enabled since Wed Jan  7 20:00:21 2026
printer CAFAN_COF_OUTB_LBL_03_UAT is idle.  enabled since Wed Jan  7 20:00:11 2026
printer CAFAN_COF_OUTB_LBL_04_UAT is idle.  enabled since Wed Jan  7 20:03:38 2026
printer CAFAN_COF_OUTB_LSR_01_UAT is idle.  enabled since Wed Jan  7 20:03:28 2026
printer CAFAN_COF_OUTB_LSR_02_UAT is idle.  enabled since Wed Jan  7 20:03:18 2026
printer CAFAN_COF_OUTB_LSR_03_UAT is idle.  enabled since Wed Jan  7 20:03:08 2026
printer CAFAN_COF_OUTB_LSR_04_UAT is idle.  enabled since Wed Jan  7 20:06:08 2026
printer CAFAN_ECOMLAS01 is idle.  enabled since Thu Feb  3 13:02:19 2022
printer CAFAN_ECOMLAS01_UAT is idle.  enabled since Fri Mar 21 01:05:00 2025
printer CAFAN_ECOMLAS02_UAT is idle.  enabled since Fri Mar 21 01:06:36 2025
printer CAFAN_ECOMZEB01 is idle.  enabled since Wed Jul 26 13:48:52 2023
printer CAFAN_ECOMZEB01_UAT is idle.  enabled since Thu Mar 20 23:24:15 2025
printer CAFAN_ECOMZEB02 is idle.  enabled since Fri Mar 28 13:25:25 2025
printer CAFAN_ECOMZEB02_UAT is idle.  enabled since Thu Mar 20 23:25:20 2025
printer CAFAN_LBL_001 is idle.  enabled since Wed Aug  4 18:50:05 2021
printer CAFAN_LBL_DYPCL1 is idle.  enabled since Wed Jun  9 20:23:30 2021
printer CAFAN_LBL_DYPCL14 is idle.  enabled since Tue Apr 20 09:08:39 2021
printer CAFAN_LBL_DYPCL16 is idle.  enabled since Fri Mar  5 14:21:32 2021
printer CAFAN_LBL_DYPCL18 is idle.  enabled since Fri Mar  5 14:27:52 2021
printer CAFAN_LBL_DYPCL19 is idle.  enabled since Fri Mar  5 14:22:52 2021
printer CAFAN_LBL_DYPCL22 is idle.  enabled since Fri Mar  5 14:26:37 2021
printer CAFAN_LBL_DYPCL29 is idle.  enabled since Fri Mar  5 14:27:16 2021
printer CAFAN_LBL_DYPCL3 is idle.  enabled since Thu Jun 27 22:11:57 2024
printer CAFAN_LBL_DYPCL30 is idle.  enabled since Fri Mar  5 14:23:27 2021
printer CAFAN_LBL_DYPCL31 is idle.  enabled since Fri Mar  5 14:28:27 2021
printer CAFAN_LSR_001 is idle.  enabled since Mon Jul  9 14:45:03 2018
printer CAFAN_LSR_DYPCL1 is idle.  enabled since Wed Jul 25 14:52:07 2018
printer CAFAN_NB_ADMIN_LBL_01_UAT is idle.  enabled since Thu Nov  6 01:59:56 2025
printer CAFAN_NB_ADMIN_LSR_01_UAT is idle.  enabled since Thu Nov  6 02:01:43 2025
printer CAFAN_NB_MOB_LBL_01_UAT is idle.  enabled since Thu Nov  6 02:00:39 2025
printer CAFAN_NB_MOB_LBL_02_UAT is idle.  enabled since Thu Nov  6 02:01:00 2025
printer CAFAN_NB_MOB_LBL_03_UAT is idle.  enabled since Thu Nov  6 02:01:21 2025
printer CAFAN_NB_MOB_LSR_01_UAT is idle.  enabled since Sun Nov  9 23:54:21 2025
printer CAFAN_NB_MOB_LSR_02_UAT is idle.  enabled since Sun Nov  9 23:54:43 2025
printer CAFAN_NB_MOB_LSR_03_UAT is idle.  enabled since Sun Nov  9 23:55:05 2025
printer CAFAN_NB_OUTB_LBL_01_UAT is idle.  enabled since Thu Nov  6 02:00:18 2025
printer CAFAN_NB_OUTB_LSR_01_UAT is idle.  enabled since Sun Nov  9 23:54:00 2025
printer CAFAN_PRT2 is idle.  enabled since Mon Dec 11 18:18:55 2023
printer CAFAN_PRT3 is idle.  enabled since Mon Feb  7 16:09:54 2022
printer CAFOA2_BELTPACK1 is idle.  enabled since Fri Mar 26 23:31:33 2021
printer CAFOA2_BELTPACK2 is idle.  enabled since Fri Mar  5 01:04:12 2021
printer CAFOA2_BELTPACK3 is idle.  enabled since Fri Mar  5 01:00:26 2021
printer CAFOA2_BELTPACK4 is idle.  enabled since Mon Apr 26 18:14:39 2021
printer CAFOA2_BELTPACK5 is idle.  enabled since Fri Mar  5 00:50:01 2021
printer CAFOA2_BELTPACK6 is idle.  enabled since Fri Mar  5 00:44:38 2021
printer CAFOA2_BELTPACK7 is idle.  enabled since Fri Mar  5 00:28:43 2021
printer CAFOA2_BELTPACK8 is idle.  enabled since Fri Mar  5 00:12:53 2021
printer CAFOA2_BELTPACK9 is idle.  enabled since Thu Mar  4 23:35:41 2021
printer CAFOA2_LBL_MBL01 is idle.  enabled since Thu Dec 10 22:23:51 2020
printer CAFOA2_LBL_MBL02 is idle.  enabled since Thu Jul 28 22:32:39 2022
printer CAFOA2_LBL_MBL03 is idle.  enabled since Mon Aug 15 14:37:24 2022
printer CAFOA2_LBL_PKS01 is idle.  enabled since Mon Jul 27 00:23:47 2020
printer CAFOA2_LBL_PKS02 is idle.  enabled since Thu Nov 19 12:48:59 2020
printer CAFOA2_LSR_MBL01 is idle.  enabled since Mon Jul 27 00:14:30 2020
printer CAFOA2_LSR_MBL02 is idle.  enabled since Mon Jul 27 00:15:22 2020
printer CAFOA2_LSR_MBL03 is idle.  enabled since Mon Jul 27 00:18:24 2020
printer CAFOA2_LSR_PKS01 is idle.  enabled since Mon Jul 27 00:25:01 2020
printer CAFOA2_LSR_PKS02 is idle.  enabled since Mon Jul 27 00:25:37 2020
printer CAFOA_LBL_IB01 is idle.  enabled since Tue Jun  6 15:36:21 2023
printer CAFOA_LBL_IBM01 is idle.  enabled since Fri Jul 31 15:14:57 2020
printer CAFOA_LBL_IBM01  is idle.  enabled since Fri Jul 31 15:13:24 2020
printer CAFOA_LBL_INV01 is idle.  enabled since Tue Jun  6 16:24:24 2023
printer CAFOA_LBL_LTL01 is idle.  enabled since Wed Apr 12 06:47:46 2023
printer CAFOA_LBL_LTL02 is idle.  enabled since Wed Apr 12 06:48:16 2023
printer CAFOA_LBL_LTL03 is idle.  enabled since Wed Apr 12 00:46:50 2023
printer CAFOA_LBL_LTL04 is idle.  enabled since Wed Apr 12 03:47:53 2023
printer CAFOA_LBL_LTLADM1 is idle.  enabled since Wed Nov  4 03:24:35 2020
printer CAFOA_LBL_MBLSHP1 is idle.  enabled since Thu Feb  4 14:46:20 2021
printer CAFOA_LBL_SPS01 is idle.  enabled since Tue Apr 11 21:41:27 2023
printer CAFOA_LBL_SPS02 is idle.  enabled since Wed Apr 12 00:42:32 2023
printer CAFOA_LBL_SPS03 is idle.  enabled since Tue Apr 11 18:35:26 2023
printer CAFOA_LBL_SPS04 is idle.  enabled since Wed Apr 12 03:43:38 2023
printer CAFOA_LBL_SPS05 is idle.  enabled since Tue Aug 23 16:09:47 2022
printer CAFOA_LBL_SPS06 is idle.  enabled since Wed Apr 12 03:48:23 2023
printer CAFOA_LBL_SPS07 is idle.  enabled since Tue Apr 11 18:47:02 2023
printer CAFOA_LBL_WAVE01 is idle.  enabled since Mon Oct 17 20:05:44 2022
printer CAFOA_LBL_WAVE02 is idle.  enabled since Mon Oct 17 20:17:45 2022
printer CAFOA_LBL_WE01 is idle.  enabled since Wed Mar 31 18:04:42 2021
printer CAFOA_LBL_WE02 is idle.  enabled since Wed Mar 31 18:38:49 2021
printer CAFOA_LSR_IN01 is idle.  enabled since Fri Jul 31 14:47:40 2020
printer CAFOA_LSR_INM01 is idle.  enabled since Fri Jul 31 14:08:31 2020
printer CAFOA_LSR_INV01 is idle.  enabled since Fri Jul 31 15:04:50 2020
printer CAFOA_LSR_LTL01 is idle.  enabled since Fri Jul 31 14:32:31 2020
printer CAFOA_LSR_LTL02 is idle.  enabled since Fri Jul 31 14:33:31 2020
printer CAFOA_LSR_LTL03 is idle.  enabled since Fri Jul 31 14:34:27 2020
printer CAFOA_LSR_LTL04 is idle.  enabled since Fri Jul 31 14:46:57 2020
printer CAFOA_LSR_LTLADM1 is idle.  enabled since Wed Nov  4 03:23:19 2020
printer CAFOA_LSR_MBLSHP5 is idle.  enabled since Thu Feb  4 14:47:39 2021
printer CAFOA_LSR_SPS01 is idle.  enabled since Fri Jul 31 15:05:43 2020
printer CAFOA_LSR_SPS02 is idle.  enabled since Fri Jul 31 15:06:23 2020
printer CAFOA_LSR_SPS03 is idle.  enabled since Fri Jul 31 15:06:59 2020
printer CAFOA_LSR_SPS04 is idle.  enabled since Fri Jul 31 15:07:34 2020
printer CAFOA_LSR_SPS05 is idle.  enabled since Fri Jul 31 15:08:08 2020
printer CAFOA_LSR_WAVE01 is idle.  enabled since Fri Jul 31 15:08:41 2020
printer CAFOA_LSR_WAVE02 is idle.  enabled since Fri Jul 31 15:09:26 2020
printer CAFOA_MBL05 is idle.  enabled since Thu Nov 19 12:55:54 2020
printer CAMRL1_LBL_01 is idle.  enabled since Fri Feb 18 16:01:49 2022
printer CAMRL1_LBL_02 is idle.  enabled since Fri Feb 18 16:57:42 2022
printer CAMRL1_LSR_01 is idle.  enabled since Fri Feb 18 16:59:21 2022
printer CAMRL1_LSR_02 is idle.  enabled since Fri Feb 18 17:01:02 2022
printer CAMRL2_ADM_LAS001 is idle.  enabled since Tue Aug 22 21:34:15 2023
printer CAMRL2_ADM_ZB001 is idle.  enabled since Tue Aug 22 17:43:07 2023
printer CAMRL2_AUD_ZB001 is idle.  enabled since Tue Aug 22 21:09:04 2023
printer CAMRL2_EXMB_ZB001 is idle.  enabled since Tue Aug 22 21:00:06 2023
printer CAMRL2_EXMB_ZB002 is idle.  enabled since Tue Aug 22 21:00:29 2023
printer CAMRL2_EXMB_ZB003 is idle.  enabled since Tue Aug 22 21:04:09 2023
printer CAMRL2_EXMB_ZB004 is idle.  enabled since Tue Aug 22 21:04:31 2023
printer CAMRL2_IB_LAS001 is idle.  enabled since Tue Aug 22 21:33:58 2023
printer CAMRL2_IB_ZB001 is idle.  enabled since Tue Aug 22 17:38:29 2023
printer CAMRL2_IBMB_ZB001 is idle.  enabled since Tue Aug 22 17:39:09 2023
printer CAMRL2_IC_ZB001 is idle.  enabled since Tue Aug 22 17:41:30 2023
printer CAMRL2_ICMB_ZB001 is idle.  enabled since Tue Aug 22 17:42:22 2023
printer CAMRL2_OB_LAS001 is idle.  enabled since Tue Aug 22 21:34:35 2023
printer CAMRL2_OB_LAS002 is idle.  enabled since Tue Aug 22 21:34:54 2023
printer CAMRL2_OB_LAS003 is idle.  enabled since Tue Aug 22 21:35:19 2023
printer CAMRL2_OB_LAS004 is idle.  enabled since Tue Aug 22 21:35:40 2023
printer CAMRL2_OB_LAS005 is idle.  enabled since Tue Aug 22 21:38:17 2023
printer CAMRL2_OB_LAS006 is idle.  enabled since Tue Aug 22 21:38:33 2023
printer CAMRL2_OB_LAS007 is idle.  enabled since Tue Aug 22 21:39:04 2023
printer CAMRL2_OB_LAS008 is idle.  enabled since Tue Aug 22 21:39:21 2023
printer CAMRL2_OB_LAS009 is idle.  enabled since Tue Aug 22 21:39:37 2023
printer CAMRL2_OB_LAS010 is idle.  enabled since Tue Aug 22 21:39:51 2023
printer CAMRL2_OB_LAS011 is idle.  enabled since Tue Aug 22 21:40:09 2023
printer CAMRL2_OB_LAS012 is idle.  enabled since Tue Aug 22 21:40:25 2023
printer CAMRL2_OB_LAS013 is idle.  enabled since Tue Aug 22 21:40:45 2023
printer CAMRL2_OB_LAS014 is idle.  enabled since Tue Aug 22 21:41:06 2023
printer CAMRL2_OB_LAS015 is idle.  enabled since Tue Aug 22 21:41:20 2023
printer CAMRL2_OB_LAS016 is idle.  enabled since Tue Aug 22 21:41:36 2023
printer CAMRL2_OB_ZB001_UAT is idle.  enabled since Tue Sep 26 22:28:24 2023
printer CAMRL2_OB_ZB002 is idle.  enabled since Tue Aug 22 21:46:47 2023
printer CAMRL2_OB_ZB003 is idle.  enabled since Tue Aug 22 17:46:51 2023
printer CAMRL2_OB_ZB004 is idle.  enabled since Tue Aug 22 17:47:27 2023
printer CAMRL2_OB_ZB005 is idle.  enabled since Tue Aug 22 17:48:04 2023
printer CAMRL2_OB_ZB006 is idle.  enabled since Tue Aug 22 17:49:01 2023
printer CAMRL2_OB_ZB007 is idle.  enabled since Tue Aug 22 17:50:44 2023
printer CAMRL2_OB_ZB008 is idle.  enabled since Tue Aug 22 17:51:27 2023
printer CAMRL2_OB_ZB009 is idle.  enabled since Tue Aug 22 17:52:16 2023
printer CAMRL2_OB_ZB010 is idle.  enabled since Tue Aug 22 17:55:19 2023
printer CAMRL2_OB_ZB011 is idle.  enabled since Tue Aug 22 17:56:07 2023
printer CAMRL2_OB_ZB012 is idle.  enabled since Tue Aug 22 17:56:48 2023
printer CAMRL2_OB_ZB013 is idle.  enabled since Tue Aug 22 20:56:56 2023
printer CAMRL2_OB_ZB014 is idle.  enabled since Tue Aug 22 20:58:14 2023
printer CAMRL2_OB_ZB015 is idle.  enabled since Tue Aug 22 20:58:06 2023
printer CAMRL2_OB_ZB016 is idle.  enabled since Tue Aug 22 20:59:51 2023
printer CAMRL2_OBML_LAS001 is idle.  enabled since Tue Aug 22 21:41:53 2023
printer CAMRL2_OBML_LAS002 is idle.  enabled since Tue Aug 22 21:42:08 2023
printer CAMRL2_OBML_LAS003 is idle.  enabled since Tue Aug 22 21:42:28 2023
printer CAMRL2_OBML_LAS004 is idle.  enabled since Tue Aug 22 21:42:46 2023
printer CAMRL2_OBML_LAS005 is idle.  enabled since Tue Aug 22 21:43:01 2023
printer CAMRL2_OBML_LAS006 is idle.  enabled since Tue Aug 22 21:43:18 2023
printer CAMRL2_OBML_LAS007 is idle.  enabled since Tue Aug 22 21:43:43 2023
printer CAMRL2_OBML_LAS008 is idle.  enabled since Tue Aug 22 21:43:59 2023
printer CAMRL2_OBML_LAS009 is idle.  enabled since Tue Aug 22 21:44:16 2023
printer CAMRL2_OBML_LAS010 is idle.  enabled since Tue Aug 22 21:44:31 2023
printer CAMRL2_OBML_ZB001 is idle.  enabled since Tue Aug 22 21:00:52 2023
printer CAMRL2_OBML_ZB001_UAT is idle.  enabled since Thu Sep 28 15:07:28 2023
printer CAMRL2_OBML_ZB002 is idle.  enabled since Tue Aug 22 21:01:14 2023
printer CAMRL2_OBML_ZB003 is idle.  enabled since Tue Aug 22 21:01:37 2023
printer CAMRL2_OBML_ZB004 is idle.  enabled since Tue Aug 22 21:01:58 2023
printer CAMRL2_OBML_ZB005 is idle.  enabled since Tue Aug 22 21:02:16 2023
printer CAMRL2_OBML_ZB006 is idle.  enabled since Tue Aug 22 21:02:35 2023
printer CAMRL2_OBML_ZB007 is idle.  enabled since Tue Aug 22 21:02:55 2023
printer CAMRL2_OBML_ZB008 is idle.  enabled since Tue Aug 22 21:03:14 2023
printer CAMRL2_OBML_ZB009 is idle.  enabled since Tue Aug 22 21:03:32 2023
printer CAMRL2_OBML_ZB010 is idle.  enabled since Tue Aug 22 21:03:51 2023
printer CAMRL2_REC_ZB001 is idle.  enabled since Tue Aug 22 17:44:40 2023
printer CAMRL2_RET_LAS001 is idle.  enabled since Tue Aug 22 21:44:46 2023
printer CAMRL2_RET_LAS002 is idle.  enabled since Tue Aug 22 21:45:03 2023
printer CAMRL2_RET_LAS003 is idle.  enabled since Tue Aug 22 21:45:21 2023
printer CAMRL2_RET_ZB001 is idle.  enabled since Tue Aug 22 21:04:50 2023
printer CAMRL2_RET_ZB002 is idle.  enabled since Tue Aug 22 21:05:12 2023
printer CAMRL2_RET_ZB003 is idle.  enabled since Tue Aug 22 21:05:32 2023
printer CAMRL2_RET_ZB004 is idle.  enabled since Tue Aug 22 21:05:55 2023
printer CAMRL2_RET_ZB005 is idle.  enabled since Tue Aug 22 21:06:15 2023
printer CAMRL2_RET_ZB006 is idle.  enabled since Tue Aug 22 21:06:40 2023
printer CAMRL2_RET_ZB007 is idle.  enabled since Tue Aug 22 21:07:09 2023
printer CAMRL2_RET_ZB008 is idle.  enabled since Tue Aug 22 21:07:45 2023
printer CAMRL2_RET_ZB009 is idle.  enabled since Tue Aug 22 21:08:02 2023
printer CAMRL2_RET_ZB010 is idle.  enabled since Tue Aug 22 21:08:23 2023
printer CAMRL2_SUP_ZB001 is idle.  enabled since Tue Aug 22 17:43:40 2023
printer CAMRL2_TR_LAS001 is idle.  enabled since Mon Jul 10 18:05:23 2023
printer CAMRL2_TR_ZB001 is idle.  enabled since Mon Jul 10 17:57:00 2023
printer CAMRL_ADMINLAS02 is idle.  enabled since Mon Feb 28 20:04:19 2022
printer CAMRL_ADMINLAS03 is idle.  enabled since Mon Feb 28 20:04:56 2022
printer CAMRL_ADMINZEB02 is idle.  enabled since Mon Feb 28 19:22:55 2022
printer CAMRL_ADMINZEB03 is idle.  enabled since Mon Feb 28 19:23:43 2022
printer CAMRL_ECOMLAS01 is idle.  enabled since Wed Oct  7 16:02:35 2020
printer CAMRL_ECOMZEB01 is idle.  enabled since Tue Jun 29 19:45:54 2021
printer CAMRL_IBLAS01 is idle.  enabled since Wed Oct  7 15:42:52 2020
printer CAMRL_LBL_C01 is idle.  enabled since Tue Oct  6 22:04:14 2020
printer CAMRL_LBL_IB1 is idle.  enabled since Tue Oct  6 19:43:42 2020
printer CAMRL_LSR_C01 is idle.  enabled since Thu Jul  2 12:39:28 2020
printer CAMRL_LSR_IB1 is idle.  enabled since Thu Jul  2 12:38:50 2020
printer CAMRL_LTLLAS02 is idle.  enabled since Thu Oct 22 21:26:38 2020
printer CAMRL_LTLZEB02 is idle.  enabled since Thu Oct 22 23:06:05 2020
printer CAMRL_TRZEB01 is idle.  enabled since Wed Jul 14 17:45:30 2021
printer CAMRLTR01 is idle.  enabled since Sat Jul 27 21:02:46 2024
printer CAMRLTR02 is idle.  enabled since Mon Jul 29 20:10:01 2024
printer CAMTRLAS01 is idle.  enabled since Tue Jul  5 12:57:36 2022
printer CAMTRLAS02 is idle.  enabled since Tue Feb 23 18:45:03 2021
printer CAMTRZEB01 is idle.  enabled since Sat Jul 27 02:47:20 2024
printer CAMTRZEB02 is idle.  enabled since Thu Jun 27 13:16:11 2024
printer CART01LAB is idle.  enabled since Thu Sep  3 16:40:00 2020
printer CART01LAS is idle.  enabled since Wed Aug 12 20:07:02 2020
printer CART02LAB is idle.  enabled since Thu Dec  8 03:47:34 2022
printer CART02LAS is idle.  enabled since Wed Aug 12 20:07:40 2020
printer CHAMP_SFTTEST is idle.  enabled since Thu May 25 20:14:04 2017
printer COFATL_LBL_01 is idle.  enabled since Mon Feb 12 08:52:43 2024
printer COFATL_LBL_01_UAT is idle.  enabled since Thu Dec 21 17:21:23 2023
printer COFATL_LBL_02 is idle.  enabled since Mon Feb 12 08:54:03 2024
printer COFATL_LBL_02_UAT is idle.  enabled since Thu Dec 21 17:22:55 2023
printer COFATL_LBL_03_UAT is idle.  enabled since Thu Dec 21 17:24:17 2023
printer COFATL_LBL_04_UAT is idle.  enabled since Thu Dec 21 17:24:57 2023
printer COFATL_LBL_05_UAT is idle.  enabled since Thu Dec 21 17:25:39 2023
printer COFATL_LBL_06_UAT is idle.  enabled since Thu Dec 21 17:26:22 2023
printer COFATL_LBL_07_UAT is idle.  enabled since Thu Dec 21 17:27:01 2023
printer COFATL_LBL_08_UAT is idle.  enabled since Thu Dec 21 17:32:37 2023
printer COFATL_LBL_09_UAT is idle.  enabled since Thu Dec 21 17:34:34 2023
printer COFATL_LBL_10_UAT is idle.  enabled since Thu Dec 21 17:43:25 2023
printer COFATL_LBL_11_UAT is idle.  enabled since Thu Dec 21 17:44:18 2023
printer COFATL_LSR_01_UAT is idle.  enabled since Fri Nov  3 18:05:12 2023
printer COFATL_LSR_02_UAT is idle.  enabled since Fri Nov  3 18:06:08 2023
printer COFATL_LSR_03 is idle.  enabled since Mon Feb 12 08:55:40 2024
printer COFATL_LSR_04 is idle.  enabled since Mon Feb 12 08:56:28 2024
printer COFDFW_LBL_1_UAT is idle.  enabled since Mon Nov 20 18:54:57 2023
printer COFDFW_LBL_2_UAT is idle.  enabled since Mon Nov 20 18:55:42 2023
printer COFDFW_LBL_3_UAT is idle.  enabled since Mon Nov 20 18:56:27 2023
printer COFDFW_LBL_4_UAT is idle.  enabled since Mon Nov 20 18:57:13 2023
printer COFDFW_LBL_5_UAT is idle.  enabled since Mon Nov --output truncated--
2026-01-17 03:06:55,535 - 9411 - ERROR - app_validation.sh errors for i-0c7bf16d87523f2a8:

2026-01-17 03:06:55,537 - 9411 - INFO - Before patching validation saved to: output/validation-2026-01-17/172.29.59.204-BeforePatching-2026-01-17-03-06-55-536.log
2026-01-17 03:06:55,537 - 9411 - INFO - Deregistering i-0c7bf16d87523f2a8 from TG arn:aws:elasticloadbalancing:us-east-1:835314132208:targetgroup/UPS-PZN-UAT-API-1/0534a9daa3cb0945
2026-01-17 03:06:55,604 - 9411 - INFO - Deregistering i-0c7bf16d87523f2a8 from TG arn:aws:elasticloadbalancing:us-east-1:835314132208:targetgroup/UPS-PZN-UAT-API-2/5511e9b7bc34d332
2026-01-17 03:06:55,682 - 9411 - INFO - Deregistering i-0c7bf16d87523f2a8 from TG arn:aws:elasticloadbalancing:us-east-1:835314132208:targetgroup/UPS-PZN-UAT-API-3/b6a5872e3cc1aedf
2026-01-17 03:06:55,732 - 9411 - INFO - Stopping EC2 instance: i-0c7bf16d87523f2a8 at 2026-01-17 03:06:55
2026-01-17 03:08:27,125 - 9411 - INFO - Instance i-0c7bf16d87523f2a8 stopped successfully.
2026-01-17 03:08:27,253 - 9411 - INFO - Stopped i-0c7bf16d87523f2a8 in 0:01:31.521097
2026-01-17 03:08:27,253 - 9411 - INFO - Starting EC2 instance: i-0c7bf16d87523f2a8
2026-01-17 03:08:43,241 - 9411 - INFO - Instance i-0c7bf16d87523f2a8 started successfully.
2026-01-17 03:08:43,241 - 9411 - INFO - Waiting 30 seconds for SSM agent to be ready on i-0c7bf16d87523f2a8...
2026-01-17 03:09:13,271 - 9411 - INFO - Registering i-0c7bf16d87523f2a8 to TG arn:aws:elasticloadbalancing:us-east-1:835314132208:targetgroup/UPS-PZN-UAT-API-1/0534a9daa3cb0945
2026-01-17 03:09:13,428 - 9411 - INFO - Registering i-0c7bf16d87523f2a8 to TG arn:aws:elasticloadbalancing:us-east-1:835314132208:targetgroup/UPS-PZN-UAT-API-2/5511e9b7bc34d332
2026-01-17 03:09:13,573 - 9411 - INFO - Registering i-0c7bf16d87523f2a8 to TG arn:aws:elasticloadbalancing:us-east-1:835314132208:targetgroup/UPS-PZN-UAT-API-3/b6a5872e3cc1aedf
2026-01-17 03:13:44,520 - 9411 - INFO - Sent app_validation.sh to i-0c7bf16d87523f2a8 (command_id: ac244d2a-945c-4f01-ab5f-9d7049429dee)
2026-01-17 03:14:14,636 - 9411 - INFO - app_validation.sh output for i-0c7bf16d87523f2a8:

==============================================================================
Server Availability Check Started at Sat Jan 17 08:13:44 UTC 2026
==============================================================================

-------------------------------------
Server IP : 172.29.59.204
-------------------------------------
System Information
------------------
Hostname: ip-172-29-59-204
Uptime: up 5 minutes
Current User: root
Working Directory: /usr/bin
-------------------------------------
Voice Console URL: http://172.29.59.204:9090/VoiceConsole
-------------------------------------

-------------------------------------
Server IP : 172.29.59.204
-------------------------------------
Physical Memory Information
---------------------------
Total Physical Memory = 31391 MB
Used Physical Memory  = 12060 MB
Free Physical Memory  = 19331 MB
-------------------------------------
Swap Memory Information
-----------------------
Total Swap Memory = 10239 MB
Used Swap Memory  = 0 MB
Free Swap Memory  = 10239 MB
-------------------------------------
Load Average: 0.55 1.29 0.65 1/646 6061
-------------------------------------

Disk Usage Information
----------------------
Filesystem                                                         Size  Used Avail Use% Mounted on
/dev/nvme0n1p1                                                      20G  5.4G   15G  27% /
/dev/nvme0n1p128                                                    10M  1.3M  8.7M  13% /boot/efi
/dev/mapper/vg01-lv02                                              240G   24G  217G  10% /data
fs-5bdc0713.efs.us-east-1.amazonaws.com:/shared/softeon/upspznuat  8.0E  1.2T  8.0E   1% /data/data2/shared/softeon/upspznuat
fs-5bdc0713.efs.us-east-1.amazonaws.com:/                          8.0E  1.2T  8.0E   1% /data2
devtmpfs                                                           4.0M     0  4.0M   0% /dev
tmpfs                                                               16G     0   16G   0% /dev/shm
tmpfs                                                              6.2G  728K  6.2G   1% /run
tmpfs                                                              3.1G     0  3.1G   0% /run/user/1001
tmpfs                                                               16G   41M   16G   1% /tmp
-------------------------------------

Application Port Validation for Server IP: 172.29.59.204 started on Sat Jan 17 08:13:44 UTC 2026

Server IP: 172.29.59.204 is reachable.

SSH Service (Port 22) Status:
SSH Service (Port 22): NOT REACHABLE
-------------------------------------

FTP Service Validation for Server IP: 172.29.59.204

FTP Service (Port 21): NOT REACHABLE
No FTP processes detected
-------------------------------------

CUPS Service Validation for Server IP: 172.29.59.204

CUPS Service (Port 631): NOT REACHABLE

Printer Configuration:
Total Printers Configured: 990
Printer Details:
printer 1260_TR_LBL1 is idle.  enabled since Fri Sep  6 10:29:22 2024
printer 1260_TR_LSR1 is idle.  enabled since Fri Jun 24 18:30:31 2022
printer 1260_TR_PACK1 is idle.  enabled since Mon Jun  4 13:44:44 2018
printer AAZ305_LSR1_UAT is idle.  enabled since Wed May 28 00:35:19 2025
printer ABCRY_LBL_001 is idle.  enabled since Tue Aug 11 18:22:47 2020
printer ABCRY_LBL_002 is idle.  enabled since Tue Aug 11 18:23:42 2020
printer ABCRY_LSR_001 is idle.  enabled since Tue Aug 11 18:22:07 2020
printer ABCRY_LSR_002 is idle.  enabled since Tue Aug 11 18:23:17 2020
printer AEJLL_LBL_001 is idle.  enabled since Mon Aug  7 10:20:23 2017
printer AEJLL_LSR_001 is idle.  enabled since Wed Sep 13 10:30:45 2017
printer ALPH_LBL_001 is idle.  enabled since Thu Aug 29 15:25:37 2024
printer ALPH_LBL_002 is idle.  enabled since Wed May  2 12:26:15 2018
printer ALPH_LBL_ECOM is idle.  enabled since Mon Nov 18 15:36:23 2019
printer ALPSC_LSR_001 is idle.  enabled since Thu Sep 17 13:47:59 2020
printer AUB_LBL_001 is idle.  enabled since Wed Mar  4 15:39:44 2020
printer AUB_LBL_002 is idle.  enabled since Thu Jun 15 01:01:19 2017
printer AUB_LBL_003 is idle.  enabled since Mon Jun  5 18:11:18 2017
printer AUB_LBL_004 is idle.  enabled since Mon Jun  5 18:11:26 2017
printer AUB_LBL_008 is idle.  enabled since Fri Aug 18 04:55:06 2017
printer AUB_LBL_009 is idle.  enabled since Mon Jul 24 18:45:23 2017
printer AUB_LBL_010 is idle.  enabled since Mon Jul 24 18:45:24 2017
printer AUB_LSR_001 is idle.  enabled since Thu Jun 22 13:50:51 2017
printer AUB_LSR_002 is idle.  enabled since Thu Jun 15 01:00:51 2017
printer AUB_LSR_003 is idle.  enabled since Mon Jun  5 18:11:01 2017
printer AUB_LSR_008 is idle.  enabled since Fri Aug 18 04:55:32 2017
printer AUB_LSR_009 is idle.  enabled since Mon Jul 24 18:45:23 2017
printer AUTO_DUMMY_1 is idle.  enabled since Wed Feb  2 03:51:53 2022
printer AUTO_DUMMY_2 is idle.  enabled since Fri Feb 18 03:15:09 2022
printer AUTO_DUMMY_3 is idle.  enabled since Fri Feb 18 03:19:22 2022
printer AUTO_DUMMY_4 is idle.  enabled since Fri Apr 22 06:13:51 2022
printer AUTOMATION_LBL_01 is idle.  enabled since Fri Jul  5 11:08:37 2024
printer AZ305_AB_LBL_01 is idle.  enabled since Thu Jul  3 19:15:36 2025
printer AZ305_CRSTN_CRSTN_LASER_UAT is idle.  enabled since Tue Aug 12 22:35:51 2025
printer AZ305_CRSTN_CUBE1_UAT is idle.  enabled since Tue Aug  5 17:48:28 2025
printer AZ305_CRSTN_CUBE2_UAT is idle.  enabled since Tue Aug  5 17:49:36 2025
printer AZ305_CRSTN_CUBE3_LASER_UAT is idle.  enabled since Tue Aug 12 22:00:45 2025
printer AZ305_CRSTN_CUBE3_UAT is idle.  enabled since Tue Aug  5 17:51:38 2025
printer AZ305_CRSTN_HAZ_LBL_02_UAT is idle.  enabled since Thu Jul 24 20:19:21 2025
printer AZ305_CRSTN_INTLTL_LASER_UAT is idle.  enabled since Tue Aug 12 22:05:17 2025
printer AZ305_CRSTN_INTLTL_LBL_02_UAT is idle.  enabled since Wed Jul 30 01:07:30 2025
printer AZ305_CRSTN_LBL_01_UAT is idle.  enabled since Wed Jul 23 21:06:33 2025
printer AZ305_CRSTN_PARC_LASER_UAT is idle.  enabled since Tue Aug 12 22:04:15 2025
printer AZ305_CRSTN_PARC_LBL_02_UAT is idle.  enabled since Wed Jul 30 01:05:56 2025
printer AZ305_IB_LBL1_UAT is idle.  enabled since Wed Jun 25 20:46:34 2025
printer AZ305_LBL1_UAT is idle.  enabled since Wed May 28 00:32:10 2025
printer AZ305_LBL2_UAT is idle.  enabled since Wed May 28 00:33:10 2025
printer AZ305_LBL3_UAT is idle.  enabled since Wed May 28 00:34:03 2025
printer AZ305_LSR1_UAT is idle.  enabled since Wed May 28 00:36:51 2025
printer AZ305_LSR2_UAT is idle.  enabled since Wed May 28 00:38:09 2025
printer AZ305_LSR3_UAT is idle.  enabled since Wed May 28 00:39:15 2025
printer AZ305_OB_LBL1_UAT is idle.  enabled since Wed Jun 25 20:45:23 2025
printer AZ305_OBMAIL01_UAT is idle.  enabled since Wed Jun 25 03:27:45 2025
printer AZ305_OBMAIL02_UAT is idle.  enabled since Wed Jun 25 03:29:12 2025
printer BRCAJ_LBL_01 is idle.  enabled since Thu Nov 19 12:47:43 2020
printer BRCAJ_LSR_01 is idle.  enabled since Mon Jan  6 15:24:08 2020
printer CAFAN_COF_OUTB_LBL_01_UAT is idle.  enabled since Wed Jan  7 20:00:31 2026
printer CAFAN_COF_OUTB_LBL_02_UAT is idle.  enabled since Wed Jan  7 20:00:21 2026
printer CAFAN_COF_OUTB_LBL_03_UAT is idle.  enabled since Wed Jan  7 20:00:11 2026
printer CAFAN_COF_OUTB_LBL_04_UAT is idle.  enabled since Wed Jan  7 20:03:38 2026
printer CAFAN_COF_OUTB_LSR_01_UAT is idle.  enabled since Wed Jan  7 20:03:28 2026
printer CAFAN_COF_OUTB_LSR_02_UAT is idle.  enabled since Wed Jan  7 20:03:18 2026
printer CAFAN_COF_OUTB_LSR_03_UAT is idle.  enabled since Wed Jan  7 20:03:08 2026
printer CAFAN_COF_OUTB_LSR_04_UAT is idle.  enabled since Wed Jan  7 20:06:08 2026
printer CAFAN_ECOMLAS01 is idle.  enabled since Thu Feb  3 13:02:19 2022
printer CAFAN_ECOMLAS01_UAT is idle.  enabled since Fri Mar 21 01:05:00 2025
printer CAFAN_ECOMLAS02_UAT is idle.  enabled since Fri Mar 21 01:06:36 2025
printer CAFAN_ECOMZEB01 is idle.  enabled since Wed Jul 26 13:48:52 2023
printer CAFAN_ECOMZEB01_UAT is idle.  enabled since Thu Mar 20 23:24:15 2025
printer CAFAN_ECOMZEB02 is idle.  enabled since Fri Mar 28 13:25:25 2025
printer CAFAN_ECOMZEB02_UAT is idle.  enabled since Thu Mar 20 23:25:20 2025
printer CAFAN_LBL_001 is idle.  enabled since Wed Aug  4 18:50:05 2021
printer CAFAN_LBL_DYPCL1 is idle.  enabled since Wed Jun  9 20:23:30 2021
printer CAFAN_LBL_DYPCL14 is idle.  enabled since Tue Apr 20 09:08:39 2021
printer CAFAN_LBL_DYPCL16 is idle.  enabled since Fri Mar  5 14:21:32 2021
printer CAFAN_LBL_DYPCL18 is idle.  enabled since Fri Mar  5 14:27:52 2021
printer CAFAN_LBL_DYPCL19 is idle.  enabled since Fri Mar  5 14:22:52 2021
printer CAFAN_LBL_DYPCL22 is idle.  enabled since Fri Mar  5 14:26:37 2021
printer CAFAN_LBL_DYPCL29 is idle.  enabled since Fri Mar  5 14:27:16 2021
printer CAFAN_LBL_DYPCL3 is idle.  enabled since Thu Jun 27 22:11:57 2024
printer CAFAN_LBL_DYPCL30 is idle.  enabled since Fri Mar  5 14:23:27 2021
printer CAFAN_LBL_DYPCL31 is idle.  enabled since Fri Mar  5 14:28:27 2021
printer CAFAN_LSR_001 is idle.  enabled since Mon Jul  9 14:45:03 2018
printer CAFAN_LSR_DYPCL1 is idle.  enabled since Wed Jul 25 14:52:07 2018
printer CAFAN_NB_ADMIN_LBL_01_UAT is idle.  enabled since Thu Nov  6 01:59:56 2025
printer CAFAN_NB_ADMIN_LSR_01_UAT is idle.  enabled since Thu Nov  6 02:01:43 2025
printer CAFAN_NB_MOB_LBL_01_UAT is idle.  enabled since Thu Nov  6 02:00:39 2025
printer CAFAN_NB_MOB_LBL_02_UAT is idle.  enabled since Thu Nov  6 02:01:00 2025
printer CAFAN_NB_MOB_LBL_03_UAT is idle.  enabled since Thu Nov  6 02:01:21 2025
printer CAFAN_NB_MOB_LSR_01_UAT is idle.  enabled since Sun Nov  9 23:54:21 2025
printer CAFAN_NB_MOB_LSR_02_UAT is idle.  enabled since Sun Nov  9 23:54:43 2025
printer CAFAN_NB_MOB_LSR_03_UAT is idle.  enabled since Sun Nov  9 23:55:05 2025
printer CAFAN_NB_OUTB_LBL_01_UAT is idle.  enabled since Thu Nov  6 02:00:18 2025
printer CAFAN_NB_OUTB_LSR_01_UAT is idle.  enabled since Sun Nov  9 23:54:00 2025
printer CAFAN_PRT2 is idle.  enabled since Mon Dec 11 18:18:55 2023
printer CAFAN_PRT3 is idle.  enabled since Mon Feb  7 16:09:54 2022
printer CAFOA2_BELTPACK1 is idle.  enabled since Fri Mar 26 23:31:33 2021
printer CAFOA2_BELTPACK2 is idle.  enabled since Fri Mar  5 01:04:12 2021
printer CAFOA2_BELTPACK3 is idle.  enabled since Fri Mar  5 01:00:26 2021
printer CAFOA2_BELTPACK4 is idle.  enabled since Mon Apr 26 18:14:39 2021
printer CAFOA2_BELTPACK5 is idle.  enabled since Fri Mar  5 00:50:01 2021
printer CAFOA2_BELTPACK6 is idle.  enabled since Fri Mar  5 00:44:38 2021
printer CAFOA2_BELTPACK7 is idle.  enabled since Fri Mar  5 00:28:43 2021
printer CAFOA2_BELTPACK8 is idle.  enabled since Fri Mar  5 00:12:53 2021
printer CAFOA2_BELTPACK9 is idle.  enabled since Thu Mar  4 23:35:41 2021
printer CAFOA2_LBL_MBL01 is idle.  enabled since Thu Dec 10 22:23:51 2020
printer CAFOA2_LBL_MBL02 is idle.  enabled since Thu Jul 28 22:32:39 2022
printer CAFOA2_LBL_MBL03 is idle.  enabled since Mon Aug 15 14:37:24 2022
printer CAFOA2_LBL_PKS01 is idle.  enabled since Mon Jul 27 00:23:47 2020
printer CAFOA2_LBL_PKS02 is idle.  enabled since Thu Nov 19 12:48:59 2020
printer CAFOA2_LSR_MBL01 is idle.  enabled since Mon Jul 27 00:14:30 2020
printer CAFOA2_LSR_MBL02 is idle.  enabled since Mon Jul 27 00:15:22 2020
printer CAFOA2_LSR_MBL03 is idle.  enabled since Mon Jul 27 00:18:24 2020
printer CAFOA2_LSR_PKS01 is idle.  enabled since Mon Jul 27 00:25:01 2020
printer CAFOA2_LSR_PKS02 is idle.  enabled since Mon Jul 27 00:25:37 2020
printer CAFOA_LBL_IB01 is idle.  enabled since Tue Jun  6 15:36:21 2023
printer CAFOA_LBL_IBM01 is idle.  enabled since Fri Jul 31 15:14:57 2020
printer CAFOA_LBL_IBM01  is idle.  enabled since Fri Jul 31 15:13:24 2020
printer CAFOA_LBL_INV01 is idle.  enabled since Tue Jun  6 16:24:24 2023
printer CAFOA_LBL_LTL01 is idle.  enabled since Wed Apr 12 06:47:46 2023
printer CAFOA_LBL_LTL02 is idle.  enabled since Wed Apr 12 06:48:16 2023
printer CAFOA_LBL_LTL03 is idle.  enabled since Wed Apr 12 00:46:50 2023
printer CAFOA_LBL_LTL04 is idle.  enabled since Wed Apr 12 03:47:53 2023
printer CAFOA_LBL_LTLADM1 is idle.  enabled since Wed Nov  4 03:24:35 2020
printer CAFOA_LBL_MBLSHP1 is idle.  enabled since Thu Feb  4 14:46:20 2021
printer CAFOA_LBL_SPS01 is idle.  enabled since Tue Apr 11 21:41:27 2023
printer CAFOA_LBL_SPS02 is idle.  enabled since Wed Apr 12 00:42:32 2023
printer CAFOA_LBL_SPS03 is idle.  enabled since Tue Apr 11 18:35:26 2023
printer CAFOA_LBL_SPS04 is idle.  enabled since Wed Apr 12 03:43:38 2023
printer CAFOA_LBL_SPS05 is idle.  enabled since Tue Aug 23 16:09:47 2022
printer CAFOA_LBL_SPS06 is idle.  enabled since Wed Apr 12 03:48:23 2023
printer CAFOA_LBL_SPS07 is idle.  enabled since Tue Apr 11 18:47:02 2023
printer CAFOA_LBL_WAVE01 is idle.  enabled since Mon Oct 17 20:05:44 2022
printer CAFOA_LBL_WAVE02 is idle.  enabled since Mon Oct 17 20:17:45 2022
printer CAFOA_LBL_WE01 is idle.  enabled since Wed Mar 31 18:04:42 2021
printer CAFOA_LBL_WE02 is idle.  enabled since Wed Mar 31 18:38:49 2021
printer CAFOA_LSR_IN01 is idle.  enabled since Fri Jul 31 14:47:40 2020
printer CAFOA_LSR_INM01 is idle.  enabled since Fri Jul 31 14:08:31 2020
printer CAFOA_LSR_INV01 is idle.  enabled since Fri Jul 31 15:04:50 2020
printer CAFOA_LSR_LTL01 is idle.  enabled since Fri Jul 31 14:32:31 2020
printer CAFOA_LSR_LTL02 is idle.  enabled since Fri Jul 31 14:33:31 2020
printer CAFOA_LSR_LTL03 is idle.  enabled since Fri Jul 31 14:34:27 2020
printer CAFOA_LSR_LTL04 is idle.  enabled since Fri Jul 31 14:46:57 2020
printer CAFOA_LSR_LTLADM1 is idle.  enabled since Wed Nov  4 03:23:19 2020
printer CAFOA_LSR_MBLSHP5 is idle.  enabled since Thu Feb  4 14:47:39 2021
printer CAFOA_LSR_SPS01 is idle.  enabled since Fri Jul 31 15:05:43 2020
printer CAFOA_LSR_SPS02 is idle.  enabled since Fri Jul 31 15:06:23 2020
printer CAFOA_LSR_SPS03 is idle.  enabled since Fri Jul 31 15:06:59 2020
printer CAFOA_LSR_SPS04 is idle.  enabled since Fri Jul 31 15:07:34 2020
printer CAFOA_LSR_SPS05 is idle.  enabled since Fri Jul 31 15:08:08 2020
printer CAFOA_LSR_WAVE01 is idle.  enabled since Fri Jul 31 15:08:41 2020
printer CAFOA_LSR_WAVE02 is idle.  enabled since Fri Jul 31 15:09:26 2020
printer CAFOA_MBL05 is idle.  enabled since Thu Nov 19 12:55:54 2020
printer CAMRL1_LBL_01 is idle.  enabled since Fri Feb 18 16:01:49 2022
printer CAMRL1_LBL_02 is idle.  enabled since Fri Feb 18 16:57:42 2022
printer CAMRL1_LSR_01 is idle.  enabled since Fri Feb 18 16:59:21 2022
printer CAMRL1_LSR_02 is idle.  enabled since Fri Feb 18 17:01:02 2022
printer CAMRL2_ADM_LAS001 is idle.  enabled since Tue Aug 22 21:34:15 2023
printer CAMRL2_ADM_ZB001 is idle.  enabled since Tue Aug 22 17:43:07 2023
printer CAMRL2_AUD_ZB001 is idle.  enabled since Tue Aug 22 21:09:04 2023
printer CAMRL2_EXMB_ZB001 is idle.  enabled since Tue Aug 22 21:00:06 2023
printer CAMRL2_EXMB_ZB002 is idle.  enabled since Tue Aug 22 21:00:29 2023
printer CAMRL2_EXMB_ZB003 is idle.  enabled since Tue Aug 22 21:04:09 2023
printer CAMRL2_EXMB_ZB004 is idle.  enabled since Tue Aug 22 21:04:31 2023
printer CAMRL2_IB_LAS001 is idle.  enabled since Tue Aug 22 21:33:58 2023
printer CAMRL2_IB_ZB001 is idle.  enabled since Tue Aug 22 17:38:29 2023
printer CAMRL2_IBMB_ZB001 is idle.  enabled since Tue Aug 22 17:39:09 2023
printer CAMRL2_IC_ZB001 is idle.  enabled since Tue Aug 22 17:41:30 2023
printer CAMRL2_ICMB_ZB001 is idle.  enabled since Tue Aug 22 17:42:22 2023
printer CAMRL2_OB_LAS001 is idle.  enabled since Tue Aug 22 21:34:35 2023
printer CAMRL2_OB_LAS002 is idle.  enabled since Tue Aug 22 21:34:54 2023
printer CAMRL2_OB_LAS003 is idle.  enabled since Tue Aug 22 21:35:19 2023
printer CAMRL2_OB_LAS004 is idle.  enabled since Tue Aug 22 21:35:40 2023
printer CAMRL2_OB_LAS005 is idle.  enabled since Tue Aug 22 21:38:17 2023
printer CAMRL2_OB_LAS006 is idle.  enabled since Tue Aug 22 21:38:33 2023
printer CAMRL2_OB_LAS007 is idle.  enabled since Tue Aug 22 21:39:04 2023
printer CAMRL2_OB_LAS008 is idle.  enabled since Tue Aug 22 21:39:21 2023
printer CAMRL2_OB_LAS009 is idle.  enabled since Tue Aug 22 21:39:37 2023
printer CAMRL2_OB_LAS010 is idle.  enabled since Tue Aug 22 21:39:51 2023
printer CAMRL2_OB_LAS011 is idle.  enabled since Tue Aug 22 21:40:09 2023
printer CAMRL2_OB_LAS012 is idle.  enabled since Tue Aug 22 21:40:25 2023
printer CAMRL2_OB_LAS013 is idle.  enabled since Tue Aug 22 21:40:45 2023
printer CAMRL2_OB_LAS014 is idle.  enabled since Tue Aug 22 21:41:06 2023
printer CAMRL2_OB_LAS015 is idle.  enabled since Tue Aug 22 21:41:20 2023
printer CAMRL2_OB_LAS016 is idle.  enabled since Tue Aug 22 21:41:36 2023
printer CAMRL2_OB_ZB001_UAT is idle.  enabled since Tue Sep 26 22:28:24 2023
printer CAMRL2_OB_ZB002 is idle.  enabled since Tue Aug 22 21:46:47 2023
printer CAMRL2_OB_ZB003 is idle.  enabled since Tue Aug 22 17:46:51 2023
printer CAMRL2_OB_ZB004 is idle.  enabled since Tue Aug 22 17:47:27 2023
printer CAMRL2_OB_ZB005 is idle.  enabled since Tue Aug 22 17:48:04 2023
printer CAMRL2_OB_ZB006 is idle.  enabled since Tue Aug 22 17:49:01 2023
printer CAMRL2_OB_ZB007 is idle.  enabled since Tue Aug 22 17:50:44 2023
printer CAMRL2_OB_ZB008 is idle.  enabled since Tue Aug 22 17:51:27 2023
printer CAMRL2_OB_ZB009 is idle.  enabled since Tue Aug 22 17:52:16 2023
printer CAMRL2_OB_ZB010 is idle.  enabled since Tue Aug 22 17:55:19 2023
printer CAMRL2_OB_ZB011 is idle.  enabled since Tue Aug 22 17:56:07 2023
printer CAMRL2_OB_ZB012 is idle.  enabled since Tue Aug 22 17:56:48 2023
printer CAMRL2_OB_ZB013 is idle.  enabled since Tue Aug 22 20:56:56 2023
printer CAMRL2_OB_ZB014 is idle.  enabled since Tue Aug 22 20:58:14 2023
printer CAMRL2_OB_ZB015 is idle.  enabled since Tue Aug 22 20:58:06 2023
printer CAMRL2_OB_ZB016 is idle.  enabled since Tue Aug 22 20:59:51 2023
printer CAMRL2_OBML_LAS001 is idle.  enabled since Tue Aug 22 21:41:53 2023
printer CAMRL2_OBML_LAS002 is idle.  enabled since Tue Aug 22 21:42:08 2023
printer CAMRL2_OBML_LAS003 is idle.  enabled since Tue Aug 22 21:42:28 2023
printer CAMRL2_OBML_LAS004 is idle.  enabled since Tue Aug 22 21:42:46 2023
printer CAMRL2_OBML_LAS005 is idle.  enabled since Tue Aug 22 21:43:01 2023
printer CAMRL2_OBML_LAS006 is idle.  enabled since Tue Aug 22 21:43:18 2023
printer CAMRL2_OBML_LAS007 is idle.  enabled since Tue Aug 22 21:43:43 2023
printer CAMRL2_OBML_LAS008 is idle.  enabled since Tue Aug 22 21:43:59 2023
printer CAMRL2_OBML_LAS009 is idle.  enabled since Tue Aug 22 21:44:16 2023
printer CAMRL2_OBML_LAS010 is idle.  enabled since Tue Aug 22 21:44:31 2023
printer CAMRL2_OBML_ZB001 is idle.  enabled since Tue Aug 22 21:00:52 2023
printer CAMRL2_OBML_ZB001_UAT is idle.  enabled since Thu Sep 28 15:07:28 2023
printer CAMRL2_OBML_ZB002 is idle.  enabled since Tue Aug 22 21:01:14 2023
printer CAMRL2_OBML_ZB003 is idle.  enabled since Tue Aug 22 21:01:37 2023
printer CAMRL2_OBML_ZB004 is idle.  enabled since Tue Aug 22 21:01:58 2023
printer CAMRL2_OBML_ZB005 is idle.  enabled since Tue Aug 22 21:02:16 2023
printer CAMRL2_OBML_ZB006 is idle.  enabled since Tue Aug 22 21:02:35 2023
printer CAMRL2_OBML_ZB007 is idle.  enabled since Tue Aug 22 21:02:55 2023
printer CAMRL2_OBML_ZB008 is idle.  enabled since Tue Aug 22 21:03:14 2023
printer CAMRL2_OBML_ZB009 is idle.  enabled since Tue Aug 22 21:03:32 2023
printer CAMRL2_OBML_ZB010 is idle.  enabled since Tue Aug 22 21:03:51 2023
printer CAMRL2_REC_ZB001 is idle.  enabled since Tue Aug 22 17:44:40 2023
printer CAMRL2_RET_LAS001 is idle.  enabled since Tue Aug 22 21:44:46 2023
printer CAMRL2_RET_LAS002 is idle.  enabled since Tue Aug 22 21:45:03 2023
printer CAMRL2_RET_LAS003 is idle.  enabled since Tue Aug 22 21:45:21 2023
printer CAMRL2_RET_ZB001 is idle.  enabled since Tue Aug 22 21:04:50 2023
printer CAMRL2_RET_ZB002 is idle.  enabled since Tue Aug 22 21:05:12 2023
printer CAMRL2_RET_ZB003 is idle.  enabled since Tue Aug 22 21:05:32 2023
printer CAMRL2_RET_ZB004 is idle.  enabled since Tue Aug 22 21:05:55 2023
printer CAMRL2_RET_ZB005 is idle.  enabled since Tue Aug 22 21:06:15 2023
printer CAMRL2_RET_ZB006 is idle.  enabled since Tue Aug 22 21:06:40 2023
printer CAMRL2_RET_ZB007 is idle.  enabled since Tue Aug 22 21:07:09 2023
printer CAMRL2_RET_ZB008 is idle.  enabled since Tue Aug 22 21:07:45 2023
printer CAMRL2_RET_ZB009 is idle.  enabled since Tue Aug 22 21:08:02 2023
printer CAMRL2_RET_ZB010 is idle.  enabled since Tue Aug 22 21:08:23 2023
printer CAMRL2_SUP_ZB001 is idle.  enabled since Tue Aug 22 17:43:40 2023
printer CAMRL2_TR_LAS001 is idle.  enabled since Mon Jul 10 18:05:23 2023
printer CAMRL2_TR_ZB001 is idle.  enabled since Mon Jul 10 17:57:00 2023
printer CAMRL_ADMINLAS02 is idle.  enabled since Mon Feb 28 20:04:19 2022
printer CAMRL_ADMINLAS03 is idle.  enabled since Mon Feb 28 20:04:56 2022
printer CAMRL_ADMINZEB02 is idle.  enabled since Mon Feb 28 19:22:55 2022
printer CAMRL_ADMINZEB03 is idle.  enabled since Mon Feb 28 19:23:43 2022
printer CAMRL_ECOMLAS01 is idle.  enabled since Wed Oct  7 16:02:35 2020
printer CAMRL_ECOMZEB01 is idle.  enabled since Tue Jun 29 19:45:54 2021
printer CAMRL_IBLAS01 is idle.  enabled since Wed Oct  7 15:42:52 2020
printer CAMRL_LBL_C01 is idle.  enabled since Tue Oct  6 22:04:14 2020
printer CAMRL_LBL_IB1 is idle.  enabled since Tue Oct  6 19:43:42 2020
printer CAMRL_LSR_C01 is idle.  enabled since Thu Jul  2 12:39:28 2020
printer CAMRL_LSR_IB1 is idle.  enabled since Thu Jul  2 12:38:50 2020
printer CAMRL_LTLLAS02 is idle.  enabled since Thu Oct 22 21:26:38 2020
printer CAMRL_LTLZEB02 is idle.  enabled since Thu Oct 22 23:06:05 2020
printer CAMRL_TRZEB01 is idle.  enabled since Wed Jul 14 17:45:30 2021
printer CAMRLTR01 is idle.  enabled since Sat Jul 27 21:02:46 2024
printer CAMRLTR02 is idle.  enabled since Mon Jul 29 20:10:01 2024
printer CAMTRLAS01 is idle.  enabled since Tue Jul  5 12:57:36 2022
printer CAMTRLAS02 is idle.  enabled since Tue Feb 23 18:45:03 2021
printer CAMTRZEB01 is idle.  enabled since Sat Jul 27 02:47:20 2024
printer CAMTRZEB02 is idle.  enabled since Thu Jun 27 13:16:11 2024
printer CART01LAB is idle.  enabled since Thu Sep  3 16:40:00 2020
printer CART01LAS is idle.  enabled since Wed Aug 12 20:07:02 2020
printer CART02LAB is idle.  enabled since Thu Dec  8 03:47:34 2022
printer CART02LAS is idle.  enabled since Wed Aug 12 20:07:40 2020
printer CHAMP_SFTTEST is idle.  enabled since Thu May 25 20:14:04 2017
printer COFATL_LBL_01 is idle.  enabled since Mon Feb 12 08:52:43 2024
printer COFATL_LBL_01_UAT is idle.  enabled since Thu Dec 21 17:21:23 2023
printer COFATL_LBL_02 is idle.  enabled since Mon Feb 12 08:54:03 2024
printer COFATL_LBL_02_UAT is idle.  enabled since Thu Dec 21 17:22:55 2023
printer COFATL_LBL_03_UAT is idle.  enabled since Thu Dec 21 17:24:17 2023
printer COFATL_LBL_04_UAT is idle.  enabled since Thu Dec 21 17:24:57 2023
printer COFATL_LBL_05_UAT is idle.  enabled since Thu Dec 21 17:25:39 2023
printer COFATL_LBL_06_UAT is idle.  enabled since Thu Dec 21 17:26:22 2023
printer COFATL_LBL_07_UAT is idle.  enabled since Thu Dec 21 17:27:01 2023
printer COFATL_LBL_08_UAT is idle.  enabled since Thu Dec 21 17:32:37 2023
printer COFATL_LBL_09_UAT is idle.  enabled since Thu Dec 21 17:34:34 2023
printer COFATL_LBL_10_UAT is idle.  enabled since Thu Dec 21 17:43:25 2023
printer COFATL_LBL_11_UAT is idle.  enabled since Thu Dec 21 17:44:18 2023
printer COFATL_LSR_01_UAT is idle.  enabled since Fri Nov  3 18:05:12 2023
printer COFATL_LSR_02_UAT is idle.  enabled since Fri Nov  3 18:06:08 2023
printer COFATL_LSR_03 is idle.  enabled since Mon Feb 12 08:55:40 2024
printer COFATL_LSR_04 is idle.  enabled since Mon Feb 12 08:56:28 2024
printer COFDFW_LBL_1_UAT is idle.  enabled since Mon Nov 20 18:54:57 2023
printer COFDFW_LBL_2_UAT is idle.  enabled since Mon Nov 20 18:55:42 2023
printer COFDFW_LBL_3_UAT is idle.  enabled since Mon Nov 20 18:56:27 2023
printer COFDFW_LBL_4_UAT is idle.  enabled since Mon Nov 20 18:57:13 2023
printer COFDFW_LBL_5_UAT is idle.  enabled since Mon Nov 20 18:57:52 2023
print--output truncated--
2026-01-17 03:14:14,637 - 9411 - ERROR - app_validation.sh errors for i-0c7bf16d87523f2a8:

2026-01-17 03:14:14,639 - 9411 - INFO - After patching validation saved to: output/validation-2026-01-17/172.29.59.204-AfterPatching-2026-01-17-03-14-14-638.log
2026-01-17 03:14:14,678 - 9411 - INFO - Validation comparison report generated: output/validation-2026-01-17/172.29.59.204-Validation-details-2026-01-17-03-14-14-638.log
2026-01-17 03:14:14,764 - 9411 - INFO - Email sent successfully to ['CloudOps@softeon.com']
2026-01-17 03:14:14,764 - 9411 - INFO - HTML validation report email sent for i-0c7bf16d87523f2a8
2026-01-17 03:14:14,887 - 9411 - INFO - Started i-0c7bf16d87523f2a8 in 0:05:47.633249
2026-01-17 03:14:14,887 - 9411 - INFO - All instances processed.
2026-01-17 03:14:14,891 - 9411 - INFO - Restart Total time: 0:08:09.086149
2026-01-17 03:14:14,892 - 9411 - INFO - Auto-confirmed services are restarted
2026-01-17 03:14:14,892 - 9411 - INFO - Confirmed - services are started
2026-01-17 03:14:15,006 - 9411 - INFO - The following instances have failed the patch: []
2026-01-17 03:14:15,007 - 9411 - INFO - No instances have failed the patch.
2026-01-17 03:14:15,007 - 9411 - INFO - Total Patch Process time: 0:14:11.540449
2026-01-17 03:14:15,194 - 9411 - INFO - Email sent successfully to ['a80af5b5.softeon.com@in.teams.ms', 'CloudOps@softeon.com']
2026-01-17 03:15:15,405 - 9411 - INFO - Log file ./logs/patching_2026-01-17_UPS-Productionization-UAT-Server-9-API.log uploaded to s3://q1-2026-aws-security-patching/UPS-Productionization-UAT-Server-9-API_Patch/2026-01-17/patching_2026-01-17_UPS-Productionization-UAT-Server-9-API.log
