2026-01-14 14:10:03,625 - 29242 - INFO - Email sent successfully to ['CloudOps@softeon.com']
2026-01-14 14:26:28,634 - 29242 - INFO - Email sent successfully to ['MahimaM@softeon.com']
2026-01-14 14:26:28,756 - 29242 - INFO - Log file ./logs/backup_2026-01-14.log uploaded to s3://q3-2025-aws-security-patching/UPSHC-QA-3_Patch_Backup/2026-01-14/backup_2026-01-14.log
2026-01-14 18:10:02,794 - 10065 - INFO - Logger setup has been removed, using shared logger from common.logs.logger.
2026-01-14 18:10:02,794 - 10065 - INFO - Script Start Time: 2026-01-14 18:10:02
2026-01-14 18:10:03,090 - 10065 - INFO - Instance(s) selected for Patching: {'i-03841f75618eb2de2': '172.28.24.57'}
2026-01-14 18:10:03,213 - 10065 - INFO - Email sent successfully to ['a80af5b5.softeon.com@in.teams.ms', 'CloudOps@softeon.com']
2026-01-14 18:10:03,213 - 10065 - INFO - Now patching instances at: 2026-01-14 18:10:03
2026-01-14 18:10:03,389 - 10065 - INFO - Sending patch command to instance i-03841f75618eb2de2
2026-01-14 18:10:03,582 - 10065 - INFO - Command sent successfully to instance i-03841f75618eb2de2. Command ID: ac9cea87-24a6-4762-a1ce-24c92b161bca
2026-01-14 18:16:35,333 - 10065 - INFO - All patches applied successfully.
2026-01-14 18:16:35,333 - 10065 - INFO - Patching end time: 2026-01-14 18:16:35
2026-01-14 18:16:35,333 - 10065 - INFO - Patch Elapsed time: 0:06:32.120137
2026-01-14 18:16:35,414 - 10065 - INFO - Email sent successfully to ['a80af5b5.softeon.com@in.teams.ms', 'CloudOps@softeon.com']
2026-01-14 18:16:35,414 - 10065 - INFO - Confirmed - services are stopped
2026-01-14 18:16:54,865 - 10065 - INFO - Discovered TG map: {}
2026-01-14 18:16:55,151 - 10065 - INFO - Sent app_validation.sh to i-03841f75618eb2de2 (command_id: ff36e1ba-0494-460e-b3e0-d7a3fdc25f52)
2026-01-14 18:17:25,254 - 10065 - INFO - app_validation.sh output for i-03841f75618eb2de2:

==============================================================================
Server Availability Check Started at Wed Jan 14 23:16:55 UTC 2026
==============================================================================

-------------------------------------
Server IP : 172.28.24.57
-------------------------------------
System Information
------------------
Hostname: ip-172-28-24-57
Uptime: up 27 weeks, 4 days, 15 hours, 47 minutes
Current User: root
Working Directory: /usr/bin
-------------------------------------
Voice Console URL: http://172.28.24.57:9090/VoiceConsole
-------------------------------------

-------------------------------------
Server IP : 172.28.24.57
-------------------------------------
Physical Memory Information
---------------------------
Total Physical Memory = 15611 MB
Used Physical Memory  = 1055 MB
Free Physical Memory  = 14556 MB
-------------------------------------
Swap Memory Information
-----------------------
Total Swap Memory = 10239 MB
Used Swap Memory  = 333 MB
Free Swap Memory  = 9906 MB
-------------------------------------
Load Average: 23.01 11.50 4.53 4/324 2729049
-------------------------------------

Disk Usage Information
----------------------
Filesystem                                          Size  Used Avail Use% Mounted on
/dev/nvme0n1p1                                       20G  5.9G   15G  30% /
/dev/nvme0n1p128                                     10M  1.3M  8.7M  13% /boot/efi
/dev/nvme1n1p2                                      240G   28G  213G  12% /data
fs-09ab544138710f3df.efs.us-east-1.amazonaws.com:/  8.0E   94G  8.0E   1% /data2
devtmpfs                                            4.0M     0  4.0M   0% /dev
tmpfs                                               7.7G     0  7.7G   0% /dev/shm
tmpfs                                               3.1G  716K  3.1G   1% /run
tmpfs                                               1.6G     0  1.6G   0% /run/user/2001
tmpfs                                               1.6G     0  1.6G   0% /run/user/992
tmpfs                                               7.7G   46M  7.6G   1% /tmp
-------------------------------------

Application Port Validation for Server IP: 172.28.24.57 started on Wed Jan 14 23:16:55 UTC 2026

Server IP: 172.28.24.57 is reachable.

SSH Service (Port 22) Status:
SSH Service (Port 22): NOT REACHABLE
-------------------------------------

FTP Service Validation for Server IP: 172.28.24.57

FTP Service (Port 21): NOT REACHABLE
No FTP processes detected
-------------------------------------

CUPS Service Validation for Server IP: 172.28.24.57

CUPS Service (Port 631): NOT REACHABLE

Printer Configuration:
Total Printers Configured: 0
-------------------------------------
CUPS Service (Port 631): NOT REACHABLE on 172.28.24.57
-------------------------------------

Total number of Java process running on this host 172.28.24.57 is 2
Total number of Daemon / Batch (java) application process available is 0

No Java daemon processes running
-------------------------------------

-------------------------------------
Total number of App process running on this host 172.28.24.57
Total number of App java process available is 0
-------------------------------------
No Standalone application processes running
-------------------------------------

Web Application Port Validation for Server IP: 172.28.24.57
-------------------------------------

==============================================================================
Server Availability Check Completed at Wed Jan 14 23:16:55 UTC 2026
==============================================================================


2026-01-14 18:17:25,254 - 10065 - ERROR - app_validation.sh errors for i-03841f75618eb2de2:

2026-01-14 18:17:25,257 - 10065 - INFO - Before patching validation saved to: output/validation-2026-01-14/172.28.24.57-BeforePatching-2026-01-14-18-17-25-256.log
2026-01-14 18:17:25,257 - 10065 - INFO - Stopping EC2 instance: i-03841f75618eb2de2 at 2026-01-14 18:17:25
2026-01-14 18:18:26,536 - 10065 - INFO - Instance i-03841f75618eb2de2 stopped successfully.
2026-01-14 18:18:26,664 - 10065 - INFO - Stopped i-03841f75618eb2de2 in 0:01:01.406762
2026-01-14 18:18:26,664 - 10065 - INFO - Starting EC2 instance: i-03841f75618eb2de2
2026-01-14 18:18:42,684 - 10065 - INFO - Instance i-03841f75618eb2de2 started successfully.
2026-01-14 18:18:42,684 - 10065 - INFO - Waiting 30 seconds for SSM agent to be ready on i-03841f75618eb2de2...
2026-01-14 18:19:12,863 - 10065 - INFO - Sent app_validation.sh to i-03841f75618eb2de2 (command_id: cb74ecb4-4cc1-4452-b124-6c3f6dc9a411)
2026-01-14 18:19:43,016 - 10065 - INFO - app_validation.sh output for i-03841f75618eb2de2:

==============================================================================
Server Availability Check Started at Wed Jan 14 23:19:13 UTC 2026
==============================================================================

-------------------------------------
Server IP : 172.28.24.57
-------------------------------------
System Information
------------------
Hostname: ip-172-28-24-57
Uptime: up 0 minutes
Current User: root
Working Directory: /usr/bin
-------------------------------------
Voice Console URL: http://172.28.24.57:9090/VoiceConsole
-------------------------------------

-------------------------------------
Server IP : 172.28.24.57
-------------------------------------
Physical Memory Information
---------------------------
Total Physical Memory = 15623 MB
Used Physical Memory  = 4221 MB
Free Physical Memory  = 11402 MB
-------------------------------------
Swap Memory Information
-----------------------
Total Swap Memory = 10239 MB
Used Swap Memory  = 0 MB
Free Swap Memory  = 10239 MB
-------------------------------------
Load Average: 20.45 4.95 1.65 62/631 4186
-------------------------------------

Disk Usage Information
----------------------
Filesystem                                          Size  Used Avail Use% Mounted on
/dev/nvme0n1p1                                       20G  5.7G   15G  29% /
/dev/nvme0n1p128                                     10M  1.3M  8.7M  13% /boot/efi
/dev/nvme1n1p2                                      240G   28G  213G  12% /data
fs-09ab544138710f3df.efs.us-east-1.amazonaws.com:/  8.0E   94G  8.0E   1% /data2
devtmpfs                                            4.0M     0  4.0M   0% /dev
tmpfs                                               7.7G     0  7.7G   0% /dev/shm
tmpfs                                               3.1G  884K  3.1G   1% /run
tmpfs                                               1.6G     0  1.6G   0% /run/user/2001
tmpfs                                               1.6G     0  1.6G   0% /run/user/992
tmpfs                                               7.7G   65M  7.6G   1% /tmp
-------------------------------------

Application Port Validation for Server IP: 172.28.24.57 started on Wed Jan 14 23:19:13 UTC 2026

Server IP: 172.28.24.57 is reachable.

SSH Service (Port 22) Status:
SSH Service (Port 22): NOT REACHABLE
-------------------------------------

FTP Service Validation for Server IP: 172.28.24.57

FTP Service (Port 21): NOT REACHABLE
No FTP processes detected
-------------------------------------

CUPS Service Validation for Server IP: 172.28.24.57

CUPS Service (Port 631): NOT REACHABLE

Printer Configuration:
Total Printers Configured: 0
-------------------------------------
CUPS Service (Port 631): NOT REACHABLE on 172.28.24.57
-------------------------------------

Total number of Java process running on this host 172.28.24.57 is 27
Total number of Daemon / Batch (java) application process available is 25

Daemon Process id and name details are given below
Process ID: 3873, Process Name: 0:00
Process ID: 3966, Process Name: 0:00
Process ID: 2768, Process Name: 0:02
Process ID: 2816, Process Name: 0:02
Process ID: 2910, Process Name: 0:02
Process ID: 3686, Process Name: 0:01
Process ID: 2985, Process Name: 0:01
Process ID: 3043, Process Name: 0:01
Process ID: 3090, Process Name: 0:01
Process ID: 3171, Process Name: 0:01
Process ID: 3782, Process Name: 0:00
Process ID: 3225, Process Name: 0:01
Process ID: 3823, Process Name: 0:00
Process ID: 3334, Process Name: 0:01
Process ID: 3385, Process Name: 0:01
Process ID: 3428, Process Name: 0:01
Process ID: 3284, Process Name: 0:01
Process ID: 3644, Process Name: 0:01
Process ID: 3529, Process Name: 0:01
Process ID: 3478, Process Name: 0:01
Process ID: 3575, Process Name: 0:01
Process ID: 4078, Process Name: 0:00
Process ID: 4010, Process Name: 0:00
Process ID: 3736, Process Name: 0:01
Process ID: 3916, Process Name: 0:00
-------------------------------------

-------------------------------------
Total number of App process running on this host 172.28.24.57
Total number of App java process available is 0
-------------------------------------
No Standalone application processes running
-------------------------------------

Web Application Port Validation for Server IP: 172.28.24.57
-------------------------------------

==============================================================================
Server Availability Check Completed at Wed Jan 14 23:19:17 UTC 2026
==============================================================================


2026-01-14 18:19:43,016 - 10065 - ERROR - app_validation.sh errors for i-03841f75618eb2de2:

2026-01-14 18:19:43,017 - 10065 - INFO - After patching validation saved to: output/validation-2026-01-14/172.28.24.57-AfterPatching-2026-01-14-18-19-43-017.log
2026-01-14 18:19:43,055 - 10065 - INFO - Validation comparison report generated: output/validation-2026-01-14/172.28.24.57-Validation-details-2026-01-14-18-19-43-017.log
2026-01-14 18:19:43,145 - 10065 - INFO - Email sent successfully to ['CloudOps@softeon.com']
2026-01-14 18:19:43,145 - 10065 - INFO - HTML validation report email sent for i-03841f75618eb2de2
2026-01-14 18:19:43,273 - 10065 - INFO - Started i-03841f75618eb2de2 in 0:01:16.608994
2026-01-14 18:19:43,273 - 10065 - INFO - All instances processed.
2026-01-14 18:19:43,275 - 10065 - INFO - Restart Total time: 0:03:07.754812
2026-01-14 18:19:43,276 - 10065 - INFO - Auto-confirmed services are restarted
2026-01-14 18:19:43,276 - 10065 - INFO - Confirmed - services are started
2026-01-14 18:19:43,388 - 10065 - INFO - The following instances have failed the patch: []
2026-01-14 18:19:43,389 - 10065 - INFO - No instances have failed the patch.
2026-01-14 18:19:43,389 - 10065 - INFO - Total Patch Process time: 0:09:40.594008
2026-01-14 18:19:43,584 - 10065 - INFO - Email sent successfully to ['a80af5b5.softeon.com@in.teams.ms', 'CloudOps@softeon.com']
2026-01-14 18:20:43,808 - 10065 - INFO - Log file ./logs/patching_2026-01-14_UPSHC-QA-3.log uploaded to s3://q1-2026-aws-security-patching/UPSHC-QA-3_Patch/2026-01-14/patching_2026-01-14_UPSHC-QA-3.log
