2026-01-04 02:00:02,414 - 12330 - INFO - Logger setup has been removed, using shared logger from common.logs.logger.
2026-01-04 02:00:02,415 - 12330 - INFO - Script Start Time: 2026-01-04 02:00:02
2026-01-04 02:00:02,812 - 12330 - INFO - Instance(s) selected for Patching: {'i-0d9a68f32a279a210': '172.22.22.59'}
2026-01-04 02:00:02,929 - 12330 - INFO - Email sent successfully to ['a80af5b5.softeon.com@in.teams.ms', 'CloudOps@softeon.com']
2026-01-04 02:00:02,929 - 12330 - INFO - Now patching instances at: 2026-01-04 02:00:02
2026-01-04 02:00:03,124 - 12330 - INFO - Sending patch command to instance i-0d9a68f32a279a210
2026-01-04 02:00:03,568 - 12330 - INFO - Command sent successfully to instance i-0d9a68f32a279a210. Command ID: 98e8b23d-5bda-4e7e-b520-2f375236a26b
2026-01-04 02:03:35,534 - 12330 - INFO - All patches applied successfully.
2026-01-04 02:03:35,534 - 12330 - INFO - Patching end time: 2026-01-04 02:03:35
2026-01-04 02:03:35,534 - 12330 - INFO - Patch Elapsed time: 0:03:32.605199
2026-01-04 02:03:35,609 - 12330 - INFO - Email sent successfully to ['a80af5b5.softeon.com@in.teams.ms', 'CloudOps@softeon.com']
2026-01-04 02:03:35,609 - 12330 - INFO - Confirmed - services are stopped
2026-01-04 02:03:40,430 - 12330 - INFO - Discovered TG map: {}
2026-01-04 02:03:40,930 - 12330 - INFO - Sent app_validation.sh to i-0d9a68f32a279a210 (command_id: cd2d463f-869d-46b8-bc9a-ca2c82844547)
2026-01-04 02:04:11,087 - 12330 - INFO - app_validation.sh output for i-0d9a68f32a279a210:

==============================================================================
Server Availability Check Started at Sun Jan  4 07:03:41 GMT 2026
==============================================================================

-------------------------------------
Server IP : 172.22.22.59
-------------------------------------
System Information
------------------
Hostname: ip-172-22-22-59.eu-west-1.compute.internal
Uptime: up 8 weeks, 6 days, 26 minutes
Current User: root
Working Directory: /usr/bin
-------------------------------------
Voice Console URL: http://172.22.22.59:9090/VoiceConsole
-------------------------------------

-------------------------------------
Server IP : 172.22.22.59
-------------------------------------
Physical Memory Information
---------------------------
Total Physical Memory = 15611 MB
Used Physical Memory  = 3957 MB
Free Physical Memory  = 11654 MB
-------------------------------------
Swap Memory Information
-----------------------
Total Swap Memory = 10239 MB
Used Swap Memory  = 258 MB
Free Swap Memory  = 9981 MB
-------------------------------------
Load Average: 0.74 0.70 0.30 1/574 2653770
-------------------------------------

Disk Usage Information
----------------------
Filesystem                                          Size  Used Avail Use% Mounted on
/dev/nvme0n1p1                                       20G  5.5G   15G  28% /
/dev/nvme0n1p128                                     10M  1.3M  8.7M  13% /boot/efi
/dev/nvme1n1p2                                      290G  188G  103G  65% /data
fs-0b2dc6ea9b691e7fc.efs.eu-west-1.amazonaws.com:/  8.0E  149G  8.0E   1% /data2
devtmpfs                                            4.0M     0  4.0M   0% /dev
tmpfs                                               7.7G     0  7.7G   0% /dev/shm
tmpfs                                               3.1G  704K  3.1G   1% /run
tmpfs                                               1.6G     0  1.6G   0% /run/user/2001
tmpfs                                               1.6G     0  1.6G   0% /run/user/992
tmpfs                                               7.7G   46M  7.6G   1% /tmp
-------------------------------------

Application Port Validation for Server IP: 172.22.22.59 started on Sun Jan  4 07:03:41 GMT 2026

Server IP: 172.22.22.59 is reachable.

SSH Service (Port 22) Status:
SSH Service (Port 22): NOT REACHABLE
-------------------------------------

FTP Service Validation for Server IP: 172.22.22.59

FTP Service (Port 21): NOT REACHABLE
No FTP processes detected
-------------------------------------

CUPS Service Validation for Server IP: 172.22.22.59

CUPS Service (Port 631): NOT REACHABLE

Printer Configuration:
Total Printers Configured: 8
Printer Details:
printer DC2ManMFD is idle.  enabled since Tue Jul 18 17:08:00 2023
printer SC04LBL is idle.  enabled since Wed May 25 19:27:05 2022
printer SupplyChainCS-MFD is idle.  enabled since Wed Feb 22 05:48:40 2023
printer TESTGDN is idle.  enabled since Wed Aug 16 10:26:31 2023
printer TESTLBL is idle.  enabled since Thu May 19 14:52:18 2022
printer TESTSFT is idle.  enabled since Thu May 26 12:45:48 2022
printer TS01LBL is idle.  enabled since Mon May 23 13:50:31 2022
printer TS02LBL is idle.  enabled since Wed May 25 15:09:01 2022
-------------------------------------
CUPS Service (Port 631): NOT REACHABLE on 172.22.22.59
-------------------------------------

Total number of Java process running on this host 172.22.22.59 is 16
Total number of Daemon / Batch (java) application process available is 14

Daemon Process id and name details are given below
Process ID: 940472, Process Name: 4:40
Process ID: 939950, Process Name: 4:29
Process ID: 939993, Process Name: 4:33
Process ID: 940051, Process Name: 5:40
Process ID: 940642, Process Name: 94:20
Process ID: 940416, Process Name: 9:39
Process ID: 940101, Process Name: 3:35
Process ID: 940201, Process Name: 7:39
Process ID: 940251, Process Name: 3:12
Process ID: 940302, Process Name: 5:56
Process ID: 940583, Process Name: 6:02
Process ID: 940359, Process Name: 15:48
Process ID: 940151, Process Name: 3:18
Process ID: 940529, Process Name: 3:55
-------------------------------------

-------------------------------------
Total number of App process running on this host 172.22.22.59
Total number of App java process available is 0
-------------------------------------
No Standalone application processes running
-------------------------------------

Web Application Port Validation for Server IP: 172.22.22.59
-------------------------------------

==============================================================================
Server Availability Check Completed at Sun Jan  4 07:03:42 GMT 2026
==============================================================================


2026-01-04 02:04:11,087 - 12330 - ERROR - app_validation.sh errors for i-0d9a68f32a279a210:

2026-01-04 02:04:11,089 - 12330 - INFO - Before patching validation saved to: output/validation-2026-01-04/172.22.22.59-BeforePatching-2026-01-04-02-04-11-088.log
2026-01-04 02:04:11,089 - 12330 - INFO - Stopping EC2 instance: i-0d9a68f32a279a210 at 2026-01-04 02:04:11
2026-01-04 02:05:12,652 - 12330 - INFO - Instance i-0d9a68f32a279a210 stopped successfully.
2026-01-04 02:05:12,784 - 12330 - INFO - Stopped i-0d9a68f32a279a210 in 0:01:01.695049
2026-01-04 02:05:12,784 - 12330 - INFO - Starting EC2 instance: i-0d9a68f32a279a210
2026-01-04 02:05:28,926 - 12330 - INFO - Instance i-0d9a68f32a279a210 started successfully.
2026-01-04 02:05:28,926 - 12330 - INFO - Waiting 30 seconds for SSM agent to be ready on i-0d9a68f32a279a210...
2026-01-04 02:05:59,342 - 12330 - INFO - Sent app_validation.sh to i-0d9a68f32a279a210 (command_id: c89868f1-546b-4576-a5c7-7330643b6e69)
2026-01-04 02:06:29,473 - 12330 - INFO - app_validation.sh output for i-0d9a68f32a279a210:

==============================================================================
Server Availability Check Started at Sun Jan  4 07:05:59 GMT 2026
==============================================================================

-------------------------------------
Server IP : 172.22.22.59
-------------------------------------
System Information
------------------
Hostname: ip-172-22-22-59.eu-west-1.compute.internal
Uptime: up 0 minutes
Current User: root
Working Directory: /usr/bin
-------------------------------------
Voice Console URL: http://172.22.22.59:9090/VoiceConsole
-------------------------------------

-------------------------------------
Server IP : 172.22.22.59
-------------------------------------
Physical Memory Information
---------------------------
Total Physical Memory = 15611 MB
Used Physical Memory  = 2799 MB
Free Physical Memory  = 12812 MB
-------------------------------------
Swap Memory Information
-----------------------
Total Swap Memory = 10239 MB
Used Swap Memory  = 0 MB
Free Swap Memory  = 10239 MB
-------------------------------------
Load Average: 10.57 2.77 0.93 6/565 3836
-------------------------------------

Disk Usage Information
----------------------
Filesystem                                          Size  Used Avail Use% Mounted on
/dev/nvme0n1p1                                       20G  5.5G   15G  28% /
/dev/nvme0n1p128                                     10M  1.3M  8.7M  13% /boot/efi
/dev/nvme1n1p2                                      290G  188G  103G  65% /data
fs-0b2dc6ea9b691e7fc.efs.eu-west-1.amazonaws.com:/  8.0E  149G  8.0E   1% /data2
devtmpfs                                            4.0M     0  4.0M   0% /dev
tmpfs                                               7.7G     0  7.7G   0% /dev/shm
tmpfs                                               3.1G  800K  3.1G   1% /run
tmpfs                                               1.6G     0  1.6G   0% /run/user/2001
tmpfs                                               1.6G     0  1.6G   0% /run/user/992
tmpfs                                               7.7G   64M  7.6G   1% /tmp
-------------------------------------

Application Port Validation for Server IP: 172.22.22.59 started on Sun Jan  4 07:05:59 GMT 2026

Server IP: 172.22.22.59 is reachable.

SSH Service (Port 22) Status:
SSH Service (Port 22): NOT REACHABLE
-------------------------------------

FTP Service Validation for Server IP: 172.22.22.59

FTP Service (Port 21): NOT REACHABLE
No FTP processes detected
-------------------------------------

CUPS Service Validation for Server IP: 172.22.22.59

CUPS Service (Port 631): NOT REACHABLE

Printer Configuration:
Total Printers Configured: 8
Printer Details:
printer DC2ManMFD is idle.  enabled since Tue Jul 18 17:08:00 2023
printer SC04LBL is idle.  enabled since Wed May 25 19:27:05 2022
printer SupplyChainCS-MFD is idle.  enabled since Wed Feb 22 05:48:40 2023
printer TESTGDN is idle.  enabled since Wed Aug 16 10:26:31 2023
printer TESTLBL is idle.  enabled since Thu May 19 14:52:18 2022
printer TESTSFT is idle.  enabled since Thu May 26 12:45:48 2022
printer TS01LBL is idle.  enabled since Mon May 23 13:50:31 2022
printer TS02LBL is idle.  enabled since Wed May 25 15:09:01 2022
-------------------------------------
CUPS Service (Port 631): NOT REACHABLE on 172.22.22.59
-------------------------------------

Total number of Java process running on this host 172.22.22.59 is 16
Total number of Daemon / Batch (java) application process available is 14

Daemon Process id and name details are given below
Process ID: 3463, Process Name: 0:01
Process ID: 2824, Process Name: 0:01
Process ID: 2875, Process Name: 0:01
Process ID: 2960, Process Name: 0:01
Process ID: 3632, Process Name: 0:02
Process ID: 3408, Process Name: 0:02
Process ID: 3038, Process Name: 0:01
Process ID: 3149, Process Name: 0:01
Process ID: 3233, Process Name: 0:01
Process ID: 3287, Process Name: 0:01
Process ID: 3568, Process Name: 0:01
Process ID: 3338, Process Name: 0:01
Process ID: 3095, Process Name: 0:01
Process ID: 3514, Process Name: 0:01
-------------------------------------

-------------------------------------
Total number of App process running on this host 172.22.22.59
Total number of App java process available is 0
-------------------------------------
No Standalone application processes running
-------------------------------------

Web Application Port Validation for Server IP: 172.22.22.59
-------------------------------------

==============================================================================
Server Availability Check Completed at Sun Jan  4 07:06:00 GMT 2026
==============================================================================


2026-01-04 02:06:29,473 - 12330 - ERROR - app_validation.sh errors for i-0d9a68f32a279a210:

2026-01-04 02:06:29,475 - 12330 - INFO - After patching validation saved to: output/validation-2026-01-04/172.22.22.59-AfterPatching-2026-01-04-02-06-29-474.log
2026-01-04 02:06:29,512 - 12330 - INFO - Validation comparison report generated: output/validation-2026-01-04/172.22.22.59-Validation-details-2026-01-04-02-06-29-474.log
2026-01-04 02:06:29,589 - 12330 - INFO - Email sent successfully to ['CloudOps@softeon.com']
2026-01-04 02:06:29,589 - 12330 - INFO - HTML validation report email sent for i-0d9a68f32a279a210
2026-01-04 02:06:29,716 - 12330 - INFO - Started i-0d9a68f32a279a210 in 0:01:16.931974
2026-01-04 02:06:29,716 - 12330 - INFO - All instances processed.
2026-01-04 02:06:29,719 - 12330 - INFO - Restart Total time: 0:02:53.995529
2026-01-04 02:06:29,719 - 12330 - INFO - Auto-confirmed services are restarted
2026-01-04 02:06:29,719 - 12330 - INFO - Confirmed - services are started
2026-01-04 02:06:29,819 - 12330 - INFO - The following instances have failed the patch: []
2026-01-04 02:06:29,820 - 12330 - INFO - No instances have failed the patch.
2026-01-04 02:06:29,820 - 12330 - INFO - Total Patch Process time: 0:06:27.404619
2026-01-04 02:06:30,086 - 12330 - INFO - Email sent successfully to ['a80af5b5.softeon.com@in.teams.ms', 'CloudOps@softeon.com']
2026-01-04 02:07:30,252 - 12330 - ERROR - Failed to upload log file to S3: Failed to upload ./logs/patching_2026-01-04_HCP-Batch.log to q1-2026-aws-security-patching/HCP-Batch_Patch/2026-01-04/patching_2026-01-04_HCP-Batch.log: An error occurred (NoSuchBucket) when calling the PutObject operation: The specified bucket does not exist
