2025-12-20 02:30:03,163 - 27619 - INFO - Logger setup has been removed, using shared logger from common.logs.logger.
2025-12-20 02:30:03,166 - 27619 - INFO - Script Start Time: 2025-12-20 02:30:03
2025-12-20 02:30:03,581 - 27619 - INFO - Instance(s) selected for Patching: {'i-003ad50abffe596af': '172.30.64.27', 'i-0e50d850cd873d2fb': '172.30.64.107', 'i-021fc16cda6b12260': '172.30.64.121', 'i-0b2e2ad50ba35a3d6': '172.30.64.5'}
2025-12-20 02:30:03,680 - 27619 - INFO - Email sent successfully to ['a80af5b5.softeon.com@in.teams.ms', 'CloudOps@softeon.com']
2025-12-20 02:30:03,680 - 27619 - INFO - Now patching instances at: 2025-12-20 02:30:03
2025-12-20 02:30:03,804 - 27619 - INFO - Sending patch command to instance i-021fc16cda6b12260
2025-12-20 02:30:04,001 - 27619 - INFO - Command sent successfully to instance i-021fc16cda6b12260. Command ID: a3358343-eff5-471a-9ba0-c28fd52ef3d3
2025-12-20 02:30:04,224 - 27619 - INFO - Sending patch command to instance i-0b2e2ad50ba35a3d6
2025-12-20 02:30:04,364 - 27619 - INFO - Command sent successfully to instance i-0b2e2ad50ba35a3d6. Command ID: e6bfff96-653e-4f6b-899c-97f1130ed0e8
2025-12-20 02:30:04,498 - 27619 - INFO - Sending patch command to instance i-0e50d850cd873d2fb
2025-12-20 02:30:04,642 - 27619 - INFO - Command sent successfully to instance i-0e50d850cd873d2fb. Command ID: 728b23f3-eb31-40cb-a8ad-81e547ad1ffb
2025-12-20 02:30:04,810 - 27619 - INFO - Sending patch command to instance i-003ad50abffe596af
2025-12-20 02:30:04,885 - 27619 - INFO - Command sent successfully to instance i-003ad50abffe596af. Command ID: 649a7d31-5940-4f12-aafb-a14f636c3ac2
2025-12-20 02:38:07,715 - 27619 - INFO - All patches applied successfully.
2025-12-20 02:38:07,715 - 27619 - INFO - Patching end time: 2025-12-20 02:38:07
2025-12-20 02:38:07,715 - 27619 - INFO - Patch Elapsed time: 0:08:04.035311
2025-12-20 02:38:07,789 - 27619 - INFO - Email sent successfully to ['a80af5b5.softeon.com@in.teams.ms', 'CloudOps@softeon.com']
2025-12-20 02:38:07,789 - 27619 - INFO - Confirmed - services are stopped
2025-12-20 02:38:15,592 - 27619 - INFO - Discovered TG map: {'i-0b2e2ad50ba35a3d6': ['arn:aws:elasticloadbalancing:us-east-2:835314132208:targetgroup/Caseys-ANK-Prod-WMS-Desktop/ae08dbed3e6dcbfb', 'arn:aws:elasticloadbalancing:us-east-2:835314132208:targetgroup/Caseys-ANK-Prod-WMS-RF/ad1d9f9ce0e99869'], 'i-021fc16cda6b12260': ['arn:aws:elasticloadbalancing:us-east-2:835314132208:targetgroup/Caseys-ANK-Prod-WMS-Desktop/ae08dbed3e6dcbfb', 'arn:aws:elasticloadbalancing:us-east-2:835314132208:targetgroup/Caseys-ANK-Prod-WMS-RF/ad1d9f9ce0e99869', 'arn:aws:elasticloadbalancing:us-east-2:835314132208:targetgroup/Caseys-ANK-STAGE/2d23c97f21a5d491']}
2025-12-20 02:38:15,866 - 27619 - INFO - Sent app_validation.sh to i-021fc16cda6b12260 (command_id: ce4340fa-a20a-4eeb-adc4-9fd2e2623316)
2025-12-20 02:38:45,960 - 27619 - INFO - app_validation.sh output for i-021fc16cda6b12260:

==============================================================================
Server Availability Check Started at Sat Dec 20 07:38:16 UTC 2025
==============================================================================

-------------------------------------
Server IP : 172.30.64.121
-------------------------------------
System Information
------------------
Hostname: ip-172-30-64-121.us-east-2.compute.internal
Uptime: up 18 weeks, 6 days, 23 hours, 42 minutes
Current User: root
Working Directory: /usr/bin
-------------------------------------
Voice Console URL: http://172.30.64.121:9090/VoiceConsole
-------------------------------------

-------------------------------------
Server IP : 172.30.64.121
-------------------------------------
Physical Memory Information
---------------------------
Total Physical Memory = 15611 MB
Used Physical Memory  = 3835 MB
Free Physical Memory  = 11776 MB
-------------------------------------
Swap Memory Information
-----------------------
Total Swap Memory = 10239 MB
Used Swap Memory  = 947 MB
Free Swap Memory  = 9292 MB
-------------------------------------
Load Average: 0.21 1.10 0.68 6/431 3492888
-------------------------------------

Disk Usage Information
----------------------
Filesystem                                          Size  Used Avail Use% Mounted on
/dev/nvme0n1p1                                       20G  6.0G   15G  30% /
/dev/nvme0n1p128                                     10M  1.3M  8.7M  13% /boot/efi
/dev/mapper/vg01-lv02                               240G   31G  210G  13% /data
fs-0ffeea77e997c124f.efs.us-east-2.amazonaws.com:/  8.0E  790G  8.0E   1% /data2
devtmpfs                                            4.0M     0  4.0M   0% /dev
tmpfs                                               7.7G     0  7.7G   0% /dev/shm
tmpfs                                               3.1G  8.7M  3.1G   1% /run
tmpfs                                               1.6G     0  1.6G   0% /run/user/2001
tmpfs                                               7.7G   32K  7.7G   1% /tmp
-------------------------------------

Application Port Validation for Server IP: 172.30.64.121 started on Sat Dec 20 07:38:16 UTC 2025

Server IP: 172.30.64.121 is reachable.

SSH Service (Port 22) Status:
SSH Service (Port 22): NOT REACHABLE
-------------------------------------

FTP Service Validation for Server IP: 172.30.64.121

FTP Service (Port 21): NOT REACHABLE
No FTP processes detected
-------------------------------------

CUPS Service Validation for Server IP: 172.30.64.121

CUPS Service (Port 631): NOT REACHABLE

Printer Configuration:
Total Printers Configured: 0
-------------------------------------
CUPS Service (Port 631): NOT REACHABLE on 172.30.64.121
-------------------------------------

Total number of Java process running on this host 172.30.64.121 is 1
Total number of Daemon / Batch (java) application process available is 0

No Java daemon processes running
-------------------------------------

-------------------------------------
Total number of App process running on this host 172.30.64.121
Total number of App java process available is 1
-------------------------------------
App Process details:
Process ID: 2884350, Process Name: 34:24
-------------------------------------

Web Application Port Validation for Server IP: 172.30.64.121
Port 8082:	casankstge_	Running
-------------------------------------

==============================================================================
Server Availability Check Completed at Sat Dec 20 07:38:16 UTC 2025
==============================================================================


2025-12-20 02:38:45,961 - 27619 - ERROR - app_validation.sh errors for i-021fc16cda6b12260:

2025-12-20 02:38:45,962 - 27619 - INFO - Before patching validation saved to: output/validation-2025-12-20/172.30.64.121-BeforePatching-2025-12-20-02-38-45-962.log
2025-12-20 02:38:45,962 - 27619 - INFO - Deregistering i-021fc16cda6b12260 from TG arn:aws:elasticloadbalancing:us-east-2:835314132208:targetgroup/Caseys-ANK-Prod-WMS-Desktop/ae08dbed3e6dcbfb
2025-12-20 02:38:46,077 - 27619 - INFO - Deregistering i-021fc16cda6b12260 from TG arn:aws:elasticloadbalancing:us-east-2:835314132208:targetgroup/Caseys-ANK-Prod-WMS-RF/ad1d9f9ce0e99869
2025-12-20 02:38:46,130 - 27619 - INFO - Deregistering i-021fc16cda6b12260 from TG arn:aws:elasticloadbalancing:us-east-2:835314132208:targetgroup/Caseys-ANK-STAGE/2d23c97f21a5d491
2025-12-20 02:38:46,191 - 27619 - INFO - Stopping EC2 instance: i-021fc16cda6b12260 at 2025-12-20 02:38:46
2025-12-20 02:41:02,865 - 27619 - INFO - Instance i-021fc16cda6b12260 stopped successfully.
2025-12-20 02:41:03,469 - 27619 - INFO - Stopped i-021fc16cda6b12260 in 0:02:17.277984
2025-12-20 02:41:03,470 - 27619 - INFO - Starting EC2 instance: i-021fc16cda6b12260
2025-12-20 02:41:19,409 - 27619 - INFO - Instance i-021fc16cda6b12260 started successfully.
2025-12-20 02:41:19,409 - 27619 - INFO - Waiting 30 seconds for SSM agent to be ready on i-021fc16cda6b12260...
2025-12-20 02:41:49,439 - 27619 - INFO - Registering i-021fc16cda6b12260 to TG arn:aws:elasticloadbalancing:us-east-2:835314132208:targetgroup/Caseys-ANK-Prod-WMS-Desktop/ae08dbed3e6dcbfb
2025-12-20 02:41:49,640 - 27619 - INFO - Registering i-021fc16cda6b12260 to TG arn:aws:elasticloadbalancing:us-east-2:835314132208:targetgroup/Caseys-ANK-Prod-WMS-RF/ad1d9f9ce0e99869
2025-12-20 02:41:49,777 - 27619 - INFO - Registering i-021fc16cda6b12260 to TG arn:aws:elasticloadbalancing:us-east-2:835314132208:targetgroup/Caseys-ANK-STAGE/2d23c97f21a5d491
2025-12-20 02:47:51,066 - 27619 - WARNING - i-021fc16cda6b12260 not healthy in arn:aws:elasticloadbalancing:us-east-2:835314132208:targetgroup/Caseys-ANK-STAGE/2d23c97f21a5d491 after timeout.
2025-12-20 02:47:51,139 - 27619 - INFO - Email sent successfully to ['CloudOps@softeon.com']
2025-12-20 02:47:51,139 - 27619 - ERROR - Aborting workflow: i-021fc16cda6b12260 is not healthy after restart.
2025-12-20 02:47:51,141 - 27619 - INFO - Restart Total time: 0:09:43.229791
2025-12-20 02:47:51,142 - 27619 - INFO - Auto-confirmed services are restarted
2025-12-20 02:47:51,142 - 27619 - INFO - Confirmed - services are started
2025-12-20 02:47:51,260 - 27619 - INFO - The following instances have failed the patch: []
2025-12-20 02:47:51,261 - 27619 - INFO - No instances have failed the patch.
2025-12-20 02:47:51,261 - 27619 - INFO - Total Patch Process time: 0:17:48.094399
2025-12-20 02:47:51,784 - 27619 - INFO - Email sent successfully to ['a80af5b5.softeon.com@in.teams.ms', 'CloudOps@softeon.com']
2025-12-20 02:48:51,996 - 27619 - INFO - Log file ./logs/patching_2025-12-20_Caseys-ANK.log uploaded to s3://q4-2025-aws-security-patching/Caseys-ANK_Patch/2025-12-20/patching_2025-12-20_Caseys-ANK.log
