2025-12-21 01:00:04,435 - 4223 - INFO - Logger setup has been removed, using shared logger from common.logs.logger.
2025-12-21 01:00:04,436 - 4223 - INFO - Script Start Time: 2025-12-21 01:00:04
2025-12-21 01:00:04,848 - 4223 - INFO - Instance(s) selected for Patching: {'i-05ab94d2840118108': '10.64.12.5', 'i-0fbcd31a147a976dd': '10.64.12.61'}
2025-12-21 01:00:04,964 - 4223 - INFO - Email sent successfully to ['a80af5b5.softeon.com@in.teams.ms', 'CloudOps@softeon.com']
2025-12-21 01:00:04,964 - 4223 - INFO - Now patching instances at: 2025-12-21 01:00:04
2025-12-21 01:00:05,167 - 4223 - INFO - Sending patch command to instance i-05ab94d2840118108
2025-12-21 01:00:05,361 - 4223 - INFO - Command sent successfully to instance i-05ab94d2840118108. Command ID: bc9233d4-bf79-4ed2-b13b-9d01b1ca8279
2025-12-21 01:00:05,565 - 4223 - INFO - Sending patch command to instance i-0fbcd31a147a976dd
2025-12-21 01:00:05,726 - 4223 - INFO - Command sent successfully to instance i-0fbcd31a147a976dd. Command ID: fef003d8-ffae-409e-a7c9-b9d4f9627982
2025-12-21 01:07:38,147 - 4223 - INFO - All patches applied successfully.
2025-12-21 01:07:38,148 - 4223 - INFO - Patching end time: 2025-12-21 01:07:38
2025-12-21 01:07:38,148 - 4223 - INFO - Patch Elapsed time: 0:07:33.183914
2025-12-21 01:07:38,234 - 4223 - INFO - Email sent successfully to ['a80af5b5.softeon.com@in.teams.ms', 'CloudOps@softeon.com']
2025-12-21 01:07:38,234 - 4223 - INFO - Confirmed - services are stopped
2025-12-21 01:07:45,748 - 4223 - INFO - Discovered TG map: {'i-05ab94d2840118108': ['arn:aws:elasticloadbalancing:us-east-2:835314132208:targetgroup/DIB-WMS-SIK-PROD-Desktop/04668f3bc8d8fb17', 'arn:aws:elasticloadbalancing:us-east-2:835314132208:targetgroup/DIB-WMS-SIK-PROD-RF/4c0e54f2130bd247']}
2025-12-21 01:07:46,013 - 4223 - INFO - Sent app_validation.sh to i-05ab94d2840118108 (command_id: b63dc792-73cc-48bd-be08-630dee233d13)
2025-12-21 01:08:16,148 - 4223 - INFO - app_validation.sh output for i-05ab94d2840118108:

==============================================================================
Server Availability Check Started at Sun Dec 21 06:07:46 UTC 2025
==============================================================================

-------------------------------------
Server IP : 10.64.12.5
-------------------------------------
System Information
------------------
Hostname: ip-10-64-12-5.us-east-2.compute.internal
Uptime: up 20 weeks, 1 day, 51 minutes
Current User: root
Working Directory: /usr/bin
-------------------------------------
Voice Console URL: http://10.64.12.5:9090/VoiceConsole
-------------------------------------

-------------------------------------
Server IP : 10.64.12.5
-------------------------------------
Physical Memory Information
---------------------------
Total Physical Memory = 15611 MB
Used Physical Memory  = 9478 MB
Free Physical Memory  = 6133 MB
-------------------------------------
Swap Memory Information
-----------------------
Total Swap Memory = 10239 MB
Used Swap Memory  = 40 MB
Free Swap Memory  = 10199 MB
-------------------------------------
Load Average: 0.35 0.89 0.52 2/632 2465925
-------------------------------------

Disk Usage Information
----------------------
Filesystem                                 Size  Used Avail Use% Mounted on
/dev/nvme0n1p1                              20G  6.2G   14G  31% /
/dev/nvme0n1p128                            10M  1.3M  8.7M  13% /boot/efi
/dev/nvme1n1p2                             240G   35G  206G  15% /data
fs-c14c83ba.efs.us-east-2.amazonaws.com:/  8.0E  7.8T  8.0E   1% /data2
devtmpfs                                   4.0M     0  4.0M   0% /dev
tmpfs                                      7.7G     0  7.7G   0% /dev/shm
tmpfs                                      3.1G  712K  3.1G   1% /run
tmpfs                                      1.6G     0  1.6G   0% /run/user/1000
tmpfs                                      1.6G     0  1.6G   0% /run/user/2001
tmpfs                                      7.7G   21M  7.7G   1% /tmp
-------------------------------------

Application Port Validation for Server IP: 10.64.12.5 started on Sun Dec 21 06:07:46 UTC 2025

Server IP: 10.64.12.5 is reachable.

SSH Service (Port 22) Status:
SSH Service (Port 22): NOT REACHABLE
-------------------------------------

FTP Service Validation for Server IP: 10.64.12.5

FTP Service (Port 21): NOT REACHABLE
No FTP processes detected
-------------------------------------

CUPS Service Validation for Server IP: 10.64.12.5

CUPS Service (Port 631): NOT REACHABLE

Printer Configuration:
Total Printers Configured: 0
-------------------------------------
CUPS Service (Port 631): NOT REACHABLE on 10.64.12.5
-------------------------------------

Total number of Java process running on this host 10.64.12.5 is 2
Total number of Daemon / Batch (java) application process available is 0

No Java daemon processes running
-------------------------------------

-------------------------------------
Total number of App process running on this host 10.64.12.5
Total number of App java process available is 2
-------------------------------------
App Process details:
Process ID: 2211005, Process Name: 19:26
Process ID: 2211190, Process Name: 23:22
-------------------------------------

Web Application Port Validation for Server IP: 10.64.12.5
Port 8080:	dibsikprd_j	Running
Port 8081:	dibsikrf_jb	Running
-------------------------------------

==============================================================================
Server Availability Check Completed at Sun Dec 21 06:07:46 UTC 2025
==============================================================================


2025-12-21 01:08:16,148 - 4223 - ERROR - app_validation.sh errors for i-05ab94d2840118108:

2025-12-21 01:08:16,150 - 4223 - INFO - Before patching validation saved to: output/validation-2025-12-21/10.64.12.5-BeforePatching-2025-12-21-01-08-16-149.log
2025-12-21 01:08:16,150 - 4223 - INFO - Deregistering i-05ab94d2840118108 from TG arn:aws:elasticloadbalancing:us-east-2:835314132208:targetgroup/DIB-WMS-SIK-PROD-Desktop/04668f3bc8d8fb17
2025-12-21 01:08:16,262 - 4223 - INFO - Deregistering i-05ab94d2840118108 from TG arn:aws:elasticloadbalancing:us-east-2:835314132208:targetgroup/DIB-WMS-SIK-PROD-RF/4c0e54f2130bd247
2025-12-21 01:08:16,320 - 4223 - INFO - Stopping EC2 instance: i-05ab94d2840118108 at 2025-12-21 01:08:16
2025-12-21 01:11:03,151 - 4223 - INFO - Instance i-05ab94d2840118108 stopped successfully.
2025-12-21 01:11:03,493 - 4223 - INFO - Stopped i-05ab94d2840118108 in 0:02:47.172444
2025-12-21 01:11:03,493 - 4223 - INFO - Starting EC2 instance: i-05ab94d2840118108
2025-12-21 01:11:19,516 - 4223 - INFO - Instance i-05ab94d2840118108 started successfully.
2025-12-21 01:11:19,516 - 4223 - INFO - Waiting 30 seconds for SSM agent to be ready on i-05ab94d2840118108...
2025-12-21 01:11:49,543 - 4223 - INFO - Registering i-05ab94d2840118108 to TG arn:aws:elasticloadbalancing:us-east-2:835314132208:targetgroup/DIB-WMS-SIK-PROD-Desktop/04668f3bc8d8fb17
2025-12-21 01:11:49,748 - 4223 - INFO - Registering i-05ab94d2840118108 to TG arn:aws:elasticloadbalancing:us-east-2:835314132208:targetgroup/DIB-WMS-SIK-PROD-RF/4c0e54f2130bd247
2025-12-21 01:15:20,765 - 4223 - INFO - Sent app_validation.sh to i-05ab94d2840118108 (command_id: 74d548c6-8d7b-4cc7-9171-9c1f84888f62)
2025-12-21 01:15:50,858 - 4223 - INFO - app_validation.sh output for i-05ab94d2840118108:

==============================================================================
Server Availability Check Started at Sun Dec 21 06:15:21 UTC 2025
==============================================================================

-------------------------------------
Server IP : 10.64.12.5
-------------------------------------
System Information
------------------
Hostname: ip-10-64-12-5.us-east-2.compute.internal
Uptime: up 4 minutes
Current User: root
Working Directory: /usr/bin
-------------------------------------
Voice Console URL: http://10.64.12.5:9090/VoiceConsole
-------------------------------------

-------------------------------------
Server IP : 10.64.12.5
-------------------------------------
Physical Memory Information
---------------------------
Total Physical Memory = 15623 MB
Used Physical Memory  = 5347 MB
Free Physical Memory  = 10276 MB
-------------------------------------
Swap Memory Information
-----------------------
Total Swap Memory = 10239 MB
Used Swap Memory  = 0 MB
Free Swap Memory  = 10239 MB
-------------------------------------
Load Average: 0.29 0.78 0.40 5/594 4807
-------------------------------------

Disk Usage Information
----------------------
Filesystem                                 Size  Used Avail Use% Mounted on
/dev/nvme0n1p1                              20G  6.0G   15G  30% /
/dev/nvme0n1p128                            10M  1.3M  8.7M  13% /boot/efi
/dev/nvme1n1p2                             240G   35G  206G  15% /data
fs-c14c83ba.efs.us-east-2.amazonaws.com:/  8.0E  7.8T  8.0E   1% /data2
devtmpfs                                   4.0M     0  4.0M   0% /dev
tmpfs                                      7.7G     0  7.7G   0% /dev/shm
tmpfs                                      3.1G  676K  3.1G   1% /run
tmpfs                                      1.6G     0  1.6G   0% /run/user/2001
tmpfs                                      7.7G   21M  7.7G   1% /tmp
-------------------------------------

Application Port Validation for Server IP: 10.64.12.5 started on Sun Dec 21 06:15:21 UTC 2025

Server IP: 10.64.12.5 is reachable.

SSH Service (Port 22) Status:
SSH Service (Port 22): NOT REACHABLE
-------------------------------------

FTP Service Validation for Server IP: 10.64.12.5

FTP Service (Port 21): NOT REACHABLE
No FTP processes detected
-------------------------------------

CUPS Service Validation for Server IP: 10.64.12.5

CUPS Service (Port 631): NOT REACHABLE

Printer Configuration:
Total Printers Configured: 0
-------------------------------------
CUPS Service (Port 631): NOT REACHABLE on 10.64.12.5
-------------------------------------

Total number of Java process running on this host 10.64.12.5 is 2
Total number of Daemon / Batch (java) application process available is 0

No Java daemon processes running
-------------------------------------

-------------------------------------
Total number of App process running on this host 10.64.12.5
Total number of App java process available is 2
-------------------------------------
App Process details:
Process ID: 3335, Process Name: 0:50
Process ID: 3611, Process Name: 0:50
-------------------------------------

Web Application Port Validation for Server IP: 10.64.12.5
Port 8080:	dibsikprd_jb73	Running
Port 8081:	dibsikrf_jb730	Running
-------------------------------------

==============================================================================
Server Availability Check Completed at Sun Dec 21 06:15:21 UTC 2025
==============================================================================


2025-12-21 01:15:50,858 - 4223 - ERROR - app_validation.sh errors for i-05ab94d2840118108:

2025-12-21 01:15:50,860 - 4223 - INFO - After patching validation saved to: output/validation-2025-12-21/10.64.12.5-AfterPatching-2025-12-21-01-15-50-859.log
2025-12-21 01:15:50,900 - 4223 - INFO - Validation comparison report generated: output/validation-2025-12-21/10.64.12.5-Validation-details-2025-12-21-01-15-50-859.log
2025-12-21 01:15:50,984 - 4223 - INFO - Email sent successfully to ['CloudOps@softeon.com']
2025-12-21 01:15:50,984 - 4223 - INFO - HTML validation report email sent for i-05ab94d2840118108
2025-12-21 01:15:51,226 - 4223 - INFO - Started i-05ab94d2840118108 in 0:04:47.732805
2025-12-21 01:15:51,226 - 4223 - INFO - Waiting 120 seconds before proceeding to the next instance...
2025-12-21 01:17:51,473 - 4223 - INFO - Sent app_validation.sh to i-0fbcd31a147a976dd (command_id: cec8c4ab-cf84-4581-93fd-359b51fd0198)
2025-12-21 01:18:21,600 - 4223 - INFO - app_validation.sh output for i-0fbcd31a147a976dd:

==============================================================================
Server Availability Check Started at Sun Dec 21 06:17:51 UTC 2025
==============================================================================

-------------------------------------
Server IP : 10.64.12.61
-------------------------------------
System Information
------------------
Hostname: ip-10-64-12-61.us-east-2.compute.internal
Uptime: up 20 weeks, 1 day, 53 minutes
Current User: root
Working Directory: /usr/bin
-------------------------------------
Voice Console URL: http://10.64.12.61:9090/VoiceConsole
-------------------------------------

-------------------------------------
Server IP : 10.64.12.61
-------------------------------------
Physical Memory Information
---------------------------
Total Physical Memory = 15611 MB
Used Physical Memory  = 8337 MB
Free Physical Memory  = 7274 MB
-------------------------------------
Swap Memory Information
-----------------------
Total Swap Memory = 10239 MB
Used Swap Memory  = 40 MB
Free Swap Memory  = 10199 MB
-------------------------------------
Load Average: 0.06 0.19 0.35 5/610 738483
-------------------------------------

Disk Usage Information
----------------------
Filesystem                                 Size  Used Avail Use% Mounted on
/dev/nvme0n1p1                              20G  6.1G   14G  31% /
/dev/nvme0n1p128                            10M  1.3M  8.7M  13% /boot/efi
/dev/nvme1n1p2                             240G   67G  174G  28% /data
fs-c14c83ba.efs.us-east-2.amazonaws.com:/  8.0E  7.8T  8.0E   1% /data2
devtmpfs                                   4.0M     0  4.0M   0% /dev
tmpfs                                      7.7G     0  7.7G   0% /dev/shm
tmpfs                                      3.1G  704K  3.1G   1% /run
tmpfs                                      1.6G     0  1.6G   0% /run/user/2001
tmpfs                                      7.7G  576K  7.7G   1% /tmp
-------------------------------------

Application Port Validation for Server IP: 10.64.12.61 started on Sun Dec 21 06:17:51 UTC 2025

Server IP: 10.64.12.61 is reachable.

SSH Service (Port 22) Status:
SSH Service (Port 22): NOT REACHABLE
-------------------------------------

FTP Service Validation for Server IP: 10.64.12.61

FTP Service (Port 21): NOT REACHABLE
No FTP processes detected
-------------------------------------

CUPS Service Validation for Server IP: 10.64.12.61

CUPS Service (Port 631): NOT REACHABLE

Printer Configuration:
Total Printers Configured: 0
-------------------------------------
CUPS Service (Port 631): NOT REACHABLE on 10.64.12.61
-------------------------------------

Total number of Java process running on this host 10.64.12.61 is 18
Total number of Daemon / Batch (java) application process available is 18

Daemon Process id and name details are given below
Process ID: 282221, Process Name: 4:08
Process ID: 281709, Process Name: 2:31
Process ID: 281754, Process Name: 1:20
Process ID: 281809, Process Name: 2:52
Process ID: 281860, Process Name: 1:12
Process ID: 281908, Process Name: 4:10
Process ID: 281958, Process Name: 7:17
Process ID: 282385, Process Name: 57:48
Process ID: 282275, Process Name: 2:32
Process ID: 282009, Process Name: 2:21
Process ID: 282116, Process Name: 1:05
Process ID: 282061, Process Name: 1:17
Process ID: 282168, Process Name: 3:34
Process ID: 282333, Process Name: 72:03
Process ID: 501918, Process Name: 0:34
Process ID: 501906, Process Name: 0:35
Process ID: 282563, Process Name: 3:46
Process ID: 282617, Process Name: 1:45
-------------------------------------

-------------------------------------
Total number of App process running on this host 10.64.12.61
Total number of App java process available is 0
-------------------------------------
No Standalone application processes running
-------------------------------------

Web Application Port Validation for Server IP: 10.64.12.61
-------------------------------------

==============================================================================
Server Availability Check Completed at Sun Dec 21 06:17:53 UTC 2025
==============================================================================


2025-12-21 01:18:21,600 - 4223 - ERROR - app_validation.sh errors for i-0fbcd31a147a976dd:

2025-12-21 01:18:21,602 - 4223 - INFO - Before patching validation saved to: output/validation-2025-12-21/10.64.12.61-BeforePatching-2025-12-21-01-18-21-601.log
2025-12-21 01:18:21,602 - 4223 - INFO - Stopping EC2 instance: i-0fbcd31a147a976dd at 2025-12-21 01:18:21
2025-12-21 01:20:53,353 - 4223 - INFO - Instance i-0fbcd31a147a976dd stopped successfully.
2025-12-21 01:20:53,577 - 4223 - INFO - Stopped i-0fbcd31a147a976dd in 0:02:31.974218
2025-12-21 01:20:53,577 - 4223 - INFO - Starting EC2 instance: i-0fbcd31a147a976dd
2025-12-21 01:21:09,617 - 4223 - INFO - Instance i-0fbcd31a147a976dd started successfully.
2025-12-21 01:21:09,617 - 4223 - INFO - Waiting 30 seconds for SSM agent to be ready on i-0fbcd31a147a976dd...
2025-12-21 01:21:39,785 - 4223 - INFO - Sent app_validation.sh to i-0fbcd31a147a976dd (command_id: d55a3b3e-12ec-453d-974b-d27869fd7e11)
2025-12-21 01:22:09,907 - 4223 - INFO - app_validation.sh output for i-0fbcd31a147a976dd:

==============================================================================
Server Availability Check Started at Sun Dec 21 06:21:40 UTC 2025
==============================================================================

-------------------------------------
Server IP : 10.64.12.61
-------------------------------------
System Information
------------------
Hostname: ip-10-64-12-61.us-east-2.compute.internal
Uptime: up 0 minutes
Current User: root
Working Directory: /usr/bin
-------------------------------------
Voice Console URL: http://10.64.12.61:9090/VoiceConsole
-------------------------------------

-------------------------------------
Server IP : 10.64.12.61
-------------------------------------
Physical Memory Information
---------------------------
Total Physical Memory = 15623 MB
Used Physical Memory  = 3410 MB
Free Physical Memory  = 12213 MB
-------------------------------------
Swap Memory Information
-----------------------
Total Swap Memory = 10239 MB
Used Swap Memory  = 0 MB
Free Swap Memory  = 10239 MB
-------------------------------------
Load Average: 14.11 3.84 1.30 13/488 4814
-------------------------------------

Disk Usage Information
----------------------
Filesystem                                 Size  Used Avail Use% Mounted on
/dev/nvme0n1p1                              20G  5.8G   15G  30% /
/dev/nvme0n1p128                            10M  1.3M  8.7M  13% /boot/efi
/dev/nvme1n1p2                             240G   67G  174G  28% /data
fs-c14c83ba.efs.us-east-2.amazonaws.com:/  8.0E  7.8T  8.0E   1% /data2
devtmpfs                                   4.0M     0  4.0M   0% /dev
tmpfs                                      7.7G     0  7.7G   0% /dev/shm
tmpfs                                      3.1G  748K  3.1G   1% /run
tmpfs                                      1.6G     0  1.6G   0% /run/user/2001
tmpfs                                      7.7G  352K  7.7G   1% /tmp
-------------------------------------

Application Port Validation for Server IP: 10.64.12.61 started on Sun Dec 21 06:21:40 UTC 2025

Server IP: 10.64.12.61 is reachable.

SSH Service (Port 22) Status:
SSH Service (Port 22): NOT REACHABLE
-------------------------------------

FTP Service Validation for Server IP: 10.64.12.61

FTP Service (Port 21): NOT REACHABLE
No FTP processes detected
-------------------------------------

CUPS Service Validation for Server IP: 10.64.12.61

CUPS Service (Port 631): NOT REACHABLE

Printer Configuration:
Total Printers Configured: 0
-------------------------------------
CUPS Service (Port 631): NOT REACHABLE on 10.64.12.61
-------------------------------------

Total number of Java process running on this host 10.64.12.61 is 11
Total number of Daemon / Batch (java) application process available is 11

Daemon Process id and name details are given below
Process ID: 4267, Process Name: 0:02
Process ID: 4422, Process Name: 0:03
Process ID: 4319, Process Name: 0:02
Process ID: 4165, Process Name: 0:02
Process ID: 4114, Process Name: 0:02
Process ID: 4216, Process Name: 0:02
Process ID: 4371, Process Name: 0:02
Process ID: 4473, Process Name: 0:02
Process ID: 4519, Process Name: 0:02
Process ID: 4575, Process Name: 0:03
Process ID: 4626, Process Name: 0:02
-------------------------------------

-------------------------------------
Total number of App process running on this host 10.64.12.61
Total number of App java process available is 0
-------------------------------------
No Standalone application processes running
-------------------------------------

Web Application Port Validation for Server IP: 10.64.12.61
-------------------------------------

==============================================================================
Server Availability Check Completed at Sun Dec 21 06:21:42 UTC 2025
==============================================================================


2025-12-21 01:22:09,907 - 4223 - ERROR - app_validation.sh errors for i-0fbcd31a147a976dd:

2025-12-21 01:22:09,909 - 4223 - INFO - After patching validation saved to: output/validation-2025-12-21/10.64.12.61-AfterPatching-2025-12-21-01-22-09-908.log
2025-12-21 01:22:09,943 - 4223 - INFO - Validation comparison report generated: output/validation-2025-12-21/10.64.12.61-Validation-details-2025-12-21-01-22-09-908.log
2025-12-21 01:22:10,024 - 4223 - INFO - Email sent successfully to ['CloudOps@softeon.com']
2025-12-21 01:22:10,024 - 4223 - INFO - HTML validation report email sent for i-0fbcd31a147a976dd
2025-12-21 01:22:10,262 - 4223 - INFO - Started i-0fbcd31a147a976dd in 0:01:16.684855
2025-12-21 01:22:10,263 - 4223 - INFO - All instances processed.
2025-12-21 01:22:10,266 - 4223 - INFO - Restart Total time: 0:14:31.904519
2025-12-21 01:22:10,266 - 4223 - INFO - Auto-confirmed services are restarted
2025-12-21 01:22:10,267 - 4223 - INFO - Confirmed - services are started
2025-12-21 01:22:10,377 - 4223 - INFO - The following instances have failed the patch: []
2025-12-21 01:22:10,377 - 4223 - INFO - No instances have failed the patch.
2025-12-21 01:22:10,378 - 4223 - INFO - Total Patch Process time: 0:22:05.941468
2025-12-21 01:22:10,664 - 4223 - INFO - Email sent successfully to ['a80af5b5.softeon.com@in.teams.ms', 'CloudOps@softeon.com']
2025-12-21 01:23:10,883 - 4223 - INFO - Log file ./logs/patching_2025-12-21_DIB-SIK-App.log uploaded to s3://q4-2025-aws-security-patching/DIB-SIK-App_Patch/2025-12-21/patching_2025-12-21_DIB-SIK-App.log
