2025-10-29 11:38:02,148 - 27894 - INFO - Email sent successfully to ['adityak@softeon.com', 'ITSupport@softeon.com']
2025-10-29 11:40:13,894 - 27894 - INFO - Email sent successfully to ['adityak@softeon.com']
2025-10-29 11:40:14,081 - 27894 - INFO - Log file ./logs/backup_2025-10-29.log uploaded to s3://q3-2025-aws-security-patching/umgspw-europe-Node1_Patch_Backup/2025-10-29/backup_2025-10-29.log
2025-10-29 13:05:02,225 - 1206 - INFO - Logger setup has been removed, using shared logger from common.logs.logger.
2025-10-29 13:05:02,225 - 1206 - INFO - Script Start Time: 2025-10-29 13:05:02
2025-10-29 13:05:02,501 - 1206 - INFO - Instance(s) selected for Patching: {'i-0ee1a9b7d9700f593': '172.29.10.13'}
2025-10-29 13:05:02,607 - 1206 - INFO - Email sent successfully to ['adityak@softeon.com', 'a80af5b5.softeon.com@in.teams.ms', 'ITSupport@softeon.com']
2025-10-29 13:05:02,608 - 1206 - INFO - Now patching instances at: 2025-10-29 13:05:02
2025-10-29 13:05:02,672 - 1206 - INFO - Sending patch command to instance i-0ee1a9b7d9700f593
2025-10-29 13:05:02,851 - 1206 - INFO - Command sent successfully to instance i-0ee1a9b7d9700f593. Command ID: 5977276b-8694-4ac6-84e4-3bfa61c1f750
2025-10-29 13:13:36,142 - 1206 - INFO - All patches applied successfully.
2025-10-29 13:13:36,143 - 1206 - INFO - Patching end time: 2025-10-29 13:13:36
2025-10-29 13:13:36,143 - 1206 - INFO - Patch Elapsed time: 0:08:33.534747
2025-10-29 13:13:36,216 - 1206 - INFO - Email sent successfully to ['adityak@softeon.com', 'a80af5b5.softeon.com@in.teams.ms', 'ITSupport@softeon.com']
2025-10-29 13:13:36,216 - 1206 - INFO - Confirmed - services are stopped
2025-10-29 13:13:56,917 - 1206 - INFO - Discovered TG map: {'i-0ee1a9b7d9700f593': ['arn:aws:elasticloadbalancing:us-east-1:835314132208:targetgroup/UMG-Prod-Ext/af872571302ca735']}
2025-10-29 13:13:57,196 - 1206 - INFO - Sent app_validation.sh to i-0ee1a9b7d9700f593 (command_id: e5772642-aa6e-47f4-9945-3b0ba0dd42bf)
2025-10-29 13:14:27,327 - 1206 - INFO - app_validation.sh output for i-0ee1a9b7d9700f593:

==============================================================================
Server Availability Check Started at Wed Oct 29 17:13:57 GMT 2025
==============================================================================

-------------------------------------
Server IP : 172.29.10.13
-------------------------------------
System Information
------------------
Hostname: ip-172-29-10-13
Uptime: up 9 weeks, 4 days, 23 hours, 46 minutes
Current User: root
Working Directory: /usr/bin
-------------------------------------
Voice Console URL: http://172.29.10.13:9090/VoiceConsole
-------------------------------------

-------------------------------------
Server IP : 172.29.10.13
-------------------------------------
Physical Memory Information
---------------------------
Total Physical Memory = 15226 MB
Used Physical Memory  = 5717 MB
Free Physical Memory  = 9509 MB
-------------------------------------
Swap Memory Information
-----------------------
Total Swap Memory = 20479 MB
Used Swap Memory  = 0 MB
Free Swap Memory  = 20479 MB
-------------------------------------
Load Average: 0.70 1.61 0.96 5/1499 529491
-------------------------------------

Disk Usage Information
----------------------
Filesystem                                 Size  Used Avail Use% Mounted on
/dev/xvda1                                  20G  5.6G   15G  29% /
/dev/xvda128                                10M  1.3M  8.7M  13% /boot/efi
/dev/xvdb2                                 280G   82G  199G  30% /data
fs-375edf7e.efs.us-east-1.amazonaws.com:/  8.0E  4.3G  8.0E   1% /data2
devtmpfs                                   4.0M     0  4.0M   0% /dev
tmpfs                                      7.5G     0  7.5G   0% /dev/shm
tmpfs                                      3.0G  544K  3.0G   1% /run
tmpfs                                      1.5G     0  1.5G   0% /run/user/1000
tmpfs                                      1.5G     0  1.5G   0% /run/user/1001
tmpfs                                      7.5G   11M  7.5G   1% /tmp
-------------------------------------

Application Port Validation for Server IP: 172.29.10.13 started on Wed Oct 29 17:13:57 GMT 2025

Server IP: 172.29.10.13 is reachable.

SSH Service (Port 22) Status:
SSH Service (Port 22): NOT REACHABLE
-------------------------------------

FTP Service Validation for Server IP: 172.29.10.13

FTP Service (Port 21): NOT REACHABLE
No FTP processes detected
-------------------------------------

CUPS Service Validation for Server IP: 172.29.10.13

CUPS Service (Port 631): NOT REACHABLE

Printer Configuration:
Total Printers Configured: 0
-------------------------------------
CUPS Service (Port 631): NOT REACHABLE on 172.29.10.13
-------------------------------------

Total number of Java process running on this host 172.29.10.13 is 1
Total number of Daemon / Batch (java) application process available is 0

No Java daemon processes running
-------------------------------------

-------------------------------------
Total number of App process running on this host 172.29.10.13
Total number of App java process available is 1
-------------------------------------
App Process details:
Process ID: 239614, Process Name: 171:45
-------------------------------------

Web Application Port Validation for Server IP: 172.29.10.13
Port 80:	umgp2fprod_j	Running
-------------------------------------

==============================================================================
Server Availability Check Completed at Wed Oct 29 17:13:59 GMT 2025
==============================================================================


2025-10-29 13:14:27,328 - 1206 - ERROR - app_validation.sh errors for i-0ee1a9b7d9700f593:

2025-10-29 13:14:27,330 - 1206 - INFO - Before patching validation saved to: output/validation-2025-10-29/172.29.10.13-BeforePatching-2025-10-29-13-14-27-329.log
2025-10-29 13:14:27,330 - 1206 - INFO - Deregistering i-0ee1a9b7d9700f593 from TG arn:aws:elasticloadbalancing:us-east-1:835314132208:targetgroup/UMG-Prod-Ext/af872571302ca735
2025-10-29 13:14:27,398 - 1206 - INFO - Stopping EC2 instance: i-0ee1a9b7d9700f593 at 2025-10-29 13:14:27
2025-10-29 13:15:28,609 - 1206 - INFO - Instance i-0ee1a9b7d9700f593 stopped successfully.
2025-10-29 13:15:28,785 - 1206 - INFO - Stopped i-0ee1a9b7d9700f593 in 0:01:01.386445
2025-10-29 13:15:28,785 - 1206 - INFO - Starting EC2 instance: i-0ee1a9b7d9700f593
2025-10-29 13:15:44,573 - 1206 - INFO - Instance i-0ee1a9b7d9700f593 started successfully.
2025-10-29 13:15:44,573 - 1206 - INFO - Waiting 30 seconds for SSM agent to be ready on i-0ee1a9b7d9700f593...
2025-10-29 13:16:14,599 - 1206 - INFO - Registering i-0ee1a9b7d9700f593 to TG arn:aws:elasticloadbalancing:us-east-1:835314132208:targetgroup/UMG-Prod-Ext/af872571302ca735
2025-10-29 13:20:15,474 - 1206 - INFO - Sent app_validation.sh to i-0ee1a9b7d9700f593 (command_id: ea85ed1e-0c2c-42a9-b519-f1e2d5e43c9a)
2025-10-29 13:20:45,578 - 1206 - INFO - app_validation.sh output for i-0ee1a9b7d9700f593:

==============================================================================
Server Availability Check Started at Wed Oct 29 17:20:15 GMT 2025
==============================================================================

-------------------------------------
Server IP : 172.29.10.13
-------------------------------------
System Information
------------------
Hostname: ip-172-29-10-13
Uptime: up 4 minutes
Current User: root
Working Directory: /usr/bin
-------------------------------------
Voice Console URL: http://172.29.10.13:9090/VoiceConsole
-------------------------------------

-------------------------------------
Server IP : 172.29.10.13
-------------------------------------
Physical Memory Information
---------------------------
Total Physical Memory = 15226 MB
Used Physical Memory  = 3748 MB
Free Physical Memory  = 11478 MB
-------------------------------------
Swap Memory Information
-----------------------
Total Swap Memory = 20479 MB
Used Swap Memory  = 0 MB
Free Swap Memory  = 20479 MB
-------------------------------------
Load Average: 0.37 0.60 0.33 12/298 3368
-------------------------------------

Disk Usage Information
----------------------
Filesystem                                 Size  Used Avail Use% Mounted on
/dev/xvda1                                  20G  5.4G   15G  27% /
/dev/xvda128                                10M  1.3M  8.7M  13% /boot/efi
/dev/xvdb2                                 280G   82G  199G  30% /data
fs-375edf7e.efs.us-east-1.amazonaws.com:/  8.0E  4.3G  8.0E   1% /data2
devtmpfs                                   4.0M     0  4.0M   0% /dev
tmpfs                                      7.5G     0  7.5G   0% /dev/shm
tmpfs                                      3.0G  516K  3.0G   1% /run
tmpfs                                      1.5G     0  1.5G   0% /run/user/1001
tmpfs                                      7.5G   11M  7.5G   1% /tmp
-------------------------------------

Application Port Validation for Server IP: 172.29.10.13 started on Wed Oct 29 17:20:15 GMT 2025

Server IP: 172.29.10.13 is reachable.

SSH Service (Port 22) Status:
SSH Service (Port 22): NOT REACHABLE
-------------------------------------

FTP Service Validation for Server IP: 172.29.10.13

FTP Service (Port 21): NOT REACHABLE
No FTP processes detected
-------------------------------------

CUPS Service Validation for Server IP: 172.29.10.13

CUPS Service (Port 631): NOT REACHABLE

Printer Configuration:
Total Printers Configured: 0
-------------------------------------
CUPS Service (Port 631): NOT REACHABLE on 172.29.10.13
-------------------------------------

Total number of Java process running on this host 172.29.10.13 is 1
Total number of Daemon / Batch (java) application process available is 0

No Java daemon processes running
-------------------------------------

-------------------------------------
Total number of App process running on this host 172.29.10.13
Total number of App java process available is 1
-------------------------------------
App Process details:
Process ID: 2976, Process Name: 1:10
-------------------------------------

Web Application Port Validation for Server IP: 172.29.10.13
Port 80:	umgp2fprod_jbo	Running
-------------------------------------

==============================================================================
Server Availability Check Completed at Wed Oct 29 17:20:18 GMT 2025
==============================================================================


2025-10-29 13:20:45,578 - 1206 - ERROR - app_validation.sh errors for i-0ee1a9b7d9700f593:

2025-10-29 13:20:45,581 - 1206 - INFO - After patching validation saved to: output/validation-2025-10-29/172.29.10.13-AfterPatching-2025-10-29-13-20-45-580.log
2025-10-29 13:20:45,618 - 1206 - INFO - Validation comparison report generated: output/validation-2025-10-29/172.29.10.13-Validation-details-2025-10-29-13-20-45-580.log
2025-10-29 13:20:45,704 - 1206 - INFO - Email sent successfully to ['adityak@softeon.com', 'ITSupport@softeon.com']
2025-10-29 13:20:45,704 - 1206 - INFO - HTML validation report email sent for i-0ee1a9b7d9700f593
2025-10-29 13:20:45,838 - 1206 - INFO - Started i-0ee1a9b7d9700f593 in 0:05:17.053135
2025-10-29 13:20:45,839 - 1206 - INFO - All instances processed.
2025-10-29 13:20:45,842 - 1206 - INFO - Restart Total time: 0:07:09.509092
2025-10-29 13:20:45,842 - 1206 - INFO - Auto-confirmed services are restarted
2025-10-29 13:20:45,842 - 1206 - INFO - Confirmed - services are started
2025-10-29 13:20:45,971 - 1206 - INFO - The following instances have failed the patch: []
2025-10-29 13:20:45,971 - 1206 - INFO - No instances have failed the patch.
2025-10-29 13:20:45,971 - 1206 - INFO - Total Patch Process time: 0:15:43.745623
2025-10-29 13:20:46,157 - 1206 - INFO - Email sent successfully to ['adityak@softeon.com', 'a80af5b5.softeon.com@in.teams.ms', 'ITSupport@softeon.com']
2025-10-29 13:21:46,305 - 1206 - INFO - Log file ./logs/patching_2025-10-29_umgspw-europe-Node1.log uploaded to s3://q4-2025-aws-security-patching/umgspw-europe-Node1_Patch/2025-10-29/patching_2025-10-29_umgspw-europe-Node1.log
