2026-01-01 01:05:02,598 - 15976 - INFO - Logger setup has been removed, using shared logger from common.logs.logger.
2026-01-01 01:05:02,598 - 15976 - INFO - Script Start Time: 2026-01-01 01:05:02
2026-01-01 01:05:02,737 - 15976 - INFO - Instance(s) selected for Patching: {'i-047fbd4a2a96ec8f3': '172.25.30.8'}
2026-01-01 01:05:02,835 - 15976 - INFO - Email sent successfully to ['a80af5b5.softeon.com@in.teams.ms', 'CloudOps@softeon.com']
2026-01-01 01:05:02,835 - 15976 - INFO - Now patching instances at: 2026-01-01 01:05:02
2026-01-01 01:05:02,885 - 15976 - INFO - Sending patch command to instance i-047fbd4a2a96ec8f3
2026-01-01 01:05:03,295 - 15976 - INFO - Command sent successfully to instance i-047fbd4a2a96ec8f3. Command ID: 3329eb19-87fb-4f31-b60b-b8e838b8791e
2026-01-01 01:09:05,070 - 15976 - INFO - All patches applied successfully.
2026-01-01 01:09:05,070 - 15976 - INFO - Patching end time: 2026-01-01 01:09:05
2026-01-01 01:09:05,070 - 15976 - INFO - Patch Elapsed time: 0:04:02.234917
2026-01-01 01:09:05,139 - 15976 - INFO - Email sent successfully to ['a80af5b5.softeon.com@in.teams.ms', 'CloudOps@softeon.com']
2026-01-01 01:09:05,139 - 15976 - INFO - Confirmed - services are stopped
2026-01-01 01:09:10,459 - 15976 - INFO - Discovered TG map: {'i-047fbd4a2a96ec8f3': ['arn:aws:elasticloadbalancing:us-west-2:835314132208:targetgroup/ACT-UAT-API/2485de07e854ae13', 'arn:aws:elasticloadbalancing:us-west-2:835314132208:targetgroup/ACT-UAT-Config/1595ab19e5994ffe', 'arn:aws:elasticloadbalancing:us-west-2:835314132208:targetgroup/ACT-UAT-Desktop/6648735ce5e8b61c', 'arn:aws:elasticloadbalancing:us-west-2:835314132208:targetgroup/ACT-UAT-Portal/7dc15e811358a2b2', 'arn:aws:elasticloadbalancing:us-west-2:835314132208:targetgroup/ACT-UAT-RF/0a6864564131e339']}
2026-01-01 01:09:10,932 - 15976 - INFO - Sent app_validation.sh to i-047fbd4a2a96ec8f3 (command_id: 6b5df6fb-2d68-4027-995d-c61bc5132b71)
2026-01-01 01:09:41,128 - 15976 - INFO - app_validation.sh output for i-047fbd4a2a96ec8f3:

==============================================================================
Server Availability Check Started at Thu Jan  1 06:09:11 UTC 2026
==============================================================================

-------------------------------------
Server IP : 172.25.30.8
-------------------------------------
System Information
------------------
Hostname: ip-172-25-30-8.us-west-2.compute.internal
Uptime: up 9 weeks, 1 day, 1 hour, 53 minutes
Current User: root
Working Directory: /usr/bin
-------------------------------------
Voice Console URL: http://172.25.30.8:9090/VoiceConsole
-------------------------------------

-------------------------------------
Server IP : 172.25.30.8
-------------------------------------
Physical Memory Information
---------------------------
Total Physical Memory = 31379 MB
Used Physical Memory  = 23476 MB
Free Physical Memory  = 7903 MB
-------------------------------------
Swap Memory Information
-----------------------
Total Swap Memory = 10239 MB
Used Swap Memory  = 6751 MB
Free Swap Memory  = 3488 MB
-------------------------------------
Load Average: 0.86 0.82 0.44 2/2412 1335619
-------------------------------------

Disk Usage Information
----------------------
Filesystem             Size  Used Avail Use% Mounted on
/dev/nvme0n1p1          20G  4.8G   16G  24% /
/dev/nvme0n1p128        10M  1.3M  8.7M  13% /boot/efi
/dev/mapper/vg01-lv02  240G  171G   70G  72% /data
devtmpfs               4.0M     0  4.0M   0% /dev
tmpfs                   16G     0   16G   0% /dev/shm
tmpfs                  6.2G  8.7M  6.2G   1% /run
tmpfs                  3.1G     0  3.1G   0% /run/user/2001
tmpfs                  3.1G     0  3.1G   0% /run/user/2002
tmpfs                  3.1G     0  3.1G   0% /run/user/992
tmpfs                   16G   47M   16G   1% /tmp
-------------------------------------

Application Port Validation for Server IP: 172.25.30.8 started on Thu Jan  1 06:09:11 UTC 2026

Server IP: 172.25.30.8 is reachable.

SSH Service (Port 22) Status:
SSH Service (Port 22): NOT REACHABLE
-------------------------------------

FTP Service Validation for Server IP: 172.25.30.8

FTP Service (Port 21): NOT REACHABLE
No FTP processes detected
-------------------------------------

CUPS Service Validation for Server IP: 172.25.30.8

CUPS Service (Port 631): NOT REACHABLE

Printer Configuration:
Total Printers Configured: 166
Printer Details:
printer AVERY_ADTP1EF_MPCL is idle.  enabled since Sat Oct 25 17:54:32 2025
printer AVERY_ADTP1EF_MPCL_LABEL2 is idle.  enabled since Sat Jul  6 12:00:44 2024
printer AVERY_ADTP1EF_MPCL_LABEL3 is idle.  enabled since Sat Jul  6 12:01:31 2024
printer AVERY_ADTP1EF_MPCL_LABEL4 is idle.  enabled since Sat Sep 21 05:07:40 2024
printer CSR_LP2 is idle.  enabled since Mon Oct  6 18:59:13 2025
printer HAZMAT_DUMMY_LABEL is idle.  enabled since Fri Dec 19 21:24:35 2025
printer HEM_LABEL_03 is idle.  enabled since Tue Jan 21 21:47:23 2025
printer HEM_LABEL_05 is idle.  enabled since Fri Nov 15 20:55:43 2024
printer HEM_LABEL_07 is idle.  enabled since Thu Sep 12 22:12:29 2024
printer HEM_LABEL_08 is idle.  enabled since Fri Sep 13 00:44:00 2024
printer HEM_LABEL_09 is idle.  enabled since Thu Sep 12 22:25:40 2024
printer HEM_LABEL_10 is idle.  enabled since Thu Sep 12 22:23:08 2024
printer HEM_LABEL_11 is idle.  enabled since Thu Sep 12 22:23:07 2024
printer HEM_LABEL_12 is idle.  enabled since Tue Nov 19 23:48:17 2024
printer HEM_LABEL_TB_01 is idle.  enabled since Fri Jan 10 19:38:18 2025
printer HEM_MRLABEL_01 is idle.  enabled since Fri Jan 17 22:31:31 2025
printer HEM_MRLABEL_02 is idle.  enabled since Wed Nov 13 20:34:04 2024
printer HEM_MRLABEL_03 is idle.  enabled since Fri Nov 15 21:08:15 2024
printer HEM_MRLABEL_04 is idle.  enabled since Tue Oct  1 20:22:15 2024
printer HEM_MRLABEL_05 is idle.  enabled since Fri Nov 15 20:56:43 2024
printer HEM_OVAS_02 is idle.  enabled since Fri Sep 13 00:57:34 2024
printer HEM_OVAS_03 is idle.  enabled since Thu Jan 16 05:57:01 2025
printer HEM_PKLABEL_01 is idle.  enabled since Mon Aug 25 19:35:58 2025
printer HEM_PKLABEL_02 is idle.  enabled since Tue May 27 19:49:07 2025
printer HEM_PKLABEL_03 is idle.  enabled since Mon Jan 13 20:45:24 2025
printer HEM_PKLABEL_04 is idle.  enabled since Thu Jul 18 10:24:23 2024
printer HEM_PKLABEL_05 is idle.  enabled since Fri Feb 28 22:31:58 2025
printer HEM_PKLABEL_06 is idle.  enabled since Mon Jan 13 21:12:55 2025
printer HEM_PKPAPER_01 is idle.  enabled since Mon Aug 25 19:36:01 2025
printer HEM_PKPAPER_02 is idle.  enabled since Wed Nov 20 19:29:48 2024
printer HEM_PKPAPER_03 is idle.  enabled since Thu Jul 18 10:21:49 2024
printer HEM_PKPAPER_04 is idle.  enabled since Thu Jul 18 10:24:58 2024
printer HEM_PKPAPER_05 is idle.  enabled since Mon Jan 13 21:15:06 2025
printer HEM_PKPAPER_06 is idle.  enabled since Thu Jul 18 10:33:16 2024
printer HEM_SLABEL_04 is idle.  enabled since Thu Jan 23 01:06:39 2025
printer HEM_UAT_LABEL_01 is idle.  enabled since Wed Oct  2 08:52:34 2024
printer HEM_UAT_PAPER_01 is idle.  enabled since Mon Dec  8 14:52:41 2025
printer HEM_UATLABEL_01 is idle.  enabled since Mon Jan 13 20:30:06 2025
printer HEM_UATLABEL_02 is idle.  enabled since Mon Oct 20 18:31:44 2025
printer HEM_UATPAPER_01 is idle.  enabled since Thu Oct  2 20:36:29 2025
printer HEM_UPAPER_01 is idle.  enabled since Tue Nov 18 17:47:41 2025
printer HEM_WHLABEL_01 is idle.  enabled since Fri Sep 13 00:30:20 2024
printer HEM_WHLABEL_02 is idle.  enabled since Thu Oct 30 21:12:30 2025
printer HEM_WVAS_01 is idle.  enabled since Thu Sep 12 23:33:53 2024
printer HEMI_LABEL_01 is idle.  enabled since Fri May 16 15:32:34 2025
printer HEMO_LABEL_01 is idle.  enabled since Tue Sep 16 21:25:19 2025
printer HLPACKLZ6 is idle.  enabled since Fri Dec  6 21:08:11 2024
printer HLPACKLZ7 is idle.  enabled since Thu Sep 12 23:06:54 2024
printer HLPACKPR1 is idle.  enabled since Thu Sep 12 23:18:44 2024
printer HLPACKPR2 is idle.  enabled since Thu Sep 12 23:04:52 2024
printer HLPACKPR5 is idle.  enabled since Thu Sep 12 23:05:13 2024
printer HLPR_01 is idle.  enabled since Thu Mar  6 19:10:13 2025
printer HLPR_02 is idle.  enabled since Tue Sep 16 21:49:58 2025
printer HLPR_04 is idle.  enabled since Thu Jan 16 18:14:31 2025
printer HMLP_MB01 is idle.  enabled since Fri Sep 13 00:02:24 2024
printer KSU_OFLABEL_01 is idle.  enabled since Mon Oct 21 21:29:12 2024
printer KSU_OFLABEL_02 is idle.  enabled since Fri Sep 13 19:59:33 2024
printer KSU_OFLABEL_03 is idle.  enabled since Mon Jul 15 12:08:53 2024
printer KSU_OFLABEL_04 is idle.  enabled since Mon Jul 15 12:09:18 2024
printer LABEL_WMS_UAT is idle.  enabled since Fri Nov 21 13:11:11 2025
printer LABEL_WMS_UAT_WIRE is idle.  enabled since Mon Sep  2 15:40:57 2024
printer LASER_WMS_UAT is idle.  enabled since Fri Jul 25 10:15:11 2025
printer ML_LABEL_02 is idle.  enabled since Fri Sep 13 20:10:06 2024
printer ML_LABEL_03 is idle.  enabled since Fri Sep 13 20:56:13 2024
printer ML_LABEL_04 is idle.  enabled since Mon Jul 15 12:15:22 2024
printer ML_LABEL_06 is idle.  enabled since Mon Jul 15 12:15:50 2024
printer ML_LABEL_07 is idle.  enabled since Mon Jul 15 12:16:14 2024
printer ML_LABEL_08 is idle.  enabled since Fri Sep 13 20:11:07 2024
printer ML_LABEL_09 is idle.  enabled since Tue Oct  8 23:24:23 2024
printer ML_LABEL_10 is idle.  enabled since Mon Jul 15 11:31:57 2024
printer ML_LABEL_11 is idle.  enabled since Tue Apr 15 22:44:11 2025
printer ML_LABEL_13 is idle.  enabled since Tue Jul 15 21:28:14 2025
printer ML_LABEL_14 is idle.  enabled since Tue Dec 30 21:25:59 2025
printer ML_LABEL_14_UNIV is idle.  enabled since Wed Dec 31 19:51:54 2025
printer ML_PKLABEL_02 is idle.  enabled since Fri Sep 13 22:18:16 2024
printer ML_PKLABEL_04 is idle.  enabled since Fri Sep 13 22:18:17 2024
printer ML_PKLABEL_05 is idle.  enabled since Fri Sep 13 22:18:18 2024
printer ML_PKLABEL_06 is idle.  enabled since Fri Sep 13 22:18:49 2024
printer ML_PKLABEL_07 is idle.  enabled since Fri Sep 13 22:20:52 2024
printer ML_PKLABEL_08 is idle.  enabled since Fri Sep 13 22:18:51 2024
printer ML_PKLABEL_09 is idle.  enabled since Mon Jul 15 11:38:12 2024
printer ML_PKLABEL_10 is idle.  enabled since Tue Oct  8 23:16:06 2024
printer ML_WHLABEL_12 is idle.  enabled since Fri Oct 11 15:19:40 2024
printer MLCOPY_17 is idle.  enabled since Fri Sep 13 19:56:50 2024
printer MLPR_03_COLOR is idle.  enabled since Fri Sep 13 17:32:48 2024
printer MLPR_05 is idle.  enabled since Mon Jul 15 11:39:37 2024
printer MLPR_13 is idle.  enabled since Fri Sep 13 22:11:04 2024
printer MLPR_14 is idle.  enabled since Mon Dec 15 22:23:05 2025
printer MLPR_15 is idle.  enabled since Fri Sep 13 21:30:23 2024
printer MLPR_16 is idle.  enabled since Mon Jul 15 12:07:26 2024
printer MLPR_18 is idle.  enabled since Wed Oct  8 16:03:04 2025
printer MLPR_19 is idle.  enabled since Mon Jul 15 11:42:03 2024
printer MLPR_20 is idle.  enabled since Wed May  7 17:40:47 2025
printer MUNI_PKLABEL_01 is idle.  enabled since Fri Sep 13 19:16:40 2024
printer MUNI_PKLABEL_02 is idle.  enabled since Fri Sep 13 19:16:47 2024
printer MUNI_PKPAPER_01 is idle.  enabled since Fri Sep 13 19:15:07 2024
printer MUNI_PKPAPER_02 is idle.  enabled since Fri Sep 13 19:15:35 2024
printer NUNI_PKLABEL_01 is idle.  enabled since Tue Dec 24 10:50:21 2024
printer NUNI_PKLABEL_02 is idle.  enabled since Thu Jul 18 11:11:56 2024
printer NUNI_PKLABEL_03 is idle.  enabled since Tue Dec 23 22:15:03 2025
printer NUNI_PKLABEL_04 is idle.  enabled since Wed Nov 20 15:48:04 2024
printer NUNI_PKLABEL_05 is idle.  enabled since Thu Jul 18 11:17:50 2024
printer NUNI_PKLABEL_06 is idle.  enabled since Thu May 15 17:54:02 2025
printer NUNI_PKPAPER_01 is idle.  enabled since Thu Jul 18 11:11:15 2024
printer NUNI_PKPAPER_02 is idle.  enabled since Mon Oct 21 20:31:35 2024
printer NUNI_PKPAPER_03 is idle.  enabled since Mon Oct 21 20:30:44 2024
printer NUNI_PKPAPER_04 is idle.  enabled since Thu Jul 18 11:17:09 2024
printer NUNI_PKPAPER_05 is idle.  enabled since Mon Oct 21 21:04:18 2024
printer NUNI_PKPAPER_06 is idle.  enabled since Thu Jul 18 11:19:37 2024
printer OFFICE_LPFO_02 is idle.  enabled since Mon Jul 15 12:00:26 2024
printer OFFICE_LPFO_08 is idle.  enabled since Thu Sep 12 22:06:57 2024
printer OFFICE_LPFO_10 is idle.  enabled since Fri Sep 13 03:43:59 2024
printer PACK_LPFO_01 is idle.  enabled since Thu Sep 12 23:01:10 2024
printer PACK_LPFO_02 is idle.  enabled since Thu Sep 12 23:01:11 2024
printer PACK_LPFO_03 is idle.  enabled since Fri Dec 13 22:25:12 2024
printer PACK_LPFO_04 is idle.  enabled since Thu Sep 12 23:01:13 2024
printer PACK_LPFO_05 is idle.  enabled since Thu Sep 12 23:01:45 2024
printer PACK_LPFO_06 is idle.  enabled since Wed Aug 20 12:32:05 2025
printer PACK_LPFO_07 is idle.  enabled since Fri Dec  6 20:25:17 2024
printer PACK_LZ4 is idle.  enabled since Thu Sep 12 23:06:14 2024
printer PACK_LZHP_03 is idle.  enabled since Thu Sep 12 23:05:53 2024
printer PACKSTATIONLZ2 is idle.  enabled since Fri Sep 13 22:25:55 2024
printer PACKSTATIONLZ4 is idle.  enabled since Mon Oct 21 20:31:32 2024
printer PACKSTATIONLZ5 is idle.  enabled since Mon Jul 15 11:44:13 2024
printer PACKSTATIONLZ6 is idle.  enabled since Mon Jul 15 11:44:34 2024
printer PACKSTATIONLZ7 is idle.  enabled since Mon Jul 15 11:44:54 2024
printer PACKSTATIONLZ8 is idle.  enabled since Fri Sep 13 22:26:02 2024
printer SOLUTION_PRINTER is idle.  enabled since Mon Jun 16 18:03:54 2025
printer SOLUTION_PRINTER_UNI is idle.  enabled since Mon Aug  4 15:55:00 2025
printer SUNI_CLABEL_01 is idle.  enabled since Tue May  6 20:23:51 2025
printer SUNI_PKLABEL_01 is idle.  enabled since Fri Sep 13 21:05:38 2024
printer SUNI_PKLABEL_02 is idle.  enabled since Fri Sep 13 21:14:44 2024
printer SUNI_PKLABEL_03 is idle.  enabled since Fri Sep 13 21:06:20 2024
printer SUNI_PKLABEL_04 is idle.  enabled since Fri Sep 13 21:06:39 2024
printer SUNI_PKLABEL_05 is idle.  enabled since Fri Sep 13 21:14:52 2024
printer SUNI_PKLABEL_06 is idle.  enabled since Fri Sep 13 21:06:44 2024
printer SUNI_PKLABEL_07 is idle.  enabled since Fri Sep 13 21:18:41 2024
printer SUNI_PKLABEL_08 is idle.  enabled since Mon Sep 30 20:32:28 2024
printer SUNI_PKPAPER_01 is idle.  enabled since Fri Sep 13 21:31:59 2024
printer SUNI_PKPAPER_02 is idle.  enabled since Mon Oct 21 21:10:49 2024
printer SUNI_PKPAPER_03 is idle.  enabled since Fri Sep 13 21:32:23 2024
printer SUNI_PKPAPER_04 is idle.  enabled since Fri Sep 13 21:32:50 2024
printer SUNI_PKPAPER_05 is idle.  enabled since Fri Sep 13 21:33:10 2024
printer SUNI_PKPAPER_06 is idle.  enabled since Fri Sep 13 21:33:47 2024
printer SUNI_PKPAPER_07 is idle.  enabled since Fri Sep 13 21:33:57 2024
printer SUNI_PKPAPER_08 is idle.  enabled since Fri Sep 13 21:34:27 2024
printer SUNI_TBLABEL_01 is idle.  enabled since Wed Sep 18 23:01:05 2024
printer SUNI_TBLABEL_02 is idle.  enabled since Wed Sep 18 23:01:05 2024
printer SUNI_TBLABEL_03 is idle.  enabled since Wed Sep 18 23:17:07 2024
printer SUNID_LABEL_01 is idle.  enabled since Fri Sep 13 19:49:17 2024
printer TOSHIBA_RPT_PRINTER1 is idle.  enabled since Sat Jul  6 12:03:34 2024
printer TOSHIBA_RPT_PRINTER2 is idle.  enabled since Sat Jul  6 12:04:17 2024
printer TOSHIBA_RPT_PRINTER3 is idle.  enabled since Sat Jul  6 12:04:49 2024
printer TOSHIBA_RPT_PRINTER4 is idle.  enabled since Sat Jul  6 12:05:26 2024
printer UAT_DUMMY is idle.  enabled since Thu Dec 25 01:40:32 2025
printer UNI_UATLABEL_01 is idle.  enabled since Fri Dec 19 20:32:20 2025
printer UNI_UATPAPER_01 is idle.  enabled since Wed Dec 31 15:00:33 2025
printer UNIV_MBLABEL_02 is idle.  enabled since Wed May 21 02:42:57 2025
printer UNIV_MBLABEL_021 is idle.  enabled since Wed Oct 23 21:26:49 2024
printer UNIV_PKLABEL_01 is idle.  enabled since Mon Feb 24 17:00:30 2025
printer UNIV_PKLABEL_02 is idle.  enabled since Thu Dec 12 22:38:53 2024
printer UNIV_PKPAPER_01 is idle.  enabled since Wed Oct  1 23:53:11 2025
printer UNIV_PKPAPER_02 is idle.  enabled since Tue Nov 18 17:52:26 2025
printer WMS_TEST_LABEL is idle.  enabled since Thu Jul 25 15:24:51 2024
printer WMS_UAT_LABEL is idle.  enabled since Tue Jul 30 14:28:43 2024
printer YOHANA is idle.  enabled since Thu Sep 12 21:05:20 2024
-------------------------------------
CUPS Service (Port 631): NOT REACHABLE on 172.25.30.8
-------------------------------------

Total number of Java process running on this host 172.25.30.8 is 52
Total number of Daemon / Batch (java) application process available is 45

Daemon Process id and name details are given below
Process ID: 1496654, Process Name: 13:19
Process ID: 1496215, Process Name: 8:26
Process ID: 1466586, Process Name: 7:45
Process ID: 1466984, Process Name: 9:02
Process ID: 1468443, Process Name: 8:01
Process ID: 1467647, Process Name: 7:34
Process ID: 1467872, Process Name: 8:48
Process ID: 1468330, Process Name: 6:06
Process ID: 1467711, Process Name: 6:15
Process ID: 1468130, Process Name: 8:32
Process ID: 1467784, Process Name: 8:56
Process ID: 1467954, Process Name: 6:34
Process ID: 1468043, Process Name: 8:23
Process ID: 1468711, Process Name: 8:05
Process ID: 1468641, Process Name: 7:40
Process ID: 1468869, Process Name: 6:26
Process ID: 1469049, Process Name: 8:49
Process ID: 1469637, Process Name: 6:09
Process ID: 1468785, Process Name: 6:12
Process ID: 1469353, Process Name: 8:33
Process ID: 1468949, Process Name: 8:53
Process ID: 1469137, Process Name: 6:33
Process ID: 1469251, Process Name: 8:33
Process ID: 1492938, Process Name: 8:04
Process ID: 1493041, Process Name: 7:43
Process ID: 1493317, Process Name: 8:47
Process ID: 1493102, Process Name: 6:03
Process ID: 1493175, Process Name: 6:10
Process ID: 1493390, Process Name: 8:34
Process ID: 1493250, Process Name: 8:54
Process ID: 1493463, Process Name: 6:13
Process ID: 1493544, Process Name: 8:16
Process ID: 1467459, Process Name: 8:16
Process ID: 2741, Process Name: 61:37
Process ID: 1467378, Process Name: 8:25
Process ID: 1467303, Process Name: 7:55
Process ID: 1467548, Process Name: 6:21
Process ID: 1466644, Process Name: 7:01
Process ID: 1466705, Process Name: 6:32
Process ID: 1466766, Process Name: 59:07
Process ID: 1467135, Process Name: 61:57
Process ID: 1466841, Process Name: 6:10
Process ID: 1466914, Process Name: 9:41
Process ID: 1467056, Process Name: 51:10
Process ID: 1467216, Process Name: 6:20
-------------------------------------

-------------------------------------
Total number of App process running on this host 172.25.30.8
Total number of App java process available is 5
-------------------------------------
App Process details:
Process ID: 7178, Process Name: 292:30
Process ID: 7804, Process Name: 303:54
Process ID: 8776, Process Name: 475:54
Process ID: 690206, Process Name: actwmsuat_jb740
Process ID: 1480086, Process Name: 49:43
-------------------------------------

Web Application Port Validation for Server IP: 172.25.30.8
Port 8080:	actwmsuat_jb	Running
Port 8081:	actwmsrfuat	Running
Port 8082:	actwmsrfuat	Not Running
Port 8083:	actswpuat_jb8p	Running
Port 8084:	actapi_jb80eap	Running
-------------------------------------

==============================================================================
Server Availability Check Completed at Thu Jan  1 06:09:18 UTC 2026
==============================================================================


2026-01-01 01:09:41,128 - 15976 - ERROR - app_validation.sh errors for i-047fbd4a2a96ec8f3:

2026-01-01 01:09:41,131 - 15976 - INFO - Before patching validation saved to: output/validation-2026-01-01/172.25.30.8-BeforePatching-2026-01-01-01-09-41-130.log
2026-01-01 01:09:41,131 - 15976 - INFO - Deregistering i-047fbd4a2a96ec8f3 from TG arn:aws:elasticloadbalancing:us-west-2:835314132208:targetgroup/ACT-UAT-API/2485de07e854ae13
2026-01-01 01:09:41,446 - 15976 - INFO - Deregistering i-047fbd4a2a96ec8f3 from TG arn:aws:elasticloadbalancing:us-west-2:835314132208:targetgroup/ACT-UAT-Config/1595ab19e5994ffe
2026-01-01 01:09:41,554 - 15976 - INFO - Deregistering i-047fbd4a2a96ec8f3 from TG arn:aws:elasticloadbalancing:us-west-2:835314132208:targetgroup/ACT-UAT-Desktop/6648735ce5e8b61c
2026-01-01 01:09:41,663 - 15976 - INFO - Deregistering i-047fbd4a2a96ec8f3 from TG arn:aws:elasticloadbalancing:us-west-2:835314132208:targetgroup/ACT-UAT-Portal/7dc15e811358a2b2
2026-01-01 01:09:41,776 - 15976 - INFO - Deregistering i-047fbd4a2a96ec8f3 from TG arn:aws:elasticloadbalancing:us-west-2:835314132208:targetgroup/ACT-UAT-RF/0a6864564131e339
2026-01-01 01:09:41,884 - 15976 - INFO - Stopping EC2 instance: i-047fbd4a2a96ec8f3 at 2026-01-01 01:09:41
2026-01-01 01:11:28,875 - 15976 - INFO - Instance i-047fbd4a2a96ec8f3 stopped successfully.
2026-01-01 01:11:29,026 - 15976 - INFO - Stopped i-047fbd4a2a96ec8f3 in 0:01:47.141169
2026-01-01 01:11:29,026 - 15976 - INFO - Starting EC2 instance: i-047fbd4a2a96ec8f3
2026-01-01 01:11:45,138 - 15976 - INFO - Instance i-047fbd4a2a96ec8f3 started successfully.
2026-01-01 01:11:45,139 - 15976 - INFO - Waiting 30 seconds for SSM agent to be ready on i-047fbd4a2a96ec8f3...
2026-01-01 01:12:15,151 - 15976 - INFO - Registering i-047fbd4a2a96ec8f3 to TG arn:aws:elasticloadbalancing:us-west-2:835314132208:targetgroup/ACT-UAT-API/2485de07e854ae13
2026-01-01 01:12:15,567 - 15976 - INFO - Registering i-047fbd4a2a96ec8f3 to TG arn:aws:elasticloadbalancing:us-west-2:835314132208:targetgroup/ACT-UAT-Config/1595ab19e5994ffe
2026-01-01 01:12:15,754 - 15976 - INFO - Registering i-047fbd4a2a96ec8f3 to TG arn:aws:elasticloadbalancing:us-west-2:835314132208:targetgroup/ACT-UAT-Desktop/6648735ce5e8b61c
2026-01-01 01:12:15,959 - 15976 - INFO - Registering i-047fbd4a2a96ec8f3 to TG arn:aws:elasticloadbalancing:us-west-2:835314132208:targetgroup/ACT-UAT-Portal/7dc15e811358a2b2
2026-01-01 01:12:16,161 - 15976 - INFO - Registering i-047fbd4a2a96ec8f3 to TG arn:aws:elasticloadbalancing:us-west-2:835314132208:targetgroup/ACT-UAT-RF/0a6864564131e339
2026-01-01 01:17:18,718 - 15976 - INFO - Sent app_validation.sh to i-047fbd4a2a96ec8f3 (command_id: 033a508f-fc94-46cd-830a-1e9680bf78cd)
2026-01-01 01:17:48,967 - 15976 - INFO - app_validation.sh output for i-047fbd4a2a96ec8f3:

==============================================================================
Server Availability Check Started at Thu Jan  1 06:17:18 UTC 2026
==============================================================================

-------------------------------------
Server IP : 172.25.30.8
-------------------------------------
System Information
------------------
Hostname: ip-172-25-30-8.us-west-2.compute.internal
Uptime: up 5 minutes
Current User: root
Working Directory: /usr/bin
-------------------------------------
Voice Console URL: http://172.25.30.8:9090/VoiceConsole
-------------------------------------

-------------------------------------
Server IP : 172.25.30.8
-------------------------------------
Physical Memory Information
---------------------------
Total Physical Memory = 31391 MB
Used Physical Memory  = 17142 MB
Free Physical Memory  = 14249 MB
-------------------------------------
Swap Memory Information
-----------------------
Total Swap Memory = 10239 MB
Used Swap Memory  = 0 MB
Free Swap Memory  = 10239 MB
-------------------------------------
Load Average: 6.34 23.97 13.71 7/1963 11202
-------------------------------------

Disk Usage Information
----------------------
Filesystem             Size  Used Avail Use% Mounted on
/dev/nvme0n1p1          20G  4.8G   16G  24% /
/dev/nvme0n1p128        10M  1.3M  8.7M  13% /boot/efi
/dev/mapper/vg01-lv02  240G  171G   70G  72% /data
devtmpfs               4.0M     0  4.0M   0% /dev
tmpfs                   16G     0   16G   0% /dev/shm
tmpfs                  6.2G  8.9M  6.2G   1% /run
tmpfs                  3.1G     0  3.1G   0% /run/user/2001
tmpfs                  3.1G     0  3.1G   0% /run/user/992
tmpfs                   16G   65M   16G   1% /tmp
-------------------------------------

Application Port Validation for Server IP: 172.25.30.8 started on Thu Jan  1 06:17:19 UTC 2026

Server IP: 172.25.30.8 is reachable.

SSH Service (Port 22) Status:
SSH Service (Port 22): NOT REACHABLE
-------------------------------------

FTP Service Validation for Server IP: 172.25.30.8

FTP Service (Port 21): NOT REACHABLE
No FTP processes detected
-------------------------------------

CUPS Service Validation for Server IP: 172.25.30.8

CUPS Service (Port 631): NOT REACHABLE

Printer Configuration:
Total Printers Configured: 166
Printer Details:
printer AVERY_ADTP1EF_MPCL is idle.  enabled since Sat Oct 25 17:54:32 2025
printer AVERY_ADTP1EF_MPCL_LABEL2 is idle.  enabled since Sat Jul  6 12:00:44 2024
printer AVERY_ADTP1EF_MPCL_LABEL3 is idle.  enabled since Sat Jul  6 12:01:31 2024
printer AVERY_ADTP1EF_MPCL_LABEL4 is idle.  enabled since Sat Sep 21 05:07:40 2024
printer CSR_LP2 is idle.  enabled since Mon Oct  6 18:59:13 2025
printer HAZMAT_DUMMY_LABEL is idle.  enabled since Fri Dec 19 21:24:35 2025
printer HEM_LABEL_03 is idle.  enabled since Tue Jan 21 21:47:23 2025
printer HEM_LABEL_05 is idle.  enabled since Fri Nov 15 20:55:43 2024
printer HEM_LABEL_07 is idle.  enabled since Thu Sep 12 22:12:29 2024
printer HEM_LABEL_08 is idle.  enabled since Fri Sep 13 00:44:00 2024
printer HEM_LABEL_09 is idle.  enabled since Thu Sep 12 22:25:40 2024
printer HEM_LABEL_10 is idle.  enabled since Thu Sep 12 22:23:08 2024
printer HEM_LABEL_11 is idle.  enabled since Thu Sep 12 22:23:07 2024
printer HEM_LABEL_12 is idle.  enabled since Tue Nov 19 23:48:17 2024
printer HEM_LABEL_TB_01 is idle.  enabled since Fri Jan 10 19:38:18 2025
printer HEM_MRLABEL_01 is idle.  enabled since Fri Jan 17 22:31:31 2025
printer HEM_MRLABEL_02 is idle.  enabled since Wed Nov 13 20:34:04 2024
printer HEM_MRLABEL_03 is idle.  enabled since Fri Nov 15 21:08:15 2024
printer HEM_MRLABEL_04 is idle.  enabled since Tue Oct  1 20:22:15 2024
printer HEM_MRLABEL_05 is idle.  enabled since Fri Nov 15 20:56:43 2024
printer HEM_OVAS_02 is idle.  enabled since Fri Sep 13 00:57:34 2024
printer HEM_OVAS_03 is idle.  enabled since Thu Jan 16 05:57:01 2025
printer HEM_PKLABEL_01 is idle.  enabled since Mon Aug 25 19:35:58 2025
printer HEM_PKLABEL_02 is idle.  enabled since Tue May 27 19:49:07 2025
printer HEM_PKLABEL_03 is idle.  enabled since Mon Jan 13 20:45:24 2025
printer HEM_PKLABEL_04 is idle.  enabled since Thu Jul 18 10:24:23 2024
printer HEM_PKLABEL_05 is idle.  enabled since Fri Feb 28 22:31:58 2025
printer HEM_PKLABEL_06 is idle.  enabled since Mon Jan 13 21:12:55 2025
printer HEM_PKPAPER_01 is idle.  enabled since Mon Aug 25 19:36:01 2025
printer HEM_PKPAPER_02 is idle.  enabled since Wed Nov 20 19:29:48 2024
printer HEM_PKPAPER_03 is idle.  enabled since Thu Jul 18 10:21:49 2024
printer HEM_PKPAPER_04 is idle.  enabled since Thu Jul 18 10:24:58 2024
printer HEM_PKPAPER_05 is idle.  enabled since Mon Jan 13 21:15:06 2025
printer HEM_PKPAPER_06 is idle.  enabled since Thu Jul 18 10:33:16 2024
printer HEM_SLABEL_04 is idle.  enabled since Thu Jan 23 01:06:39 2025
printer HEM_UAT_LABEL_01 is idle.  enabled since Wed Oct  2 08:52:34 2024
printer HEM_UAT_PAPER_01 is idle.  enabled since Mon Dec  8 14:52:41 2025
printer HEM_UATLABEL_01 is idle.  enabled since Mon Jan 13 20:30:06 2025
printer HEM_UATLABEL_02 is idle.  enabled since Mon Oct 20 18:31:44 2025
printer HEM_UATPAPER_01 is idle.  enabled since Thu Oct  2 20:36:29 2025
printer HEM_UPAPER_01 is idle.  enabled since Tue Nov 18 17:47:41 2025
printer HEM_WHLABEL_01 is idle.  enabled since Fri Sep 13 00:30:20 2024
printer HEM_WHLABEL_02 is idle.  enabled since Thu Oct 30 21:12:30 2025
printer HEM_WVAS_01 is idle.  enabled since Thu Sep 12 23:33:53 2024
printer HEMI_LABEL_01 is idle.  enabled since Fri May 16 15:32:34 2025
printer HEMO_LABEL_01 is idle.  enabled since Tue Sep 16 21:25:19 2025
printer HLPACKLZ6 is idle.  enabled since Fri Dec  6 21:08:11 2024
printer HLPACKLZ7 is idle.  enabled since Thu Sep 12 23:06:54 2024
printer HLPACKPR1 is idle.  enabled since Thu Sep 12 23:18:44 2024
printer HLPACKPR2 is idle.  enabled since Thu Sep 12 23:04:52 2024
printer HLPACKPR5 is idle.  enabled since Thu Sep 12 23:05:13 2024
printer HLPR_01 is idle.  enabled since Thu Mar  6 19:10:13 2025
printer HLPR_02 is idle.  enabled since Tue Sep 16 21:49:58 2025
printer HLPR_04 is idle.  enabled since Thu Jan 16 18:14:31 2025
printer HMLP_MB01 is idle.  enabled since Fri Sep 13 00:02:24 2024
printer KSU_OFLABEL_01 is idle.  enabled since Mon Oct 21 21:29:12 2024
printer KSU_OFLABEL_02 is idle.  enabled since Fri Sep 13 19:59:33 2024
printer KSU_OFLABEL_03 is idle.  enabled since Mon Jul 15 12:08:53 2024
printer KSU_OFLABEL_04 is idle.  enabled since Mon Jul 15 12:09:18 2024
printer LABEL_WMS_UAT is idle.  enabled since Fri Nov 21 13:11:11 2025
printer LABEL_WMS_UAT_WIRE is idle.  enabled since Mon Sep  2 15:40:57 2024
printer LASER_WMS_UAT is idle.  enabled since Fri Jul 25 10:15:11 2025
printer ML_LABEL_02 is idle.  enabled since Fri Sep 13 20:10:06 2024
printer ML_LABEL_03 is idle.  enabled since Fri Sep 13 20:56:13 2024
printer ML_LABEL_04 is idle.  enabled since Mon Jul 15 12:15:22 2024
printer ML_LABEL_06 is idle.  enabled since Mon Jul 15 12:15:50 2024
printer ML_LABEL_07 is idle.  enabled since Mon Jul 15 12:16:14 2024
printer ML_LABEL_08 is idle.  enabled since Fri Sep 13 20:11:07 2024
printer ML_LABEL_09 is idle.  enabled since Tue Oct  8 23:24:23 2024
printer ML_LABEL_10 is idle.  enabled since Mon Jul 15 11:31:57 2024
printer ML_LABEL_11 is idle.  enabled since Tue Apr 15 22:44:11 2025
printer ML_LABEL_13 is idle.  enabled since Tue Jul 15 21:28:14 2025
printer ML_LABEL_14 is idle.  enabled since Tue Dec 30 21:25:59 2025
printer ML_LABEL_14_UNIV is idle.  enabled since Wed Dec 31 19:51:54 2025
printer ML_PKLABEL_02 is idle.  enabled since Fri Sep 13 22:18:16 2024
printer ML_PKLABEL_04 is idle.  enabled since Fri Sep 13 22:18:17 2024
printer ML_PKLABEL_05 is idle.  enabled since Fri Sep 13 22:18:18 2024
printer ML_PKLABEL_06 is idle.  enabled since Fri Sep 13 22:18:49 2024
printer ML_PKLABEL_07 is idle.  enabled since Fri Sep 13 22:20:52 2024
printer ML_PKLABEL_08 is idle.  enabled since Fri Sep 13 22:18:51 2024
printer ML_PKLABEL_09 is idle.  enabled since Mon Jul 15 11:38:12 2024
printer ML_PKLABEL_10 is idle.  enabled since Tue Oct  8 23:16:06 2024
printer ML_WHLABEL_12 is idle.  enabled since Fri Oct 11 15:19:40 2024
printer MLCOPY_17 is idle.  enabled since Fri Sep 13 19:56:50 2024
printer MLPR_03_COLOR is idle.  enabled since Fri Sep 13 17:32:48 2024
printer MLPR_05 is idle.  enabled since Mon Jul 15 11:39:37 2024
printer MLPR_13 is idle.  enabled since Fri Sep 13 22:11:04 2024
printer MLPR_14 is idle.  enabled since Mon Dec 15 22:23:05 2025
printer MLPR_15 is idle.  enabled since Fri Sep 13 21:30:23 2024
printer MLPR_16 is idle.  enabled since Mon Jul 15 12:07:26 2024
printer MLPR_18 is idle.  enabled since Wed Oct  8 16:03:04 2025
printer MLPR_19 is idle.  enabled since Mon Jul 15 11:42:03 2024
printer MLPR_20 is idle.  enabled since Wed May  7 17:40:47 2025
printer MUNI_PKLABEL_01 is idle.  enabled since Fri Sep 13 19:16:40 2024
printer MUNI_PKLABEL_02 is idle.  enabled since Fri Sep 13 19:16:47 2024
printer MUNI_PKPAPER_01 is idle.  enabled since Fri Sep 13 19:15:07 2024
printer MUNI_PKPAPER_02 is idle.  enabled since Fri Sep 13 19:15:35 2024
printer NUNI_PKLABEL_01 is idle.  enabled since Tue Dec 24 10:50:21 2024
printer NUNI_PKLABEL_02 is idle.  enabled since Thu Jul 18 11:11:56 2024
printer NUNI_PKLABEL_03 is idle.  enabled since Tue Dec 23 22:15:03 2025
printer NUNI_PKLABEL_04 is idle.  enabled since Wed Nov 20 15:48:04 2024
printer NUNI_PKLABEL_05 is idle.  enabled since Thu Jul 18 11:17:50 2024
printer NUNI_PKLABEL_06 is idle.  enabled since Thu May 15 17:54:02 2025
printer NUNI_PKPAPER_01 is idle.  enabled since Thu Jul 18 11:11:15 2024
printer NUNI_PKPAPER_02 is idle.  enabled since Mon Oct 21 20:31:35 2024
printer NUNI_PKPAPER_03 is idle.  enabled since Mon Oct 21 20:30:44 2024
printer NUNI_PKPAPER_04 is idle.  enabled since Thu Jul 18 11:17:09 2024
printer NUNI_PKPAPER_05 is idle.  enabled since Mon Oct 21 21:04:18 2024
printer NUNI_PKPAPER_06 is idle.  enabled since Thu Jul 18 11:19:37 2024
printer OFFICE_LPFO_02 is idle.  enabled since Mon Jul 15 12:00:26 2024
printer OFFICE_LPFO_08 is idle.  enabled since Thu Sep 12 22:06:57 2024
printer OFFICE_LPFO_10 is idle.  enabled since Fri Sep 13 03:43:59 2024
printer PACK_LPFO_01 is idle.  enabled since Thu Sep 12 23:01:10 2024
printer PACK_LPFO_02 is idle.  enabled since Thu Sep 12 23:01:11 2024
printer PACK_LPFO_03 is idle.  enabled since Fri Dec 13 22:25:12 2024
printer PACK_LPFO_04 is idle.  enabled since Thu Sep 12 23:01:13 2024
printer PACK_LPFO_05 is idle.  enabled since Thu Sep 12 23:01:45 2024
printer PACK_LPFO_06 is idle.  enabled since Wed Aug 20 12:32:05 2025
printer PACK_LPFO_07 is idle.  enabled since Fri Dec  6 20:25:17 2024
printer PACK_LZ4 is idle.  enabled since Thu Sep 12 23:06:14 2024
printer PACK_LZHP_03 is idle.  enabled since Thu Sep 12 23:05:53 2024
printer PACKSTATIONLZ2 is idle.  enabled since Fri Sep 13 22:25:55 2024
printer PACKSTATIONLZ4 is idle.  enabled since Mon Oct 21 20:31:32 2024
printer PACKSTATIONLZ5 is idle.  enabled since Mon Jul 15 11:44:13 2024
printer PACKSTATIONLZ6 is idle.  enabled since Mon Jul 15 11:44:34 2024
printer PACKSTATIONLZ7 is idle.  enabled since Mon Jul 15 11:44:54 2024
printer PACKSTATIONLZ8 is idle.  enabled since Fri Sep 13 22:26:02 2024
printer SOLUTION_PRINTER is idle.  enabled since Mon Jun 16 18:03:54 2025
printer SOLUTION_PRINTER_UNI is idle.  enabled since Mon Aug  4 15:55:00 2025
printer SUNI_CLABEL_01 is idle.  enabled since Tue May  6 20:23:51 2025
printer SUNI_PKLABEL_01 is idle.  enabled since Fri Sep 13 21:05:38 2024
printer SUNI_PKLABEL_02 is idle.  enabled since Fri Sep 13 21:14:44 2024
printer SUNI_PKLABEL_03 is idle.  enabled since Fri Sep 13 21:06:20 2024
printer SUNI_PKLABEL_04 is idle.  enabled since Fri Sep 13 21:06:39 2024
printer SUNI_PKLABEL_05 is idle.  enabled since Fri Sep 13 21:14:52 2024
printer SUNI_PKLABEL_06 is idle.  enabled since Fri Sep 13 21:06:44 2024
printer SUNI_PKLABEL_07 is idle.  enabled since Fri Sep 13 21:18:41 2024
printer SUNI_PKLABEL_08 is idle.  enabled since Mon Sep 30 20:32:28 2024
printer SUNI_PKPAPER_01 is idle.  enabled since Fri Sep 13 21:31:59 2024
printer SUNI_PKPAPER_02 is idle.  enabled since Mon Oct 21 21:10:49 2024
printer SUNI_PKPAPER_03 is idle.  enabled since Fri Sep 13 21:32:23 2024
printer SUNI_PKPAPER_04 is idle.  enabled since Fri Sep 13 21:32:50 2024
printer SUNI_PKPAPER_05 is idle.  enabled since Fri Sep 13 21:33:10 2024
printer SUNI_PKPAPER_06 is idle.  enabled since Fri Sep 13 21:33:47 2024
printer SUNI_PKPAPER_07 is idle.  enabled since Fri Sep 13 21:33:57 2024
printer SUNI_PKPAPER_08 is idle.  enabled since Fri Sep 13 21:34:27 2024
printer SUNI_TBLABEL_01 is idle.  enabled since Wed Sep 18 23:01:05 2024
printer SUNI_TBLABEL_02 is idle.  enabled since Wed Sep 18 23:01:05 2024
printer SUNI_TBLABEL_03 is idle.  enabled since Wed Sep 18 23:17:07 2024
printer SUNID_LABEL_01 is idle.  enabled since Fri Sep 13 19:49:17 2024
printer TOSHIBA_RPT_PRINTER1 is idle.  enabled since Sat Jul  6 12:03:34 2024
printer TOSHIBA_RPT_PRINTER2 is idle.  enabled since Sat Jul  6 12:04:17 2024
printer TOSHIBA_RPT_PRINTER3 is idle.  enabled since Sat Jul  6 12:04:49 2024
printer TOSHIBA_RPT_PRINTER4 is idle.  enabled since Sat Jul  6 12:05:26 2024
printer UAT_DUMMY is idle.  enabled since Thu Dec 25 01:40:32 2025
printer UNI_UATLABEL_01 is idle.  enabled since Fri Dec 19 20:32:20 2025
printer UNI_UATPAPER_01 is idle.  enabled since Wed Dec 31 15:00:33 2025
printer UNIV_MBLABEL_02 is idle.  enabled since Wed May 21 02:42:57 2025
printer UNIV_MBLABEL_021 is idle.  enabled since Wed Oct 23 21:26:49 2024
printer UNIV_PKLABEL_01 is idle.  enabled since Mon Feb 24 17:00:30 2025
printer UNIV_PKLABEL_02 is idle.  enabled since Thu Dec 12 22:38:53 2024
printer UNIV_PKPAPER_01 is idle.  enabled since Wed Oct  1 23:53:11 2025
printer UNIV_PKPAPER_02 is idle.  enabled since Tue Nov 18 17:52:26 2025
printer WMS_TEST_LABEL is idle.  enabled since Thu Jul 25 15:24:51 2024
printer WMS_UAT_LABEL is idle.  enabled since Tue Jul 30 14:28:43 2024
printer YOHANA is idle.  enabled since Thu Sep 12 21:05:20 2024
-------------------------------------
CUPS Service (Port 631): NOT REACHABLE on 172.25.30.8
-------------------------------------

Total number of Java process running on this host 172.25.30.8 is 41
Total number of Daemon / Batch (java) application process available is 34

Daemon Process id and name details are given below
Process ID: 3074, Process Name: 0:08
Process ID: 2723, Process Name: 0:08
Process ID: 2757, Process Name: 0:07
Process ID: 4275, Process Name: 0:08
Process ID: 4800, Process Name: 0:08
Process ID: 2699, Process Name: 0:07
Process ID: 3421, Process Name: 0:08
Process ID: 3114, Process Name: 0:07
Process ID: 4141, Process Name: 0:08
Process ID: 3252, Process Name: 0:08
Process ID: 3632, Process Name: 0:07
Process ID: 3903, Process Name: 0:08
Process ID: 3046, Process Name: 0:08
Process ID: 2692, Process Name: 0:08
Process ID: 3451, Process Name: 0:07
Process ID: 3975, Process Name: 0:08
Process ID: 3248, Process Name: 0:07
Process ID: 4695, Process Name: 0:07
Process ID: 3680, Process Name: 0:07
Process ID: 4240, Process Name: 0:07
Process ID: 4490, Process Name: 0:08
Process ID: 5459, Process Name: 0:09
Process ID: 2765, Process Name: 0:03
Process ID: 5325, Process Name: 0:25
Process ID: 5144, Process Name: 0:07
Process ID: 5552, Process Name: 0:07
Process ID: 3056, Process Name: 0:07
Process ID: 3273, Process Name: 0:07
Process ID: 3443, Process Name: 0:17
Process ID: 4807, Process Name: 0:30
Process ID: 3753, Process Name: 0:07
Process ID: 3994, Process Name: 0:07
Process ID: 4552, Process Name: 0:21
Process ID: 4973, Process Name: 0:07
-------------------------------------

-------------------------------------
Total number of App process running on this host 172.25.30.8
Total number of App java process available is 5
-------------------------------------
App Process details:
Process ID: 7131, Process Name: 1:22
Process ID: 8111, Process Name: 1:47
Process ID: 8261, Process Name: 1:11
Process ID: 9020, Process Name: 1:48
Process ID: 9100, Process Name: 1:56
-------------------------------------

Web Application Port Validation for Server IP: 172.25.30.8
Port 8080:	actwmsuat_jb74	Running
Port 8081:	actwmsrfuat_jb	Running
Port 8082:	actwmsrfuat_jb	Not Running
Port 8083:	actswpuat_jb8p	Running
Port 8084:	actapi_jb80eap	Running
-------------------------------------

==============================================================================
Server Availability Check Completed at Thu Jan  1 06:17:26 UTC 2026
==============================================================================


2026-01-01 01:17:48,967 - 15976 - ERROR - app_validation.sh errors for i-047fbd4a2a96ec8f3:

2026-01-01 01:17:48,969 - 15976 - INFO - After patching validation saved to: output/validation-2026-01-01/172.25.30.8-AfterPatching-2026-01-01-01-17-48-968.log
2026-01-01 01:17:49,010 - 15976 - INFO - Validation comparison report generated: output/validation-2026-01-01/172.25.30.8-Validation-details-2026-01-01-01-17-48-968.log
2026-01-01 01:17:49,094 - 15976 - INFO - Email sent successfully to ['CloudOps@softeon.com']
2026-01-01 01:17:49,094 - 15976 - INFO - HTML validation report email sent for i-047fbd4a2a96ec8f3
2026-01-01 01:17:49,264 - 15976 - INFO - Started i-047fbd4a2a96ec8f3 in 0:06:20.237519
2026-01-01 01:17:49,264 - 15976 - INFO - All instances processed.
2026-01-01 01:17:49,267 - 15976 - INFO - Restart Total time: 0:08:44.013384
2026-01-01 01:17:49,268 - 15976 - INFO - Auto-confirmed services are restarted
2026-01-01 01:17:49,268 - 15976 - INFO - Confirmed - services are started
2026-01-01 01:17:49,373 - 15976 - INFO - The following instances have failed the patch: []
2026-01-01 01:17:49,373 - 15976 - INFO - No instances have failed the patch.
2026-01-01 01:17:49,373 - 15976 - INFO - Total Patch Process time: 0:12:46.774889
2026-01-01 01:17:49,629 - 15976 - INFO - Email sent successfully to ['a80af5b5.softeon.com@in.teams.ms', 'CloudOps@softeon.com']
2026-01-01 01:18:49,783 - 15976 - ERROR - Failed to upload log file to S3: Failed to upload ./logs/patching_2026-01-01_ACT-UAT.log to q1-2026-aws-security-patching/ACT-UAT_Patch/2026-01-01/patching_2026-01-01_ACT-UAT.log: An error occurred (NoSuchBucket) when calling the PutObject operation: The specified bucket does not exist
