2025-10-11 00:05:02,302 - 22582 - INFO - Logger setup has been removed, using shared logger from common.logs.logger.
2025-10-11 00:05:02,303 - 22582 - INFO - Script Start Time: 2025-10-11 00:05:02
2025-10-11 00:05:02,501 - 22582 - INFO - Instance(s) selected for Patching: {'i-0752e0f70eb423eaf': '172.29.60.105', 'i-013844432aeb1e503': '172.29.60.69'}
2025-10-11 00:05:02,613 - 22582 - INFO - Email sent successfully to ['adityak@softeon.com', 'a80af5b5.softeon.com@in.teams.ms', 'ITSupport@softeon.com']
2025-10-11 00:05:02,614 - 22582 - INFO - Now patching instances at: 2025-10-11 00:05:02
2025-10-11 00:05:02,672 - 22582 - INFO - Sending patch command to instance i-0752e0f70eb423eaf
2025-10-11 00:05:02,833 - 22582 - INFO - Command sent successfully to instance i-0752e0f70eb423eaf. Command ID: f85d87a6-172e-4c36-8dd2-de2733d18279
2025-10-11 00:05:02,975 - 22582 - INFO - Sending patch command to instance i-013844432aeb1e503
2025-10-11 00:05:03,105 - 22582 - INFO - Command sent successfully to instance i-013844432aeb1e503. Command ID: 45f144dd-71ed-43c4-8bd9-3b8a2c68ee88
2025-10-11 00:10:04,834 - 22582 - INFO - All patches applied successfully.
2025-10-11 00:10:04,835 - 22582 - INFO - Patching end time: 2025-10-11 00:10:04
2025-10-11 00:10:04,835 - 22582 - INFO - Patch Elapsed time: 0:05:02.221274
2025-10-11 00:10:04,944 - 22582 - INFO - Email sent successfully to ['adityak@softeon.com', 'a80af5b5.softeon.com@in.teams.ms', 'ITSupport@softeon.com']
2025-10-11 00:10:04,944 - 22582 - INFO - Confirmed - services are stopped
2025-10-11 00:10:27,732 - 22582 - INFO - Discovered TG map: {'i-013844432aeb1e503': ['arn:aws:elasticloadbalancing:us-east-1:835314132208:targetgroup/UPS-UAT-ALB-Desktop/ee9e3546b4a9d25a', 'arn:aws:elasticloadbalancing:us-east-1:835314132208:targetgroup/UPS-UAT-ALB-RF/f1e829f0066e46a4'], 'i-0752e0f70eb423eaf': ['arn:aws:elasticloadbalancing:us-east-1:835314132208:targetgroup/UPS-UAT-ALB-Desktop/ee9e3546b4a9d25a', 'arn:aws:elasticloadbalancing:us-east-1:835314132208:targetgroup/UPS-UAT-ALB-RF/f1e829f0066e46a4']}
2025-10-11 00:10:27,997 - 22582 - INFO - Sent app_validation.sh to i-0752e0f70eb423eaf (command_id: 5ba907c9-ce7c-4f76-bbdc-787c8178e620)
2025-10-11 00:10:58,097 - 22582 - INFO - app_validation.sh output for i-0752e0f70eb423eaf:

==============================================================================
Server Availability Check Started at Sat Oct 11 00:10:28 EDT 2025
==============================================================================

-------------------------------------
Server IP : 172.29.60.105
-------------------------------------
System Information
------------------
Hostname: ip-172-29-60-105
Uptime: up 11 weeks, 6 days, 17 hours, 58 minutes
Current User: root
Working Directory: /usr/bin
-------------------------------------
Voice Console URL: http://172.29.60.105:9090/VoiceConsole
-------------------------------------

-------------------------------------
Server IP : 172.29.60.105
-------------------------------------
Physical Memory Information
---------------------------
Total Physical Memory = 31379 MB
Used Physical Memory  = 14766 MB
Free Physical Memory  = 16613 MB
-------------------------------------
Swap Memory Information
-----------------------
Total Swap Memory = 20479 MB
Used Swap Memory  = 2890 MB
Free Swap Memory  = 17589 MB
-------------------------------------
Load Average: 0.32 0.66 0.33 1/873 1882386
-------------------------------------

Disk Usage Information
----------------------
Filesystem                                            Size  Used Avail Use% Mounted on
/dev/nvme0n1p1                                         20G  5.8G   15G  29% /
/dev/nvme0n1p128                                       10M  1.3M  8.7M  13% /boot/efi
/dev/nvme1n1p2                                        280G   75G  206G  27% /data
us-east-1d.fs-4713b90e.efs.us-east-1.amazonaws.com:/  8.0E  115G  8.0E   1% /data2
devtmpfs                                              4.0M     0  4.0M   0% /dev
tmpfs                                                  16G     0   16G   0% /dev/shm
tmpfs                                                 6.2G  752K  6.2G   1% /run
tmpfs                                                 3.1G     0  3.1G   0% /run/user/1000
tmpfs                                                 3.1G     0  3.1G   0% /run/user/1001
tmpfs                                                  16G   21M   16G   1% /tmp
-------------------------------------

Application Port Validation for Server IP: 172.29.60.105 started on Sat Oct 11 00:10:28 EDT 2025

Server IP: 172.29.60.105 is reachable.

SSH Service (Port 22) Status:
SSH Service (Port 22): NOT REACHABLE
-------------------------------------

FTP Service Validation for Server IP: 172.29.60.105

FTP Service (Port 21): NOT REACHABLE
No FTP processes detected
-------------------------------------

CUPS Service Validation for Server IP: 172.29.60.105

CUPS Service (Port 631): NOT REACHABLE

Printer Configuration:
Total Printers Configured: 0
-------------------------------------
CUPS Service (Port 631): NOT REACHABLE on 172.29.60.105
-------------------------------------

Total number of Java process running on this host 172.29.60.105 is 15
Total number of Daemon / Batch (java) application process available is 10

Daemon Process id and name details are given below
Process ID: 1799046, Process Name: 173:28
Process ID: 1799076, Process Name: 23:30
Process ID: 1798860, Process Name: 29:42
Process ID: 1798882, Process Name: 22:33
Process ID: 1799098, Process Name: 21:03
Process ID: 1799022, Process Name: 27:02
Process ID: 1798909, Process Name: 26:50
Process ID: 1798940, Process Name: 101:51
Process ID: 1798959, Process Name: 79:31
Process ID: 1798995, Process Name: 22:57
-------------------------------------

-------------------------------------
Total number of App process running on this host 172.29.60.105
Total number of App java process available is 5
-------------------------------------
App Process details:
Process ID: 3480, Process Name: 107:26
Process ID: 3514, Process Name: 180:12
Process ID: 3562, Process Name: 190:21
Process ID: 3851, Process Name: 303:47
Process ID: 4095, Process Name: 244:23
-------------------------------------

Web Application Port Validation for Server IP: 172.29.60.105
Port 80:	upsuat_jb730ea	Running
Port 443:	upsuat_jb730ea	Not Running
Port 8080:	upsrfuat_jb730	Running
Port 8082:	upsrfuat_jb730	Not Running
Port 8083:	upsismearfuat_	Running
Port 8084:	upsismearfuat_	Not Running
-------------------------------------

==============================================================================
Server Availability Check Completed at Sat Oct 11 00:10:35 EDT 2025
==============================================================================


2025-10-11 00:10:58,097 - 22582 - ERROR - app_validation.sh errors for i-0752e0f70eb423eaf:

2025-10-11 00:10:58,099 - 22582 - INFO - Before patching validation saved to: output/validation-2025-10-11/172.29.60.105-BeforePatching-2025-10-11-00-10-58-098.log
2025-10-11 00:10:58,099 - 22582 - INFO - Deregistering i-0752e0f70eb423eaf from TG arn:aws:elasticloadbalancing:us-east-1:835314132208:targetgroup/UPS-UAT-ALB-Desktop/ee9e3546b4a9d25a
2025-10-11 00:10:58,174 - 22582 - INFO - Deregistering i-0752e0f70eb423eaf from TG arn:aws:elasticloadbalancing:us-east-1:835314132208:targetgroup/UPS-UAT-ALB-RF/f1e829f0066e46a4
2025-10-11 00:10:58,227 - 22582 - INFO - Stopping EC2 instance: i-0752e0f70eb423eaf at 2025-10-11 00:10:58
2025-10-11 00:12:29,605 - 22582 - INFO - Instance i-0752e0f70eb423eaf stopped successfully.
2025-10-11 00:12:29,841 - 22582 - INFO - Stopped i-0752e0f70eb423eaf in 0:01:31.613503
2025-10-11 00:12:29,841 - 22582 - INFO - Starting EC2 instance: i-0752e0f70eb423eaf
2025-10-11 00:12:45,589 - 22582 - INFO - Instance i-0752e0f70eb423eaf started successfully.
2025-10-11 00:12:45,590 - 22582 - INFO - Waiting 30 seconds for SSM agent to be ready on i-0752e0f70eb423eaf...
2025-10-11 00:13:15,620 - 22582 - INFO - Registering i-0752e0f70eb423eaf to TG arn:aws:elasticloadbalancing:us-east-1:835314132208:targetgroup/UPS-UAT-ALB-Desktop/ee9e3546b4a9d25a
2025-10-11 00:13:15,804 - 22582 - INFO - Registering i-0752e0f70eb423eaf to TG arn:aws:elasticloadbalancing:us-east-1:835314132208:targetgroup/UPS-UAT-ALB-RF/f1e829f0066e46a4
2025-10-11 00:18:16,726 - 22582 - WARNING - i-0752e0f70eb423eaf not healthy in arn:aws:elasticloadbalancing:us-east-1:835314132208:targetgroup/UPS-UAT-ALB-Desktop/ee9e3546b4a9d25a after timeout.
2025-10-11 00:23:17,447 - 22582 - WARNING - i-0752e0f70eb423eaf not healthy in arn:aws:elasticloadbalancing:us-east-1:835314132208:targetgroup/UPS-UAT-ALB-RF/f1e829f0066e46a4 after timeout.
2025-10-11 00:23:17,534 - 22582 - INFO - Email sent successfully to ['adityak@softeon.com', 'ITSupport@softeon.com']
2025-10-11 00:23:17,534 - 22582 - ERROR - Aborting workflow: i-0752e0f70eb423eaf is not healthy after restart.
2025-10-11 00:23:17,536 - 22582 - INFO - Restart Total time: 0:13:12.469224
2025-10-11 00:23:17,537 - 22582 - INFO - Auto-confirmed services are restarted
2025-10-11 00:23:17,537 - 22582 - INFO - Confirmed - services are started
2025-10-11 00:23:17,663 - 22582 - INFO - The following instances have failed the patch: []
2025-10-11 00:23:17,663 - 22582 - INFO - No instances have failed the patch.
2025-10-11 00:23:17,663 - 22582 - INFO - Total Patch Process time: 0:18:15.359836
2025-10-11 00:23:17,954 - 22582 - INFO - Email sent successfully to ['adityak@softeon.com', 'a80af5b5.softeon.com@in.teams.ms', 'ITSupport@softeon.com']
2025-10-11 00:24:18,165 - 22582 - INFO - Log file ./logs/patching_2025-10-11_UPS-Pilot.log uploaded to s3://q4-2025-aws-security-patching/UPS-Pilot_Patch/2025-10-11/patching_2025-10-11_UPS-Pilot.log
