2025-10-09 02:35:02,331 - 4895 - INFO - Logger setup has been removed, using shared logger from common.logs.logger.
2025-10-09 02:35:02,331 - 4895 - INFO - Script Start Time: 2025-10-09 02:35:02
2025-10-09 02:35:02,561 - 4895 - INFO - Instance(s) selected for Patching: {'i-0d2623c2c6a4ee0b4': '172.18.40.108', 'i-0b533bf915dbd6475': '172.18.40.28', 'i-08db7328c1263ecc9': '172.18.40.11'}
2025-10-09 02:35:02,674 - 4895 - INFO - Email sent successfully to ['adityak@softeon.com', 'a80af5b5.softeon.com@in.teams.ms', 'ITSupport@softeon.com']
2025-10-09 02:35:02,674 - 4895 - INFO - Now patching instances at: 2025-10-09 02:35:02
2025-10-09 02:35:02,731 - 4895 - INFO - Sending patch command to instance i-0d2623c2c6a4ee0b4
2025-10-09 02:35:02,890 - 4895 - INFO - Command sent successfully to instance i-0d2623c2c6a4ee0b4. Command ID: a857ac6c-de80-43c4-bb3f-6fbfc3f6ed1a
2025-10-09 02:35:03,017 - 4895 - INFO - Sending patch command to instance i-08db7328c1263ecc9
2025-10-09 02:35:03,142 - 4895 - INFO - Command sent successfully to instance i-08db7328c1263ecc9. Command ID: 42726dff-db2c-4279-a3d9-1830abf5192a
2025-10-09 02:35:03,256 - 4895 - INFO - Sending patch command to instance i-0b533bf915dbd6475
2025-10-09 02:35:03,380 - 4895 - INFO - Command sent successfully to instance i-0b533bf915dbd6475. Command ID: 602073ba-88d9-4bb2-9501-ec910ac66620
2025-10-09 02:44:36,173 - 4895 - INFO - All patches applied successfully.
2025-10-09 02:44:36,173 - 4895 - INFO - Patching end time: 2025-10-09 02:44:36
2025-10-09 02:44:36,173 - 4895 - INFO - Patch Elapsed time: 0:09:33.498900
2025-10-09 02:44:36,277 - 4895 - INFO - Email sent successfully to ['adityak@softeon.com', 'a80af5b5.softeon.com@in.teams.ms', 'ITSupport@softeon.com']
2025-10-09 02:44:36,277 - 4895 - INFO - Confirmed - services are stopped
2025-10-09 02:44:58,674 - 4895 - INFO - Discovered TG map: {'i-0b533bf915dbd6475': ['arn:aws:elasticloadbalancing:us-east-1:835314132208:targetgroup/Allen-Dist-UAT-Portal-Ext/84d67f7a7858b4bb', 'arn:aws:elasticloadbalancing:us-east-1:835314132208:targetgroup/Allen-Distribution-UAT-Desktop/be913ffdd58fa57c', 'arn:aws:elasticloadbalancing:us-east-1:835314132208:targetgroup/Allen-Distribution-UAT-WS-New/2ebad1bb3d368aa8', 'arn:aws:elasticloadbalancing:us-east-1:835314132208:targetgroup/Allen-Distribution-UAT-RF/d13d9ae941d72aed'], 'i-08db7328c1263ecc9': ['arn:aws:elasticloadbalancing:us-east-1:835314132208:targetgroup/Allen-Dist-UAT-SWP-Ext/3ed3db1221a8a054', 'arn:aws:elasticloadbalancing:us-east-1:835314132208:targetgroup/Allen-Distribution-24-2-UAT/8c9c2c5521632c2c', 'arn:aws:elasticloadbalancing:us-east-1:835314132208:targetgroup/Allen-Distribution-24-2-UAT-RF/9f0affc174cb93ba', 'arn:aws:elasticloadbalancing:us-east-1:835314132208:targetgroup/Allen-Distribution-24-2-UAT-Voic/02606e9506cf3ec3', 'arn:aws:elasticloadbalancing:us-east-1:835314132208:targetgroup/Allen-Distribution-Config/53fa5fd24a67e519', 'arn:aws:elasticloadbalancing:us-east-1:835314132208:targetgroup/Allen-Dist-UAT-Portal-JB800-Ext/c85b901c2f8e2c8e', 'arn:aws:elasticloadbalancing:us-east-1:835314132208:targetgroup/Allen-Distribution-UAT-WS-242/d76c849dbefdaef1']}
2025-10-09 02:44:58,966 - 4895 - INFO - Sent app_validation.sh to i-0d2623c2c6a4ee0b4 (command_id: 8760f897-c2e3-4774-95b2-1c32b36c4650)
2025-10-09 02:45:29,046 - 4895 - INFO - app_validation.sh output for i-0d2623c2c6a4ee0b4:

==============================================================================
Server Availability Check Started at Thu Oct  9 06:44:59 UTC 2025
==============================================================================

-------------------------------------
Server IP : 172.18.40.108
-------------------------------------
System Information
------------------
Hostname: ip-172-18-40-108
Uptime: up 13 weeks, 1 day, 3 hours, 25 minutes
Current User: root
Working Directory: /usr/bin
-------------------------------------
Voice Console URL: http://172.18.40.108:9090/VoiceConsole
-------------------------------------

-------------------------------------
Server IP : 172.18.40.108
-------------------------------------
Physical Memory Information
---------------------------
Total Physical Memory = 15611 MB
Used Physical Memory  = 1217 MB
Free Physical Memory  = 14394 MB
-------------------------------------
Swap Memory Information
-----------------------
Total Swap Memory = 10239 MB
Used Swap Memory  = 0 MB
Free Swap Memory  = 10239 MB
-------------------------------------
Load Average: 0.02 0.41 0.35 1/382 587621
-------------------------------------

Disk Usage Information
----------------------
Filesystem             Size  Used Avail Use% Mounted on
/dev/nvme0n1p1          20G  5.0G   15G  25% /
/dev/nvme0n1p128        10M  1.3M  8.7M  13% /boot/efi
/dev/mapper/vg01-lv02  240G  121G  120G  51% /data
devtmpfs               4.0M     0  4.0M   0% /dev
tmpfs                  7.7G     0  7.7G   0% /dev/shm
tmpfs                  3.1G  684K  3.1G   1% /run
tmpfs                  1.6G     0  1.6G   0% /run/user/2001
tmpfs                  7.7G  108K  7.7G   1% /tmp
-------------------------------------

Application Port Validation for Server IP: 172.18.40.108 started on Thu Oct  9 06:44:59 UTC 2025

Server IP: 172.18.40.108 is reachable.

SSH Service (Port 22) Status:
SSH Service (Port 22): NOT REACHABLE
-------------------------------------

FTP Service Validation for Server IP: 172.18.40.108

FTP Service (Port 21): NOT REACHABLE
No FTP processes detected
-------------------------------------

CUPS Service Validation for Server IP: 172.18.40.108

CUPS Service (Port 631): NOT REACHABLE

Printer Configuration:
Total Printers Configured: 0
-------------------------------------
CUPS Service (Port 631): NOT REACHABLE on 172.18.40.108
-------------------------------------

Total number of Java process running on this host 172.18.40.108 is 2
Total number of Daemon / Batch (java) application process available is 2

Daemon Process id and name details are given below
Process ID: 2508, Process Name: 61:59
Process ID: 2506, Process Name: 432:23
-------------------------------------

-------------------------------------
Total number of App process running on this host 172.18.40.108
Total number of App java process available is 0
-------------------------------------
No Standalone application processes running
-------------------------------------

Web Application Port Validation for Server IP: 172.18.40.108
-------------------------------------

==============================================================================
Server Availability Check Completed at Thu Oct  9 06:45:01 UTC 2025
==============================================================================


2025-10-09 02:45:29,047 - 4895 - ERROR - app_validation.sh errors for i-0d2623c2c6a4ee0b4:

2025-10-09 02:45:29,049 - 4895 - INFO - Before patching validation saved to: output/validation-2025-10-09/172.18.40.108-BeforePatching-2025-10-09-02-45-29-048.log
2025-10-09 02:45:29,049 - 4895 - INFO - Stopping EC2 instance: i-0d2623c2c6a4ee0b4 at 2025-10-09 02:45:29
2025-10-09 02:46:30,066 - 4895 - INFO - Instance i-0d2623c2c6a4ee0b4 stopped successfully.
2025-10-09 02:46:30,413 - 4895 - INFO - Stopped i-0d2623c2c6a4ee0b4 in 0:01:01.364316
2025-10-09 02:46:30,413 - 4895 - INFO - Starting EC2 instance: i-0d2623c2c6a4ee0b4
2025-10-09 02:46:46,033 - 4895 - INFO - Instance i-0d2623c2c6a4ee0b4 started successfully.
2025-10-09 02:46:46,033 - 4895 - INFO - Waiting 30 seconds for SSM agent to be ready on i-0d2623c2c6a4ee0b4...
2025-10-09 02:47:16,179 - 4895 - INFO - Sent app_validation.sh to i-0d2623c2c6a4ee0b4 (command_id: aee58c23-ec13-4222-a69d-6b02a902a66e)
2025-10-09 02:47:46,275 - 4895 - INFO - app_validation.sh output for i-0d2623c2c6a4ee0b4:

==============================================================================
Server Availability Check Started at Thu Oct  9 06:47:16 UTC 2025
==============================================================================

-------------------------------------
Server IP : 172.18.40.108
-------------------------------------
System Information
------------------
Hostname: ip-172-18-40-108
Uptime: up 0 minutes
Current User: root
Working Directory: /usr/bin
-------------------------------------
Voice Console URL: http://172.18.40.108:9090/VoiceConsole
-------------------------------------

-------------------------------------
Server IP : 172.18.40.108
-------------------------------------
Physical Memory Information
---------------------------
Total Physical Memory = 15611 MB
Used Physical Memory  = 1080 MB
Free Physical Memory  = 14531 MB
-------------------------------------
Swap Memory Information
-----------------------
Total Swap Memory = 10239 MB
Used Swap Memory  = 0 MB
Free Swap Memory  = 10239 MB
-------------------------------------
Load Average: 1.38 0.41 0.14 7/357 2953
-------------------------------------

Disk Usage Information
----------------------
Filesystem             Size  Used Avail Use% Mounted on
/dev/nvme0n1p1          20G  4.8G   16G  24% /
/dev/nvme0n1p128        10M  1.3M  8.7M  13% /boot/efi
/dev/mapper/vg01-lv02  240G  121G  120G  51% /data
devtmpfs               4.0M     0  4.0M   0% /dev
tmpfs                  7.7G     0  7.7G   0% /dev/shm
tmpfs                  3.1G  664K  3.1G   1% /run
tmpfs                  7.7G   64K  7.7G   1% /tmp
-------------------------------------

Application Port Validation for Server IP: 172.18.40.108 started on Thu Oct  9 06:47:16 UTC 2025

Server IP: 172.18.40.108 is reachable.

SSH Service (Port 22) Status:
SSH Service (Port 22): NOT REACHABLE
-------------------------------------

FTP Service Validation for Server IP: 172.18.40.108

FTP Service (Port 21): NOT REACHABLE
No FTP processes detected
-------------------------------------

CUPS Service Validation for Server IP: 172.18.40.108

CUPS Service (Port 631): NOT REACHABLE

Printer Configuration:
Total Printers Configured: 0
-------------------------------------
CUPS Service (Port 631): NOT REACHABLE on 172.18.40.108
-------------------------------------

Total number of Java process running on this host 172.18.40.108 is 2
Total number of Daemon / Batch (java) application process available is 2

Daemon Process id and name details are given below
Process ID: 2496, Process Name: 0:01
Process ID: 2494, Process Name: 0:11
-------------------------------------

-------------------------------------
Total number of App process running on this host 172.18.40.108
Total number of App java process available is 0
-------------------------------------
No Standalone application processes running
-------------------------------------

Web Application Port Validation for Server IP: 172.18.40.108
-------------------------------------

==============================================================================
Server Availability Check Completed at Thu Oct  9 06:47:18 UTC 2025
==============================================================================


2025-10-09 02:47:46,275 - 4895 - ERROR - app_validation.sh errors for i-0d2623c2c6a4ee0b4:

2025-10-09 02:47:46,277 - 4895 - INFO - After patching validation saved to: output/validation-2025-10-09/172.18.40.108-AfterPatching-2025-10-09-02-47-46-276.log
2025-10-09 02:47:46,314 - 4895 - INFO - Validation comparison report generated: output/validation-2025-10-09/172.18.40.108-Validation-details-2025-10-09-02-47-46-276.log
2025-10-09 02:47:46,397 - 4895 - INFO - Email sent successfully to ['adityak@softeon.com', 'ITSupport@softeon.com']
2025-10-09 02:47:46,397 - 4895 - INFO - HTML validation report email sent for i-0d2623c2c6a4ee0b4
2025-10-09 02:47:46,793 - 4895 - INFO - Started i-0d2623c2c6a4ee0b4 in 0:01:16.379667
2025-10-09 02:47:46,794 - 4895 - INFO - Waiting 120 seconds before proceeding to the next instance...
2025-10-09 02:49:47,009 - 4895 - INFO - Sent app_validation.sh to i-08db7328c1263ecc9 (command_id: c8bfbfbb-0f81-442b-b1d1-8e803e443314)
2025-10-09 02:51:17,269 - 4895 - INFO - app_validation.sh output for i-08db7328c1263ecc9:

==============================================================================
Server Availability Check Started at Thu Oct  9 06:49:47 UTC 2025
==============================================================================

-------------------------------------
Server IP : 172.18.40.11
-------------------------------------
System Information
------------------
Hostname: ip-172-18-40-11
Uptime: up 13 weeks, 1 day, 3 hours, 25 minutes
Current User: root
Working Directory: /usr/bin
-------------------------------------
Voice Console URL: http://172.18.40.11:9090/VoiceConsole
-------------------------------------

-------------------------------------
Server IP : 172.18.40.11
-------------------------------------
Physical Memory Information
---------------------------
Total Physical Memory = 15611 MB
Used Physical Memory  = 12984 MB
Free Physical Memory  = 2627 MB
-------------------------------------
Swap Memory Information
-----------------------
Total Swap Memory = 10239 MB
Used Swap Memory  = 5633 MB
Free Swap Memory  = 4606 MB
-------------------------------------
Load Average: 1.12 1.47 1.16 9/1318 1145733
-------------------------------------

Disk Usage Information
----------------------
Filesystem             Size  Used Avail Use% Mounted on
/dev/nvme0n1p1          20G  5.0G   16G  25% /
/dev/nvme0n1p128        10M  1.3M  8.7M  13% /boot/efi
/dev/mapper/vg01-lv02  240G  147G   94G  62% /data
devtmpfs               4.0M     0  4.0M   0% /dev
tmpfs                  7.7G     0  7.7G   0% /dev/shm
tmpfs                  3.1G  8.8M  3.1G   1% /run
tmpfs                  1.6G     0  1.6G   0% /run/user/2001
tmpfs                  1.6G     0  1.6G   0% /run/user/2002
tmpfs                  1.6G     0  1.6G   0% /run/user/2003
tmpfs                  7.7G  800K  7.7G   1% /tmp
-------------------------------------

Application Port Validation for Server IP: 172.18.40.11 started on Thu Oct  9 06:49:47 UTC 2025

Server IP: 172.18.40.11 is reachable.

SSH Service (Port 22) Status:
SSH Service (Port 22): NOT REACHABLE
-------------------------------------

FTP Service Validation for Server IP: 172.18.40.11

FTP Service (Port 21): NOT REACHABLE
No FTP processes detected
-------------------------------------

CUPS Service Validation for Server IP: 172.18.40.11

CUPS Service (Port 631): NOT REACHABLE

Printer Configuration:
Total Printers Configured: 0
-------------------------------------
CUPS Service (Port 631): NOT REACHABLE on 172.18.40.11
-------------------------------------

Total number of Java process running on this host 172.18.40.11 is 25
Total number of Daemon / Batch (java) application process available is 20

Daemon Process id and name details are given below
Process ID: 3195937, Process Name: 41:49
Process ID: 936005, Process Name: 0:40
Process ID: 292668, Process Name: 121:31
Process ID: 936089, Process Name: 1:01
Process ID: 935186, Process Name: 1:37
Process ID: 935074, Process Name: 0:40
Process ID: 935245, Process Name: 1:00
Process ID: 935308, Process Name: 0:46
Process ID: 935420, Process Name: 0:50
Process ID: 935800, Process Name: 11:44
Process ID: 935130, Process Name: 0:39
Process ID: 935668, Process Name: 0:59
Process ID: 935482, Process Name: 1:12
Process ID: 935539, Process Name: 0:49
Process ID: 935608, Process Name: 1:13
Process ID: 1083238, Process Name: 0:44
Process ID: 936152, Process Name: 0:38
Process ID: 293009, Process Name: 59:00
Process ID: 935870, Process Name: 0:47
Process ID: 935938, Process Name: 1:45
-------------------------------------

-------------------------------------
Total number of App process running on this host 172.18.40.11
Total number of App java process available is 5
-------------------------------------
App Process details:
Process ID: 5242, Process Name: 258:10
Process ID: 939138, Process Name: 7:04
Process ID: 939266, Process Name: 4:51
Process ID: 939461, Process Name: 5:53
Process ID: 3407422, Process Name: adconfg_jb80eap
-------------------------------------

Web Application Port Validation for Server IP: 172.18.40.11
Port 8080:	aduat_jb800e	Running
Port 8081:	adrfuat_jb80	Running
Port 8082:	adrfuat_jb80	Not Running
Port 8083:	adswpuat_jb800	Running
Port 8084:	adwmsprtl_jb	Running
-------------------------------------

==============================================================================
Server Availability Check Completed at Thu Oct  9 06:50:55 UTC 2025
==============================================================================


2025-10-09 02:51:17,269 - 4895 - ERROR - app_validation.sh errors for i-08db7328c1263ecc9:

2025-10-09 02:51:17,271 - 4895 - INFO - Before patching validation saved to: output/validation-2025-10-09/172.18.40.11-BeforePatching-2025-10-09-02-51-17-270.log
2025-10-09 02:51:17,271 - 4895 - INFO - Deregistering i-08db7328c1263ecc9 from TG arn:aws:elasticloadbalancing:us-east-1:835314132208:targetgroup/Allen-Dist-UAT-SWP-Ext/3ed3db1221a8a054
2025-10-09 02:51:17,339 - 4895 - INFO - Deregistering i-08db7328c1263ecc9 from TG arn:aws:elasticloadbalancing:us-east-1:835314132208:targetgroup/Allen-Distribution-24-2-UAT/8c9c2c5521632c2c
2025-10-09 02:51:17,384 - 4895 - INFO - Deregistering i-08db7328c1263ecc9 from TG arn:aws:elasticloadbalancing:us-east-1:835314132208:targetgroup/Allen-Distribution-24-2-UAT-RF/9f0affc174cb93ba
2025-10-09 02:51:17,428 - 4895 - INFO - Deregistering i-08db7328c1263ecc9 from TG arn:aws:elasticloadbalancing:us-east-1:835314132208:targetgroup/Allen-Distribution-24-2-UAT-Voic/02606e9506cf3ec3
2025-10-09 02:51:17,478 - 4895 - INFO - Deregistering i-08db7328c1263ecc9 from TG arn:aws:elasticloadbalancing:us-east-1:835314132208:targetgroup/Allen-Distribution-Config/53fa5fd24a67e519
2025-10-09 02:51:17,525 - 4895 - INFO - Deregistering i-08db7328c1263ecc9 from TG arn:aws:elasticloadbalancing:us-east-1:835314132208:targetgroup/Allen-Dist-UAT-Portal-JB800-Ext/c85b901c2f8e2c8e
2025-10-09 02:51:17,570 - 4895 - INFO - Deregistering i-08db7328c1263ecc9 from TG arn:aws:elasticloadbalancing:us-east-1:835314132208:targetgroup/Allen-Distribution-UAT-WS-242/d76c849dbefdaef1
2025-10-09 02:51:17,618 - 4895 - INFO - Stopping EC2 instance: i-08db7328c1263ecc9 at 2025-10-09 02:51:17
2025-10-09 02:53:49,297 - 4895 - INFO - Instance i-08db7328c1263ecc9 stopped successfully.
2025-10-09 02:53:49,732 - 4895 - INFO - Stopped i-08db7328c1263ecc9 in 0:02:32.114088
2025-10-09 02:53:49,732 - 4895 - INFO - Starting EC2 instance: i-08db7328c1263ecc9
2025-10-09 02:54:05,468 - 4895 - INFO - Instance i-08db7328c1263ecc9 started successfully.
2025-10-09 02:54:05,468 - 4895 - INFO - Waiting 30 seconds for SSM agent to be ready on i-08db7328c1263ecc9...
2025-10-09 02:54:35,499 - 4895 - INFO - Registering i-08db7328c1263ecc9 to TG arn:aws:elasticloadbalancing:us-east-1:835314132208:targetgroup/Allen-Dist-UAT-SWP-Ext/3ed3db1221a8a054
2025-10-09 02:54:35,694 - 4895 - INFO - Registering i-08db7328c1263ecc9 to TG arn:aws:elasticloadbalancing:us-east-1:835314132208:targetgroup/Allen-Distribution-24-2-UAT/8c9c2c5521632c2c
2025-10-09 02:54:35,833 - 4895 - INFO - Registering i-08db7328c1263ecc9 to TG arn:aws:elasticloadbalancing:us-east-1:835314132208:targetgroup/Allen-Distribution-24-2-UAT-RF/9f0affc174cb93ba
2025-10-09 02:54:35,994 - 4895 - INFO - Registering i-08db7328c1263ecc9 to TG arn:aws:elasticloadbalancing:us-east-1:835314132208:targetgroup/Allen-Distribution-24-2-UAT-Voic/02606e9506cf3ec3
2025-10-09 02:54:36,205 - 4895 - INFO - Registering i-08db7328c1263ecc9 to TG arn:aws:elasticloadbalancing:us-east-1:835314132208:targetgroup/Allen-Distribution-Config/53fa5fd24a67e519
2025-10-09 02:54:36,341 - 4895 - INFO - Registering i-08db7328c1263ecc9 to TG arn:aws:elasticloadbalancing:us-east-1:835314132208:targetgroup/Allen-Dist-UAT-Portal-JB800-Ext/c85b901c2f8e2c8e
2025-10-09 02:54:36,490 - 4895 - INFO - Registering i-08db7328c1263ecc9 to TG arn:aws:elasticloadbalancing:us-east-1:835314132208:targetgroup/Allen-Distribution-UAT-WS-242/d76c849dbefdaef1
2025-10-09 03:03:38,106 - 4895 - WARNING - i-08db7328c1263ecc9 not healthy in arn:aws:elasticloadbalancing:us-east-1:835314132208:targetgroup/Allen-Distribution-24-2-UAT-Voic/02606e9506cf3ec3 after timeout.
2025-10-09 03:03:38,334 - 4895 - INFO - Email sent successfully to ['adityak@softeon.com', 'ITSupport@softeon.com']
2025-10-09 03:03:38,334 - 4895 - ERROR - Aborting workflow: i-08db7328c1263ecc9 is not healthy after restart.
2025-10-09 03:03:38,337 - 4895 - INFO - Restart Total time: 0:19:01.935503
2025-10-09 03:03:38,338 - 4895 - INFO - Auto-confirmed services are restarted
2025-10-09 03:03:38,338 - 4895 - INFO - Confirmed - services are started
2025-10-09 03:03:38,457 - 4895 - INFO - The following instances have failed the patch: []
2025-10-09 03:03:38,457 - 4895 - INFO - No instances have failed the patch.
2025-10-09 03:03:38,457 - 4895 - INFO - Total Patch Process time: 0:28:36.126022
2025-10-09 03:03:38,856 - 4895 - INFO - Email sent successfully to ['adityak@softeon.com', 'a80af5b5.softeon.com@in.teams.ms', 'ITSupport@softeon.com']
2025-10-09 03:04:39,097 - 4895 - INFO - Log file ./logs/patching_2025-10-09_Allen-uat.log uploaded to s3://q4-2025-aws-security-patching/Allen-uat_Patch/2025-10-09/patching_2025-10-09_Allen-uat.log
