2025-10-29 00:05:01,420 - 20801 - INFO - Logger setup has been removed, using shared logger from common.logs.logger.
2025-10-29 00:05:01,420 - 20801 - INFO - Script Start Time: 2025-10-29 00:05:01
2025-10-29 00:05:01,653 - 20801 - INFO - Instance(s) selected for Patching: {'i-047fbd4a2a96ec8f3': '172.25.30.8'}
2025-10-29 00:05:01,737 - 20801 - INFO - Email sent successfully to ['adityak@softeon.com', 'a80af5b5.softeon.com@in.teams.ms', 'ITSupport@softeon.com']
2025-10-29 00:05:01,737 - 20801 - INFO - Now patching instances at: 2025-10-29 00:05:01
2025-10-29 00:05:01,836 - 20801 - INFO - Sending patch command to instance i-047fbd4a2a96ec8f3
2025-10-29 00:05:02,337 - 20801 - INFO - Command sent successfully to instance i-047fbd4a2a96ec8f3. Command ID: de5655b8-004d-48ea-b938-8623e0ba6f0d
2025-10-29 00:13:08,866 - 20801 - INFO - All patches applied successfully.
2025-10-29 00:13:08,867 - 20801 - INFO - Patching end time: 2025-10-29 00:13:08
2025-10-29 00:13:08,867 - 20801 - INFO - Patch Elapsed time: 0:08:07.129381
2025-10-29 00:13:08,947 - 20801 - INFO - Email sent successfully to ['adityak@softeon.com', 'a80af5b5.softeon.com@in.teams.ms', 'ITSupport@softeon.com']
2025-10-29 00:13:08,947 - 20801 - INFO - Confirmed - services are stopped
2025-10-29 00:13:13,833 - 20801 - INFO - Discovered TG map: {'i-047fbd4a2a96ec8f3': ['arn:aws:elasticloadbalancing:us-west-2:835314132208:targetgroup/ACT-UAT-API/2485de07e854ae13', 'arn:aws:elasticloadbalancing:us-west-2:835314132208:targetgroup/ACT-UAT-Config/1595ab19e5994ffe', 'arn:aws:elasticloadbalancing:us-west-2:835314132208:targetgroup/ACT-UAT-Desktop/6648735ce5e8b61c', 'arn:aws:elasticloadbalancing:us-west-2:835314132208:targetgroup/ACT-UAT-Portal/7dc15e811358a2b2', 'arn:aws:elasticloadbalancing:us-west-2:835314132208:targetgroup/ACT-UAT-RF/0a6864564131e339']}
2025-10-29 00:13:14,329 - 20801 - INFO - Sent app_validation.sh to i-047fbd4a2a96ec8f3 (command_id: 2a5cb5ca-15f7-4476-8b4e-e84131e17025)
2025-10-29 00:13:44,673 - 20801 - INFO - app_validation.sh output for i-047fbd4a2a96ec8f3:

==============================================================================
Server Availability Check Started at Wed Oct 29 04:13:14 UTC 2025
==============================================================================

-------------------------------------
Server IP : 172.25.30.8
-------------------------------------
System Information
------------------
Hostname: ip-172-25-30-8.us-west-2.compute.internal
Uptime: up 16 weeks, 1 day, 1 hour, 30 minutes
Current User: root
Working Directory: /usr/bin
-------------------------------------
Voice Console URL: http://172.25.30.8:9090/VoiceConsole
-------------------------------------

-------------------------------------
Server IP : 172.25.30.8
-------------------------------------
Physical Memory Information
---------------------------
Total Physical Memory = 31379 MB
Used Physical Memory  = 23990 MB
Free Physical Memory  = 7389 MB
-------------------------------------
Swap Memory Information
-----------------------
Total Swap Memory = 10239 MB
Used Swap Memory  = 2971 MB
Free Swap Memory  = 7268 MB
-------------------------------------
Load Average: 0.77 1.42 0.84 1/2196 2805369
-------------------------------------

Disk Usage Information
----------------------
Filesystem             Size  Used Avail Use% Mounted on
/dev/nvme0n1p1          20G  5.3G   15G  27% /
/dev/nvme0n1p128        10M  1.3M  8.7M  13% /boot/efi
/dev/mapper/vg01-lv02  240G  158G   83G  66% /data
devtmpfs               4.0M     0  4.0M   0% /dev
tmpfs                   16G     0   16G   0% /dev/shm
tmpfs                  6.2G  8.7M  6.2G   1% /run
tmpfs                  3.1G     0  3.1G   0% /run/user/2001
tmpfs                  3.1G     0  3.1G   0% /run/user/992
tmpfs                   16G   47M   16G   1% /tmp
-------------------------------------

Application Port Validation for Server IP: 172.25.30.8 started on Wed Oct 29 04:13:14 UTC 2025

Server IP: 172.25.30.8 is reachable.

SSH Service (Port 22) Status:
SSH Service (Port 22): NOT REACHABLE
-------------------------------------

FTP Service Validation for Server IP: 172.25.30.8

FTP Service (Port 21): NOT REACHABLE
No FTP processes detected
-------------------------------------

CUPS Service Validation for Server IP: 172.25.30.8

CUPS Service (Port 631): NOT REACHABLE

Printer Configuration:
Total Printers Configured: 165
Printer Details:
printer AVERY_ADTP1EF_MPCL is idle.  enabled since Sat Oct 25 17:54:32 2025
printer AVERY_ADTP1EF_MPCL_LABEL2 is idle.  enabled since Sat Jul  6 12:00:44 2024
printer AVERY_ADTP1EF_MPCL_LABEL3 is idle.  enabled since Sat Jul  6 12:01:31 2024
printer AVERY_ADTP1EF_MPCL_LABEL4 is idle.  enabled since Sat Sep 21 05:07:40 2024
printer CSR_LP2 is idle.  enabled since Mon Oct  6 18:59:13 2025
printer HEM_LABEL_03 is idle.  enabled since Tue Jan 21 21:47:23 2025
printer HEM_LABEL_05 is idle.  enabled since Fri Nov 15 20:55:43 2024
printer HEM_LABEL_07 is idle.  enabled since Thu Sep 12 22:12:29 2024
printer HEM_LABEL_08 is idle.  enabled since Fri Sep 13 00:44:00 2024
printer HEM_LABEL_09 is idle.  enabled since Thu Sep 12 22:25:40 2024
printer HEM_LABEL_10 is idle.  enabled since Thu Sep 12 22:23:08 2024
printer HEM_LABEL_11 is idle.  enabled since Thu Sep 12 22:23:07 2024
printer HEM_LABEL_12 is idle.  enabled since Tue Nov 19 23:48:17 2024
printer HEM_LABEL_TB_01 is idle.  enabled since Fri Jan 10 19:38:18 2025
printer HEM_MRLABEL_01 is idle.  enabled since Fri Jan 17 22:31:31 2025
printer HEM_MRLABEL_02 is idle.  enabled since Wed Nov 13 20:34:04 2024
printer HEM_MRLABEL_03 is idle.  enabled since Fri Nov 15 21:08:15 2024
printer HEM_MRLABEL_04 is idle.  enabled since Tue Oct  1 20:22:15 2024
printer HEM_MRLABEL_05 is idle.  enabled since Fri Nov 15 20:56:43 2024
printer HEM_OVAS_02 is idle.  enabled since Fri Sep 13 00:57:34 2024
printer HEM_OVAS_03 is idle.  enabled since Thu Jan 16 05:57:01 2025
printer HEM_PKLABEL_01 is idle.  enabled since Mon Aug 25 19:35:58 2025
printer HEM_PKLABEL_02 is idle.  enabled since Tue May 27 19:49:07 2025
printer HEM_PKLABEL_03 is idle.  enabled since Mon Jan 13 20:45:24 2025
printer HEM_PKLABEL_04 is idle.  enabled since Thu Jul 18 10:24:23 2024
printer HEM_PKLABEL_05 is idle.  enabled since Fri Feb 28 22:31:58 2025
printer HEM_PKLABEL_06 is idle.  enabled since Mon Jan 13 21:12:55 2025
printer HEM_PKPAPER_01 is idle.  enabled since Mon Aug 25 19:36:01 2025
printer HEM_PKPAPER_02 is idle.  enabled since Wed Nov 20 19:29:48 2024
printer HEM_PKPAPER_03 is idle.  enabled since Thu Jul 18 10:21:49 2024
printer HEM_PKPAPER_04 is idle.  enabled since Thu Jul 18 10:24:58 2024
printer HEM_PKPAPER_05 is idle.  enabled since Mon Jan 13 21:15:06 2025
printer HEM_PKPAPER_06 is idle.  enabled since Thu Jul 18 10:33:16 2024
printer HEM_SLABEL_04 is idle.  enabled since Thu Jan 23 01:06:39 2025
printer HEM_UAT_LABEL_01 is idle.  enabled since Wed Oct  2 08:52:34 2024
printer HEM_UAT_PAPER_01 is idle.  enabled since Tue Oct 14 20:55:51 2025
printer HEM_UATLABEL_01 is idle.  enabled since Mon Jan 13 20:30:06 2025
printer HEM_UATLABEL_02 is idle.  enabled since Mon Oct 20 18:31:44 2025
printer HEM_UATPAPER_01 is idle.  enabled since Thu Oct  2 20:36:29 2025
printer HEM_UPAPER_01 is idle.  enabled since Mon Oct 20 19:14:58 2025
printer HEM_WHLABEL_01 is idle.  enabled since Fri Sep 13 00:30:20 2024
printer HEM_WHLABEL_02 is idle.  enabled since Wed Jun 11 20:06:50 2025
printer HEM_WVAS_01 is idle.  enabled since Thu Sep 12 23:33:53 2024
printer HEMI_LABEL_01 is idle.  enabled since Fri May 16 15:32:34 2025
printer HEMO_LABEL_01 is idle.  enabled since Tue Sep 16 21:25:19 2025
printer HLPACKLZ6 is idle.  enabled since Fri Dec  6 21:08:11 2024
printer HLPACKLZ7 is idle.  enabled since Thu Sep 12 23:06:54 2024
printer HLPACKPR1 is idle.  enabled since Thu Sep 12 23:18:44 2024
printer HLPACKPR2 is idle.  enabled since Thu Sep 12 23:04:52 2024
printer HLPACKPR5 is idle.  enabled since Thu Sep 12 23:05:13 2024
printer HLPR_01 is idle.  enabled since Thu Mar  6 19:10:13 2025
printer HLPR_02 is idle.  enabled since Tue Sep 16 21:49:58 2025
printer HLPR_04 is idle.  enabled since Thu Jan 16 18:14:31 2025
printer HMLP_MB01 is idle.  enabled since Fri Sep 13 00:02:24 2024
printer KSU_OFLABEL_01 is idle.  enabled since Mon Oct 21 21:29:12 2024
printer KSU_OFLABEL_02 is idle.  enabled since Fri Sep 13 19:59:33 2024
printer KSU_OFLABEL_03 is idle.  enabled since Mon Jul 15 12:08:53 2024
printer KSU_OFLABEL_04 is idle.  enabled since Mon Jul 15 12:09:18 2024
printer LABEL_WMS_UAT is idle.  enabled since Thu Aug 21 18:27:49 2025
printer LABEL_WMS_UAT_WIRE is idle.  enabled since Mon Sep  2 15:40:57 2024
printer LASER_WMS_UAT is idle.  enabled since Fri Jul 25 10:15:11 2025
printer ML_LABEL_02 is idle.  enabled since Fri Sep 13 20:10:06 2024
printer ML_LABEL_03 is idle.  enabled since Fri Sep 13 20:56:13 2024
printer ML_LABEL_04 is idle.  enabled since Mon Jul 15 12:15:22 2024
printer ML_LABEL_06 is idle.  enabled since Mon Jul 15 12:15:50 2024
printer ML_LABEL_07 is idle.  enabled since Mon Jul 15 12:16:14 2024
printer ML_LABEL_08 is idle.  enabled since Fri Sep 13 20:11:07 2024
printer ML_LABEL_09 is idle.  enabled since Tue Oct  8 23:24:23 2024
printer ML_LABEL_10 is idle.  enabled since Mon Jul 15 11:31:57 2024
printer ML_LABEL_11 is idle.  enabled since Tue Apr 15 22:44:11 2025
printer ML_LABEL_13 is idle.  enabled since Tue Jul 15 21:28:14 2025
printer ML_LABEL_14 is idle.  enabled since Thu Oct 23 20:01:45 2025
printer ML_LABEL_14_UNIV is idle.  enabled since Mon Oct 27 21:01:18 2025
printer ML_PKLABEL_02 is idle.  enabled since Fri Sep 13 22:18:16 2024
printer ML_PKLABEL_04 is idle.  enabled since Fri Sep 13 22:18:17 2024
printer ML_PKLABEL_05 is idle.  enabled since Fri Sep 13 22:18:18 2024
printer ML_PKLABEL_06 is idle.  enabled since Fri Sep 13 22:18:49 2024
printer ML_PKLABEL_07 is idle.  enabled since Fri Sep 13 22:20:52 2024
printer ML_PKLABEL_08 is idle.  enabled since Fri Sep 13 22:18:51 2024
printer ML_PKLABEL_09 is idle.  enabled since Mon Jul 15 11:38:12 2024
printer ML_PKLABEL_10 is idle.  enabled since Tue Oct  8 23:16:06 2024
printer ML_WHLABEL_12 is idle.  enabled since Fri Oct 11 15:19:40 2024
printer MLCOPY_17 is idle.  enabled since Fri Sep 13 19:56:50 2024
printer MLPR_03_COLOR is idle.  enabled since Fri Sep 13 17:32:48 2024
printer MLPR_05 is idle.  enabled since Mon Jul 15 11:39:37 2024
printer MLPR_13 is idle.  enabled since Fri Sep 13 22:11:04 2024
printer MLPR_14 is idle.  enabled since Thu Oct  2 19:29:28 2025
printer MLPR_15 is idle.  enabled since Fri Sep 13 21:30:23 2024
printer MLPR_16 is idle.  enabled since Mon Jul 15 12:07:26 2024
printer MLPR_18 is idle.  enabled since Wed Oct  8 16:03:04 2025
printer MLPR_19 is idle.  enabled since Mon Jul 15 11:42:03 2024
printer MLPR_20 is idle.  enabled since Wed May  7 17:40:47 2025
printer MUNI_PKLABEL_01 is idle.  enabled since Fri Sep 13 19:16:40 2024
printer MUNI_PKLABEL_02 is idle.  enabled since Fri Sep 13 19:16:47 2024
printer MUNI_PKPAPER_01 is idle.  enabled since Fri Sep 13 19:15:07 2024
printer MUNI_PKPAPER_02 is idle.  enabled since Fri Sep 13 19:15:35 2024
printer NUNI_PKLABEL_01 is idle.  enabled since Tue Dec 24 10:50:21 2024
printer NUNI_PKLABEL_02 is idle.  enabled since Thu Jul 18 11:11:56 2024
printer NUNI_PKLABEL_03 is idle.  enabled since Thu Jul 18 11:15:24 2024
printer NUNI_PKLABEL_04 is idle.  enabled since Wed Nov 20 15:48:04 2024
printer NUNI_PKLABEL_05 is idle.  enabled since Thu Jul 18 11:17:50 2024
printer NUNI_PKLABEL_06 is idle.  enabled since Thu May 15 17:54:02 2025
printer NUNI_PKPAPER_01 is idle.  enabled since Thu Jul 18 11:11:15 2024
printer NUNI_PKPAPER_02 is idle.  enabled since Mon Oct 21 20:31:35 2024
printer NUNI_PKPAPER_03 is idle.  enabled since Mon Oct 21 20:30:44 2024
printer NUNI_PKPAPER_04 is idle.  enabled since Thu Jul 18 11:17:09 2024
printer NUNI_PKPAPER_05 is idle.  enabled since Mon Oct 21 21:04:18 2024
printer NUNI_PKPAPER_06 is idle.  enabled since Thu Jul 18 11:19:37 2024
printer OFFICE_LPFO_02 is idle.  enabled since Mon Jul 15 12:00:26 2024
printer OFFICE_LPFO_08 is idle.  enabled since Thu Sep 12 22:06:57 2024
printer OFFICE_LPFO_10 is idle.  enabled since Fri Sep 13 03:43:59 2024
printer PACK_LPFO_01 is idle.  enabled since Thu Sep 12 23:01:10 2024
printer PACK_LPFO_02 is idle.  enabled since Thu Sep 12 23:01:11 2024
printer PACK_LPFO_03 is idle.  enabled since Fri Dec 13 22:25:12 2024
printer PACK_LPFO_04 is idle.  enabled since Thu Sep 12 23:01:13 2024
printer PACK_LPFO_05 is idle.  enabled since Thu Sep 12 23:01:45 2024
printer PACK_LPFO_06 is idle.  enabled since Wed Aug 20 12:32:05 2025
printer PACK_LPFO_07 is idle.  enabled since Fri Dec  6 20:25:17 2024
printer PACK_LZ4 is idle.  enabled since Thu Sep 12 23:06:14 2024
printer PACK_LZHP_03 is idle.  enabled since Thu Sep 12 23:05:53 2024
printer PACKSTATIONLZ2 is idle.  enabled since Fri Sep 13 22:25:55 2024
printer PACKSTATIONLZ4 is idle.  enabled since Mon Oct 21 20:31:32 2024
printer PACKSTATIONLZ5 is idle.  enabled since Mon Jul 15 11:44:13 2024
printer PACKSTATIONLZ6 is idle.  enabled since Mon Jul 15 11:44:34 2024
printer PACKSTATIONLZ7 is idle.  enabled since Mon Jul 15 11:44:54 2024
printer PACKSTATIONLZ8 is idle.  enabled since Fri Sep 13 22:26:02 2024
printer SOLUTION_PRINTER is idle.  enabled since Mon Jun 16 18:03:54 2025
printer SOLUTION_PRINTER_UNI is idle.  enabled since Mon Aug  4 15:55:00 2025
printer SUNI_CLABEL_01 is idle.  enabled since Tue May  6 20:23:51 2025
printer SUNI_PKLABEL_01 is idle.  enabled since Fri Sep 13 21:05:38 2024
printer SUNI_PKLABEL_02 is idle.  enabled since Fri Sep 13 21:14:44 2024
printer SUNI_PKLABEL_03 is idle.  enabled since Fri Sep 13 21:06:20 2024
printer SUNI_PKLABEL_04 is idle.  enabled since Fri Sep 13 21:06:39 2024
printer SUNI_PKLABEL_05 is idle.  enabled since Fri Sep 13 21:14:52 2024
printer SUNI_PKLABEL_06 is idle.  enabled since Fri Sep 13 21:06:44 2024
printer SUNI_PKLABEL_07 is idle.  enabled since Fri Sep 13 21:18:41 2024
printer SUNI_PKLABEL_08 is idle.  enabled since Mon Sep 30 20:32:28 2024
printer SUNI_PKPAPER_01 is idle.  enabled since Fri Sep 13 21:31:59 2024
printer SUNI_PKPAPER_02 is idle.  enabled since Mon Oct 21 21:10:49 2024
printer SUNI_PKPAPER_03 is idle.  enabled since Fri Sep 13 21:32:23 2024
printer SUNI_PKPAPER_04 is idle.  enabled since Fri Sep 13 21:32:50 2024
printer SUNI_PKPAPER_05 is idle.  enabled since Fri Sep 13 21:33:10 2024
printer SUNI_PKPAPER_06 is idle.  enabled since Fri Sep 13 21:33:47 2024
printer SUNI_PKPAPER_07 is idle.  enabled since Fri Sep 13 21:33:57 2024
printer SUNI_PKPAPER_08 is idle.  enabled since Fri Sep 13 21:34:27 2024
printer SUNI_TBLABEL_01 is idle.  enabled since Wed Sep 18 23:01:05 2024
printer SUNI_TBLABEL_02 is idle.  enabled since Wed Sep 18 23:01:05 2024
printer SUNI_TBLABEL_03 is idle.  enabled since Wed Sep 18 23:17:07 2024
printer SUNID_LABEL_01 is idle.  enabled since Fri Sep 13 19:49:17 2024
printer TOSHIBA_RPT_PRINTER1 is idle.  enabled since Sat Jul  6 12:03:34 2024
printer TOSHIBA_RPT_PRINTER2 is idle.  enabled since Sat Jul  6 12:04:17 2024
printer TOSHIBA_RPT_PRINTER3 is idle.  enabled since Sat Jul  6 12:04:49 2024
printer TOSHIBA_RPT_PRINTER4 is idle.  enabled since Sat Jul  6 12:05:26 2024
printer UAT_DUMMY is idle.  enabled since Thu Sep  4 18:54:56 2025
printer UNI_UATLABEL_01 is idle.  enabled since Thu Oct 23 23:48:53 2025
printer UNI_UATPAPER_01 is idle.  enabled since Thu Oct 23 20:01:48 2025
printer UNIV_MBLABEL_02 is idle.  enabled since Wed May 21 02:42:57 2025
printer UNIV_MBLABEL_021 is idle.  enabled since Wed Oct 23 21:26:49 2024
printer UNIV_PKLABEL_01 is idle.  enabled since Mon Feb 24 17:00:30 2025
printer UNIV_PKLABEL_02 is idle.  enabled since Thu Dec 12 22:38:53 2024
printer UNIV_PKPAPER_01 is idle.  enabled since Wed Oct  1 23:53:11 2025
printer UNIV_PKPAPER_02 is idle.  enabled since Tue Sep 17 23:47:07 2024
printer WMS_TEST_LABEL is idle.  enabled since Thu Jul 25 15:24:51 2024
printer WMS_UAT_LABEL is idle.  enabled since Tue Jul 30 14:28:43 2024
printer YOHANA is idle.  enabled since Thu Sep 12 21:05:20 2024
-------------------------------------
CUPS Service (Port 631): NOT REACHABLE on 172.25.30.8
-------------------------------------

Total number of Java process running on this host 172.25.30.8 is 43
Total number of Daemon / Batch (java) application process available is 36

Daemon Process id and name details are given below
Process ID: 2146588, Process Name: 2:26
Process ID: 2147122, Process Name: 1:52
Process ID: 2137816, Process Name: 1:37
Process ID: 2138215, Process Name: 1:48
Process ID: 2132249, Process Name: 1:40
Process ID: 2131553, Process Name: 1:37
Process ID: 2131778, Process Name: 1:49
Process ID: 2349140, Process Name: 0:52
Process ID: 2131647, Process Name: 1:17
Process ID: 2132003, Process Name: 1:47
Process ID: 2131709, Process Name: 1:50
Process ID: 2131845, Process Name: 1:20
Process ID: 2131921, Process Name: 1:45
Process ID: 2134685, Process Name: 1:41
Process ID: 2134626, Process Name: 1:37
Process ID: 2134813, Process Name: 1:36
Process ID: 2134958, Process Name: 1:47
Process ID: 2348726, Process Name: 0:52
Process ID: 2134748, Process Name: 1:17
Process ID: 2135219, Process Name: 1:46
Process ID: 2134885, Process Name: 1:49
Process ID: 2135025, Process Name: 1:28
Process ID: 2135136, Process Name: 1:45
Process ID: 2145483, Process Name: 1:44
Process ID: 2687820, Process Name: 0:08
Process ID: 2138609, Process Name: 1:44
Process ID: 2138526, Process Name: 1:37
Process ID: 2141213, Process Name: 1:16
Process ID: 2137873, Process Name: 1:25
Process ID: 2137937, Process Name: 1:20
Process ID: 2138000, Process Name: 10:42
Process ID: 2138363, Process Name: 10:53
Process ID: 2138074, Process Name: 1:17
Process ID: 2138140, Process Name: 2:17
Process ID: 2138291, Process Name: 6:47
Process ID: 2138445, Process Name: 1:19
-------------------------------------

-------------------------------------
Total number of App process running on this host 172.25.30.8
Total number of App java process available is 5
-------------------------------------
App Process details:
Process ID: 6209, Process Name: 467:02
Process ID: 8298, Process Name: 726:26
Process ID: 994169, Process Name: actwmscnfg_jb74
Process ID: 1621992, Process Name: 18:28
Process ID: 1622253, Process Name: 17:42
-------------------------------------

Web Application Port Validation for Server IP: 172.25.30.8
Port 8080:	actwmsuat_j	Running
Port 8081:	actwmsrfuat	Running
Port 8082:	actwmsrfuat	Not Running
Port 8083:	actswpuat_jb8p	Running
Port 8084:	actapi_jb80eap	Running
-------------------------------------

==============================================================================
Server Availability Check Completed at Wed Oct 29 04:13:21 UTC 2025
==============================================================================


2025-10-29 00:13:44,673 - 20801 - ERROR - app_validation.sh errors for i-047fbd4a2a96ec8f3:

2025-10-29 00:13:44,676 - 20801 - INFO - Before patching validation saved to: output/validation-2025-10-29/172.25.30.8-BeforePatching-2025-10-29-00-13-44-675.log
2025-10-29 00:13:44,676 - 20801 - INFO - Deregistering i-047fbd4a2a96ec8f3 from TG arn:aws:elasticloadbalancing:us-west-2:835314132208:targetgroup/ACT-UAT-API/2485de07e854ae13
2025-10-29 00:13:45,004 - 20801 - INFO - Deregistering i-047fbd4a2a96ec8f3 from TG arn:aws:elasticloadbalancing:us-west-2:835314132208:targetgroup/ACT-UAT-Config/1595ab19e5994ffe
2025-10-29 00:13:45,114 - 20801 - INFO - Deregistering i-047fbd4a2a96ec8f3 from TG arn:aws:elasticloadbalancing:us-west-2:835314132208:targetgroup/ACT-UAT-Desktop/6648735ce5e8b61c
2025-10-29 00:13:45,220 - 20801 - INFO - Deregistering i-047fbd4a2a96ec8f3 from TG arn:aws:elasticloadbalancing:us-west-2:835314132208:targetgroup/ACT-UAT-Portal/7dc15e811358a2b2
2025-10-29 00:13:45,329 - 20801 - INFO - Deregistering i-047fbd4a2a96ec8f3 from TG arn:aws:elasticloadbalancing:us-west-2:835314132208:targetgroup/ACT-UAT-RF/0a6864564131e339
2025-10-29 00:13:45,438 - 20801 - INFO - Stopping EC2 instance: i-047fbd4a2a96ec8f3 at 2025-10-29 00:13:45
2025-10-29 00:15:47,628 - 20801 - INFO - Instance i-047fbd4a2a96ec8f3 stopped successfully.
2025-10-29 00:15:47,803 - 20801 - INFO - Stopped i-047fbd4a2a96ec8f3 in 0:02:02.365070
2025-10-29 00:15:47,804 - 20801 - INFO - Starting EC2 instance: i-047fbd4a2a96ec8f3
2025-10-29 00:16:03,701 - 20801 - INFO - Instance i-047fbd4a2a96ec8f3 started successfully.
2025-10-29 00:16:03,701 - 20801 - INFO - Waiting 30 seconds for SSM agent to be ready on i-047fbd4a2a96ec8f3...
2025-10-29 00:16:33,731 - 20801 - INFO - Registering i-047fbd4a2a96ec8f3 to TG arn:aws:elasticloadbalancing:us-west-2:835314132208:targetgroup/ACT-UAT-API/2485de07e854ae13
2025-10-29 00:16:34,162 - 20801 - INFO - Registering i-047fbd4a2a96ec8f3 to TG arn:aws:elasticloadbalancing:us-west-2:835314132208:targetgroup/ACT-UAT-Config/1595ab19e5994ffe
2025-10-29 00:16:34,365 - 20801 - INFO - Registering i-047fbd4a2a96ec8f3 to TG arn:aws:elasticloadbalancing:us-west-2:835314132208:targetgroup/ACT-UAT-Desktop/6648735ce5e8b61c
2025-10-29 00:16:34,560 - 20801 - INFO - Registering i-047fbd4a2a96ec8f3 to TG arn:aws:elasticloadbalancing:us-west-2:835314132208:targetgroup/ACT-UAT-Portal/7dc15e811358a2b2
2025-10-29 00:16:34,755 - 20801 - INFO - Registering i-047fbd4a2a96ec8f3 to TG arn:aws:elasticloadbalancing:us-west-2:835314132208:targetgroup/ACT-UAT-RF/0a6864564131e339
2025-10-29 00:22:07,448 - 20801 - INFO - Sent app_validation.sh to i-047fbd4a2a96ec8f3 (command_id: 9880a15c-70b5-475a-b602-2dd78531bb24)
2025-10-29 00:22:37,810 - 20801 - INFO - app_validation.sh output for i-047fbd4a2a96ec8f3:

==============================================================================
Server Availability Check Started at Wed Oct 29 04:22:07 UTC 2025
==============================================================================

-------------------------------------
Server IP : 172.25.30.8
-------------------------------------
System Information
------------------
Hostname: ip-172-25-30-8.us-west-2.compute.internal
Uptime: up 6 minutes
Current User: root
Working Directory: /usr/bin
-------------------------------------
Voice Console URL: http://172.25.30.8:9090/VoiceConsole
-------------------------------------

-------------------------------------
Server IP : 172.25.30.8
-------------------------------------
Physical Memory Information
---------------------------
Total Physical Memory = 31379 MB
Used Physical Memory  = 16146 MB
Free Physical Memory  = 15233 MB
-------------------------------------
Swap Memory Information
-----------------------
Total Swap Memory = 10239 MB
Used Swap Memory  = 0 MB
Free Swap Memory  = 10239 MB
-------------------------------------
Load Average: 2.85 13.69 8.28 8/1970 12733
-------------------------------------

Disk Usage Information
----------------------
Filesystem             Size  Used Avail Use% Mounted on
/dev/nvme0n1p1          20G  5.0G   15G  25% /
/dev/nvme0n1p128        10M  1.3M  8.7M  13% /boot/efi
/dev/mapper/vg01-lv02  240G  158G   83G  66% /data
devtmpfs               4.0M     0  4.0M   0% /dev
tmpfs                   16G     0   16G   0% /dev/shm
tmpfs                  6.2G  8.9M  6.2G   1% /run
tmpfs                  3.1G     0  3.1G   0% /run/user/2001
tmpfs                  3.1G     0  3.1G   0% /run/user/992
tmpfs                   16G   65M   16G   1% /tmp
-------------------------------------

Application Port Validation for Server IP: 172.25.30.8 started on Wed Oct 29 04:22:07 UTC 2025

Server IP: 172.25.30.8 is reachable.

SSH Service (Port 22) Status:
SSH Service (Port 22): NOT REACHABLE
-------------------------------------

FTP Service Validation for Server IP: 172.25.30.8

FTP Service (Port 21): NOT REACHABLE
No FTP processes detected
-------------------------------------

CUPS Service Validation for Server IP: 172.25.30.8

CUPS Service (Port 631): NOT REACHABLE

Printer Configuration:
Total Printers Configured: 165
Printer Details:
printer AVERY_ADTP1EF_MPCL is idle.  enabled since Sat Oct 25 17:54:32 2025
printer AVERY_ADTP1EF_MPCL_LABEL2 is idle.  enabled since Sat Jul  6 12:00:44 2024
printer AVERY_ADTP1EF_MPCL_LABEL3 is idle.  enabled since Sat Jul  6 12:01:31 2024
printer AVERY_ADTP1EF_MPCL_LABEL4 is idle.  enabled since Sat Sep 21 05:07:40 2024
printer CSR_LP2 is idle.  enabled since Mon Oct  6 18:59:13 2025
printer HEM_LABEL_03 is idle.  enabled since Tue Jan 21 21:47:23 2025
printer HEM_LABEL_05 is idle.  enabled since Fri Nov 15 20:55:43 2024
printer HEM_LABEL_07 is idle.  enabled since Thu Sep 12 22:12:29 2024
printer HEM_LABEL_08 is idle.  enabled since Fri Sep 13 00:44:00 2024
printer HEM_LABEL_09 is idle.  enabled since Thu Sep 12 22:25:40 2024
printer HEM_LABEL_10 is idle.  enabled since Thu Sep 12 22:23:08 2024
printer HEM_LABEL_11 is idle.  enabled since Thu Sep 12 22:23:07 2024
printer HEM_LABEL_12 is idle.  enabled since Tue Nov 19 23:48:17 2024
printer HEM_LABEL_TB_01 is idle.  enabled since Fri Jan 10 19:38:18 2025
printer HEM_MRLABEL_01 is idle.  enabled since Fri Jan 17 22:31:31 2025
printer HEM_MRLABEL_02 is idle.  enabled since Wed Nov 13 20:34:04 2024
printer HEM_MRLABEL_03 is idle.  enabled since Fri Nov 15 21:08:15 2024
printer HEM_MRLABEL_04 is idle.  enabled since Tue Oct  1 20:22:15 2024
printer HEM_MRLABEL_05 is idle.  enabled since Fri Nov 15 20:56:43 2024
printer HEM_OVAS_02 is idle.  enabled since Fri Sep 13 00:57:34 2024
printer HEM_OVAS_03 is idle.  enabled since Thu Jan 16 05:57:01 2025
printer HEM_PKLABEL_01 is idle.  enabled since Mon Aug 25 19:35:58 2025
printer HEM_PKLABEL_02 is idle.  enabled since Tue May 27 19:49:07 2025
printer HEM_PKLABEL_03 is idle.  enabled since Mon Jan 13 20:45:24 2025
printer HEM_PKLABEL_04 is idle.  enabled since Thu Jul 18 10:24:23 2024
printer HEM_PKLABEL_05 is idle.  enabled since Fri Feb 28 22:31:58 2025
printer HEM_PKLABEL_06 is idle.  enabled since Mon Jan 13 21:12:55 2025
printer HEM_PKPAPER_01 is idle.  enabled since Mon Aug 25 19:36:01 2025
printer HEM_PKPAPER_02 is idle.  enabled since Wed Nov 20 19:29:48 2024
printer HEM_PKPAPER_03 is idle.  enabled since Thu Jul 18 10:21:49 2024
printer HEM_PKPAPER_04 is idle.  enabled since Thu Jul 18 10:24:58 2024
printer HEM_PKPAPER_05 is idle.  enabled since Mon Jan 13 21:15:06 2025
printer HEM_PKPAPER_06 is idle.  enabled since Thu Jul 18 10:33:16 2024
printer HEM_SLABEL_04 is idle.  enabled since Thu Jan 23 01:06:39 2025
printer HEM_UAT_LABEL_01 is idle.  enabled since Wed Oct  2 08:52:34 2024
printer HEM_UAT_PAPER_01 is idle.  enabled since Tue Oct 14 20:55:51 2025
printer HEM_UATLABEL_01 is idle.  enabled since Mon Jan 13 20:30:06 2025
printer HEM_UATLABEL_02 is idle.  enabled since Mon Oct 20 18:31:44 2025
printer HEM_UATPAPER_01 is idle.  enabled since Thu Oct  2 20:36:29 2025
printer HEM_UPAPER_01 is idle.  enabled since Mon Oct 20 19:14:58 2025
printer HEM_WHLABEL_01 is idle.  enabled since Fri Sep 13 00:30:20 2024
printer HEM_WHLABEL_02 is idle.  enabled since Wed Jun 11 20:06:50 2025
printer HEM_WVAS_01 is idle.  enabled since Thu Sep 12 23:33:53 2024
printer HEMI_LABEL_01 is idle.  enabled since Fri May 16 15:32:34 2025
printer HEMO_LABEL_01 is idle.  enabled since Tue Sep 16 21:25:19 2025
printer HLPACKLZ6 is idle.  enabled since Fri Dec  6 21:08:11 2024
printer HLPACKLZ7 is idle.  enabled since Thu Sep 12 23:06:54 2024
printer HLPACKPR1 is idle.  enabled since Thu Sep 12 23:18:44 2024
printer HLPACKPR2 is idle.  enabled since Thu Sep 12 23:04:52 2024
printer HLPACKPR5 is idle.  enabled since Thu Sep 12 23:05:13 2024
printer HLPR_01 is idle.  enabled since Thu Mar  6 19:10:13 2025
printer HLPR_02 is idle.  enabled since Tue Sep 16 21:49:58 2025
printer HLPR_04 is idle.  enabled since Thu Jan 16 18:14:31 2025
printer HMLP_MB01 is idle.  enabled since Fri Sep 13 00:02:24 2024
printer KSU_OFLABEL_01 is idle.  enabled since Mon Oct 21 21:29:12 2024
printer KSU_OFLABEL_02 is idle.  enabled since Fri Sep 13 19:59:33 2024
printer KSU_OFLABEL_03 is idle.  enabled since Mon Jul 15 12:08:53 2024
printer KSU_OFLABEL_04 is idle.  enabled since Mon Jul 15 12:09:18 2024
printer LABEL_WMS_UAT is idle.  enabled since Thu Aug 21 18:27:49 2025
printer LABEL_WMS_UAT_WIRE is idle.  enabled since Mon Sep  2 15:40:57 2024
printer LASER_WMS_UAT is idle.  enabled since Fri Jul 25 10:15:11 2025
printer ML_LABEL_02 is idle.  enabled since Fri Sep 13 20:10:06 2024
printer ML_LABEL_03 is idle.  enabled since Fri Sep 13 20:56:13 2024
printer ML_LABEL_04 is idle.  enabled since Mon Jul 15 12:15:22 2024
printer ML_LABEL_06 is idle.  enabled since Mon Jul 15 12:15:50 2024
printer ML_LABEL_07 is idle.  enabled since Mon Jul 15 12:16:14 2024
printer ML_LABEL_08 is idle.  enabled since Fri Sep 13 20:11:07 2024
printer ML_LABEL_09 is idle.  enabled since Tue Oct  8 23:24:23 2024
printer ML_LABEL_10 is idle.  enabled since Mon Jul 15 11:31:57 2024
printer ML_LABEL_11 is idle.  enabled since Tue Apr 15 22:44:11 2025
printer ML_LABEL_13 is idle.  enabled since Tue Jul 15 21:28:14 2025
printer ML_LABEL_14 is idle.  enabled since Thu Oct 23 20:01:45 2025
printer ML_LABEL_14_UNIV is idle.  enabled since Mon Oct 27 21:01:18 2025
printer ML_PKLABEL_02 is idle.  enabled since Fri Sep 13 22:18:16 2024
printer ML_PKLABEL_04 is idle.  enabled since Fri Sep 13 22:18:17 2024
printer ML_PKLABEL_05 is idle.  enabled since Fri Sep 13 22:18:18 2024
printer ML_PKLABEL_06 is idle.  enabled since Fri Sep 13 22:18:49 2024
printer ML_PKLABEL_07 is idle.  enabled since Fri Sep 13 22:20:52 2024
printer ML_PKLABEL_08 is idle.  enabled since Fri Sep 13 22:18:51 2024
printer ML_PKLABEL_09 is idle.  enabled since Mon Jul 15 11:38:12 2024
printer ML_PKLABEL_10 is idle.  enabled since Tue Oct  8 23:16:06 2024
printer ML_WHLABEL_12 is idle.  enabled since Fri Oct 11 15:19:40 2024
printer MLCOPY_17 is idle.  enabled since Fri Sep 13 19:56:50 2024
printer MLPR_03_COLOR is idle.  enabled since Fri Sep 13 17:32:48 2024
printer MLPR_05 is idle.  enabled since Mon Jul 15 11:39:37 2024
printer MLPR_13 is idle.  enabled since Fri Sep 13 22:11:04 2024
printer MLPR_14 is idle.  enabled since Thu Oct  2 19:29:28 2025
printer MLPR_15 is idle.  enabled since Fri Sep 13 21:30:23 2024
printer MLPR_16 is idle.  enabled since Mon Jul 15 12:07:26 2024
printer MLPR_18 is idle.  enabled since Wed Oct  8 16:03:04 2025
printer MLPR_19 is idle.  enabled since Mon Jul 15 11:42:03 2024
printer MLPR_20 is idle.  enabled since Wed May  7 17:40:47 2025
printer MUNI_PKLABEL_01 is idle.  enabled since Fri Sep 13 19:16:40 2024
printer MUNI_PKLABEL_02 is idle.  enabled since Fri Sep 13 19:16:47 2024
printer MUNI_PKPAPER_01 is idle.  enabled since Fri Sep 13 19:15:07 2024
printer MUNI_PKPAPER_02 is idle.  enabled since Fri Sep 13 19:15:35 2024
printer NUNI_PKLABEL_01 is idle.  enabled since Tue Dec 24 10:50:21 2024
printer NUNI_PKLABEL_02 is idle.  enabled since Thu Jul 18 11:11:56 2024
printer NUNI_PKLABEL_03 is idle.  enabled since Thu Jul 18 11:15:24 2024
printer NUNI_PKLABEL_04 is idle.  enabled since Wed Nov 20 15:48:04 2024
printer NUNI_PKLABEL_05 is idle.  enabled since Thu Jul 18 11:17:50 2024
printer NUNI_PKLABEL_06 is idle.  enabled since Thu May 15 17:54:02 2025
printer NUNI_PKPAPER_01 is idle.  enabled since Thu Jul 18 11:11:15 2024
printer NUNI_PKPAPER_02 is idle.  enabled since Mon Oct 21 20:31:35 2024
printer NUNI_PKPAPER_03 is idle.  enabled since Mon Oct 21 20:30:44 2024
printer NUNI_PKPAPER_04 is idle.  enabled since Thu Jul 18 11:17:09 2024
printer NUNI_PKPAPER_05 is idle.  enabled since Mon Oct 21 21:04:18 2024
printer NUNI_PKPAPER_06 is idle.  enabled since Thu Jul 18 11:19:37 2024
printer OFFICE_LPFO_02 is idle.  enabled since Mon Jul 15 12:00:26 2024
printer OFFICE_LPFO_08 is idle.  enabled since Thu Sep 12 22:06:57 2024
printer OFFICE_LPFO_10 is idle.  enabled since Fri Sep 13 03:43:59 2024
printer PACK_LPFO_01 is idle.  enabled since Thu Sep 12 23:01:10 2024
printer PACK_LPFO_02 is idle.  enabled since Thu Sep 12 23:01:11 2024
printer PACK_LPFO_03 is idle.  enabled since Fri Dec 13 22:25:12 2024
printer PACK_LPFO_04 is idle.  enabled since Thu Sep 12 23:01:13 2024
printer PACK_LPFO_05 is idle.  enabled since Thu Sep 12 23:01:45 2024
printer PACK_LPFO_06 is idle.  enabled since Wed Aug 20 12:32:05 2025
printer PACK_LPFO_07 is idle.  enabled since Fri Dec  6 20:25:17 2024
printer PACK_LZ4 is idle.  enabled since Thu Sep 12 23:06:14 2024
printer PACK_LZHP_03 is idle.  enabled since Thu Sep 12 23:05:53 2024
printer PACKSTATIONLZ2 is idle.  enabled since Fri Sep 13 22:25:55 2024
printer PACKSTATIONLZ4 is idle.  enabled since Mon Oct 21 20:31:32 2024
printer PACKSTATIONLZ5 is idle.  enabled since Mon Jul 15 11:44:13 2024
printer PACKSTATIONLZ6 is idle.  enabled since Mon Jul 15 11:44:34 2024
printer PACKSTATIONLZ7 is idle.  enabled since Mon Jul 15 11:44:54 2024
printer PACKSTATIONLZ8 is idle.  enabled since Fri Sep 13 22:26:02 2024
printer SOLUTION_PRINTER is idle.  enabled since Mon Jun 16 18:03:54 2025
printer SOLUTION_PRINTER_UNI is idle.  enabled since Mon Aug  4 15:55:00 2025
printer SUNI_CLABEL_01 is idle.  enabled since Tue May  6 20:23:51 2025
printer SUNI_PKLABEL_01 is idle.  enabled since Fri Sep 13 21:05:38 2024
printer SUNI_PKLABEL_02 is idle.  enabled since Fri Sep 13 21:14:44 2024
printer SUNI_PKLABEL_03 is idle.  enabled since Fri Sep 13 21:06:20 2024
printer SUNI_PKLABEL_04 is idle.  enabled since Fri Sep 13 21:06:39 2024
printer SUNI_PKLABEL_05 is idle.  enabled since Fri Sep 13 21:14:52 2024
printer SUNI_PKLABEL_06 is idle.  enabled since Fri Sep 13 21:06:44 2024
printer SUNI_PKLABEL_07 is idle.  enabled since Fri Sep 13 21:18:41 2024
printer SUNI_PKLABEL_08 is idle.  enabled since Mon Sep 30 20:32:28 2024
printer SUNI_PKPAPER_01 is idle.  enabled since Fri Sep 13 21:31:59 2024
printer SUNI_PKPAPER_02 is idle.  enabled since Mon Oct 21 21:10:49 2024
printer SUNI_PKPAPER_03 is idle.  enabled since Fri Sep 13 21:32:23 2024
printer SUNI_PKPAPER_04 is idle.  enabled since Fri Sep 13 21:32:50 2024
printer SUNI_PKPAPER_05 is idle.  enabled since Fri Sep 13 21:33:10 2024
printer SUNI_PKPAPER_06 is idle.  enabled since Fri Sep 13 21:33:47 2024
printer SUNI_PKPAPER_07 is idle.  enabled since Fri Sep 13 21:33:57 2024
printer SUNI_PKPAPER_08 is idle.  enabled since Fri Sep 13 21:34:27 2024
printer SUNI_TBLABEL_01 is idle.  enabled since Wed Sep 18 23:01:05 2024
printer SUNI_TBLABEL_02 is idle.  enabled since Wed Sep 18 23:01:05 2024
printer SUNI_TBLABEL_03 is idle.  enabled since Wed Sep 18 23:17:07 2024
printer SUNID_LABEL_01 is idle.  enabled since Fri Sep 13 19:49:17 2024
printer TOSHIBA_RPT_PRINTER1 is idle.  enabled since Sat Jul  6 12:03:34 2024
printer TOSHIBA_RPT_PRINTER2 is idle.  enabled since Sat Jul  6 12:04:17 2024
printer TOSHIBA_RPT_PRINTER3 is idle.  enabled since Sat Jul  6 12:04:49 2024
printer TOSHIBA_RPT_PRINTER4 is idle.  enabled since Sat Jul  6 12:05:26 2024
printer UAT_DUMMY is idle.  enabled since Thu Sep  4 18:54:56 2025
printer UNI_UATLABEL_01 is idle.  enabled since Thu Oct 23 23:48:53 2025
printer UNI_UATPAPER_01 is idle.  enabled since Thu Oct 23 20:01:48 2025
printer UNIV_MBLABEL_02 is idle.  enabled since Wed May 21 02:42:57 2025
printer UNIV_MBLABEL_021 is idle.  enabled since Wed Oct 23 21:26:49 2024
printer UNIV_PKLABEL_01 is idle.  enabled since Mon Feb 24 17:00:30 2025
printer UNIV_PKLABEL_02 is idle.  enabled since Thu Dec 12 22:38:53 2024
printer UNIV_PKPAPER_01 is idle.  enabled since Wed Oct  1 23:53:11 2025
printer UNIV_PKPAPER_02 is idle.  enabled since Tue Sep 17 23:47:07 2024
printer WMS_TEST_LABEL is idle.  enabled since Thu Jul 25 15:24:51 2024
printer WMS_UAT_LABEL is idle.  enabled since Tue Jul 30 14:28:43 2024
printer YOHANA is idle.  enabled since Thu Sep 12 21:05:20 2024
-------------------------------------
CUPS Service (Port 631): NOT REACHABLE on 172.25.30.8
-------------------------------------

Total number of Java process running on this host 172.25.30.8 is 41
Total number of Daemon / Batch (java) application process available is 34

Daemon Process id and name details are given below
Process ID: 3141, Process Name: 0:08
Process ID: 2733, Process Name: 0:07
Process ID: 2728, Process Name: 0:07
Process ID: 4323, Process Name: 0:08
Process ID: 5757, Process Name: 0:07
Process ID: 2740, Process Name: 0:08
Process ID: 3593, Process Name: 0:07
Process ID: 3157, Process Name: 0:07
Process ID: 4336, Process Name: 0:08
Process ID: 3339, Process Name: 0:07
Process ID: 3869, Process Name: 0:07
Process ID: 4156, Process Name: 0:08
Process ID: 2901, Process Name: 0:07
Process ID: 2708, Process Name: 0:07
Process ID: 3364, Process Name: 0:06
Process ID: 3813, Process Name: 0:07
Process ID: 3139, Process Name: 0:07
Process ID: 5027, Process Name: 0:07
Process ID: 3587, Process Name: 0:08
Process ID: 4060, Process Name: 0:07
Process ID: 4320, Process Name: 0:08
Process ID: 6173, Process Name: 0:09
Process ID: 2741, Process Name: 0:03
Process ID: 6056, Process Name: 0:24
Process ID: 5883, Process Name: 0:08
Process ID: 6328, Process Name: 0:07
Process ID: 3098, Process Name: 0:06
Process ID: 3313, Process Name: 0:07
Process ID: 3517, Process Name: 0:17
Process ID: 5475, Process Name: 0:29
Process ID: 3832, Process Name: 0:07
Process ID: 4096, Process Name: 0:08
Process ID: 5131, Process Name: 0:16
Process ID: 5667, Process Name: 0:07
-------------------------------------

-------------------------------------
Total number of App process running on this host 172.25.30.8
Total number of App java process available is 5
-------------------------------------
App Process details:
Process ID: 7178, Process Name: 1:22
Process ID: 7804, Process Name: 1:09
Process ID: 8151, Process Name: 1:44
Process ID: 8647, Process Name: 1:47
Process ID: 8776, Process Name: 1:59
-------------------------------------

Web Application Port Validation for Server IP: 172.25.30.8
Port 8080:	actwmsuat_jb74	Running
Port 8081:	actwmsrfuat_jb	Running
Port 8082:	actwmsrfuat_jb	Not Running
Port 8083:	actswpuat_jb8p	Running
Port 8084:	actapi_jb80eap	Running
-------------------------------------

==============================================================================
Server Availability Check Completed at Wed Oct 29 04:22:15 UTC 2025
==============================================================================


2025-10-29 00:22:37,810 - 20801 - ERROR - app_validation.sh errors for i-047fbd4a2a96ec8f3:

2025-10-29 00:22:37,812 - 20801 - INFO - After patching validation saved to: output/validation-2025-10-29/172.25.30.8-AfterPatching-2025-10-29-00-22-37-812.log
2025-10-29 00:22:37,856 - 20801 - INFO - Validation comparison report generated: output/validation-2025-10-29/172.25.30.8-Validation-details-2025-10-29-00-22-37-812.log
2025-10-29 00:22:37,937 - 20801 - INFO - Email sent successfully to ['adityak@softeon.com', 'ITSupport@softeon.com']
2025-10-29 00:22:37,937 - 20801 - INFO - HTML validation report email sent for i-047fbd4a2a96ec8f3
2025-10-29 00:22:38,072 - 20801 - INFO - Started i-047fbd4a2a96ec8f3 in 0:06:50.267657
2025-10-29 00:22:38,072 - 20801 - INFO - All instances processed.
2025-10-29 00:22:38,076 - 20801 - INFO - Restart Total time: 0:09:28.963264
2025-10-29 00:22:38,076 - 20801 - INFO - Auto-confirmed services are restarted
2025-10-29 00:22:38,076 - 20801 - INFO - Confirmed - services are started
2025-10-29 00:22:38,264 - 20801 - INFO - The following instances have failed the patch: []
2025-10-29 00:22:38,265 - 20801 - INFO - No instances have failed the patch.
2025-10-29 00:22:38,265 - 20801 - INFO - Total Patch Process time: 0:17:36.843735
2025-10-29 00:22:38,437 - 20801 - INFO - Email sent successfully to ['adityak@softeon.com', 'a80af5b5.softeon.com@in.teams.ms', 'ITSupport@softeon.com']
2025-10-29 00:23:38,654 - 20801 - INFO - Log file ./logs/patching_2025-10-29_ACT-Fulfillment.log uploaded to s3://q4-2025-aws-security-patching/ACT-Fulfillment_Patch/2025-10-29/patching_2025-10-29_ACT-Fulfillment.log
