2026-01-02 00:30:02,719 - 3173 - INFO - Email sent successfully to ['CloudOps@softeon.com']
2026-01-02 04:30:03,142 - 17948 - INFO - Logger setup has been removed, using shared logger from common.logs.logger.
2026-01-02 04:30:03,142 - 17948 - INFO - Script Start Time: 2026-01-02 04:30:03
2026-01-02 04:30:03,571 - 17948 - INFO - Instance(s) selected for Patching: {'i-057a37891bb84393d': '172.30.160.15'}
2026-01-02 04:30:03,696 - 17948 - INFO - Email sent successfully to ['a80af5b5.softeon.com@in.teams.ms', 'CloudOps@softeon.com']
2026-01-02 04:30:03,696 - 17948 - INFO - Now patching instances at: 2026-01-02 04:30:03
2026-01-02 04:30:03,767 - 17948 - INFO - Sending patch command to instance i-057a37891bb84393d
2026-01-02 04:30:04,004 - 17948 - INFO - Command sent successfully to instance i-057a37891bb84393d. Command ID: 418a33b1-6f66-4b68-9ddd-3a9b9d465f50
2026-01-02 04:34:35,620 - 17948 - INFO - All patches applied successfully.
2026-01-02 04:34:35,620 - 17948 - INFO - Patching end time: 2026-01-02 04:34:35
2026-01-02 04:34:35,620 - 17948 - INFO - Patch Elapsed time: 0:04:31.924266
2026-01-02 04:34:35,704 - 17948 - INFO - Email sent successfully to ['a80af5b5.softeon.com@in.teams.ms', 'CloudOps@softeon.com']
2026-01-02 04:34:35,704 - 17948 - INFO - Confirmed - services are stopped
2026-01-02 04:34:43,300 - 17948 - INFO - Discovered TG map: {'i-057a37891bb84393d': ['arn:aws:elasticloadbalancing:us-east-2:835314132208:targetgroup/Curology-UAT-Desktop-Ext/7b9d2325b6b94dd3', 'arn:aws:elasticloadbalancing:us-east-2:835314132208:targetgroup/Curology-UAT-RF-Ext/29059c37e8ff9b5c', 'arn:aws:elasticloadbalancing:us-east-2:835314132208:targetgroup/Curology-UAT-WS-Ext/9447f06e01fe3ed5']}
2026-01-02 04:34:43,575 - 17948 - INFO - Sent app_validation.sh to i-057a37891bb84393d (command_id: 3fda680a-4a6f-400c-bc0c-1a0738afc854)
2026-01-02 04:35:13,688 - 17948 - INFO - app_validation.sh output for i-057a37891bb84393d:

==============================================================================
Server Availability Check Started at Fri Jan  2 09:34:43 UTC 2026
==============================================================================

-------------------------------------
Server IP : 172.30.160.15
-------------------------------------
System Information
------------------
Hostname: ip-172-30-160-15.us-east-2.compute.internal
Uptime: up 9 weeks, 1 day, 2 hours, 7 minutes
Current User: root
Working Directory: /usr/bin
-------------------------------------
Voice Console URL: http://172.30.160.15:9090/VoiceConsole
-------------------------------------

-------------------------------------
Server IP : 172.30.160.15
-------------------------------------
Physical Memory Information
---------------------------
Total Physical Memory = 15611 MB
Used Physical Memory  = 11484 MB
Free Physical Memory  = 4127 MB
-------------------------------------
Swap Memory Information
-----------------------
Total Swap Memory = 10239 MB
Used Swap Memory  = 3245 MB
Free Swap Memory  = 6994 MB
-------------------------------------
Load Average: 0.75 0.91 0.45 1/1042 3770910
-------------------------------------

Disk Usage Information
----------------------
Filesystem             Size  Used Avail Use% Mounted on
/dev/nvme0n1p1          20G  5.5G   15G  28% /
/dev/nvme0n1p128        10M  1.3M  8.7M  13% /boot/efi
/dev/mapper/vg01-lv02  240G   72G  169G  30% /data
devtmpfs               4.0M     0  4.0M   0% /dev
tmpfs                  7.7G     0  7.7G   0% /dev/shm
tmpfs                  3.1G  776K  3.1G   1% /run
tmpfs                  1.6G     0  1.6G   0% /run/user/2001
tmpfs                  1.6G     0  1.6G   0% /run/user/2004
tmpfs                  1.6G     0  1.6G   0% /run/user/992
tmpfs                  7.7G   47M  7.6G   1% /tmp
-------------------------------------

Application Port Validation for Server IP: 172.30.160.15 started on Fri Jan  2 09:34:43 UTC 2026

Server IP: 172.30.160.15 is reachable.

SSH Service (Port 22) Status:
SSH Service (Port 22): NOT REACHABLE
-------------------------------------

FTP Service Validation for Server IP: 172.30.160.15

FTP Service (Port 21): NOT REACHABLE
No FTP processes detected
-------------------------------------

CUPS Service Validation for Server IP: 172.30.160.15

CUPS Service (Port 631): NOT REACHABLE

Printer Configuration:
Total Printers Configured: 222
Printer Details:
printer D2N203400057 is idle.  enabled since Tue Sep  3 14:29:14 2024
printer DUMMY_LABEL is idle.  enabled since Wed Dec  3 22:55:44 2025
printer DUMMY_LASER is idle.  enabled since Thu Dec 12 23:35:23 2024
printer LGX_WMS1_ZD420 is idle.  enabled since Mon Dec  4 02:07:19 2023
printer LGX_WMS1_ZD620 is idle.  enabled since Wed Aug 23 14:56:45 2023
printer LGX_WMS2_ZD420 is idle.  enabled since Wed Aug 23 15:03:38 2023
printer LGX_WMS2_ZD620 is idle.  enabled since Wed Aug 23 15:04:46 2023
printer PRINTER is idle.  enabled since Wed Jul 24 20:07:05 2024
printer PSS_F01_ZD420 is idle.  enabled since Wed Dec 31 23:34:32 2025
printer PSS_F01_ZD620 is idle.  enabled since Wed Mar 20 17:30:43 2024
printer PSS_F02_ZD420 is idle.  enabled since Tue Apr 30 10:34:19 2024
printer PSS_F02_ZD620 is idle.  enabled since Wed Aug  9 09:01:57 2023
printer PSS_F03_ZD420 is idle.  enabled since Wed Aug  9 09:02:44 2023
printer PSS_F03_ZD620 is idle.  enabled since Wed Aug  9 09:03:37 2023
printer PSS_F04_ZD420 is idle.  enabled since Wed Aug  9 09:17:16 2023
printer PSS_F04_ZD620 is idle.  enabled since Wed Aug  9 09:18:07 2023
printer PSS_F05_ZD420 is idle.  enabled since Mon Nov 24 20:55:54 2025
printer PSS_F05_ZD620 is idle.  enabled since Mon Nov 24 20:55:50 2025
printer PSS_F06_ZD420 is idle.  enabled since Wed Aug  9 09:26:51 2023
printer PSS_F06_ZD620 is idle.  enabled since Wed Aug  9 09:27:32 2023
printer PSS_F07_ZD420 is idle.  enabled since Mon Dec 22 16:24:53 2025
printer PSS_F07_ZD620 is idle.  enabled since Thu Dec 18 20:54:20 2025
printer PSS_F08_ZD420 is idle.  enabled since Wed Aug  9 09:29:57 2023
printer PSS_F08_ZD620 is idle.  enabled since Wed Aug  9 09:31:07 2023
printer PSS_F09_ZD420 is idle.  enabled since Tue Oct 17 08:06:33 2023
printer PSS_F09_ZD620 is idle.  enabled since Tue Oct 17 08:06:33 2023
printer PSS_F10_ZD420 is idle.  enabled since Mon Jul 14 15:31:48 2025
printer PSS_F10_ZD620 is idle.  enabled since Wed Aug  9 09:21:22 2023
printer PSS_F11_ZD420 is idle.  enabled since Wed Aug  9 09:22:08 2023
printer PSS_F11_ZD620 is idle.  enabled since Wed Aug  9 09:23:27 2023
printer PSS_F12_ZD420 is idle.  enabled since Thu Oct 12 12:22:57 2023
printer PSS_F12_ZD620 is idle.  enabled since Wed Aug  9 09:24:19 2023
printer PSS_F13_ZD420 is idle.  enabled since Tue Oct 17 11:12:42 2023
printer PSS_F13_ZD620 is idle.  enabled since Tue Oct 17 11:12:42 2023
printer PSS_F14_ZD420 is idle.  enabled since Wed Aug  9 09:33:59 2023
printer PSS_F14_ZD620 is idle.  enabled since Wed Aug  9 09:34:50 2023
printer PSS_F15_ZD420 is idle.  enabled since Wed Aug  9 09:35:52 2023
printer PSS_F15_ZD620 is idle.  enabled since Wed Aug  9 09:36:34 2023
printer PSS_F16_ZD420 is idle.  enabled since Wed Aug  9 09:37:18 2023
printer PSS_F16_ZD620 is idle.  enabled since Thu Oct 12 12:21:50 2023
printer PSS_F17_ZD420 is idle.  enabled since Wed Feb  7 22:15:10 2024
printer PSS_F17_ZD620 is idle.  enabled since Wed Feb  7 22:15:10 2024
printer PSS_F18_ZD420 is idle.  enabled since Fri Sep 15 20:57:47 2023
printer PSS_F18_ZD620 is idle.  enabled since Sat Sep 16 18:59:56 2023
printer PSS_F19_ZD420 is idle.  enabled since Wed Aug  9 09:49:53 2023
printer PSS_F19_ZD620 is idle.  enabled since Wed Aug  9 09:50:32 2023
printer PSS_F20_ZD420 is idle.  enabled since Wed Aug  9 09:51:18 2023
printer PSS_F20_ZD620 is idle.  enabled since Wed Aug  9 09:52:01 2023
printer PSS_F21_ZD420 is idle.  enabled since Tue Oct 17 08:18:09 2023
printer PSS_F21_ZD620 is idle.  enabled since Tue Oct 17 08:18:09 2023
printer PSS_F23_ZD420 is idle.  enabled since Wed Aug  9 09:56:24 2023
printer PSS_F23_ZD620 is idle.  enabled since Wed Aug  9 09:56:57 2023
printer PSS_F25_ZD420 is idle.  enabled since Tue Aug 12 18:07:54 2025
printer PSS_F25_ZD620 is idle.  enabled since Tue Aug 12 18:07:53 2025
printer PSS_F30_ZD420 is idle.  enabled since Fri May 23 15:42:04 2025
printer PSS_F30_ZD620 is idle.  enabled since Wed Aug  9 09:54:15 2023
printer PSS_F50_ZD420 is idle.  enabled since Wed Dec 13 14:36:00 2023
printer PSS_F50_ZD620 is idle.  enabled since Wed Dec 13 14:37:21 2023
printer PSS_F51_ZD420 is idle.  enabled since Wed Dec 13 14:38:05 2023
printer PSS_F51_ZD620 is idle.  enabled since Wed Dec 13 14:38:47 2023
printer PSS_F52_ZD420 is idle.  enabled since Wed Dec 13 14:40:09 2023
printer PSS_F52_ZD620 is idle.  enabled since Wed Dec 13 14:40:47 2023
printer PSS_F53_ZD420 is idle.  enabled since Wed Dec 13 14:42:22 2023
printer PSS_F53_ZD620 is idle.  enabled since Wed Dec 13 14:43:13 2023
printer PSS_F80_ZD420 is idle.  enabled since Tue Sep 16 19:24:52 2025
printer PSS_F80_ZD620 is idle.  enabled since Tue Sep 16 19:24:56 2025
printer PSS_F81_ZD420 is idle.  enabled since Thu Aug 14 22:44:21 2025
printer PSS_F81_ZD620 is idle.  enabled since Thu Aug 14 21:46:35 2025
printer PSS_F82_ZD420 is idle.  enabled since Fri Mar 29 13:19:15 2024
printer PSS_F82_ZD620 is idle.  enabled since Fri Mar 29 13:19:53 2024
printer PSS_F83_ZD420 is idle.  enabled since Tue Sep 23 19:22:56 2025
printer PSS_F83_ZD620 is idle.  enabled since Tue Sep 23 19:22:56 2025
printer PSS_KIT1_ZD420 is idle.  enabled since Thu Aug 29 15:05:06 2024
printer PSSF01_ZD420 is idle.  enabled since Wed Aug  9 08:58:38 2023
printer PSSF17_ZD420 is idle.  enabled since Tue Aug  8 08:51:33 2023
printer PSSF17_ZD620 is idle.  enabled since Tue Aug  8 08:51:33 2023
printer PSSF17POSTAGE disabled since Sat Sep 30 11:57:53 2023 -
	Backend /usr/lib/cups/backend/smb does not exist!
printer PSSF18_ZD420 is idle.  enabled since Tue Aug  8 18:55:23 2023
printer PSSF18_ZD620 is idle.  enabled since Tue Aug  8 18:55:23 2023
printer SSS_F01_ZD420 is idle.  enabled since Wed Feb 14 17:07:23 2024
printer SSS_F01_ZD620 is idle.  enabled since Tue Oct 17 11:41:52 2023
printer SSS_F02_ZD420 is idle.  enabled since Mon Sep  9 11:38:11 2024
printer SSS_F02_ZD620 is idle.  enabled since Thu Oct 12 11:51:09 2023
printer SSS_F03_ZD420 is idle.  enabled since Thu Oct 12 11:51:51 2023
printer SSS_F03_ZD620 is idle.  enabled since Thu Oct 12 11:52:21 2023
printer SSS_F04_ZD420 is idle.  enabled since Thu Oct 12 11:52:53 2023
printer SSS_F04_ZD620 is idle.  enabled since Thu Oct 12 11:53:28 2023
printer SSS_F05_ZD420 is idle.  enabled since Tue Oct 17 11:41:12 2023
printer SSS_F05_ZD620 is idle.  enabled since Tue Oct 17 11:41:12 2023
printer SSS_F06_ZD420 is idle.  enabled since Thu Oct 12 11:55:15 2023
printer SSS_F06_ZD620 is idle.  enabled since Thu Oct 12 11:56:02 2023
printer SSS_F07_ZD420 is idle.  enabled since Thu Oct 12 11:56:31 2023
printer SSS_F07_ZD620 is idle.  enabled since Thu Oct 12 11:57:06 2023
printer SSS_F08_ZD420 is idle.  enabled since Thu Oct 12 11:57:39 2023
printer SSS_F08_ZD620 is idle.  enabled since Thu Oct 12 11:58:11 2023
printer SSS_F10_ZD420 is idle.  enabled since Thu Oct 19 13:50:55 2023
printer SSS_F10_ZD620 is idle.  enabled since Thu Oct 19 13:50:58 2023
printer SSS_F11_ZD420 is idle.  enabled since Thu Oct 12 12:01:06 2023
printer SSS_F11_ZD620 is idle.  enabled since Thu Oct 12 12:01:43 2023
printer SSS_F12_ZD420 is idle.  enabled since Thu Oct 12 12:02:13 2023
printer SSS_F12_ZD620 is idle.  enabled since Thu Oct 12 12:02:42 2023
printer SSS_F13_ZD420 is idle.  enabled since Tue Oct 17 11:37:42 2023
printer SSS_F13_ZD620 is idle.  enabled since Tue Oct 17 11:37:42 2023
printer SSS_F14_ZD420 is idle.  enabled since Thu Oct 12 12:04:16 2023
printer SSS_F14_ZD620 is idle.  enabled since Thu Oct 12 12:04:47 2023
printer SSS_F15_ZD420 is idle.  enabled since Thu Oct 12 12:05:15 2023
printer SSS_F15_ZD620 is idle.  enabled since Thu Oct 12 12:05:40 2023
printer SSS_F16_ZD420 is idle.  enabled since Thu Feb  8 19:16:55 2024
printer SSS_F16_ZD620 is idle.  enabled since Thu Oct 12 12:06:38 2023
printer SSS_F17_ZD420 is idle.  enabled since Mon Dec 11 20:30:46 2023
printer SSS_F17_ZD620 is idle.  enabled since Mon Dec 11 20:30:46 2023
printer SSS_F18_ZD420 is idle.  enabled since Thu Oct 19 12:47:32 2023
printer SSS_F18_ZD620 is idle.  enabled since Wed Oct 18 17:30:30 2023
printer SSS_F19_ZD420 is idle.  enabled since Wed Mar 20 17:08:18 2024
printer SSS_F19_ZD620 is idle.  enabled since Wed Mar 20 17:08:17 2024
printer SSS_F20_ZD420 is idle.  enabled since Wed Oct 18 17:25:10 2023
printer SSS_F20_ZD620 is idle.  enabled since Fri Feb  9 16:03:33 2024
printer SSS_F21_ZD420 is idle.  enabled since Fri Feb  9 05:21:51 2024
printer SSS_F21_ZD620 is idle.  enabled since Wed Feb  7 22:09:40 2024
printer SSS_F22_ZD420 is idle.  enabled since Thu Oct 12 12:05:58 2023
printer SSS_F22_ZD620 is idle.  enabled since Thu Oct 12 12:06:36 2023
printer SSS_F23_ZD420 is idle.  enabled since Wed Jul 24 19:45:35 2024
printer SSS_F23_ZD620 is idle.  enabled since Wed Feb  7 22:39:16 2024
printer SSS_F24_ZD420 is idle.  enabled since Thu Oct 12 12:03:17 2023
printer SSS_F24_ZD620 is idle.  enabled since Thu Oct 12 12:03:56 2023
printer SSS_F25_ZD420 is idle.  enabled since Thu Mar 21 19:49:40 2024
printer SSS_F25_ZD620 is idle.  enabled since Thu Mar 21 19:49:38 2024
printer SSS_F26_ZD420 is idle.  enabled since Tue Dec 12 19:15:25 2023
printer SSS_F26_ZD620 is idle.  enabled since Thu Oct 12 11:58:54 2023
printer SSS_F27_ZD420 is idle.  enabled since Thu Oct 12 11:57:01 2023
printer SSS_F27_ZD620 is idle.  enabled since Thu Oct 12 11:57:36 2023
printer SSS_F28_ZD420 is idle.  enabled since Mon Dec 11 20:44:34 2023
printer SSS_F28_ZD620 is idle.  enabled since Mon Dec 11 20:44:33 2023
printer SSS_F29_ZD420 is idle.  enabled since Fri Aug 23 16:13:52 2024
printer SSS_F29_ZD620 is idle.  enabled since Sat Dec  9 10:38:42 2023
printer SSS_F30_ZD420 is idle.  enabled since Thu Oct 12 11:53:04 2023
printer SSS_F30_ZD620 is idle.  enabled since Thu Oct 12 11:53:40 2023
printer SSS_F31_ZD420 is idle.  enabled since Thu Oct 12 11:51:52 2023
printer SSS_F31_ZD620 is idle.  enabled since Thu Oct 12 11:52:27 2023
printer SSS_F32_ZD420 is idle.  enabled since Thu Oct 12 11:50:27 2023
printer SSS_F32_ZD620 is idle.  enabled since Thu Oct 12 11:51:09 2023
printer SSS_PRINT_01 is idle.  enabled since Mon Jul 10 08:10:33 2023
printer STL_F01_ZD420 is idle.  enabled since Wed Aug  9 10:09:04 2023
printer STL_F01_ZD620 is idle.  enabled since Wed Aug  9 10:09:58 2023
printer STL_F02_ZD420 is idle.  enabled since Wed Aug  9 10:10:49 2023
printer STL_F02_ZD620 is idle.  enabled since Wed Aug  9 10:11:33 2023
printer STL_F03_ZD420 is idle.  enabled since Wed Aug  9 10:12:24 2023
printer STL_F03_ZD620 is idle.  enabled since Wed Aug  9 10:13:33 2023
printer STL_F04_ZD420 is idle.  enabled since Wed Aug  9 10:14:28 2023
printer STL_F04_ZD620 is idle.  enabled since Wed Aug  9 10:15:36 2023
printer STL_F05_ZD420 is idle.  enabled since Wed Aug  9 10:02:57 2023
printer STL_F05_ZD620 is idle.  enabled since Wed Aug  9 10:03:48 2023
printer STL_F06_ZD420 is idle.  enabled since Wed Aug  9 10:04:40 2023
printer STL_F06_ZD620 is idle.  enabled since Wed Aug  9 10:05:24 2023
printer STL_F07_ZD420 is idle.  enabled since Wed Aug  9 10:06:11 2023
printer STL_F07_ZD620 is idle.  enabled since Wed Aug  9 10:06:57 2023
printer STL_F08_ZD420 is idle.  enabled since Wed Aug  9 10:07:40 2023
printer STL_F08_ZD620 is idle.  enabled since Wed Aug  9 10:08:22 2023
printer STL_F10_ZD420 is idle.  enabled since Wed Aug  9 09:48:44 2023
printer STL_F10_ZD620 is idle.  enabled since Wed Aug  9 09:50:45 2023
printer STL_F11_ZD420 is idle.  enabled since Wed Aug  9 09:51:34 2023
printer STL_F11_ZD620 is idle.  enabled since Wed Aug  9 09:52:24 2023
printer STL_F12_ZD420 is idle.  enabled since Wed Aug  9 09:54:09 2023
printer STL_F12_ZD620 is idle.  enabled since Wed Aug  9 09:54:51 2023
printer STL_F13_ZD420 is idle.  enabled since Wed Aug  9 09:55:45 2023
printer STL_F13_ZD620 is idle.  enabled since Wed Aug  9 09:56:28 2023
printer STL_F14_ZD420 is idle.  enabled since Wed Aug  9 09:57:13 2023
printer STL_F14_ZD620 is idle.  enabled since Wed Aug  9 09:58:52 2023
printer STL_F15_ZD420 is idle.  enabled since Wed Aug  9 09:59:54 2023
printer STL_F15_ZD620 is idle.  enabled since Wed Aug  9 10:00:40 2023
printer STL_F16_ZD420 is idle.  enabled since Wed Aug  9 10:01:22 2023
printer STL_F16_ZD620 is idle.  enabled since Wed Aug  9 10:02:03 2023
printer STL_F17_ZD420 is idle.  enabled since Wed Aug  9 10:09:58 2023
printer STL_F17_ZD620 is idle.  enabled since Wed Aug  9 10:10:35 2023
printer STL_F18_ZD420 is idle.  enabled since Wed Aug  9 10:08:24 2023
printer STL_F18_ZD620 is idle.  enabled since Wed Aug  9 10:09:08 2023
printer STL_F19_ZD420 is idle.  enabled since Wed Aug  9 10:06:48 2023
printer STL_F19_ZD620 is idle.  enabled since Wed Aug  9 10:07:23 2023
printer STL_F20_ZD420 is idle.  enabled since Wed Aug  9 10:05:27 2023
printer STL_F20_ZD620 is idle.  enabled since Wed Aug  9 10:06:06 2023
printer STL_F21_ZD420 is idle.  enabled since Wed Aug  9 10:17:22 2023
printer STL_F21_ZD620 is idle.  enabled since Wed Aug  9 10:18:01 2023
printer STL_F22_ZD420 is idle.  enabled since Wed Aug  9 10:15:18 2023
printer STL_F22_ZD620 is idle.  enabled since Wed Aug  9 10:16:01 2023
printer STL_F23_ZD420 is idle.  enabled since Wed Aug  9 10:12:33 2023
printer STL_F23_ZD620 is idle.  enabled since Wed Aug  9 10:13:16 2023
printer STL_F24_ZD420 is idle.  enabled since Wed Aug  9 10:11:20 2023
printer STL_F24_ZD620 is idle.  enabled since Wed Aug  9 10:11:57 2023
printer STL_F25_ZD420 is idle.  enabled since Wed Aug  9 09:32:27 2023
printer STL_F25_ZD620 is idle.  enabled since Wed Aug  9 09:33:17 2023
printer STL_F26_ZD420 is idle.  enabled since Wed Aug  9 09:34:10 2023
printer STL_F26_ZD620 is idle.  enabled since Wed Aug  9 09:34:57 2023
printer STL_F27_ZD420 is idle.  enabled since Wed Aug  9 09:35:42 2023
printer STL_F27_ZD620 is idle.  enabled since Wed Aug  9 09:36:30 2023
printer STL_F28_ZD420 is idle.  enabled since Wed Aug  9 09:37:19 2023
printer STL_F28_ZD620 is idle.  enabled since Wed Aug  9 09:38:12 2023
printer STL_F29_ZD420 is idle.  enabled since Wed Aug  9 09:00:16 2023
printer STL_F30_ZD420 is idle.  enabled since Wed Aug  9 09:01:41 2023
printer STL_F30_ZD620 is idle.  enabled since Wed Aug  9 09:02:28 2023
printer STL_F31_ZD420 is idle.  enabled since Wed Aug  9 09:03:15 2023
printer STL_F31_ZD620 is idle.  enabled since Wed Aug  9 09:06:01 2023
printer STL_F32_ZD420 is idle.  enabled since Mon Oct  2 23:00:57 2023
printer STL_F32_ZD620 is idle.  enabled since Wed Aug  9 09:27:35 2023
printer STL_F33_ZD420 is idle.  enabled since Wed Aug  9 10:04:07 2023
printer STL_F33_ZD620 is idle.  enabled since Wed Aug  9 10:04:46 2023
printer STL_F34_ZD420 is idle.  enabled since Wed Aug  9 10:02:43 2023
printer STL_F34_ZD620 is idle.  enabled since Wed Aug  9 10:03:26 2023
printer STL_F35_ZD420 is idle.  enabled since Wed Aug  9 10:01:20 2023
printer STL_F35_ZD620 is idle.  enabled since Wed Aug  9 10:01:56 2023
printer STL_F36_ZD420 is idle.  enabled since Wed Aug  9 09:59:14 2023
printer STL_F36_ZD620 is idle.  enabled since Wed Aug  9 10:00:40 2023
printer STL_LGX_01_ZD420 is idle.  enabled since Tue Dec  5 21:21:15 2023
printer STL_LGX_01_ZD620 is idle.  enabled since Wed Aug 23 14:54:51 2023
printer STL_LGX_02_ZD420 is idle.  enabled since Tue Oct 17 10:54:22 2023
printer STL_LGX_02_ZD620 is idle.  enabled since Wed Aug 23 14:59:07 2023
printer STL_PRINT_01 is idle.  enabled since Mon Jul 10 08:08:27 2023
printer STL_PRINT_02 is idle.  enabled since Mon Jul 10 08:09:39 2023
printer STLF33_ZD420 is idle.  enabled since Tue Aug  8 14:41:45 2023
printer STLF33_ZD620 is idle.  enabled since Tue Aug  8 14:41:45 2023
printer STLF34_ZD420 is idle.  enabled since Tue Aug  8 14:10:14 2023
printer STLF34_ZD620 is idle.  enabled since Tue Aug  8 14:10:14 2023
-------------------------------------
CUPS Service (Port 631): NOT REACHABLE on 172.30.160.15
-------------------------------------

Total number of Java process running on this host 172.30.160.15 is 34
Total number of Daemon / Batch (java) application process available is 30

Daemon Process id and name details are given below
Process ID: 2997678, Process Name: 2:16
Process ID: 2997602, Process Name: 2:20
Process ID: 2997735, Process Name: 2:16
Process ID: 2996870, Process Name: 2:38
Process ID: 2996826, Process Name: 2:43
Process ID: 2997997, Process Name: 2:22
Process ID: 2998055, Process Name: 3:04
Process ID: 2998110, Process Name: 2:23
Process ID: 2997172, Process Name: 12:46
Process ID: 2997072, Process Name: 4:26
Process ID: 2996924, Process Name: 2:04
Process ID: 2997489, Process Name: 1:57
Process ID: 2996973, Process Name: 2:16
Process ID: 2997023, Process Name: 4:24
Process ID: 2997123, Process Name: 18:28
Process ID: 2998216, Process Name: 2:03
Process ID: 2998435, Process Name: 2:01
Process ID: 2998380, Process Name: 2:08
Process ID: 2998323, Process Name: 2:04
Process ID: 2998268, Process Name: 2:04
Process ID: 2998162, Process Name: 2:03
Process ID: 2997790, Process Name: 2:06
Process ID: 2997842, Process Name: 2:08
Process ID: 2997896, Process Name: 2:04
Process ID: 2997948, Process Name: 2:04
Process ID: 2997275, Process Name: 2:07
Process ID: 2997326, Process Name: 2:12
Process ID: 2997377, Process Name: 2:07
Process ID: 2997437, Process Name: 2:09
Process ID: 2997544, Process Name: 7:12
-------------------------------------

-------------------------------------
Total number of App process running on this host 172.30.160.15
Total number of App java process available is 2
-------------------------------------
App Process details:
Process ID: 2999961, Process Name: 18:07
Process ID: 3000143, Process Name: 17:06
-------------------------------------

Web Application Port Validation for Server IP: 172.30.160.15
Port 8080:	curouat_jb7	Running
Port 8081:	curorfuat_j	Running
-------------------------------------

==============================================================================
Server Availability Check Completed at Fri Jan  2 09:34:49 UTC 2026
==============================================================================


2026-01-02 04:35:13,689 - 17948 - ERROR - app_validation.sh errors for i-057a37891bb84393d:

2026-01-02 04:35:13,691 - 17948 - INFO - Before patching validation saved to: output/validation-2026-01-02/172.30.160.15-BeforePatching-2026-01-02-04-35-13-690.log
2026-01-02 04:35:13,691 - 17948 - INFO - Deregistering i-057a37891bb84393d from TG arn:aws:elasticloadbalancing:us-east-2:835314132208:targetgroup/Curology-UAT-Desktop-Ext/7b9d2325b6b94dd3
2026-01-02 04:35:13,794 - 17948 - INFO - Deregistering i-057a37891bb84393d from TG arn:aws:elasticloadbalancing:us-east-2:835314132208:targetgroup/Curology-UAT-RF-Ext/29059c37e8ff9b5c
2026-01-02 04:35:13,848 - 17948 - INFO - Deregistering i-057a37891bb84393d from TG arn:aws:elasticloadbalancing:us-east-2:835314132208:targetgroup/Curology-UAT-WS-Ext/9447f06e01fe3ed5
2026-01-02 04:35:13,899 - 17948 - INFO - Stopping EC2 instance: i-057a37891bb84393d at 2026-01-02 04:35:13
2026-01-02 04:36:15,065 - 17948 - INFO - Instance i-057a37891bb84393d stopped successfully.
2026-01-02 04:36:15,192 - 17948 - INFO - Stopped i-057a37891bb84393d in 0:01:01.292347
2026-01-02 04:36:15,192 - 17948 - INFO - Starting EC2 instance: i-057a37891bb84393d
2026-01-02 04:36:31,255 - 17948 - INFO - Instance i-057a37891bb84393d started successfully.
2026-01-02 04:36:31,256 - 17948 - INFO - Waiting 30 seconds for SSM agent to be ready on i-057a37891bb84393d...
2026-01-02 04:37:01,263 - 17948 - INFO - Registering i-057a37891bb84393d to TG arn:aws:elasticloadbalancing:us-east-2:835314132208:targetgroup/Curology-UAT-Desktop-Ext/7b9d2325b6b94dd3
2026-01-02 04:37:01,460 - 17948 - INFO - Registering i-057a37891bb84393d to TG arn:aws:elasticloadbalancing:us-east-2:835314132208:targetgroup/Curology-UAT-RF-Ext/29059c37e8ff9b5c
2026-01-02 04:37:01,598 - 17948 - INFO - Registering i-057a37891bb84393d to TG arn:aws:elasticloadbalancing:us-east-2:835314132208:targetgroup/Curology-UAT-WS-Ext/9447f06e01fe3ed5
2026-01-02 04:39:32,437 - 17948 - INFO - Sent app_validation.sh to i-057a37891bb84393d (command_id: 570a6efa-6568-42b7-92f5-4fa3c3fd2ef9)
2026-01-02 04:40:02,555 - 17948 - INFO - app_validation.sh output for i-057a37891bb84393d:

==============================================================================
Server Availability Check Started at Fri Jan  2 09:39:32 UTC 2026
==============================================================================

-------------------------------------
Server IP : 172.30.160.15
-------------------------------------
System Information
------------------
Hostname: ip-172-30-160-15.us-east-2.compute.internal
Uptime: up 3 minutes
Current User: root
Working Directory: /usr/bin
-------------------------------------
Voice Console URL: http://172.30.160.15:9090/VoiceConsole
-------------------------------------

-------------------------------------
Server IP : 172.30.160.15
-------------------------------------
Physical Memory Information
---------------------------
Total Physical Memory = 15623 MB
Used Physical Memory  = 10531 MB
Free Physical Memory  = 5092 MB
-------------------------------------
Swap Memory Information
-----------------------
Total Swap Memory = 10239 MB
Used Swap Memory  = 0 MB
Free Swap Memory  = 10239 MB
-------------------------------------
Load Average: 7.46 8.38 3.65 7/1021 6100
-------------------------------------

Disk Usage Information
----------------------
Filesystem             Size  Used Avail Use% Mounted on
/dev/nvme0n1p1          20G  5.5G   15G  28% /
/dev/nvme0n1p128        10M  1.3M  8.7M  13% /boot/efi
/dev/mapper/vg01-lv02  240G   72G  169G  30% /data
devtmpfs               4.0M     0  4.0M   0% /dev
tmpfs                  7.7G     0  7.7G   0% /dev/shm
tmpfs                  3.1G  984K  3.1G   1% /run
tmpfs                  1.6G     0  1.6G   0% /run/user/2001
tmpfs                  1.6G     0  1.6G   0% /run/user/2004
tmpfs                  1.6G     0  1.6G   0% /run/user/992
tmpfs                  7.7G   65M  7.6G   1% /tmp
-------------------------------------

Application Port Validation for Server IP: 172.30.160.15 started on Fri Jan  2 09:39:32 UTC 2026

Server IP: 172.30.160.15 is reachable.

SSH Service (Port 22) Status:
SSH Service (Port 22): NOT REACHABLE
-------------------------------------

FTP Service Validation for Server IP: 172.30.160.15

FTP Service (Port 21): NOT REACHABLE
No FTP processes detected
-------------------------------------

CUPS Service Validation for Server IP: 172.30.160.15

CUPS Service (Port 631): NOT REACHABLE

Printer Configuration:
Total Printers Configured: 222
Printer Details:
printer D2N203400057 is idle.  enabled since Tue Sep  3 14:29:14 2024
printer DUMMY_LABEL is idle.  enabled since Wed Dec  3 22:55:44 2025
printer DUMMY_LASER is idle.  enabled since Thu Dec 12 23:35:23 2024
printer LGX_WMS1_ZD420 is idle.  enabled since Mon Dec  4 02:07:19 2023
printer LGX_WMS1_ZD620 is idle.  enabled since Wed Aug 23 14:56:45 2023
printer LGX_WMS2_ZD420 is idle.  enabled since Wed Aug 23 15:03:38 2023
printer LGX_WMS2_ZD620 is idle.  enabled since Wed Aug 23 15:04:46 2023
printer PRINTER is idle.  enabled since Wed Jul 24 20:07:05 2024
printer PSS_F01_ZD420 is idle.  enabled since Thu Oct 30 18:19:55 2025
printer PSS_F01_ZD620 is idle.  enabled since Wed Mar 20 17:30:43 2024
printer PSS_F02_ZD420 is idle.  enabled since Tue Apr 30 10:34:19 2024
printer PSS_F02_ZD620 is idle.  enabled since Wed Aug  9 09:01:57 2023
printer PSS_F03_ZD420 is idle.  enabled since Wed Aug  9 09:02:44 2023
printer PSS_F03_ZD620 is idle.  enabled since Wed Aug  9 09:03:37 2023
printer PSS_F04_ZD420 is idle.  enabled since Wed Aug  9 09:17:16 2023
printer PSS_F04_ZD620 is idle.  enabled since Wed Aug  9 09:18:07 2023
printer PSS_F05_ZD420 is idle.  enabled since Mon Nov 24 20:55:54 2025
printer PSS_F05_ZD620 is idle.  enabled since Mon Nov 24 20:55:50 2025
printer PSS_F06_ZD420 is idle.  enabled since Wed Aug  9 09:26:51 2023
printer PSS_F06_ZD620 is idle.  enabled since Wed Aug  9 09:27:32 2023
printer PSS_F07_ZD420 is idle.  enabled since Mon Dec 22 16:24:53 2025
printer PSS_F07_ZD620 is idle.  enabled since Thu Dec 18 20:54:20 2025
printer PSS_F08_ZD420 is idle.  enabled since Wed Aug  9 09:29:57 2023
printer PSS_F08_ZD620 is idle.  enabled since Wed Aug  9 09:31:07 2023
printer PSS_F09_ZD420 is idle.  enabled since Tue Oct 17 08:06:33 2023
printer PSS_F09_ZD620 is idle.  enabled since Tue Oct 17 08:06:33 2023
printer PSS_F10_ZD420 is idle.  enabled since Mon Jul 14 15:31:48 2025
printer PSS_F10_ZD620 is idle.  enabled since Wed Aug  9 09:21:22 2023
printer PSS_F11_ZD420 is idle.  enabled since Wed Aug  9 09:22:08 2023
printer PSS_F11_ZD620 is idle.  enabled since Wed Aug  9 09:23:27 2023
printer PSS_F12_ZD420 is idle.  enabled since Thu Oct 12 12:22:57 2023
printer PSS_F12_ZD620 is idle.  enabled since Wed Aug  9 09:24:19 2023
printer PSS_F13_ZD420 is idle.  enabled since Tue Oct 17 11:12:42 2023
printer PSS_F13_ZD620 is idle.  enabled since Tue Oct 17 11:12:42 2023
printer PSS_F14_ZD420 is idle.  enabled since Wed Aug  9 09:33:59 2023
printer PSS_F14_ZD620 is idle.  enabled since Wed Aug  9 09:34:50 2023
printer PSS_F15_ZD420 is idle.  enabled since Wed Aug  9 09:35:52 2023
printer PSS_F15_ZD620 is idle.  enabled since Wed Aug  9 09:36:34 2023
printer PSS_F16_ZD420 is idle.  enabled since Wed Aug  9 09:37:18 2023
printer PSS_F16_ZD620 is idle.  enabled since Thu Oct 12 12:21:50 2023
printer PSS_F17_ZD420 is idle.  enabled since Wed Feb  7 22:15:10 2024
printer PSS_F17_ZD620 is idle.  enabled since Wed Feb  7 22:15:10 2024
printer PSS_F18_ZD420 is idle.  enabled since Fri Sep 15 20:57:47 2023
printer PSS_F18_ZD620 is idle.  enabled since Sat Sep 16 18:59:56 2023
printer PSS_F19_ZD420 is idle.  enabled since Wed Aug  9 09:49:53 2023
printer PSS_F19_ZD620 is idle.  enabled since Wed Aug  9 09:50:32 2023
printer PSS_F20_ZD420 is idle.  enabled since Wed Aug  9 09:51:18 2023
printer PSS_F20_ZD620 is idle.  enabled since Wed Aug  9 09:52:01 2023
printer PSS_F21_ZD420 is idle.  enabled since Tue Oct 17 08:18:09 2023
printer PSS_F21_ZD620 is idle.  enabled since Tue Oct 17 08:18:09 2023
printer PSS_F23_ZD420 is idle.  enabled since Wed Aug  9 09:56:24 2023
printer PSS_F23_ZD620 is idle.  enabled since Wed Aug  9 09:56:57 2023
printer PSS_F25_ZD420 is idle.  enabled since Tue Aug 12 18:07:54 2025
printer PSS_F25_ZD620 is idle.  enabled since Tue Aug 12 18:07:53 2025
printer PSS_F30_ZD420 is idle.  enabled since Fri May 23 15:42:04 2025
printer PSS_F30_ZD620 is idle.  enabled since Wed Aug  9 09:54:15 2023
printer PSS_F50_ZD420 is idle.  enabled since Wed Dec 13 14:36:00 2023
printer PSS_F50_ZD620 is idle.  enabled since Wed Dec 13 14:37:21 2023
printer PSS_F51_ZD420 is idle.  enabled since Wed Dec 13 14:38:05 2023
printer PSS_F51_ZD620 is idle.  enabled since Wed Dec 13 14:38:47 2023
printer PSS_F52_ZD420 is idle.  enabled since Wed Dec 13 14:40:09 2023
printer PSS_F52_ZD620 is idle.  enabled since Wed Dec 13 14:40:47 2023
printer PSS_F53_ZD420 is idle.  enabled since Wed Dec 13 14:42:22 2023
printer PSS_F53_ZD620 is idle.  enabled since Wed Dec 13 14:43:13 2023
printer PSS_F80_ZD420 is idle.  enabled since Tue Sep 16 19:24:52 2025
printer PSS_F80_ZD620 is idle.  enabled since Tue Sep 16 19:24:56 2025
printer PSS_F81_ZD420 is idle.  enabled since Thu Aug 14 22:44:21 2025
printer PSS_F81_ZD620 is idle.  enabled since Thu Aug 14 21:46:35 2025
printer PSS_F82_ZD420 is idle.  enabled since Fri Mar 29 13:19:15 2024
printer PSS_F82_ZD620 is idle.  enabled since Fri Mar 29 13:19:53 2024
printer PSS_F83_ZD420 is idle.  enabled since Tue Sep 23 19:22:56 2025
printer PSS_F83_ZD620 is idle.  enabled since Tue Sep 23 19:22:56 2025
printer PSS_KIT1_ZD420 is idle.  enabled since Thu Aug 29 15:05:06 2024
printer PSSF01_ZD420 is idle.  enabled since Wed Aug  9 08:58:38 2023
printer PSSF17_ZD420 is idle.  enabled since Tue Aug  8 08:51:33 2023
printer PSSF17_ZD620 is idle.  enabled since Tue Aug  8 08:51:33 2023
printer PSSF17POSTAGE disabled since Sat Sep 30 11:57:53 2023 -
	Backend /usr/lib/cups/backend/smb does not exist!
printer PSSF18_ZD420 is idle.  enabled since Tue Aug  8 18:55:23 2023
printer PSSF18_ZD620 is idle.  enabled since Tue Aug  8 18:55:23 2023
printer SSS_F01_ZD420 is idle.  enabled since Wed Feb 14 17:07:23 2024
printer SSS_F01_ZD620 is idle.  enabled since Tue Oct 17 11:41:52 2023
printer SSS_F02_ZD420 is idle.  enabled since Mon Sep  9 11:38:11 2024
printer SSS_F02_ZD620 is idle.  enabled since Thu Oct 12 11:51:09 2023
printer SSS_F03_ZD420 is idle.  enabled since Thu Oct 12 11:51:51 2023
printer SSS_F03_ZD620 is idle.  enabled since Thu Oct 12 11:52:21 2023
printer SSS_F04_ZD420 is idle.  enabled since Thu Oct 12 11:52:53 2023
printer SSS_F04_ZD620 is idle.  enabled since Thu Oct 12 11:53:28 2023
printer SSS_F05_ZD420 is idle.  enabled since Tue Oct 17 11:41:12 2023
printer SSS_F05_ZD620 is idle.  enabled since Tue Oct 17 11:41:12 2023
printer SSS_F06_ZD420 is idle.  enabled since Thu Oct 12 11:55:15 2023
printer SSS_F06_ZD620 is idle.  enabled since Thu Oct 12 11:56:02 2023
printer SSS_F07_ZD420 is idle.  enabled since Thu Oct 12 11:56:31 2023
printer SSS_F07_ZD620 is idle.  enabled since Thu Oct 12 11:57:06 2023
printer SSS_F08_ZD420 is idle.  enabled since Thu Oct 12 11:57:39 2023
printer SSS_F08_ZD620 is idle.  enabled since Thu Oct 12 11:58:11 2023
printer SSS_F10_ZD420 is idle.  enabled since Thu Oct 19 13:50:55 2023
printer SSS_F10_ZD620 is idle.  enabled since Thu Oct 19 13:50:58 2023
printer SSS_F11_ZD420 is idle.  enabled since Thu Oct 12 12:01:06 2023
printer SSS_F11_ZD620 is idle.  enabled since Thu Oct 12 12:01:43 2023
printer SSS_F12_ZD420 is idle.  enabled since Thu Oct 12 12:02:13 2023
printer SSS_F12_ZD620 is idle.  enabled since Thu Oct 12 12:02:42 2023
printer SSS_F13_ZD420 is idle.  enabled since Tue Oct 17 11:37:42 2023
printer SSS_F13_ZD620 is idle.  enabled since Tue Oct 17 11:37:42 2023
printer SSS_F14_ZD420 is idle.  enabled since Thu Oct 12 12:04:16 2023
printer SSS_F14_ZD620 is idle.  enabled since Thu Oct 12 12:04:47 2023
printer SSS_F15_ZD420 is idle.  enabled since Thu Oct 12 12:05:15 2023
printer SSS_F15_ZD620 is idle.  enabled since Thu Oct 12 12:05:40 2023
printer SSS_F16_ZD420 is idle.  enabled since Thu Feb  8 19:16:55 2024
printer SSS_F16_ZD620 is idle.  enabled since Thu Oct 12 12:06:38 2023
printer SSS_F17_ZD420 is idle.  enabled since Mon Dec 11 20:30:46 2023
printer SSS_F17_ZD620 is idle.  enabled since Mon Dec 11 20:30:46 2023
printer SSS_F18_ZD420 is idle.  enabled since Thu Oct 19 12:47:32 2023
printer SSS_F18_ZD620 is idle.  enabled since Wed Oct 18 17:30:30 2023
printer SSS_F19_ZD420 is idle.  enabled since Wed Mar 20 17:08:18 2024
printer SSS_F19_ZD620 is idle.  enabled since Wed Mar 20 17:08:17 2024
printer SSS_F20_ZD420 is idle.  enabled since Wed Oct 18 17:25:10 2023
printer SSS_F20_ZD620 is idle.  enabled since Fri Feb  9 16:03:33 2024
printer SSS_F21_ZD420 is idle.  enabled since Fri Feb  9 05:21:51 2024
printer SSS_F21_ZD620 is idle.  enabled since Wed Feb  7 22:09:40 2024
printer SSS_F22_ZD420 is idle.  enabled since Thu Oct 12 12:05:58 2023
printer SSS_F22_ZD620 is idle.  enabled since Thu Oct 12 12:06:36 2023
printer SSS_F23_ZD420 is idle.  enabled since Wed Jul 24 19:45:35 2024
printer SSS_F23_ZD620 is idle.  enabled since Wed Feb  7 22:39:16 2024
printer SSS_F24_ZD420 is idle.  enabled since Thu Oct 12 12:03:17 2023
printer SSS_F24_ZD620 is idle.  enabled since Thu Oct 12 12:03:56 2023
printer SSS_F25_ZD420 is idle.  enabled since Thu Mar 21 19:49:40 2024
printer SSS_F25_ZD620 is idle.  enabled since Thu Mar 21 19:49:38 2024
printer SSS_F26_ZD420 is idle.  enabled since Tue Dec 12 19:15:25 2023
printer SSS_F26_ZD620 is idle.  enabled since Thu Oct 12 11:58:54 2023
printer SSS_F27_ZD420 is idle.  enabled since Thu Oct 12 11:57:01 2023
printer SSS_F27_ZD620 is idle.  enabled since Thu Oct 12 11:57:36 2023
printer SSS_F28_ZD420 is idle.  enabled since Mon Dec 11 20:44:34 2023
printer SSS_F28_ZD620 is idle.  enabled since Mon Dec 11 20:44:33 2023
printer SSS_F29_ZD420 is idle.  enabled since Fri Aug 23 16:13:52 2024
printer SSS_F29_ZD620 is idle.  enabled since Sat Dec  9 10:38:42 2023
printer SSS_F30_ZD420 is idle.  enabled since Thu Oct 12 11:53:04 2023
printer SSS_F30_ZD620 is idle.  enabled since Thu Oct 12 11:53:40 2023
printer SSS_F31_ZD420 is idle.  enabled since Thu Oct 12 11:51:52 2023
printer SSS_F31_ZD620 is idle.  enabled since Thu Oct 12 11:52:27 2023
printer SSS_F32_ZD420 is idle.  enabled since Thu Oct 12 11:50:27 2023
printer SSS_F32_ZD620 is idle.  enabled since Thu Oct 12 11:51:09 2023
printer SSS_PRINT_01 is idle.  enabled since Mon Jul 10 08:10:33 2023
printer STL_F01_ZD420 is idle.  enabled since Wed Aug  9 10:09:04 2023
printer STL_F01_ZD620 is idle.  enabled since Wed Aug  9 10:09:58 2023
printer STL_F02_ZD420 is idle.  enabled since Wed Aug  9 10:10:49 2023
printer STL_F02_ZD620 is idle.  enabled since Wed Aug  9 10:11:33 2023
printer STL_F03_ZD420 is idle.  enabled since Wed Aug  9 10:12:24 2023
printer STL_F03_ZD620 is idle.  enabled since Wed Aug  9 10:13:33 2023
printer STL_F04_ZD420 is idle.  enabled since Wed Aug  9 10:14:28 2023
printer STL_F04_ZD620 is idle.  enabled since Wed Aug  9 10:15:36 2023
printer STL_F05_ZD420 is idle.  enabled since Wed Aug  9 10:02:57 2023
printer STL_F05_ZD620 is idle.  enabled since Wed Aug  9 10:03:48 2023
printer STL_F06_ZD420 is idle.  enabled since Wed Aug  9 10:04:40 2023
printer STL_F06_ZD620 is idle.  enabled since Wed Aug  9 10:05:24 2023
printer STL_F07_ZD420 is idle.  enabled since Wed Aug  9 10:06:11 2023
printer STL_F07_ZD620 is idle.  enabled since Wed Aug  9 10:06:57 2023
printer STL_F08_ZD420 is idle.  enabled since Wed Aug  9 10:07:40 2023
printer STL_F08_ZD620 is idle.  enabled since Wed Aug  9 10:08:22 2023
printer STL_F10_ZD420 is idle.  enabled since Wed Aug  9 09:48:44 2023
printer STL_F10_ZD620 is idle.  enabled since Wed Aug  9 09:50:45 2023
printer STL_F11_ZD420 is idle.  enabled since Wed Aug  9 09:51:34 2023
printer STL_F11_ZD620 is idle.  enabled since Wed Aug  9 09:52:24 2023
printer STL_F12_ZD420 is idle.  enabled since Wed Aug  9 09:54:09 2023
printer STL_F12_ZD620 is idle.  enabled since Wed Aug  9 09:54:51 2023
printer STL_F13_ZD420 is idle.  enabled since Wed Aug  9 09:55:45 2023
printer STL_F13_ZD620 is idle.  enabled since Wed Aug  9 09:56:28 2023
printer STL_F14_ZD420 is idle.  enabled since Wed Aug  9 09:57:13 2023
printer STL_F14_ZD620 is idle.  enabled since Wed Aug  9 09:58:52 2023
printer STL_F15_ZD420 is idle.  enabled since Wed Aug  9 09:59:54 2023
printer STL_F15_ZD620 is idle.  enabled since Wed Aug  9 10:00:40 2023
printer STL_F16_ZD420 is idle.  enabled since Wed Aug  9 10:01:22 2023
printer STL_F16_ZD620 is idle.  enabled since Wed Aug  9 10:02:03 2023
printer STL_F17_ZD420 is idle.  enabled since Wed Aug  9 10:09:58 2023
printer STL_F17_ZD620 is idle.  enabled since Wed Aug  9 10:10:35 2023
printer STL_F18_ZD420 is idle.  enabled since Wed Aug  9 10:08:24 2023
printer STL_F18_ZD620 is idle.  enabled since Wed Aug  9 10:09:08 2023
printer STL_F19_ZD420 is idle.  enabled since Wed Aug  9 10:06:48 2023
printer STL_F19_ZD620 is idle.  enabled since Wed Aug  9 10:07:23 2023
printer STL_F20_ZD420 is idle.  enabled since Wed Aug  9 10:05:27 2023
printer STL_F20_ZD620 is idle.  enabled since Wed Aug  9 10:06:06 2023
printer STL_F21_ZD420 is idle.  enabled since Wed Aug  9 10:17:22 2023
printer STL_F21_ZD620 is idle.  enabled since Wed Aug  9 10:18:01 2023
printer STL_F22_ZD420 is idle.  enabled since Wed Aug  9 10:15:18 2023
printer STL_F22_ZD620 is idle.  enabled since Wed Aug  9 10:16:01 2023
printer STL_F23_ZD420 is idle.  enabled since Wed Aug  9 10:12:33 2023
printer STL_F23_ZD620 is idle.  enabled since Wed Aug  9 10:13:16 2023
printer STL_F24_ZD420 is idle.  enabled since Wed Aug  9 10:11:20 2023
printer STL_F24_ZD620 is idle.  enabled since Wed Aug  9 10:11:57 2023
printer STL_F25_ZD420 is idle.  enabled since Wed Aug  9 09:32:27 2023
printer STL_F25_ZD620 is idle.  enabled since Wed Aug  9 09:33:17 2023
printer STL_F26_ZD420 is idle.  enabled since Wed Aug  9 09:34:10 2023
printer STL_F26_ZD620 is idle.  enabled since Wed Aug  9 09:34:57 2023
printer STL_F27_ZD420 is idle.  enabled since Wed Aug  9 09:35:42 2023
printer STL_F27_ZD620 is idle.  enabled since Wed Aug  9 09:36:30 2023
printer STL_F28_ZD420 is idle.  enabled since Wed Aug  9 09:37:19 2023
printer STL_F28_ZD620 is idle.  enabled since Wed Aug  9 09:38:12 2023
printer STL_F29_ZD420 is idle.  enabled since Wed Aug  9 09:00:16 2023
printer STL_F30_ZD420 is idle.  enabled since Wed Aug  9 09:01:41 2023
printer STL_F30_ZD620 is idle.  enabled since Wed Aug  9 09:02:28 2023
printer STL_F31_ZD420 is idle.  enabled since Wed Aug  9 09:03:15 2023
printer STL_F31_ZD620 is idle.  enabled since Wed Aug  9 09:06:01 2023
printer STL_F32_ZD420 is idle.  enabled since Mon Oct  2 23:00:57 2023
printer STL_F32_ZD620 is idle.  enabled since Wed Aug  9 09:27:35 2023
printer STL_F33_ZD420 is idle.  enabled since Wed Aug  9 10:04:07 2023
printer STL_F33_ZD620 is idle.  enabled since Wed Aug  9 10:04:46 2023
printer STL_F34_ZD420 is idle.  enabled since Wed Aug  9 10:02:43 2023
printer STL_F34_ZD620 is idle.  enabled since Wed Aug  9 10:03:26 2023
printer STL_F35_ZD420 is idle.  enabled since Wed Aug  9 10:01:20 2023
printer STL_F35_ZD620 is idle.  enabled since Wed Aug  9 10:01:56 2023
printer STL_F36_ZD420 is idle.  enabled since Wed Aug  9 09:59:14 2023
printer STL_F36_ZD620 is idle.  enabled since Wed Aug  9 10:00:40 2023
printer STL_LGX_01_ZD420 is idle.  enabled since Tue Dec  5 21:21:15 2023
printer STL_LGX_01_ZD620 is idle.  enabled since Wed Aug 23 14:54:51 2023
printer STL_LGX_02_ZD420 is idle.  enabled since Tue Oct 17 10:54:22 2023
printer STL_LGX_02_ZD620 is idle.  enabled since Wed Aug 23 14:59:07 2023
printer STL_PRINT_01 is idle.  enabled since Mon Jul 10 08:08:27 2023
printer STL_PRINT_02 is idle.  enabled since Mon Jul 10 08:09:39 2023
printer STLF33_ZD420 is idle.  enabled since Tue Aug  8 14:41:45 2023
printer STLF33_ZD620 is idle.  enabled since Tue Aug  8 14:41:45 2023
printer STLF34_ZD420 is idle.  enabled since Tue Aug  8 14:10:14 2023
printer STLF34_ZD620 is idle.  enabled since Tue Aug  8 14:10:14 2023
-------------------------------------
CUPS Service (Port 631): NOT REACHABLE on 172.30.160.15
-------------------------------------

Total number of Java process running on this host 172.30.160.15 is 34
Total number of Daemon / Batch (java) application process available is 30

Daemon Process id and name details are given below
Process ID: 4352, Process Name: 0:02
Process ID: 4235, Process Name: 0:02
Process ID: 4406, Process Name: 0:02
Process ID: 3489, Process Name: 0:02
Process ID: 3439, Process Name: 0:02
Process ID: 4687, Process Name: 0:02
Process ID: 4748, Process Name: 0:02
Process ID: 4847, Process Name: 0:02
Process ID: 3818, Process Name: 0:05
Process ID: 3710, Process Name: 0:02
Process ID: 3543, Process Name: 0:02
Process ID: 4135, Process Name: 0:02
Process ID: 3597, Process Name: 0:03
Process ID: 3650, Process Name: 0:02
Process ID: 3766, Process Name: 0:05
Process ID: 4967, Process Name: 0:02
Process ID: 5204, Process Name: 0:02
Process ID: 5138, Process Name: 0:02
Process ID: 5079, Process Name: 0:02
Process ID: 5021, Process Name: 0:02
Process ID: 4911, Process Name: 0:02
Process ID: 4461, Process Name: 0:02
Process ID: 4514, Process Name: 0:02
Process ID: 4563, Process Name: 0:02
Process ID: 4628, Process Name: 0:02
Process ID: 3926, Process Name: 0:02
Process ID: 3977, Process Name: 0:02
Process ID: 4026, Process Name: 0:02
Process ID: 4081, Process Name: 0:02
Process ID: 4185, Process Name: 0:03
-------------------------------------

-------------------------------------
Total number of App process running on this host 172.30.160.15
Total number of App java process available is 2
-------------------------------------
App Process details:
Process ID: 3328, Process Name: 0:47
Process ID: 5426, Process Name: 0:45
-------------------------------------

Web Application Port Validation for Server IP: 172.30.160.15
Port 8080:	curouat_jb730e	Running
Port 8081:	curorfuat_jb73	Running
-------------------------------------

==============================================================================
Server Availability Check Completed at Fri Jan  2 09:39:41 UTC 2026
==============================================================================


2026-01-02 04:40:02,555 - 17948 - ERROR - app_validation.sh errors for i-057a37891bb84393d:

2026-01-02 04:40:02,558 - 17948 - INFO - After patching validation saved to: output/validation-2026-01-02/172.30.160.15-AfterPatching-2026-01-02-04-40-02-557.log
2026-01-02 04:40:02,647 - 17948 - INFO - Validation comparison report generated: output/validation-2026-01-02/172.30.160.15-Validation-details-2026-01-02-04-40-02-557.log
2026-01-02 04:40:02,758 - 17948 - INFO - Email sent successfully to ['CloudOps@softeon.com']
2026-01-02 04:40:02,758 - 17948 - INFO - HTML validation report email sent for i-057a37891bb84393d
2026-01-02 04:40:02,974 - 17948 - INFO - Started i-057a37891bb84393d in 0:03:47.782058
2026-01-02 04:40:02,975 - 17948 - INFO - All instances processed.
2026-01-02 04:40:02,982 - 17948 - INFO - Restart Total time: 0:05:27.159302
2026-01-02 04:40:02,982 - 17948 - INFO - Auto-confirmed services are restarted
2026-01-02 04:40:02,982 - 17948 - INFO - Confirmed - services are started
2026-01-02 04:40:03,166 - 17948 - INFO - The following instances have failed the patch: []
2026-01-02 04:40:03,168 - 17948 - INFO - No instances have failed the patch.
2026-01-02 04:40:03,168 - 17948 - INFO - Total Patch Process time: 0:10:00.024054
2026-01-02 04:40:03,405 - 17948 - INFO - Email sent successfully to ['a80af5b5.softeon.com@in.teams.ms', 'CloudOps@softeon.com']
2026-01-02 04:41:03,544 - 17948 - ERROR - Failed to upload log file to S3: Failed to upload ./logs/patching_2026-01-02_Curology-UAT.log to q1-2026-aws-security-patching/Curology-UAT_Patch/2026-01-02/patching_2026-01-02_Curology-UAT.log: An error occurred (NoSuchBucket) when calling the PutObject operation: The specified bucket does not exist
