2025-12-06 02:15:03,191 - 28522 - INFO - Email sent successfully to ['CloudOps@softeon.com']
2025-12-06 02:17:14,722 - 28522 - INFO - Email sent successfully to ['MahimaM@softeon.com']
2025-12-06 02:17:14,844 - 28522 - INFO - Log file ./logs/backup_2025-12-06.log uploaded to s3://q3-2025-aws-security-patching/Cyclelogistics-Batch_Patch_Backup/2025-12-06/backup_2025-12-06.log
2025-12-06 06:15:02,628 - 9531 - INFO - Logger setup has been removed, using shared logger from common.logs.logger.
2025-12-06 06:15:02,629 - 9531 - INFO - Script Start Time: 2025-12-06 06:15:02
2025-12-06 06:15:02,821 - 9531 - INFO - Instance(s) selected for Patching: {'i-0fb88a901a4d17d8a': '172.18.35.43'}
2025-12-06 06:15:02,926 - 9531 - INFO - Email sent successfully to ['a80af5b5.softeon.com@in.teams.ms', 'CloudOps@softeon.com']
2025-12-06 06:15:02,926 - 9531 - INFO - Now patching instances at: 2025-12-06 06:15:02
2025-12-06 06:15:02,987 - 9531 - INFO - Sending patch command to instance i-0fb88a901a4d17d8a
2025-12-06 06:15:03,179 - 9531 - INFO - Command sent successfully to instance i-0fb88a901a4d17d8a. Command ID: 69bd704a-942e-41e9-b0ab-e577067050d8
2025-12-06 06:20:34,697 - 9531 - INFO - All patches applied successfully.
2025-12-06 06:20:34,698 - 9531 - INFO - Patching end time: 2025-12-06 06:20:34
2025-12-06 06:20:34,698 - 9531 - INFO - Patch Elapsed time: 0:05:31.771657
2025-12-06 06:20:34,776 - 9531 - INFO - Email sent successfully to ['a80af5b5.softeon.com@in.teams.ms', 'CloudOps@softeon.com']
2025-12-06 06:20:34,777 - 9531 - INFO - Confirmed - services are stopped
2025-12-06 06:20:55,182 - 9531 - INFO - Discovered TG map: {}
2025-12-06 06:20:55,469 - 9531 - INFO - Sent app_validation.sh to i-0fb88a901a4d17d8a (command_id: 53bf942c-4aaf-4759-be9d-e6c4f0dff464)
2025-12-06 06:21:25,550 - 9531 - INFO - app_validation.sh output for i-0fb88a901a4d17d8a:

==============================================================================
Server Availability Check Started at Sat Dec  6 11:20:55 UTC 2025
==============================================================================

-------------------------------------
Server IP : 172.18.35.43
-------------------------------------
System Information
------------------
Hostname: ip-172-18-35-43
Uptime: up 18 weeks, 2 days, 3 hours, 29 minutes
Current User: root
Working Directory: /usr/bin
-------------------------------------
Voice Console URL: http://172.18.35.43:9090/VoiceConsole
-------------------------------------

-------------------------------------
Server IP : 172.18.35.43
-------------------------------------
Physical Memory Information
---------------------------
Total Physical Memory = 15611 MB
Used Physical Memory  = 6053 MB
Free Physical Memory  = 9558 MB
-------------------------------------
Swap Memory Information
-----------------------
Total Swap Memory = 10239 MB
Used Swap Memory  = 1388 MB
Free Swap Memory  = 8851 MB
-------------------------------------
Load Average: 0.53 0.80 0.41 5/499 807523
-------------------------------------

Disk Usage Information
----------------------
Filesystem                                 Size  Used Avail Use% Mounted on
/dev/nvme0n1p1                              20G  5.7G   15G  29% /
/dev/nvme0n1p128                            10M  1.3M  8.7M  13% /boot/efi
/dev/nvme1n1p2                             290G   28G  263G  10% /data
fs-ba368f4f.efs.us-east-1.amazonaws.com:/  8.0E   48G  8.0E   1% /data2
devtmpfs                                   4.0M     0  4.0M   0% /dev
tmpfs                                      7.7G     0  7.7G   0% /dev/shm
tmpfs                                      3.1G  688K  3.1G   1% /run
tmpfs                                      1.6G     0  1.6G   0% /run/user/1000
tmpfs                                      1.6G     0  1.6G   0% /run/user/2001
tmpfs                                      7.7G  416K  7.7G   1% /tmp
-------------------------------------

Application Port Validation for Server IP: 172.18.35.43 started on Sat Dec  6 11:20:55 UTC 2025

Server IP: 172.18.35.43 is reachable.

SSH Service (Port 22) Status:
SSH Service (Port 22): NOT REACHABLE
-------------------------------------

FTP Service Validation for Server IP: 172.18.35.43

FTP Service (Port 21): NOT REACHABLE
No FTP processes detected
-------------------------------------

CUPS Service Validation for Server IP: 172.18.35.43

CUPS Service (Port 631): NOT REACHABLE

Printer Configuration:
Total Printers Configured: 0
-------------------------------------
CUPS Service (Port 631): NOT REACHABLE on 172.18.35.43
-------------------------------------

Total number of Java process running on this host 172.18.35.43 is 13
Total number of Daemon / Batch (java) application process available is 12

Daemon Process id and name details are given below
Process ID: 4363, Process Name: 74:28
Process ID: 4408, Process Name: 60:27
Process ID: 4448, Process Name: 238:46
Process ID: 4766, Process Name: 294:53
Process ID: 4673, Process Name: 89:48
Process ID: 4493, Process Name: 100:37
Process ID: 4857, Process Name: 69:32
Process ID: 4583, Process Name: 51:40
Process ID: 4538, Process Name: 51:48
Process ID: 4628, Process Name: 93:42
Process ID: 4720, Process Name: 198:32
Process ID: 4813, Process Name: 58:03
-------------------------------------

-------------------------------------
Total number of App process running on this host 172.18.35.43
Total number of App java process available is 0
-------------------------------------
No Standalone application processes running
-------------------------------------

Web Application Port Validation for Server IP: 172.18.35.43
-------------------------------------

==============================================================================
Server Availability Check Completed at Sat Dec  6 11:20:57 UTC 2025
==============================================================================


2025-12-06 06:21:25,550 - 9531 - ERROR - app_validation.sh errors for i-0fb88a901a4d17d8a:

2025-12-06 06:21:25,552 - 9531 - INFO - Before patching validation saved to: output/validation-2025-12-06/172.18.35.43-BeforePatching-2025-12-06-06-21-25-551.log
2025-12-06 06:21:25,552 - 9531 - INFO - Stopping EC2 instance: i-0fb88a901a4d17d8a at 2025-12-06 06:21:25
2025-12-06 06:22:26,559 - 9531 - INFO - Instance i-0fb88a901a4d17d8a stopped successfully.
2025-12-06 06:22:26,663 - 9531 - INFO - Stopped i-0fb88a901a4d17d8a in 0:01:01.110374
2025-12-06 06:22:26,663 - 9531 - INFO - Starting EC2 instance: i-0fb88a901a4d17d8a
2025-12-06 06:22:42,724 - 9531 - INFO - Instance i-0fb88a901a4d17d8a started successfully.
2025-12-06 06:22:42,724 - 9531 - INFO - Waiting 30 seconds for SSM agent to be ready on i-0fb88a901a4d17d8a...
2025-12-06 06:23:12,886 - 9531 - INFO - Sent app_validation.sh to i-0fb88a901a4d17d8a (command_id: 5bb7ae92-3543-492a-9b18-8214fad64c82)
2025-12-06 06:23:42,956 - 9531 - INFO - app_validation.sh output for i-0fb88a901a4d17d8a:

==============================================================================
Server Availability Check Started at Sat Dec  6 11:23:13 UTC 2025
==============================================================================

-------------------------------------
Server IP : 172.18.35.43
-------------------------------------
System Information
------------------
Hostname: ip-172-18-35-43
Uptime: up 0 minutes
Current User: root
Working Directory: /usr/bin
-------------------------------------
Voice Console URL: http://172.18.35.43:9090/VoiceConsole
-------------------------------------

-------------------------------------
Server IP : 172.18.35.43
-------------------------------------
Physical Memory Information
---------------------------
Total Physical Memory = 15611 MB
Used Physical Memory  = 2095 MB
Free Physical Memory  = 13516 MB
-------------------------------------
Swap Memory Information
-----------------------
Total Swap Memory = 10239 MB
Used Swap Memory  = 0 MB
Free Swap Memory  = 10239 MB
-------------------------------------
Load Average: 5.06 1.46 0.50 4/403 4252
-------------------------------------

Disk Usage Information
----------------------
Filesystem                                 Size  Used Avail Use% Mounted on
/dev/nvme0n1p1                              20G  5.5G   15G  28% /
/dev/nvme0n1p128                            10M  1.3M  8.7M  13% /boot/efi
/dev/nvme1n1p2                             290G   28G  263G  10% /data
fs-ba368f4f.efs.us-east-1.amazonaws.com:/  8.0E   48G  8.0E   1% /data2
devtmpfs                                   4.0M     0  4.0M   0% /dev
tmpfs                                      7.7G     0  7.7G   0% /dev/shm
tmpfs                                      3.1G  716K  3.1G   1% /run
tmpfs                                      1.6G     0  1.6G   0% /run/user/2001
tmpfs                                      7.7G  224K  7.7G   1% /tmp
-------------------------------------

Application Port Validation for Server IP: 172.18.35.43 started on Sat Dec  6 11:23:13 UTC 2025

Server IP: 172.18.35.43 is reachable.

SSH Service (Port 22) Status:
SSH Service (Port 22): NOT REACHABLE
-------------------------------------

FTP Service Validation for Server IP: 172.18.35.43

FTP Service (Port 21): NOT REACHABLE
No FTP processes detected
-------------------------------------

CUPS Service Validation for Server IP: 172.18.35.43

CUPS Service (Port 631): NOT REACHABLE

Printer Configuration:
Total Printers Configured: 0
-------------------------------------
CUPS Service (Port 631): NOT REACHABLE on 172.18.35.43
-------------------------------------

Total number of Java process running on this host 172.18.35.43 is 7
Total number of Daemon / Batch (java) application process available is 7

Daemon Process id and name details are given below
Process ID: 3944, Process Name: 0:03
Process ID: 3853, Process Name: 0:02
Process ID: 4036, Process Name: 0:02
Process ID: 3730, Process Name: 0:02
Process ID: 3789, Process Name: 0:07
Process ID: 3898, Process Name: 0:02
Process ID: 3991, Process Name: 0:02
-------------------------------------

-------------------------------------
Total number of App process running on this host 172.18.35.43
Total number of App java process available is 0
-------------------------------------
No Standalone application processes running
-------------------------------------

Web Application Port Validation for Server IP: 172.18.35.43
-------------------------------------

==============================================================================
Server Availability Check Completed at Sat Dec  6 11:23:14 UTC 2025
==============================================================================


2025-12-06 06:23:42,956 - 9531 - ERROR - app_validation.sh errors for i-0fb88a901a4d17d8a:

2025-12-06 06:23:42,958 - 9531 - INFO - After patching validation saved to: output/validation-2025-12-06/172.18.35.43-AfterPatching-2025-12-06-06-23-42-957.log
2025-12-06 06:23:42,995 - 9531 - INFO - Validation comparison report generated: output/validation-2025-12-06/172.18.35.43-Validation-details-2025-12-06-06-23-42-957.log
2025-12-06 06:23:43,076 - 9531 - INFO - Email sent successfully to ['CloudOps@softeon.com']
2025-12-06 06:23:43,077 - 9531 - INFO - HTML validation report email sent for i-0fb88a901a4d17d8a
2025-12-06 06:23:43,204 - 9531 - INFO - Started i-0fb88a901a4d17d8a in 0:01:16.540582
2025-12-06 06:23:43,204 - 9531 - INFO - All instances processed.
2025-12-06 06:23:43,206 - 9531 - INFO - Restart Total time: 0:03:08.306541
2025-12-06 06:23:43,206 - 9531 - INFO - Auto-confirmed services are restarted
2025-12-06 06:23:43,206 - 9531 - INFO - Confirmed - services are started
2025-12-06 06:23:43,342 - 9531 - INFO - The following instances have failed the patch: []
2025-12-06 06:23:43,342 - 9531 - INFO - No instances have failed the patch.
2025-12-06 06:23:43,342 - 9531 - INFO - Total Patch Process time: 0:08:40.712879
2025-12-06 06:23:43,525 - 9531 - INFO - Email sent successfully to ['a80af5b5.softeon.com@in.teams.ms', 'CloudOps@softeon.com']
2025-12-06 06:24:43,697 - 9531 - INFO - Log file ./logs/patching_2025-12-06_Cyclelogistics-Batch.log uploaded to s3://q4-2025-aws-security-patching/Cyclelogistics-Batch_Patch/2025-12-06/patching_2025-12-06_Cyclelogistics-Batch.log
