2025-11-08 02:20:02,029 - 21029 - INFO - Logger setup has been removed, using shared logger from common.logs.logger.
2025-11-08 02:20:02,029 - 21029 - INFO - Script Start Time: 2025-11-08 02:20:02
2025-11-08 02:20:02,373 - 21029 - INFO - Instance(s) selected for Patching: {'i-059c45e3db71d2d0e': '10.0.10.249'}
2025-11-08 02:20:02,467 - 21029 - INFO - Email sent successfully to ['a80af5b5.softeon.com@in.teams.ms', 'CloudOps@softeon.com']
2025-11-08 02:20:02,467 - 21029 - INFO - Now patching instances at: 2025-11-08 02:20:02
2025-11-08 02:20:02,527 - 21029 - INFO - Sending patch command to instance i-059c45e3db71d2d0e
2025-11-08 02:20:02,670 - 21029 - INFO - Command sent successfully to instance i-059c45e3db71d2d0e. Command ID: eedc6fa1-0bc7-4e41-af4d-60e0bb9ba1b2
2025-11-08 02:25:34,008 - 21029 - INFO - All patches applied successfully.
2025-11-08 02:25:34,008 - 21029 - INFO - Patching end time: 2025-11-08 02:25:34
2025-11-08 02:25:34,009 - 21029 - INFO - Patch Elapsed time: 0:05:31.541673
2025-11-08 02:25:34,095 - 21029 - INFO - Email sent successfully to ['a80af5b5.softeon.com@in.teams.ms', 'CloudOps@softeon.com']
2025-11-08 02:25:34,095 - 21029 - INFO - Confirmed - services are stopped
2025-11-08 02:25:54,124 - 21029 - INFO - Discovered TG map: {'i-059c45e3db71d2d0e': ['arn:aws:elasticloadbalancing:us-east-1:835314132208:targetgroup/NEXCOM-Prod-Slice/a80e09049ff7ba9b', 'arn:aws:elasticloadbalancing:us-east-1:835314132208:targetgroup/RRSW-Prod-Slice/53a20580cd9313a5', 'arn:aws:elasticloadbalancing:us-east-1:835314132208:targetgroup/SCL-PROD-ADDVERB-EC/1ee1a6afc8a4d054', 'arn:aws:elasticloadbalancing:us-east-1:835314132208:targetgroup/SCL-PROD-EC/08487966efdf0944', 'arn:aws:elasticloadbalancing:us-east-1:835314132208:targetgroup/SCLE-Prod-Slice/a901c9a9e9db7c80', 'arn:aws:elasticloadbalancing:us-east-1:835314132208:targetgroup/SCLW-ADDVERB-Prod-Slice/33fc2e30be822c4e', 'arn:aws:elasticloadbalancing:us-east-1:835314132208:targetgroup/SCLW-Prod-Slice/5afa1dee3a57e57a', 'arn:aws:elasticloadbalancing:us-east-1:835314132208:targetgroup/RRS-Prod-Slice/d01b243565d30d64', 'arn:aws:elasticloadbalancing:us-east-1:835314132208:targetgroup/SCL-Prod-Slice/c4b3d741774b2fba']}
2025-11-08 02:25:54,403 - 21029 - INFO - Sent app_validation.sh to i-059c45e3db71d2d0e (command_id: bbbe5834-f9eb-43fd-a6fd-13eec9c8728f)
2025-11-08 02:26:24,512 - 21029 - INFO - app_validation.sh output for i-059c45e3db71d2d0e:

==============================================================================
Server Availability Check Started at Sat Nov  8 07:25:54 UTC 2025
==============================================================================

-------------------------------------
Server IP : 10.0.10.249
-------------------------------------
System Information
------------------
Hostname: ip-10-0-10-249
Uptime: up 9 weeks, 6 days, 21 hours, 32 minutes
Current User: root
Working Directory: /usr/bin
-------------------------------------
Voice Console URL: http://10.0.10.249:9090/VoiceConsole
-------------------------------------

-------------------------------------
Server IP : 10.0.10.249
-------------------------------------
Physical Memory Information
---------------------------
Total Physical Memory = 7727 MB
Used Physical Memory  = 3191 MB
Free Physical Memory  = 4536 MB
-------------------------------------
Swap Memory Information
-----------------------
Total Swap Memory = 10239 MB
Used Swap Memory  = 702 MB
Free Swap Memory  = 9537 MB
-------------------------------------
Load Average: 0.72 0.91 0.45 3/676 1091453
-------------------------------------

Disk Usage Information
----------------------
Filesystem             Size  Used Avail Use% Mounted on
/dev/nvme0n1p1          20G  5.4G   15G  27% /
/dev/nvme0n1p128        10M  1.3M  8.7M  13% /boot/efi
/dev/mapper/vg01-lv02   90G   17G   74G  18% /data
devtmpfs               4.0M     0  4.0M   0% /dev
tmpfs                  3.8G     0  3.8G   0% /dev/shm
tmpfs                  1.6G  8.7M  1.6G   1% /run
tmpfs                  773M     0  773M   0% /run/user/2001
tmpfs                  3.8G  352K  3.8G   1% /tmp
-------------------------------------

Application Port Validation for Server IP: 10.0.10.249 started on Sat Nov  8 07:25:54 UTC 2025

Server IP: 10.0.10.249 is reachable.

SSH Service (Port 22) Status:
SSH Service (Port 22): NOT REACHABLE
-------------------------------------

FTP Service Validation for Server IP: 10.0.10.249

FTP Service (Port 21): NOT REACHABLE
No FTP processes detected
-------------------------------------

CUPS Service Validation for Server IP: 10.0.10.249

CUPS Service (Port 631): NOT REACHABLE

Printer Configuration:
CUPS commands not available
-------------------------------------
CUPS Service (Port 631): NOT REACHABLE on 10.0.10.249
-------------------------------------

Total number of Java process running on this host 10.0.10.249 is 11
Total number of Daemon / Batch (java) application process available is 11

Daemon Process id and name details are given below
Process ID: 628406, Process Name: 322:35
Process ID: 6868, Process Name: 351:22
Process ID: 627988, Process Name: 39:37
Process ID: 626259, Process Name: 40:22
Process ID: 2315, Process Name: 64:05
Process ID: 2317, Process Name: 62:52
Process ID: 2318, Process Name: 69:29
Process ID: 2319, Process Name: 62:02
Process ID: 2320, Process Name: 60:52
Process ID: 422273, Process Name: 58:47
Process ID: 2321, Process Name: 61:29
-------------------------------------

-------------------------------------
Total number of App process running on this host 10.0.10.249
Total number of App java process available is 0
-------------------------------------
No Standalone application processes running
-------------------------------------

Web Application Port Validation for Server IP: 10.0.10.249
Port 8080:		Not Running
Port 8081:		Not Running
Port 8082:		Not Running
Port 8083:		Not Running
Port 8084:		Not Running
Port 8085:		Not Running
Port 8087:		Not Running
-------------------------------------

==============================================================================
Server Availability Check Completed at Sat Nov  8 07:26:06 UTC 2025
==============================================================================


2025-11-08 02:26:24,512 - 21029 - ERROR - app_validation.sh errors for i-059c45e3db71d2d0e:

2025-11-08 02:26:24,514 - 21029 - INFO - Before patching validation saved to: output/validation-2025-11-08/10.0.10.249-BeforePatching-2025-11-08-02-26-24-513.log
2025-11-08 02:26:24,514 - 21029 - INFO - Deregistering i-059c45e3db71d2d0e from TG arn:aws:elasticloadbalancing:us-east-1:835314132208:targetgroup/NEXCOM-Prod-Slice/a80e09049ff7ba9b
2025-11-08 02:26:24,584 - 21029 - INFO - Deregistering i-059c45e3db71d2d0e from TG arn:aws:elasticloadbalancing:us-east-1:835314132208:targetgroup/RRSW-Prod-Slice/53a20580cd9313a5
2025-11-08 02:26:24,639 - 21029 - INFO - Deregistering i-059c45e3db71d2d0e from TG arn:aws:elasticloadbalancing:us-east-1:835314132208:targetgroup/SCL-PROD-ADDVERB-EC/1ee1a6afc8a4d054
2025-11-08 02:26:24,689 - 21029 - INFO - Deregistering i-059c45e3db71d2d0e from TG arn:aws:elasticloadbalancing:us-east-1:835314132208:targetgroup/SCL-PROD-EC/08487966efdf0944
2025-11-08 02:26:24,744 - 21029 - INFO - Deregistering i-059c45e3db71d2d0e from TG arn:aws:elasticloadbalancing:us-east-1:835314132208:targetgroup/SCLE-Prod-Slice/a901c9a9e9db7c80
2025-11-08 02:26:24,794 - 21029 - INFO - Deregistering i-059c45e3db71d2d0e from TG arn:aws:elasticloadbalancing:us-east-1:835314132208:targetgroup/SCLW-ADDVERB-Prod-Slice/33fc2e30be822c4e
2025-11-08 02:26:24,835 - 21029 - INFO - Deregistering i-059c45e3db71d2d0e from TG arn:aws:elasticloadbalancing:us-east-1:835314132208:targetgroup/SCLW-Prod-Slice/5afa1dee3a57e57a
2025-11-08 02:26:24,881 - 21029 - INFO - Deregistering i-059c45e3db71d2d0e from TG arn:aws:elasticloadbalancing:us-east-1:835314132208:targetgroup/RRS-Prod-Slice/d01b243565d30d64
2025-11-08 02:26:24,936 - 21029 - INFO - Deregistering i-059c45e3db71d2d0e from TG arn:aws:elasticloadbalancing:us-east-1:835314132208:targetgroup/SCL-Prod-Slice/c4b3d741774b2fba
2025-11-08 02:26:24,988 - 21029 - INFO - Stopping EC2 instance: i-059c45e3db71d2d0e at 2025-11-08 02:26:24
2025-11-08 02:28:11,411 - 21029 - INFO - Instance i-059c45e3db71d2d0e stopped successfully.
2025-11-08 02:28:11,531 - 21029 - INFO - Stopped i-059c45e3db71d2d0e in 0:01:46.543129
2025-11-08 02:28:11,531 - 21029 - INFO - Starting EC2 instance: i-059c45e3db71d2d0e
2025-11-08 02:28:27,213 - 21029 - INFO - Instance i-059c45e3db71d2d0e started successfully.
2025-11-08 02:28:27,213 - 21029 - INFO - Waiting 30 seconds for SSM agent to be ready on i-059c45e3db71d2d0e...
2025-11-08 02:28:57,215 - 21029 - INFO - Registering i-059c45e3db71d2d0e to TG arn:aws:elasticloadbalancing:us-east-1:835314132208:targetgroup/NEXCOM-Prod-Slice/a80e09049ff7ba9b
2025-11-08 02:28:57,441 - 21029 - INFO - Registering i-059c45e3db71d2d0e to TG arn:aws:elasticloadbalancing:us-east-1:835314132208:targetgroup/RRSW-Prod-Slice/53a20580cd9313a5
2025-11-08 02:28:57,598 - 21029 - INFO - Registering i-059c45e3db71d2d0e to TG arn:aws:elasticloadbalancing:us-east-1:835314132208:targetgroup/SCL-PROD-ADDVERB-EC/1ee1a6afc8a4d054
2025-11-08 02:28:57,739 - 21029 - INFO - Registering i-059c45e3db71d2d0e to TG arn:aws:elasticloadbalancing:us-east-1:835314132208:targetgroup/SCL-PROD-EC/08487966efdf0944
2025-11-08 02:28:57,961 - 21029 - INFO - Registering i-059c45e3db71d2d0e to TG arn:aws:elasticloadbalancing:us-east-1:835314132208:targetgroup/SCLE-Prod-Slice/a901c9a9e9db7c80
2025-11-08 02:28:58,151 - 21029 - INFO - Registering i-059c45e3db71d2d0e to TG arn:aws:elasticloadbalancing:us-east-1:835314132208:targetgroup/SCLW-ADDVERB-Prod-Slice/33fc2e30be822c4e
2025-11-08 02:28:58,288 - 21029 - INFO - Registering i-059c45e3db71d2d0e to TG arn:aws:elasticloadbalancing:us-east-1:835314132208:targetgroup/SCLW-Prod-Slice/5afa1dee3a57e57a
2025-11-08 02:28:58,424 - 21029 - INFO - Registering i-059c45e3db71d2d0e to TG arn:aws:elasticloadbalancing:us-east-1:835314132208:targetgroup/RRS-Prod-Slice/d01b243565d30d64
2025-11-08 02:28:58,557 - 21029 - INFO - Registering i-059c45e3db71d2d0e to TG arn:aws:elasticloadbalancing:us-east-1:835314132208:targetgroup/SCL-Prod-Slice/c4b3d741774b2fba
2025-11-08 02:31:29,500 - 21029 - INFO - Sent app_validation.sh to i-059c45e3db71d2d0e (command_id: 180ca284-a876-4cba-945b-0dccdafbdd76)
2025-11-08 02:31:59,634 - 21029 - INFO - app_validation.sh output for i-059c45e3db71d2d0e:

==============================================================================
Server Availability Check Started at Sat Nov  8 07:31:29 UTC 2025
==============================================================================

-------------------------------------
Server IP : 10.0.10.249
-------------------------------------
System Information
------------------
Hostname: ip-10-0-10-249
Uptime: up 3 minutes
Current User: root
Working Directory: /usr/bin
-------------------------------------
Voice Console URL: http://10.0.10.249:9090/VoiceConsole
-------------------------------------

-------------------------------------
Server IP : 10.0.10.249
-------------------------------------
Physical Memory Information
---------------------------
Total Physical Memory = 7727 MB
Used Physical Memory  = 2783 MB
Free Physical Memory  = 4944 MB
-------------------------------------
Swap Memory Information
-----------------------
Total Swap Memory = 10239 MB
Used Swap Memory  = 0 MB
Free Swap Memory  = 10239 MB
-------------------------------------
Load Average: 6.73 6.59 2.83 3/663 3239
-------------------------------------

Disk Usage Information
----------------------
Filesystem             Size  Used Avail Use% Mounted on
/dev/nvme0n1p1          20G  5.2G   15G  26% /
/dev/nvme0n1p128        10M  1.3M  8.7M  13% /boot/efi
/dev/mapper/vg01-lv02   90G   17G   74G  18% /data
devtmpfs               4.0M     0  4.0M   0% /dev
tmpfs                  3.8G     0  3.8G   0% /dev/shm
tmpfs                  1.6G  8.7M  1.6G   1% /run
tmpfs                  3.8G  352K  3.8G   1% /tmp
-------------------------------------

Application Port Validation for Server IP: 10.0.10.249 started on Sat Nov  8 07:31:29 UTC 2025

Server IP: 10.0.10.249 is reachable.

SSH Service (Port 22) Status:
SSH Service (Port 22): NOT REACHABLE
-------------------------------------

FTP Service Validation for Server IP: 10.0.10.249

FTP Service (Port 21): NOT REACHABLE
No FTP processes detected
-------------------------------------

CUPS Service Validation for Server IP: 10.0.10.249

CUPS Service (Port 631): NOT REACHABLE

Printer Configuration:
CUPS commands not available
-------------------------------------
CUPS Service (Port 631): NOT REACHABLE on 10.0.10.249
-------------------------------------

Total number of Java process running on this host 10.0.10.249 is 11
Total number of Daemon / Batch (java) application process available is 11

Daemon Process id and name details are given below
Process ID: 2318, Process Name: 0:14
Process ID: 2319, Process Name: 0:16
Process ID: 2322, Process Name: 0:02
Process ID: 2321, Process Name: 0:01
Process ID: 2323, Process Name: 0:09
Process ID: 2325, Process Name: 0:09
Process ID: 2326, Process Name: 0:09
Process ID: 2327, Process Name: 0:09
Process ID: 2328, Process Name: 0:09
Process ID: 2329, Process Name: 0:09
Process ID: 2330, Process Name: 0:09
-------------------------------------

-------------------------------------
Total number of App process running on this host 10.0.10.249
Total number of App java process available is 0
-------------------------------------
No Standalone application processes running
-------------------------------------

Web Application Port Validation for Server IP: 10.0.10.249
Port 8080:		Not Running
Port 8081:		Not Running
Port 8082:		Not Running
Port 8083:		Not Running
Port 8084:		Not Running
Port 8085:		Not Running
Port 8087:		Not Running
-------------------------------------

==============================================================================
Server Availability Check Completed at Sat Nov  8 07:31:31 UTC 2025
==============================================================================


2025-11-08 02:31:59,634 - 21029 - ERROR - app_validation.sh errors for i-059c45e3db71d2d0e:

2025-11-08 02:31:59,636 - 21029 - INFO - After patching validation saved to: output/validation-2025-11-08/10.0.10.249-AfterPatching-2025-11-08-02-31-59-635.log
2025-11-08 02:31:59,674 - 21029 - INFO - Validation comparison report generated: output/validation-2025-11-08/10.0.10.249-Validation-details-2025-11-08-02-31-59-635.log
2025-11-08 02:31:59,756 - 21029 - INFO - Email sent successfully to ['CloudOps@softeon.com']
2025-11-08 02:31:59,757 - 21029 - INFO - HTML validation report email sent for i-059c45e3db71d2d0e
2025-11-08 02:31:59,885 - 21029 - INFO - Started i-059c45e3db71d2d0e in 0:03:48.353360
2025-11-08 02:31:59,885 - 21029 - INFO - All instances processed.
2025-11-08 02:31:59,889 - 21029 - INFO - Restart Total time: 0:06:25.680166
2025-11-08 02:31:59,889 - 21029 - INFO - Auto-confirmed services are restarted
2025-11-08 02:31:59,889 - 21029 - INFO - Confirmed - services are started
2025-11-08 02:31:59,999 - 21029 - INFO - The following instances have failed the patch: []
2025-11-08 02:32:00,020 - 21029 - INFO - No instances have failed the patch.
2025-11-08 02:32:00,020 - 21029 - INFO - Total Patch Process time: 0:11:57.970295
2025-11-08 02:32:00,287 - 21029 - INFO - Email sent successfully to ['a80af5b5.softeon.com@in.teams.ms', 'CloudOps@softeon.com']
2025-11-08 02:33:00,480 - 21029 - INFO - Log file ./logs/patching_2025-11-08_SaddleCreek-Central-Slice.log uploaded to s3://q4-2025-aws-security-patching/SaddleCreek-Central-Slice_Patch/2025-11-08/patching_2025-11-08_SaddleCreek-Central-Slice.log
