2026-01-17 00:45:02,258 - 29323 - INFO - Logger setup has been removed, using shared logger from common.logs.logger.
2026-01-17 00:45:02,259 - 29323 - INFO - Script Start Time: 2026-01-17 00:45:02
2026-01-17 00:45:02,407 - 29323 - INFO - Instance(s) selected for Patching: {'i-013844432aeb1e503': '172.29.60.69'}
2026-01-17 00:45:02,498 - 29323 - INFO - Email sent successfully to ['a80af5b5.softeon.com@in.teams.ms', 'CloudOps@softeon.com']
2026-01-17 00:45:02,498 - 29323 - INFO - Now patching instances at: 2026-01-17 00:45:02
2026-01-17 00:45:02,548 - 29323 - INFO - Sending patch command to instance i-013844432aeb1e503
2026-01-17 00:45:02,697 - 29323 - INFO - Command sent successfully to instance i-013844432aeb1e503. Command ID: 43b1455c-f1e7-4815-b86a-93ce5fde5b6a
2026-01-17 00:50:04,092 - 29323 - INFO - All patches applied successfully.
2026-01-17 00:50:04,093 - 29323 - INFO - Patching end time: 2026-01-17 00:50:04
2026-01-17 00:50:04,093 - 29323 - INFO - Patch Elapsed time: 0:05:01.594316
2026-01-17 00:50:04,174 - 29323 - INFO - Email sent successfully to ['a80af5b5.softeon.com@in.teams.ms', 'CloudOps@softeon.com']
2026-01-17 00:50:04,174 - 29323 - INFO - Confirmed - services are stopped
2026-01-17 00:50:23,580 - 29323 - INFO - Discovered TG map: {'i-013844432aeb1e503': ['arn:aws:elasticloadbalancing:us-east-1:835314132208:targetgroup/UPS-UAT-ALB-Desktop/ee9e3546b4a9d25a', 'arn:aws:elasticloadbalancing:us-east-1:835314132208:targetgroup/UPS-UAT-ALB-RF/f1e829f0066e46a4']}
2026-01-17 00:50:23,857 - 29323 - INFO - Sent app_validation.sh to i-013844432aeb1e503 (command_id: 109704ac-c6a3-4cd2-9091-695950fad31e)
2026-01-17 00:50:53,932 - 29323 - INFO - app_validation.sh output for i-013844432aeb1e503:

==============================================================================
Server Availability Check Started at Sat Jan 17 00:50:24 EST 2026
==============================================================================

-------------------------------------
Server IP : 172.29.60.69
-------------------------------------
System Information
------------------
Hostname: ip-172-29-60-69
Uptime: up 13 weeks, 6 days, 22 hours, 56 minutes
Current User: root
Working Directory: /usr/bin
-------------------------------------
Voice Console URL: http://172.29.60.69:9090/VoiceConsole
-------------------------------------

-------------------------------------
Server IP : 172.29.60.69
-------------------------------------
Physical Memory Information
---------------------------
Total Physical Memory = 15611 MB
Used Physical Memory  = 10922 MB
Free Physical Memory  = 4689 MB
-------------------------------------
Swap Memory Information
-----------------------
Total Swap Memory = 20479 MB
Used Swap Memory  = 4210 MB
Free Swap Memory  = 16269 MB
-------------------------------------
Load Average: 0.43 0.75 0.38 5/1038 3331781
-------------------------------------

Disk Usage Information
----------------------
Filesystem                                            Size  Used Avail Use% Mounted on
/dev/nvme0n1p1                                         20G  5.8G   15G  29% /
/dev/nvme0n1p128                                       10M  1.3M  8.7M  13% /boot/efi
/dev/nvme1n1p2                                        280G  131G  150G  47% /data
us-east-1c.fs-4713b90e.efs.us-east-1.amazonaws.com:/  8.0E  116G  8.0E   1% /data2
devtmpfs                                              4.0M     0  4.0M   0% /dev
tmpfs                                                 7.7G     0  7.7G   0% /dev/shm
tmpfs                                                 3.1G  692K  3.1G   1% /run
tmpfs                                                 1.6G     0  1.6G   0% /run/user/1001
tmpfs                                                 7.7G   21M  7.7G   1% /tmp
-------------------------------------

Application Port Validation for Server IP: 172.29.60.69 started on Sat Jan 17 00:50:24 EST 2026

Server IP: 172.29.60.69 is reachable.

SSH Service (Port 22) Status:
SSH Service (Port 22): NOT REACHABLE
-------------------------------------

FTP Service Validation for Server IP: 172.29.60.69

FTP Service (Port 21): NOT REACHABLE
No FTP processes detected
-------------------------------------

CUPS Service Validation for Server IP: 172.29.60.69

CUPS Service (Port 631): NOT REACHABLE

Printer Configuration:
Total Printers Configured: 116
Printer Details:
printer AEJLL_LBL_001 is idle.  enabled since Thu Jul 12 01:33:02 2018
printer AEJLL_LSR_001 is idle.  enabled since Mon Jun 19 09:38:11 2017
printer ALPH_LBL_001 is idle.  enabled since Fri Jan  9 12:23:38 2026
	The printer is not responding.
printer ALPH_LSR_001 is idle.  enabled since Wed Feb 27 06:12:56 2019
printer ALPH_LSR_002 is idle.  enabled since Wed Oct 11 13:01:42 2017
printer ALPH_LSR_003 is idle.  enabled since Fri Jan  9 12:23:48 2026
	The printer is not responding.
printer AUB_LBL_001 is idle.  enabled since Thu Jan  8 22:11:09 2026
	The printer is not responding.
printer AUB_LBL_002 is idle.  enabled since Mon Jan 22 13:37:10 2018
printer AUB_LBL_003 is idle.  enabled since Wed Dec  5 09:39:59 2018
printer AUB_LBL_004 is idle.  enabled since Tue Sep 26 12:49:27 2017
printer AUB_LBL_008 is idle.  enabled since Fri Aug 18 00:58:04 2017
printer AUB_LBL_009 is idle.  enabled since Mon Jul 24 14:46:45 2017
printer AUB_LBL_010 is idle.  enabled since Mon Jul 24 14:46:47 2017
printer AUB_LSR_001 is idle.  enabled since Thu Jan  8 22:10:59 2026
	The printer is not responding.
printer AUB_LSR_002 is idle.  enabled since Thu Nov 16 17:24:30 2023
printer AUB_LSR_003 is idle.  enabled since Fri Jul 28 11:54:58 2017
printer AUB_LSR_008 is idle.  enabled since Fri Aug 18 00:57:25 2017
printer AUB_LSR_009 is idle.  enabled since Mon Jul 24 14:46:45 2017
printer BVI_LBL_01 is idle.  enabled since Mon Feb  4 05:05:19 2019
printer BVI_LBL_02 is idle.  enabled since Mon Feb  4 05:09:37 2019
printer BVI_LSR_01 is idle.  enabled since Tue Feb 12 01:49:38 2019
printer BVI_LSR_02 is idle.  enabled since Mon Feb  4 05:09:37 2019
printer CAFAN_LBL_001 is idle.  enabled since Fri Jan  4 12:02:44 2019
printer CAFAN_LBL_002 is idle.  enabled since Tue Dec 18 12:44:33 2018
printer CAFAN_LBL_003 is idle.  enabled since Wed Jul 11 18:16:26 2018
printer CAFAN_LBL_004 is idle.  enabled since Mon May 21 12:59:47 2018
printer CAFAN_LSR_001 is idle.  enabled since Mon Jan  7 17:03:02 2019
printer CHAMP_NYCHP_LBL_005 is idle.  enabled since Tue Jun 27 06:11:05 2017
printer CMB_LBL_01 is idle.  enabled since Mon Feb  4 04:54:04 2019
printer CMB_LSR_01 is idle.  enabled since Tue Feb 12 02:13:15 2019
printer DAV_LBL_001 is idle.  enabled since Wed Feb 21 17:24:13 2018
printer DAV_LSR_001 is idle.  enabled since Thu Feb 22 12:21:45 2018
printer GAAPR_TEST is idle.  enabled since Mon Dec  4 11:39:56 2023
printer KY_LBL_001 is idle.  enabled since Mon Jul  3 10:49:52 2017
printer KY_LBL_002 is idle.  enabled since Tue Feb 12 11:56:14 2019
printer KY_LSR_001 is idle.  enabled since Fri May  4 14:49:32 2018
printer KY_LSR_002 is idle.  enabled since Tue Feb 12 11:55:58 2019
printer KYLOE_LBL_001 is idle.  enabled since Tue Feb 12 14:06:11 2019
printer KYLOE_LBL_002 is idle.  enabled since Thu Jul 12 15:38:46 2018
printer KYLOE_LBL_003 is idle.  enabled since Wed Jun  6 17:32:53 2018
printer KYLOE_LSR_001 is idle.  enabled since Tue Feb 12 14:47:24 2019
printer KYLOE_LSR_002 is idle.  enabled since Thu Jun  7 17:36:16 2018
printer KYLOE_LSR_003 is idle.  enabled since Thu May 24 02:13:50 2018
printer KYLSV_LBL_001 is idle.  enabled since Thu Jun  7 17:36:16 2018
printer KYLSV_LBL_002 is idle.  enabled since Mon Apr 16 09:37:13 2018
printer KYLSV_LSR_001 is idle.  enabled since Thu Jun  7 17:36:16 2018
printer KYLSV_LSR_002 is idle.  enabled since Thu Jul 12 10:42:13 2018
printer NLDEKRE_LBL_001 is idle.  enabled since Tue Feb 19 08:57:51 2019
printer NLDEKRE_LBL_003 is idle.  enabled since Wed Oct 25 10:05:05 2017
printer NLDEKRE_LSR_001 is idle.  enabled since Fri Mar  1 06:39:13 2019
printer NLDEKRE_LSR_002 is idle.  enabled since Wed Oct 25 10:03:42 2017
printer NLMRD_LBL_001 is idle.  enabled since Fri Mar 23 09:45:52 2018
printer NLMRD_LSR_001 is idle.  enabled since Thu Dec 28 07:03:36 2017
printer NLVEL_LBL_001 is idle.  enabled since Mon Mar  4 05:14:27 2019
printer NLVEL_LSR_001 is idle.  enabled since Mon Mar  4 05:16:23 2019
printer NLVLO2-NLVLO2-SPS is idle.  enabled since Wed Dec  6 01:54:52 2017
printer NLVLO3-NLVLO3-SPS is idle.  enabled since Wed Dec  6 01:54:52 2017
printer NLVLO_LBL_001 is idle.  enabled since Tue Jan 16 10:14:38 2018
printer NLVLO_LBL_002 is idle.  enabled since Wed Dec 26 01:17:00 2018
printer NLVLO_LBL_003 is idle.  enabled since Tue Nov 21 09:38:18 2017
printer NLVLO_LSR_001 is idle.  enabled since Tue Oct 17 02:06:40 2017
printer NLVLO_LSR_002 is idle.  enabled since Fri Dec 22 08:51:20 2017
printer NLVLO_LSR_003 is idle.  enabled since Thu Dec 27 15:52:11 2018
printer NLVLO_ZM_ZEB_002 is idle.  enabled since Wed Dec  6 01:54:52 2017
printer NLVLO_ZM_ZEB_003 is idle.  enabled since Wed Dec  6 01:54:52 2017
printer NY_LBL_002 is idle.  enabled since Wed Apr 11 14:56:41 2018
printer NY_LSR_001 is idle.  enabled since Wed Apr 11 14:55:15 2018
printer NY_LSR_002 is idle.  enabled since Wed May  3 03:14:35 2017
printer NYCHP_LBL_003 is idle.  enabled since Mon Jun 26 08:53:27 2017
printer NYCHP_LBL_004 is idle.  enabled since Tue Dec 12 13:01:36 2017
printer NYCHP_LBL_005 is idle.  enabled since Fri Feb  2 12:02:14 2018
printer NYCHP_LBL_006 is idle.  enabled since Wed Nov  1 14:36:01 2017
printer NYCHP_LBL_007 is idle.  enabled since Wed Nov  8 15:03:14 2017
printer NYCHP_LSR_003 is idle.  enabled since Tue May 16 15:12:36 2017
printer NYCHP_LSR_004 is idle.  enabled since Tue May 16 15:12:36 2017
printer NYCHP_LSR_005 is idle.  enabled since Tue May 16 15:12:36 2017
printer SMB_LBL_001 is idle.  enabled since Tue Sep 12 13:37:24 2017
printer SMB_LBL_002 is idle.  enabled since Thu Sep  7 09:53:49 2017
printer SMB_LBL_003 is idle.  enabled since Thu Sep  7 09:54:18 2017
printer SMB_LBL_004 is idle.  enabled since Thu Sep  7 09:55:00 2017
printer SMB_LBL_005 is idle.  enabled since Thu Sep  7 09:55:48 2017
printer SMB_LBL_006 is idle.  enabled since Thu Nov 30 14:26:11 2017
printer SMB_LBL_007 is idle.  enabled since Thu Sep  7 09:56:58 2017
printer SMB_LBL_008 is idle.  enabled since Thu Sep  7 09:57:20 2017
printer SMB_LBL_009 is idle.  enabled since Thu Sep  7 09:57:55 2017
printer SMB_LBL_010 is idle.  enabled since Thu Sep  7 09:58:20 2017
printer SMB_LBL_011 is idle.  enabled since Thu Sep  7 10:03:14 2017
printer SMB_LBL_012 is idle.  enabled since Thu Sep  7 10:03:34 2017
printer SMB_LBL_013 is idle.  enabled since Thu Sep  7 10:03:59 2017
printer SMB_LBL_014 is idle.  enabled since Thu Sep  7 10:04:17 2017
printer SMB_LBL_015 is idle.  enabled since Thu Sep  7 10:04:33 2017
printer SMB_LBL_016 is idle.  enabled since Fri Mar  9 14:01:53 2018
printer SMB_LSR_001 is idle.  enabled since Wed Sep  6 11:35:59 2017
printer SMB_LSR_002 is idle.  enabled since Wed Sep  6 11:38:05 2017
printer SMB_LSR_003 is idle.  enabled since Wed Sep  6 11:38:42 2017
printer SMB_LSR_004 is idle.  enabled since Thu Sep  7 09:46:30 2017
printer SMB_LSR_005 is idle.  enabled since Thu Sep  7 09:49:07 2017
printer SMB_LSR_006 is idle.  enabled since Thu Sep  7 09:49:46 2017
printer SMB_LSR_007 is idle.  enabled since Thu Sep  7 09:50:17 2017
printer SMB_LSR_008 is idle.  enabled since Thu Sep  7 09:50:49 2017
printer SMB_LSR_013 is idle.  enabled since Thu Sep  7 09:51:29 2017
printer SMB_LSR_014 is idle.  enabled since Thu Sep  7 09:51:54 2017
printer SMB_LSR_015 is idle.  enabled since Thu Sep  7 09:52:30 2017
printer SMB_LSR_016 is idle.  enabled since Fri Mar  9 14:26:56 2018
printer SNAP_PRINTER_ADMIN is idle.  enabled since Thu Jul 26 22:09:29 2018
printer TEE_LBL_01 is idle.  enabled since Tue Feb 12 02:02:31 2019
printer TEE_LSR_01 is idle.  enabled since Tue Feb 12 02:18:10 2019
printer TEST2 is idle.  enabled since Tue Jan 22 06:39:43 2019
printer TXFTH_LBL_001 is idle.  enabled since Fri Jul 27 09:47:30 2018
printer TXFTH_LBL_002 is idle.  enabled since Fri Apr  6 09:59:36 2018
printer TXFTH_LSR_001 is idle.  enabled since Fri Jul 27 09:53:17 2018
printer TXFTH_LSR_002 is idle.  enabled since Wed Apr  4 10:12:15 2018
-------------------------------------
CUPS Service (Port 631): NOT REACHABLE on 172.29.60.69
-------------------------------------

Total number of Java process running on this host 172.29.60.69 is 32
Total number of Daemon / Batch (java) application process available is 30

Daemon Process id and name details are given below
Process ID: 2323187, Process Name: 25:49
Process ID: 2323215, Process Name: 35:19
Process ID: 2323236, Process Name: 22:06
Process ID: 2323267, Process Name: 25:36
Process ID: 2323298, Process Name: 25:33
Process ID: 2323324, Process Name: 85:15
Process ID: 2323350, Process Name: 28:47
Process ID: 2323376, Process Name: 22:49
Process ID: 2323965, Process Name: 22:13
Process ID: 2323840, Process Name: 85:26
Process ID: 2323871, Process Name: 22:39
Process ID: 2323998, Process Name: 22:00
Process ID: 2323432, Process Name: 29:22
Process ID: 2323780, Process Name: 24:14
Process ID: 2324028, Process Name: 22:30
Process ID: 2323933, Process Name: 88:24
Process ID: 2323906, Process Name: 23:06
Process ID: 2323642, Process Name: 150:57
Process ID: 2323486, Process Name: 25:50
Process ID: 2323516, Process Name: 25:25
Process ID: 2323673, Process Name: 84:53
Process ID: 2323702, Process Name: 95:15
Process ID: 2323546, Process Name: 86:13
Process ID: 2324191, Process Name: 22:05
Process ID: 2324085, Process Name: 91:08
Process ID: 2324240, Process Name: 22:14
Process ID: 2324057, Process Name: 22:20
Process ID: 2323607, Process Name: 22:54
Process ID: 2323581, Process Name: 22:44
Process ID: 2323812, Process Name: 52:22
-------------------------------------

-------------------------------------
Total number of App process running on this host 172.29.60.69
Total number of App java process available is 2
-------------------------------------
App Process details:
Process ID: 2374543, Process Name: upsuat_jb730eap
Process ID: 2375004, Process Name: upsrfuat_jb730e
-------------------------------------

Web Application Port Validation for Server IP: 172.29.60.69
Port 80:	upsuat_jb73	Running
Port 8080:	upsrfuat_jb	Running
-------------------------------------

==============================================================================
Server Availability Check Completed at Sat Jan 17 00:50:26 EST 2026
==============================================================================


2026-01-17 00:50:53,932 - 29323 - ERROR - app_validation.sh errors for i-013844432aeb1e503:

2026-01-17 00:50:53,934 - 29323 - INFO - Before patching validation saved to: output/validation-2026-01-17/172.29.60.69-BeforePatching-2026-01-17-00-50-53-933.log
2026-01-17 00:50:53,934 - 29323 - INFO - Deregistering i-013844432aeb1e503 from TG arn:aws:elasticloadbalancing:us-east-1:835314132208:targetgroup/UPS-UAT-ALB-Desktop/ee9e3546b4a9d25a
2026-01-17 00:50:54,009 - 29323 - INFO - Deregistering i-013844432aeb1e503 from TG arn:aws:elasticloadbalancing:us-east-1:835314132208:targetgroup/UPS-UAT-ALB-RF/f1e829f0066e46a4
2026-01-17 00:50:54,054 - 29323 - INFO - Stopping EC2 instance: i-013844432aeb1e503 at 2026-01-17 00:50:54
2026-01-17 00:52:55,604 - 29323 - INFO - Instance i-013844432aeb1e503 stopped successfully.
2026-01-17 00:52:55,732 - 29323 - INFO - Stopped i-013844432aeb1e503 in 0:02:01.677225
2026-01-17 00:52:55,732 - 29323 - INFO - Starting EC2 instance: i-013844432aeb1e503
2026-01-17 00:53:11,728 - 29323 - INFO - Instance i-013844432aeb1e503 started successfully.
2026-01-17 00:53:11,728 - 29323 - INFO - Waiting 30 seconds for SSM agent to be ready on i-013844432aeb1e503...
2026-01-17 00:53:41,759 - 29323 - INFO - Registering i-013844432aeb1e503 to TG arn:aws:elasticloadbalancing:us-east-1:835314132208:targetgroup/UPS-UAT-ALB-Desktop/ee9e3546b4a9d25a
2026-01-17 00:53:41,924 - 29323 - INFO - Registering i-013844432aeb1e503 to TG arn:aws:elasticloadbalancing:us-east-1:835314132208:targetgroup/UPS-UAT-ALB-RF/f1e829f0066e46a4
2026-01-17 00:58:42,750 - 29323 - WARNING - i-013844432aeb1e503 not healthy in arn:aws:elasticloadbalancing:us-east-1:835314132208:targetgroup/UPS-UAT-ALB-Desktop/ee9e3546b4a9d25a after timeout.
2026-01-17 00:58:42,876 - 29323 - INFO - Email sent successfully to ['CloudOps@softeon.com']
2026-01-17 00:58:42,876 - 29323 - ERROR - Aborting workflow: i-013844432aeb1e503 is not healthy after restart.
2026-01-17 00:58:42,879 - 29323 - INFO - Restart Total time: 0:08:38.576810
2026-01-17 00:58:42,879 - 29323 - INFO - Auto-confirmed services are restarted
2026-01-17 00:58:42,879 - 29323 - INFO - Confirmed - services are started
2026-01-17 00:58:43,001 - 29323 - INFO - The following instances have failed the patch: []
2026-01-17 00:58:43,002 - 29323 - INFO - No instances have failed the patch.
2026-01-17 00:58:43,002 - 29323 - INFO - Total Patch Process time: 0:13:40.742740
2026-01-17 00:58:43,184 - 29323 - INFO - Email sent successfully to ['a80af5b5.softeon.com@in.teams.ms', 'CloudOps@softeon.com']
2026-01-17 00:59:43,396 - 29323 - INFO - Log file ./logs/patching_2026-01-17_UPS-UAT-Node-2.log uploaded to s3://q1-2026-aws-security-patching/UPS-UAT-Node-2_Patch/2026-01-17/patching_2026-01-17_UPS-UAT-Node-2.log
