2026-01-17 00:10:02,151 - 26552 - INFO - Logger setup has been removed, using shared logger from common.logs.logger.
2026-01-17 00:10:02,151 - 26552 - INFO - Script Start Time: 2026-01-17 00:10:02
2026-01-17 00:10:02,806 - 26552 - INFO - Instance(s) selected for Patching: {'i-0d575a06152aaaafe': '172.29.60.118'}
2026-01-17 00:10:02,914 - 26552 - INFO - Email sent successfully to ['a80af5b5.softeon.com@in.teams.ms', 'CloudOps@softeon.com']
2026-01-17 00:10:02,915 - 26552 - INFO - Now patching instances at: 2026-01-17 00:10:02
2026-01-17 00:10:02,969 - 26552 - INFO - Sending patch command to instance i-0d575a06152aaaafe
2026-01-17 00:10:03,126 - 26552 - INFO - Command sent successfully to instance i-0d575a06152aaaafe. Command ID: 331bd72c-63e0-4bfa-a490-d264f7dcf956
2026-01-17 00:16:34,681 - 26552 - INFO - All patches applied successfully.
2026-01-17 00:16:34,681 - 26552 - INFO - Patching end time: 2026-01-17 00:16:34
2026-01-17 00:16:34,681 - 26552 - INFO - Patch Elapsed time: 0:06:31.766443
2026-01-17 00:16:34,749 - 26552 - INFO - Email sent successfully to ['a80af5b5.softeon.com@in.teams.ms', 'CloudOps@softeon.com']
2026-01-17 00:16:34,750 - 26552 - INFO - Confirmed - services are stopped
2026-01-17 00:16:54,297 - 26552 - INFO - Discovered TG map: {'i-0d575a06152aaaafe': ['arn:aws:elasticloadbalancing:us-east-1:835314132208:targetgroup/UPS-APAC-UAT-ALB-Desktop/af9256449e06fb73', 'arn:aws:elasticloadbalancing:us-east-1:835314132208:targetgroup/UPS-APAC-UAT-ALB-RF/a7fd1640ff530010']}
2026-01-17 00:16:54,576 - 26552 - INFO - Sent app_validation.sh to i-0d575a06152aaaafe (command_id: 70511292-ba2f-4ab6-b484-3e1be9d1e115)
2026-01-17 00:17:24,661 - 26552 - INFO - app_validation.sh output for i-0d575a06152aaaafe:

==============================================================================
Server Availability Check Started at Sat Jan 17 05:16:54 UTC 2026
==============================================================================

-------------------------------------
Server IP : 172.29.60.118
-------------------------------------
System Information
------------------
Hostname: ip-172-29-60-118
Uptime: up 25 weeks, 6 days, 18 hours, 33 minutes
Current User: root
Working Directory: /usr/bin
-------------------------------------
Voice Console URL: http://172.29.60.118:9090/VoiceConsole
-------------------------------------

-------------------------------------
Server IP : 172.29.60.118
-------------------------------------
Physical Memory Information
---------------------------
Total Physical Memory = 15611 MB
Used Physical Memory  = 13219 MB
Free Physical Memory  = 2392 MB
-------------------------------------
Swap Memory Information
-----------------------
Total Swap Memory = 20479 MB
Used Swap Memory  = 4289 MB
Free Swap Memory  = 16190 MB
-------------------------------------
Load Average: 1.12 1.21 0.69 1/884 1961927
-------------------------------------

Disk Usage Information
----------------------
Filesystem                                 Size  Used Avail Use% Mounted on
/dev/nvme0n1p1                              20G  5.8G   15G  30% /
/dev/nvme0n1p128                            10M  1.3M  8.7M  13% /boot/efi
/dev/nvme1n1p2                             180G   83G   98G  46% /data
fs-2172dc69.efs.us-east-1.amazonaws.com:/  8.0E  496G  8.0E   1% /data2
devtmpfs                                   4.0M     0  4.0M   0% /dev
tmpfs                                      7.7G     0  7.7G   0% /dev/shm
tmpfs                                      3.1G  816K  3.1G   1% /run
tmpfs                                      1.6G     0  1.6G   0% /run/user/2001
tmpfs                                      7.7G  512K  7.7G   1% /tmp
-------------------------------------

Application Port Validation for Server IP: 172.29.60.118 started on Sat Jan 17 05:16:54 UTC 2026

Server IP: 172.29.60.118 is reachable.

SSH Service (Port 22) Status:
SSH Service (Port 22): NOT REACHABLE
-------------------------------------

FTP Service Validation for Server IP: 172.29.60.118

FTP Service (Port 21): NOT REACHABLE
No FTP processes detected
-------------------------------------

CUPS Service Validation for Server IP: 172.29.60.118

CUPS Service (Port 631): NOT REACHABLE

Printer Configuration:
Total Printers Configured: 0
-------------------------------------
CUPS Service (Port 631): NOT REACHABLE on 172.29.60.118
-------------------------------------

Total number of Java process running on this host 172.29.60.118 is 16
Total number of Daemon / Batch (java) application process available is 13

Daemon Process id and name details are given below
Process ID: 2855, Process Name: 1459:23
Process ID: 2878, Process Name: 95:21
Process ID: 2911, Process Name: 1379:24
Process ID: 3014, Process Name: 88:29
Process ID: 3357, Process Name: 199:12
Process ID: 3155, Process Name: 81:07
Process ID: 3181, Process Name: 159:17
Process ID: 3201, Process Name: 157:09
Process ID: 3224, Process Name: 546:29
Process ID: 3277, Process Name: 366:29
Process ID: 3249, Process Name: 370:42
Process ID: 3303, Process Name: 975:30
Process ID: 3333, Process Name: 93:23
-------------------------------------

-------------------------------------
Total number of App process running on this host 172.29.60.118
Total number of App java process available is 2
-------------------------------------
App Process details:
Process ID: 3088, Process Name: 13598:59
Process ID: 3095, Process Name: 13120:21
-------------------------------------

Web Application Port Validation for Server IP: 172.29.60.118
Port 80:	upsapacuat_jbo	Running
Port 8080:	upsapacrfuat_j	Running
-------------------------------------

==============================================================================
Server Availability Check Completed at Sat Jan 17 05:16:56 UTC 2026
==============================================================================


2026-01-17 00:17:24,661 - 26552 - ERROR - app_validation.sh errors for i-0d575a06152aaaafe:

2026-01-17 00:17:24,663 - 26552 - INFO - Before patching validation saved to: output/validation-2026-01-17/172.29.60.118-BeforePatching-2026-01-17-00-17-24-662.log
2026-01-17 00:17:24,664 - 26552 - INFO - Deregistering i-0d575a06152aaaafe from TG arn:aws:elasticloadbalancing:us-east-1:835314132208:targetgroup/UPS-APAC-UAT-ALB-Desktop/af9256449e06fb73
2026-01-17 00:17:24,742 - 26552 - INFO - Deregistering i-0d575a06152aaaafe from TG arn:aws:elasticloadbalancing:us-east-1:835314132208:targetgroup/UPS-APAC-UAT-ALB-RF/a7fd1640ff530010
2026-01-17 00:17:24,791 - 26552 - INFO - Stopping EC2 instance: i-0d575a06152aaaafe at 2026-01-17 00:17:24
2026-01-17 00:18:40,927 - 26552 - INFO - Instance i-0d575a06152aaaafe stopped successfully.
2026-01-17 00:18:41,060 - 26552 - INFO - Stopped i-0d575a06152aaaafe in 0:01:16.268661
2026-01-17 00:18:41,060 - 26552 - INFO - Starting EC2 instance: i-0d575a06152aaaafe
2026-01-17 00:18:56,983 - 26552 - INFO - Instance i-0d575a06152aaaafe started successfully.
2026-01-17 00:18:56,983 - 26552 - INFO - Waiting 30 seconds for SSM agent to be ready on i-0d575a06152aaaafe...
2026-01-17 00:19:26,991 - 26552 - INFO - Registering i-0d575a06152aaaafe to TG arn:aws:elasticloadbalancing:us-east-1:835314132208:targetgroup/UPS-APAC-UAT-ALB-Desktop/af9256449e06fb73
2026-01-17 00:19:27,161 - 26552 - INFO - Registering i-0d575a06152aaaafe to TG arn:aws:elasticloadbalancing:us-east-1:835314132208:targetgroup/UPS-APAC-UAT-ALB-RF/a7fd1640ff530010
2026-01-17 00:21:57,821 - 26552 - INFO - Sent app_validation.sh to i-0d575a06152aaaafe (command_id: 5b3331ed-3b59-4fd4-80c8-0004c5220f49)
2026-01-17 00:22:27,918 - 26552 - INFO - app_validation.sh output for i-0d575a06152aaaafe:

==============================================================================
Server Availability Check Started at Sat Jan 17 05:21:58 UTC 2026
==============================================================================

-------------------------------------
Server IP : 172.29.60.118
-------------------------------------
System Information
------------------
Hostname: ip-172-29-60-118
Uptime: up 3 minutes
Current User: root
Working Directory: /usr/bin
-------------------------------------
Voice Console URL: http://172.29.60.118:9090/VoiceConsole
-------------------------------------

-------------------------------------
Server IP : 172.29.60.118
-------------------------------------
Physical Memory Information
---------------------------
Total Physical Memory = 15623 MB
Used Physical Memory  = 9857 MB
Free Physical Memory  = 5766 MB
-------------------------------------
Swap Memory Information
-----------------------
Total Swap Memory = 20479 MB
Used Swap Memory  = 0 MB
Free Swap Memory  = 20479 MB
-------------------------------------
Load Average: 1.64 2.61 1.21 7/643 4527
-------------------------------------

Disk Usage Information
----------------------
Filesystem                                 Size  Used Avail Use% Mounted on
/dev/nvme0n1p1                              20G  5.6G   15G  28% /
/dev/nvme0n1p128                            10M  1.3M  8.7M  13% /boot/efi
/dev/nvme1n1p2                             180G   83G   98G  46% /data
fs-2172dc69.efs.us-east-1.amazonaws.com:/  8.0E  496G  8.0E   1% /data2
devtmpfs                                   4.0M     0  4.0M   0% /dev
tmpfs                                      7.7G     0  7.7G   0% /dev/shm
tmpfs                                      3.1G  792K  3.1G   1% /run
tmpfs                                      1.6G     0  1.6G   0% /run/user/2001
tmpfs                                      7.7G  480K  7.7G   1% /tmp
-------------------------------------

Application Port Validation for Server IP: 172.29.60.118 started on Sat Jan 17 05:21:58 UTC 2026

Server IP: 172.29.60.118 is reachable.

SSH Service (Port 22) Status:
SSH Service (Port 22): NOT REACHABLE
-------------------------------------

FTP Service Validation for Server IP: 172.29.60.118

FTP Service (Port 21): NOT REACHABLE
No FTP processes detected
-------------------------------------

CUPS Service Validation for Server IP: 172.29.60.118

CUPS Service (Port 631): NOT REACHABLE

Printer Configuration:
Total Printers Configured: 0
-------------------------------------
CUPS Service (Port 631): NOT REACHABLE on 172.29.60.118
-------------------------------------

Total number of Java process running on this host 172.29.60.118 is 15
Total number of Daemon / Batch (java) application process available is 13

Daemon Process id and name details are given below
Process ID: 2878, Process Name: 0:02
Process ID: 2913, Process Name: 0:01
Process ID: 3083, Process Name: 0:04
Process ID: 3133, Process Name: 0:01
Process ID: 3361, Process Name: 0:02
Process ID: 3159, Process Name: 0:02
Process ID: 3183, Process Name: 0:02
Process ID: 3207, Process Name: 0:02
Process ID: 3236, Process Name: 0:02
Process ID: 3294, Process Name: 0:02
Process ID: 3262, Process Name: 0:02
Process ID: 3314, Process Name: 0:09
Process ID: 3337, Process Name: 0:02
-------------------------------------

-------------------------------------
Total number of App process running on this host 172.29.60.118
Total number of App java process available is 2
-------------------------------------
App Process details:
Process ID: 3064, Process Name: 0:42
Process ID: 3082, Process Name: 0:42
-------------------------------------

Web Application Port Validation for Server IP: 172.29.60.118
Port 80:	upsapacuat_jbo	Running
Port 8080:	upsapacrfuat_j	Running
-------------------------------------

==============================================================================
Server Availability Check Completed at Sat Jan 17 05:22:01 UTC 2026
==============================================================================


2026-01-17 00:22:27,918 - 26552 - ERROR - app_validation.sh errors for i-0d575a06152aaaafe:

2026-01-17 00:22:27,920 - 26552 - INFO - After patching validation saved to: output/validation-2026-01-17/172.29.60.118-AfterPatching-2026-01-17-00-22-27-919.log
2026-01-17 00:22:27,954 - 26552 - INFO - Validation comparison report generated: output/validation-2026-01-17/172.29.60.118-Validation-details-2026-01-17-00-22-27-919.log
2026-01-17 00:22:28,034 - 26552 - INFO - Email sent successfully to ['CloudOps@softeon.com']
2026-01-17 00:22:28,035 - 26552 - INFO - HTML validation report email sent for i-0d575a06152aaaafe
2026-01-17 00:22:28,163 - 26552 - INFO - Started i-0d575a06152aaaafe in 0:03:47.102732
2026-01-17 00:22:28,163 - 26552 - INFO - All instances processed.
2026-01-17 00:22:28,167 - 26552 - INFO - Restart Total time: 0:05:53.279581
2026-01-17 00:22:28,167 - 26552 - INFO - Auto-confirmed services are restarted
2026-01-17 00:22:28,167 - 26552 - INFO - Confirmed - services are started
2026-01-17 00:22:28,278 - 26552 - INFO - The following instances have failed the patch: []
2026-01-17 00:22:28,278 - 26552 - INFO - No instances have failed the patch.
2026-01-17 00:22:28,279 - 26552 - INFO - Total Patch Process time: 0:12:26.127115
2026-01-17 00:22:28,463 - 26552 - INFO - Email sent successfully to ['a80af5b5.softeon.com@in.teams.ms', 'CloudOps@softeon.com']
2026-01-17 00:23:28,648 - 26552 - INFO - Log file ./logs/patching_2026-01-17_UPS-APAC-UAT-1.log uploaded to s3://q1-2026-aws-security-patching/UPS-APAC-UAT-1_Patch/2026-01-17/patching_2026-01-17_UPS-APAC-UAT-1.log
