2025-12-06 03:05:02,387 - 31251 - INFO - Logger setup has been removed, using shared logger from common.logs.logger.
2025-12-06 03:05:02,388 - 31251 - INFO - Script Start Time: 2025-12-06 03:05:02
2025-12-06 03:05:02,578 - 31251 - INFO - Instance(s) selected for Patching: {'i-0ed1df470df809200': '10.64.24.24', 'i-097a79c97f82cc32a': '10.64.24.116'}
2025-12-06 03:05:02,667 - 31251 - INFO - Email sent successfully to ['a80af5b5.softeon.com@in.teams.ms', 'CloudOps@softeon.com']
2025-12-06 03:05:02,667 - 31251 - INFO - Now patching instances at: 2025-12-06 03:05:02
2025-12-06 03:05:02,750 - 31251 - INFO - Sending patch command to instance i-097a79c97f82cc32a
2025-12-06 03:05:02,918 - 31251 - INFO - Command sent successfully to instance i-097a79c97f82cc32a. Command ID: 86ce2e87-4ef7-4625-aa91-85034124a4d0
2025-12-06 03:05:03,052 - 31251 - INFO - Sending patch command to instance i-0ed1df470df809200
2025-12-06 03:05:03,222 - 31251 - INFO - Command sent successfully to instance i-0ed1df470df809200. Command ID: 3b5a89e1-09d9-4c14-b57f-3dbfec76a79c
2025-12-06 03:11:05,165 - 31251 - INFO - All patches applied successfully.
2025-12-06 03:11:05,165 - 31251 - INFO - Patching end time: 2025-12-06 03:11:05
2025-12-06 03:11:05,165 - 31251 - INFO - Patch Elapsed time: 0:06:02.498179
2025-12-06 03:11:05,237 - 31251 - INFO - Email sent successfully to ['a80af5b5.softeon.com@in.teams.ms', 'CloudOps@softeon.com']
2025-12-06 03:11:05,237 - 31251 - INFO - Confirmed - services are stopped
2025-12-06 03:11:25,592 - 31251 - INFO - Discovered TG map: {'i-0ed1df470df809200': ['arn:aws:elasticloadbalancing:us-east-1:835314132208:targetgroup/DoItBest-NV-LEX-Prod-RF/a8098a87eadd20c7', 'arn:aws:elasticloadbalancing:us-east-1:835314132208:targetgroup/DoItBest-NV-LEX-Prod-Desktop/eed9af1d1347fd47'], 'i-097a79c97f82cc32a': ['arn:aws:elasticloadbalancing:us-east-1:835314132208:targetgroup/DoItBest-NV-LEX-Prod-RF/a8098a87eadd20c7', 'arn:aws:elasticloadbalancing:us-east-1:835314132208:targetgroup/DoItBest-NV-LEX-Prod-Desktop/eed9af1d1347fd47']}
2025-12-06 03:11:25,870 - 31251 - INFO - Sent app_validation.sh to i-097a79c97f82cc32a (command_id: 1fee235c-d1d3-4ede-a36b-255613192192)
2025-12-06 03:11:55,976 - 31251 - INFO - app_validation.sh output for i-097a79c97f82cc32a:

==============================================================================
Server Availability Check Started at Sat Dec  6 08:11:26 UTC 2025
==============================================================================

-------------------------------------
Server IP : 10.64.24.116
-------------------------------------
System Information
------------------
Hostname: ip-10-64-24-116
Uptime: up 17 weeks, 6 days, 1 hour, 43 minutes
Current User: root
Working Directory: /usr/bin
-------------------------------------
Voice Console URL: http://10.64.24.116:9090/VoiceConsole
-------------------------------------

-------------------------------------
Server IP : 10.64.24.116
-------------------------------------
Physical Memory Information
---------------------------
Total Physical Memory = 15611 MB
Used Physical Memory  = 10046 MB
Free Physical Memory  = 5565 MB
-------------------------------------
Swap Memory Information
-----------------------
Total Swap Memory = 10239 MB
Used Swap Memory  = 28 MB
Free Swap Memory  = 10211 MB
-------------------------------------
Load Average: 0.29 0.71 0.39 1/617 1691551
-------------------------------------

Disk Usage Information
----------------------
Filesystem                                          Size  Used Avail Use% Mounted on
/dev/nvme0n1p1                                       20G  5.8G   15G  29% /
/dev/nvme0n1p128                                     10M  1.3M  8.7M  13% /boot/efi
/dev/nvme1n1p2                                      240G   36G  205G  15% /data
fs-0906c1292ccb7b576.efs.us-east-1.amazonaws.com:/  8.0E  2.6T  8.0E   1% /data2
devtmpfs                                            4.0M     0  4.0M   0% /dev
tmpfs                                               7.7G     0  7.7G   0% /dev/shm
tmpfs                                               3.1G  680K  3.1G   1% /run
tmpfs                                               1.6G     0  1.6G   0% /run/user/2001
tmpfs                                               7.7G   21M  7.7G   1% /tmp
-------------------------------------

Application Port Validation for Server IP: 10.64.24.116 started on Sat Dec  6 08:11:26 UTC 2025

Server IP: 10.64.24.116 is reachable.

SSH Service (Port 22) Status:
SSH Service (Port 22): NOT REACHABLE
-------------------------------------

FTP Service Validation for Server IP: 10.64.24.116

FTP Service (Port 21): NOT REACHABLE
No FTP processes detected
-------------------------------------

CUPS Service Validation for Server IP: 10.64.24.116

CUPS Service (Port 631): NOT REACHABLE

Printer Configuration:
Total Printers Configured: 0
-------------------------------------
CUPS Service (Port 631): NOT REACHABLE on 10.64.24.116
-------------------------------------

Total number of Java process running on this host 10.64.24.116 is 2
Total number of Daemon / Batch (java) application process available is 0

No Java daemon processes running
-------------------------------------

-------------------------------------
Total number of App process running on this host 10.64.24.116
Total number of App java process available is 2
-------------------------------------
App Process details:
Process ID: 1535662, Process Name: 16:06
Process ID: 1535843, Process Name: 16:26
-------------------------------------

Web Application Port Validation for Server IP: 10.64.24.116
Port 8080:	lexprod_jb7	Running
Port 8081:	lexrfprod_j	Running
-------------------------------------

==============================================================================
Server Availability Check Completed at Sat Dec  6 08:11:26 UTC 2025
==============================================================================


2025-12-06 03:11:55,976 - 31251 - ERROR - app_validation.sh errors for i-097a79c97f82cc32a:

2025-12-06 03:11:55,978 - 31251 - INFO - Before patching validation saved to: output/validation-2025-12-06/10.64.24.116-BeforePatching-2025-12-06-03-11-55-977.log
2025-12-06 03:11:55,978 - 31251 - INFO - Deregistering i-097a79c97f82cc32a from TG arn:aws:elasticloadbalancing:us-east-1:835314132208:targetgroup/DoItBest-NV-LEX-Prod-RF/a8098a87eadd20c7
2025-12-06 03:11:56,073 - 31251 - INFO - Deregistering i-097a79c97f82cc32a from TG arn:aws:elasticloadbalancing:us-east-1:835314132208:targetgroup/DoItBest-NV-LEX-Prod-Desktop/eed9af1d1347fd47
2025-12-06 03:11:56,124 - 31251 - INFO - Stopping EC2 instance: i-097a79c97f82cc32a at 2025-12-06 03:11:56
2025-12-06 03:12:57,103 - 31251 - INFO - Instance i-097a79c97f82cc32a stopped successfully.
2025-12-06 03:12:57,332 - 31251 - INFO - Stopped i-097a79c97f82cc32a in 0:01:01.207989
2025-12-06 03:12:57,332 - 31251 - INFO - Starting EC2 instance: i-097a79c97f82cc32a
2025-12-06 03:13:13,265 - 31251 - INFO - Instance i-097a79c97f82cc32a started successfully.
2025-12-06 03:13:13,265 - 31251 - INFO - Waiting 30 seconds for SSM agent to be ready on i-097a79c97f82cc32a...
2025-12-06 03:13:43,287 - 31251 - INFO - Registering i-097a79c97f82cc32a to TG arn:aws:elasticloadbalancing:us-east-1:835314132208:targetgroup/DoItBest-NV-LEX-Prod-RF/a8098a87eadd20c7
2025-12-06 03:13:43,464 - 31251 - INFO - Registering i-097a79c97f82cc32a to TG arn:aws:elasticloadbalancing:us-east-1:835314132208:targetgroup/DoItBest-NV-LEX-Prod-Desktop/eed9af1d1347fd47
2025-12-06 03:14:43,945 - 31251 - INFO - Sent app_validation.sh to i-097a79c97f82cc32a (command_id: b2a505dc-9d6f-48e2-88a9-e5049a6d31a5)
2025-12-06 03:15:14,328 - 31251 - INFO - app_validation.sh output for i-097a79c97f82cc32a:

==============================================================================
Server Availability Check Started at Sat Dec  6 08:14:44 UTC 2025
==============================================================================

-------------------------------------
Server IP : 10.64.24.116
-------------------------------------
System Information
------------------
Hostname: ip-10-64-24-116
Uptime: up 1 minute
Current User: root
Working Directory: /usr/bin
-------------------------------------
Voice Console URL: http://10.64.24.116:9090/VoiceConsole
-------------------------------------

-------------------------------------
Server IP : 10.64.24.116
-------------------------------------
Physical Memory Information
---------------------------
Total Physical Memory = 15611 MB
Used Physical Memory  = 6443 MB
Free Physical Memory  = 9168 MB
-------------------------------------
Swap Memory Information
-----------------------
Total Swap Memory = 10239 MB
Used Swap Memory  = 0 MB
Free Swap Memory  = 10239 MB
-------------------------------------
Load Average: 3.60 1.59 0.59 2/685 4565
-------------------------------------

Disk Usage Information
----------------------
Filesystem                                          Size  Used Avail Use% Mounted on
/dev/nvme0n1p1                                       20G  5.6G   15G  28% /
/dev/nvme0n1p128                                     10M  1.3M  8.7M  13% /boot/efi
/dev/nvme1n1p2                                      240G   36G  205G  15% /data
fs-0906c1292ccb7b576.efs.us-east-1.amazonaws.com:/  8.0E  2.6T  8.0E   1% /data2
devtmpfs                                            4.0M     0  4.0M   0% /dev
tmpfs                                               7.7G     0  7.7G   0% /dev/shm
tmpfs                                               3.1G  680K  3.1G   1% /run
tmpfs                                               1.6G     0  1.6G   0% /run/user/2001
tmpfs                                               7.7G   21M  7.7G   1% /tmp
-------------------------------------

Application Port Validation for Server IP: 10.64.24.116 started on Sat Dec  6 08:14:44 UTC 2025

Server IP: 10.64.24.116 is reachable.

SSH Service (Port 22) Status:
SSH Service (Port 22): NOT REACHABLE
-------------------------------------

FTP Service Validation for Server IP: 10.64.24.116

FTP Service (Port 21): NOT REACHABLE
No FTP processes detected
-------------------------------------

CUPS Service Validation for Server IP: 10.64.24.116

CUPS Service (Port 631): NOT REACHABLE

Printer Configuration:
Total Printers Configured: 0
-------------------------------------
CUPS Service (Port 631): NOT REACHABLE on 10.64.24.116
-------------------------------------

Total number of Java process running on this host 10.64.24.116 is 2
Total number of Daemon / Batch (java) application process available is 0

No Java daemon processes running
-------------------------------------

-------------------------------------
Total number of App process running on this host 10.64.24.116
Total number of App java process available is 2
-------------------------------------
App Process details:
Process ID: 3287, Process Name: 0:48
Process ID: 3554, Process Name: 0:50
-------------------------------------

Web Application Port Validation for Server IP: 10.64.24.116
Port 8080:	lexprod_jb730e	Running
Port 8081:	lexrfprod_jb73	Running
-------------------------------------

==============================================================================
Server Availability Check Completed at Sat Dec  6 08:14:45 UTC 2025
==============================================================================


2025-12-06 03:15:14,329 - 31251 - ERROR - app_validation.sh errors for i-097a79c97f82cc32a:

2025-12-06 03:15:14,330 - 31251 - INFO - After patching validation saved to: output/validation-2025-12-06/10.64.24.116-AfterPatching-2025-12-06-03-15-14-330.log
2025-12-06 03:15:14,369 - 31251 - INFO - Validation comparison report generated: output/validation-2025-12-06/10.64.24.116-Validation-details-2025-12-06-03-15-14-330.log
2025-12-06 03:15:14,445 - 31251 - INFO - Email sent successfully to ['CloudOps@softeon.com']
2025-12-06 03:15:14,445 - 31251 - INFO - HTML validation report email sent for i-097a79c97f82cc32a
2025-12-06 03:15:14,665 - 31251 - INFO - Started i-097a79c97f82cc32a in 0:02:17.332461
2025-12-06 03:15:14,665 - 31251 - INFO - Waiting 120 seconds before proceeding to the next instance...
2025-12-06 03:17:14,820 - 31251 - INFO - Sent app_validation.sh to i-0ed1df470df809200 (command_id: 8f71790c-88c6-4760-a63b-c975fb8001cc)
2025-12-06 03:17:44,914 - 31251 - INFO - app_validation.sh output for i-0ed1df470df809200:

==============================================================================
Server Availability Check Started at Sat Dec  6 08:17:15 UTC 2025
==============================================================================

-------------------------------------
Server IP : 10.64.24.24
-------------------------------------
System Information
------------------
Hostname: ip-10-64-24-24
Uptime: up 17 weeks, 6 days, 2 hours, 4 minutes
Current User: root
Working Directory: /usr/bin
-------------------------------------
Voice Console URL: http://10.64.24.24:9090/VoiceConsole
-------------------------------------

-------------------------------------
Server IP : 10.64.24.24
-------------------------------------
Physical Memory Information
---------------------------
Total Physical Memory = 15611 MB
Used Physical Memory  = 9649 MB
Free Physical Memory  = 5962 MB
-------------------------------------
Swap Memory Information
-----------------------
Total Swap Memory = 10239 MB
Used Swap Memory  = 15 MB
Free Swap Memory  = 10224 MB
-------------------------------------
Load Average: 0.00 0.21 0.25 1/641 1772130
-------------------------------------

Disk Usage Information
----------------------
Filesystem                                          Size  Used Avail Use% Mounted on
/dev/nvme0n1p1                                       20G  5.8G   15G  29% /
/dev/nvme0n1p128                                     10M  1.3M  8.7M  13% /boot/efi
/dev/nvme1n1p2                                      240G   39G  201G  17% /data
fs-0906c1292ccb7b576.efs.us-east-1.amazonaws.com:/  8.0E  2.6T  8.0E   1% /data2
devtmpfs                                            4.0M     0  4.0M   0% /dev
tmpfs                                               7.7G     0  7.7G   0% /dev/shm
tmpfs                                               3.1G  680K  3.1G   1% /run
tmpfs                                               1.6G     0  1.6G   0% /run/user/2001
tmpfs                                               7.7G   21M  7.7G   1% /tmp
-------------------------------------

Application Port Validation for Server IP: 10.64.24.24 started on Sat Dec  6 08:17:15 UTC 2025

Server IP: 10.64.24.24 is reachable.

SSH Service (Port 22) Status:
SSH Service (Port 22): NOT REACHABLE
-------------------------------------

FTP Service Validation for Server IP: 10.64.24.24

FTP Service (Port 21): NOT REACHABLE
No FTP processes detected
-------------------------------------

CUPS Service Validation for Server IP: 10.64.24.24

CUPS Service (Port 631): NOT REACHABLE

Printer Configuration:
Total Printers Configured: 0
-------------------------------------
CUPS Service (Port 631): NOT REACHABLE on 10.64.24.24
-------------------------------------

Total number of Java process running on this host 10.64.24.24 is 2
Total number of Daemon / Batch (java) application process available is 0

No Java daemon processes running
-------------------------------------

-------------------------------------
Total number of App process running on this host 10.64.24.24
Total number of App java process available is 2
-------------------------------------
App Process details:
Process ID: 1619365, Process Name: 20:57
Process ID: 1619547, Process Name: 11:36
-------------------------------------

Web Application Port Validation for Server IP: 10.64.24.24
Port 8080:	lexprod_jb7	Running
Port 8081:	lexrfprod_j	Running
-------------------------------------

==============================================================================
Server Availability Check Completed at Sat Dec  6 08:17:15 UTC 2025
==============================================================================


2025-12-06 03:17:44,914 - 31251 - ERROR - app_validation.sh errors for i-0ed1df470df809200:

2025-12-06 03:17:44,917 - 31251 - INFO - Before patching validation saved to: output/validation-2025-12-06/10.64.24.24-BeforePatching-2025-12-06-03-17-44-916.log
2025-12-06 03:17:44,917 - 31251 - INFO - Deregistering i-0ed1df470df809200 from TG arn:aws:elasticloadbalancing:us-east-1:835314132208:targetgroup/DoItBest-NV-LEX-Prod-RF/a8098a87eadd20c7
2025-12-06 03:17:44,993 - 31251 - INFO - Deregistering i-0ed1df470df809200 from TG arn:aws:elasticloadbalancing:us-east-1:835314132208:targetgroup/DoItBest-NV-LEX-Prod-Desktop/eed9af1d1347fd47
2025-12-06 03:17:45,040 - 31251 - INFO - Stopping EC2 instance: i-0ed1df470df809200 at 2025-12-06 03:17:45
2025-12-06 03:19:46,649 - 31251 - INFO - Instance i-0ed1df470df809200 stopped successfully.
2025-12-06 03:19:46,889 - 31251 - INFO - Stopped i-0ed1df470df809200 in 0:02:01.848796
2025-12-06 03:19:46,889 - 31251 - INFO - Starting EC2 instance: i-0ed1df470df809200
2025-12-06 03:20:03,085 - 31251 - INFO - Instance i-0ed1df470df809200 started successfully.
2025-12-06 03:20:03,085 - 31251 - INFO - Waiting 30 seconds for SSM agent to be ready on i-0ed1df470df809200...
2025-12-06 03:20:33,103 - 31251 - INFO - Registering i-0ed1df470df809200 to TG arn:aws:elasticloadbalancing:us-east-1:835314132208:targetgroup/DoItBest-NV-LEX-Prod-RF/a8098a87eadd20c7
2025-12-06 03:20:33,346 - 31251 - INFO - Registering i-0ed1df470df809200 to TG arn:aws:elasticloadbalancing:us-east-1:835314132208:targetgroup/DoItBest-NV-LEX-Prod-Desktop/eed9af1d1347fd47
2025-12-06 03:21:33,800 - 31251 - INFO - Sent app_validation.sh to i-0ed1df470df809200 (command_id: 092a42b8-7e53-4cae-9e5b-a744e44d7d32)
2025-12-06 03:22:03,909 - 31251 - INFO - app_validation.sh output for i-0ed1df470df809200:

==============================================================================
Server Availability Check Started at Sat Dec  6 08:21:34 UTC 2025
==============================================================================

-------------------------------------
Server IP : 10.64.24.24
-------------------------------------
System Information
------------------
Hostname: ip-10-64-24-24
Uptime: up 1 minute
Current User: root
Working Directory: /usr/bin
-------------------------------------
Voice Console URL: http://10.64.24.24:9090/VoiceConsole
-------------------------------------

-------------------------------------
Server IP : 10.64.24.24
-------------------------------------
Physical Memory Information
---------------------------
Total Physical Memory = 15611 MB
Used Physical Memory  = 5646 MB
Free Physical Memory  = 9965 MB
-------------------------------------
Swap Memory Information
-----------------------
Total Swap Memory = 10239 MB
Used Swap Memory  = 0 MB
Free Swap Memory  = 10239 MB
-------------------------------------
Load Average: 2.41 1.07 0.40 1/680 4559
-------------------------------------

Disk Usage Information
----------------------
Filesystem                                          Size  Used Avail Use% Mounted on
/dev/nvme0n1p1                                       20G  5.5G   15G  28% /
/dev/nvme0n1p128                                     10M  1.3M  8.7M  13% /boot/efi
/dev/nvme1n1p2                                      240G   39G  202G  17% /data
fs-0906c1292ccb7b576.efs.us-east-1.amazonaws.com:/  8.0E  2.6T  8.0E   1% /data2
devtmpfs                                            4.0M     0  4.0M   0% /dev
tmpfs                                               7.7G     0  7.7G   0% /dev/shm
tmpfs                                               3.1G  680K  3.1G   1% /run
tmpfs                                               1.6G     0  1.6G   0% /run/user/2001
tmpfs                                               7.7G   21M  7.7G   1% /tmp
-------------------------------------

Application Port Validation for Server IP: 10.64.24.24 started on Sat Dec  6 08:21:34 UTC 2025

Server IP: 10.64.24.24 is reachable.

SSH Service (Port 22) Status:
SSH Service (Port 22): NOT REACHABLE
-------------------------------------

FTP Service Validation for Server IP: 10.64.24.24

FTP Service (Port 21): NOT REACHABLE
No FTP processes detected
-------------------------------------

CUPS Service Validation for Server IP: 10.64.24.24

CUPS Service (Port 631): NOT REACHABLE

Printer Configuration:
Total Printers Configured: 0
-------------------------------------
CUPS Service (Port 631): NOT REACHABLE on 10.64.24.24
-------------------------------------

Total number of Java process running on this host 10.64.24.24 is 2
Total number of Daemon / Batch (java) application process available is 0

No Java daemon processes running
-------------------------------------

-------------------------------------
Total number of App process running on this host 10.64.24.24
Total number of App java process available is 2
-------------------------------------
App Process details:
Process ID: 3285, Process Name: 0:47
Process ID: 3553, Process Name: 0:49
-------------------------------------

Web Application Port Validation for Server IP: 10.64.24.24
Port 8080:	lexprod_jb730e	Running
Port 8081:	lexrfprod_jb73	Running
-------------------------------------

==============================================================================
Server Availability Check Completed at Sat Dec  6 08:21:35 UTC 2025
==============================================================================


2025-12-06 03:22:03,909 - 31251 - ERROR - app_validation.sh errors for i-0ed1df470df809200:

2025-12-06 03:22:03,911 - 31251 - INFO - After patching validation saved to: output/validation-2025-12-06/10.64.24.24-AfterPatching-2025-12-06-03-22-03-910.log
2025-12-06 03:22:03,951 - 31251 - INFO - Validation comparison report generated: output/validation-2025-12-06/10.64.24.24-Validation-details-2025-12-06-03-22-03-910.log
2025-12-06 03:22:04,045 - 31251 - INFO - Email sent successfully to ['CloudOps@softeon.com']
2025-12-06 03:22:04,045 - 31251 - INFO - HTML validation report email sent for i-0ed1df470df809200
2025-12-06 03:22:04,334 - 31251 - INFO - Started i-0ed1df470df809200 in 0:02:17.445152
2025-12-06 03:22:04,335 - 31251 - INFO - All instances processed.
2025-12-06 03:22:04,339 - 31251 - INFO - Restart Total time: 0:10:58.973713
2025-12-06 03:22:04,339 - 31251 - INFO - Auto-confirmed services are restarted
2025-12-06 03:22:04,339 - 31251 - INFO - Confirmed - services are started
2025-12-06 03:22:04,455 - 31251 - INFO - The following instances have failed the patch: []
2025-12-06 03:22:04,455 - 31251 - INFO - No instances have failed the patch.
2025-12-06 03:22:04,456 - 31251 - INFO - Total Patch Process time: 0:17:02.067553
2025-12-06 03:22:04,754 - 31251 - INFO - Email sent successfully to ['a80af5b5.softeon.com@in.teams.ms', 'CloudOps@softeon.com']
2025-12-06 03:23:05,024 - 31251 - INFO - Log file ./logs/patching_2025-12-06_DIB-LEX-App.log uploaded to s3://q4-2025-aws-security-patching/DIB-LEX-App_Patch/2025-12-06/patching_2025-12-06_DIB-LEX-App.log
