2025-11-03 02:00:01,921 - 6498 - INFO - Logger setup has been removed, using shared logger from common.logs.logger.
2025-11-03 02:00:01,921 - 6498 - INFO - Script Start Time: 2025-11-03 02:00:01
2025-11-03 02:00:02,789 - 6498 - INFO - Instance(s) selected for Patching: {'i-0fc874c0001819e39': '172.30.166.20'}
2025-11-03 02:00:02,914 - 6498 - INFO - Email sent successfully to ['adityak@softeon.com', 'a80af5b5.softeon.com@in.teams.ms', 'ITSupport@softeon.com']
2025-11-03 02:00:02,914 - 6498 - INFO - Now patching instances at: 2025-11-03 02:00:02
2025-11-03 02:00:03,031 - 6498 - INFO - Sending patch command to instance i-0fc874c0001819e39
2025-11-03 02:00:03,246 - 6498 - INFO - Command sent successfully to instance i-0fc874c0001819e39. Command ID: be69ff2c-6f05-411b-9bcf-f20fed2648dd
2025-11-03 02:05:35,208 - 6498 - INFO - All patches applied successfully.
2025-11-03 02:05:35,208 - 6498 - INFO - Patching end time: 2025-11-03 02:05:35
2025-11-03 02:05:35,208 - 6498 - INFO - Patch Elapsed time: 0:05:32.294177
2025-11-03 02:05:35,286 - 6498 - INFO - Email sent successfully to ['adityak@softeon.com', 'a80af5b5.softeon.com@in.teams.ms', 'ITSupport@softeon.com']
2025-11-03 02:05:35,286 - 6498 - INFO - Confirmed - services are stopped
2025-11-03 02:05:43,888 - 6498 - INFO - Discovered TG map: {'i-0fc874c0001819e39': ['arn:aws:elasticloadbalancing:us-east-2:835314132208:targetgroup/Hayes-UAT-API/5144675bce55de62', 'arn:aws:elasticloadbalancing:us-east-2:835314132208:targetgroup/Hayes-UAT-Config/a48ae342d7a00a91', 'arn:aws:elasticloadbalancing:us-east-2:835314132208:targetgroup/Hayes-UAT-WS-Ext/82a0dc99ed41c131', 'arn:aws:elasticloadbalancing:us-east-2:835314132208:targetgroup/HayesN-UAT-Desktop/d93fffdc80cc315e', 'arn:aws:elasticloadbalancing:us-east-2:835314132208:targetgroup/HayesN-UAT-RF/469164ee0a570225', 'arn:aws:elasticloadbalancing:us-east-2:835314132208:targetgroup/HayesN-UAT-SWP/fce4d4f09dfff016', 'arn:aws:elasticloadbalancing:us-east-2:835314132208:targetgroup/HayesN-UAT-WS/52f5be484838e21b', 'arn:aws:elasticloadbalancing:us-east-2:835314132208:targetgroup/HayesN-UAT-WS-8087/24fdc08b0a68e242']}
2025-11-03 02:05:44,200 - 6498 - INFO - Sent app_validation.sh to i-0fc874c0001819e39 (command_id: ae0c896a-5257-439e-bea2-6c55b8a1f71d)
2025-11-03 02:06:14,276 - 6498 - INFO - app_validation.sh output for i-0fc874c0001819e39:

==============================================================================
Server Availability Check Started at Mon Nov  3 07:05:44 UTC 2025
==============================================================================

-------------------------------------
Server IP : 172.30.166.20
-------------------------------------
System Information
------------------
Hostname: ip-172-30-166-20.us-east-2.compute.internal
Uptime: up 16 weeks, 5 days, 43 minutes
Current User: root
Working Directory: /usr/bin
-------------------------------------
Voice Console URL: http://172.30.166.20:9090/VoiceConsole
-------------------------------------

-------------------------------------
Server IP : 172.30.166.20
-------------------------------------
Physical Memory Information
---------------------------
Total Physical Memory = 31379 MB
Used Physical Memory  = 15498 MB
Free Physical Memory  = 15881 MB
-------------------------------------
Swap Memory Information
-----------------------
Total Swap Memory = 10239 MB
Used Swap Memory  = 3422 MB
Free Swap Memory  = 6817 MB
-------------------------------------
Load Average: 0.74 0.88 0.43 1/1390 2124857
-------------------------------------

Disk Usage Information
----------------------
Filesystem             Size  Used Avail Use% Mounted on
/dev/nvme0n1p1          20G  5.8G   15G  29% /
/dev/nvme0n1p128        10M  1.3M  8.7M  13% /boot/efi
/dev/mapper/vg01-lv02  240G  158G   83G  66% /data
devtmpfs               4.0M     0  4.0M   0% /dev
tmpfs                   16G     0   16G   0% /dev/shm
tmpfs                  6.2G  8.8M  6.2G   1% /run
tmpfs                  3.1G     0  3.1G   0% /run/user/2001
tmpfs                  3.1G     0  3.1G   0% /run/user/2002
tmpfs                   16G  130M   16G   1% /tmp
-------------------------------------

Application Port Validation for Server IP: 172.30.166.20 started on Mon Nov  3 07:05:44 UTC 2025

Server IP: 172.30.166.20 is reachable.

SSH Service (Port 22) Status:
SSH Service (Port 22): NOT REACHABLE
-------------------------------------

FTP Service Validation for Server IP: 172.30.166.20

FTP Service (Port 21): NOT REACHABLE
No FTP processes detected
-------------------------------------

CUPS Service Validation for Server IP: 172.30.166.20

CUPS Service (Port 631): NOT REACHABLE

Printer Configuration:
Total Printers Configured: 17
Printer Details:
printer HIP0001 is idle.  enabled since Thu Oct 30 17:52:26 2025
printer HIP0002 is idle.  enabled since Thu Oct 30 18:02:14 2025
printer HIP0003 is idle.  enabled since Thu Oct 30 17:53:02 2025
printer HIP0004 is idle.  enabled since Thu Oct 30 17:54:21 2025
printer HIP0005 is idle.  enabled since Thu Oct 30 17:53:27 2025
printer HIP0006 is idle.  enabled since Thu Oct 30 17:53:33 2025
printer HIP0007 is idle.  enabled since Thu Oct 30 17:56:51 2025
printer HIP0008 is idle.  enabled since Thu Oct 30 20:53:42 2025
printer HIP0009 is idle.  enabled since Fri Oct 31 18:53:38 2025
printer HIP0010 is idle.  enabled since Thu Oct 30 17:53:44 2025
printer HIP0011 is idle.  enabled since Thu Oct 30 17:53:49 2025
printer HIP0012 is idle.  enabled since Thu Oct 30 17:20:24 2025
printer HIP0013 is idle.  enabled since Thu Oct 30 17:45:27 2025
printer UAT_ZEBRA1 now printing UAT_ZEBRA1-738.  enabled since Mon Nov  3 07:01:51 2025
	The printer is unreachable at this time.
printer UAT_ZEBRA2 is idle.  enabled since Thu Oct 30 17:53:55 2025
printer UAT_ZEBRA3 is idle.  enabled since Fri Oct 31 02:15:34 2025
-------------------------------------
CUPS Service (Port 631): NOT REACHABLE on 172.30.166.20
-------------------------------------

Total number of Java process running on this host 172.30.166.20 is 26
Total number of Daemon / Batch (java) application process available is 20

Daemon Process id and name details are given below
Process ID: 1367707, Process Name: 3:11
Process ID: 1367845, Process Name: 4:31
Process ID: 1366611, Process Name: 3:47
Process ID: 1366667, Process Name: 2:47
Process ID: 1366727, Process Name: 3:19
Process ID: 1366795, Process Name: 2:43
Process ID: 1366851, Process Name: 2:56
Process ID: 1366918, Process Name: 2:51
Process ID: 1367554, Process Name: 23:20
Process ID: 1367778, Process Name: 2:21
Process ID: 1367419, Process Name: 4:35
Process ID: 1366987, Process Name: 3:20
Process ID: 1367049, Process Name: 6:34
Process ID: 1367193, Process Name: 14:51
Process ID: 1367125, Process Name: 7:30
Process ID: 1367270, Process Name: 3:41
Process ID: 1367345, Process Name: 4:54
Process ID: 1367484, Process Name: 11:46
Process ID: 1367634, Process Name: 2:41
Process ID: 3099477, Process Name: hayesuat_api
-------------------------------------

-------------------------------------
Total number of App process running on this host 172.30.166.20
Total number of App java process available is 4
-------------------------------------
App Process details:
Process ID: 1370891, Process Name: 18:36
Process ID: 1371047, Process Name: 17:30
Process ID: 1371287, Process Name: 16:03
Process ID: 3100256, Process Name: hayesnwswp_jb80
-------------------------------------

Web Application Port Validation for Server IP: 172.30.166.20
Port 8084:	hayesnew_jb	Running
Port 8085:	hayesnwrf_j	Running
Port 8086:	hayesnwswp_	Running
Port 8087:	hayesnewws_	Running
Port 8091:	hayesnewws_	Not Running
-------------------------------------

==============================================================================
Server Availability Check Completed at Mon Nov  3 07:05:54 UTC 2025
==============================================================================


2025-11-03 02:06:14,276 - 6498 - ERROR - app_validation.sh errors for i-0fc874c0001819e39:

2025-11-03 02:06:14,278 - 6498 - INFO - Before patching validation saved to: output/validation-2025-11-03/172.30.166.20-BeforePatching-2025-11-03-02-06-14-277.log
2025-11-03 02:06:14,278 - 6498 - INFO - Deregistering i-0fc874c0001819e39 from TG arn:aws:elasticloadbalancing:us-east-2:835314132208:targetgroup/Hayes-UAT-API/5144675bce55de62
2025-11-03 02:06:14,383 - 6498 - INFO - Deregistering i-0fc874c0001819e39 from TG arn:aws:elasticloadbalancing:us-east-2:835314132208:targetgroup/Hayes-UAT-Config/a48ae342d7a00a91
2025-11-03 02:06:14,437 - 6498 - INFO - Deregistering i-0fc874c0001819e39 from TG arn:aws:elasticloadbalancing:us-east-2:835314132208:targetgroup/Hayes-UAT-WS-Ext/82a0dc99ed41c131
2025-11-03 02:06:14,492 - 6498 - INFO - Deregistering i-0fc874c0001819e39 from TG arn:aws:elasticloadbalancing:us-east-2:835314132208:targetgroup/HayesN-UAT-Desktop/d93fffdc80cc315e
2025-11-03 02:06:14,545 - 6498 - INFO - Deregistering i-0fc874c0001819e39 from TG arn:aws:elasticloadbalancing:us-east-2:835314132208:targetgroup/HayesN-UAT-RF/469164ee0a570225
2025-11-03 02:06:14,604 - 6498 - INFO - Deregistering i-0fc874c0001819e39 from TG arn:aws:elasticloadbalancing:us-east-2:835314132208:targetgroup/HayesN-UAT-SWP/fce4d4f09dfff016
2025-11-03 02:06:14,656 - 6498 - INFO - Deregistering i-0fc874c0001819e39 from TG arn:aws:elasticloadbalancing:us-east-2:835314132208:targetgroup/HayesN-UAT-WS/52f5be484838e21b
2025-11-03 02:06:14,706 - 6498 - INFO - Deregistering i-0fc874c0001819e39 from TG arn:aws:elasticloadbalancing:us-east-2:835314132208:targetgroup/HayesN-UAT-WS-8087/24fdc08b0a68e242
2025-11-03 02:06:14,758 - 6498 - INFO - Stopping EC2 instance: i-0fc874c0001819e39 at 2025-11-03 02:06:14
2025-11-03 02:08:01,160 - 6498 - INFO - Instance i-0fc874c0001819e39 stopped successfully.
2025-11-03 02:08:01,321 - 6498 - INFO - Stopped i-0fc874c0001819e39 in 0:01:46.563057
2025-11-03 02:08:01,321 - 6498 - INFO - Starting EC2 instance: i-0fc874c0001819e39
2025-11-03 02:08:16,968 - 6498 - INFO - Instance i-0fc874c0001819e39 started successfully.
2025-11-03 02:08:16,968 - 6498 - INFO - Waiting 30 seconds for SSM agent to be ready on i-0fc874c0001819e39...
2025-11-03 02:08:46,998 - 6498 - INFO - Registering i-0fc874c0001819e39 to TG arn:aws:elasticloadbalancing:us-east-2:835314132208:targetgroup/Hayes-UAT-API/5144675bce55de62
2025-11-03 02:08:47,209 - 6498 - INFO - Registering i-0fc874c0001819e39 to TG arn:aws:elasticloadbalancing:us-east-2:835314132208:targetgroup/Hayes-UAT-Config/a48ae342d7a00a91
2025-11-03 02:08:47,359 - 6498 - INFO - Registering i-0fc874c0001819e39 to TG arn:aws:elasticloadbalancing:us-east-2:835314132208:targetgroup/Hayes-UAT-WS-Ext/82a0dc99ed41c131
2025-11-03 02:08:47,500 - 6498 - INFO - Registering i-0fc874c0001819e39 to TG arn:aws:elasticloadbalancing:us-east-2:835314132208:targetgroup/HayesN-UAT-Desktop/d93fffdc80cc315e
2025-11-03 02:08:47,646 - 6498 - INFO - Registering i-0fc874c0001819e39 to TG arn:aws:elasticloadbalancing:us-east-2:835314132208:targetgroup/HayesN-UAT-RF/469164ee0a570225
2025-11-03 02:08:47,811 - 6498 - INFO - Registering i-0fc874c0001819e39 to TG arn:aws:elasticloadbalancing:us-east-2:835314132208:targetgroup/HayesN-UAT-SWP/fce4d4f09dfff016
2025-11-03 02:08:47,951 - 6498 - INFO - Registering i-0fc874c0001819e39 to TG arn:aws:elasticloadbalancing:us-east-2:835314132208:targetgroup/HayesN-UAT-WS/52f5be484838e21b
2025-11-03 02:08:48,092 - 6498 - INFO - Registering i-0fc874c0001819e39 to TG arn:aws:elasticloadbalancing:us-east-2:835314132208:targetgroup/HayesN-UAT-WS-8087/24fdc08b0a68e242
2025-11-03 02:15:19,357 - 6498 - WARNING - i-0fc874c0001819e39 not healthy in arn:aws:elasticloadbalancing:us-east-2:835314132208:targetgroup/Hayes-UAT-Config/a48ae342d7a00a91 after timeout.
2025-11-03 02:20:20,263 - 6498 - WARNING - i-0fc874c0001819e39 not healthy in arn:aws:elasticloadbalancing:us-east-2:835314132208:targetgroup/Hayes-UAT-WS-Ext/82a0dc99ed41c131 after timeout.
2025-11-03 02:25:21,117 - 6498 - WARNING - i-0fc874c0001819e39 not healthy in arn:aws:elasticloadbalancing:us-east-2:835314132208:targetgroup/HayesN-UAT-WS/52f5be484838e21b after timeout.
2025-11-03 02:30:21,859 - 6498 - WARNING - i-0fc874c0001819e39 not healthy in arn:aws:elasticloadbalancing:us-east-2:835314132208:targetgroup/HayesN-UAT-WS-8087/24fdc08b0a68e242 after timeout.
2025-11-03 02:30:21,962 - 6498 - INFO - Email sent successfully to ['adityak@softeon.com', 'ITSupport@softeon.com']
2025-11-03 02:30:21,963 - 6498 - ERROR - Aborting workflow: i-0fc874c0001819e39 is not healthy after restart.
2025-11-03 02:30:21,965 - 6498 - INFO - Restart Total time: 0:24:46.553454
2025-11-03 02:30:21,965 - 6498 - INFO - Auto-confirmed services are restarted
2025-11-03 02:30:21,966 - 6498 - INFO - Confirmed - services are started
2025-11-03 02:30:22,084 - 6498 - INFO - The following instances have failed the patch: []
2025-11-03 02:30:22,085 - 6498 - INFO - No instances have failed the patch.
2025-11-03 02:30:22,085 - 6498 - INFO - Total Patch Process time: 0:30:20.162721
2025-11-03 02:30:22,263 - 6498 - INFO - Email sent successfully to ['adityak@softeon.com', 'a80af5b5.softeon.com@in.teams.ms', 'ITSupport@softeon.com']
2025-11-03 02:31:22,496 - 6498 - INFO - Log file ./logs/patching_2025-11-03_Hayes-UAT.log uploaded to s3://q4-2025-aws-security-patching/Hayes-UAT_Patch/2025-11-03/patching_2025-11-03_Hayes-UAT.log
