2025-12-13 02:40:02,419 - 1085 - INFO - Logger setup has been removed, using shared logger from common.logs.logger.
2025-12-13 02:40:02,419 - 1085 - INFO - Script Start Time: 2025-12-13 02:40:02
2025-12-13 02:40:02,690 - 1085 - INFO - Instance(s) selected for Patching: {'i-0c8acbfa0e72a2bad': '172.30.134.119'}
2025-12-13 02:40:02,796 - 1085 - INFO - Email sent successfully to ['a80af5b5.softeon.com@in.teams.ms', 'CloudOps@softeon.com']
2025-12-13 02:40:02,796 - 1085 - INFO - Now patching instances at: 2025-12-13 02:40:02
2025-12-13 02:40:02,851 - 1085 - INFO - Sending patch command to instance i-0c8acbfa0e72a2bad
2025-12-13 02:40:03,061 - 1085 - INFO - Command sent successfully to instance i-0c8acbfa0e72a2bad. Command ID: a0166acb-516b-40cf-8ab7-e1649d76d1b7
2025-12-13 02:46:34,888 - 1085 - INFO - All patches applied successfully.
2025-12-13 02:46:34,888 - 1085 - INFO - Patching end time: 2025-12-13 02:46:34
2025-12-13 02:46:34,888 - 1085 - INFO - Patch Elapsed time: 0:06:32.092153
2025-12-13 02:46:34,974 - 1085 - INFO - Email sent successfully to ['a80af5b5.softeon.com@in.teams.ms', 'CloudOps@softeon.com']
2025-12-13 02:46:34,974 - 1085 - INFO - Confirmed - services are stopped
2025-12-13 02:46:43,337 - 1085 - INFO - Discovered TG map: {}
2025-12-13 02:46:43,623 - 1085 - INFO - Sent app_validation.sh to i-0c8acbfa0e72a2bad (command_id: 63255816-8498-465e-8472-2eda73a7f7ad)
2025-12-13 02:47:13,763 - 1085 - INFO - app_validation.sh output for i-0c8acbfa0e72a2bad:

==============================================================================
Server Availability Check Started at Sat Dec 13 07:46:43 UTC 2025
==============================================================================

-------------------------------------
Server IP : 172.30.134.119
-------------------------------------
System Information
------------------
Hostname: ip-172-30-134-119.us-east-2.compute.internal
Uptime: up 17 weeks, 6 days, 16 minutes
Current User: root
Working Directory: /usr/bin
-------------------------------------
Voice Console URL: http://172.30.134.119:9090/VoiceConsole
-------------------------------------

-------------------------------------
Server IP : 172.30.134.119
-------------------------------------
Physical Memory Information
---------------------------
Total Physical Memory = 15611 MB
Used Physical Memory  = 8894 MB
Free Physical Memory  = 6717 MB
-------------------------------------
Swap Memory Information
-----------------------
Total Swap Memory = 10239 MB
Used Swap Memory  = 2399 MB
Free Swap Memory  = 7840 MB
-------------------------------------
Load Average: 0.84 1.18 0.67 7/716 3121967
-------------------------------------

Disk Usage Information
----------------------
Filesystem                                 Size  Used Avail Use% Mounted on
/dev/nvme0n1p1                              20G  6.2G   14G  31% /
/dev/nvme0n1p128                            10M  1.3M  8.7M  13% /boot/efi
/dev/nvme1n1p2                             290G  202G   89G  70% /data
fs-d0ce27ab.efs.us-east-2.amazonaws.com:/  8.0E  1.2T  8.0E   1% /data2
devtmpfs                                   4.0M     0  4.0M   0% /dev
tmpfs                                      7.7G     0  7.7G   0% /dev/shm
tmpfs                                      3.1G  704K  3.1G   1% /run
tmpfs                                      1.6G     0  1.6G   0% /run/user/2001
tmpfs                                      1.6G     0  1.6G   0% /run/user/2002
tmpfs                                      7.7G  576K  7.7G   1% /tmp
-------------------------------------

Application Port Validation for Server IP: 172.30.134.119 started on Sat Dec 13 07:46:44 UTC 2025

Server IP: 172.30.134.119 is reachable.

SSH Service (Port 22) Status:
SSH Service (Port 22): NOT REACHABLE
-------------------------------------

FTP Service Validation for Server IP: 172.30.134.119

FTP Service (Port 21): NOT REACHABLE
No FTP processes detected
-------------------------------------

CUPS Service Validation for Server IP: 172.30.134.119

CUPS Service (Port 631): NOT REACHABLE

Printer Configuration:
Total Printers Configured: 151
Printer Details:
printer AVELABEL is idle.  enabled since Sat Dec 13 05:01:29 2025
	Waiting for printer to finish.
printer AVELASER is idle.  enabled since Fri Dec  5 05:32:00 2025
	Waiting for printer to finish.
printer CILAB1 is idle.  enabled since Sat Oct 25 00:15:35 2025
	Waiting for printer to finish.
printer CILAB2 is idle.  enabled since Tue Jan  9 16:32:46 2024
printer CILABLASER1 is idle.  enabled since Tue Nov  4 07:07:53 2025
	The printer is not responding.
printer CILABWPLBL1 is idle.  enabled since Wed Dec 10 21:51:22 2025
	The printer is not responding.
printer DUMMY_LABEL1 is idle.  enabled since Thu Mar 28 14:04:28 2024
printer FULFILLMENTLABEL is idle.  enabled since Tue Dec  2 15:53:30 2025
	Waiting for printer to finish.
printer FULFILLMENTLASER is idle.  enabled since Wed Dec 10 20:32:47 2025
	Waiting for printer to finish.
printer INCOMM2LASER is idle.  enabled since Tue Aug 12 17:44:55 2025
	Waiting for printer to finish.
printer INCOMM3LASER is idle.  enabled since Mon Dec  8 17:29:53 2025
	The printer is not responding.
printer INCOMM4LASER is idle.  enabled since Mon Dec  8 17:31:01 2025
	The printer is not responding.
printer INCOMM5LASER is idle.  enabled since Tue Dec  2 02:30:34 2025
	The printer is not responding.
printer INCOMMLABEL1 is idle.  enabled since Thu Dec 11 17:27:24 2025
	Waiting for printer to finish.
printer INCOMMLABEL10 is idle.  enabled since Wed Dec 10 14:01:40 2025
	Waiting for printer to finish.
printer INCOMMLABEL11 is idle.  enabled since Mon Nov 17 18:29:11 2025
	The printer is not responding.
printer INCOMMLABEL12 is idle.  enabled since Sat Nov 15 17:54:19 2025
	The printer is not responding.
printer INCOMMLABEL13 is idle.  enabled since Thu Oct  9 22:45:24 2025
	Waiting for printer to finish.
printer INCOMMLABEL2 is idle.  enabled since Tue Jan 21 12:41:13 2025
printer INCOMMLABEL20 is idle.  enabled since Wed Dec 10 18:26:55 2025
	Waiting for printer to finish.
printer INCOMMLABEL21 is idle.  enabled since Thu Dec  4 14:46:10 2025
	Waiting for printer to finish.
printer INCOMMLABEL22 is idle.  enabled since Tue Nov 25 21:32:51 2025
	Waiting for printer to finish.
printer INCOMMLABEL3 is idle.  enabled since Thu Jun 12 03:13:43 2025
printer INCOMMLABEL4 is idle.  enabled since Thu Aug 14 07:08:19 2025
printer INCOMMLABEL5 is idle.  enabled since Fri Dec 12 23:04:44 2025
	Waiting for printer to finish.
printer INCOMMLABEL6 is idle.  enabled since Fri Dec 12 19:38:26 2025
	Waiting for printer to finish.
printer INCOMMLABEL7 is idle.  enabled since Sat Dec  6 13:10:18 2025
	Waiting for printer to finish.
printer INCOMMLABEL8 is idle.  enabled since Sat Dec 13 00:26:52 2025
	Waiting for printer to finish.
printer INCOMMLABEL9 is idle.  enabled since Sun Nov 16 19:40:00 2025
	Waiting for printer to finish.
printer INCOMMLASER10 is idle.  enabled since Tue Dec  9 21:57:31 2025
	Waiting for printer to finish.
printer INCOMMLASER11 is idle.  enabled since Tue Oct  7 21:00:34 2025
	Waiting for printer to finish.
printer INCOMMLASER12 is idle.  enabled since Tue Aug 12 11:55:01 2025
	Waiting for printer to finish.
printer INCOMMLASER13 is idle.  enabled since Thu Jul 17 18:28:48 2025
printer INCOMMLASER20 is idle.  enabled since Fri Dec 12 18:36:31 2025
	Waiting for printer to finish.
printer INCOMMLASER21 is idle.  enabled since Thu Dec 11 21:03:28 2025
	Waiting for printer to finish.
printer INCOMMLASER22 is idle.  enabled since Sat Dec 13 06:42:10 2025
	Waiting for printer to finish.
printer INCOMMLASER6 is idle.  enabled since Fri Dec 12 22:34:32 2025
	Waiting for printer to finish.
printer INCOMMLASER7 is idle.  enabled since Fri Dec 12 20:04:39 2025
	Waiting for printer to finish.
printer INCOMMLASER8 is idle.  enabled since Sat Dec 13 00:29:31 2025
	Waiting for printer to finish.
printer INCOMMLASER9 is idle.  enabled since Tue Dec  9 21:23:09 2025
	Waiting for printer to finish.
printer KYOCERA is idle.  enabled since Mon Jul 28 21:08:49 2025
printer LBLCAGE14 is idle.  enabled since Thu Dec 11 13:13:37 2025
	Waiting for printer to finish.
printer LBLGEN05 is idle.  enabled since Fri Dec  5 13:44:17 2025
	Waiting for printer to finish.
printer LBLGEN06 is idle.  enabled since Fri Dec  5 20:36:43 2025
	Waiting for printer to finish.
printer LBLGEN07 is idle.  enabled since Sun Nov 23 23:07:41 2025
	Waiting for printer to finish.
printer LBLGEN08 is idle.  enabled since Mon Nov 24 00:20:57 2025
	Waiting for printer to finish.
printer LBLGEN09 is idle.  enabled since Thu Nov 13 23:06:29 2025
	Waiting for printer to finish.
printer LBLGEN10 is idle.  enabled since Wed Nov 12 17:24:07 2025
	Waiting for printer to finish.
printer LSRGEN05 is idle.  enabled since Sat Dec 13 05:49:44 2025
	Waiting for printer to finish.
printer LSRGEN06 is idle.  enabled since Sat Dec 13 00:31:15 2025
	Waiting for printer to finish.
printer LSRGEN07 is idle.  enabled since Sat Dec 13 05:49:49 2025
	Waiting for printer to finish.
printer LSRGEN08 is idle.  enabled since Sat Dec 13 05:49:49 2025
	Waiting for printer to finish.
printer LSRGEN09 is idle.  enabled since Fri Dec 12 22:06:25 2025
	Waiting for printer to finish.
printer LSRGEN10 is idle.  enabled since Fri Dec 12 22:09:46 2025
	Waiting for printer to finish.
printer LTLQCLBL1 is idle.  enabled since Fri Dec 12 14:17:34 2025
	Waiting for printer to finish.
printer LTLQCLBL2 is idle.  enabled since Mon Jan 27 13:22:31 2025
printer LTLQCLSR1 is idle.  enabled since Thu Jun 26 20:46:03 2025
printer MOBILEPRINTER1 is idle.  enabled since Tue Apr 16 19:27:17 2024
printer NPV1LBL is idle.  enabled since Fri Dec 12 20:57:30 2025
	Waiting for printer to finish.
printer NPV1LSR is idle.  enabled since Fri Dec 12 21:50:45 2025
	Waiting for printer to finish.
printer NPV2LBL is idle.  enabled since Fri Dec 12 04:26:35 2025
	Waiting for printer to finish.
printer NPV2LSR is idle.  enabled since Fri Dec 12 21:51:45 2025
	Print file sent.
printer NPV3LBL is idle.  enabled since Fri Dec 12 04:00:34 2025
	Print file sent.
printer NPVICLABEL1 is idle.  enabled since Thu Dec 11 15:57:44 2025
	Waiting for printer to finish.
printer NPVICLABEL2 is idle.  enabled since Fri Dec 12 18:12:13 2025
	Waiting for printer to finish.
printer NPVPROD1 is idle.  enabled since Wed Jan 10 03:50:31 2024
printer NPVRTN1 is idle.  enabled since Tue Oct 25 02:58:09 2022
printer NVP3LSR is idle.  enabled since Fri Dec 12 22:23:37 2025
	Waiting for printer to finish.
printer OFFICE is idle.  enabled since Fri Dec 12 19:26:51 2025
	Print file sent.
printer OFFICE1 is idle.  enabled since Fri Dec  5 16:04:29 2025
	Waiting for printer to finish.
printer OFFICE2 is idle.  enabled since Wed Oct  9 18:01:01 2024
printer PACK1LBL is idle.  enabled since Fri Mar 21 02:02:18 2025
printer PACK2LASER is idle.  enabled since Fri Dec 12 21:26:24 2025
	Waiting for printer to finish.
printer PACK2LBL is idle.  enabled since Fri Dec 12 19:23:52 2025
	Waiting for printer to finish.
printer PACK3LASER is idle.  enabled since Sat Dec 13 06:47:41 2025
	Waiting for printer to finish.
printer PACK3LBL is idle.  enabled since Wed Nov  5 23:57:42 2025
	Waiting for printer to finish.
printer PLANTRA is idle.  enabled since Wed Nov 19 13:57:55 2025
	Waiting for printer to finish.
printer PLANTRALASER is idle.  enabled since Fri Dec 12 22:08:51 2025
	Waiting for printer to finish.
printer PORDESK is idle.  enabled since Wed Oct  9 15:00:30 2024
printer RCVCAGELBL is idle.  enabled since Mon Dec  1 20:24:09 2025
	Waiting for printer to finish.
printer RCVLABEL1 is idle.  enabled since Fri Dec 12 14:44:37 2025
	Waiting for printer to finish.
printer RCVLSR is idle.  enabled since Tue Mar 25 15:02:27 2025
printer RECEPTIONDESK is idle.  enabled since Tue Mar 11 01:28:55 2025
printer SCNINC is idle.  enabled since Tue Jan  9 19:22:00 2024
printer TEST_PRT1 is idle.  enabled since Wed May  5 10:58:22 2021
-------------------------------------
CUPS Service (Port 631): NOT REACHABLE on 172.30.134.119
-------------------------------------

Total number of Java process running on this host 172.30.134.119 is 18
Total number of Daemon / Batch (java) application process available is 17

Daemon Process id and name details are given below
Process ID: 47782, Process Name: 48:16
Process ID: 46968, Process Name: 50:54
Process ID: 47014, Process Name: 19:03
Process ID: 47060, Process Name: 267:49
Process ID: 47730, Process Name: 190:18
Process ID: 47395, Process Name: 334:42
Process ID: 47624, Process Name: 11:09
Process ID: 47295, Process Name: 917:42
Process ID: 47106, Process Name: 33:37
Process ID: 47507, Process Name: 19:16
Process ID: 47198, Process Name: 40:26
Process ID: 47152, Process Name: 10:58
Process ID: 47245, Process Name: 75:06
Process ID: 47344, Process Name: 241:45
Process ID: 47675, Process Name: 120:37
Process ID: 47448, Process Name: 136:13
Process ID: 47837, Process Name: 155:42
-------------------------------------

-------------------------------------
Total number of App process running on this host 172.30.134.119
Total number of App java process available is 0
-------------------------------------
No Standalone application processes running
-------------------------------------

Web Application Port Validation for Server IP: 172.30.134.119
-------------------------------------

==============================================================================
Server Availability Check Completed at Sat Dec 13 07:46:46 UTC 2025
==============================================================================


2025-12-13 02:47:13,763 - 1085 - ERROR - app_validation.sh errors for i-0c8acbfa0e72a2bad:

2025-12-13 02:47:13,765 - 1085 - INFO - Before patching validation saved to: output/validation-2025-12-13/172.30.134.119-BeforePatching-2025-12-13-02-47-13-764.log
2025-12-13 02:47:13,766 - 1085 - INFO - Stopping EC2 instance: i-0c8acbfa0e72a2bad at 2025-12-13 02:47:13
2025-12-13 02:49:30,481 - 1085 - INFO - Instance i-0c8acbfa0e72a2bad stopped successfully.
2025-12-13 02:49:30,607 - 1085 - INFO - Stopped i-0c8acbfa0e72a2bad in 0:02:16.841798
2025-12-13 02:49:30,608 - 1085 - INFO - Starting EC2 instance: i-0c8acbfa0e72a2bad
2025-12-13 02:49:46,668 - 1085 - INFO - Instance i-0c8acbfa0e72a2bad started successfully.
2025-12-13 02:49:46,668 - 1085 - INFO - Waiting 30 seconds for SSM agent to be ready on i-0c8acbfa0e72a2bad...
2025-12-13 02:50:16,887 - 1085 - INFO - Sent app_validation.sh to i-0c8acbfa0e72a2bad (command_id: 2450973d-c19f-46b1-9621-a5833df2b16b)
2025-12-13 02:50:46,960 - 1085 - INFO - app_validation.sh output for i-0c8acbfa0e72a2bad:

==============================================================================
Server Availability Check Started at Sat Dec 13 07:50:17 UTC 2025
==============================================================================

-------------------------------------
Server IP : 172.30.134.119
-------------------------------------
System Information
------------------
Hostname: ip-172-30-134-119.us-east-2.compute.internal
Uptime: up 0 minutes
Current User: root
Working Directory: /usr/bin
-------------------------------------
Voice Console URL: http://172.30.134.119:9090/VoiceConsole
-------------------------------------

-------------------------------------
Server IP : 172.30.134.119
-------------------------------------
Physical Memory Information
---------------------------
Total Physical Memory = 15623 MB
Used Physical Memory  = 3372 MB
Free Physical Memory  = 12251 MB
-------------------------------------
Swap Memory Information
-----------------------
Total Swap Memory = 10239 MB
Used Swap Memory  = 0 MB
Free Swap Memory  = 10239 MB
-------------------------------------
Load Average: 26.00 6.62 2.22 57/524 4685
-------------------------------------

Disk Usage Information
----------------------
Filesystem                                 Size  Used Avail Use% Mounted on
/dev/nvme0n1p1                              20G  6.0G   14G  30% /
/dev/nvme0n1p128                            10M  1.3M  8.7M  13% /boot/efi
/dev/nvme1n1p2                             290G  201G   89G  70% /data
fs-d0ce27ab.efs.us-east-2.amazonaws.com:/  8.0E  1.2T  8.0E   1% /data2
devtmpfs                                   4.0M     0  4.0M   0% /dev
tmpfs                                      7.7G     0  7.7G   0% /dev/shm
tmpfs                                      3.1G  836K  3.1G   1% /run
tmpfs                                      1.6G     0  1.6G   0% /run/user/2001
tmpfs                                      7.7G  704K  7.7G   1% /tmp
-------------------------------------

Application Port Validation for Server IP: 172.30.134.119 started on Sat Dec 13 07:50:17 UTC 2025

Server IP: 172.30.134.119 is reachable.

SSH Service (Port 22) Status:
SSH Service (Port 22): NOT REACHABLE
-------------------------------------

FTP Service Validation for Server IP: 172.30.134.119

FTP Service (Port 21): NOT REACHABLE
No FTP processes detected
-------------------------------------

CUPS Service Validation for Server IP: 172.30.134.119

CUPS Service (Port 631): NOT REACHABLE

Printer Configuration:
Total Printers Configured: 0
-------------------------------------
CUPS Service (Port 631): NOT REACHABLE on 172.30.134.119
-------------------------------------

Total number of Java process running on this host 172.30.134.119 is 22
Total number of Daemon / Batch (java) application process available is 22

Daemon Process id and name details are given below
Process ID: 4273, Process Name: 0:01
Process ID: 4281, Process Name: 0:01
Process ID: 4250, Process Name: 0:01
Process ID: 4278, Process Name: 0:01
Process ID: 4269, Process Name: 0:01
Process ID: 4077, Process Name: 0:01
Process ID: 4243, Process Name: 0:01
Process ID: 4217, Process Name: 0:01
Process ID: 4237, Process Name: 0:01
Process ID: 4303, Process Name: 0:01
Process ID: 4282, Process Name: 0:01
Process ID: 4171, Process Name: 0:01
Process ID: 4224, Process Name: 0:01
Process ID: 4289, Process Name: 0:01
Process ID: 4301, Process Name: 0:01
Process ID: 4242, Process Name: 0:01
Process ID: 4031, Process Name: 0:01
Process ID: 4264, Process Name: 0:01
Process ID: 4274, Process Name: 0:01
Process ID: 4123, Process Name: 0:01
Process ID: 4221, Process Name: 0:01
Process ID: 4300, Process Name: 0:01
-------------------------------------

-------------------------------------
Total number of App process running on this host 172.30.134.119
Total number of App java process available is 0
-------------------------------------
No Standalone application processes running
-------------------------------------

Web Application Port Validation for Server IP: 172.30.134.119
-------------------------------------

==============================================================================
Server Availability Check Completed at Sat Dec 13 07:50:21 UTC 2025
==============================================================================


2025-12-13 02:50:46,960 - 1085 - ERROR - app_validation.sh errors for i-0c8acbfa0e72a2bad:

2025-12-13 02:50:46,962 - 1085 - INFO - After patching validation saved to: output/validation-2025-12-13/172.30.134.119-AfterPatching-2025-12-13-02-50-46-961.log
2025-12-13 02:50:47,001 - 1085 - INFO - Validation comparison report generated: output/validation-2025-12-13/172.30.134.119-Validation-details-2025-12-13-02-50-46-961.log
2025-12-13 02:50:47,076 - 1085 - INFO - Email sent successfully to ['CloudOps@softeon.com']
2025-12-13 02:50:47,077 - 1085 - INFO - HTML validation report email sent for i-0c8acbfa0e72a2bad
2025-12-13 02:50:47,205 - 1085 - INFO - Started i-0c8acbfa0e72a2bad in 0:01:16.597669
2025-12-13 02:50:47,206 - 1085 - INFO - All instances processed.
2025-12-13 02:50:47,208 - 1085 - INFO - Restart Total time: 0:04:12.108234
2025-12-13 02:50:47,208 - 1085 - INFO - Auto-confirmed services are restarted
2025-12-13 02:50:47,209 - 1085 - INFO - Confirmed - services are started
2025-12-13 02:50:47,310 - 1085 - INFO - The following instances have failed the patch: []
2025-12-13 02:50:47,311 - 1085 - INFO - No instances have failed the patch.
2025-12-13 02:50:47,311 - 1085 - INFO - Total Patch Process time: 0:10:44.891096
2025-12-13 02:50:47,476 - 1085 - INFO - Email sent successfully to ['a80af5b5.softeon.com@in.teams.ms', 'CloudOps@softeon.com']
2025-12-13 02:51:47,633 - 1085 - INFO - Log file ./logs/patching_2025-12-13_KSP-Production-Batch.log uploaded to s3://q4-2025-aws-security-patching/KSP-Production-Batch_Patch/2025-12-13/patching_2025-12-13_KSP-Production-Batch.log
