2025-10-09 00:10:02,586 - 28811 - INFO - Logger setup has been removed, using shared logger from common.logs.logger.
2025-10-09 00:10:02,586 - 28811 - INFO - Script Start Time: 2025-10-09 00:10:02
2025-10-09 00:10:02,780 - 28811 - INFO - Instance(s) selected for Patching: {'i-06333040b6824f96d': '172.22.20.43'}
2025-10-09 00:10:02,876 - 28811 - INFO - Email sent successfully to ['adityak@softeon.com', 'a80af5b5.softeon.com@in.teams.ms', 'ITSupport@softeon.com']
2025-10-09 00:10:02,877 - 28811 - INFO - Now patching instances at: 2025-10-09 00:10:02
2025-10-09 00:10:02,930 - 28811 - INFO - Sending patch command to instance i-06333040b6824f96d
2025-10-09 00:10:03,374 - 28811 - INFO - Command sent successfully to instance i-06333040b6824f96d. Command ID: 11cb3f56-7d7f-49b6-8bf2-ecb86c739dc9
2025-10-09 00:14:06,675 - 28811 - INFO - All patches applied successfully.
2025-10-09 00:14:06,676 - 28811 - INFO - Patching end time: 2025-10-09 00:14:06
2025-10-09 00:14:06,676 - 28811 - INFO - Patch Elapsed time: 0:04:03.798924
2025-10-09 00:14:06,756 - 28811 - INFO - Email sent successfully to ['adityak@softeon.com', 'a80af5b5.softeon.com@in.teams.ms', 'ITSupport@softeon.com']
2025-10-09 00:14:06,756 - 28811 - INFO - Confirmed - services are stopped
2025-10-09 00:14:11,882 - 28811 - INFO - Discovered TG map: {'i-06333040b6824f96d': ['arn:aws:elasticloadbalancing:eu-west-1:835314132208:targetgroup/UMG-DOMS-NEW-UAT-EXT/12513b415fe1bec1', 'arn:aws:elasticloadbalancing:eu-west-1:835314132208:targetgroup/UMG-DOMS-NEW-UAT-WS/28f53c897b2c4eeb']}
2025-10-09 00:14:12,376 - 28811 - INFO - Sent app_validation.sh to i-06333040b6824f96d (command_id: d72b3f16-33fa-4a8e-8abb-00844acc6b5f)
2025-10-09 00:14:42,737 - 28811 - INFO - app_validation.sh output for i-06333040b6824f96d:

==============================================================================
Server Availability Check Started at Thu Oct  9 04:14:12 UTC 2025
==============================================================================

-------------------------------------
Server IP : 172.22.20.43
-------------------------------------
System Information
------------------
Hostname: ip-172-22-20-43.eu-west-1.compute.internal
Uptime: up 12 weeks, 4 days, 23 hours, 19 minutes
Current User: root
Working Directory: /usr/bin
-------------------------------------
Voice Console URL: http://172.22.20.43:9090/VoiceConsole
-------------------------------------

-------------------------------------
Server IP : 172.22.20.43
-------------------------------------
Physical Memory Information
---------------------------
Total Physical Memory = 15611 MB
Used Physical Memory  = 13477 MB
Free Physical Memory  = 2134 MB
-------------------------------------
Swap Memory Information
-----------------------
Total Swap Memory = 10239 MB
Used Swap Memory  = 4653 MB
Free Swap Memory  = 5586 MB
-------------------------------------
Load Average: 1.31 1.54 0.87 1/1259 272037
-------------------------------------

Disk Usage Information
----------------------
Filesystem                             Size  Used Avail Use% Mounted on
/dev/nvme0n1p1                          20G  5.6G   15G  29% /
/dev/nvme0n1p128                        10M  1.3M  8.7M  13% /boot/efi
/dev/nvme1n1p2                         290G  176G  115G  61% /data
172.22.20.13:/data/sftpuser/umgomsuat  290G  135G  156G  47% /data/sftpuser/umgomsuat
devtmpfs                               4.0M     0  4.0M   0% /dev
tmpfs                                  7.7G     0  7.7G   0% /dev/shm
tmpfs                                  3.1G  720K  3.1G   1% /run
tmpfs                                  1.6G     0  1.6G   0% /run/user/2001
tmpfs                                  7.7G  1.7M  7.7G   1% /tmp
-------------------------------------

Application Port Validation for Server IP: 172.22.20.43 started on Thu Oct  9 04:14:12 UTC 2025

Server IP: 172.22.20.43 is reachable.

SSH Service (Port 22) Status:
SSH Service (Port 22): NOT REACHABLE
-------------------------------------

FTP Service Validation for Server IP: 172.22.20.43

FTP Service (Port 21): NOT REACHABLE
No FTP processes detected
-------------------------------------

CUPS Service Validation for Server IP: 172.22.20.43

CUPS Service (Port 631): NOT REACHABLE

Printer Configuration:
Total Printers Configured: 0
-------------------------------------
CUPS Service (Port 631): NOT REACHABLE on 172.22.20.43
-------------------------------------

Total number of Java process running on this host 172.22.20.43 is 52
Total number of Daemon / Batch (java) application process available is 51

Daemon Process id and name details are given below
Process ID: 40462, Process Name: 1:08
Process ID: 40720, Process Name: 0:43
Process ID: 40511, Process Name: 0:43
Process ID: 40561, Process Name: 0:51
Process ID: 40613, Process Name: 0:43
Process ID: 40667, Process Name: 0:42
Process ID: 40771, Process Name: 0:45
Process ID: 40821, Process Name: 0:42
Process ID: 40879, Process Name: 0:43
Process ID: 40940, Process Name: 0:43
Process ID: 40991, Process Name: 0:42
Process ID: 41107, Process Name: 0:51
Process ID: 41156, Process Name: 0:42
Process ID: 41254, Process Name: 0:37
Process ID: 40205, Process Name: 6:53
Process ID: 39572, Process Name: 7:37
Process ID: 39853, Process Name: 1:07
Process ID: 40409, Process Name: 2:32
Process ID: 41350, Process Name: 0:55
Process ID: 41450, Process Name: 1:00
Process ID: 39303, Process Name: 1:01
Process ID: 39393, Process Name: 10:47
Process ID: 39348, Process Name: 4:41
Process ID: 39433, Process Name: 0:46
Process ID: 39480, Process Name: 0:54
Process ID: 39525, Process Name: 7:40
Process ID: 41614, Process Name: 0:43
Process ID: 39258, Process Name: 1:47
Process ID: 41206, Process Name: 3:13
Process ID: 39613, Process Name: 2:27
Process ID: 41557, Process Name: 0:41
Process ID: 39660, Process Name: 0:48
Process ID: 39998, Process Name: 1:03
Process ID: 39948, Process Name: 1:56
Process ID: 39706, Process Name: 0:45
Process ID: 39756, Process Name: 1:41
Process ID: 39806, Process Name: 1:08
Process ID: 39900, Process Name: 0:51
Process ID: 40054, Process Name: 1:42
Process ID: 41667, Process Name: 0:59
Process ID: 40105, Process Name: 10:20
Process ID: 40154, Process Name: 6:13
Process ID: 40254, Process Name: 0:49
Process ID: 41718, Process Name: 1:07
Process ID: 41772, Process Name: 1:13
Process ID: 40310, Process Name: 1:02
Process ID: 41506, Process Name: 0:42
Process ID: 39213, Process Name: 0:54
Process ID: 40358, Process Name: 2:32
Process ID: 41302, Process Name: 0:55
Process ID: 41398, Process Name: 1:09
-------------------------------------

-------------------------------------
Total number of App process running on this host 172.22.20.43
Total number of App java process available is 1
-------------------------------------
App Process details:
Process ID: 42268, Process Name: 49:55
-------------------------------------

Web Application Port Validation for Server IP: 172.22.20.43
Port 8080:	umgomsuat_jb7	Running
-------------------------------------

==============================================================================
Server Availability Check Completed at Thu Oct  9 04:14:16 UTC 2025
==============================================================================


2025-10-09 00:14:42,737 - 28811 - ERROR - app_validation.sh errors for i-06333040b6824f96d:

2025-10-09 00:14:42,739 - 28811 - INFO - Before patching validation saved to: output/validation-2025-10-09/172.22.20.43-BeforePatching-2025-10-09-00-14-42-738.log
2025-10-09 00:14:42,739 - 28811 - INFO - Deregistering i-06333040b6824f96d from TG arn:aws:elasticloadbalancing:eu-west-1:835314132208:targetgroup/UMG-DOMS-NEW-UAT-EXT/12513b415fe1bec1
2025-10-09 00:14:43,080 - 28811 - INFO - Deregistering i-06333040b6824f96d from TG arn:aws:elasticloadbalancing:eu-west-1:835314132208:targetgroup/UMG-DOMS-NEW-UAT-WS/28f53c897b2c4eeb
2025-10-09 00:14:43,186 - 28811 - INFO - Stopping EC2 instance: i-06333040b6824f96d at 2025-10-09 00:14:43
2025-10-09 00:17:46,086 - 28811 - INFO - Instance i-06333040b6824f96d stopped successfully.
2025-10-09 00:17:46,221 - 28811 - INFO - Stopped i-06333040b6824f96d in 0:03:03.034487
2025-10-09 00:17:46,221 - 28811 - INFO - Starting EC2 instance: i-06333040b6824f96d
2025-10-09 00:18:02,049 - 28811 - INFO - Instance i-06333040b6824f96d started successfully.
2025-10-09 00:18:02,049 - 28811 - INFO - Waiting 30 seconds for SSM agent to be ready on i-06333040b6824f96d...
2025-10-09 00:18:32,067 - 28811 - INFO - Registering i-06333040b6824f96d to TG arn:aws:elasticloadbalancing:eu-west-1:835314132208:targetgroup/UMG-DOMS-NEW-UAT-EXT/12513b415fe1bec1
2025-10-09 00:18:32,491 - 28811 - INFO - Registering i-06333040b6824f96d to TG arn:aws:elasticloadbalancing:eu-west-1:835314132208:targetgroup/UMG-DOMS-NEW-UAT-WS/28f53c897b2c4eeb
2025-10-09 00:23:34,311 - 28811 - WARNING - i-06333040b6824f96d not healthy in arn:aws:elasticloadbalancing:eu-west-1:835314132208:targetgroup/UMG-DOMS-NEW-UAT-EXT/12513b415fe1bec1 after timeout.
2025-10-09 00:28:35,931 - 28811 - WARNING - i-06333040b6824f96d not healthy in arn:aws:elasticloadbalancing:eu-west-1:835314132208:targetgroup/UMG-DOMS-NEW-UAT-WS/28f53c897b2c4eeb after timeout.
2025-10-09 00:28:36,027 - 28811 - INFO - Email sent successfully to ['adityak@softeon.com', 'ITSupport@softeon.com']
2025-10-09 00:28:36,027 - 28811 - ERROR - Aborting workflow: i-06333040b6824f96d is not healthy after restart.
2025-10-09 00:28:36,030 - 28811 - INFO - Restart Total time: 0:14:29.158173
2025-10-09 00:28:36,030 - 28811 - INFO - Auto-confirmed services are restarted
2025-10-09 00:28:36,030 - 28811 - INFO - Confirmed - services are started
2025-10-09 00:28:36,160 - 28811 - INFO - The following instances have failed the patch: []
2025-10-09 00:28:36,160 - 28811 - INFO - No instances have failed the patch.
2025-10-09 00:28:36,160 - 28811 - INFO - Total Patch Process time: 0:18:33.573644
2025-10-09 00:28:36,354 - 28811 - INFO - Email sent successfully to ['adityak@softeon.com', 'a80af5b5.softeon.com@in.teams.ms', 'ITSupport@softeon.com']
2025-10-09 00:29:36,628 - 28811 - INFO - Log file ./logs/patching_2025-10-09_umg-oms-eu-uat.log uploaded to s3://q4-2025-aws-security-patching/umg-oms-eu-uat_Patch/2025-10-09/patching_2025-10-09_umg-oms-eu-uat.log
